{
  "status": "BALANCED_0D_TARGET_NOT_REACHED",
  "last_candidate": {
    "s_O1": 177137796.28042835,
    "s_O2": 0.8929442543589649,
    "mu_pa_s": 0.00345312,
    "distal_reference_pa": 0.0,
    "o3_mode": "legacy_reference",
    "terminal_resistance_O3_pa_s_m3": null
  },
  "fractions": [
    0.1616970483829675,
    0.38050842552627867,
    0.45779452609062865
  ],
  "balance": {
    "mean_fraction": 0.33333333333329157,
    "target_mean_fraction": 0.3333333333333333,
    "max_abs_deviation": 0.17163628495036581,
    "flow_fraction_range": 0.29609747770766115,
    "flow_fraction_std": 0.12539948449860108
  },
  "ratio_bound": 0.35320878510001563,
  "equal_split_required_P_O1_pa": -795.609843549542,
  "CFD_runs": 0
}
