=============================================================================================
                         Configuring PETSc to compile on your system
=============================================================================================
=============================================================================================
                                     ***** WARNING *****
  Using default C optimization flags "-g -O". You might consider manually setting optimal
  optimization flags for your system with COPTFLAGS="optimization flags" see
  config/examples/arch-*-opt.py for examples
=============================================================================================
=============================================================================================
                                     ***** WARNING *****
  Using default Cxx optimization flags "-g -O". You might consider manually setting optimal
  optimization flags for your system with CXXOPTFLAGS="optimization flags" see
  config/examples/arch-*-opt.py for examples
=============================================================================================
=============================================================================================
                                     ***** WARNING *****
  Using default CUDA optimization flags "-O3". You might consider manually setting optimal
  optimization flags for your system with CUDAOPTFLAGS="optimization flags" see
  config/examples/arch-*-opt.py for examples
=============================================================================================
Compilers:
  C Compiler:  /workspace/formal_3D_flow_solver_FEM_SimVascular_lzy/sv1_3l/external/gpu_mpi_fortran/bin/mpicc  -fPIC -Wall -Wwrite-strings -Wno-unknown-pragmas -Wno-lto-type-mismatch -Wno-stringop-overflow -fstack-protector -fvisibility=hidden -g -O 
    Version: gcc-12 (Ubuntu 12.4.0-2ubuntu1~24.04.1) 12.4.0
  CUDA Compiler:  /usr/local/cuda/bin/nvcc  -ccbin /workspace/formal_3D_flow_solver_FEM_SimVascular_lzy/sv1_3l/external/gpu_mpi_fortran/bin/mpicxx -std=c++20 -Xcompiler -fPIC -Xcompiler -fvisibility=hidden -O3 
    Version: Cuda compilation tools, release 13.2, V13.2.86
  C++ Compiler:  /workspace/formal_3D_flow_solver_FEM_SimVascular_lzy/sv1_3l/external/gpu_mpi_fortran/bin/mpicxx  -Wall -Wwrite-strings -Wno-strict-aliasing -Wno-unknown-pragmas -Wno-psabi -Wno-lto-type-mismatch -fstack-protector -fvisibility=hidden -g -O  -std=c++17 -fPIC 
    Version: g++-12 (Ubuntu 12.4.0-2ubuntu1~24.04.1) 12.4.0
Linkers:
  Shared linker:   /workspace/formal_3D_flow_solver_FEM_SimVascular_lzy/sv1_3l/external/gpu_mpi_fortran/bin/mpicc  -shared  -fPIC -Wall -Wwrite-strings -Wno-unknown-pragmas -Wno-lto-type-mismatch -Wno-stringop-overflow -fstack-protector -fvisibility=hidden -g -O
  Dynamic linker:   /workspace/formal_3D_flow_solver_FEM_SimVascular_lzy/sv1_3l/external/gpu_mpi_fortran/bin/mpicc  -shared  -fPIC -Wall -Wwrite-strings -Wno-unknown-pragmas -Wno-lto-type-mismatch -Wno-stringop-overflow -fstack-protector -fvisibility=hidden -g -O
  Libraries linked against:   
Intel instruction sets found on CPU:
  AVX2
  AVX512: avx512f avx512dq avx512ifma avx512cd avx512bw avx512vl avx512_bf16 avx512vbmi avx512_vbmi2 avx512_vnni avx512_bitalg avx512_vpopcntdq
Python:
  Executable: /usr/bin/python3
BlasLapack:
  Libraries:  -Wl,-rpath,/workspace/formal_3D_flow_solver_FEM_SimVascular_lzy/sv1_3j/external/compat_cuda/system-lib -L/workspace/formal_3D_flow_solver_FEM_SimVascular_lzy/sv1_3j/external/compat_cuda/system-lib -llapack -lblas
  Unknown if this uses OpenMP (try export OMP_NUM_THREADS=<1-4> yourprogram -log_view) 
  uses 4 byte integers
MPI:
  Version:    3
  mpiexec: /workspace/formal_3D_flow_solver_FEM_SimVascular_lzy/sv1_3l/scripts/run_gpu_mpi_fortran.sh
  Implementation: openmpi
  OMPI_VERSION: 4.1.6
pthread:
CMake:
  Version:    3.28.3
  Executable: /usr/bin/cmake
PETSc:
  Language used to compile PETSc: C
  Language used to compile PetscDevice: C
  PETSC_ARCH: arch-sv13n-cpu
  PETSC_DIR: /workspace/formal_3D_flow_solver_FEM_SimVascular_lzy/sv1_3n/external/petsc325/source_cpu
  Prefix: /workspace/formal_3D_flow_solver_FEM_SimVascular_lzy/sv1_3n/external/petsc325/install_cpu
  Scalar type: real
  Precision: double
  Integer size: 4 bytes
  Single library: yes
  Shared libraries: yes
  Memory alignment from malloc(): 16 bytes
  Using GNU make: /usr/bin/make
xxx=======================================================================================xxx
 Configure stage complete. Now build PETSc libraries with:
   make PETSC_DIR=/workspace/formal_3D_flow_solver_FEM_SimVascular_lzy/sv1_3n/external/petsc325/source_cpu PETSC_ARCH=arch-sv13n-cpu all
xxx=======================================================================================xxx
