	linux-vdso.so.1 (0x00007ffc02bf0000)
	liblapack.so.3 => /usr/lib/x86_64-linux-gnu/liblapack.so.3 (0x00007fdb40eda000)
	libblas.so.3 => /usr/lib/x86_64-linux-gnu/libblas.so.3 (0x00007fdb40e33000)
	libm.so.6 => /usr/lib/x86_64-linux-gnu/libm.so.6 (0x00007fdb40d4a000)
	libcudart.so.13 => /usr/local/cuda/lib64/libcudart.so.13 (0x00007fdb40a00000)
	libcublas.so.13 => /usr/local/cuda/lib64/libcublas.so.13 (0x00007fdb3d400000)
	libcusparse.so.12 => /usr/local/cuda/lib64/libcusparse.so.12 (0x00007fdb33200000)
	libcusolver.so.12 => /usr/local/cuda/lib64/libcusolver.so.12 (0x00007fdb29a00000)
	libcurand.so.10 => /usr/local/cuda/lib64/libcurand.so.10 (0x00007fdb21200000)
	libnvidia-ml.so.1 => /usr/lib/x86_64-linux-gnu/libnvidia-ml.so.1 (0x00007fdb200e7000)
	libstdc++.so.6 => /usr/lib/x86_64-linux-gnu/libstdc++.so.6 (0x00007fdb1fe69000)
	libmpi.so.40 => /workspace/formal_3D_flow_solver_FEM_SimVascular_lzy/sv1_3l/external/gpu_mpi_fortran/lib/libmpi.so.40 (0x00007fdb1fd27000)
	libgcc_s.so.1 => /usr/lib/x86_64-linux-gnu/libgcc_s.so.1 (0x00007fdb40d18000)
	libc.so.6 => /usr/lib/x86_64-linux-gnu/libc.so.6 (0x00007fdb1fb14000)
	/lib64/ld-linux-x86-64.so.2 (0x00007fdb43632000)
	libgfortran.so.5 => /usr/lib/x86_64-linux-gnu/libgfortran.so.5 (0x00007fdb1f7f6000)
	libdl.so.2 => /usr/lib/x86_64-linux-gnu/libdl.so.2 (0x00007fdb40d13000)
	libpthread.so.0 => /usr/lib/x86_64-linux-gnu/libpthread.so.0 (0x00007fdb40d0c000)
	librt.so.1 => /usr/lib/x86_64-linux-gnu/librt.so.1 (0x00007fdb40d07000)
	libcublasLt.so.13 => /usr/local/cuda/lib64/libcublasLt.so.13 (0x00007fdafb200000)
	libnvJitLink.so.13 => /usr/local/cuda/lib64/libnvJitLink.so.13 (0x00007fdaf511c000)
	libopen-rte.so.40 => /workspace/formal_3D_flow_solver_FEM_SimVascular_lzy/sv1_3l/external/gpu_mpi_fortran/lib/libopen-rte.so.40 (0x00007fdb1f738000)
	libopen-pal.so.40 => /workspace/formal_3D_flow_solver_FEM_SimVascular_lzy/sv1_3l/external/gpu_mpi_fortran/lib/libopen-pal.so.40 (0x00007fdaf5006000)
	libz.so.1 => /usr/lib/x86_64-linux-gnu/libz.so.1 (0x00007fdb40ce9000)
