=============================================================================================
                         Configuring PETSc to compile on your system
=============================================================================================
=============================================================================================
                                     ***** WARNING *****
  You are overwriting the standard PETSc compiler flags with CUDAFLAGS="-ccbin
  /usr/bin/g++". Are you sure you want to do this? Generally it is best to let PETSc
  ./configure determine the flags. You can use CUDAFLAGS+="-ccbin /usr/bin/g++" to provide
  additional compiler flags instead of overwriting those used by PETSc.
=============================================================================================
=============================================================================================
                                     ***** WARNING *****
  Using default C optimization flags "-g -O". You might consider manually setting optimal
  optimization flags for your system with COPTFLAGS="optimization flags" see
  config/examples/arch-*-opt.py for examples
=============================================================================================
=============================================================================================
                                     ***** WARNING *****
  Using default Cxx optimization flags "-g -O". You might consider manually setting optimal
  optimization flags for your system with CXXOPTFLAGS="optimization flags" see
  config/examples/arch-*-opt.py for examples
=============================================================================================
=============================================================================================
                                     ***** WARNING *****
  Using default CUDA optimization flags "-O3". You might consider manually setting optimal
  optimization flags for your system with CUDAOPTFLAGS="optimization flags" see
  config/examples/arch-*-opt.py for examples
=============================================================================================
Compilers:
  C Compiler:  /workspace/formal_3D_flow_solver_FEM_SimVascular_lzy/sv1_3l/external/gpu_mpi_fortran/bin/mpicc  -fPIC -Wall -Wwrite-strings -Wno-unknown-pragmas -Wno-lto-type-mismatch -Wno-stringop-overflow -fstack-protector -fvisibility=hidden -g -O 
    Version: gcc (Ubuntu 13.3.0-6ubuntu2~24.04.1) 13.3.0
  CUDA Compiler:  /usr/local/cuda/bin/nvcc -ccbin /usr/bin/g++ -std=c++17 -Xcompiler -fPIC -O3 -gencode arch=compute_89,code=sm_89 
    Version: Cuda compilation tools, release 13.2, V13.2.86
  C++ Compiler:  /workspace/formal_3D_flow_solver_FEM_SimVascular_lzy/sv1_3l/external/gpu_mpi_fortran/bin/mpicxx  -Wall -Wwrite-strings -Wno-strict-aliasing -Wno-unknown-pragmas -Wno-psabi -Wno-lto-type-mismatch -fstack-protector -fvisibility=hidden -g -O  -std=c++17 -fPIC 
    Version: g++ (Ubuntu 13.3.0-6ubuntu2~24.04.1) 13.3.0
Linkers:
  Shared linker:   /workspace/formal_3D_flow_solver_FEM_SimVascular_lzy/sv1_3l/external/gpu_mpi_fortran/bin/mpicc  -shared  -fPIC -Wall -Wwrite-strings -Wno-unknown-pragmas -Wno-lto-type-mismatch -Wno-stringop-overflow -fstack-protector -fvisibility=hidden -g -O
  Dynamic linker:   /workspace/formal_3D_flow_solver_FEM_SimVascular_lzy/sv1_3l/external/gpu_mpi_fortran/bin/mpicc  -shared  -fPIC -Wall -Wwrite-strings -Wno-unknown-pragmas -Wno-lto-type-mismatch -Wno-stringop-overflow -fstack-protector -fvisibility=hidden -g -O
  Libraries linked against:   
Intel instruction sets found on CPU:
  AVX2
  AVX512: avx512f avx512dq avx512ifma avx512cd avx512bw avx512vl avx512_bf16 avx512vbmi avx512_vbmi2 avx512_vnni avx512_bitalg avx512_vpopcntdq
Python:
  Executable: /usr/bin/python3
BlasLapack:
  Libraries:  -Wl,-rpath,/workspace/formal_3D_flow_solver_FEM_SimVascular_lzy/sv1_3j/external/compat_cuda/system-lib -L/workspace/formal_3D_flow_solver_FEM_SimVascular_lzy/sv1_3j/external/compat_cuda/system-lib -llapack -lblas
  Unknown if this uses OpenMP (try export OMP_NUM_THREADS=<1-4> yourprogram -log_view) 
  uses 4 byte integers
MPI:
  Version:    3
  mpiexec: /workspace/formal_3D_flow_solver_FEM_SimVascular_lzy/sv1_3l/scripts/run_gpu_mpi_fortran.sh
  Implementation: openmpi
  MPI C++ include paths: -I/workspace/formal_3D_flow_solver_FEM_SimVascular_lzy/sv1_3l/external/gpu_mpi_fortran/include 
  MPI C++ libraries: -L/workspace/formal_3D_flow_solver_FEM_SimVascular_lzy/sv1_3l/external/gpu_mpi_fortran/lib -Wl,-rpath -Wl,/workspace/formal_3D_flow_solver_FEM_SimVascular_lzy/sv1_3l/external/gpu_mpi_fortran/lib -Wl,--enable-new-dtags  -lmpi 
  OMPI_VERSION: 4.1.6
CUDA:
  Version:    13.2
  Includes:   -I/usr/local/cuda/include
  Libraries:  -Wl,-rpath,/usr/local/cuda/lib64 -L/usr/local/cuda/lib64 -L/usr/local/cuda/lib64/stubs -lcudart -lnvtx3interop -lcufft -lcublas -lcusparse -lcusolver -lcurand -lcuda -lnvidia-ml
  CUDA SM 89
  CUDA underlying compiler: CUDA_CXX="/usr/bin"/g++
  CUDA underlying compiler flags: CUDA_CXXFLAGS=
  CUDA underlying linker libraries: CUDA_CXXLIBS=
pthread:
CMake:
  Version:    3.28.3
  Executable: /usr/bin/cmake
PETSc:
  Language used to compile PETSc: C
  Language used to compile PetscDevice: Cxx
  PETSC_ARCH: arch-sv13n-gpu13
  PETSC_DIR: /workspace/formal_3D_flow_solver_FEM_SimVascular_lzy/sv1_3n/external/petsc325/source_gpu13_configfix
  Prefix: /workspace/formal_3D_flow_solver_FEM_SimVascular_lzy/sv1_3n/external/petsc325/install_gpu13
  Scalar type: real
  Precision: double
  Integer size: 4 bytes
  Single library: yes
  Shared libraries: yes
  Memory alignment from malloc(): 16 bytes
  Using GNU make: /usr/bin/make
xxx=======================================================================================xxx
 Configure stage complete. Now build PETSc libraries with:
   make PETSC_DIR=/workspace/formal_3D_flow_solver_FEM_SimVascular_lzy/sv1_3n/external/petsc325/source_gpu13_configfix PETSC_ARCH=arch-sv13n-gpu13 all
xxx=======================================================================================xxx
