	linux-vdso.so.1 (0x00007ffcab756000)
	liblapack.so.3 => /usr/lib/x86_64-linux-gnu/liblapack.so.3 (0x00007f7c8d3dd000)
	libvtkIOXML-9.3.so.1 => /workspace/formal_3D_flow_solver_FEM_SimVascular_lzy/sv1_3n/external/solver-inputs/vtk/lib/libvtkIOXML-9.3.so.1 (0x00007f7c8d2b6000)
	libpetsc.so.3.25 => /workspace/formal_3D_flow_solver_FEM_SimVascular_lzy/sv1_3n/external/petsc325/install_cpu/lib/libpetsc.so.3.25 (0x00007f7c8bc37000)
	libmpi.so.40 => /workspace/formal_3D_flow_solver_FEM_SimVascular_lzy/sv1_3l/external/gpu_mpi_fortran/lib/libmpi.so.40 (0x00007f7c8baf5000)
	libvtkCommonDataModel-9.3.so.1 => /workspace/formal_3D_flow_solver_FEM_SimVascular_lzy/sv1_3n/external/solver-inputs/vtk/lib/libvtkCommonDataModel-9.3.so.1 (0x00007f7c8b548000)
	libvtkCommonMisc-9.3.so.1 => /workspace/formal_3D_flow_solver_FEM_SimVascular_lzy/sv1_3n/external/solver-inputs/vtk/lib/libvtkCommonMisc-9.3.so.1 (0x00007f7c8b129000)
	libvtkCommonCore-9.3.so.1 => /workspace/formal_3D_flow_solver_FEM_SimVascular_lzy/sv1_3n/external/solver-inputs/vtk/lib/libvtkCommonCore-9.3.so.1 (0x00007f7c89b41000)
	libvtksys-9.3.so.1 => /workspace/formal_3D_flow_solver_FEM_SimVascular_lzy/sv1_3n/external/solver-inputs/vtk/lib/libvtksys-9.3.so.1 (0x00007f7c89ae9000)
	libstdc++.so.6 => /usr/lib/x86_64-linux-gnu/libstdc++.so.6 (0x00007f7c8986b000)
	libm.so.6 => /usr/lib/x86_64-linux-gnu/libm.so.6 (0x00007f7c89780000)
	libgcc_s.so.1 => /usr/lib/x86_64-linux-gnu/libgcc_s.so.1 (0x00007f7c89752000)
	libc.so.6 => /usr/lib/x86_64-linux-gnu/libc.so.6 (0x00007f7c8953f000)
	libblas.so.3 => /usr/lib/x86_64-linux-gnu/libblas.so.3 (0x00007f7c89498000)
	libgfortran.so.5 => /usr/lib/x86_64-linux-gnu/libgfortran.so.5 (0x00007f7c8917a000)
	libvtkIOXMLParser-9.3.so.1 => /workspace/formal_3D_flow_solver_FEM_SimVascular_lzy/sv1_3n/external/solver-inputs/vtk/lib/libvtkIOXMLParser-9.3.so.1 (0x00007f7c8915e000)
	libvtkIOCore-9.3.so.1 => /workspace/formal_3D_flow_solver_FEM_SimVascular_lzy/sv1_3n/external/solver-inputs/vtk/lib/libvtkIOCore-9.3.so.1 (0x00007f7c890d2000)
	libvtkCommonExecutionModel-9.3.so.1 => /workspace/formal_3D_flow_solver_FEM_SimVascular_lzy/sv1_3n/external/solver-inputs/vtk/lib/libvtkCommonExecutionModel-9.3.so.1 (0x00007f7c88fcf000)
	libvtkCommonSystem-9.3.so.1 => /workspace/formal_3D_flow_solver_FEM_SimVascular_lzy/sv1_3n/external/solver-inputs/vtk/lib/libvtkCommonSystem-9.3.so.1 (0x00007f7c88fb1000)
	/lib64/ld-linux-x86-64.so.2 (0x00007f7c8e003000)
	libopen-rte.so.40 => /workspace/formal_3D_flow_solver_FEM_SimVascular_lzy/sv1_3l/external/gpu_mpi_fortran/lib/libopen-rte.so.40 (0x00007f7c88ef3000)
	libopen-pal.so.40 => /workspace/formal_3D_flow_solver_FEM_SimVascular_lzy/sv1_3l/external/gpu_mpi_fortran/lib/libopen-pal.so.40 (0x00007f7c88ddb000)
	libvtkCommonTransforms-9.3.so.1 => /workspace/formal_3D_flow_solver_FEM_SimVascular_lzy/sv1_3n/external/solver-inputs/vtk/lib/libvtkCommonTransforms-9.3.so.1 (0x00007f7c88d9c000)
	libvtkpugixml-9.3.so.1 => /workspace/formal_3D_flow_solver_FEM_SimVascular_lzy/sv1_3n/external/solver-inputs/vtk/lib/libvtkpugixml-9.3.so.1 (0x00007f7c88d5f000)
	libvtkCommonMath-9.3.so.1 => /workspace/formal_3D_flow_solver_FEM_SimVascular_lzy/sv1_3n/external/solver-inputs/vtk/lib/libvtkCommonMath-9.3.so.1 (0x00007f7c88d35000)
	libvtkloguru-9.3.so.1 => /workspace/formal_3D_flow_solver_FEM_SimVascular_lzy/sv1_3n/external/solver-inputs/vtk/lib/libvtkloguru-9.3.so.1 (0x00007f7c88d21000)
	libvtkexpat-9.3.so.1 => /workspace/formal_3D_flow_solver_FEM_SimVascular_lzy/sv1_3n/external/solver-inputs/vtk/lib/libvtkexpat-9.3.so.1 (0x00007f7c88cf1000)
	libvtkdoubleconversion-9.3.so.1 => /workspace/formal_3D_flow_solver_FEM_SimVascular_lzy/sv1_3n/external/solver-inputs/vtk/lib/libvtkdoubleconversion-9.3.so.1 (0x00007f7c88cdf000)
	libvtklz4-9.3.so.1 => /workspace/formal_3D_flow_solver_FEM_SimVascular_lzy/sv1_3n/external/solver-inputs/vtk/lib/libvtklz4-9.3.so.1 (0x00007f7c88ca8000)
	libvtklzma-9.3.so.1 => /workspace/formal_3D_flow_solver_FEM_SimVascular_lzy/sv1_3n/external/solver-inputs/vtk/lib/libvtklzma-9.3.so.1 (0x00007f7c88c7b000)
	libvtkzlib-9.3.so.1 => /workspace/formal_3D_flow_solver_FEM_SimVascular_lzy/sv1_3n/external/solver-inputs/vtk/lib/libvtkzlib-9.3.so.1 (0x00007f7c88c5d000)
	libz.so.1 => /usr/lib/x86_64-linux-gnu/libz.so.1 (0x00007f7c88c3f000)
	libvtkkissfft-9.3.so.1 => /workspace/formal_3D_flow_solver_FEM_SimVascular_lzy/sv1_3n/external/solver-inputs/vtk/lib/libvtkkissfft-9.3.so.1 (0x00007f7c88c38000)
