	linux-vdso.so.1 (0x00007fff219bb000)
	liblapack.so.3 => /usr/lib/x86_64-linux-gnu/liblapack.so.3 (0x00007f378ccb9000)
	libvtkIOXML-9.3.so.1 => /workspace/formal_3D_flow_solver_FEM_SimVascular_lzy/sv1_3n/external/solver-inputs/vtk/lib/libvtkIOXML-9.3.so.1 (0x00007f378cb92000)
	libpetsc.so.3.25 => /workspace/formal_3D_flow_solver_FEM_SimVascular_lzy/sv1_3n/external/petsc325/install_gpu13/lib/libpetsc.so.3.25 (0x00007f378ab38000)
	libmpi.so.40 => /workspace/formal_3D_flow_solver_FEM_SimVascular_lzy/sv1_3l/external/gpu_mpi_fortran/lib/libmpi.so.40 (0x00007f378a9f6000)
	libvtkCommonDataModel-9.3.so.1 => /workspace/formal_3D_flow_solver_FEM_SimVascular_lzy/sv1_3n/external/solver-inputs/vtk/lib/libvtkCommonDataModel-9.3.so.1 (0x00007f378a449000)
	libvtkCommonMisc-9.3.so.1 => /workspace/formal_3D_flow_solver_FEM_SimVascular_lzy/sv1_3n/external/solver-inputs/vtk/lib/libvtkCommonMisc-9.3.so.1 (0x00007f378a02a000)
	libvtkCommonCore-9.3.so.1 => /workspace/formal_3D_flow_solver_FEM_SimVascular_lzy/sv1_3n/external/solver-inputs/vtk/lib/libvtkCommonCore-9.3.so.1 (0x00007f3788a42000)
	libvtksys-9.3.so.1 => /workspace/formal_3D_flow_solver_FEM_SimVascular_lzy/sv1_3n/external/solver-inputs/vtk/lib/libvtksys-9.3.so.1 (0x00007f37889ea000)
	libstdc++.so.6 => /usr/lib/x86_64-linux-gnu/libstdc++.so.6 (0x00007f378876c000)
	libm.so.6 => /usr/lib/x86_64-linux-gnu/libm.so.6 (0x00007f3788681000)
	libgcc_s.so.1 => /usr/lib/x86_64-linux-gnu/libgcc_s.so.1 (0x00007f3788653000)
	libc.so.6 => /usr/lib/x86_64-linux-gnu/libc.so.6 (0x00007f3788440000)
	libblas.so.3 => /usr/lib/x86_64-linux-gnu/libblas.so.3 (0x00007f3788399000)
	libgfortran.so.5 => /usr/lib/x86_64-linux-gnu/libgfortran.so.5 (0x00007f378807b000)
	libvtkIOXMLParser-9.3.so.1 => /workspace/formal_3D_flow_solver_FEM_SimVascular_lzy/sv1_3n/external/solver-inputs/vtk/lib/libvtkIOXMLParser-9.3.so.1 (0x00007f378805f000)
	libvtkIOCore-9.3.so.1 => /workspace/formal_3D_flow_solver_FEM_SimVascular_lzy/sv1_3n/external/solver-inputs/vtk/lib/libvtkIOCore-9.3.so.1 (0x00007f3787fd3000)
	libvtkCommonExecutionModel-9.3.so.1 => /workspace/formal_3D_flow_solver_FEM_SimVascular_lzy/sv1_3n/external/solver-inputs/vtk/lib/libvtkCommonExecutionModel-9.3.so.1 (0x00007f3787ed0000)
	libvtkCommonSystem-9.3.so.1 => /workspace/formal_3D_flow_solver_FEM_SimVascular_lzy/sv1_3n/external/solver-inputs/vtk/lib/libvtkCommonSystem-9.3.so.1 (0x00007f3787eb2000)
	libcudart.so.13 => /usr/local/cuda/lib64/libcudart.so.13 (0x00007f3787a00000)
	libcublas.so.13 => /usr/local/cuda/lib64/libcublas.so.13 (0x00007f3784400000)
	libcusparse.so.12 => /usr/local/cuda/lib64/libcusparse.so.12 (0x00007f377a200000)
	libcusolver.so.12 => /usr/local/cuda/lib64/libcusolver.so.12 (0x00007f3770a00000)
	libcurand.so.10 => /usr/local/cuda/lib64/libcurand.so.10 (0x00007f3768200000)
	libnvidia-ml.so.1 => /usr/lib/x86_64-linux-gnu/libnvidia-ml.so.1 (0x00007f37670e7000)
	/lib64/ld-linux-x86-64.so.2 (0x00007f378d916000)
	libopen-rte.so.40 => /workspace/formal_3D_flow_solver_FEM_SimVascular_lzy/sv1_3l/external/gpu_mpi_fortran/lib/libopen-rte.so.40 (0x00007f3787df0000)
	libopen-pal.so.40 => /workspace/formal_3D_flow_solver_FEM_SimVascular_lzy/sv1_3l/external/gpu_mpi_fortran/lib/libopen-pal.so.40 (0x00007f3787cda000)
	libvtkCommonTransforms-9.3.so.1 => /workspace/formal_3D_flow_solver_FEM_SimVascular_lzy/sv1_3n/external/solver-inputs/vtk/lib/libvtkCommonTransforms-9.3.so.1 (0x00007f37670a8000)
	libvtkpugixml-9.3.so.1 => /workspace/formal_3D_flow_solver_FEM_SimVascular_lzy/sv1_3n/external/solver-inputs/vtk/lib/libvtkpugixml-9.3.so.1 (0x00007f376706b000)
	libvtkCommonMath-9.3.so.1 => /workspace/formal_3D_flow_solver_FEM_SimVascular_lzy/sv1_3n/external/solver-inputs/vtk/lib/libvtkCommonMath-9.3.so.1 (0x00007f37879d6000)
	libvtkloguru-9.3.so.1 => /workspace/formal_3D_flow_solver_FEM_SimVascular_lzy/sv1_3n/external/solver-inputs/vtk/lib/libvtkloguru-9.3.so.1 (0x00007f3787cc4000)
	libvtkexpat-9.3.so.1 => /workspace/formal_3D_flow_solver_FEM_SimVascular_lzy/sv1_3n/external/solver-inputs/vtk/lib/libvtkexpat-9.3.so.1 (0x00007f377a1d2000)
	libvtkdoubleconversion-9.3.so.1 => /workspace/formal_3D_flow_solver_FEM_SimVascular_lzy/sv1_3n/external/solver-inputs/vtk/lib/libvtkdoubleconversion-9.3.so.1 (0x00007f37843ee000)
	libvtklz4-9.3.so.1 => /workspace/formal_3D_flow_solver_FEM_SimVascular_lzy/sv1_3n/external/solver-inputs/vtk/lib/libvtklz4-9.3.so.1 (0x00007f3767034000)
	libvtklzma-9.3.so.1 => /workspace/formal_3D_flow_solver_FEM_SimVascular_lzy/sv1_3n/external/solver-inputs/vtk/lib/libvtklzma-9.3.so.1 (0x00007f3767007000)
	libvtkzlib-9.3.so.1 => /workspace/formal_3D_flow_solver_FEM_SimVascular_lzy/sv1_3n/external/solver-inputs/vtk/lib/libvtkzlib-9.3.so.1 (0x00007f3766fe9000)
	libdl.so.2 => /usr/lib/x86_64-linux-gnu/libdl.so.2 (0x00007f37709fb000)
	libpthread.so.0 => /usr/lib/x86_64-linux-gnu/libpthread.so.0 (0x00007f37709f6000)
	librt.so.1 => /usr/lib/x86_64-linux-gnu/librt.so.1 (0x00007f3766fe4000)
	libcublasLt.so.13 => /usr/local/cuda/lib64/libcublasLt.so.13 (0x00007f3742a00000)
	libnvJitLink.so.13 => /usr/local/cuda/lib64/libnvJitLink.so.13 (0x00007f373c91c000)
	libz.so.1 => /usr/lib/x86_64-linux-gnu/libz.so.1 (0x00007f3766fc8000)
	libvtkkissfft-9.3.so.1 => /workspace/formal_3D_flow_solver_FEM_SimVascular_lzy/sv1_3n/external/solver-inputs/vtk/lib/libvtkkissfft-9.3.so.1 (0x00007f3766fc1000)
