
Dynamic section at offset 0x556118 contains 39 entries:
  Tag        Type                         Name/Value
 0x0000000000000001 (NEEDED)             Shared library: [liblapack.so.3]
 0x0000000000000001 (NEEDED)             Shared library: [libvtkIOXML-9.3.so.1]
 0x0000000000000001 (NEEDED)             Shared library: [libpetsc.so.3.25]
 0x0000000000000001 (NEEDED)             Shared library: [libmpi.so.40]
 0x0000000000000001 (NEEDED)             Shared library: [libvtkCommonDataModel-9.3.so.1]
 0x0000000000000001 (NEEDED)             Shared library: [libvtkCommonMisc-9.3.so.1]
 0x0000000000000001 (NEEDED)             Shared library: [libvtkCommonCore-9.3.so.1]
 0x0000000000000001 (NEEDED)             Shared library: [libvtksys-9.3.so.1]
 0x0000000000000001 (NEEDED)             Shared library: [libstdc++.so.6]
 0x0000000000000001 (NEEDED)             Shared library: [libm.so.6]
 0x0000000000000001 (NEEDED)             Shared library: [libgcc_s.so.1]
 0x0000000000000001 (NEEDED)             Shared library: [libc.so.6]
 0x000000000000001d (RUNPATH)            Library runpath: [/workspace/formal_3D_flow_solver_FEM_SimVascular_lzy/sv1_3l/external/gpu_mpi_fortran/lib:/workspace/formal_3D_flow_solver_FEM_SimVascular_lzy/sv1_3n/external/solver-inputs/vtk/lib:/workspace/formal_3D_flow_solver_FEM_SimVascular_lzy/sv1_3l/external/gpu_mpi_fortran/lib]
 0x000000000000000c (INIT)               0x13000
 0x000000000000000d (FINI)               0x4c0f3c
 0x0000000000000019 (INIT_ARRAY)         0x552a30
 0x000000000000001b (INIT_ARRAYSZ)       544 (bytes)
 0x000000000000001a (FINI_ARRAY)         0x552c50
 0x000000000000001c (FINI_ARRAYSZ)       8 (bytes)
 0x000000006ffffef5 (GNU_HASH)           0x3e8
 0x0000000000000005 (STRTAB)             0x33b8
 0x0000000000000006 (SYMTAB)             0x6a0
 0x000000000000000a (STRSZ)              12821 (bytes)
 0x000000000000000b (SYMENT)             24 (bytes)
 0x0000000000000015 (DEBUG)              0x0
 0x0000000000000003 (PLTGOT)             0x5563c8
 0x0000000000000002 (PLTRELSZ)           8904 (bytes)
 0x0000000000000014 (PLTREL)             RELA
 0x0000000000000017 (JMPREL)             0x10b98
 0x0000000000000007 (RELA)               0x6bf0
 0x0000000000000008 (RELASZ)             40872 (bytes)
 0x0000000000000009 (RELAENT)            24 (bytes)
 0x000000000000001e (FLAGS)              BIND_NOW
 0x000000006ffffffb (FLAGS_1)            Flags: NOW PIE
 0x000000006ffffffe (VERNEED)            0x6990
 0x000000006fffffff (VERNEEDNUM)         4
 0x000000006ffffff0 (VERSYM)             0x65ce
 0x000000006ffffff9 (RELACOUNT)          1234
 0x0000000000000000 (NULL)               0x0
