CMakeLists.txt: OK
cases/COMBINED_PAIR_WALL/CASE_CONTRACT.json: OK
cases/COMBINED_PAIR_WALL/case.cfg: OK
cases/COMBINED_PAIR_WALL/particles.data: OK
cases/F_handoff/CASE_CONTRACT.json: OK
cases/F_handoff/case.cfg: OK
cases/F_handoff/particles.data: OK
cases/F_hard_cw1/CASE_CONTRACT.json: OK
cases/F_hard_cw1/case.cfg: OK
cases/F_hard_cw1/particles.data: OK
cases/F_hard_cw2/CASE_CONTRACT.json: OK
cases/F_hard_cw2/case.cfg: OK
cases/F_hard_cw2/particles.data: OK
cases/F_hard_cw4/CASE_CONTRACT.json: OK
cases/F_hard_cw4/case.cfg: OK
cases/F_hard_cw4/particles.data: OK
cases/F_no_wall/CASE_CONTRACT.json: OK
cases/F_no_wall/case.cfg: OK
cases/F_no_wall/particles.data: OK
cases/F_resistance_only/CASE_CONTRACT.json: OK
cases/F_resistance_only/case.cfg: OK
cases/F_resistance_only/particles.data: OK
cases/I_real_single/RUN_STATE.json: OK
cases/J_real_8/CASE_CONTRACT.json: OK
cases/J_real_8/case.cfg: OK
cases/J_real_8/particles.data: OK
cases/KOKKOS_SMOKE/CASE_CONTRACT.json: OK
cases/KOKKOS_SMOKE/case.cfg: OK
cases/KOKKOS_SMOKE/particles.data: OK
cases/MPI1_128/CASE_CONTRACT.json: OK
cases/MPI1_128/case.cfg: OK
cases/MPI1_128/particles.data: OK
cases/MPI4_128/CASE_CONTRACT.json: OK
cases/MPI4_128/case.cfg: OK
cases/MPI4_128/particles.data: OK
contracts/CASE_INDEX.json: OK
contracts/CASE_I_INITIAL_SELECTION.json: OK
contracts/CASE_I_SUPPLEMENTAL_SEARCH_PLAN.json: OK
contracts/CASE_I_SUPPLEMENTAL_SELECTION.json: OK
contracts/GEOMETRY_AUDIT_PLAN.json: OK
contracts/MICROBUBBLE_WALL_HYDRODYNAMICS_V0_CONTRACT.json: OK
contracts/RMBW_WALL_TABLE_CONTRACT.json: OK
contracts/TABLE_GENERATION_PLAN.json: OK
fields/FROZEN_FLOW_FIELD_V0.h5: OK
fields/WALL_COMBINED_FIELD.h5: OK
fields/WALL_MPI_FIELD.h5: OK
fields/WALL_ZERO_FIELD.h5: OK
provenance/EIGEN_3P4_HEADERS.tar.gz: OK
provenance/EIGEN_COPYRIGHT.txt: OK
provenance/closed_geometry_m.stl: OK
src/frozen_flow.cpp: OK
src/frozen_flow.hpp: OK
src/reference_wall_hydrodynamics_v0.py: OK
src/rigid_lammps_main.cpp: OK
src/rigid_math.cpp: OK
src/rigid_math.hpp: OK
src/wall_distance.cpp: OK
src/wall_distance.hpp: OK
src/wall_model.cpp: OK
src/wall_model.hpp: OK
tables/RMBW_WALL_RESISTANCE_TABLE_V0.h5: OK
