CMakeLists.txt: OK
PHASE_CONTACT.json: OK
PHASE_REMAINING.json: OK
RUNTIME_INPUT_SHA256SUMS: OK
build_math/libwall_math.so: OK
build_math/wall_lmp_cpu: OK
build_math/wall_lmp_gpu: OK
cases/COMBINED_PAIR_WALL/CASE_CONTRACT.json: OK
cases/COMBINED_PAIR_WALL/INTEGRATION_STAGES.csv: OK
cases/COMBINED_PAIR_WALL/RUN.log: OK
cases/COMBINED_PAIR_WALL/RUNTIME_SELECTION.json: OK
cases/COMBINED_PAIR_WALL/RUN_RECEIPT.json: OK
cases/COMBINED_PAIR_WALL/RUN_STATE.json: OK
cases/COMBINED_PAIR_WALL/SOLVER_HISTORY.csv: OK
cases/COMBINED_PAIR_WALL/TRAJECTORIES.csv: OK
cases/COMBINED_PAIR_WALL/WALL_INTERACTION_EVENTS.csv: OK
cases/COMBINED_PAIR_WALL/case.cfg: OK
cases/COMBINED_PAIR_WALL/case.selected.cfg: OK
cases/COMBINED_PAIR_WALL/particles.data: OK
cases/F_handoff/CASE_CONTRACT.json: OK
cases/F_handoff/INTEGRATION_STAGES.csv: OK
cases/F_handoff/RUN.log: OK
cases/F_handoff/RUN_RECEIPT.json: OK
cases/F_handoff/RUN_STATE.json: OK
cases/F_handoff/SOLVER_HISTORY.csv: OK
cases/F_handoff/TRAJECTORIES.csv: OK
cases/F_handoff/WALL_INTERACTION_EVENTS.csv: OK
cases/F_handoff/case.cfg: OK
cases/F_handoff/particles.data: OK
cases/F_hard_cw1/CASE_CONTRACT.json: OK
cases/F_hard_cw1/INTEGRATION_STAGES.csv: OK
cases/F_hard_cw1/RUN.log: OK
cases/F_hard_cw1/RUN_RECEIPT.json: OK
cases/F_hard_cw1/RUN_STATE.json: OK
cases/F_hard_cw1/SOLVER_HISTORY.csv: OK
cases/F_hard_cw1/TRAJECTORIES.csv: OK
cases/F_hard_cw1/WALL_INTERACTION_EVENTS.csv: OK
cases/F_hard_cw1/case.cfg: OK
cases/F_hard_cw1/particles.data: OK
cases/F_hard_cw2/CASE_CONTRACT.json: OK
cases/F_hard_cw2/INTEGRATION_STAGES.csv: OK
cases/F_hard_cw2/RUN.log: OK
cases/F_hard_cw2/RUN_RECEIPT.json: OK
cases/F_hard_cw2/RUN_STATE.json: OK
cases/F_hard_cw2/SOLVER_HISTORY.csv: OK
cases/F_hard_cw2/TRAJECTORIES.csv: OK
cases/F_hard_cw2/WALL_INTERACTION_EVENTS.csv: OK
cases/F_hard_cw2/case.cfg: OK
cases/F_hard_cw2/particles.data: OK
cases/F_hard_cw4/CASE_CONTRACT.json: OK
cases/F_hard_cw4/INTEGRATION_STAGES.csv: OK
cases/F_hard_cw4/RUN.log: OK
cases/F_hard_cw4/RUN_RECEIPT.json: OK
cases/F_hard_cw4/RUN_STATE.json: OK
cases/F_hard_cw4/SOLVER_HISTORY.csv: OK
cases/F_hard_cw4/TRAJECTORIES.csv: OK
cases/F_hard_cw4/WALL_INTERACTION_EVENTS.csv: OK
cases/F_hard_cw4/case.cfg: OK
cases/F_hard_cw4/particles.data: OK
cases/F_no_wall/CASE_CONTRACT.json: OK
cases/F_no_wall/INTEGRATION_STAGES.csv: OK
cases/F_no_wall/RUN.log: OK
cases/F_no_wall/RUN_RECEIPT.json: OK
cases/F_no_wall/RUN_STATE.json: OK
cases/F_no_wall/SOLVER_HISTORY.csv: OK
cases/F_no_wall/TRAJECTORIES.csv: OK
cases/F_no_wall/WALL_INTERACTION_EVENTS.csv: OK
cases/F_no_wall/case.cfg: OK
cases/F_no_wall/particles.data: OK
cases/F_resistance_only/CASE_CONTRACT.json: OK
cases/F_resistance_only/INTEGRATION_STAGES.csv: OK
cases/F_resistance_only/RUN.log: OK
cases/F_resistance_only/RUN_RECEIPT.json: OK
cases/F_resistance_only/RUN_STATE.json: OK
cases/F_resistance_only/SOLVER_HISTORY.csv: OK
cases/F_resistance_only/TRAJECTORIES.csv: OK
cases/F_resistance_only/WALL_INTERACTION_EVENTS.csv: OK
cases/F_resistance_only/case.cfg: OK
cases/F_resistance_only/particles.data: OK
cases/I_real_single/RUN_STATE.json: OK
cases/J_real_8/CASE_CONTRACT.json: OK
cases/J_real_8/INTEGRATION_STAGES.csv: OK
cases/J_real_8/RUN.log: OK
cases/J_real_8/RUNTIME_SELECTION.json: OK
cases/J_real_8/RUN_RECEIPT.json: OK
cases/J_real_8/RUN_STATE.json: OK
cases/J_real_8/SOLVER_HISTORY.csv: OK
cases/J_real_8/TRAJECTORIES.csv: OK
cases/J_real_8/WALL_INTERACTION_EVENTS.csv: OK
cases/J_real_8/case.cfg: OK
cases/J_real_8/case.selected.cfg: OK
cases/J_real_8/particles.data: OK
cases/KOKKOS_SMOKE/CASE_CONTRACT.json: OK
cases/KOKKOS_SMOKE/INTEGRATION_STAGES.csv: OK
cases/KOKKOS_SMOKE/RUN.log: OK
cases/KOKKOS_SMOKE/RUNTIME_SELECTION.json: OK
cases/KOKKOS_SMOKE/RUN_RECEIPT.json: OK
cases/KOKKOS_SMOKE/RUN_STATE.json: OK
cases/KOKKOS_SMOKE/SOLVER_HISTORY.csv: OK
cases/KOKKOS_SMOKE/TRAJECTORIES.csv: OK
cases/KOKKOS_SMOKE/WALL_INTERACTION_EVENTS.csv: OK
cases/KOKKOS_SMOKE/case.cfg: OK
cases/KOKKOS_SMOKE/case.selected.cfg: OK
cases/KOKKOS_SMOKE/particles.data: OK
cases/MPI1_128/CASE_CONTRACT.json: OK
cases/MPI1_128/INTEGRATION_STAGES.csv: OK
cases/MPI1_128/RUN.log: OK
cases/MPI1_128/RUNTIME_SELECTION.json: OK
cases/MPI1_128/RUN_RECEIPT.json: OK
cases/MPI1_128/RUN_STATE.json: OK
cases/MPI1_128/SOLVER_HISTORY.csv: OK
cases/MPI1_128/TRAJECTORIES.csv: OK
cases/MPI1_128/WALL_INTERACTION_EVENTS.csv: OK
cases/MPI1_128/case.cfg: OK
cases/MPI1_128/case.selected.cfg: OK
cases/MPI1_128/particles.data: OK
cases/MPI4_128/CASE_CONTRACT.json: OK
cases/MPI4_128/INTEGRATION_STAGES.csv: OK
cases/MPI4_128/RUN.log: OK
cases/MPI4_128/RUNTIME_SELECTION.json: OK
cases/MPI4_128/RUN_RECEIPT.json: OK
cases/MPI4_128/RUN_STATE.json: OK
cases/MPI4_128/SOLVER_HISTORY.csv: OK
cases/MPI4_128/TRAJECTORIES.csv: OK
cases/MPI4_128/WALL_INTERACTION_EVENTS.csv: OK
cases/MPI4_128/case.cfg: OK
cases/MPI4_128/case.selected.cfg: OK
cases/MPI4_128/particles.data: OK
contracts/CASE_INDEX.json: OK
contracts/CASE_I_INITIAL_SELECTION.json: OK
contracts/CASE_I_SUPPLEMENTAL_SEARCH_PLAN.json: OK
contracts/CASE_I_SUPPLEMENTAL_SELECTION.json: OK
contracts/GEOMETRY_AUDIT_PLAN.json: OK
contracts/MICROBUBBLE_WALL_HYDRODYNAMICS_V0_CONTRACT.json: OK
contracts/RMBW_WALL_TABLE_CONTRACT.json: OK
contracts/SELECTED_C_WALL.json: OK
contracts/TABLE_GENERATION_PLAN.json: OK
fields/FROZEN_FLOW_FIELD_V0.h5: OK
fields/WALL_COMBINED_FIELD.h5: OK
fields/WALL_MPI_FIELD.h5: OK
fields/WALL_ZERO_FIELD.h5: OK
logs/PHASE_CONTACT.log: OK
logs/PHASE_REMAINING.log: OK
logs/REMOTE_BUILD.log: OK
logs/REMOTE_CONFIGURE.log: OK
logs/REMOTE_INPUT_SHA_VERIFY.log: OK
provenance/EIGEN_3P4_HEADERS.tar.gz: OK
provenance/EIGEN_COPYRIGHT.txt: OK
provenance/PREFLIGHT_INITIAL_ERROR.json: OK
provenance/REMOTE_PREFLIGHT.json: OK
provenance/REMOTE_SOURCE_AFTER.json: OK
provenance/REMOTE_TERMINAL_AUDIT.json: OK
provenance/RUNTIME_SOURCE_SHA256.json: OK
provenance/VAST_AGENTS_GUIDE.md: OK
provenance/closed_geometry_m.stl: OK
scripts/run_wall_phase.py: OK
src/frozen_flow.cpp: OK
src/frozen_flow.hpp: OK
src/reference_wall_hydrodynamics_v0.py: OK
src/rigid_lammps_main.cpp: OK
src/rigid_math.cpp: OK
src/rigid_math.hpp: OK
src/wall_distance.cpp: OK
src/wall_distance.hpp: OK
src/wall_model.cpp: OK
src/wall_model.hpp: OK
tables/RMBW_WALL_RESISTANCE_TABLE_V0.h5: OK
validation/CONTACT_INDEPENDENT_FINALIZER.json: OK
