Planned clear arrow label: J1
Planned clear arrow label: Toward J2
Planned clear arrow label: Toward inlet
Planned clear arrow label: Toward O2
Planned clear arrow label: J1
Planned clear arrow label: Toward J2
Planned clear arrow label: Toward inlet
Planned clear arrow label: Toward O2
01_wall_normals 4K_READY
02_velocity_gradient 4K_READY
03_viscous_traction 4K_READY
04_tangential_wss 4K_READY
05_wss_magnitude 4K_READY
01_wall_normals 0 / 432
01_wall_normals 108 / 432
01_wall_normals 216 / 432
01_wall_normals 324 / 432
02_velocity_gradient 0 / 432
02_velocity_gradient 108 / 432
02_velocity_gradient 216 / 432
02_velocity_gradient 324 / 432
03_viscous_traction 0 / 432
03_viscous_traction 108 / 432
03_viscous_traction 216 / 432
03_viscous_traction 324 / 432
04_tangential_wss 0 / 432
04_tangential_wss 108 / 432
04_tangential_wss 216 / 432
04_tangential_wss 324 / 432
05_wss_magnitude 0 / 432
05_wss_magnitude 108 / 432
05_wss_magnitude 216 / 432
05_wss_magnitude 324 / 432
ALL_FIVE_STAGES_COMPLETE
