WSL source hashes verified
{"log_dir": "/workspace/formal_3D_flow_solver_FEM_lzy/logs/stage01_7/20260917T230624_791076282_determinism_compare", "returncode": 0, "wall_time_s": 0.41067572799511254}
{
  "status": "PASS",
  "timestamp": "2026-09-17T23:06:28.076800+00:00",
  "checks": {
    "inlet_selected_trial": true,
    "inlet_H_values": true,
    "inlet_trial_00_geometry_connectivity": true,
    "inlet_trial_01_geometry_connectivity": true,
    "inlet_trial_02_geometry_connectivity": true,
    "inlet_trial_03_geometry_connectivity": true,
    "inlet_trial_04_geometry_connectivity": true,
    "inlet_trial_05_geometry_connectivity": true,
    "inlet_trial_06_geometry_connectivity": true,
    "inlet_trial_07_geometry_connectivity": true,
    "outlet_01_selected_trial": true,
    "outlet_01_H_values": true,
    "outlet_01_trial_00_geometry_connectivity": true,
    "outlet_01_trial_01_geometry_connectivity": true,
    "outlet_01_trial_02_geometry_connectivity": true,
    "outlet_01_trial_03_geometry_connectivity": true,
    "outlet_01_trial_04_geometry_connectivity": true,
    "outlet_01_trial_05_geometry_connectivity": true,
    "outlet_01_trial_06_geometry_connectivity": true,
    "outlet_01_trial_07_geometry_connectivity": true,
    "outlet_02_selected_trial": true,
    "outlet_02_H_values": true,
    "outlet_02_trial_00_geometry_connectivity": true,
    "outlet_02_trial_01_geometry_connectivity": true,
    "outlet_02_trial_02_geometry_connectivity": true,
    "outlet_02_trial_03_geometry_connectivity": true,
    "outlet_02_trial_04_geometry_connectivity": true,
    "outlet_02_trial_05_geometry_connectivity": true,
    "outlet_02_trial_06_geometry_connectivity": true,
    "outlet_02_trial_07_geometry_connectivity": true,
    "outlet_03_selected_trial": true,
    "outlet_03_H_values": true,
    "outlet_03_trial_00_geometry_connectivity": true,
    "outlet_03_trial_01_geometry_connectivity": true,
    "outlet_03_trial_02_geometry_connectivity": true,
    "outlet_03_trial_03_geometry_connectivity": true,
    "outlet_03_trial_04_geometry_connectivity": true,
    "outlet_03_trial_05_geometry_connectivity": true,
    "outlet_03_trial_06_geometry_connectivity": true,
    "outlet_03_trial_07_geometry_connectivity": true,
    "iteration_count": true,
    "iteration_00_all_tetra_canonical": true,
    "iteration_00_volume_QC": true,
    "iteration_00_proxy": true,
    "iteration_00_decision": true,
    "selected_iteration": true,
    "termination_reason": true
  },
  "method": "Two independent Gmsh optimizer executions. Lexicographically sort used physical vertex coordinates, renumber and sort each element connectivity, SHA256 canonical coordinate/connectivity bytes; H values and all volume quality diagnostics compared exactly.",
  "new_volume_meshes_total": 2
}


