-----------------------------------------------------------------------------------
 Eq      N-i            T    dB      Ri/R1      Ri/R0       R/Ri    lsIt   dB   %t
-----------------------------------------------------------------------------------
 <PETSC_INITIALIZE>: use linear solver config. from svFSI input.
Mat Object: 1 MPI process
  type: preallocator
  rows=12428, cols=12428, bs=4
Mat Object: 1 MPI process
  type: seqaij
  rows=12428, cols=12428, bs=4
  total: nonzeros=600272, allocated nonzeros=600272
  total number of mallocs used during MatSetValues calls=0
    using I-node routines: found 3107 nodes, limit used is 5
Vec Object: 1 MPI process
  type: seq
  length=12428, bs=4
Mat Object: 1 MPI process
  type: seqaij
  rows=12428, cols=12428, bs=4
  total: nonzeros=600272, allocated nonzeros=600272
  total number of mallocs used during MatSetValues calls=0
    using I-node routines: found 3107 nodes, limit used is 5
Mat Object: 1 MPI process
  type: seqaij
  rows=12428, cols=12428, bs=4
  total: nonzeros=600272, allocated nonzeros=600272
  total number of mallocs used during MatSetValues calls=0
    using I-node routines: found 3107 nodes, limit used is 5
Mat Object: 1 MPI process
  type: seqaij
  rows=12428, cols=12428, bs=4
  total: nonzeros=600272, allocated nonzeros=600272
  total number of mallocs used during MatSetValues calls=0
    using I-node routines: found 3107 nodes, limit used is 5
  0 KSP unpreconditioned resid norm 5.126040811758e+01 true resid norm 5.126040811758e+01 ||r(i)||/||b|| 1.000000000000e+00
  1 KSP unpreconditioned resid norm 3.014985311490e+01 true resid norm 3.014985311490e+01 ||r(i)||/||b|| 5.881703681669e-01
  2 KSP unpreconditioned resid norm 2.250701597095e+01 true resid norm 2.250701597095e+01 ||r(i)||/||b|| 4.390721181798e-01
  3 KSP unpreconditioned resid norm 2.007048003240e+01 true resid norm 2.007048003240e+01 ||r(i)||/||b|| 3.915396066758e-01
  4 KSP unpreconditioned resid norm 1.749330333261e+01 true resid norm 1.749330333261e+01 ||r(i)||/||b|| 3.412634423917e-01
  5 KSP unpreconditioned resid norm 1.591655663224e+01 true resid norm 1.591655663224e+01 ||r(i)||/||b|| 3.105038999246e-01
  6 KSP unpreconditioned resid norm 1.443206240737e+01 true resid norm 1.443206240737e+01 ||r(i)||/||b|| 2.815440402710e-01
  7 KSP unpreconditioned resid norm 1.084253872995e+01 true resid norm 1.084253872995e+01 ||r(i)||/||b|| 2.115187749788e-01
  8 KSP unpreconditioned resid norm 3.243727040160e+00 true resid norm 3.243727040161e+00 ||r(i)||/||b|| 6.327938382231e-02
  9 KSP unpreconditioned resid norm 3.848037365658e-01 true resid norm 3.848037365659e-01 ||r(i)||/||b|| 7.506841063053e-03
 10 KSP unpreconditioned resid norm 4.088510372032e-02 true resid norm 4.088510372012e-02 ||r(i)||/||b|| 7.975961413794e-04
 11 KSP unpreconditioned resid norm 6.169742921954e-03 true resid norm 6.169742922280e-03 ||r(i)||/||b|| 1.203607842553e-04
 12 KSP unpreconditioned resid norm 9.291480161900e-04 true resid norm 9.291480160643e-04 ||r(i)||/||b|| 1.812603625654e-05
 13 KSP unpreconditioned resid norm 1.153678222211e-04 true resid norm 1.153678221778e-04 ||r(i)||/||b|| 2.250622388983e-06
 14 KSP unpreconditioned resid norm 1.713700989597e-05 true resid norm 1.713701007430e-05 ||r(i)||/||b|| 3.343127903897e-07
 15 KSP unpreconditioned resid norm 2.156367594332e-06 true resid norm 2.156367392057e-06 ||r(i)||/||b|| 4.206691813906e-08
 16 KSP unpreconditioned resid norm 3.192608558129e-07 true resid norm 3.192607840952e-07 ||r(i)||/||b|| 6.228213855865e-09
 17 KSP unpreconditioned resid norm 3.763421807623e-08 true resid norm 3.763403920499e-08 ||r(i)||/||b|| 7.341736163838e-10
 18 KSP unpreconditioned resid norm 5.036795515392e-09 true resid norm 5.036822709147e-09 ||r(i)||/||b|| 9.825951244075e-11
  Linear solve converged due to CONVERGED_RTOL iterations 18
Mat Object: 1 MPI process
  type: seqaij
  rows=12428, cols=12428, bs=4
  total: nonzeros=600272, allocated nonzeros=600272
  total number of mallocs used during MatSetValues calls=0
    using I-node routines: found 3107 nodes, limit used is 5
Vec Object: 1 MPI process
  type: seq
  length=12428, bs=4
Vec Object: 1 MPI process
  type: seq
  length=12428, bs=4
KSP Object: 1 MPI process
  type: gmres
    restart=100, using classical (unmodified) Gram-Schmidt orthogonalization with no iterative refinement
    happy breakdown tolerance=1e-30
  maximum iterations=2000, initial guess is zero
  tolerances: relative=1e-10, absolute=1e-24, divergence=10000.
  right preconditioning
  diagonally scaled system
  using UNPRECONDITIONED norm type for convergence test
PC Object: 1 MPI process
  type: asm
    total subdomain blocks = 1, amount of overlap = 2
    restriction/interpolation type - RESTRICT
    Local solver information for first block is in the following KSP and PC objects on rank 0:
    Use -ksp_view ::ascii_info_detail to display information for all blocks
    KSP Object: (sub_) 1 MPI process
      type: preonly
      maximum iterations=10000, initial guess is zero
      tolerances: relative=1e-05, absolute=1e-50, divergence=10000.
      left preconditioning
      not checking for convergence
    PC Object: (sub_) 1 MPI process
      type: ilu
        out-of-place factorization
        2 levels of fill
        tolerance for zero pivot 2.22045e-14
        matrix ordering: natural
        factor fill ratio given 1., needed 3.47264
          Factored matrix:
            Mat Object: (sub_) 1 MPI process
              type: seqaij
              rows=12428, cols=12428, bs=4
              package used to perform factorization: petsc
              total: nonzeros=2084528, allocated nonzeros=2084528
                using I-node routines: found 3107 nodes, limit used is 5
      linear system matrix, which is also used to construct the preconditioner:
      Mat Object: (sub_) 1 MPI process
        type: seqaij
        rows=12428, cols=12428, bs=4
        total: nonzeros=600272, allocated nonzeros=600272
        total number of mallocs used during MatSetValues calls=0
          using I-node routines: found 3107 nodes, limit used is 5
  linear system matrix, which is also used to construct the preconditioner:
  Mat Object: 1 MPI process
    type: seqaij
    rows=12428, cols=12428, bs=4
    total: nonzeros=600272, allocated nonzeros=600272
    total number of mallocs used during MatSetValues calls=0
      using I-node routines: found 3107 nodes, limit used is 5
 NS      1-1    2.801e-01 [   0  1.000e+00  1.000e+00  9.826e-11] [   18 -230   71]
Vec Object: 1 MPI process
  type: seq
  length=12428, bs=4
Mat Object: 1 MPI process
  type: seqaij
  rows=12428, cols=12428, bs=4
  total: nonzeros=600272, allocated nonzeros=600272
  total number of mallocs used during MatSetValues calls=0
    using I-node routines: found 3107 nodes, limit used is 5
Mat Object: 1 MPI process
  type: seqaij
  rows=12428, cols=12428, bs=4
  total: nonzeros=600272, allocated nonzeros=600272
  total number of mallocs used during MatSetValues calls=0
    using I-node routines: found 3107 nodes, limit used is 5
  0 KSP unpreconditioned resid norm 1.320404265929e-02 true resid norm 1.320404265929e-02 ||r(i)||/||b|| 1.000000000000e+00
  1 KSP unpreconditioned resid norm 3.735542502887e-04 true resid norm 3.735542502887e-04 ||r(i)||/||b|| 2.829089998629e-02
  2 KSP unpreconditioned resid norm 1.573787515170e-04 true resid norm 1.573787515170e-04 ||r(i)||/||b|| 1.191898235850e-02
  3 KSP unpreconditioned resid norm 9.628806508756e-05 true resid norm 9.628806508756e-05 ||r(i)||/||b|| 7.292317025332e-03
  4 KSP unpreconditioned resid norm 6.479342642732e-05 true resid norm 6.479342642732e-05 ||r(i)||/||b|| 4.907090055614e-03
  5 KSP unpreconditioned resid norm 4.349955834655e-05 true resid norm 4.349955834655e-05 ||r(i)||/||b|| 3.294412133389e-03
  6 KSP unpreconditioned resid norm 3.527323316442e-05 true resid norm 3.527323316442e-05 ||r(i)||/||b|| 2.671396486257e-03
  7 KSP unpreconditioned resid norm 3.041245313428e-05 true resid norm 3.041245313427e-05 ||r(i)||/||b|| 2.303268318576e-03
  8 KSP unpreconditioned resid norm 2.781363469829e-05 true resid norm 2.781363469828e-05 ||r(i)||/||b|| 2.106448412502e-03
  9 KSP unpreconditioned resid norm 1.101281513818e-05 true resid norm 1.101281513817e-05 ||r(i)||/||b|| 8.340487396423e-04
 10 KSP unpreconditioned resid norm 1.486101347395e-06 true resid norm 1.486101347394e-06 ||r(i)||/||b|| 1.125489659296e-04
 11 KSP unpreconditioned resid norm 1.564946007825e-07 true resid norm 1.564946007830e-07 ||r(i)||/||b|| 1.185202174979e-05
 12 KSP unpreconditioned resid norm 2.507173453171e-08 true resid norm 2.507173453214e-08 ||r(i)||/||b|| 1.898792300137e-06
 13 KSP unpreconditioned resid norm 3.458212335066e-09 true resid norm 3.458212335485e-09 ||r(i)||/||b|| 2.619055712495e-07
 14 KSP unpreconditioned resid norm 4.954207990406e-10 true resid norm 4.954207989328e-10 ||r(i)||/||b|| 3.752038763554e-08
 15 KSP unpreconditioned resid norm 7.766272666028e-11 true resid norm 7.766272620613e-11 ||r(i)||/||b|| 5.881738510704e-09
 16 KSP unpreconditioned resid norm 1.052190986592e-11 true resid norm 1.052191045009e-11 ||r(i)||/||b|| 7.968703768682e-10
 17 KSP unpreconditioned resid norm 1.338648400223e-12 true resid norm 1.338648339153e-12 ||r(i)||/||b|| 1.013817035960e-10
 18 KSP unpreconditioned resid norm 1.164932023769e-13 true resid norm 1.164930328196e-13 ||r(i)||/||b|| 8.822527753470e-12
  Linear solve converged due to CONVERGED_RTOL iterations 18
Mat Object: 1 MPI process
  type: seqaij
  rows=12428, cols=12428, bs=4
  total: nonzeros=600272, allocated nonzeros=600272
  total number of mallocs used during MatSetValues calls=0
    using I-node routines: found 3107 nodes, limit used is 5
Vec Object: 1 MPI process
  type: seq
  length=12428, bs=4
Vec Object: 1 MPI process
  type: seq
  length=12428, bs=4
KSP Object: 1 MPI process
  type: gmres
    restart=100, using classical (unmodified) Gram-Schmidt orthogonalization with no iterative refinement
    happy breakdown tolerance=1e-30
  maximum iterations=2000, initial guess is zero
  tolerances: relative=1e-10, absolute=1e-24, divergence=10000.
  right preconditioning
  diagonally scaled system
  using UNPRECONDITIONED norm type for convergence test
PC Object: 1 MPI process
  type: asm
    total subdomain blocks = 1, amount of overlap = 2
    restriction/interpolation type - RESTRICT
    Local solver information for first block is in the following KSP and PC objects on rank 0:
    Use -ksp_view ::ascii_info_detail to display information for all blocks
    KSP Object: (sub_) 1 MPI process
      type: preonly
      maximum iterations=10000, initial guess is zero
      tolerances: relative=1e-05, absolute=1e-50, divergence=10000.
      left preconditioning
      not checking for convergence
    PC Object: (sub_) 1 MPI process
      type: ilu
        out-of-place factorization
        2 levels of fill
        tolerance for zero pivot 2.22045e-14
        matrix ordering: natural
        factor fill ratio given 1., needed 3.47264
          Factored matrix:
            Mat Object: (sub_) 1 MPI process
              type: seqaij
              rows=12428, cols=12428, bs=4
              package used to perform factorization: petsc
              total: nonzeros=2084528, allocated nonzeros=2084528
                using I-node routines: found 3107 nodes, limit used is 5
      linear system matrix, which is also used to construct the preconditioner:
      Mat Object: (sub_) 1 MPI process
        type: seqaij
        rows=12428, cols=12428, bs=4
        total: nonzeros=600272, allocated nonzeros=600272
        total number of mallocs used during MatSetValues calls=0
          using I-node routines: found 3107 nodes, limit used is 5
  linear system matrix, which is also used to construct the preconditioner:
  Mat Object: 1 MPI process
    type: seqaij
    rows=12428, cols=12428, bs=4
    total: nonzeros=600272, allocated nonzeros=600272
    total number of mallocs used during MatSetValues calls=0
      using I-node routines: found 3107 nodes, limit used is 5
 NS      1-2    4.232e-01 [ -71  2.576e-04  2.576e-04  8.823e-12] [   18 -255   54]
Vec Object: 1 MPI process
  type: seq
  length=12428, bs=4
Mat Object: 1 MPI process
  type: seqaij
  rows=12428, cols=12428, bs=4
  total: nonzeros=600272, allocated nonzeros=600272
  total number of mallocs used during MatSetValues calls=0
    using I-node routines: found 3107 nodes, limit used is 5
Mat Object: 1 MPI process
  type: seqaij
  rows=12428, cols=12428, bs=4
  total: nonzeros=600272, allocated nonzeros=600272
  total number of mallocs used during MatSetValues calls=0
    using I-node routines: found 3107 nodes, limit used is 5
  0 KSP unpreconditioned resid norm 1.013409573924e-06 true resid norm 1.013409573924e-06 ||r(i)||/||b|| 1.000000000000e+00
  1 KSP unpreconditioned resid norm 1.695018592811e-08 true resid norm 1.695018592811e-08 ||r(i)||/||b|| 1.672589875234e-02
  2 KSP unpreconditioned resid norm 7.000257405202e-09 true resid norm 7.000257405202e-09 ||r(i)||/||b|| 6.907629042911e-03
  3 KSP unpreconditioned resid norm 4.120423276313e-09 true resid norm 4.120423276313e-09 ||r(i)||/||b|| 4.065901272629e-03
  4 KSP unpreconditioned resid norm 2.965026544580e-09 true resid norm 2.965026544580e-09 ||r(i)||/||b|| 2.925792908289e-03
  5 KSP unpreconditioned resid norm 1.953413026074e-09 true resid norm 1.953413026074e-09 ||r(i)||/||b|| 1.927565198057e-03
  6 KSP unpreconditioned resid norm 1.589575341468e-09 true resid norm 1.589575341468e-09 ||r(i)||/||b|| 1.568541863398e-03
  7 KSP unpreconditioned resid norm 1.426775303685e-09 true resid norm 1.426775303685e-09 ||r(i)||/||b|| 1.407896017954e-03
  8 KSP unpreconditioned resid norm 1.244897930322e-09 true resid norm 1.244897930322e-09 ||r(i)||/||b|| 1.228425270843e-03
  9 KSP unpreconditioned resid norm 3.948216408054e-10 true resid norm 3.948216408055e-10 ||r(i)||/||b|| 3.895973069177e-04
 10 KSP unpreconditioned resid norm 6.293281993445e-11 true resid norm 6.293281993444e-11 ||r(i)||/||b|| 6.210008426381e-05
 11 KSP unpreconditioned resid norm 6.779530572318e-12 true resid norm 6.779530572333e-12 ||r(i)||/||b|| 6.689822897648e-06
 12 KSP unpreconditioned resid norm 1.007785331809e-12 true resid norm 1.007785331854e-12 ||r(i)||/||b|| 9.944501786692e-07
 13 KSP unpreconditioned resid norm 1.282716530494e-13 true resid norm 1.282716530361e-13 ||r(i)||/||b|| 1.265743450000e-07
 14 KSP unpreconditioned resid norm 1.696470911228e-14 true resid norm 1.696470913609e-14 ||r(i)||/||b|| 1.674022978725e-08
 15 KSP unpreconditioned resid norm 3.001276857907e-15 true resid norm 3.001276837755e-15 ||r(i)||/||b|| 2.961563532633e-09
 16 KSP unpreconditioned resid norm 3.506465801912e-16 true resid norm 3.506465598300e-16 ||r(i)||/||b|| 3.460067566485e-10
 17 KSP unpreconditioned resid norm 4.451987120179e-17 true resid norm 4.451986017447e-17 ||r(i)||/||b|| 4.393076730278e-11
  Linear solve converged due to CONVERGED_RTOL iterations 17
Mat Object: 1 MPI process
  type: seqaij
  rows=12428, cols=12428, bs=4
  total: nonzeros=600272, allocated nonzeros=600272
  total number of mallocs used during MatSetValues calls=0
    using I-node routines: found 3107 nodes, limit used is 5
Vec Object: 1 MPI process
  type: seq
  length=12428, bs=4
Vec Object: 1 MPI process
  type: seq
  length=12428, bs=4
KSP Object: 1 MPI process
  type: gmres
    restart=100, using classical (unmodified) Gram-Schmidt orthogonalization with no iterative refinement
    happy breakdown tolerance=1e-30
  maximum iterations=2000, initial guess is zero
  tolerances: relative=1e-10, absolute=1e-24, divergence=10000.
  right preconditioning
  diagonally scaled system
  using UNPRECONDITIONED norm type for convergence test
PC Object: 1 MPI process
  type: asm
    total subdomain blocks = 1, amount of overlap = 2
    restriction/interpolation type - RESTRICT
    Local solver information for first block is in the following KSP and PC objects on rank 0:
    Use -ksp_view ::ascii_info_detail to display information for all blocks
    KSP Object: (sub_) 1 MPI process
      type: preonly
      maximum iterations=10000, initial guess is zero
      tolerances: relative=1e-05, absolute=1e-50, divergence=10000.
      left preconditioning
      not checking for convergence
    PC Object: (sub_) 1 MPI process
      type: ilu
        out-of-place factorization
        2 levels of fill
        tolerance for zero pivot 2.22045e-14
        matrix ordering: natural
        factor fill ratio given 1., needed 3.47264
          Factored matrix:
            Mat Object: (sub_) 1 MPI process
              type: seqaij
              rows=12428, cols=12428, bs=4
              package used to perform factorization: petsc
              total: nonzeros=2084528, allocated nonzeros=2084528
                using I-node routines: found 3107 nodes, limit used is 5
      linear system matrix, which is also used to construct the preconditioner:
      Mat Object: (sub_) 1 MPI process
        type: seqaij
        rows=12428, cols=12428, bs=4
        total: nonzeros=600272, allocated nonzeros=600272
        total number of mallocs used during MatSetValues calls=0
          using I-node routines: found 3107 nodes, limit used is 5
  linear system matrix, which is also used to construct the preconditioner:
  Mat Object: 1 MPI process
    type: seqaij
    rows=12428, cols=12428, bs=4
    total: nonzeros=600272, allocated nonzeros=600272
    total number of mallocs used during MatSetValues calls=0
      using I-node routines: found 3107 nodes, limit used is 5
 NS      1-3    5.602e-01 [-154  1.977e-08  1.977e-08  4.393e-11] [   17 -238   53]
Vec Object: 1 MPI process
  type: seq
  length=12428, bs=4
Mat Object: 1 MPI process
  type: seqaij
  rows=12428, cols=12428, bs=4
  total: nonzeros=600272, allocated nonzeros=600272
  total number of mallocs used during MatSetValues calls=0
    using I-node routines: found 3107 nodes, limit used is 5
Mat Object: 1 MPI process
  type: seqaij
  rows=12428, cols=12428, bs=4
  total: nonzeros=600272, allocated nonzeros=600272
  total number of mallocs used during MatSetValues calls=0
    using I-node routines: found 3107 nodes, limit used is 5
  0 KSP unpreconditioned resid norm 5.374497972373e-11 true resid norm 5.374497972373e-11 ||r(i)||/||b|| 1.000000000000e+00
  1 KSP unpreconditioned resid norm 8.399541542364e-13 true resid norm 8.399541542364e-13 ||r(i)||/||b|| 1.562851374313e-02
  2 KSP unpreconditioned resid norm 3.129344257996e-13 true resid norm 3.129344257996e-13 ||r(i)||/||b|| 5.822579660616e-03
  3 KSP unpreconditioned resid norm 1.544261193721e-13 true resid norm 1.544261193721e-13 ||r(i)||/||b|| 2.873312450129e-03
  4 KSP unpreconditioned resid norm 1.066726743003e-13 true resid norm 1.066726743003e-13 ||r(i)||/||b|| 1.984793274621e-03
  5 KSP unpreconditioned resid norm 9.243874664031e-14 true resid norm 9.243874664031e-14 ||r(i)||/||b|| 1.719951279459e-03
  6 KSP unpreconditioned resid norm 8.112688184722e-14 true resid norm 8.112688184722e-14 ||r(i)||/||b|| 1.509478322705e-03
  7 KSP unpreconditioned resid norm 6.830473286456e-14 true resid norm 6.830473286455e-14 ||r(i)||/||b|| 1.270904430807e-03
  8 KSP unpreconditioned resid norm 6.126832769052e-14 true resid norm 6.126832769051e-14 ||r(i)||/||b|| 1.139982338917e-03
  9 KSP unpreconditioned resid norm 3.142513767249e-14 true resid norm 3.142513767248e-14 ||r(i)||/||b|| 5.847083361835e-04
 10 KSP unpreconditioned resid norm 5.297198231891e-15 true resid norm 5.297198231890e-15 ||r(i)||/||b|| 9.856173095830e-05
 11 KSP unpreconditioned resid norm 5.258962418292e-16 true resid norm 5.258962418269e-16 ||r(i)||/||b|| 9.785030053601e-06
 12 KSP unpreconditioned resid norm 8.678587492170e-17 true resid norm 8.678587492163e-17 ||r(i)||/||b|| 1.614771749245e-06
 13 KSP unpreconditioned resid norm 1.134993225316e-17 true resid norm 1.134993225260e-17 ||r(i)||/||b|| 2.111812547134e-07
 14 KSP unpreconditioned resid norm 1.574258639133e-18 true resid norm 1.574258640904e-18 ||r(i)||/||b|| 2.929126867283e-08
 15 KSP unpreconditioned resid norm 2.570875299723e-19 true resid norm 2.570875308126e-19 ||r(i)||/||b|| 4.783470607563e-09
 16 KSP unpreconditioned resid norm 3.307851421294e-20 true resid norm 3.307851514143e-20 ||r(i)||/||b|| 6.154717205489e-10
 17 KSP unpreconditioned resid norm 3.823656606280e-21 true resid norm 3.823656795437e-21 ||r(i)||/||b|| 7.114444577135e-11
  Linear solve converged due to CONVERGED_RTOL iterations 17
Mat Object: 1 MPI process
  type: seqaij
  rows=12428, cols=12428, bs=4
  total: nonzeros=600272, allocated nonzeros=600272
  total number of mallocs used during MatSetValues calls=0
    using I-node routines: found 3107 nodes, limit used is 5
Vec Object: 1 MPI process
  type: seq
  length=12428, bs=4
Vec Object: 1 MPI process
  type: seq
  length=12428, bs=4
KSP Object: 1 MPI process
  type: gmres
    restart=100, using classical (unmodified) Gram-Schmidt orthogonalization with no iterative refinement
    happy breakdown tolerance=1e-30
  maximum iterations=2000, initial guess is zero
  tolerances: relative=1e-10, absolute=1e-24, divergence=10000.
  right preconditioning
  diagonally scaled system
  using UNPRECONDITIONED norm type for convergence test
PC Object: 1 MPI process
  type: asm
    total subdomain blocks = 1, amount of overlap = 2
    restriction/interpolation type - RESTRICT
    Local solver information for first block is in the following KSP and PC objects on rank 0:
    Use -ksp_view ::ascii_info_detail to display information for all blocks
    KSP Object: (sub_) 1 MPI process
      type: preonly
      maximum iterations=10000, initial guess is zero
      tolerances: relative=1e-05, absolute=1e-50, divergence=10000.
      left preconditioning
      not checking for convergence
    PC Object: (sub_) 1 MPI process
      type: ilu
        out-of-place factorization
        2 levels of fill
        tolerance for zero pivot 2.22045e-14
        matrix ordering: natural
        factor fill ratio given 1., needed 3.47264
          Factored matrix:
            Mat Object: (sub_) 1 MPI process
              type: seqaij
              rows=12428, cols=12428, bs=4
              package used to perform factorization: petsc
              total: nonzeros=2084528, allocated nonzeros=2084528
                using I-node routines: found 3107 nodes, limit used is 5
      linear system matrix, which is also used to construct the preconditioner:
      Mat Object: (sub_) 1 MPI process
        type: seqaij
        rows=12428, cols=12428, bs=4
        total: nonzeros=600272, allocated nonzeros=600272
        total number of mallocs used during MatSetValues calls=0
          using I-node routines: found 3107 nodes, limit used is 5
  linear system matrix, which is also used to construct the preconditioner:
  Mat Object: 1 MPI process
    type: seqaij
    rows=12428, cols=12428, bs=4
    total: nonzeros=600272, allocated nonzeros=600272
    total number of mallocs used during MatSetValues calls=0
      using I-node routines: found 3107 nodes, limit used is 5
 NS      1-4s   6.974e-01 [-239  1.048e-12  1.048e-12  7.114e-11] [   17 -234   53]
