Breakpoint 1 at 0x14790
Breakpoint 2 at 0x15c70
warning: Error disabling address space randomization: Operation not permitted
[Thread debugging using libthread_db enabled]
Using host libthread_db library "/usr/lib/x86_64-linux-gnu/libthread_db.so.1".
[New Thread 0x7f52baf6f000 (LWP 531192)]
[New Thread 0x7f52ba655000 (LWP 531193)]
[Detaching after vfork from child process 531194]
-----------------------------------------------------------------------------------
 Eq      N-i            T    dB      Ri/R1      Ri/R0       R/Ri    lsIt   dB   %t
-----------------------------------------------------------------------------------
[New Thread 0x7f52b9273000 (LWP 531196)]
 <PETSC_INITIALIZE>: use linear solver config. from svFSI input.
[New Thread 0x7f529d42a000 (LWP 531197)]
[New Thread 0x7f529cc29000 (LWP 531198)]
[New Thread 0x7f5296c7e000 (LWP 531199)]
Mat Object: 1 MPI process
  type: preallocator
  rows=12428, cols=12428, bs=4
Mat Object: 1 MPI process
  type: seqaijcusparse
  rows=12428, cols=12428, bs=4
  total: nonzeros=600272, allocated nonzeros=600272
  total number of mallocs used during MatSetValues calls=0
    not using I-node routines
Vec Object: 1 MPI process
  type: seqcuda
  length=12428, bs=4
Mat Object: 1 MPI process
  type: seqaijcusparse
  rows=12428, cols=12428, bs=4
  total: nonzeros=600272, allocated nonzeros=600272
  total number of mallocs used during MatSetValues calls=0
    not using I-node routines
Mat Object: 1 MPI process
  type: seqaijcusparse
  rows=12428, cols=12428, bs=4
  total: nonzeros=600272, allocated nonzeros=600272
  total number of mallocs used during MatSetValues calls=0
    not using I-node routines
Mat Object: 1 MPI process
  type: seqaijcusparse
  rows=12428, cols=12428, bs=4
  total: nonzeros=600272, allocated nonzeros=600272
  total number of mallocs used during MatSetValues calls=0
    not using I-node routines
  0 KSP unpreconditioned resid norm 5.126040811758e+01 true resid norm 5.126040811758e+01 ||r(i)||/||b|| 1.000000000000e+00
  1 KSP unpreconditioned resid norm 3.014985311490e+01 true resid norm 3.014985311490e+01 ||r(i)||/||b|| 5.881703681669e-01
  2 KSP unpreconditioned resid norm 2.250701597095e+01 true resid norm 2.250701597095e+01 ||r(i)||/||b|| 4.390721181798e-01
  3 KSP unpreconditioned resid norm 2.007048003240e+01 true resid norm 2.007048003240e+01 ||r(i)||/||b|| 3.915396066758e-01
  4 KSP unpreconditioned resid norm 1.749330333261e+01 true resid norm 1.749330333261e+01 ||r(i)||/||b|| 3.412634423917e-01
  5 KSP unpreconditioned resid norm 1.591655663224e+01 true resid norm 1.591655663224e+01 ||r(i)||/||b|| 3.105038999246e-01
  6 KSP unpreconditioned resid norm 1.443206240737e+01 true resid norm 1.443206240737e+01 ||r(i)||/||b|| 2.815440402710e-01
  7 KSP unpreconditioned resid norm 1.084253872995e+01 true resid norm 1.084253872995e+01 ||r(i)||/||b|| 2.115187749788e-01
  8 KSP unpreconditioned resid norm 3.243727040160e+00 true resid norm 3.243727040160e+00 ||r(i)||/||b|| 6.327938382231e-02
  9 KSP unpreconditioned resid norm 3.848037365658e-01 true resid norm 3.848037365658e-01 ||r(i)||/||b|| 7.506841063050e-03
 10 KSP unpreconditioned resid norm 4.088510372034e-02 true resid norm 4.088510372029e-02 ||r(i)||/||b|| 7.975961413828e-04
 11 KSP unpreconditioned resid norm 6.169742921943e-03 true resid norm 6.169742921916e-03 ||r(i)||/||b|| 1.203607842482e-04
 12 KSP unpreconditioned resid norm 9.291480161686e-04 true resid norm 9.291480162218e-04 ||r(i)||/||b|| 1.812603625961e-05
 13 KSP unpreconditioned resid norm 1.153678222157e-04 true resid norm 1.153678220674e-04 ||r(i)||/||b|| 2.250622386828e-06
 14 KSP unpreconditioned resid norm 1.713700989539e-05 true resid norm 1.713700985837e-05 ||r(i)||/||b|| 3.343127861773e-07
 15 KSP unpreconditioned resid norm 2.156367587693e-06 true resid norm 2.156367350286e-06 ||r(i)||/||b|| 4.206691732418e-08
 16 KSP unpreconditioned resid norm 3.192608702701e-07 true resid norm 3.192609273872e-07 ||r(i)||/||b|| 6.228216651238e-09
 17 KSP unpreconditioned resid norm 3.763422240500e-08 true resid norm 3.763415986084e-08 ||r(i)||/||b|| 7.341759701662e-10
 18 KSP unpreconditioned resid norm 5.036790695597e-09 true resid norm 5.036855518003e-09 ||r(i)||/||b|| 9.826015248356e-11
  Linear solve converged due to CONVERGED_RTOL iterations 18
Mat Object: 1 MPI process
  type: seqaijcusparse
  rows=12428, cols=12428, bs=4
  total: nonzeros=600272, allocated nonzeros=600272
  total number of mallocs used during MatSetValues calls=0
    not using I-node routines
Vec Object: 1 MPI process
  type: seqcuda
  length=12428, bs=4
Vec Object: 1 MPI process
  type: seqcuda
  length=12428, bs=4
KSP Object: 1 MPI process
  type: gmres
    restart=100, using classical (unmodified) Gram-Schmidt orthogonalization with no iterative refinement
    happy breakdown tolerance=1e-30
  maximum iterations=2000, initial guess is zero
  tolerances: relative=1e-10, absolute=1e-24, divergence=10000.
  right preconditioning
  diagonally scaled system
  using UNPRECONDITIONED norm type for convergence test
PC Object: 1 MPI process
  type: asm
    total subdomain blocks = 1, amount of overlap = 2
    restriction/interpolation type - RESTRICT
    Local solver information for first block is in the following KSP and PC objects on rank 0:
    Use -ksp_view ::ascii_info_detail to display information for all blocks
    KSP Object: (sub_) 1 MPI process
      type: preonly
      maximum iterations=10000, initial guess is zero
      tolerances: relative=1e-05, absolute=1e-50, divergence=10000.
      left preconditioning
      not checking for convergence
    PC Object: (sub_) 1 MPI process
      type: ilu
        out-of-place factorization
        2 levels of fill
        tolerance for zero pivot 2.22045e-14
        matrix ordering: natural
        factor fill ratio given 1., needed 3.47264
          Factored matrix:
            Mat Object: (sub_) 1 MPI process
              type: seqaijcusparse
              rows=12428, cols=12428, bs=4
              package used to perform factorization: cusparse
              total: nonzeros=2084528, allocated nonzeros=2084528
                using I-node routines: found 3107 nodes, limit used is 5
      linear system matrix, which is also used to construct the preconditioner:
      Mat Object: (sub_) 1 MPI process
        type: seqaijcusparse
        rows=12428, cols=12428, bs=4
        total: nonzeros=600272, allocated nonzeros=600272
        total number of mallocs used during MatSetValues calls=0
          not using I-node routines
  linear system matrix, which is also used to construct the preconditioner:
  Mat Object: 1 MPI process
    type: seqaijcusparse
    rows=12428, cols=12428, bs=4
    total: nonzeros=600272, allocated nonzeros=600272
    total number of mallocs used during MatSetValues calls=0
      not using I-node routines
 NS      1-1    6.095e-01 [   0  1.000e+00  1.000e+00  9.826e-11] [   18 -230   54]
Vec Object: 1 MPI process
  type: seqcuda
  length=12428, bs=4
Mat Object: 1 MPI process
  type: seqaijcusparse
  rows=12428, cols=12428, bs=4
  total: nonzeros=600272, allocated nonzeros=600272
  total number of mallocs used during MatSetValues calls=0
    not using I-node routines
Mat Object: 1 MPI process
  type: seqaijcusparse
  rows=12428, cols=12428, bs=4
  total: nonzeros=600272, allocated nonzeros=600272
  total number of mallocs used during MatSetValues calls=0
    not using I-node routines
  0 KSP unpreconditioned resid norm 1.320404265991e-02 true resid norm 1.320404265991e-02 ||r(i)||/||b|| 1.000000000000e+00
  1 KSP unpreconditioned resid norm 3.735542502300e-04 true resid norm 3.735542502300e-04 ||r(i)||/||b|| 2.829089998053e-02
  2 KSP unpreconditioned resid norm 1.573787515701e-04 true resid norm 1.573787515701e-04 ||r(i)||/||b|| 1.191898236197e-02
  3 KSP unpreconditioned resid norm 9.628806500399e-05 true resid norm 9.628806500399e-05 ||r(i)||/||b|| 7.292317018663e-03
  4 KSP unpreconditioned resid norm 6.479342594409e-05 true resid norm 6.479342594409e-05 ||r(i)||/||b|| 4.907090018789e-03
  5 KSP unpreconditioned resid norm 4.349955743152e-05 true resid norm 4.349955743152e-05 ||r(i)||/||b|| 3.294412063936e-03
  6 KSP unpreconditioned resid norm 3.527323219395e-05 true resid norm 3.527323219395e-05 ||r(i)||/||b|| 2.671396412635e-03
  7 KSP unpreconditioned resid norm 3.041245222816e-05 true resid norm 3.041245222816e-05 ||r(i)||/||b|| 2.303268249845e-03
  8 KSP unpreconditioned resid norm 2.781363397356e-05 true resid norm 2.781363397356e-05 ||r(i)||/||b|| 2.106448357519e-03
  9 KSP unpreconditioned resid norm 1.101281509159e-05 true resid norm 1.101281509159e-05 ||r(i)||/||b|| 8.340487360764e-04
 10 KSP unpreconditioned resid norm 1.486101342344e-06 true resid norm 1.486101342345e-06 ||r(i)||/||b|| 1.125489655420e-04
 11 KSP unpreconditioned resid norm 1.564945999445e-07 true resid norm 1.564945999446e-07 ||r(i)||/||b|| 1.185202168574e-05
 12 KSP unpreconditioned resid norm 2.507173429909e-08 true resid norm 2.507173429898e-08 ||r(i)||/||b|| 1.898792282390e-06
 13 KSP unpreconditioned resid norm 3.458212291723e-09 true resid norm 3.458212291736e-09 ||r(i)||/||b|| 2.619055679241e-07
 14 KSP unpreconditioned resid norm 4.954207941111e-10 true resid norm 4.954207944506e-10 ||r(i)||/||b|| 3.752038729434e-08
 15 KSP unpreconditioned resid norm 7.766272590453e-11 true resid norm 7.766272616536e-11 ||r(i)||/||b|| 5.881738507342e-09
 16 KSP unpreconditioned resid norm 1.052191039217e-11 true resid norm 1.052191079510e-11 ||r(i)||/||b|| 7.968704029602e-10
 17 KSP unpreconditioned resid norm 1.338648083315e-12 true resid norm 1.338647865873e-12 ||r(i)||/||b|| 1.013816677477e-10
 18 KSP unpreconditioned resid norm 1.164928707399e-13 true resid norm 1.164925160301e-13 ||r(i)||/||b|| 8.822488614326e-12
  Linear solve converged due to CONVERGED_RTOL iterations 18
Mat Object: 1 MPI process
  type: seqaijcusparse
  rows=12428, cols=12428, bs=4
  total: nonzeros=600272, allocated nonzeros=600272
  total number of mallocs used during MatSetValues calls=0
    not using I-node routines
Vec Object: 1 MPI process
  type: seqcuda
  length=12428, bs=4
Vec Object: 1 MPI process
  type: seqcuda
  length=12428, bs=4
KSP Object: 1 MPI process
  type: gmres
    restart=100, using classical (unmodified) Gram-Schmidt orthogonalization with no iterative refinement
    happy breakdown tolerance=1e-30
  maximum iterations=2000, initial guess is zero
  tolerances: relative=1e-10, absolute=1e-24, divergence=10000.
  right preconditioning
  diagonally scaled system
  using UNPRECONDITIONED norm type for convergence test
PC Object: 1 MPI process
  type: asm
    total subdomain blocks = 1, amount of overlap = 2
    restriction/interpolation type - RESTRICT
    Local solver information for first block is in the following KSP and PC objects on rank 0:
    Use -ksp_view ::ascii_info_detail to display information for all blocks
    KSP Object: (sub_) 1 MPI process
      type: preonly
      maximum iterations=10000, initial guess is zero
      tolerances: relative=1e-05, absolute=1e-50, divergence=10000.
      left preconditioning
      not checking for convergence
    PC Object: (sub_) 1 MPI process
      type: ilu
        out-of-place factorization
        2 levels of fill
        tolerance for zero pivot 2.22045e-14
        matrix ordering: natural
        factor fill ratio given 1., needed 3.47264
          Factored matrix:
            Mat Object: (sub_) 1 MPI process
              type: seqaijcusparse
              rows=12428, cols=12428, bs=4
              package used to perform factorization: cusparse
              total: nonzeros=2084528, allocated nonzeros=2084528
                using I-node routines: found 3107 nodes, limit used is 5
      linear system matrix, which is also used to construct the preconditioner:
      Mat Object: (sub_) 1 MPI process
        type: seqaijcusparse
        rows=12428, cols=12428, bs=4
        total: nonzeros=600272, allocated nonzeros=600272
        total number of mallocs used during MatSetValues calls=0
          not using I-node routines
  linear system matrix, which is also used to construct the preconditioner:
  Mat Object: 1 MPI process
    type: seqaijcusparse
    rows=12428, cols=12428, bs=4
    total: nonzeros=600272, allocated nonzeros=600272
    total number of mallocs used during MatSetValues calls=0
      not using I-node routines
 NS      1-2    8.165e-01 [ -71  2.576e-04  2.576e-04  8.823e-12] [   18 -255   68]
Vec Object: 1 MPI process
  type: seqcuda
  length=12428, bs=4
Mat Object: 1 MPI process
  type: seqaijcusparse
  rows=12428, cols=12428, bs=4
  total: nonzeros=600272, allocated nonzeros=600272
  total number of mallocs used during MatSetValues calls=0
    not using I-node routines
Mat Object: 1 MPI process
  type: seqaijcusparse
  rows=12428, cols=12428, bs=4
  total: nonzeros=600272, allocated nonzeros=600272
  total number of mallocs used during MatSetValues calls=0
    not using I-node routines
  0 KSP unpreconditioned resid norm 1.013409477791e-06 true resid norm 1.013409477791e-06 ||r(i)||/||b|| 1.000000000000e+00
  1 KSP unpreconditioned resid norm 1.695018370582e-08 true resid norm 1.695018370582e-08 ||r(i)||/||b|| 1.672589814610e-02
  2 KSP unpreconditioned resid norm 7.000255664307e-09 true resid norm 7.000255664307e-09 ||r(i)||/||b|| 6.907627980317e-03
  3 KSP unpreconditioned resid norm 4.120421202682e-09 true resid norm 4.120421202682e-09 ||r(i)||/||b|| 4.065899612134e-03
  4 KSP unpreconditioned resid norm 2.965025357663e-09 true resid norm 2.965025357663e-09 ||r(i)||/||b|| 2.925792014622e-03
  5 KSP unpreconditioned resid norm 1.953412446566e-09 true resid norm 1.953412446566e-09 ||r(i)||/||b|| 1.927564809068e-03
  6 KSP unpreconditioned resid norm 1.589574662724e-09 true resid norm 1.589574662724e-09 ||r(i)||/||b|| 1.568541342429e-03
  7 KSP unpreconditioned resid norm 1.426774647959e-09 true resid norm 1.426774647959e-09 ||r(i)||/||b|| 1.407895504460e-03
  8 KSP unpreconditioned resid norm 1.244897106216e-09 true resid norm 1.244897106216e-09 ||r(i)||/||b|| 1.228424574170e-03
  9 KSP unpreconditioned resid norm 3.948212829764e-10 true resid norm 3.948212829764e-10 ||r(i)||/||b|| 3.895969907811e-04
 10 KSP unpreconditioned resid norm 6.293260135359e-11 true resid norm 6.293260135360e-11 ||r(i)||/||b|| 6.209987446613e-05
 11 KSP unpreconditioned resid norm 6.779518166570e-12 true resid norm 6.779518166573e-12 ||r(i)||/||b|| 6.689811290646e-06
 12 KSP unpreconditioned resid norm 1.007786103179e-12 true resid norm 1.007786103175e-12 ||r(i)||/||b|| 9.944510341193e-07
 13 KSP unpreconditioned resid norm 1.282718054690e-13 true resid norm 1.282718054689e-13 ||r(i)||/||b|| 1.265745074227e-07
 14 KSP unpreconditioned resid norm 1.696473605811e-14 true resid norm 1.696473607324e-14 ||r(i)||/||b|| 1.674025795597e-08
 15 KSP unpreconditioned resid norm 3.001279429346e-15 true resid norm 3.001279419418e-15 ||r(i)||/||b|| 2.961566361073e-09
 16 KSP unpreconditioned resid norm 3.506462614640e-16 true resid norm 3.506462554149e-16 ||r(i)||/||b|| 3.460064890840e-10
 17 KSP unpreconditioned resid norm 4.451974101784e-17 true resid norm 4.451974332997e-17 ||r(i)||/||b|| 4.393065617170e-11
  Linear solve converged due to CONVERGED_RTOL iterations 17
Mat Object: 1 MPI process
  type: seqaijcusparse
  rows=12428, cols=12428, bs=4
  total: nonzeros=600272, allocated nonzeros=600272
  total number of mallocs used during MatSetValues calls=0
    not using I-node routines
Vec Object: 1 MPI process
  type: seqcuda
  length=12428, bs=4
Vec Object: 1 MPI process
  type: seqcuda
  length=12428, bs=4
KSP Object: 1 MPI process
  type: gmres
    restart=100, using classical (unmodified) Gram-Schmidt orthogonalization with no iterative refinement
    happy breakdown tolerance=1e-30
  maximum iterations=2000, initial guess is zero
  tolerances: relative=1e-10, absolute=1e-24, divergence=10000.
  right preconditioning
  diagonally scaled system
  using UNPRECONDITIONED norm type for convergence test
PC Object: 1 MPI process
  type: asm
    total subdomain blocks = 1, amount of overlap = 2
    restriction/interpolation type - RESTRICT
    Local solver information for first block is in the following KSP and PC objects on rank 0:
    Use -ksp_view ::ascii_info_detail to display information for all blocks
    KSP Object: (sub_) 1 MPI process
      type: preonly
      maximum iterations=10000, initial guess is zero
      tolerances: relative=1e-05, absolute=1e-50, divergence=10000.
      left preconditioning
      not checking for convergence
    PC Object: (sub_) 1 MPI process
      type: ilu
        out-of-place factorization
        2 levels of fill
        tolerance for zero pivot 2.22045e-14
        matrix ordering: natural
        factor fill ratio given 1., needed 3.47264
          Factored matrix:
            Mat Object: (sub_) 1 MPI process
              type: seqaijcusparse
              rows=12428, cols=12428, bs=4
              package used to perform factorization: cusparse
              total: nonzeros=2084528, allocated nonzeros=2084528
                using I-node routines: found 3107 nodes, limit used is 5
      linear system matrix, which is also used to construct the preconditioner:
      Mat Object: (sub_) 1 MPI process
        type: seqaijcusparse
        rows=12428, cols=12428, bs=4
        total: nonzeros=600272, allocated nonzeros=600272
        total number of mallocs used during MatSetValues calls=0
          not using I-node routines
  linear system matrix, which is also used to construct the preconditioner:
  Mat Object: 1 MPI process
    type: seqaijcusparse
    rows=12428, cols=12428, bs=4
    total: nonzeros=600272, allocated nonzeros=600272
    total number of mallocs used during MatSetValues calls=0
      not using I-node routines
 NS      1-3    1.016e+00 [-154  1.977e-08  1.977e-08  4.393e-11] [   17 -238   66]
Vec Object: 1 MPI process
  type: seqcuda
  length=12428, bs=4
Mat Object: 1 MPI process
  type: seqaijcusparse
  rows=12428, cols=12428, bs=4
  total: nonzeros=600272, allocated nonzeros=600272
  total number of mallocs used during MatSetValues calls=0
    not using I-node routines
Mat Object: 1 MPI process
  type: seqaijcusparse
  rows=12428, cols=12428, bs=4
  total: nonzeros=600272, allocated nonzeros=600272
  total number of mallocs used during MatSetValues calls=0
    not using I-node routines
  0 KSP unpreconditioned resid norm 5.356307749286e-11 true resid norm 5.356307749286e-11 ||r(i)||/||b|| 1.000000000000e+00
  1 KSP unpreconditioned resid norm 8.389559396611e-13 true resid norm 8.389559396611e-13 ||r(i)||/||b|| 1.566295252122e-02
  2 KSP unpreconditioned resid norm 3.126400183693e-13 true resid norm 3.126400183693e-13 ||r(i)||/||b|| 5.836856898504e-03
  3 KSP unpreconditioned resid norm 1.531417361353e-13 true resid norm 1.531417361353e-13 ||r(i)||/||b|| 2.859091435806e-03
  4 KSP unpreconditioned resid norm 1.050528212870e-13 true resid norm 1.050528212870e-13 ||r(i)||/||b|| 1.961291736850e-03
  5 KSP unpreconditioned resid norm 9.073005538123e-14 true resid norm 9.073005538123e-14 ||r(i)||/||b|| 1.693891755815e-03
  6 KSP unpreconditioned resid norm 7.953942388889e-14 true resid norm 7.953942388889e-14 ||r(i)||/||b|| 1.484967399409e-03
  7 KSP unpreconditioned resid norm 6.692296586042e-14 true resid norm 6.692296586042e-14 ||r(i)||/||b|| 1.249423464687e-03
  8 KSP unpreconditioned resid norm 6.021814901680e-14 true resid norm 6.021814901680e-14 ||r(i)||/||b|| 1.124247370305e-03
  9 KSP unpreconditioned resid norm 3.126471648223e-14 true resid norm 3.126471648223e-14 ||r(i)||/||b|| 5.836990319759e-04
 10 KSP unpreconditioned resid norm 5.306500771420e-15 true resid norm 5.306500771420e-15 ||r(i)||/||b|| 9.907012479122e-05
 11 KSP unpreconditioned resid norm 5.224580566969e-16 true resid norm 5.224580566965e-16 ||r(i)||/||b|| 9.754070922570e-06
 12 KSP unpreconditioned resid norm 8.525430265020e-17 true resid norm 8.525430265025e-17 ||r(i)||/||b|| 1.591661768531e-06
 13 KSP unpreconditioned resid norm 1.098668959139e-17 true resid norm 1.098668959127e-17 ||r(i)||/||b|| 2.051168473794e-07
 14 KSP unpreconditioned resid norm 1.492951707162e-18 true resid norm 1.492951707796e-18 ||r(i)||/||b|| 2.787277687685e-08
 15 KSP unpreconditioned resid norm 2.496483871123e-19 true resid norm 2.496483862299e-19 ||r(i)||/||b|| 4.660829771462e-09
 16 KSP unpreconditioned resid norm 3.241059762019e-20 true resid norm 3.241059735523e-20 ||r(i)||/||b|| 6.050921431754e-10
 17 KSP unpreconditioned resid norm 3.774871907845e-21 true resid norm 3.774872224386e-21 ||r(i)||/||b|| 7.047526768583e-11
  Linear solve converged due to CONVERGED_RTOL iterations 17
Mat Object: 1 MPI process
  type: seqaijcusparse
  rows=12428, cols=12428, bs=4
  total: nonzeros=600272, allocated nonzeros=600272
  total number of mallocs used during MatSetValues calls=0
    not using I-node routines
Vec Object: 1 MPI process
  type: seqcuda
  length=12428, bs=4
Vec Object: 1 MPI process
  type: seqcuda
  length=12428, bs=4
KSP Object: 1 MPI process
  type: gmres
    restart=100, using classical (unmodified) Gram-Schmidt orthogonalization with no iterative refinement
    happy breakdown tolerance=1e-30
  maximum iterations=2000, initial guess is zero
  tolerances: relative=1e-10, absolute=1e-24, divergence=10000.
  right preconditioning
  diagonally scaled system
  using UNPRECONDITIONED norm type for convergence test
PC Object: 1 MPI process
  type: asm
    total subdomain blocks = 1, amount of overlap = 2
    restriction/interpolation type - RESTRICT
    Local solver information for first block is in the following KSP and PC objects on rank 0:
    Use -ksp_view ::ascii_info_detail to display information for all blocks
    KSP Object: (sub_) 1 MPI process
      type: preonly
      maximum iterations=10000, initial guess is zero
      tolerances: relative=1e-05, absolute=1e-50, divergence=10000.
      left preconditioning
      not checking for convergence
    PC Object: (sub_) 1 MPI process
      type: ilu
        out-of-place factorization
        2 levels of fill
        tolerance for zero pivot 2.22045e-14
        matrix ordering: natural
        factor fill ratio given 1., needed 3.47264
          Factored matrix:
            Mat Object: (sub_) 1 MPI process
              type: seqaijcusparse
              rows=12428, cols=12428, bs=4
              package used to perform factorization: cusparse
              total: nonzeros=2084528, allocated nonzeros=2084528
                using I-node routines: found 3107 nodes, limit used is 5
      linear system matrix, which is also used to construct the preconditioner:
      Mat Object: (sub_) 1 MPI process
        type: seqaijcusparse
        rows=12428, cols=12428, bs=4
        total: nonzeros=600272, allocated nonzeros=600272
        total number of mallocs used during MatSetValues calls=0
          not using I-node routines
  linear system matrix, which is also used to construct the preconditioner:
  Mat Object: 1 MPI process
    type: seqaijcusparse
    rows=12428, cols=12428, bs=4
    total: nonzeros=600272, allocated nonzeros=600272
    total number of mallocs used during MatSetValues calls=0
      not using I-node routines
 NS      1-4s   1.217e+00 [-239  1.045e-12  1.045e-12  7.048e-11] [   17 -234   67]
[Detaching after vfork from child process 531200]
#PETSc Option Table entries:
-ksp_atol 1e-24 # (source: environment)
-ksp_converged_reason # (source: environment)
-ksp_diagonal_scale # (source: environment)
-ksp_diagonal_scale_fix # (source: environment)
-ksp_gmres_restart 100 # (source: environment)
-ksp_max_it 2000 # (source: environment)
-ksp_monitor_true_residual # (source: environment)
-ksp_norm_type unpreconditioned # (source: environment)
-ksp_pc_side right # (source: environment)
-ksp_rtol 1e-10 # (source: environment)
-ksp_type gmres # (source: environment)
-ksp_view # (source: environment)
-ksp_view_mat ::ascii_info # (source: environment)
-ksp_view_rhs ::ascii_info # (source: environment)
-ksp_view_solution ::ascii_info # (source: environment)
-mat_type aijcusparse # (source: environment)
-mat_view ::ascii_info # (source: environment)
-options_left # (source: environment)
-options_view # (source: environment)
-pc_asm_overlap 2 # (source: environment)
-pc_type asm # (source: environment)
-skip_petscrc # (source: environment)
-sub_ksp_type preonly # (source: environment)
-sub_pc_factor_levels 2 # (source: environment)
-sub_pc_type ilu # (source: environment)
-use_gpu_aware_mpi 0 # (source: environment)
-vec_type cuda # (source: environment)
-vec_view ::ascii_info # (source: environment)
#End of PETSc Option Table entries
WARNING! There are options you set that were not used!
WARNING! could be spelling mistake, etc!
There is one unused database option. It is:
Option left: name:-skip_petscrc (no value) source: environment

Thread 1 "svmultiphysics" hit Breakpoint 2, 0x00007f530e93bb70 in PMPI_Finalize () from /workspace/formal_3D_flow_solver_FEM_SimVascular_lzy/sv1_3l/external/gpu_mpi_fortran/lib/libmpi.so.40
SV13N_PETSC_STATE initialized=0 finalized=1 count=1
[Thread 0x7f52ba655000 (LWP 531193) exited]
[Thread 0x7f52baf6f000 (LWP 531192) exited]
[Thread 0x7f5296c7e000 (LWP 531199) exited]
[Thread 0x7f529cc29000 (LWP 531198) exited]
[Thread 0x7f529d42a000 (LWP 531197) exited]
[Thread 0x7f52b9273000 (LWP 531196) exited]
[Inferior 1 (process 531189) exited normally]
