[  6%] Creating directories for 'Externals'
[ 12%] No download step for 'Externals'
[ 18%] No update step for 'Externals'
[ 25%] No patch step for 'Externals'
[ 31%] Performing configure step for 'Externals'
loading initial cache file /workspace/formal_3D_flow_solver_FEM_SimVascular_lzy/sv1_3n/external/build/svmp_petsc325_cpu/initial/Externals-prefix/tmp/Externals-cache-Release.cmake
-- The C compiler identification is GNU 12.4.0
-- The CXX compiler identification is GNU 12.4.0
-- Detecting C compiler ABI info
-- Detecting C compiler ABI info - done
-- Check for working C compiler: /usr/bin/gcc-12 - skipped
-- Detecting C compile features
-- Detecting C compile features - done
-- Detecting CXX compiler ABI info
-- Detecting CXX compiler ABI info - done
-- Check for working CXX compiler: /usr/bin/g++-12 - skipped
-- Detecting CXX compile features
-- Detecting CXX compile features - done
-- SimVascular Version: simvascular 2026-09-19
-- Configuring done (0.2s)
-- Generating done (0.0s)
-- Build files have been written to: /workspace/formal_3D_flow_solver_FEM_SimVascular_lzy/sv1_3n/external/build/svmp_petsc325_cpu/initial/Externals-build
[ 37%] Performing build step for 'Externals'
[ 43%] No install step for 'Externals'
[ 50%] Completed 'Externals'
[ 50%] Built target Externals
[ 56%] Creating directories for 'svMultiPhysics'
[ 62%] No download step for 'svMultiPhysics'
[ 68%] No update step for 'svMultiPhysics'
[ 75%] No patch step for 'svMultiPhysics'
[ 81%] Performing configure step for 'svMultiPhysics'
loading initial cache file /workspace/formal_3D_flow_solver_FEM_SimVascular_lzy/sv1_3n/external/build/svmp_petsc325_cpu/initial/svMultiPhysics-prefix/tmp/svMultiPhysics-cache-Release.cmake
-- The C compiler identification is GNU 12.4.0
-- The CXX compiler identification is GNU 12.4.0
-- Detecting C compiler ABI info
-- Detecting C compiler ABI info - done
-- Check for working C compiler: /usr/bin/gcc-12 - skipped
-- Detecting C compile features
-- Detecting C compile features - done
-- Detecting CXX compiler ABI info
-- Detecting CXX compiler ABI info - done
-- Check for working CXX compiler: /usr/bin/g++-12 - skipped
-- Detecting CXX compile features
-- Detecting CXX compile features - done
-- SimVascular Version: simvascular 2026-09-19
-- Could NOT find Doxygen (missing: DOXYGEN_EXECUTABLE) 
-- Found MPI_C: /workspace/formal_3D_flow_solver_FEM_SimVascular_lzy/sv1_3l/external/gpu_mpi_fortran/lib/libmpi.so (found version "3.1") 
-- Found MPI_CXX: /workspace/formal_3D_flow_solver_FEM_SimVascular_lzy/sv1_3l/external/gpu_mpi_fortran/lib/libmpi.so (found version "3.1") 
-- Found MPI: TRUE (found version "3.1")  
-- PKG MPI found!
--     ThreeDSolver Components
--         linear_solver
--         solver

Building with the PETSc package; the include and libraries directories are: 
  PETSC_LIBRARY_DIRS = -L/workspace/formal_3D_flow_solver_FEM_SimVascular_lzy/sv1_3n/external/petsc325/install_cpu/lib -lpetsc
  PETSC_INCLUDE_DIRS = /workspace/formal_3D_flow_solver_FEM_SimVascular_lzy/sv1_3n/external/petsc325/install_cpu/include;/workspace/formal_3D_flow_solver_FEM_SimVascular_lzy/sv1_3n/external/petsc325/install_cpu/../include
-- Found BLAS: /usr/lib/x86_64-linux-gnu/libblas.so.3  
-- Found LAPACK: /usr/lib/x86_64-linux-gnu/liblapack.so.3  
-- Performing Test CMAKE_HAVE_LIBC_PTHREAD
-- Performing Test CMAKE_HAVE_LIBC_PTHREAD - Success
-- Found Threads: TRUE  
CMake Deprecation Warning at /workspace/formal_3D_flow_solver_FEM_SimVascular_lzy/sv1_3n/external/solver-inputs/vtk/lib/cmake/vtk-9.3/vtk-use-file-deprecated.cmake:1 (message):
  The `VTK_USE_FILE` is no longer used starting with 8.90.
Call Stack (most recent call first):
  Source/solver/CMakeLists.txt:150 (include)


-- Configuring done (0.6s)
-- Generating done (0.0s)
-- Build files have been written to: /workspace/formal_3D_flow_solver_FEM_SimVascular_lzy/sv1_3n/external/build/svmp_petsc325_cpu/initial/svMultiPhysics-build
[ 87%] Performing build step for 'svMultiPhysics'
[  0%] Building CXX object ThirdParty/tinyxml/simvascular_tinyxml/CMakeFiles/_simvascular_thirdparty_tinyxml.dir/tinyxml2.cpp.o
[  0%] Building CXX object Source/linear_solver/CMakeFiles/_simvascular_linear_solver.dir/add_bc_mul.cpp.o
[  0%] Building C object ThirdParty/gklib_internal/simvascular_gklib_internal/CMakeFiles/_simvascular_thirdparty_gklib_internal.dir/b64.c.o
[  0%] Building C object ThirdParty/metis_internal/simvascular_metis_internal/METISLib/CMakeFiles/_simvascular_thirdparty_metis_internal.dir/auxapi.c.o
[  1%] Building C object ThirdParty/metis_internal/simvascular_metis_internal/METISLib/CMakeFiles/_simvascular_thirdparty_metis_internal.dir/balance.c.o
[  2%] Building C object ThirdParty/gklib_internal/simvascular_gklib_internal/CMakeFiles/_simvascular_thirdparty_gklib_internal.dir/blas.c.o
[  2%] Building C object ThirdParty/metis_internal/simvascular_metis_internal/METISLib/CMakeFiles/_simvascular_thirdparty_metis_internal.dir/bucketsort.c.o
[  3%] Building C object ThirdParty/metis_internal/simvascular_metis_internal/METISLib/CMakeFiles/_simvascular_thirdparty_metis_internal.dir/checkgraph.c.o
[  3%] Building C object ThirdParty/metis_internal/simvascular_metis_internal/METISLib/CMakeFiles/_simvascular_thirdparty_metis_internal.dir/coarsen.c.o
[  3%] Building CXX object Source/linear_solver/CMakeFiles/_simvascular_linear_solver.dir/bcast.cpp.o
[  3%] Building C object ThirdParty/gklib_internal/simvascular_gklib_internal/CMakeFiles/_simvascular_thirdparty_gklib_internal.dir/cache.c.o
[  4%] Building C object ThirdParty/gklib_internal/simvascular_gklib_internal/CMakeFiles/_simvascular_thirdparty_gklib_internal.dir/csr.c.o
[  5%] Building C object ThirdParty/metis_internal/simvascular_metis_internal/METISLib/CMakeFiles/_simvascular_thirdparty_metis_internal.dir/compress.c.o
[  5%] Building C object ThirdParty/metis_internal/simvascular_metis_internal/METISLib/CMakeFiles/_simvascular_thirdparty_metis_internal.dir/contig.c.o
[  6%] Building CXX object Source/linear_solver/CMakeFiles/_simvascular_linear_solver.dir/bc.cpp.o
[  7%] Building C object ThirdParty/metis_internal/simvascular_metis_internal/METISLib/CMakeFiles/_simvascular_thirdparty_metis_internal.dir/debug.c.o
[  7%] Building C object ThirdParty/metis_internal/simvascular_metis_internal/METISLib/CMakeFiles/_simvascular_thirdparty_metis_internal.dir/fm.c.o
[  8%] Linking CXX static library ../../../lib/lib_simvascular_thirdparty_tinyxml.a
[  8%] Built target _simvascular_thirdparty_tinyxml
[  8%] Building CXX object Source/solver/FE/Math/CMakeFiles/svmp_fe_math.dir/DenseLinearAlgebra.cpp.o
[  8%] Building C object ThirdParty/metis_internal/simvascular_metis_internal/METISLib/CMakeFiles/_simvascular_thirdparty_metis_internal.dir/fortran.c.o
[  8%] Building C object ThirdParty/gklib_internal/simvascular_gklib_internal/CMakeFiles/_simvascular_thirdparty_gklib_internal.dir/error.c.o
[  9%] Building C object ThirdParty/metis_internal/simvascular_metis_internal/METISLib/CMakeFiles/_simvascular_thirdparty_metis_internal.dir/frename.c.o
[  9%] Building CXX object Source/linear_solver/CMakeFiles/_simvascular_linear_solver.dir/bicgs.cpp.o
[ 10%] Building C object ThirdParty/gklib_internal/simvascular_gklib_internal/CMakeFiles/_simvascular_thirdparty_gklib_internal.dir/evaluate.c.o
[ 10%] Building C object ThirdParty/metis_internal/simvascular_metis_internal/METISLib/CMakeFiles/_simvascular_thirdparty_metis_internal.dir/gklib.c.o
[ 10%] Building C object ThirdParty/gklib_internal/simvascular_gklib_internal/CMakeFiles/_simvascular_thirdparty_gklib_internal.dir/fkvkselect.c.o
[ 10%] Building C object ThirdParty/gklib_internal/simvascular_gklib_internal/CMakeFiles/_simvascular_thirdparty_gklib_internal.dir/fs.c.o
[ 11%] Building C object ThirdParty/gklib_internal/simvascular_gklib_internal/CMakeFiles/_simvascular_thirdparty_gklib_internal.dir/getopt.c.o
[ 11%] Building C object ThirdParty/gklib_internal/simvascular_gklib_internal/CMakeFiles/_simvascular_thirdparty_gklib_internal.dir/gk_util.c.o
[ 12%] Building C object ThirdParty/gklib_internal/simvascular_gklib_internal/CMakeFiles/_simvascular_thirdparty_gklib_internal.dir/gkregex.c.o
[ 12%] Building C object ThirdParty/gklib_internal/simvascular_gklib_internal/CMakeFiles/_simvascular_thirdparty_gklib_internal.dir/graph.c.o
[ 13%] Building C object ThirdParty/metis_internal/simvascular_metis_internal/METISLib/CMakeFiles/_simvascular_thirdparty_metis_internal.dir/graph.c.o
[ 13%] Building C object ThirdParty/metis_internal/simvascular_metis_internal/METISLib/CMakeFiles/_simvascular_thirdparty_metis_internal.dir/initpart.c.o
[ 14%] Building CXX object Source/linear_solver/CMakeFiles/_simvascular_linear_solver.dir/commu.cpp.o
[ 15%] Building C object ThirdParty/metis_internal/simvascular_metis_internal/METISLib/CMakeFiles/_simvascular_thirdparty_metis_internal.dir/kmetis.c.o
[ 16%] Building C object ThirdParty/gklib_internal/simvascular_gklib_internal/CMakeFiles/_simvascular_thirdparty_gklib_internal.dir/htable.c.o
[ 16%] Building C object ThirdParty/gklib_internal/simvascular_gklib_internal/CMakeFiles/_simvascular_thirdparty_gklib_internal.dir/io.c.o
[ 16%] Building C object ThirdParty/metis_internal/simvascular_metis_internal/METISLib/CMakeFiles/_simvascular_thirdparty_metis_internal.dir/kwayfm.c.o
[ 17%] Building C object ThirdParty/gklib_internal/simvascular_gklib_internal/CMakeFiles/_simvascular_thirdparty_gklib_internal.dir/itemsets.c.o
[ 17%] Building C object ThirdParty/gklib_internal/simvascular_gklib_internal/CMakeFiles/_simvascular_thirdparty_gklib_internal.dir/mcore.c.o
[ 17%] Building CXX object Source/linear_solver/CMakeFiles/_simvascular_linear_solver.dir/cgrad.cpp.o
[ 18%] Building C object ThirdParty/gklib_internal/simvascular_gklib_internal/CMakeFiles/_simvascular_thirdparty_gklib_internal.dir/memory.c.o
[ 19%] Building C object ThirdParty/metis_internal/simvascular_metis_internal/METISLib/CMakeFiles/_simvascular_thirdparty_metis_internal.dir/kwayrefine.c.o
[ 20%] Building CXX object Source/linear_solver/CMakeFiles/_simvascular_linear_solver.dir/cput.cpp.o
[ 20%] Building CXX object Source/linear_solver/CMakeFiles/_simvascular_linear_solver.dir/dot.cpp.o
[ 20%] Building C object ThirdParty/metis_internal/simvascular_metis_internal/METISLib/CMakeFiles/_simvascular_thirdparty_metis_internal.dir/mcutil.c.o
[ 21%] Building C object ThirdParty/metis_internal/simvascular_metis_internal/METISLib/CMakeFiles/_simvascular_thirdparty_metis_internal.dir/mesh.c.o
[ 21%] Building C object ThirdParty/gklib_internal/simvascular_gklib_internal/CMakeFiles/_simvascular_thirdparty_gklib_internal.dir/pqueue.c.o
[ 21%] Building C object ThirdParty/metis_internal/simvascular_metis_internal/METISLib/CMakeFiles/_simvascular_thirdparty_metis_internal.dir/meshpart.c.o
[ 22%] Building C object ThirdParty/metis_internal/simvascular_metis_internal/METISLib/CMakeFiles/_simvascular_thirdparty_metis_internal.dir/minconn.c.o
[ 23%] Building CXX object Source/linear_solver/CMakeFiles/_simvascular_linear_solver.dir/fils_struct.cpp.o
[ 24%] Building C object ThirdParty/gklib_internal/simvascular_gklib_internal/CMakeFiles/_simvascular_thirdparty_gklib_internal.dir/random.c.o
[ 24%] Building C object ThirdParty/gklib_internal/simvascular_gklib_internal/CMakeFiles/_simvascular_thirdparty_gklib_internal.dir/rw.c.o
[ 24%] Building C object ThirdParty/metis_internal/simvascular_metis_internal/METISLib/CMakeFiles/_simvascular_thirdparty_metis_internal.dir/mincover.c.o
[ 25%] Building C object ThirdParty/gklib_internal/simvascular_gklib_internal/CMakeFiles/_simvascular_thirdparty_gklib_internal.dir/seq.c.o
[ 26%] Building C object ThirdParty/metis_internal/simvascular_metis_internal/METISLib/CMakeFiles/_simvascular_thirdparty_metis_internal.dir/mmd.c.o
[ 26%] Building C object ThirdParty/gklib_internal/simvascular_gklib_internal/CMakeFiles/_simvascular_thirdparty_gklib_internal.dir/sort.c.o
[ 26%] Building CXX object Source/linear_solver/CMakeFiles/_simvascular_linear_solver.dir/ge.cpp.o
[ 26%] Building C object ThirdParty/metis_internal/simvascular_metis_internal/METISLib/CMakeFiles/_simvascular_thirdparty_metis_internal.dir/ometis.c.o
[ 26%] Building C object ThirdParty/metis_internal/simvascular_metis_internal/METISLib/CMakeFiles/_simvascular_thirdparty_metis_internal.dir/options.c.o
[ 27%] Building C object ThirdParty/metis_internal/simvascular_metis_internal/METISLib/CMakeFiles/_simvascular_thirdparty_metis_internal.dir/parmetis.c.o
[ 28%] Building CXX object Source/linear_solver/CMakeFiles/_simvascular_linear_solver.dir/gmres.cpp.o
[ 28%] Building C object ThirdParty/gklib_internal/simvascular_gklib_internal/CMakeFiles/_simvascular_thirdparty_gklib_internal.dir/string.c.o
[ 28%] Building C object ThirdParty/metis_internal/simvascular_metis_internal/METISLib/CMakeFiles/_simvascular_thirdparty_metis_internal.dir/pmetis.c.o
[ 29%] Building C object ThirdParty/gklib_internal/simvascular_gklib_internal/CMakeFiles/_simvascular_thirdparty_gklib_internal.dir/timers.c.o
[ 30%] Building C object ThirdParty/metis_internal/simvascular_metis_internal/METISLib/CMakeFiles/_simvascular_thirdparty_metis_internal.dir/refine.c.o
[ 30%] Building C object ThirdParty/gklib_internal/simvascular_gklib_internal/CMakeFiles/_simvascular_thirdparty_gklib_internal.dir/tokenizer.c.o
[ 31%] Linking C static library ../../../lib/lib_simvascular_thirdparty_gklib_internal.a
[ 31%] Building C object ThirdParty/metis_internal/simvascular_metis_internal/METISLib/CMakeFiles/_simvascular_thirdparty_metis_internal.dir/separator.c.o
[ 31%] Built target _simvascular_thirdparty_gklib_internal
[ 32%] Building C object ThirdParty/metis_internal/simvascular_metis_internal/METISLib/CMakeFiles/_simvascular_thirdparty_metis_internal.dir/sfm.c.o
[ 32%] Building C object ThirdParty/metis_internal/simvascular_metis_internal/METISLib/CMakeFiles/_simvascular_thirdparty_metis_internal.dir/srefine.c.o
[ 33%] Building C object ThirdParty/metis_internal/simvascular_metis_internal/METISLib/CMakeFiles/_simvascular_thirdparty_metis_internal.dir/stat.c.o
[ 33%] Building C object ThirdParty/metis_internal/simvascular_metis_internal/METISLib/CMakeFiles/_simvascular_thirdparty_metis_internal.dir/timing.c.o
[ 34%] Building C object ThirdParty/metis_internal/simvascular_metis_internal/METISLib/CMakeFiles/_simvascular_thirdparty_metis_internal.dir/util.c.o
[ 34%] Building C object ThirdParty/metis_internal/simvascular_metis_internal/METISLib/CMakeFiles/_simvascular_thirdparty_metis_internal.dir/wspace.c.o
[ 34%] Building CXX object Source/linear_solver/CMakeFiles/_simvascular_linear_solver.dir/in_commu.cpp.o
[ 35%] Linking C static library ../../../../lib/lib_simvascular_thirdparty_metis_internal.a
[ 35%] Built target _simvascular_thirdparty_metis_internal
[ 36%] Building CXX object Source/linear_solver/CMakeFiles/_simvascular_linear_solver.dir/ls.cpp.o
[ 36%] Building CXX object Source/linear_solver/CMakeFiles/_simvascular_linear_solver.dir/lhs.cpp.o
[ 36%] Building CXX object Source/linear_solver/CMakeFiles/_simvascular_linear_solver.dir/norm.cpp.o
[ 37%] Building CXX object Source/linear_solver/CMakeFiles/_simvascular_linear_solver.dir/ns_solver.cpp.o
[ 37%] Building CXX object Source/linear_solver/CMakeFiles/_simvascular_linear_solver.dir/omp_la.cpp.o
[ 38%] Building CXX object Source/linear_solver/CMakeFiles/_simvascular_linear_solver.dir/pc_gmres.cpp.o
[ 38%] Building CXX object Source/linear_solver/CMakeFiles/_simvascular_linear_solver.dir/precond.cpp.o
[ 39%] Building CXX object Source/linear_solver/CMakeFiles/_simvascular_linear_solver.dir/solve.cpp.o
[ 39%] Building CXX object Source/linear_solver/CMakeFiles/_simvascular_linear_solver.dir/spar_mul.cpp.o
[ 39%] Building C object ThirdParty/parmetis_internal/simvascular_parmetis_internal/ParMETISLib/CMakeFiles/_simvascular_thirdparty_parmetis_internal.dir/akwayfm.c.o
[ 40%] Building C object ThirdParty/parmetis_internal/simvascular_parmetis_internal/ParMETISLib/CMakeFiles/_simvascular_thirdparty_parmetis_internal.dir/ametis.c.o
[ 40%] Building C object ThirdParty/parmetis_internal/simvascular_parmetis_internal/ParMETISLib/CMakeFiles/_simvascular_thirdparty_parmetis_internal.dir/balancemylink.c.o
[ 40%] Building C object ThirdParty/parmetis_internal/simvascular_parmetis_internal/ParMETISLib/CMakeFiles/_simvascular_thirdparty_parmetis_internal.dir/comm.c.o
[ 41%] Building C object ThirdParty/parmetis_internal/simvascular_parmetis_internal/ParMETISLib/CMakeFiles/_simvascular_thirdparty_parmetis_internal.dir/csrmatch.c.o
[ 41%] Building C object ThirdParty/parmetis_internal/simvascular_parmetis_internal/ParMETISLib/CMakeFiles/_simvascular_thirdparty_parmetis_internal.dir/ctrl.c.o
[ 42%] Building C object ThirdParty/parmetis_internal/simvascular_parmetis_internal/ParMETISLib/CMakeFiles/_simvascular_thirdparty_parmetis_internal.dir/debug.c.o
[ 42%] Building C object ThirdParty/parmetis_internal/simvascular_parmetis_internal/ParMETISLib/CMakeFiles/_simvascular_thirdparty_parmetis_internal.dir/diffutil.c.o
[ 43%] Building C object ThirdParty/parmetis_internal/simvascular_parmetis_internal/ParMETISLib/CMakeFiles/_simvascular_thirdparty_parmetis_internal.dir/frename.c.o
[ 44%] Linking CXX static library ../../lib/lib_simvascular_linear_solver.a
[ 44%] Building C object ThirdParty/parmetis_internal/simvascular_parmetis_internal/ParMETISLib/CMakeFiles/_simvascular_thirdparty_parmetis_internal.dir/gklib.c.o
[ 44%] Built target _simvascular_linear_solver
[ 45%] Building C object ThirdParty/parmetis_internal/simvascular_parmetis_internal/ParMETISLib/CMakeFiles/_simvascular_thirdparty_parmetis_internal.dir/gkmetis.c.o
[ 45%] Building C object ThirdParty/parmetis_internal/simvascular_parmetis_internal/ParMETISLib/CMakeFiles/_simvascular_thirdparty_parmetis_internal.dir/gkmpi.c.o
[ 46%] Building C object ThirdParty/parmetis_internal/simvascular_parmetis_internal/ParMETISLib/CMakeFiles/_simvascular_thirdparty_parmetis_internal.dir/graph.c.o
[ 46%] Building C object ThirdParty/parmetis_internal/simvascular_parmetis_internal/ParMETISLib/CMakeFiles/_simvascular_thirdparty_parmetis_internal.dir/initbalance.c.o
[ 47%] Building C object ThirdParty/parmetis_internal/simvascular_parmetis_internal/ParMETISLib/CMakeFiles/_simvascular_thirdparty_parmetis_internal.dir/initmsection.c.o
[ 47%] Building C object ThirdParty/parmetis_internal/simvascular_parmetis_internal/ParMETISLib/CMakeFiles/_simvascular_thirdparty_parmetis_internal.dir/initpart.c.o
[ 47%] Building C object ThirdParty/parmetis_internal/simvascular_parmetis_internal/ParMETISLib/CMakeFiles/_simvascular_thirdparty_parmetis_internal.dir/kmetis.c.o
[ 48%] Building C object ThirdParty/parmetis_internal/simvascular_parmetis_internal/ParMETISLib/CMakeFiles/_simvascular_thirdparty_parmetis_internal.dir/kwayrefine.c.o
[ 48%] Building C object ThirdParty/parmetis_internal/simvascular_parmetis_internal/ParMETISLib/CMakeFiles/_simvascular_thirdparty_parmetis_internal.dir/match.c.o
[ 49%] Building C object ThirdParty/parmetis_internal/simvascular_parmetis_internal/ParMETISLib/CMakeFiles/_simvascular_thirdparty_parmetis_internal.dir/mdiffusion.c.o
[ 49%] Building C object ThirdParty/parmetis_internal/simvascular_parmetis_internal/ParMETISLib/CMakeFiles/_simvascular_thirdparty_parmetis_internal.dir/mesh.c.o
[ 49%] Built target svmp_fe_math
[ 50%] Building C object ThirdParty/parmetis_internal/simvascular_parmetis_internal/ParMETISLib/CMakeFiles/_simvascular_thirdparty_parmetis_internal.dir/mmetis.c.o
[ 50%] Building C object ThirdParty/parmetis_internal/simvascular_parmetis_internal/ParMETISLib/CMakeFiles/_simvascular_thirdparty_parmetis_internal.dir/move.c.o
[ 51%] Building C object ThirdParty/parmetis_internal/simvascular_parmetis_internal/ParMETISLib/CMakeFiles/_simvascular_thirdparty_parmetis_internal.dir/msetup.c.o
[ 51%] Building C object ThirdParty/parmetis_internal/simvascular_parmetis_internal/ParMETISLib/CMakeFiles/_simvascular_thirdparty_parmetis_internal.dir/node_refine.c.o
[ 52%] Building C object ThirdParty/parmetis_internal/simvascular_parmetis_internal/ParMETISLib/CMakeFiles/_simvascular_thirdparty_parmetis_internal.dir/ometis.c.o
[ 52%] Building C object ThirdParty/parmetis_internal/simvascular_parmetis_internal/ParMETISLib/CMakeFiles/_simvascular_thirdparty_parmetis_internal.dir/pspases.c.o
[ 53%] Building C object ThirdParty/parmetis_internal/simvascular_parmetis_internal/ParMETISLib/CMakeFiles/_simvascular_thirdparty_parmetis_internal.dir/redomylink.c.o
[ 53%] Building C object ThirdParty/parmetis_internal/simvascular_parmetis_internal/ParMETISLib/CMakeFiles/_simvascular_thirdparty_parmetis_internal.dir/remap.c.o
[ 54%] Building C object ThirdParty/parmetis_internal/simvascular_parmetis_internal/ParMETISLib/CMakeFiles/_simvascular_thirdparty_parmetis_internal.dir/renumber.c.o
[ 54%] Building C object ThirdParty/parmetis_internal/simvascular_parmetis_internal/ParMETISLib/CMakeFiles/_simvascular_thirdparty_parmetis_internal.dir/rmetis.c.o
[ 54%] Building C object ThirdParty/parmetis_internal/simvascular_parmetis_internal/ParMETISLib/CMakeFiles/_simvascular_thirdparty_parmetis_internal.dir/selectq.c.o
[ 55%] Building C object ThirdParty/parmetis_internal/simvascular_parmetis_internal/ParMETISLib/CMakeFiles/_simvascular_thirdparty_parmetis_internal.dir/serial.c.o
[ 55%] Building C object ThirdParty/parmetis_internal/simvascular_parmetis_internal/ParMETISLib/CMakeFiles/_simvascular_thirdparty_parmetis_internal.dir/stat.c.o
[ 56%] Building C object ThirdParty/parmetis_internal/simvascular_parmetis_internal/ParMETISLib/CMakeFiles/_simvascular_thirdparty_parmetis_internal.dir/timer.c.o
[ 56%] Building C object ThirdParty/parmetis_internal/simvascular_parmetis_internal/ParMETISLib/CMakeFiles/_simvascular_thirdparty_parmetis_internal.dir/util.c.o
[ 57%] Building C object ThirdParty/parmetis_internal/simvascular_parmetis_internal/ParMETISLib/CMakeFiles/_simvascular_thirdparty_parmetis_internal.dir/wave.c.o
[ 57%] Building C object ThirdParty/parmetis_internal/simvascular_parmetis_internal/ParMETISLib/CMakeFiles/_simvascular_thirdparty_parmetis_internal.dir/weird.c.o
[ 58%] Building C object ThirdParty/parmetis_internal/simvascular_parmetis_internal/ParMETISLib/CMakeFiles/_simvascular_thirdparty_parmetis_internal.dir/wspace.c.o
[ 58%] Building C object ThirdParty/parmetis_internal/simvascular_parmetis_internal/ParMETISLib/CMakeFiles/_simvascular_thirdparty_parmetis_internal.dir/xyzpart.c.o
[ 59%] Building CXX object Source/solver/FE/Quadrature/CMakeFiles/svmp_fe_quadrature.dir/QuadratureRule.cpp.o
[ 59%] Building CXX object Source/solver/FE/Basis/CMakeFiles/svmp_fe_basis.dir/BasisFactory.cpp.o
[ 60%] Building CXX object Source/solver/FE/Basis/CMakeFiles/svmp_fe_basis.dir/BasisFunction.cpp.o
[ 61%] Linking C static library ../../../../lib/lib_simvascular_thirdparty_parmetis_internal.a
[ 61%] Built target _simvascular_thirdparty_parmetis_internal
[ 61%] Building CXX object Source/solver/FE/Basis/CMakeFiles/svmp_fe_basis.dir/LagrangeBasis.cpp.o
[ 61%] Built target svmp_fe_quadrature
[ 61%] Building CXX object Source/solver/FE/Basis/CMakeFiles/svmp_fe_basis.dir/NodeOrderingConventions.cpp.o
[ 62%] Building CXX object Source/solver/FE/Basis/CMakeFiles/svmp_fe_basis.dir/SerendipityBasis.cpp.o
[ 62%] Built target svmp_fe_basis
[ 62%] Building CXX object Source/solver/CMakeFiles/svmultiphysics.dir/LinearAlgebra.cpp.o
[ 63%] Building CXX object Source/solver/CMakeFiles/svmultiphysics.dir/Array3.cpp.o
[ 63%] Building CXX object Source/solver/CMakeFiles/svmultiphysics.dir/Array.cpp.o
[ 64%] Building CXX object Source/solver/CMakeFiles/svmultiphysics.dir/FsilsLinearAlgebra.cpp.o
[ 64%] Building CXX object Source/solver/CMakeFiles/svmultiphysics.dir/PetscLinearAlgebra.cpp.o
[ 65%] Building CXX object Source/solver/CMakeFiles/svmultiphysics.dir/TrilinosLinearAlgebra.cpp.o
[ 65%] Building CXX object Source/solver/CMakeFiles/svmultiphysics.dir/Tensor4.cpp.o
[ 66%] Building CXX object Source/solver/CMakeFiles/svmultiphysics.dir/Vector.cpp.o
[ 66%] Building CXX object Source/solver/CMakeFiles/svmultiphysics.dir/FourierInterpolation.cpp.o
[ 66%] Building CXX object Source/solver/CMakeFiles/svmultiphysics.dir/Parameters.cpp.o
[ 67%] Building CXX object Source/solver/CMakeFiles/svmultiphysics.dir/Simulation.cpp.o
[ 67%] Building CXX object Source/solver/CMakeFiles/svmultiphysics.dir/VtkData.cpp.o
[ 68%] Building CXX object Source/solver/CMakeFiles/svmultiphysics.dir/all_fun.cpp.o
[ 68%] Building CXX object Source/solver/CMakeFiles/svmultiphysics.dir/baf_ini.cpp.o
[ 69%] Building CXX object Source/solver/CMakeFiles/svmultiphysics.dir/bf.cpp.o
[ 69%] Building CXX object Source/solver/CMakeFiles/svmultiphysics.dir/cep.cpp.o
[ 70%] Building CXX object Source/solver/CMakeFiles/svmultiphysics.dir/cep_ion.cpp.o
[ 70%] Building CXX object Source/solver/CMakeFiles/svmultiphysics.dir/cmm.cpp.o
[ 71%] Building CXX object Source/solver/CMakeFiles/svmultiphysics.dir/consts.cpp.o
[ 71%] Building CXX object Source/solver/CMakeFiles/svmultiphysics.dir/contact.cpp.o
[ 72%] Building CXX object Source/solver/CMakeFiles/svmultiphysics.dir/darcy.cpp.o
[ 72%] Building CXX object Source/solver/CMakeFiles/svmultiphysics.dir/distribute.cpp.o
[ 73%] Building CXX object Source/solver/CMakeFiles/svmultiphysics.dir/eq_assem.cpp.o
[ 73%] Building CXX object Source/solver/CMakeFiles/svmultiphysics.dir/fluid.cpp.o
[ 73%] Building CXX object Source/solver/CMakeFiles/svmultiphysics.dir/fsi.cpp.o
[ 74%] Building CXX object Source/solver/CMakeFiles/svmultiphysics.dir/fs.cpp.o
[ 74%] Building CXX object Source/solver/CMakeFiles/svmultiphysics.dir/heatf.cpp.o
[ 75%] Building CXX object Source/solver/CMakeFiles/svmultiphysics.dir/heats.cpp.o
[ 75%] Building CXX object Source/solver/CMakeFiles/svmultiphysics.dir/initialize.cpp.o
[ 76%] Building CXX object Source/solver/CMakeFiles/svmultiphysics.dir/Integrator.cpp.o
[ 76%] Building CXX object Source/solver/CMakeFiles/svmultiphysics.dir/l_elas.cpp.o
[ 77%] Building CXX object Source/solver/CMakeFiles/svmultiphysics.dir/lhsa.cpp.o
[ 77%] Building CXX object Source/solver/CMakeFiles/svmultiphysics.dir/ls.cpp.o
[ 78%] Building CXX object Source/solver/CMakeFiles/svmultiphysics.dir/main.cpp.o
[ 78%] Building CXX object Source/solver/CMakeFiles/svmultiphysics.dir/mat_fun.cpp.o
[ 79%] Building CXX object Source/solver/CMakeFiles/svmultiphysics.dir/mat_models.cpp.o
[ 79%] Building CXX object Source/solver/CMakeFiles/svmultiphysics.dir/mesh.cpp.o
[ 80%] Building CXX object Source/solver/CMakeFiles/svmultiphysics.dir/nn.cpp.o
[ 80%] Building CXX object Source/solver/CMakeFiles/svmultiphysics.dir/output.cpp.o
[ 80%] Building CXX object Source/solver/CMakeFiles/svmultiphysics.dir/load_msh.cpp.o
[ 81%] Building CXX object Source/solver/CMakeFiles/svmultiphysics.dir/post.cpp.o
[ 81%] Building CXX object Source/solver/CMakeFiles/svmultiphysics.dir/read_files.cpp.o
[ 82%] Building CXX object Source/solver/CMakeFiles/svmultiphysics.dir/read_msh.cpp.o
[ 82%] Building CXX object Source/solver/CMakeFiles/svmultiphysics.dir/remesh.cpp.o
[ 83%] Building CXX object Source/solver/CMakeFiles/svmultiphysics.dir/remeshTet.cpp.o
[ 83%] Building CXX object Source/solver/CMakeFiles/svmultiphysics.dir/set_bc.cpp.o
[ 84%] Building CXX object Source/solver/CMakeFiles/svmultiphysics.dir/shells.cpp.o
[ 84%] Building CXX object Source/solver/CMakeFiles/svmultiphysics.dir/stokes.cpp.o
[ 85%] Building CXX object Source/solver/CMakeFiles/svmultiphysics.dir/sv_struct.cpp.o
[ 85%] Building CXX object Source/solver/CMakeFiles/svmultiphysics.dir/svZeroD_interface.cpp.o
[ 86%] Building CXX object Source/solver/CMakeFiles/svmultiphysics.dir/svOneD_interface.cpp.o
[ 86%] Building CXX object Source/solver/CMakeFiles/svmultiphysics.dir/txt.cpp.o
[ 86%] Building CXX object Source/solver/CMakeFiles/svmultiphysics.dir/utils.cpp.o
[ 87%] Building CXX object Source/solver/CMakeFiles/svmultiphysics.dir/ustruct.cpp.o
[ 87%] Building CXX object Source/solver/CMakeFiles/svmultiphysics.dir/vtk_xml.cpp.o
[ 88%] Building CXX object Source/solver/CMakeFiles/svmultiphysics.dir/vtk_xml_parser.cpp.o
[ 88%] Building CXX object Source/solver/CMakeFiles/svmultiphysics.dir/ris.cpp.o
[ 89%] Building CXX object Source/solver/CMakeFiles/svmultiphysics.dir/uris.cpp.o
[ 89%] Building CXX object Source/solver/CMakeFiles/svmultiphysics.dir/CepMod.cpp.o
[ 90%] Building CXX object Source/solver/CMakeFiles/svmultiphysics.dir/ChnlMod.cpp.o
[ 90%] Building CXX object Source/solver/CMakeFiles/svmultiphysics.dir/CmMod.cpp.o
[ 91%] Building CXX object Source/solver/CMakeFiles/svmultiphysics.dir/ComMod.cpp.o
[ 91%] Building CXX object Source/solver/CMakeFiles/svmultiphysics.dir/ArtificialNeuralNetMaterial.cpp.o
[ 92%] Building CXX object Source/solver/CMakeFiles/svmultiphysics.dir/IonicModel.cpp.o
[ 92%] Building CXX object Source/solver/CMakeFiles/svmultiphysics.dir/IonicModelAlievPanfilov.cpp.o
[ 93%] Building CXX object Source/solver/CMakeFiles/svmultiphysics.dir/IonicModelBuenoOrovio.cpp.o
[ 93%] Building CXX object Source/solver/CMakeFiles/svmultiphysics.dir/IonicModelFitzHughNagumo.cpp.o
[ 93%] Building CXX object Source/solver/CMakeFiles/svmultiphysics.dir/IonicModelTTP.cpp.o
[ 94%] Building CXX object Source/solver/CMakeFiles/svmultiphysics.dir/ActiveStress.cpp.o
[ 94%] Building CXX object Source/solver/CMakeFiles/svmultiphysics.dir/ActiveStressUniformSteady.cpp.o
[ 95%] Building CXX object Source/solver/CMakeFiles/svmultiphysics.dir/ActiveStressUniformUnsteady.cpp.o
[ 95%] Building CXX object Source/solver/CMakeFiles/svmultiphysics.dir/ActiveStressODE.cpp.o
[ 96%] Building CXX object Source/solver/CMakeFiles/svmultiphysics.dir/ActiveStressNashPanfilov.cpp.o
[ 96%] Building CXX object Source/solver/CMakeFiles/svmultiphysics.dir/ActiveStressRegazzoni.cpp.o
[ 97%] Building C object Source/solver/CMakeFiles/svmultiphysics.dir/SPLIT.c.o
[ 97%] Building CXX object Source/solver/CMakeFiles/svmultiphysics.dir/svZeroD_interface/LPNSolverInterface.cpp.o
[ 98%] Building CXX object Source/solver/CMakeFiles/svmultiphysics.dir/svOneD_interface/OneDSolverInterface.cpp.o
[ 98%] Building CXX object Source/solver/CMakeFiles/svmultiphysics.dir/BoundaryCondition.cpp.o
[ 99%] Building CXX object Source/solver/CMakeFiles/svmultiphysics.dir/RobinBoundaryCondition.cpp.o
[ 99%] Building CXX object Source/solver/CMakeFiles/svmultiphysics.dir/CoupledBoundaryCondition.cpp.o
[100%] Linking CXX executable ../../bin/svmultiphysics
[100%] Built target svmultiphysics
[ 93%] No install step for 'svMultiPhysics'
[100%] Completed 'svMultiPhysics'
[100%] Built target svMultiPhysics
