Traceback (most recent call last):
  File "/workspace/formal_3D_flow_solver_FEM_lzy/scripts/assemble_stage03.py", line 18, in <module>
Traceback (most recent call last):
  File "/workspace/formal_3D_flow_solver_FEM_lzy/scripts/assemble_stage03.py", line 18, in <module>
    from fem3d.vascular import load_config,load_mesh    from fem3d.vascular import load_config,load_mesh

  File "/workspace/formal_3D_flow_solver_FEM_lzy/src/fem3d/vascular.py", line 5, in <module>
  File "/workspace/formal_3D_flow_solver_FEM_lzy/src/fem3d/vascular.py", line 5, in <module>
    import yaml
    import yaml
ModuleNotFoundError: No module named 'yaml'ModuleNotFoundError: No module named 'yaml'

Traceback (most recent call last):
  File "/workspace/formal_3D_flow_solver_FEM_lzy/scripts/assemble_stage03.py", line 18, in <module>
Traceback (most recent call last):
  File "/workspace/formal_3D_flow_solver_FEM_lzy/scripts/assemble_stage03.py", line 18, in <module>
    from fem3d.vascular import load_config,load_mesh
  File "/workspace/formal_3D_flow_solver_FEM_lzy/src/fem3d/vascular.py", line 5, in <module>
    from fem3d.vascular import load_config,load_mesh
    import yaml
ModuleNotFoundError  File "/workspace/formal_3D_flow_solver_FEM_lzy/src/fem3d/vascular.py", line 5, in <module>
: No module named 'yaml'
    import yaml
ModuleNotFoundError: No module named 'yaml'
