Directory ownership check passed
<f.st...... remote/source_manifest.json
.d..t...... scripts/
<f+++++++++ scripts/diagnose_stage03_rank.py
.d..t...... src/fem3d/
<f+++++++++ src/fem3d/vascular_rank_diagnostics.py
.d..t...... tests/
<f+++++++++ tests/stage03_helpers.py
<f+++++++++ tests/test_stage03_assembly_preflight.py
<f+++++++++ tests/test_stage03_boundary_conditions.py
<f+++++++++ tests/test_stage03_dynamic_viscosity.py
<f+++++++++ tests/test_stage03_flux_constraint.py
<f+++++++++ tests/test_stage03_mass_conservation.py
<f+++++++++ tests/test_stage03_no_inlet_profile.py
<f+++++++++ tests/test_stage03_no_pressure_pin.py
<f+++++++++ tests/test_stage03_outlet_fluxes.py
<f+++++++++ tests/test_stage03_output_contract.py
<f+++++++++ tests/test_stage03_real_spaces.py
<f+++++++++ tests/test_stage03_reference_config.py
<f+++++++++ tests/test_stage03_reference_integrity.py
<f+++++++++ tests/test_stage03_residual_cell_monitor.py
<f+++++++++ tests/test_stage03_result_roundtrip.py
<f+++++++++ tests/test_stage03_reynolds.py
<f+++++++++ tests/test_stage03_selected_mesh_contract.py
<f+++++++++ tests/test_stage03_solution_finiteness.py
<f+++++++++ tests/test_stage03_visual_artifacts.py
<f+++++++++ tests/test_stage03_wall_noslip.py
