PPT_500_TRACKS 32 / 494 {'OUTLET_02': 29, 'INTEGRATION_SAFETY_STOP': 3}
PPT_500_TRACKS 64 / 494 {'OUTLET_02': 58, 'INTEGRATION_SAFETY_STOP': 6}
PPT_500_TRACKS 96 / 494 {'OUTLET_02': 81, 'INTEGRATION_SAFETY_STOP': 11, 'PHYSICAL_RESIDENCE_HORIZON_REACHED': 4}
PPT_500_TRACKS 128 / 494 {'OUTLET_02': 110, 'INTEGRATION_SAFETY_STOP': 14, 'PHYSICAL_RESIDENCE_HORIZON_REACHED': 4}
PPT_500_TRACKS 160 / 494 {'OUTLET_02': 133, 'INTEGRATION_SAFETY_STOP': 20, 'PHYSICAL_RESIDENCE_HORIZON_REACHED': 7}
PPT_500_TRACKS 192 / 494 {'OUTLET_02': 162, 'INTEGRATION_SAFETY_STOP': 22, 'PHYSICAL_RESIDENCE_HORIZON_REACHED': 8}
PPT_500_TRACKS 224 / 494 {'OUTLET_02': 192, 'INTEGRATION_SAFETY_STOP': 23, 'PHYSICAL_RESIDENCE_HORIZON_REACHED': 9}
PPT_500_TRACKS 256 / 494 {'OUTLET_02': 222, 'INTEGRATION_SAFETY_STOP': 25, 'PHYSICAL_RESIDENCE_HORIZON_REACHED': 9}
PPT_500_TRACKS 288 / 494 {'OUTLET_02': 251, 'INTEGRATION_SAFETY_STOP': 28, 'PHYSICAL_RESIDENCE_HORIZON_REACHED': 9}
PPT_500_TRACKS 320 / 494 {'OUTLET_02': 274, 'INTEGRATION_SAFETY_STOP': 34, 'PHYSICAL_RESIDENCE_HORIZON_REACHED': 11, 'OUTLET_03': 1}
PPT_500_TRACKS 352 / 494 {'OUTLET_02': 302, 'INTEGRATION_SAFETY_STOP': 37, 'PHYSICAL_RESIDENCE_HORIZON_REACHED': 12, 'OUTLET_03': 1}
PPT_500_TRACKS 384 / 494 {'OUTLET_02': 324, 'INTEGRATION_SAFETY_STOP': 44, 'PHYSICAL_RESIDENCE_HORIZON_REACHED': 14, 'OUTLET_03': 2}
PPT_500_TRACKS 416 / 494 {'OUTLET_02': 354, 'INTEGRATION_SAFETY_STOP': 45, 'PHYSICAL_RESIDENCE_HORIZON_REACHED': 15, 'OUTLET_03': 2}
PPT_500_TRACKS 448 / 494 {'OUTLET_02': 381, 'INTEGRATION_SAFETY_STOP': 47, 'PHYSICAL_RESIDENCE_HORIZON_REACHED': 18, 'OUTLET_03': 2}
PPT_500_TRACKS 480 / 494 {'OUTLET_02': 405, 'INTEGRATION_SAFETY_STOP': 53, 'PHYSICAL_RESIDENCE_HORIZON_REACHED': 19, 'OUTLET_03': 3}
PPT_500_TRACKS 494 / 494 {'OUTLET_02': 416, 'INTEGRATION_SAFETY_STOP': 54, 'PHYSICAL_RESIDENCE_HORIZON_REACHED': 21, 'OUTLET_03': 3}
{
  "total_integrated": 500,
  "completed": 424,
  "outlets": {
    "OUTLET_01": 0,
    "OUTLET_02": 421,
    "OUTLET_03": 3
  },
  "end_reasons": {
    "OUTLET_02": 421,
    "INTEGRATION_SAFETY_STOP": 55,
    "PHYSICAL_RESIDENCE_HORIZON_REACHED": 21,
    "OUTLET_03": 3
  },
  "speed_max_mm_s": 1.2449745491981414,
  "diameter_mean_um": 1.3354861791814965,
  "diameter_range_um": [
    0.7504759992923019,
    2.650449485096764
  ],
  "original_sonovue_mean_um": 2.069088192984397,
  "frozen_inlet_mean_mm_s": 0.352840697125003
}
