Directory ownership check passed
.d..t...... logs/stage03/
cd+++++++++ logs/stage03/20260918T135642_126707185_reference_vascular_mumps_r4/
>f+++++++++ logs/stage03/20260918T135642_126707185_reference_vascular_mumps_r4/metadata.json
>f+++++++++ logs/stage03/20260918T135642_126707185_reference_vascular_mumps_r4/stderr.log
>f+++++++++ logs/stage03/20260918T135642_126707185_reference_vascular_mumps_r4/stdout.log
.d..t...... outputs/stage03/
.d..t...... outputs/stage03/jit_cache/
>f+++++++++ outputs/stage03/jit_cache/libffcx_forms_68fc900de23f0ff7d5be70b9949b6a4b0f49e342.c
>f+++++++++ outputs/stage03/jit_cache/libffcx_forms_68fc900de23f0ff7d5be70b9949b6a4b0f49e342.c.cached
>f+++++++++ outputs/stage03/jit_cache/libffcx_forms_68fc900de23f0ff7d5be70b9949b6a4b0f49e342.cpython-312-x86_64-linux-gnu.so
>f+++++++++ outputs/stage03/jit_cache/libffcx_forms_68fc900de23f0ff7d5be70b9949b6a4b0f49e342.o
>f+++++++++ outputs/stage03/jit_cache/libffcx_forms_6af1ac5d95ee80af98843981f6a0b538f526f931.c
>f+++++++++ outputs/stage03/jit_cache/libffcx_forms_6af1ac5d95ee80af98843981f6a0b538f526f931.c.cached
>f+++++++++ outputs/stage03/jit_cache/libffcx_forms_6af1ac5d95ee80af98843981f6a0b538f526f931.cpython-312-x86_64-linux-gnu.so
>f+++++++++ outputs/stage03/jit_cache/libffcx_forms_6af1ac5d95ee80af98843981f6a0b538f526f931.o
cd+++++++++ outputs/stage03/reference/
cd+++++++++ outputs/stage03/reference/checkpoints/
cd+++++++++ outputs/stage03/reference/logs/
>f+++++++++ outputs/stage03/reference/logs/resources.jsonl
>f+++++++++ outputs/stage03/reference/logs/solve.stderr.txt
>f+++++++++ outputs/stage03/reference/logs/solve.stdout.txt
cd+++++++++ outputs/stage03/reference/metadata/
>f+++++++++ outputs/stage03/reference/metadata/production_attempt.json
>f+++++++++ outputs/stage03/reference/metadata/resource_gate.json
>f+++++++++ outputs/stage03/reference/metadata/resources.json
cd+++++++++ outputs/stage03/reference/qc/
cd+++++++++ outputs/stage03/reference/solution/
