{
  "references": {
    "status": "PASS",
    "timestamp": "2026-09-17T23:21:56.522987+00:00",
    "entries": 43038,
    "modified": [],
    "deleted": [],
    "added": [],
    "per_root": {
      "/home/lzy/projects/ulm_microbubble_traj_gen_2D": {
        "modified": 0,
        "deleted": 0,
        "added": 0
      },
      "/home/lzy/projects/ulm_3D_vascular": {
        "modified": 0,
        "deleted": 0,
        "added": 0
      }
    },
    "baseline_sha256": "18fb0f7dfa614b3a10e737fd89a116bc654543f2dda3bda8943513382d197f0a",
    "final_sha256": "afb7e7b9a35982571d66f68757df0aee71c97ecb7da3c037767994569ee4f6a6",
    "method": "Full Stage 0 SHA256, size, mtime, mode, symlink and directory inventory; atime excluded"
  },
  "history": {
    "status": "PASS",
    "timestamp": "2026-09-17T23:21:57.726316+00:00",
    "file_count": 1643,
    "file_changes": [],
    "existing_source_changes": [],
    "method": "Frozen Stage 0/1/1.5/1.6/2 reports, outputs, logs and inputs: exact file set, SHA256 and size; all pre-existing fem3d source files including Stage 2 core hash matched; pre-existing user Stage 1 report formatting retained"
  }
}
