{
  "status": "FULL_TIMESTEP_DISCRETE_MASS_IDENTITY_PROVEN",
  "referee_revision": "MUSUBI_ONE_STEP_DISCRETE_MASS_IDENTITY_V2",
  "analysis_mode": "ZERO_MUSUBI_CALLS_EXISTING_9_RESTARTS",
  "musubi_calls": 0,
  "seeder_calls": 0,
  "new_long_cfd_iterations": 0,
  "start_iteration": 3117927,
  "end_iteration": 3117935,
  "steps": 8,
  "R_boundary_only_min": 1.0387620423978416e-10,
  "R_boundary_only_median": 1.0453754725256146e-10,
  "R_boundary_only_max": 1.0514984720022389e-10,
  "R_full_one_step_identity_min": 8.856509143962147e-12,
  "R_full_one_step_identity_median": 9.365146352960606e-12,
  "R_full_one_step_identity_max": 1.0148261508794537e-11,
  "cumulative_predicted": -5.1711808663271186e-14,
  "cumulative_actual": 5.647609116476993e-16,
  "R_full_8step_identity": 9.36882361130965e-12,
  "hard_gate": 1e-08,
  "hard_gate_pass": true,
  "classification": "REFEREE_BOUNDARY_ONLY_ACCOUNTING_INCOMPLETE",
  "runtime_solid_count": 47,
  "compute_target_count": 182320,
  "pull_link_counts": {
    "normal_fluid_source": 3170977,
    "missing_source_inverse": 0,
    "current_solid_inverse": 893,
    "source_solid_inverse": 213,
    "boundary_source_inverse": 291997,
    "total": 3464080
  },
  "flux_definition": "BOUNDARY_PDF_ACCOUNTING_FLUX",
  "physical_Q1_Q2_Q3": "DEFERRED_TO_GRID_CONVERGENCE_STAGE",
  "restart_sha256": {
    "3117927": "3d54f3970b4120896c214155811d7cd1b594e3efd172f80b5dc5e7d0fef279e2",
    "3117928": "13dd3fa8ea9d413682bb2040f9e8a10a321030a230e3b5883dca88705e6c5f6f",
    "3117929": "e7f719d9fb3fb41062a7aa7381aab0291aeea6b3f71a3fa40051cbedb970c41f",
    "3117930": "10cfef18b3756a7bd9149825d70e043743e489c35323361c294ef24e2afe03c6",
    "3117931": "e6affdd753978eb1874814b1350e8eaf193b1d37656eaae04f6818ab64d94384",
    "3117932": "7a78627829c6a8778ec5c07fa0b24ef6b9451b8e28412d55d58044d89ab04cf5",
    "3117933": "e170cca1675976d7b2b1a0ae2d8b8035fdecfe4c1c0830c676ca6d6a501db357",
    "3117934": "0eb5e8335115e8fb5d7444092821293c24f24d5827502198a4eab47db5b5d547",
    "3117935": "1ba67b555b22dbb104c782bcf479936894e2dec6d028bc177066405ec5286faf"
  },
  "per_step": [
    {
      "delta_wall": 3.7723878562378804e-06,
      "delta_outlet_02": -0.0005134439209960176,
      "delta_outlet_03": -0.00015145509778333202,
      "delta_inlet": 0.0006974804380965584,
      "delta_outlet_01": -3.635380710044535e-05,
      "delta_boundary_total": 7.299637782252899e-14,
      "delta_pull_connectivity": 0.0,
      "sum_rho_before_collision": 1280.3708439406767,
      "delta_collision": -7.951720336872581e-14,
      "delta_source": 0.0,
      "source_status": "SOURCE_PROVEN_NONE",
      "delta_full_predicted": -6.520825546196818e-15,
      "delta_actual": -3.4358366846065636e-16,
      "R_boundary_only": 1.0514984720022389e-10,
      "R_full_one_step_identity": 8.856509143962147e-12,
      "runtime_solid_count": 47,
      "affected_wall_writes": 97,
      "runtime_solid_affected_wall_writes": 83,
      "boundary_blocked_affected_wall_writes": 14,
      "compute_target_count": 182320,
      "exact_inlet_lattice_flux": 0.0006974804380964758,
      "mass_after_boundary": 1280.3708439406767,
      "mass_after_pull": 1280.3708439406767,
      "collision_constructed_numerically": true,
      "flux_definition": "BOUNDARY_PDF_ACCOUNTING_FLUX",
      "iteration_start": 3117927,
      "iteration_end": 3117928
    },
    {
      "delta_wall": 3.772387856216576e-06,
      "delta_outlet_02": -0.0005134439209960157,
      "delta_outlet_03": -0.0001514550977833304,
      "delta_inlet": 0.0006974804380965534,
      "delta_outlet_01": -3.6353807100445405e-05,
      "delta_boundary_total": 7.298022321015896e-14,
      "delta_pull_connectivity": 0.0,
      "sum_rho_before_collision": 1280.3708439406767,
      "delta_collision": -7.95109421011797e-14,
      "delta_source": 0.0,
      "source_status": "SOURCE_PROVEN_NONE",
      "delta_full_predicted": -6.530718891020748e-15,
      "delta_actual": 1.5612511283791264e-16,
      "R_boundary_only": 1.0441023736245344e-10,
      "R_full_one_step_identity": 9.587142002301912e-12,
      "runtime_solid_count": 47,
      "affected_wall_writes": 97,
      "runtime_solid_affected_wall_writes": 83,
      "boundary_blocked_affected_wall_writes": 14,
      "compute_target_count": 182320,
      "exact_inlet_lattice_flux": 0.0006974804380964758,
      "mass_after_boundary": 1280.3708439406767,
      "mass_after_pull": 1280.3708439406767,
      "collision_constructed_numerically": true,
      "flux_definition": "BOUNDARY_PDF_ACCOUNTING_FLUX",
      "iteration_start": 3117928,
      "iteration_end": 3117929
    },
    {
      "delta_wall": 3.7723878562497524e-06,
      "delta_outlet_02": -0.0005134439209960159,
      "delta_outlet_03": -0.0001514550977833301,
      "delta_inlet": 0.0006974804380965547,
      "delta_outlet_01": -3.635380710044557e-05,
      "delta_boundary_total": 7.30064609027331e-14,
      "delta_pull_connectivity": 0.0,
      "sum_rho_before_collision": 1280.3708439406767,
      "delta_collision": -7.952983432403526e-14,
      "delta_source": 0.0,
      "source_status": "SOURCE_PROVEN_NONE",
      "delta_full_predicted": -6.523373421302159e-15,
      "delta_actual": 5.548404617694569e-16,
      "R_boundary_only": 1.0387620423978416e-10,
      "R_full_one_step_identity": 1.0148261508794537e-11,
      "runtime_solid_count": 47,
      "affected_wall_writes": 97,
      "runtime_solid_affected_wall_writes": 83,
      "boundary_blocked_affected_wall_writes": 14,
      "compute_target_count": 182320,
      "exact_inlet_lattice_flux": 0.0006974804380964758,
      "mass_after_boundary": 1280.3708439406767,
      "mass_after_pull": 1280.3708439406767,
      "collision_constructed_numerically": true,
      "flux_definition": "BOUNDARY_PDF_ACCOUNTING_FLUX",
      "iteration_start": 3117929,
      "iteration_end": 3117930
    },
    {
      "delta_wall": 3.7723878562474756e-06,
      "delta_outlet_02": -0.0005134439209960178,
      "delta_outlet_03": -0.00015145509778332784,
      "delta_inlet": 0.0006974804380965511,
      "delta_outlet_01": -3.635380710044562e-05,
      "delta_boundary_total": 7.301036403055405e-14,
      "delta_pull_connectivity": 0.0,
      "sum_rho_before_collision": 1280.3708439406767,
      "delta_collision": -7.93249201134355e-14,
      "delta_source": 0.0,
      "source_status": "SOURCE_PROVEN_NONE",
      "delta_full_predicted": -6.314556082881451e-15,
      "delta_actual": 2.899156609226239e-16,
      "R_boundary_only": 1.0426163143456177e-10,
      "R_full_one_step_identity": 9.469042259921478e-12,
      "runtime_solid_count": 47,
      "affected_wall_writes": 97,
      "runtime_solid_affected_wall_writes": 83,
      "boundary_blocked_affected_wall_writes": 14,
      "compute_target_count": 182320,
      "exact_inlet_lattice_flux": 0.0006974804380964758,
      "mass_after_boundary": 1280.3708439406767,
      "mass_after_pull": 1280.3708439406767,
      "collision_constructed_numerically": true,
      "flux_definition": "BOUNDARY_PDF_ACCOUNTING_FLUX",
      "iteration_start": 3117930,
      "iteration_end": 3117931
    },
    {
      "delta_wall": 3.7723878562358204e-06,
      "delta_outlet_02": -0.0005134439209960176,
      "delta_outlet_03": -0.0001514550977833281,
      "delta_inlet": 0.0006974804380964909,
      "delta_outlet_01": -3.635380710044584e-05,
      "delta_boundary_total": 7.293642144239054e-14,
      "delta_pull_connectivity": 0.0,
      "sum_rho_before_collision": 1280.3708439406767,
      "delta_collision": -7.947242581900216e-14,
      "delta_source": 0.0,
      "source_status": "SOURCE_PROVEN_NONE",
      "delta_full_predicted": -6.536004376611615e-15,
      "delta_actual": 1.0093922225840046e-16,
      "R_boundary_only": 1.0442655914323651e-10,
      "R_full_one_step_identity": 9.515598196536073e-12,
      "runtime_solid_count": 47,
      "affected_wall_writes": 97,
      "runtime_solid_affected_wall_writes": 83,
      "boundary_blocked_affected_wall_writes": 14,
      "compute_target_count": 182320,
      "exact_inlet_lattice_flux": 0.0006974804380964758,
      "mass_after_boundary": 1280.3708439406767,
      "mass_after_pull": 1280.3708439406767,
      "collision_constructed_numerically": true,
      "flux_definition": "BOUNDARY_PDF_ACCOUNTING_FLUX",
      "iteration_start": 3117931,
      "iteration_end": 3117932
    },
    {
      "delta_wall": 3.772387856221238e-06,
      "delta_outlet_02": -0.0005134439209960164,
      "delta_outlet_03": -0.00015145509778332727,
      "delta_inlet": 0.0006974804380965582,
      "delta_outlet_01": -3.6353807100446896e-05,
      "delta_boundary_total": 7.299176996329593e-14,
      "delta_pull_connectivity": 0.0,
      "sum_rho_before_collision": 1280.3708439406767,
      "delta_collision": -7.949034225990248e-14,
      "delta_source": 0.0,
      "source_status": "SOURCE_PROVEN_NONE",
      "delta_full_predicted": -6.498572296606553e-15,
      "delta_actual": -1.83772268236293e-16,
      "R_boundary_only": 1.0491411405205683e-10,
      "R_full_one_step_identity": 9.053730661757706e-12,
      "runtime_solid_count": 47,
      "affected_wall_writes": 97,
      "runtime_solid_affected_wall_writes": 83,
      "boundary_blocked_affected_wall_writes": 14,
      "compute_target_count": 182320,
      "exact_inlet_lattice_flux": 0.0006974804380964758,
      "mass_after_boundary": 1280.3708439406767,
      "mass_after_pull": 1280.3708439406767,
      "collision_constructed_numerically": true,
      "flux_definition": "BOUNDARY_PDF_ACCOUNTING_FLUX",
      "iteration_start": 3117932,
      "iteration_end": 3117933
    },
    {
      "delta_wall": 3.7723878562296947e-06,
      "delta_outlet_02": -0.0005134439209960199,
      "delta_outlet_03": -0.0001514550977833281,
      "delta_inlet": 0.0006974804380965608,
      "delta_outlet_01": -3.6353807100445405e-05,
      "delta_boundary_total": 7.299166154307868e-14,
      "delta_pull_connectivity": 0.0,
      "sum_rho_before_collision": 1280.3708439406767,
      "delta_collision": -7.944984730876015e-14,
      "delta_source": 0.0,
      "source_status": "SOURCE_PROVEN_NONE",
      "delta_full_predicted": -6.458185765681468e-15,
      "delta_actual": 1.3552527156068805e-18,
      "R_boundary_only": 1.0464853536188641e-10,
      "R_full_one_step_identity": 9.261250445999732e-12,
      "runtime_solid_count": 47,
      "affected_wall_writes": 97,
      "runtime_solid_affected_wall_writes": 83,
      "boundary_blocked_affected_wall_writes": 14,
      "compute_target_count": 182320,
      "exact_inlet_lattice_flux": 0.0006974804380964758,
      "mass_after_boundary": 1280.3708439406767,
      "mass_after_pull": 1280.3708439406767,
      "collision_constructed_numerically": true,
      "flux_definition": "BOUNDARY_PDF_ACCOUNTING_FLUX",
      "iteration_start": 3117933,
      "iteration_end": 3117934
    },
    {
      "delta_wall": 3.7723878562364167e-06,
      "delta_outlet_02": -0.0005134439209960195,
      "delta_outlet_03": -0.0001514550977833282,
      "delta_inlet": 0.000697480438096556,
      "delta_outlet_01": -3.635380710044622e-05,
      "delta_boundary_total": 7.299767886513597e-14,
      "delta_pull_connectivity": 0.0,
      "sum_rho_before_collision": 1280.3708439406767,
      "delta_collision": -7.932725114810635e-14,
      "delta_source": 0.0,
      "source_status": "SOURCE_PROVEN_NONE",
      "delta_full_predicted": -6.329572282970375e-15,
      "delta_actual": -1.1058862159352145e-17,
      "R_boundary_only": 1.0467496110220187e-10,
      "R_full_one_step_identity": 9.059054671203616e-12,
      "runtime_solid_count": 47,
      "affected_wall_writes": 97,
      "runtime_solid_affected_wall_writes": 83,
      "boundary_blocked_affected_wall_writes": 14,
      "compute_target_count": 182320,
      "exact_inlet_lattice_flux": 0.0006974804380964758,
      "mass_after_boundary": 1280.3708439406767,
      "mass_after_pull": 1280.3708439406767,
      "collision_constructed_numerically": true,
      "flux_definition": "BOUNDARY_PDF_ACCOUNTING_FLUX",
      "iteration_start": 3117934,
      "iteration_end": 3117935
    }
  ]
}
