{"frame": 0, "total": 751, "elapsed_s": 0.24818738002795726}
{"frame": 60, "total": 751, "elapsed_s": 5.07837721100077}
{"frame": 120, "total": 751, "elapsed_s": 11.665287027019076}
{"frame": 180, "total": 751, "elapsed_s": 14.183502160012722}
{"frame": 240, "total": 751, "elapsed_s": 18.155402892036363}
{"frame": 300, "total": 751, "elapsed_s": 22.486757735023275}
{"frame": 360, "total": 751, "elapsed_s": 25.25643717200728}
{"frame": 420, "total": 751, "elapsed_s": 27.719573019014206}
{"frame": 480, "total": 751, "elapsed_s": 30.520226418040693}
{"frame": 540, "total": 751, "elapsed_s": 33.36287577403709}
{"frame": 600, "total": 751, "elapsed_s": 35.266412603028584}
{"frame": 660, "total": 751, "elapsed_s": 37.00661558302818}
{"frame": 720, "total": 751, "elapsed_s": 38.72405533702113}
{"frame": 750, "total": 751, "elapsed_s": 39.878900872019585}
{
  "run": "/home/lzy/projects/clot_clearance/results/streaming_regularized_demo/coarse",
  "renderer": "/home/lzy/projects/clot_clearance/scripts/render_regularized_damage.py",
  "renderer_sha256": "bd1f268327bb6f869805a90016950bd023465ca1bad4296ac3bf8e0167f6c487",
  "input_states_sha256": "fcb844faf71121519c040b7de5559ba98a42b89d9aae4ab86702aa870ba49bdd",
  "original_state_count": 26,
  "particle_count": 360,
  "fps": 60,
  "frame_count": 751,
  "duration_s": 12.516666666666667,
  "repeated_hold_frames_inserted": 0,
  "positions": "Piecewise linear display interpolation; exact saved positions every 30 frames; no extrapolation",
  "damage": "Original recorded value held until the next macro endpoint; no damage interpolation",
  "interpolation_is_new_simulation": false,
  "original_endpoint_indices": [
    0,
    30,
    60,
    90,
    120,
    150,
    180,
    210,
    240,
    270,
    300,
    330,
    360,
    390,
    420,
    450,
    480,
    510,
    540,
    570,
    600,
    630,
    660,
    690,
    720,
    750
  ],
  "glyph": "Small hollow white diamond at configured upstream manufactured streaming center; no bubble surface",
  "source_position_m": [
    -0.000825,
    0.0,
    -0.000725
  ],
  "source_modulation_visualized": false,
  "background_flow": "Existing distributed pipe field remains in the simulation; no invented point emitter drawn",
  "force_arrows": false,
  "force_chart": false,
  "force_numbers": false,
  "cycle_label": false,
  "bubble_sphere": false,
  "title": "Particle damage",
  "font": {
    "family": "Arial",
    "weight": "normal",
    "path": "/mnt/c/Windows/Fonts/arial.ttf",
    "sha256": "b3658eadae55e682b5f69eb64c439c1ecc8f196c0bb8d4756d145d13bc86476a"
  },
  "background": "#000000",
  "damage_color_range": [
    0,
    0.0005
  ],
  "damage_color_mapping": "One fixed global range, actual damage values on colorbar; yellow is not full failure",
  "cached_background_pixel_MAE": 0.0,
  "camera": {
    "elevation_deg": 24,
    "azimuth_deg": -68,
    "projection": "orthographic",
    "limits_mm": [
      [
        -1.05,
        0.8
      ],
      [
        -0.55,
        0.55
      ],
      [
        -1.2,
        0.02
      ]
    ],
    "zoom": 1.35
  },
  "displacement_scale": 1,
  "all_particles_retained": true,
  "screen_bounds_pixels_bottom_origin": [
    [
      675.2171788947533,
      357.5027025650714
    ],
    [
      1271.6763014067103,
      773.1282185546391
    ]
  ],
  "collection_clipping": false,
  "elapsed_render_s": 49.55640248401323,
  "protected_files": 393,
  "changed_preexisting_files": []
}
