Traceback (most recent call last):
  File "<frozen runpy>", line 198, in _run_module_as_main
  File "<frozen runpy>", line 88, in _run_code
  File "/home/lzy/projects/clot_clearance/pd_clot/regularization/audit.py", line 47, in <module>
    if __name__=='__main__':main()
                            ~~~~^^
  File "/home/lzy/projects/clot_clearance/pd_clot/regularization/audit.py", line 44, in main
    p=argparse.ArgumentParser();p.add_argument('run',type=Path);a=p.parse_args();print(json.dumps(audit_run(a.run),indent=2))
                                                                                                  ~~~~~~~~~^^^^^^^
  File "/home/lzy/projects/clot_clearance/pd_clot/regularization/audit.py", line 38, in audit_run
    (p/'AUDIT.json').write_text(json.dumps(result,indent=2)+'\n')
                                ~~~~~~~~~~^^^^^^^^^^^^^^^^^
  File "/home/lzy/miniconda3/lib/python3.13/json/__init__.py", line 242, in dumps
    **kw).encode(obj)
          ~~~~~~^^^^^
  File "/home/lzy/miniconda3/lib/python3.13/json/encoder.py", line 202, in encode
    chunks = self.iterencode(o, _one_shot=True)
  File "/home/lzy/miniconda3/lib/python3.13/json/encoder.py", line 263, in iterencode
    return _iterencode(o, 0)
  File "/home/lzy/miniconda3/lib/python3.13/json/encoder.py", line 182, in default
    raise TypeError(f'Object of type {o.__class__.__name__} '
                    f'is not JSON serializable')
TypeError: Object of type bool is not JSON serializable
