{"represented_cycles": 0, "mean_damage": 0.0, "broken_bond_fraction": 0.0, "detached_volume_fraction": 0.0, "resolved_fragment_volume_fraction": 0.0, "P_singleton": null, "P_lowrank": null, "relative_numerical_energy_residual": 0.0, "fragment_resolution_status": "NOT_ASSESSED_NO_DETACHMENT"}
{"represented_cycles": 1000, "mean_damage": 4.729523316146992e-06, "broken_bond_fraction": 0.0, "detached_volume_fraction": 0.0, "resolved_fragment_volume_fraction": 0.0, "P_singleton": null, "P_lowrank": null, "relative_numerical_energy_residual": -0.0001369469080111897, "fragment_resolution_status": "NOT_ASSESSED_NO_DETACHMENT"}
{
  "status": "COMPLETED_REGULARIZATION_DEVELOPMENT_RUN",
  "label": "UNCALIBRATED energy-regularization development; manufactured one-way flow",
  "elapsed_wall_s": 42.28684816497844,
  "events": {
    "first_bond_failure": null,
    "first_detachment": null,
    "first_resolved_detachment": null,
    "first_clearance_crossing": null,
    "first_reduced_rank": null
  },
  "final": {
    "macro_step": 1,
    "represented_cycles": 1000,
    "mechanical_time_s": 0.004,
    "mean_damage": 4.729523316146992e-06,
    "maximum_damage": 1.903804399383383e-05,
    "active_bond_count": 12592,
    "broken_bond_count": 0,
    "broken_bond_fraction": 0.0,
    "particle_count": 360,
    "total_volume_m3": 7.031250000000002e-10,
    "maximum_displacement_m": 2.612511468151669e-07,
    "rank_counts": [
      0,
      0,
      0,
      360
    ],
    "surface_particle_count": 172,
    "new_surface_particle_count": 0,
    "maximum_cycle_stretch_amplitude": 3.314983161334384e-05,
    "maximum_cycle_energy_driver_J": 5.835931605120434e-19,
    "base_max_error_m": 0.0,
    "total_components": 1,
    "attached_components": 1,
    "detached_components": 0,
    "attached_volume_fraction": 1.0,
    "detached_volume_fraction": 0.0,
    "cleared_volume_fraction": 0.0,
    "largest_component_volume_m3": 7.031250000000002e-10,
    "detached_fragment_volumes_m3": [],
    "maximum_fragment_travel_m": 0.0,
    "detached_total_volume_m3": 0.0,
    "resolved_fragment_volume_m3": 0.0,
    "under_resolved_debris_volume_m3": 0.0,
    "singleton_volume_m3": 0.0,
    "resolved_fragment_volume_fraction": 0.0,
    "under_resolved_debris_fraction": 0.0,
    "singleton_volume_fraction": 0.0,
    "singleton_detached_volume_fraction": null,
    "lowrank_detached_volume_m3": 0.0,
    "P_singleton": null,
    "P_lowrank": null,
    "largest_resolved_fragment_volume_m3": 0.0,
    "fragment_resolution_status": "NOT_ASSESSED_NO_DETACHMENT",
    "rank_particle_fractions": [
      0.0,
      0.0,
      0.0,
      1.0
    ],
    "detached_rank_volume_fractions": [
      null,
      null,
      null,
      null
    ],
    "total_clearance_volume_fraction": 0.0,
    "resolved_fragment_clearance_fraction": 0.0,
    "under_resolved_debris_clearance_fraction": 0.0,
    "elastic_energy_J": 9.3265472496413e-14,
    "stabilization_energy_J": 6.463942076664278e-15,
    "kinetic_energy_J": 3.139138067743041e-17,
    "external_work_J": 2.0064387415650633e-13,
    "transport_work_J": 0.0,
    "damping_dissipation_J": 1.0085468590115925e-13,
    "damage_dissipation_estimate_J": 9.04748402578368e-19,
    "numerical_energy_residual_J": -2.7477558177119794e-17,
    "relative_numerical_energy_residual": -0.0001369469080111897,
    "negative_damage_roundoff_J": 0.0,
    "fraction_of_damage_inside_influence_region": 0.44075895137583065,
    "fraction_of_broken_bonds_inside_influence_region": null,
    "fraction_of_detached_volume_originating_in_influence_region": null,
    "damage_weighted_distance_from_source_m": 0.0006429011248371274,
    "initial_volume_in_influence_region_fraction": 0.17777777777777773
  },
  "minimum_J_or_intrinsic_stretch": 0.9998548643167623,
  "maximum_acceleration_m_s2": 32.42913259291004,
  "all_particles_retained": true,
  "forced_failure_verification": false,
  "D_break": 1.0,
  "physical_predictivity_claim": false,
  "source_center_m": [
    -0.000825,
    0.0,
    -0.000725
  ],
  "load_and_transport_share_one_field": true,
  "fracture_resolution_status": "NOT_ASSESSED_NO_DETACHMENT",
  "energy_time_convention": "Actual representative mechanical cycles only; not fictitious work multiplied by DeltaN",
  "calibration_scope": "Kinematic cyclic-opening weak-plane coupon; mesh transfer beyond this loading path must be verified"
}
