{"calibration_spacing_m": 0.000125, "critical_density_Pa": 0.0004915369882662566, "measured_Gc_J_m2": 0.000642862495909863}
{"calibration_spacing_m": 0.000125, "critical_density_Pa": 591.1244879144518, "measured_Gc_J_m2": 76.77221733962531}
{"calibration_spacing_m": 0.000125, "critical_density_Pa": 0.0004915369882662566, "measured_Gc_J_m2": 0.000642862495909863}
{"calibration_spacing_m": 0.000125, "critical_density_Pa": 591.1244879144518, "measured_Gc_J_m2": 76.77221733962531}
{"calibration_spacing_m": 0.000125, "critical_density_Pa": 0.01314946545787043, "measured_Gc_J_m2": 0.0164752760086142}
{"calibration_spacing_m": 0.000125, "critical_density_Pa": 0.007928786146219937, "measured_Gc_J_m2": 0.01005011460883869}
{"calibration_spacing_m": 0.000125, "critical_density_Pa": 0.007888397014115475, "measured_Gc_J_m2": 0.009999954846135563}
{"calibration_spacing_m": 0.000125, "critical_density_Pa": 0.007908142678446995, "measured_Gc_J_m2": 0.010024478196664764}
START_CASE sweep_C_E_0.0005
{"represented_cycles": 0, "mean_damage": 0.0, "broken_bond_fraction": 0.0, "detached_volume_fraction": 0.0, "resolved_fragment_volume_fraction": 0.0, "P_singleton": null, "P_lowrank": null, "relative_numerical_energy_residual": 0.0, "fragment_resolution_status": "NOT_ASSESSED_NO_DETACHMENT"}
{"represented_cycles": 1000, "mean_damage": 3.753508076945019e-06, "broken_bond_fraction": 0.0, "detached_volume_fraction": 0.0, "resolved_fragment_volume_fraction": 0.0, "P_singleton": null, "P_lowrank": null, "relative_numerical_energy_residual": -0.00013694691722681808, "fragment_resolution_status": "NOT_ASSESSED_NO_DETACHMENT"}
{"represented_cycles": 2000, "mean_damage": 7.050784940843293e-06, "broken_bond_fraction": 0.0, "detached_volume_fraction": 0.0, "resolved_fragment_volume_fraction": 0.0, "P_singleton": null, "P_lowrank": null, "relative_numerical_energy_residual": -0.00013652246028117708, "fragment_resolution_status": "NOT_ASSESSED_NO_DETACHMENT"}
{"represented_cycles": 3000, "mean_damage": 1.0346077135227861e-05, "broken_bond_fraction": 0.0, "detached_volume_fraction": 0.0, "resolved_fragment_volume_fraction": 0.0, "P_singleton": null, "P_lowrank": null, "relative_numerical_energy_residual": -0.00013605961640603185, "fragment_resolution_status": "NOT_ASSESSED_NO_DETACHMENT"}
{"represented_cycles": 4000, "mean_damage": 1.3641400879701995e-05, "broken_bond_fraction": 0.0, "detached_volume_fraction": 0.0, "resolved_fragment_volume_fraction": 0.0, "P_singleton": null, "P_lowrank": null, "relative_numerical_energy_residual": -0.00013560159159312847, "fragment_resolution_status": "NOT_ASSESSED_NO_DETACHMENT"}
{"represented_cycles": 5000, "mean_damage": 1.693675388628735e-05, "broken_bond_fraction": 0.0, "detached_volume_fraction": 0.0, "resolved_fragment_volume_fraction": 0.0, "P_singleton": null, "P_lowrank": null, "relative_numerical_energy_residual": -0.0001351464833244018, "fragment_resolution_status": "NOT_ASSESSED_NO_DETACHMENT"}
{"represented_cycles": 6000, "mean_damage": 2.0232140783299964e-05, "broken_bond_fraction": 0.0, "detached_volume_fraction": 0.0, "resolved_fragment_volume_fraction": 0.0, "P_singleton": null, "P_lowrank": null, "relative_numerical_energy_residual": -0.0001346945416281117, "fragment_resolution_status": "NOT_ASSESSED_NO_DETACHMENT"}
{"represented_cycles": 7000, "mean_damage": 2.3527561398750577e-05, "broken_bond_fraction": 0.0, "detached_volume_fraction": 0.0, "resolved_fragment_volume_fraction": 0.0, "P_singleton": null, "P_lowrank": null, "relative_numerical_energy_residual": -0.00013424560351437396, "fragment_resolution_status": "NOT_ASSESSED_NO_DETACHMENT"}
{"represented_cycles": 8000, "mean_damage": 2.6823015736430205e-05, "broken_bond_fraction": 0.0, "detached_volume_fraction": 0.0, "resolved_fragment_volume_fraction": 0.0, "P_singleton": null, "P_lowrank": null, "relative_numerical_energy_residual": -0.00013379957709678161, "fragment_resolution_status": "NOT_ASSESSED_NO_DETACHMENT"}
{"represented_cycles": 9000, "mean_damage": 3.011850379904853e-05, "broken_bond_fraction": 0.0, "detached_volume_fraction": 0.0, "resolved_fragment_volume_fraction": 0.0, "P_singleton": null, "P_lowrank": null, "relative_numerical_energy_residual": -0.00013335655498900172, "fragment_resolution_status": "NOT_ASSESSED_NO_DETACHMENT"}
{"represented_cycles": 10000, "mean_damage": 3.34140255890457e-05, "broken_bond_fraction": 0.0, "detached_volume_fraction": 0.0, "resolved_fragment_volume_fraction": 0.0, "P_singleton": null, "P_lowrank": null, "relative_numerical_energy_residual": -0.00013291632306443841, "fragment_resolution_status": "NOT_ASSESSED_NO_DETACHMENT"}
{"represented_cycles": 11000, "mean_damage": 3.6709581109066855e-05, "broken_bond_fraction": 0.0, "detached_volume_fraction": 0.0, "resolved_fragment_volume_fraction": 0.0, "P_singleton": null, "P_lowrank": null, "relative_numerical_energy_residual": -0.00013247903874017086, "fragment_resolution_status": "NOT_ASSESSED_NO_DETACHMENT"}
{"represented_cycles": 12000, "mean_damage": 4.000517036067819e-05, "broken_bond_fraction": 0.0, "detached_volume_fraction": 0.0, "resolved_fragment_volume_fraction": 0.0, "P_singleton": null, "P_lowrank": null, "relative_numerical_energy_residual": -0.0001320446771795528, "fragment_resolution_status": "NOT_ASSESSED_NO_DETACHMENT"}
{"represented_cycles": 13000, "mean_damage": 4.3300793346114655e-05, "broken_bond_fraction": 0.0, "detached_volume_fraction": 0.0, "resolved_fragment_volume_fraction": 0.0, "P_singleton": null, "P_lowrank": null, "relative_numerical_energy_residual": -0.00013161309330051249, "fragment_resolution_status": "NOT_ASSESSED_NO_DETACHMENT"}
{"represented_cycles": 14000, "mean_damage": 4.659645006786232e-05, "broken_bond_fraction": 0.0, "detached_volume_fraction": 0.0, "resolved_fragment_volume_fraction": 0.0, "P_singleton": null, "P_lowrank": null, "relative_numerical_energy_residual": -0.00013118440155290376, "fragment_resolution_status": "NOT_ASSESSED_NO_DETACHMENT"}
{"represented_cycles": 15000, "mean_damage": 4.9892140527945715e-05, "broken_bond_fraction": 0.0, "detached_volume_fraction": 0.0, "resolved_fragment_volume_fraction": 0.0, "P_singleton": null, "P_lowrank": null, "relative_numerical_energy_residual": -0.00013075845717443307, "fragment_resolution_status": "NOT_ASSESSED_NO_DETACHMENT"}
{"represented_cycles": 16000, "mean_damage": 5.3187864728180416e-05, "broken_bond_fraction": 0.0, "detached_volume_fraction": 0.0, "resolved_fragment_volume_fraction": 0.0, "P_singleton": null, "P_lowrank": null, "relative_numerical_energy_residual": -0.00013033521502508314, "fragment_resolution_status": "NOT_ASSESSED_NO_DETACHMENT"}
{"represented_cycles": 17000, "mean_damage": 5.6483622670179416e-05, "broken_bond_fraction": 0.0, "detached_volume_fraction": 0.0, "resolved_fragment_volume_fraction": 0.0, "P_singleton": null, "P_lowrank": null, "relative_numerical_energy_residual": -0.00012991484220820415, "fragment_resolution_status": "NOT_ASSESSED_NO_DETACHMENT"}
{"represented_cycles": 18000, "mean_damage": 5.977941435563824e-05, "broken_bond_fraction": 0.0, "detached_volume_fraction": 0.0, "resolved_fragment_volume_fraction": 0.0, "P_singleton": null, "P_lowrank": null, "relative_numerical_energy_residual": -0.00012949704056471786, "fragment_resolution_status": "NOT_ASSESSED_NO_DETACHMENT"}
{"represented_cycles": 19000, "mean_damage": 6.307523978678082e-05, "broken_bond_fraction": 0.0, "detached_volume_fraction": 0.0, "resolved_fragment_volume_fraction": 0.0, "P_singleton": null, "P_lowrank": null, "relative_numerical_energy_residual": -0.00012908187038374584, "fragment_resolution_status": "NOT_ASSESSED_NO_DETACHMENT"}
{"represented_cycles": 20000, "mean_damage": 6.637109896563338e-05, "broken_bond_fraction": 0.0, "detached_volume_fraction": 0.0, "resolved_fragment_volume_fraction": 0.0, "P_singleton": null, "P_lowrank": null, "relative_numerical_energy_residual": -0.00012866945085026571, "fragment_resolution_status": "NOT_ASSESSED_NO_DETACHMENT"}
{"represented_cycles": 21000, "mean_damage": 6.966699189437766e-05, "broken_bond_fraction": 0.0, "detached_volume_fraction": 0.0, "resolved_fragment_volume_fraction": 0.0, "P_singleton": null, "P_lowrank": null, "relative_numerical_energy_residual": -0.00012825967038624476, "fragment_resolution_status": "NOT_ASSESSED_NO_DETACHMENT"}
{"represented_cycles": 22000, "mean_damage": 7.296291857444922e-05, "broken_bond_fraction": 0.0, "detached_volume_fraction": 0.0, "resolved_fragment_volume_fraction": 0.0, "P_singleton": null, "P_lowrank": null, "relative_numerical_energy_residual": -0.00012785241390810277, "fragment_resolution_status": "NOT_ASSESSED_NO_DETACHMENT"}
{"represented_cycles": 23000, "mean_damage": 7.625887900768261e-05, "broken_bond_fraction": 0.0, "detached_volume_fraction": 0.0, "resolved_fragment_volume_fraction": 0.0, "P_singleton": null, "P_lowrank": null, "relative_numerical_energy_residual": -0.00012744773274735182, "fragment_resolution_status": "NOT_ASSESSED_NO_DETACHMENT"}
{"represented_cycles": 24000, "mean_damage": 7.955487319663028e-05, "broken_bond_fraction": 0.0, "detached_volume_fraction": 0.0, "resolved_fragment_volume_fraction": 0.0, "P_singleton": null, "P_lowrank": null, "relative_numerical_energy_residual": -0.00012704552276852373, "fragment_resolution_status": "NOT_ASSESSED_NO_DETACHMENT"}
{"represented_cycles": 25000, "mean_damage": 8.285090114370334e-05, "broken_bond_fraction": 0.0, "detached_volume_fraction": 0.0, "resolved_fragment_volume_fraction": 0.0, "P_singleton": null, "P_lowrank": null, "relative_numerical_energy_residual": -0.00012664598440726574, "fragment_resolution_status": "NOT_ASSESSED_NO_DETACHMENT"}
END_CASE sweep_C_E_0.0005 65.31458913598908
{"calibration_spacing_m": 0.000125, "critical_density_Pa": 0.0004915369882662566, "measured_Gc_J_m2": 0.00025615914242958315}
{"calibration_spacing_m": 0.000125, "critical_density_Pa": 591.1244879144518, "measured_Gc_J_m2": 44.68946247779718}
{"calibration_spacing_m": 0.000125, "critical_density_Pa": 0.0004915369882662566, "measured_Gc_J_m2": 0.00025615914242958315}
{"calibration_spacing_m": 0.000125, "critical_density_Pa": 591.1244879144518, "measured_Gc_J_m2": 44.68946247779718}
{"calibration_spacing_m": 0.000125, "critical_density_Pa": 0.034483453441557385, "measured_Gc_J_m2": 0.01713064103011989}
{"calibration_spacing_m": 0.000125, "critical_density_Pa": 0.020006647651425256, "measured_Gc_J_m2": 0.010064930219800903}
{"calibration_spacing_m": 0.000125, "critical_density_Pa": 0.019874765622467552, "measured_Gc_J_m2": 0.00999992244260147}
{"calibration_spacing_m": 0.000125, "critical_density_Pa": 0.01992451469695589, "measured_Gc_J_m2": 0.010024446462732118}
START_CASE sweep_C_E_0.002
{"represented_cycles": 0, "mean_damage": 0.0, "broken_bond_fraction": 0.0, "detached_volume_fraction": 0.0, "resolved_fragment_volume_fraction": 0.0, "P_singleton": null, "P_lowrank": null, "relative_numerical_energy_residual": 0.0, "fragment_resolution_status": "NOT_ASSESSED_NO_DETACHMENT"}
{"represented_cycles": 1000, "mean_damage": 5.959146883857009e-06, "broken_bond_fraction": 0.0, "detached_volume_fraction": 0.0, "resolved_fragment_volume_fraction": 0.0, "P_singleton": null, "P_lowrank": null, "relative_numerical_energy_residual": -0.00013694691722681808, "fragment_resolution_status": "NOT_ASSESSED_NO_DETACHMENT"}
{"represented_cycles": 2000, "mean_damage": 1.1193760803039367e-05, "broken_bond_fraction": 0.0, "detached_volume_fraction": 0.0, "resolved_fragment_volume_fraction": 0.0, "P_singleton": null, "P_lowrank": null, "relative_numerical_energy_residual": -0.0001365218099725653, "fragment_resolution_status": "NOT_ASSESSED_NO_DETACHMENT"}
{"represented_cycles": 3000, "mean_damage": 1.6425265671413643e-05, "broken_bond_fraction": 0.0, "detached_volume_fraction": 0.0, "resolved_fragment_volume_fraction": 0.0, "P_singleton": null, "P_lowrank": null, "relative_numerical_energy_residual": -0.00013605835438990996, "fragment_resolution_status": "NOT_ASSESSED_NO_DETACHMENT"}
{"represented_cycles": 4000, "mean_damage": 2.165685107571316e-05, "broken_bond_fraction": 0.0, "detached_volume_fraction": 0.0, "resolved_fragment_volume_fraction": 0.0, "P_singleton": null, "P_lowrank": null, "relative_numerical_energy_residual": -0.0001355996499874894, "fragment_resolution_status": "NOT_ASSESSED_NO_DETACHMENT"}
{"represented_cycles": 5000, "mean_damage": 2.6888514514184937e-05, "broken_bond_fraction": 0.0, "detached_volume_fraction": 0.0, "resolved_fragment_volume_fraction": 0.0, "P_singleton": null, "P_lowrank": null, "relative_numerical_energy_residual": -0.00013514413445994642, "fragment_resolution_status": "NOT_ASSESSED_NO_DETACHMENT"}
{"represented_cycles": 6000, "mean_damage": 3.2120263209597466e-05, "broken_bond_fraction": 0.0, "detached_volume_fraction": 0.0, "resolved_fragment_volume_fraction": 0.0, "P_singleton": null, "P_lowrank": null, "relative_numerical_energy_residual": -0.0001346916114537742, "fragment_resolution_status": "NOT_ASSESSED_NO_DETACHMENT"}
{"represented_cycles": 7000, "mean_damage": 3.735209689639866e-05, "broken_bond_fraction": 0.0, "detached_volume_fraction": 0.0, "resolved_fragment_volume_fraction": 0.0, "P_singleton": null, "P_lowrank": null, "relative_numerical_energy_residual": -0.00013424199260684292, "fragment_resolution_status": "NOT_ASSESSED_NO_DETACHMENT"}
{"represented_cycles": 8000, "mean_damage": 4.2584015586754236e-05, "broken_bond_fraction": 0.0, "detached_volume_fraction": 0.0, "resolved_fragment_volume_fraction": 0.0, "P_singleton": null, "P_lowrank": null, "relative_numerical_energy_residual": -0.00013379545918581882, "fragment_resolution_status": "NOT_ASSESSED_NO_DETACHMENT"}
{"represented_cycles": 9000, "mean_damage": 4.781601928862163e-05, "broken_bond_fraction": 0.0, "detached_volume_fraction": 0.0, "resolved_fragment_volume_fraction": 0.0, "P_singleton": null, "P_lowrank": null, "relative_numerical_energy_residual": -0.00013335186214372924, "fragment_resolution_status": "NOT_ASSESSED_NO_DETACHMENT"}
{"represented_cycles": 10000, "mean_damage": 5.304810801013529e-05, "broken_bond_fraction": 0.0, "detached_volume_fraction": 0.0, "resolved_fragment_volume_fraction": 0.0, "P_singleton": null, "P_lowrank": null, "relative_numerical_energy_residual": -0.00013291113991689194, "fragment_resolution_status": "NOT_ASSESSED_NO_DETACHMENT"}
{"represented_cycles": 11000, "mean_damage": 5.828028175787778e-05, "broken_bond_fraction": 0.0, "detached_volume_fraction": 0.0, "resolved_fragment_volume_fraction": 0.0, "P_singleton": null, "P_lowrank": null, "relative_numerical_energy_residual": -0.00013247338160064353, "fragment_resolution_status": "NOT_ASSESSED_NO_DETACHMENT"}
{"represented_cycles": 12000, "mean_damage": 6.351254053861453e-05, "broken_bond_fraction": 0.0, "detached_volume_fraction": 0.0, "resolved_fragment_volume_fraction": 0.0, "P_singleton": null, "P_lowrank": null, "relative_numerical_energy_residual": -0.0001320384528160041, "fragment_resolution_status": "NOT_ASSESSED_NO_DETACHMENT"}
{"represented_cycles": 13000, "mean_damage": 6.874488435937545e-05, "broken_bond_fraction": 0.0, "detached_volume_fraction": 0.0, "resolved_fragment_volume_fraction": 0.0, "P_singleton": null, "P_lowrank": null, "relative_numerical_energy_residual": -0.00013160640458527803, "fragment_resolution_status": "NOT_ASSESSED_NO_DETACHMENT"}
{"represented_cycles": 14000, "mean_damage": 7.397731322737642e-05, "broken_bond_fraction": 0.0, "detached_volume_fraction": 0.0, "resolved_fragment_volume_fraction": 0.0, "P_singleton": null, "P_lowrank": null, "relative_numerical_energy_residual": -0.00013117718352299726, "fragment_resolution_status": "NOT_ASSESSED_NO_DETACHMENT"}
{"represented_cycles": 15000, "mean_damage": 7.920982715215372e-05, "broken_bond_fraction": 0.0, "detached_volume_fraction": 0.0, "resolved_fragment_volume_fraction": 0.0, "P_singleton": null, "P_lowrank": null, "relative_numerical_energy_residual": -0.000130750646826147, "fragment_resolution_status": "NOT_ASSESSED_NO_DETACHMENT"}
{"represented_cycles": 16000, "mean_damage": 8.444242614123347e-05, "broken_bond_fraction": 0.0, "detached_volume_fraction": 0.0, "resolved_fragment_volume_fraction": 0.0, "P_singleton": null, "P_lowrank": null, "relative_numerical_energy_residual": -0.00013032697417363285, "fragment_resolution_status": "NOT_ASSESSED_NO_DETACHMENT"}
{"represented_cycles": 17000, "mean_damage": 8.96751102057288e-05, "broken_bond_fraction": 0.0, "detached_volume_fraction": 0.0, "resolved_fragment_volume_fraction": 0.0, "P_singleton": null, "P_lowrank": null, "relative_numerical_energy_residual": -0.00012990612417838584, "fragment_resolution_status": "NOT_ASSESSED_NO_DETACHMENT"}
{"represented_cycles": 18000, "mean_damage": 9.490787935378792e-05, "broken_bond_fraction": 0.0, "detached_volume_fraction": 0.0, "resolved_fragment_volume_fraction": 0.0, "P_singleton": null, "P_lowrank": null, "relative_numerical_energy_residual": -0.00012948780068682673, "fragment_resolution_status": "NOT_ASSESSED_NO_DETACHMENT"}
{"represented_cycles": 19000, "mean_damage": 0.00010014073359137334, "broken_bond_fraction": 0.0, "detached_volume_fraction": 0.0, "resolved_fragment_volume_fraction": 0.0, "P_singleton": null, "P_lowrank": null, "relative_numerical_energy_residual": -0.00012907227901648736, "fragment_resolution_status": "NOT_ASSESSED_NO_DETACHMENT"}
{"represented_cycles": 20000, "mean_damage": 0.00010537367292652687, "broken_bond_fraction": 0.0, "detached_volume_fraction": 0.0, "resolved_fragment_volume_fraction": 0.0, "P_singleton": null, "P_lowrank": null, "relative_numerical_energy_residual": -0.00012865946326670645, "fragment_resolution_status": "NOT_ASSESSED_NO_DETACHMENT"}
{"represented_cycles": 21000, "mean_damage": 0.00011060669737072159, "broken_bond_fraction": 0.0, "detached_volume_fraction": 0.0, "resolved_fragment_volume_fraction": 0.0, "P_singleton": null, "P_lowrank": null, "relative_numerical_energy_residual": -0.00012824916320807166, "fragment_resolution_status": "NOT_ASSESSED_NO_DETACHMENT"}
{"represented_cycles": 22000, "mean_damage": 0.00011583980693191286, "broken_bond_fraction": 0.0, "detached_volume_fraction": 0.0, "resolved_fragment_volume_fraction": 0.0, "P_singleton": null, "P_lowrank": null, "relative_numerical_energy_residual": -0.00012784149260847803, "fragment_resolution_status": "NOT_ASSESSED_NO_DETACHMENT"}
{"represented_cycles": 23000, "mean_damage": 0.00012107300161823834, "broken_bond_fraction": 0.0, "detached_volume_fraction": 0.0, "resolved_fragment_volume_fraction": 0.0, "P_singleton": null, "P_lowrank": null, "relative_numerical_energy_residual": -0.00012743638581668267, "fragment_resolution_status": "NOT_ASSESSED_NO_DETACHMENT"}
{"represented_cycles": 24000, "mean_damage": 0.00012630628143899504, "broken_bond_fraction": 0.0, "detached_volume_fraction": 0.0, "resolved_fragment_volume_fraction": 0.0, "P_singleton": null, "P_lowrank": null, "relative_numerical_energy_residual": -0.00012703389624945847, "fragment_resolution_status": "NOT_ASSESSED_NO_DETACHMENT"}
{"represented_cycles": 25000, "mean_damage": 0.00013153964640223484, "broken_bond_fraction": 0.0, "detached_volume_fraction": 0.0, "resolved_fragment_volume_fraction": 0.0, "P_singleton": null, "P_lowrank": null, "relative_numerical_energy_residual": -0.000126634011621076, "fragment_resolution_status": "NOT_ASSESSED_NO_DETACHMENT"}
END_CASE sweep_C_E_0.002 66.97852088802028
