{"calibration_spacing_m": 0.000125, "critical_density_Pa": 0.0002457684941331283, "measured_Gc_J_m2": 0.00020346146287475108}
{"calibration_spacing_m": 0.000125, "critical_density_Pa": 295.56224395722586, "measured_Gc_J_m2": 38.994289279386784}
{"calibration_spacing_m": 0.000125, "critical_density_Pa": 0.0002457684941331283, "measured_Gc_J_m2": 0.00020346146287475108}
{"calibration_spacing_m": 0.000125, "critical_density_Pa": 295.56224395722586, "measured_Gc_J_m2": 38.994289279386784}
{"calibration_spacing_m": 0.000125, "critical_density_Pa": 0.009794062166575978, "measured_Gc_J_m2": 0.007858773341944828}
{"calibration_spacing_m": 0.000125, "critical_density_Pa": 0.006207253288493772, "measured_Gc_J_m2": 0.005017659757085282}
{"calibration_spacing_m": 0.000125, "critical_density_Pa": 0.006185071879642449, "measured_Gc_J_m2": 0.0049999896990795606}
START_CASE sweep_Gc_demo_J_m2_0.005
{"represented_cycles": 0, "mean_damage": 0.0, "broken_bond_fraction": 0.0, "detached_volume_fraction": 0.0, "resolved_fragment_volume_fraction": 0.0, "P_singleton": null, "P_lowrank": null, "relative_numerical_energy_residual": 0.0, "fragment_resolution_status": "NOT_ASSESSED_NO_DETACHMENT"}
{"represented_cycles": 1000, "mean_damage": 9.574395409723576e-06, "broken_bond_fraction": 0.0, "detached_volume_fraction": 0.0, "resolved_fragment_volume_fraction": 0.0, "P_singleton": null, "P_lowrank": null, "relative_numerical_energy_residual": -0.00013694691722681808, "fragment_resolution_status": "NOT_ASSESSED_NO_DETACHMENT"}
{"represented_cycles": 2000, "mean_damage": 1.7984149931860726e-05, "broken_bond_fraction": 0.0, "detached_volume_fraction": 0.0, "resolved_fragment_volume_fraction": 0.0, "P_singleton": null, "P_lowrank": null, "relative_numerical_energy_residual": -0.00013652075455569785, "fragment_resolution_status": "NOT_ASSESSED_NO_DETACHMENT"}
{"represented_cycles": 3000, "mean_damage": 2.6389021814225987e-05, "broken_bond_fraction": 0.0, "detached_volume_fraction": 0.0, "resolved_fragment_volume_fraction": 0.0, "P_singleton": null, "P_lowrank": null, "relative_numerical_energy_residual": -0.00013605636907034166, "fragment_resolution_status": "NOT_ASSESSED_NO_DETACHMENT"}
{"represented_cycles": 4000, "mean_damage": 3.479410441542992e-05, "broken_bond_fraction": 0.0, "detached_volume_fraction": 0.0, "resolved_fragment_volume_fraction": 0.0, "P_singleton": null, "P_lowrank": null, "relative_numerical_energy_residual": -0.00013559683631972943, "fragment_resolution_status": "NOT_ASSESSED_NO_DETACHMENT"}
{"represented_cycles": 5000, "mean_damage": 4.3199395376954915e-05, "broken_bond_fraction": 0.0, "detached_volume_fraction": 0.0, "resolved_fragment_volume_fraction": 0.0, "P_singleton": null, "P_lowrank": null, "relative_numerical_energy_residual": -0.0001351403682459741, "fragment_resolution_status": "NOT_ASSESSED_NO_DETACHMENT"}
{"represented_cycles": 6000, "mean_damage": 5.160490613938122e-05, "broken_bond_fraction": 0.0, "detached_volume_fraction": 0.0, "resolved_fragment_volume_fraction": 0.0, "P_singleton": null, "P_lowrank": null, "relative_numerical_energy_residual": -0.00013468688404753328, "fragment_resolution_status": "NOT_ASSESSED_NO_DETACHMENT"}
{"represented_cycles": 7000, "mean_damage": 6.001063629423209e-05, "broken_bond_fraction": 0.0, "detached_volume_fraction": 0.0, "resolved_fragment_volume_fraction": 0.0, "P_singleton": null, "P_lowrank": null, "relative_numerical_energy_residual": -0.00013423648394940175, "fragment_resolution_status": "NOT_ASSESSED_NO_DETACHMENT"}
{"represented_cycles": 8000, "mean_damage": 6.841658587400583e-05, "broken_bond_fraction": 0.0, "detached_volume_fraction": 0.0, "resolved_fragment_volume_fraction": 0.0, "P_singleton": null, "P_lowrank": null, "relative_numerical_energy_residual": -0.00013378904606321148, "fragment_resolution_status": "NOT_ASSESSED_NO_DETACHMENT"}
{"represented_cycles": 9000, "mean_damage": 7.682275491236277e-05, "broken_bond_fraction": 0.0, "detached_volume_fraction": 0.0, "resolved_fragment_volume_fraction": 0.0, "P_singleton": null, "P_lowrank": null, "relative_numerical_energy_residual": -0.00013334457498279456, "fragment_resolution_status": "NOT_ASSESSED_NO_DETACHMENT"}
{"represented_cycles": 10000, "mean_damage": 8.522914344203789e-05, "broken_bond_fraction": 0.0, "detached_volume_fraction": 0.0, "resolved_fragment_volume_fraction": 0.0, "P_singleton": null, "P_lowrank": null, "relative_numerical_energy_residual": -0.00013290308191525035, "fragment_resolution_status": "NOT_ASSESSED_NO_DETACHMENT"}
{"represented_cycles": 11000, "mean_damage": 9.363575150344845e-05, "broken_bond_fraction": 0.0, "detached_volume_fraction": 0.0, "resolved_fragment_volume_fraction": 0.0, "P_singleton": null, "P_lowrank": null, "relative_numerical_energy_residual": -0.000132464451994073, "fragment_resolution_status": "NOT_ASSESSED_NO_DETACHMENT"}
{"represented_cycles": 12000, "mean_damage": 0.0001020425791303537, "broken_bond_fraction": 0.0, "detached_volume_fraction": 0.0, "resolved_fragment_volume_fraction": 0.0, "P_singleton": null, "P_lowrank": null, "relative_numerical_energy_residual": -0.00013202862543897054, "fragment_resolution_status": "NOT_ASSESSED_NO_DETACHMENT"}
{"represented_cycles": 13000, "mean_damage": 0.00011044962636420848, "broken_bond_fraction": 0.0, "detached_volume_fraction": 0.0, "resolved_fragment_volume_fraction": 0.0, "P_singleton": null, "P_lowrank": null, "relative_numerical_energy_residual": -0.00013159575061044598, "fragment_resolution_status": "NOT_ASSESSED_NO_DETACHMENT"}
{"represented_cycles": 14000, "mean_damage": 0.00011885689324334504, "broken_bond_fraction": 0.0, "detached_volume_fraction": 0.0, "resolved_fragment_volume_fraction": 0.0, "P_singleton": null, "P_lowrank": null, "relative_numerical_energy_residual": -0.00013116563468854966, "fragment_resolution_status": "NOT_ASSESSED_NO_DETACHMENT"}
{"represented_cycles": 15000, "mean_damage": 0.00012726437980009598, "broken_bond_fraction": 0.0, "detached_volume_fraction": 0.0, "resolved_fragment_volume_fraction": 0.0, "P_singleton": null, "P_lowrank": null, "relative_numerical_energy_residual": -0.0001307383428662384, "fragment_resolution_status": "NOT_ASSESSED_NO_DETACHMENT"}
{"represented_cycles": 16000, "mean_damage": 0.0001356720860691711, "broken_bond_fraction": 0.0, "detached_volume_fraction": 0.0, "resolved_fragment_volume_fraction": 0.0, "P_singleton": null, "P_lowrank": null, "relative_numerical_energy_residual": -0.00013031386416085402, "fragment_resolution_status": "NOT_ASSESSED_NO_DETACHMENT"}
{"represented_cycles": 17000, "mean_damage": 0.00014408001208539084, "broken_bond_fraction": 0.0, "detached_volume_fraction": 0.0, "resolved_fragment_volume_fraction": 0.0, "P_singleton": null, "P_lowrank": null, "relative_numerical_energy_residual": -0.00012989211010363562, "fragment_resolution_status": "NOT_ASSESSED_NO_DETACHMENT"}
{"represented_cycles": 18000, "mean_damage": 0.00015248815788947395, "broken_bond_fraction": 0.0, "detached_volume_fraction": 0.0, "resolved_fragment_volume_fraction": 0.0, "P_singleton": null, "P_lowrank": null, "relative_numerical_energy_residual": -0.00012947309228627217, "fragment_resolution_status": "NOT_ASSESSED_NO_DETACHMENT"}
{"represented_cycles": 19000, "mean_damage": 0.00016089652350998056, "broken_bond_fraction": 0.0, "detached_volume_fraction": 0.0, "resolved_fragment_volume_fraction": 0.0, "P_singleton": null, "P_lowrank": null, "relative_numerical_energy_residual": -0.0001290567412526012, "fragment_resolution_status": "NOT_ASSESSED_NO_DETACHMENT"}
{"represented_cycles": 20000, "mean_damage": 0.00016930510897564512, "broken_bond_fraction": 0.0, "detached_volume_fraction": 0.0, "resolved_fragment_volume_fraction": 0.0, "P_singleton": null, "P_lowrank": null, "relative_numerical_energy_residual": -0.00012864307121603454, "fragment_resolution_status": "NOT_ASSESSED_NO_DETACHMENT"}
{"represented_cycles": 21000, "mean_damage": 0.00017771391431969452, "broken_bond_fraction": 0.0, "detached_volume_fraction": 0.0, "resolved_fragment_volume_fraction": 0.0, "P_singleton": null, "P_lowrank": null, "relative_numerical_energy_residual": -0.00012823205541666506, "fragment_resolution_status": "NOT_ASSESSED_NO_DETACHMENT"}
{"represented_cycles": 22000, "mean_damage": 0.000186122939576753, "broken_bond_fraction": 0.0, "detached_volume_fraction": 0.0, "resolved_fragment_volume_fraction": 0.0, "P_singleton": null, "P_lowrank": null, "relative_numerical_energy_residual": -0.00012782371798643102, "fragment_resolution_status": "NOT_ASSESSED_NO_DETACHMENT"}
{"represented_cycles": 23000, "mean_damage": 0.00019453218478534919, "broken_bond_fraction": 0.0, "detached_volume_fraction": 0.0, "resolved_fragment_volume_fraction": 0.0, "P_singleton": null, "P_lowrank": null, "relative_numerical_energy_residual": -0.0001274178885900356, "fragment_resolution_status": "NOT_ASSESSED_NO_DETACHMENT"}
{"represented_cycles": 24000, "mean_damage": 0.00020294164998445552, "broken_bond_fraction": 0.0, "detached_volume_fraction": 0.0, "resolved_fragment_volume_fraction": 0.0, "P_singleton": null, "P_lowrank": null, "relative_numerical_energy_residual": -0.0001270146397467529, "fragment_resolution_status": "NOT_ASSESSED_NO_DETACHMENT"}
{"represented_cycles": 25000, "mean_damage": 0.00021135133520981027, "broken_bond_fraction": 0.0, "detached_volume_fraction": 0.0, "resolved_fragment_volume_fraction": 0.0, "P_singleton": null, "P_lowrank": null, "relative_numerical_energy_residual": -0.00012661378939696056, "fragment_resolution_status": "NOT_ASSESSED_NO_DETACHMENT"}
END_CASE sweep_Gc_demo_J_m2_0.005 65.77940339897759
{"calibration_spacing_m": 0.000125, "critical_density_Pa": 0.0009830739765325132, "measured_Gc_J_m2": 0.0008089660990338219}
{"calibration_spacing_m": 0.000125, "critical_density_Pa": 1182.2489758289037, "measured_Gc_J_m2": 88.00940544180192}
{"calibration_spacing_m": 0.000125, "critical_density_Pa": 0.0009830739765325132, "measured_Gc_J_m2": 0.0008089660990338219}
{"calibration_spacing_m": 0.000125, "critical_density_Pa": 1182.2489758289037, "measured_Gc_J_m2": 88.00940544180192}
{"calibration_spacing_m": 0.000125, "critical_density_Pa": 0.047241070290400984, "measured_Gc_J_m2": 0.036353646685341835}
{"calibration_spacing_m": 0.000125, "critical_density_Pa": 0.025717547232783647, "measured_Gc_J_m2": 0.020186691888148374}
{"calibration_spacing_m": 0.000125, "critical_density_Pa": 0.02547243645983537, "measured_Gc_J_m2": 0.019999711723297998}
{"calibration_spacing_m": 0.000125, "critical_density_Pa": 0.025536197218724885, "measured_Gc_J_m2": 0.02004835817778969}
START_CASE sweep_Gc_demo_J_m2_0.02
{"represented_cycles": 0, "mean_damage": 0.0, "broken_bond_fraction": 0.0, "detached_volume_fraction": 0.0, "resolved_fragment_volume_fraction": 0.0, "P_singleton": null, "P_lowrank": null, "relative_numerical_energy_residual": 0.0, "fragment_resolution_status": "NOT_ASSESSED_NO_DETACHMENT"}
{"represented_cycles": 1000, "mean_damage": 2.32480013863752e-06, "broken_bond_fraction": 0.0, "detached_volume_fraction": 0.0, "resolved_fragment_volume_fraction": 0.0, "P_singleton": null, "P_lowrank": null, "relative_numerical_energy_residual": -0.00013694691722681808, "fragment_resolution_status": "NOT_ASSESSED_NO_DETACHMENT"}
{"represented_cycles": 2000, "mean_damage": 4.367078951035931e-06, "broken_bond_fraction": 0.0, "detached_volume_fraction": 0.0, "resolved_fragment_volume_fraction": 0.0, "P_singleton": null, "P_lowrank": null, "relative_numerical_energy_residual": -0.00013652283777054579, "fragment_resolution_status": "NOT_ASSESSED_NO_DETACHMENT"}
{"represented_cycles": 3000, "mean_damage": 6.408117970766649e-06, "broken_bond_fraction": 0.0, "detached_volume_fraction": 0.0, "resolved_fragment_volume_fraction": 0.0, "P_singleton": null, "P_lowrank": null, "relative_numerical_energy_residual": -0.0001360602848423956, "fragment_resolution_status": "NOT_ASSESSED_NO_DETACHMENT"}
{"represented_cycles": 4000, "mean_damage": 8.449169154769358e-06, "broken_bond_fraction": 0.0, "detached_volume_fraction": 0.0, "resolved_fragment_volume_fraction": 0.0, "P_singleton": null, "P_lowrank": null, "relative_numerical_energy_residual": -0.0001356026108588894, "fragment_resolution_status": "NOT_ASSESSED_NO_DETACHMENT"}
{"represented_cycles": 5000, "mean_damage": 1.0490230475343796e-05, "broken_bond_fraction": 0.0, "detached_volume_fraction": 0.0, "resolved_fragment_volume_fraction": 0.0, "P_singleton": null, "P_lowrank": null, "relative_numerical_energy_residual": -0.00013514794152668307, "fragment_resolution_status": "NOT_ASSESSED_NO_DETACHMENT"}
{"represented_cycles": 6000, "mean_damage": 1.2531304839163309e-05, "broken_bond_fraction": 0.0, "detached_volume_fraction": 0.0, "resolved_fragment_volume_fraction": 0.0, "P_singleton": null, "P_lowrank": null, "relative_numerical_energy_residual": -0.00013469627499036616, "fragment_resolution_status": "NOT_ASSESSED_NO_DETACHMENT"}
{"represented_cycles": 7000, "mean_damage": 1.4572392137944128e-05, "broken_bond_fraction": 0.0, "detached_volume_fraction": 0.0, "resolved_fragment_volume_fraction": 0.0, "P_singleton": null, "P_lowrank": null, "relative_numerical_energy_residual": -0.00013424764796783267, "fragment_resolution_status": "NOT_ASSESSED_NO_DETACHMENT"}
{"represented_cycles": 8000, "mean_damage": 1.6613492372909583e-05, "broken_bond_fraction": 0.0, "detached_volume_fraction": 0.0, "resolved_fragment_volume_fraction": 0.0, "P_singleton": null, "P_lowrank": null, "relative_numerical_energy_residual": -0.00013380195832181236, "fragment_resolution_status": "NOT_ASSESSED_NO_DETACHMENT"}
{"represented_cycles": 9000, "mean_damage": 1.8654605544527456e-05, "broken_bond_fraction": 0.0, "detached_volume_fraction": 0.0, "resolved_fragment_volume_fraction": 0.0, "P_singleton": null, "P_lowrank": null, "relative_numerical_energy_residual": -0.00013335936118373634, "fragment_resolution_status": "NOT_ASSESSED_NO_DETACHMENT"}
{"represented_cycles": 10000, "mean_damage": 2.0695731653226033e-05, "broken_bond_fraction": 0.0, "detached_volume_fraction": 0.0, "resolved_fragment_volume_fraction": 0.0, "P_singleton": null, "P_lowrank": null, "relative_numerical_energy_residual": -0.0001329196212613792, "fragment_resolution_status": "NOT_ASSESSED_NO_DETACHMENT"}
{"represented_cycles": 11000, "mean_damage": 2.2736870699455536e-05, "broken_bond_fraction": 0.0, "detached_volume_fraction": 0.0, "resolved_fragment_volume_fraction": 0.0, "P_singleton": null, "P_lowrank": null, "relative_numerical_energy_residual": -0.0001324827097753848, "fragment_resolution_status": "NOT_ASSESSED_NO_DETACHMENT"}
{"represented_cycles": 12000, "mean_damage": 2.4778022683824348e-05, "broken_bond_fraction": 0.0, "detached_volume_fraction": 0.0, "resolved_fragment_volume_fraction": 0.0, "P_singleton": null, "P_lowrank": null, "relative_numerical_energy_residual": -0.00013204869495885783, "fragment_resolution_status": "NOT_ASSESSED_NO_DETACHMENT"}
{"represented_cycles": 13000, "mean_damage": 2.6819187606844016e-05, "broken_bond_fraction": 0.0, "detached_volume_fraction": 0.0, "resolved_fragment_volume_fraction": 0.0, "P_singleton": null, "P_lowrank": null, "relative_numerical_energy_residual": -0.00013161745225265465, "fragment_resolution_status": "NOT_ASSESSED_NO_DETACHMENT"}
{"represented_cycles": 14000, "mean_damage": 2.8860365468940953e-05, "broken_bond_fraction": 0.0, "detached_volume_fraction": 0.0, "resolved_fragment_volume_fraction": 0.0, "P_singleton": null, "P_lowrank": null, "relative_numerical_energy_residual": -0.00013118899979255296, "fragment_resolution_status": "NOT_ASSESSED_NO_DETACHMENT"}
{"represented_cycles": 15000, "mean_damage": 3.090155627100062e-05, "broken_bond_fraction": 0.0, "detached_volume_fraction": 0.0, "resolved_fragment_volume_fraction": 0.0, "P_singleton": null, "P_lowrank": null, "relative_numerical_energy_residual": -0.00013076335095151142, "fragment_resolution_status": "NOT_ASSESSED_NO_DETACHMENT"}
{"represented_cycles": 16000, "mean_damage": 3.294276001364277e-05, "broken_bond_fraction": 0.0, "detached_volume_fraction": 0.0, "resolved_fragment_volume_fraction": 0.0, "P_singleton": null, "P_lowrank": null, "relative_numerical_energy_residual": -0.00013034045473873322, "fragment_resolution_status": "NOT_ASSESSED_NO_DETACHMENT"}
{"represented_cycles": 17000, "mean_damage": 3.4983976697803154e-05, "broken_bond_fraction": 0.0, "detached_volume_fraction": 0.0, "resolved_fragment_volume_fraction": 0.0, "P_singleton": null, "P_lowrank": null, "relative_numerical_energy_residual": -0.00012992026770582436, "fragment_resolution_status": "NOT_ASSESSED_NO_DETACHMENT"}
{"represented_cycles": 18000, "mean_damage": 3.7025206323996305e-05, "broken_bond_fraction": 0.0, "detached_volume_fraction": 0.0, "resolved_fragment_volume_fraction": 0.0, "P_singleton": null, "P_lowrank": null, "relative_numerical_energy_residual": -0.0001295028764653127, "fragment_resolution_status": "NOT_ASSESSED_NO_DETACHMENT"}
{"represented_cycles": 19000, "mean_damage": 3.906644889261521e-05, "broken_bond_fraction": 0.0, "detached_volume_fraction": 0.0, "resolved_fragment_volume_fraction": 0.0, "P_singleton": null, "P_lowrank": null, "relative_numerical_energy_residual": -0.00012908809468044593, "fragment_resolution_status": "NOT_ASSESSED_NO_DETACHMENT"}
{"represented_cycles": 20000, "mean_damage": 4.110770440434075e-05, "broken_bond_fraction": 0.0, "detached_volume_fraction": 0.0, "resolved_fragment_volume_fraction": 0.0, "P_singleton": null, "P_lowrank": null, "relative_numerical_energy_residual": -0.00012867600942187987, "fragment_resolution_status": "NOT_ASSESSED_NO_DETACHMENT"}
{"represented_cycles": 21000, "mean_damage": 4.314897285970693e-05, "broken_bond_fraction": 0.0, "detached_volume_fraction": 0.0, "resolved_fragment_volume_fraction": 0.0, "P_singleton": null, "P_lowrank": null, "relative_numerical_energy_residual": -0.00012826654277382465, "fragment_resolution_status": "NOT_ASSESSED_NO_DETACHMENT"}
{"represented_cycles": 22000, "mean_damage": 4.51902542592617e-05, "broken_bond_fraction": 0.0, "detached_volume_fraction": 0.0, "resolved_fragment_volume_fraction": 0.0, "P_singleton": null, "P_lowrank": null, "relative_numerical_energy_residual": -0.00012785963096923874, "fragment_resolution_status": "NOT_ASSESSED_NO_DETACHMENT"}
{"represented_cycles": 23000, "mean_damage": 4.7231548603473266e-05, "broken_bond_fraction": 0.0, "detached_volume_fraction": 0.0, "resolved_fragment_volume_fraction": 0.0, "P_singleton": null, "P_lowrank": null, "relative_numerical_energy_residual": -0.00012745522542415976, "fragment_resolution_status": "NOT_ASSESSED_NO_DETACHMENT"}
{"represented_cycles": 24000, "mean_damage": 4.927285589272732e-05, "broken_bond_fraction": 0.0, "detached_volume_fraction": 0.0, "resolved_fragment_volume_fraction": 0.0, "P_singleton": null, "P_lowrank": null, "relative_numerical_energy_residual": -0.00012705335814929236, "fragment_resolution_status": "NOT_ASSESSED_NO_DETACHMENT"}
{"represented_cycles": 25000, "mean_damage": 5.1314176127574145e-05, "broken_bond_fraction": 0.0, "detached_volume_fraction": 0.0, "resolved_fragment_volume_fraction": 0.0, "P_singleton": null, "P_lowrank": null, "relative_numerical_energy_residual": -0.00012665407595764496, "fragment_resolution_status": "NOT_ASSESSED_NO_DETACHMENT"}
END_CASE sweep_Gc_demo_J_m2_0.02 66.77428473799955
