{"calibration_spacing_m": 0.000125, "critical_density_Pa": 0.0004915369882662566, "measured_Gc_J_m2": 0.0006138524950670326}
{"calibration_spacing_m": 0.000125, "critical_density_Pa": 591.1244879144518, "measured_Gc_J_m2": 76.08350530113938}
{"calibration_spacing_m": 0.000125, "critical_density_Pa": 0.0004915369882662566, "measured_Gc_J_m2": 0.0006138524950670326}
{"calibration_spacing_m": 0.000125, "critical_density_Pa": 591.1244879144518, "measured_Gc_J_m2": 76.08350530113938}
{"calibration_spacing_m": 0.000125, "critical_density_Pa": 0.013750695749453343, "measured_Gc_J_m2": 0.016478574314889735}
{"calibration_spacing_m": 0.000125, "critical_density_Pa": 0.008292502733004286, "measured_Gc_J_m2": 0.01004865246363781}
{"calibration_spacing_m": 0.000125, "critical_density_Pa": 0.008251524090787473, "measured_Gc_J_m2": 0.009999962099804593}
START_CASE sweep_m_E_0.8
{"represented_cycles": 0, "mean_damage": 0.0, "broken_bond_fraction": 0.0, "detached_volume_fraction": 0.0, "resolved_fragment_volume_fraction": 0.0, "P_singleton": null, "P_lowrank": null, "relative_numerical_energy_residual": 0.0, "fragment_resolution_status": "NOT_ASSESSED_NO_DETACHMENT"}
{"represented_cycles": 1000, "mean_damage": 6.62218653335324e-05, "broken_bond_fraction": 0.0, "detached_volume_fraction": 0.0, "resolved_fragment_volume_fraction": 0.0, "P_singleton": null, "P_lowrank": null, "relative_numerical_energy_residual": -0.00013694691722681808, "fragment_resolution_status": "NOT_ASSESSED_NO_DETACHMENT"}
{"represented_cycles": 2000, "mean_damage": 0.00012288266828414183, "broken_bond_fraction": 0.0, "detached_volume_fraction": 0.0, "resolved_fragment_volume_fraction": 0.0, "P_singleton": null, "P_lowrank": null, "relative_numerical_energy_residual": -0.0001365074439636428, "fragment_resolution_status": "NOT_ASSESSED_NO_DETACHMENT"}
{"represented_cycles": 3000, "mean_damage": 0.00017950398741212184, "broken_bond_fraction": 0.0, "detached_volume_fraction": 0.0, "resolved_fragment_volume_fraction": 0.0, "P_singleton": null, "P_lowrank": null, "relative_numerical_energy_residual": -0.00013603024933856093, "fragment_resolution_status": "NOT_ASSESSED_NO_DETACHMENT"}
{"represented_cycles": 4000, "mean_damage": 0.00023613225824874778, "broken_bond_fraction": 0.0, "detached_volume_fraction": 0.0, "resolved_fragment_volume_fraction": 0.0, "P_singleton": null, "P_lowrank": null, "relative_numerical_energy_residual": -0.00013555805944463845, "fragment_resolution_status": "NOT_ASSESSED_NO_DETACHMENT"}
{"represented_cycles": 5000, "mean_damage": 0.00029276653262803827, "broken_bond_fraction": 0.0, "detached_volume_fraction": 0.0, "resolved_fragment_volume_fraction": 0.0, "P_singleton": null, "P_lowrank": null, "relative_numerical_energy_residual": -0.00013508903075901447, "fragment_resolution_status": "NOT_ASSESSED_NO_DETACHMENT"}
{"represented_cycles": 6000, "mean_damage": 0.0003494069046192869, "broken_bond_fraction": 0.0, "detached_volume_fraction": 0.0, "resolved_fragment_volume_fraction": 0.0, "P_singleton": null, "P_lowrank": null, "relative_numerical_energy_residual": -0.00013462314493442292, "fragment_resolution_status": "NOT_ASSESSED_NO_DETACHMENT"}
{"represented_cycles": 7000, "mean_damage": 0.0004060533733569062, "broken_bond_fraction": 0.0, "detached_volume_fraction": 0.0, "resolved_fragment_volume_fraction": 0.0, "P_singleton": null, "P_lowrank": null, "relative_numerical_energy_residual": -0.0001341604725519485, "fragment_resolution_status": "NOT_ASSESSED_NO_DETACHMENT"}
{"represented_cycles": 8000, "mean_damage": 0.00046270594142390535, "broken_bond_fraction": 0.0, "detached_volume_fraction": 0.0, "resolved_fragment_volume_fraction": 0.0, "P_singleton": null, "P_lowrank": null, "relative_numerical_energy_residual": -0.00013370092817761435, "fragment_resolution_status": "NOT_ASSESSED_NO_DETACHMENT"}
{"represented_cycles": 9000, "mean_damage": 0.0005193646111323941, "broken_bond_fraction": 0.0, "detached_volume_fraction": 0.0, "resolved_fragment_volume_fraction": 0.0, "P_singleton": null, "P_lowrank": null, "relative_numerical_energy_residual": -0.000133244446060079, "fragment_resolution_status": "NOT_ASSESSED_NO_DETACHMENT"}
{"represented_cycles": 10000, "mean_damage": 0.0005760293849266572, "broken_bond_fraction": 0.0, "detached_volume_fraction": 0.0, "resolved_fragment_volume_fraction": 0.0, "P_singleton": null, "P_lowrank": null, "relative_numerical_energy_residual": -0.00013279101250433215, "fragment_resolution_status": "NOT_ASSESSED_NO_DETACHMENT"}
{"represented_cycles": 11000, "mean_damage": 0.0006327002650189898, "broken_bond_fraction": 0.0, "detached_volume_fraction": 0.0, "resolved_fragment_volume_fraction": 0.0, "P_singleton": null, "P_lowrank": null, "relative_numerical_energy_residual": -0.00013234060471361382, "fragment_resolution_status": "NOT_ASSESSED_NO_DETACHMENT"}
{"represented_cycles": 12000, "mean_damage": 0.0006893772535472582, "broken_bond_fraction": 0.0, "detached_volume_fraction": 0.0, "resolved_fragment_volume_fraction": 0.0, "P_singleton": null, "P_lowrank": null, "relative_numerical_energy_residual": -0.00013189327966047043, "fragment_resolution_status": "NOT_ASSESSED_NO_DETACHMENT"}
{"represented_cycles": 13000, "mean_damage": 0.0007460603526886733, "broken_bond_fraction": 0.0, "detached_volume_fraction": 0.0, "resolved_fragment_volume_fraction": 0.0, "P_singleton": null, "P_lowrank": null, "relative_numerical_energy_residual": -0.00013144883739481266, "fragment_resolution_status": "NOT_ASSESSED_NO_DETACHMENT"}
{"represented_cycles": 14000, "mean_damage": 0.0008027495645598827, "broken_bond_fraction": 0.0, "detached_volume_fraction": 0.0, "resolved_fragment_volume_fraction": 0.0, "P_singleton": null, "P_lowrank": null, "relative_numerical_energy_residual": -0.000131007334875352, "fragment_resolution_status": "NOT_ASSESSED_NO_DETACHMENT"}
{"represented_cycles": 15000, "mean_damage": 0.0008594448911890475, "broken_bond_fraction": 0.0, "detached_volume_fraction": 0.0, "resolved_fragment_volume_fraction": 0.0, "P_singleton": null, "P_lowrank": null, "relative_numerical_energy_residual": -0.00013056875868776196, "fragment_resolution_status": "NOT_ASSESSED_NO_DETACHMENT"}
{"represented_cycles": 16000, "mean_damage": 0.0009161463346466363, "broken_bond_fraction": 0.0, "detached_volume_fraction": 0.0, "resolved_fragment_volume_fraction": 0.0, "P_singleton": null, "P_lowrank": null, "relative_numerical_energy_residual": -0.00013013318710101653, "fragment_resolution_status": "NOT_ASSESSED_NO_DETACHMENT"}
{"represented_cycles": 17000, "mean_damage": 0.0009728538975106961, "broken_bond_fraction": 0.0, "detached_volume_fraction": 0.0, "resolved_fragment_volume_fraction": 0.0, "P_singleton": null, "P_lowrank": null, "relative_numerical_energy_residual": -0.00012970035564061525, "fragment_resolution_status": "NOT_ASSESSED_NO_DETACHMENT"}
{"represented_cycles": 18000, "mean_damage": 0.0010295675821744483, "broken_bond_fraction": 0.0, "detached_volume_fraction": 0.0, "resolved_fragment_volume_fraction": 0.0, "P_singleton": null, "P_lowrank": null, "relative_numerical_energy_residual": -0.0001292703835665583, "fragment_resolution_status": "NOT_ASSESSED_NO_DETACHMENT"}
{"represented_cycles": 19000, "mean_damage": 0.001086287390503441, "broken_bond_fraction": 0.0, "detached_volume_fraction": 0.0, "resolved_fragment_volume_fraction": 0.0, "P_singleton": null, "P_lowrank": null, "relative_numerical_energy_residual": -0.0001288432534850308, "fragment_resolution_status": "NOT_ASSESSED_NO_DETACHMENT"}
{"represented_cycles": 20000, "mean_damage": 0.0011430133253417225, "broken_bond_fraction": 0.0, "detached_volume_fraction": 0.0, "resolved_fragment_volume_fraction": 0.0, "P_singleton": null, "P_lowrank": null, "relative_numerical_energy_residual": -0.00012841878054694955, "fragment_resolution_status": "NOT_ASSESSED_NO_DETACHMENT"}
{"represented_cycles": 21000, "mean_damage": 0.0011997453890350666, "broken_bond_fraction": 0.0, "detached_volume_fraction": 0.0, "resolved_fragment_volume_fraction": 0.0, "P_singleton": null, "P_lowrank": null, "relative_numerical_energy_residual": -0.0001279971097984243, "fragment_resolution_status": "NOT_ASSESSED_NO_DETACHMENT"}
{"represented_cycles": 22000, "mean_damage": 0.0012564835836137848, "broken_bond_fraction": 0.0, "detached_volume_fraction": 0.0, "resolved_fragment_volume_fraction": 0.0, "P_singleton": null, "P_lowrank": null, "relative_numerical_energy_residual": -0.0001275781858240136, "fragment_resolution_status": "NOT_ASSESSED_NO_DETACHMENT"}
{"represented_cycles": 23000, "mean_damage": 0.0013132279111984814, "broken_bond_fraction": 0.0, "detached_volume_fraction": 0.0, "resolved_fragment_volume_fraction": 0.0, "P_singleton": null, "P_lowrank": null, "relative_numerical_energy_residual": -0.0001271619030136989, "fragment_resolution_status": "NOT_ASSESSED_NO_DETACHMENT"}
{"represented_cycles": 24000, "mean_damage": 0.0013699783743378385, "broken_bond_fraction": 0.0, "detached_volume_fraction": 0.0, "resolved_fragment_volume_fraction": 0.0, "P_singleton": null, "P_lowrank": null, "relative_numerical_energy_residual": -0.0001267483142675461, "fragment_resolution_status": "NOT_ASSESSED_NO_DETACHMENT"}
{"represented_cycles": 25000, "mean_damage": 0.001426734975551176, "broken_bond_fraction": 0.0, "detached_volume_fraction": 0.0, "resolved_fragment_volume_fraction": 0.0, "P_singleton": null, "P_lowrank": null, "relative_numerical_energy_residual": -0.00012633729926213644, "fragment_resolution_status": "NOT_ASSESSED_NO_DETACHMENT"}
END_CASE sweep_m_E_0.8 65.56699621101143
{"calibration_spacing_m": 0.000125, "critical_density_Pa": 0.0004915369882662566, "measured_Gc_J_m2": 0.00029370147087548964}
{"calibration_spacing_m": 0.000125, "critical_density_Pa": 591.1244879144518, "measured_Gc_J_m2": 47.78063605294264}
{"calibration_spacing_m": 0.000125, "critical_density_Pa": 0.0004915369882662566, "measured_Gc_J_m2": 0.00029370147087548964}
{"calibration_spacing_m": 0.000125, "critical_density_Pa": 591.1244879144518, "measured_Gc_J_m2": 47.78063605294264}
{"calibration_spacing_m": 0.000125, "critical_density_Pa": 0.030134468569326694, "measured_Gc_J_m2": 0.017136517604451878}
{"calibration_spacing_m": 0.000125, "critical_density_Pa": 0.017470057381159497, "measured_Gc_J_m2": 0.010065240783633161}
{"calibration_spacing_m": 0.000125, "critical_density_Pa": 0.01735426343992215, "measured_Gc_J_m2": 0.009999943788668022}
{"calibration_spacing_m": 0.000125, "critical_density_Pa": 0.017397703375816895, "measured_Gc_J_m2": 0.010024441480792092}
START_CASE sweep_m_E_1.2
{"represented_cycles": 0, "mean_damage": 0.0, "broken_bond_fraction": 0.0, "detached_volume_fraction": 0.0, "resolved_fragment_volume_fraction": 0.0, "P_singleton": null, "P_lowrank": null, "relative_numerical_energy_residual": 0.0, "fragment_resolution_status": "NOT_ASSESSED_NO_DETACHMENT"}
{"represented_cycles": 1000, "mean_damage": 3.3954249858891087e-07, "broken_bond_fraction": 0.0, "detached_volume_fraction": 0.0, "resolved_fragment_volume_fraction": 0.0, "P_singleton": null, "P_lowrank": null, "relative_numerical_energy_residual": -0.00013694691722681808, "fragment_resolution_status": "NOT_ASSESSED_NO_DETACHMENT"}
{"represented_cycles": 2000, "mean_damage": 6.474379925619817e-07, "broken_bond_fraction": 0.0, "detached_volume_fraction": 0.0, "resolved_fragment_volume_fraction": 0.0, "P_singleton": null, "P_lowrank": null, "relative_numerical_energy_residual": -0.00013652343334529725, "fragment_resolution_status": "NOT_ASSESSED_NO_DETACHMENT"}
{"represented_cycles": 3000, "mean_damage": 9.5521339622279e-07, "broken_bond_fraction": 0.0, "detached_volume_fraction": 0.0, "resolved_fragment_volume_fraction": 0.0, "P_singleton": null, "P_lowrank": null, "relative_numerical_energy_residual": -0.00013606137992682046, "fragment_resolution_status": "NOT_ASSESSED_NO_DETACHMENT"}
{"represented_cycles": 4000, "mean_damage": 1.2629822860737807e-06, "broken_bond_fraction": 0.0, "detached_volume_fraction": 0.0, "resolved_fragment_volume_fraction": 0.0, "P_singleton": null, "P_lowrank": null, "relative_numerical_energy_residual": -0.00013560421387874148, "fragment_resolution_status": "NOT_ASSESSED_NO_DETACHMENT"}
{"represented_cycles": 5000, "mean_damage": 1.570751408910386e-06, "broken_bond_fraction": 0.0, "detached_volume_fraction": 0.0, "resolved_fragment_volume_fraction": 0.0, "P_singleton": null, "P_lowrank": null, "relative_numerical_energy_residual": -0.00013515001993915594, "fragment_resolution_status": "NOT_ASSESSED_NO_DETACHMENT"}
{"represented_cycles": 6000, "mean_damage": 1.8785210218124874e-06, "broken_bond_fraction": 0.0, "detached_volume_fraction": 0.0, "resolved_fragment_volume_fraction": 0.0, "P_singleton": null, "P_lowrank": null, "relative_numerical_energy_residual": -0.000134698879341359, "fragment_resolution_status": "NOT_ASSESSED_NO_DETACHMENT"}
{"represented_cycles": 7000, "mean_damage": 2.1862911126218582e-06, "broken_bond_fraction": 0.0, "detached_volume_fraction": 0.0, "resolved_fragment_volume_fraction": 0.0, "P_singleton": null, "P_lowrank": null, "relative_numerical_energy_residual": -0.0001342507291596463, "fragment_resolution_status": "NOT_ASSESSED_NO_DETACHMENT"}
{"represented_cycles": 8000, "mean_damage": 2.4940616813531024e-06, "broken_bond_fraction": 0.0, "detached_volume_fraction": 0.0, "resolved_fragment_volume_fraction": 0.0, "P_singleton": null, "P_lowrank": null, "relative_numerical_energy_residual": -0.0001338055030016198, "fragment_resolution_status": "NOT_ASSESSED_NO_DETACHMENT"}
{"represented_cycles": 9000, "mean_damage": 2.8018327280252925e-06, "broken_bond_fraction": 0.0, "detached_volume_fraction": 0.0, "resolved_fragment_volume_fraction": 0.0, "P_singleton": null, "P_lowrank": null, "relative_numerical_energy_residual": -0.00013336334920326134, "fragment_resolution_status": "NOT_ASSESSED_NO_DETACHMENT"}
{"represented_cycles": 10000, "mean_damage": 3.109604252636841e-06, "broken_bond_fraction": 0.0, "detached_volume_fraction": 0.0, "resolved_fragment_volume_fraction": 0.0, "P_singleton": null, "P_lowrank": null, "relative_numerical_energy_residual": -0.00013292405706846012, "fragment_resolution_status": "NOT_ASSESSED_NO_DETACHMENT"}
{"represented_cycles": 11000, "mean_damage": 3.4173762552003106e-06, "broken_bond_fraction": 0.0, "detached_volume_fraction": 0.0, "resolved_fragment_volume_fraction": 0.0, "P_singleton": null, "P_lowrank": null, "relative_numerical_energy_residual": -0.0001324876624218486, "fragment_resolution_status": "NOT_ASSESSED_NO_DETACHMENT"}
{"represented_cycles": 12000, "mean_damage": 3.7251487357266704e-06, "broken_bond_fraction": 0.0, "detached_volume_fraction": 0.0, "resolved_fragment_volume_fraction": 0.0, "P_singleton": null, "P_lowrank": null, "relative_numerical_energy_residual": -0.00013205404576509513, "fragment_resolution_status": "NOT_ASSESSED_NO_DETACHMENT"}
{"represented_cycles": 13000, "mean_damage": 4.032921694201949e-06, "broken_bond_fraction": 0.0, "detached_volume_fraction": 0.0, "resolved_fragment_volume_fraction": 0.0, "P_singleton": null, "P_lowrank": null, "relative_numerical_energy_residual": -0.00013162327228540363, "fragment_resolution_status": "NOT_ASSESSED_NO_DETACHMENT"}
{"represented_cycles": 14000, "mean_damage": 4.340695130650554e-06, "broken_bond_fraction": 0.0, "detached_volume_fraction": 0.0, "resolved_fragment_volume_fraction": 0.0, "P_singleton": null, "P_lowrank": null, "relative_numerical_energy_residual": -0.00013119529666066348, "fragment_resolution_status": "NOT_ASSESSED_NO_DETACHMENT"}
{"represented_cycles": 15000, "mean_damage": 4.648469045065053e-06, "broken_bond_fraction": 0.0, "detached_volume_fraction": 0.0, "resolved_fragment_volume_fraction": 0.0, "P_singleton": null, "P_lowrank": null, "relative_numerical_energy_residual": -0.00013077012924251895, "fragment_resolution_status": "NOT_ASSESSED_NO_DETACHMENT"}
{"represented_cycles": 16000, "mean_damage": 4.956243437462447e-06, "broken_bond_fraction": 0.0, "detached_volume_fraction": 0.0, "resolved_fragment_volume_fraction": 0.0, "P_singleton": null, "P_lowrank": null, "relative_numerical_energy_residual": -0.00013034764576847437, "fragment_resolution_status": "NOT_ASSESSED_NO_DETACHMENT"}
{"represented_cycles": 17000, "mean_damage": 5.2640183078363006e-06, "broken_bond_fraction": 0.0, "detached_volume_fraction": 0.0, "resolved_fragment_volume_fraction": 0.0, "P_singleton": null, "P_lowrank": null, "relative_numerical_energy_residual": -0.00012992794391417494, "fragment_resolution_status": "NOT_ASSESSED_NO_DETACHMENT"}
{"represented_cycles": 18000, "mean_damage": 5.571793656190499e-06, "broken_bond_fraction": 0.0, "detached_volume_fraction": 0.0, "resolved_fragment_volume_fraction": 0.0, "P_singleton": null, "P_lowrank": null, "relative_numerical_energy_residual": -0.00012951095244745285, "fragment_resolution_status": "NOT_ASSESSED_NO_DETACHMENT"}
{"represented_cycles": 19000, "mean_damage": 5.87956948255261e-06, "broken_bond_fraction": 0.0, "detached_volume_fraction": 0.0, "resolved_fragment_volume_fraction": 0.0, "P_singleton": null, "P_lowrank": null, "relative_numerical_energy_residual": -0.00012909660364294033, "fragment_resolution_status": "NOT_ASSESSED_NO_DETACHMENT"}
{"represented_cycles": 20000, "mean_damage": 6.187345786905402e-06, "broken_bond_fraction": 0.0, "detached_volume_fraction": 0.0, "resolved_fragment_volume_fraction": 0.0, "P_singleton": null, "P_lowrank": null, "relative_numerical_energy_residual": -0.00012868495163486572, "fragment_resolution_status": "NOT_ASSESSED_NO_DETACHMENT"}
{"represented_cycles": 21000, "mean_damage": 6.495122569265535e-06, "broken_bond_fraction": 0.0, "detached_volume_fraction": 0.0, "resolved_fragment_volume_fraction": 0.0, "P_singleton": null, "P_lowrank": null, "relative_numerical_energy_residual": -0.00012827582861724084, "fragment_resolution_status": "NOT_ASSESSED_NO_DETACHMENT"}
{"represented_cycles": 22000, "mean_damage": 6.802899829623692e-06, "broken_bond_fraction": 0.0, "detached_volume_fraction": 0.0, "resolved_fragment_volume_fraction": 0.0, "P_singleton": null, "P_lowrank": null, "relative_numerical_energy_residual": -0.0001278693079154593, "fragment_resolution_status": "NOT_ASSESSED_NO_DETACHMENT"}
{"represented_cycles": 23000, "mean_damage": 7.110677568012395e-06, "broken_bond_fraction": 0.0, "detached_volume_fraction": 0.0, "resolved_fragment_volume_fraction": 0.0, "P_singleton": null, "P_lowrank": null, "relative_numerical_energy_residual": -0.0001274654399301787, "fragment_resolution_status": "NOT_ASSESSED_NO_DETACHMENT"}
{"represented_cycles": 24000, "mean_damage": 7.418455784409202e-06, "broken_bond_fraction": 0.0, "detached_volume_fraction": 0.0, "resolved_fragment_volume_fraction": 0.0, "P_singleton": null, "P_lowrank": null, "relative_numerical_energy_residual": -0.00012706399790712557, "fragment_resolution_status": "NOT_ASSESSED_NO_DETACHMENT"}
{"represented_cycles": 25000, "mean_damage": 7.726234478832304e-06, "broken_bond_fraction": 0.0, "detached_volume_fraction": 0.0, "resolved_fragment_volume_fraction": 0.0, "P_singleton": null, "P_lowrank": null, "relative_numerical_energy_residual": -0.00012666507791038722, "fragment_resolution_status": "NOT_ASSESSED_NO_DETACHMENT"}
END_CASE sweep_m_E_1.2 66.96620644896757
