
**************************************************
*                Mirheo v1.6.2                   *
* 8fa67b9aaa7f04c9de2d74a335c9c8c4665068cf       *
**************************************************

Stats at timestep 1 (simulation time 0.001000):
	One timestep takes 22.89 ms	Number of particles (total, min/proc, max/proc): 34760,  34760,  34760
	Average momentum: [1.123803e-09 -3.728291e-09 8.093611e-10]
	Max velocity magnitude: 1.678693
	Temperature: 0.0610

Stats at timestep 501 (simulation time 0.501000):
	One timestep takes 2.50 ms	Number of particles (total, min/proc, max/proc): 34760,  34760,  34760
	Average momentum: [1.139724e-07 4.330768e-08 -2.915526e-07]
	Max velocity magnitude: 4.513095
	Temperature: 1.0026

Stats at timestep 1001 (simulation time 1.001000):
	One timestep takes 2.46 ms	Number of particles (total, min/proc, max/proc): 34760,  34760,  34760
	Average momentum: [1.507281e-07 -1.064396e-07 -4.906366e-07]
	Max velocity magnitude: 5.599327
	Temperature: 1.0100

Stats at timestep 1501 (simulation time 1.501000):
	One timestep takes 2.55 ms	Number of particles (total, min/proc, max/proc): 34760,  34760,  34760
	Average momentum: [1.101400e-07 -7.251155e-08 -1.751718e-07]
	Max velocity magnitude: 5.309719
	Temperature: 1.0638

Stats at timestep 2001 (simulation time 2.001000):
	One timestep takes 2.72 ms	Number of particles (total, min/proc, max/proc): 34760,  34760,  34760
	Average momentum: [8.709206e-08 -4.132414e-08 -3.470153e-07]
	Max velocity magnitude: 4.735995
	Temperature: 1.0124

Stats at timestep 2501 (simulation time 2.501000):
	One timestep takes 2.70 ms	Number of particles (total, min/proc, max/proc): 34760,  34760,  34760
	Average momentum: [8.760648e-08 3.982845e-08 3.358677e-08]
	Max velocity magnitude: 4.914024
	Temperature: 0.9902

Stats at timestep 3001 (simulation time 3.001000):
	One timestep takes 2.69 ms	Number of particles (total, min/proc, max/proc): 34760,  34760,  34760
	Average momentum: [1.279151e-07 6.602380e-08 -1.729872e-07]
	Max velocity magnitude: 5.056384
	Temperature: 0.9913

Stats at timestep 3501 (simulation time 3.501000):
	One timestep takes 2.72 ms	Number of particles (total, min/proc, max/proc): 34760,  34760,  34760
	Average momentum: [2.115545e-07 -2.938135e-08 -1.750578e-07]
	Max velocity magnitude: 4.819966
	Temperature: 0.9729

Stats at timestep 4001 (simulation time 4.001000):
	One timestep takes 2.48 ms	Number of particles (total, min/proc, max/proc): 34760,  34760,  34760
	Average momentum: [1.882090e-07 4.167181e-08 -4.600618e-07]
	Max velocity magnitude: 4.941258
	Temperature: 1.0681

Stats at timestep 4501 (simulation time 4.501000):
	One timestep takes 2.55 ms	Number of particles (total, min/proc, max/proc): 34760,  34760,  34760
	Average momentum: [1.280094e-07 -1.080017e-07 -9.539658e-08]
	Max velocity magnitude: 4.772902
	Temperature: 0.9908

Stats at timestep 5001 (simulation time 5.001000):
	One timestep takes 2.44 ms	Number of particles (total, min/proc, max/proc): 34760,  34760,  34760
	Average momentum: [2.256137e-07 -2.637831e-07 -1.729992e-07]
	Max velocity magnitude: 5.249870
	Temperature: 1.0020

	Command being timed: "/usr/bin/mpirun.openmpi --bind-to none -np 2 /home/lzy/projects/mirheo_starter/.venv/bin/python -u membranes_solvents.py"
	User time (seconds): 24.20
	System time (seconds): 2.29
	Percent of CPU this job got: 185%
	Elapsed (wall clock) time (h:mm:ss or m:ss): 0:14.31
	Average shared text size (kbytes): 0
	Average unshared data size (kbytes): 0
	Average stack size (kbytes): 0
	Average total size (kbytes): 0
	Maximum resident set size (kbytes): 158360
	Average resident set size (kbytes): 0
	Major (requiring I/O) page faults: 174
	Minor (reclaiming a frame) page faults: 39885
	Voluntary context switches: 3746
	Involuntary context switches: 140
	Swaps: 0
	File system inputs: 15816
	File system outputs: 25432
	Socket messages sent: 0
	Socket messages received: 0
	Signals delivered: 0
	Page size (bytes): 4096
	Exit status: 0
