14:29:13:519  Rank 0001    INFO at /home/lzy/projects/mirheo_starter/vendor/Mirheo/src/mirheo/core/logger.cpp:100 Compiled with maximum debug level 10
14:29:13:519  Rank 0001    INFO at /home/lzy/projects/mirheo_starter/vendor/Mirheo/src/mirheo/core/logger.cpp:102 Debug level requested 3, set to 3
14:29:13:519  Rank 0001    INFO at /home/lzy/projects/mirheo_starter/vendor/Mirheo/src/mirheo/core/mirheo.cpp:110 Program started, splitting communicator
14:29:13:519  Rank 0001    INFO at /home/lzy/projects/mirheo_starter/vendor/Mirheo/src/mirheo/core/postproc.cpp:24 Postprocessing initialized
14:29:13:519  Rank 0001    INFO at /home/lzy/projects/mirheo_starter/vendor/Mirheo/src/mirheo/core/postproc.cpp:31 New plugin registered: stats
14:29:13:519  Rank 0001    INFO at /home/lzy/projects/mirheo_starter/vendor/Mirheo/src/mirheo/core/postproc.cpp:31 New plugin registered: part_dump_inner
14:29:13:519  Rank 0001    INFO at /home/lzy/projects/mirheo_starter/vendor/Mirheo/src/mirheo/core/postproc.cpp:31 New plugin registered: part_dump_outer
14:29:13:519  Rank 0001    INFO at /home/lzy/projects/mirheo_starter/vendor/Mirheo/src/mirheo/core/postproc.cpp:31 New plugin registered: mesh_dump
14:29:13:834  Rank 0001    INFO at /home/lzy/projects/mirheo_starter/vendor/Mirheo/src/mirheo/core/postproc.cpp:111 Postprocess is listening to messages now
14:29:13:837  Rank 0001    INFO at /home/lzy/projects/mirheo_starter/vendor/Mirheo/src/mirheo/core/xdmf/xdmf.cpp:26 Writing XDMF data to h5/inner-00000[.h5,.xmf]
14:29:13:840  Rank 0001    INFO at /home/lzy/projects/mirheo_starter/vendor/Mirheo/src/mirheo/core/xdmf/xdmf.cpp:32 Writing took 2.902186 ms
14:29:13:842  Rank 0001    INFO at /home/lzy/projects/mirheo_starter/vendor/Mirheo/src/mirheo/core/xdmf/xdmf.cpp:26 Writing XDMF data to h5/outer-00000[.h5,.xmf]
14:29:13:844  Rank 0001    INFO at /home/lzy/projects/mirheo_starter/vendor/Mirheo/src/mirheo/core/xdmf/xdmf.cpp:32 Writing took 1.742303 ms
14:29:15:100  Rank 0001    INFO at /home/lzy/projects/mirheo_starter/vendor/Mirheo/src/mirheo/core/xdmf/xdmf.cpp:26 Writing XDMF data to h5/inner-00001[.h5,.xmf]
14:29:15:102  Rank 0001    INFO at /home/lzy/projects/mirheo_starter/vendor/Mirheo/src/mirheo/core/xdmf/xdmf.cpp:32 Writing took 2.293616 ms
14:29:15:103  Rank 0001    INFO at /home/lzy/projects/mirheo_starter/vendor/Mirheo/src/mirheo/core/xdmf/xdmf.cpp:26 Writing XDMF data to h5/outer-00001[.h5,.xmf]
14:29:15:104  Rank 0001    INFO at /home/lzy/projects/mirheo_starter/vendor/Mirheo/src/mirheo/core/xdmf/xdmf.cpp:32 Writing took 0.970846 ms
14:29:16:329  Rank 0001    INFO at /home/lzy/projects/mirheo_starter/vendor/Mirheo/src/mirheo/core/xdmf/xdmf.cpp:26 Writing XDMF data to h5/inner-00002[.h5,.xmf]
14:29:16:330  Rank 0001    INFO at /home/lzy/projects/mirheo_starter/vendor/Mirheo/src/mirheo/core/xdmf/xdmf.cpp:32 Writing took 0.785740 ms
14:29:16:330  Rank 0001    INFO at /home/lzy/projects/mirheo_starter/vendor/Mirheo/src/mirheo/core/xdmf/xdmf.cpp:26 Writing XDMF data to h5/outer-00002[.h5,.xmf]
14:29:16:331  Rank 0001    INFO at /home/lzy/projects/mirheo_starter/vendor/Mirheo/src/mirheo/core/xdmf/xdmf.cpp:32 Writing took 1.028239 ms
14:29:17:606  Rank 0001    INFO at /home/lzy/projects/mirheo_starter/vendor/Mirheo/src/mirheo/core/xdmf/xdmf.cpp:26 Writing XDMF data to h5/inner-00003[.h5,.xmf]
14:29:17:609  Rank 0001    INFO at /home/lzy/projects/mirheo_starter/vendor/Mirheo/src/mirheo/core/xdmf/xdmf.cpp:32 Writing took 3.827223 ms
14:29:17:610  Rank 0001    INFO at /home/lzy/projects/mirheo_starter/vendor/Mirheo/src/mirheo/core/xdmf/xdmf.cpp:26 Writing XDMF data to h5/outer-00003[.h5,.xmf]
14:29:17:611  Rank 0001    INFO at /home/lzy/projects/mirheo_starter/vendor/Mirheo/src/mirheo/core/xdmf/xdmf.cpp:32 Writing took 1.490245 ms
14:29:18:965  Rank 0001    INFO at /home/lzy/projects/mirheo_starter/vendor/Mirheo/src/mirheo/core/xdmf/xdmf.cpp:26 Writing XDMF data to h5/inner-00004[.h5,.xmf]
14:29:18:966  Rank 0001    INFO at /home/lzy/projects/mirheo_starter/vendor/Mirheo/src/mirheo/core/xdmf/xdmf.cpp:32 Writing took 0.973028 ms
14:29:18:967  Rank 0001    INFO at /home/lzy/projects/mirheo_starter/vendor/Mirheo/src/mirheo/core/xdmf/xdmf.cpp:26 Writing XDMF data to h5/outer-00004[.h5,.xmf]
14:29:18:968  Rank 0001    INFO at /home/lzy/projects/mirheo_starter/vendor/Mirheo/src/mirheo/core/xdmf/xdmf.cpp:32 Writing took 0.958425 ms
14:29:20:316  Rank 0001    INFO at /home/lzy/projects/mirheo_starter/vendor/Mirheo/src/mirheo/core/xdmf/xdmf.cpp:26 Writing XDMF data to h5/inner-00005[.h5,.xmf]
14:29:20:318  Rank 0001    INFO at /home/lzy/projects/mirheo_starter/vendor/Mirheo/src/mirheo/core/xdmf/xdmf.cpp:32 Writing took 2.087164 ms
14:29:20:318  Rank 0001    INFO at /home/lzy/projects/mirheo_starter/vendor/Mirheo/src/mirheo/core/xdmf/xdmf.cpp:26 Writing XDMF data to h5/outer-00005[.h5,.xmf]
14:29:20:320  Rank 0001    INFO at /home/lzy/projects/mirheo_starter/vendor/Mirheo/src/mirheo/core/xdmf/xdmf.cpp:32 Writing took 1.351968 ms
14:29:21:663  Rank 0001    INFO at /home/lzy/projects/mirheo_starter/vendor/Mirheo/src/mirheo/core/xdmf/xdmf.cpp:26 Writing XDMF data to h5/inner-00006[.h5,.xmf]
14:29:21:664  Rank 0001    INFO at /home/lzy/projects/mirheo_starter/vendor/Mirheo/src/mirheo/core/xdmf/xdmf.cpp:32 Writing took 1.000532 ms
14:29:21:664  Rank 0001    INFO at /home/lzy/projects/mirheo_starter/vendor/Mirheo/src/mirheo/core/xdmf/xdmf.cpp:26 Writing XDMF data to h5/outer-00006[.h5,.xmf]
14:29:21:666  Rank 0001    INFO at /home/lzy/projects/mirheo_starter/vendor/Mirheo/src/mirheo/core/xdmf/xdmf.cpp:32 Writing took 1.066603 ms
14:29:23:024  Rank 0001    INFO at /home/lzy/projects/mirheo_starter/vendor/Mirheo/src/mirheo/core/xdmf/xdmf.cpp:26 Writing XDMF data to h5/inner-00007[.h5,.xmf]
14:29:23:025  Rank 0001    INFO at /home/lzy/projects/mirheo_starter/vendor/Mirheo/src/mirheo/core/xdmf/xdmf.cpp:32 Writing took 0.880761 ms
14:29:23:025  Rank 0001    INFO at /home/lzy/projects/mirheo_starter/vendor/Mirheo/src/mirheo/core/xdmf/xdmf.cpp:26 Writing XDMF data to h5/outer-00007[.h5,.xmf]
14:29:23:026  Rank 0001    INFO at /home/lzy/projects/mirheo_starter/vendor/Mirheo/src/mirheo/core/xdmf/xdmf.cpp:32 Writing took 0.911839 ms
14:29:24:263  Rank 0001    INFO at /home/lzy/projects/mirheo_starter/vendor/Mirheo/src/mirheo/core/xdmf/xdmf.cpp:26 Writing XDMF data to h5/inner-00008[.h5,.xmf]
14:29:24:265  Rank 0001    INFO at /home/lzy/projects/mirheo_starter/vendor/Mirheo/src/mirheo/core/xdmf/xdmf.cpp:32 Writing took 1.840966 ms
14:29:24:266  Rank 0001    INFO at /home/lzy/projects/mirheo_starter/vendor/Mirheo/src/mirheo/core/xdmf/xdmf.cpp:26 Writing XDMF data to h5/outer-00008[.h5,.xmf]
14:29:24:267  Rank 0001    INFO at /home/lzy/projects/mirheo_starter/vendor/Mirheo/src/mirheo/core/xdmf/xdmf.cpp:32 Writing took 1.000081 ms
14:29:25:539  Rank 0001    INFO at /home/lzy/projects/mirheo_starter/vendor/Mirheo/src/mirheo/core/xdmf/xdmf.cpp:26 Writing XDMF data to h5/inner-00009[.h5,.xmf]
14:29:25:540  Rank 0001    INFO at /home/lzy/projects/mirheo_starter/vendor/Mirheo/src/mirheo/core/xdmf/xdmf.cpp:32 Writing took 0.815138 ms
14:29:25:540  Rank 0001    INFO at /home/lzy/projects/mirheo_starter/vendor/Mirheo/src/mirheo/core/xdmf/xdmf.cpp:26 Writing XDMF data to h5/outer-00009[.h5,.xmf]
14:29:25:544  Rank 0001    INFO at /home/lzy/projects/mirheo_starter/vendor/Mirheo/src/mirheo/core/xdmf/xdmf.cpp:32 Writing took 3.932741 ms
14:29:26:761  Rank 0001    INFO at /home/lzy/projects/mirheo_starter/vendor/Mirheo/src/mirheo/core/xdmf/xdmf.cpp:26 Writing XDMF data to h5/inner-00010[.h5,.xmf]
14:29:26:761  Rank 0001    INFO at /home/lzy/projects/mirheo_starter/vendor/Mirheo/src/mirheo/core/xdmf/xdmf.cpp:32 Writing took 0.742480 ms
14:29:26:762  Rank 0001    INFO at /home/lzy/projects/mirheo_starter/vendor/Mirheo/src/mirheo/core/xdmf/xdmf.cpp:26 Writing XDMF data to h5/outer-00010[.h5,.xmf]
14:29:26:763  Rank 0001    INFO at /home/lzy/projects/mirheo_starter/vendor/Mirheo/src/mirheo/core/xdmf/xdmf.cpp:32 Writing took 1.016870 ms
14:29:26:766  Rank 0001    INFO at /home/lzy/projects/mirheo_starter/vendor/Mirheo/src/mirheo/core/postproc.cpp:122 Postprocess got a stopping message and will stop now
