14:29:13:519  Rank 0000    INFO at /home/lzy/projects/mirheo_starter/vendor/Mirheo/src/mirheo/core/logger.cpp:100 Compiled with maximum debug level 10
14:29:13:519  Rank 0000    INFO at /home/lzy/projects/mirheo_starter/vendor/Mirheo/src/mirheo/core/logger.cpp:102 Debug level requested 3, set to 3
14:29:13:519  Rank 0000    INFO at /home/lzy/projects/mirheo_starter/vendor/Mirheo/src/mirheo/core/mirheo.cpp:110 Program started, splitting communicator
14:29:13:519  Rank 0000    INFO at /home/lzy/projects/mirheo_starter/vendor/Mirheo/src/mirheo/core/mirheo.cpp:56 Detected 1 ranks per node, my intra-node ID will be 0
14:29:13:667  Rank 0000    INFO at /home/lzy/projects/mirheo_starter/vendor/Mirheo/src/mirheo/core/mirheo.cpp:63 Found 1 GPUs per node, will use GPU 0
14:29:13:810  Rank 0000    INFO at /home/lzy/projects/mirheo_starter/vendor/Mirheo/src/mirheo/core/simulation.cpp:161 Simulation initialized, subdomain size is [16.000000 16.000000 16.000000], subdomain starts at [0.000000 0.000000 0.000000]
14:29:13:823  Rank 0000    INFO at /home/lzy/projects/mirheo_starter/vendor/Mirheo/src/mirheo/core/pvs/data_manager.h:125 Creating new channel 'positions' of type '6float4'
14:29:13:823  Rank 0000    INFO at /home/lzy/projects/mirheo_starter/vendor/Mirheo/src/mirheo/core/pvs/data_manager.h:125 Creating new channel 'velocities' of type '6float4'
14:29:13:823  Rank 0000    INFO at /home/lzy/projects/mirheo_starter/vendor/Mirheo/src/mirheo/core/pvs/data_manager.h:125 Creating new channel '__forces' of type 'N6mirheo5ForceE'
14:29:13:823  Rank 0000    INFO at /home/lzy/projects/mirheo_starter/vendor/Mirheo/src/mirheo/core/pvs/data_manager.h:125 Creating new channel 'positions' of type '6float4'
14:29:13:823  Rank 0000    INFO at /home/lzy/projects/mirheo_starter/vendor/Mirheo/src/mirheo/core/pvs/data_manager.h:125 Creating new channel 'velocities' of type '6float4'
14:29:13:823  Rank 0000    INFO at /home/lzy/projects/mirheo_starter/vendor/Mirheo/src/mirheo/core/pvs/data_manager.h:125 Creating new channel '__forces' of type 'N6mirheo5ForceE'
14:29:13:823  Rank 0000    INFO at /home/lzy/projects/mirheo_starter/vendor/Mirheo/src/mirheo/core/pvs/data_manager.h:125 Creating new channel 'old_positions' of type '6float4'
14:29:13:823  Rank 0000    INFO at /home/lzy/projects/mirheo_starter/vendor/Mirheo/src/mirheo/core/pvs/data_manager.h:125 Creating new channel 'old_positions' of type '6float4'
14:29:13:823  Rank 0000    INFO at /home/lzy/projects/mirheo_starter/vendor/Mirheo/src/mirheo/core/pvs/data_manager.h:125 Creating new channel 'com_extents' of type 'N6mirheo12COMandExtentE'
14:29:13:823  Rank 0000    INFO at /home/lzy/projects/mirheo_starter/vendor/Mirheo/src/mirheo/core/pvs/data_manager.h:125 Creating new channel 'com_extents' of type 'N6mirheo12COMandExtentE'
14:29:13:823  Rank 0000    INFO at /home/lzy/projects/mirheo_starter/vendor/Mirheo/src/mirheo/core/pvs/data_manager.h:125 Creating new channel 'ids' of type 'l'
14:29:13:823  Rank 0000    INFO at /home/lzy/projects/mirheo_starter/vendor/Mirheo/src/mirheo/core/pvs/data_manager.h:125 Creating new channel 'ids' of type 'l'
14:29:13:824  Rank 0000    INFO at /home/lzy/projects/mirheo_starter/vendor/Mirheo/src/mirheo/core/initial_conditions/membrane.cpp:64 Initialized 4 'rbc' membranes
14:29:13:824  Rank 0000    INFO at /home/lzy/projects/mirheo_starter/vendor/Mirheo/src/mirheo/core/simulation.cpp:307 Registered object vector 'rbc', 4 objects, 1992 particles
14:29:13:824  Rank 0000    INFO at /home/lzy/projects/mirheo_starter/vendor/Mirheo/src/mirheo/core/pvs/data_manager.h:125 Creating new channel 'positions' of type '6float4'
14:29:13:824  Rank 0000    INFO at /home/lzy/projects/mirheo_starter/vendor/Mirheo/src/mirheo/core/pvs/data_manager.h:125 Creating new channel 'velocities' of type '6float4'
14:29:13:824  Rank 0000    INFO at /home/lzy/projects/mirheo_starter/vendor/Mirheo/src/mirheo/core/pvs/data_manager.h:125 Creating new channel '__forces' of type 'N6mirheo5ForceE'
14:29:13:824  Rank 0000    INFO at /home/lzy/projects/mirheo_starter/vendor/Mirheo/src/mirheo/core/pvs/data_manager.h:125 Creating new channel 'positions' of type '6float4'
14:29:13:824  Rank 0000    INFO at /home/lzy/projects/mirheo_starter/vendor/Mirheo/src/mirheo/core/pvs/data_manager.h:125 Creating new channel 'velocities' of type '6float4'
14:29:13:824  Rank 0000    INFO at /home/lzy/projects/mirheo_starter/vendor/Mirheo/src/mirheo/core/pvs/data_manager.h:125 Creating new channel '__forces' of type 'N6mirheo5ForceE'
14:29:13:824  Rank 0000    INFO at /home/lzy/projects/mirheo_starter/vendor/Mirheo/src/mirheo/core/pvs/data_manager.h:125 Creating new channel 'old_positions' of type '6float4'
14:29:13:824  Rank 0000    INFO at /home/lzy/projects/mirheo_starter/vendor/Mirheo/src/mirheo/core/pvs/data_manager.h:125 Creating new channel 'old_positions' of type '6float4'
14:29:13:828  Rank 0000    INFO at /home/lzy/projects/mirheo_starter/vendor/Mirheo/src/mirheo/core/simulation.cpp:313 Registered particle vector 'pv_outer', 32768 particles
14:29:13:828  Rank 0000    INFO at /home/lzy/projects/mirheo_starter/vendor/Mirheo/src/mirheo/core/pvs/data_manager.h:125 Creating new channel 'positions' of type '6float4'
14:29:13:828  Rank 0000    INFO at /home/lzy/projects/mirheo_starter/vendor/Mirheo/src/mirheo/core/pvs/data_manager.h:125 Creating new channel 'velocities' of type '6float4'
14:29:13:828  Rank 0000    INFO at /home/lzy/projects/mirheo_starter/vendor/Mirheo/src/mirheo/core/pvs/data_manager.h:125 Creating new channel '__forces' of type 'N6mirheo5ForceE'
14:29:13:828  Rank 0000    INFO at /home/lzy/projects/mirheo_starter/vendor/Mirheo/src/mirheo/core/pvs/data_manager.h:125 Creating new channel 'positions' of type '6float4'
14:29:13:828  Rank 0000    INFO at /home/lzy/projects/mirheo_starter/vendor/Mirheo/src/mirheo/core/pvs/data_manager.h:125 Creating new channel 'velocities' of type '6float4'
14:29:13:828  Rank 0000    INFO at /home/lzy/projects/mirheo_starter/vendor/Mirheo/src/mirheo/core/pvs/data_manager.h:125 Creating new channel '__forces' of type 'N6mirheo5ForceE'
14:29:13:828  Rank 0000    INFO at /home/lzy/projects/mirheo_starter/vendor/Mirheo/src/mirheo/core/pvs/data_manager.h:125 Creating new channel 'old_positions' of type '6float4'
14:29:13:828  Rank 0000    INFO at /home/lzy/projects/mirheo_starter/vendor/Mirheo/src/mirheo/core/pvs/data_manager.h:125 Creating new channel 'old_positions' of type '6float4'
14:29:13:828  Rank 0000    INFO at /home/lzy/projects/mirheo_starter/vendor/Mirheo/src/mirheo/core/simulation.cpp:313 Registered particle vector 'pv_inner', 0 particles
14:29:13:828  Rank 0000    INFO at /home/lzy/projects/mirheo_starter/vendor/Mirheo/src/mirheo/core/simulation.cpp:1311 Simulation initiated
14:29:13:828  Rank 0000    INFO at /home/lzy/projects/mirheo_starter/vendor/Mirheo/src/mirheo/core/simulation.cpp:579 Preparing cell-lists
14:29:13:828  Rank 0000    INFO at /home/lzy/projects/mirheo_starter/vendor/Mirheo/src/mirheo/core/pvs/data_manager.h:125 Creating new channel 'positions' of type '6float4'
14:29:13:828  Rank 0000    INFO at /home/lzy/projects/mirheo_starter/vendor/Mirheo/src/mirheo/core/pvs/data_manager.h:125 Creating new channel 'velocities' of type '6float4'
14:29:13:828  Rank 0000    INFO at /home/lzy/projects/mirheo_starter/vendor/Mirheo/src/mirheo/core/pvs/data_manager.h:125 Creating new channel '__forces' of type 'N6mirheo5ForceE'
14:29:13:828  Rank 0000    INFO at /home/lzy/projects/mirheo_starter/vendor/Mirheo/src/mirheo/core/pvs/data_manager.h:125 Creating new channel 'positions' of type '6float4'
14:29:13:828  Rank 0000    INFO at /home/lzy/projects/mirheo_starter/vendor/Mirheo/src/mirheo/core/pvs/data_manager.h:125 Creating new channel 'velocities' of type '6float4'
14:29:13:828  Rank 0000    INFO at /home/lzy/projects/mirheo_starter/vendor/Mirheo/src/mirheo/core/pvs/data_manager.h:125 Creating new channel '__forces' of type 'N6mirheo5ForceE'
14:29:13:828  Rank 0000    INFO at /home/lzy/projects/mirheo_starter/vendor/Mirheo/src/mirheo/core/pvs/data_manager.h:125 Creating new channel 'positions' of type '6float4'
14:29:13:828  Rank 0000    INFO at /home/lzy/projects/mirheo_starter/vendor/Mirheo/src/mirheo/core/pvs/data_manager.h:125 Creating new channel 'velocities' of type '6float4'
14:29:13:828  Rank 0000    INFO at /home/lzy/projects/mirheo_starter/vendor/Mirheo/src/mirheo/core/pvs/data_manager.h:125 Creating new channel '__forces' of type 'N6mirheo5ForceE'
14:29:13:828  Rank 0000    INFO at /home/lzy/projects/mirheo_starter/vendor/Mirheo/src/mirheo/core/simulation.cpp:653 Preparing interactions
14:29:13:828  Rank 0000    INFO at /home/lzy/projects/mirheo_starter/vendor/Mirheo/src/mirheo/core/pvs/data_manager.h:125 Creating new channel 'area_volumes' of type '6float2'
14:29:13:828  Rank 0000    INFO at /home/lzy/projects/mirheo_starter/vendor/Mirheo/src/mirheo/core/pvs/data_manager.h:125 Creating new channel 'area_volumes' of type '6float2'
14:29:13:828  Rank 0000    INFO at /home/lzy/projects/mirheo_starter/vendor/Mirheo/src/mirheo/core/simulation.cpp:687 Preparing object bouncers
14:29:13:828  Rank 0000    INFO at /home/lzy/projects/mirheo_starter/vendor/Mirheo/src/mirheo/core/simulation.cpp:716 Preparing walls
14:29:13:828  Rank 0000    INFO at /home/lzy/projects/mirheo_starter/vendor/Mirheo/src/mirheo/core/simulation.cpp:746 Preparing plugins
14:29:13:828  Rank 0000    INFO at /home/lzy/projects/mirheo_starter/vendor/Mirheo/src/mirheo/plugins/dump_particles.cu:66 Plugin part_dump_inner initialized for the following particle vector: pv_inner
14:29:13:828  Rank 0000    INFO at /home/lzy/projects/mirheo_starter/vendor/Mirheo/src/mirheo/plugins/dump_particles.cu:66 Plugin part_dump_outer initialized for the following particle vector: pv_outer
14:29:13:828  Rank 0000    INFO at /home/lzy/projects/mirheo_starter/vendor/Mirheo/src/mirheo/plugins/dump_mesh.cpp:30 Plugin mesh_dump initialized for the following object vector: rbc
14:29:13:828  Rank 0000    INFO at /home/lzy/projects/mirheo_starter/vendor/Mirheo/src/mirheo/core/simulation.cpp:752 done Preparing plugins
14:29:13:828  Rank 0000    INFO at /home/lzy/projects/mirheo_starter/vendor/Mirheo/src/mirheo/core/exchangers/object_redistributor.cu:114 The Object vector 'rbc' was attached to redistributor
14:29:13:828  Rank 0000    INFO at /home/lzy/projects/mirheo_starter/vendor/Mirheo/src/mirheo/core/exchangers/object_halo_exchanger.cu:176 Object vector 'rbc' (rc 1.000000) was attached to halo exchanger with channels 'motions' 'old_positions' 'positions' 'velocities' 
14:29:13:828  Rank 0000    INFO at /home/lzy/projects/mirheo_starter/vendor/Mirheo/src/mirheo/core/exchangers/object_reverse_exchanger.cu:108 Object vector 'rbc' was attached to reverse halo exchanger with channels '__forces' 
14:29:13:828  Rank 0000    INFO at /home/lzy/projects/mirheo_starter/vendor/Mirheo/src/mirheo/core/exchangers/object_reverse_exchanger.cu:108 Object vector 'rbc' was attached to reverse halo exchanger with no channels.
14:29:13:828  Rank 0000    INFO at /home/lzy/projects/mirheo_starter/vendor/Mirheo/src/mirheo/core/exchangers/particle_redistributor.cu:159 Particle redistributor takes pv 'pv_outer'
14:29:13:829  Rank 0000    INFO at /home/lzy/projects/mirheo_starter/vendor/Mirheo/src/mirheo/core/exchangers/particle_halo_exchanger.cu:170 Particle halo exchanger takes pv 'pv_outer' with celllist of rc = 1, with channels: 'positions' 'velocities' 
14:29:13:829  Rank 0000    INFO at /home/lzy/projects/mirheo_starter/vendor/Mirheo/src/mirheo/core/exchangers/particle_redistributor.cu:159 Particle redistributor takes pv 'pv_inner'
14:29:13:829  Rank 0000    INFO at /home/lzy/projects/mirheo_starter/vendor/Mirheo/src/mirheo/core/exchangers/particle_halo_exchanger.cu:170 Particle halo exchanger takes pv 'pv_inner' with celllist of rc = 1, with channels: 'positions' 'velocities' 
14:29:13:829  Rank 0000    INFO at /home/lzy/projects/mirheo_starter/vendor/Mirheo/src/mirheo/core/simulation.cpp:1326 Time-step is set to 0.001000
14:29:13:831  Rank 0000    INFO at /home/lzy/projects/mirheo_starter/vendor/Mirheo/src/mirheo/core/simulation.cpp:909 Splitting particle vectors with respect to object belonging
14:29:13:831  Rank 0000    INFO at /home/lzy/projects/mirheo_starter/vendor/Mirheo/src/mirheo/core/pvs/data_manager.h:125 Creating new channel 'positions' of type '6float4'
14:29:13:831  Rank 0000    INFO at /home/lzy/projects/mirheo_starter/vendor/Mirheo/src/mirheo/core/pvs/data_manager.h:125 Creating new channel 'velocities' of type '6float4'
14:29:13:831  Rank 0000    INFO at /home/lzy/projects/mirheo_starter/vendor/Mirheo/src/mirheo/core/pvs/data_manager.h:125 Creating new channel '__forces' of type 'N6mirheo5ForceE'
14:29:13:836  Rank 0000    INFO at /home/lzy/projects/mirheo_starter/vendor/Mirheo/src/mirheo/core/object_belonging/object_belonging.cu:176 PV pv_outer belonging check against OV rbc: in/out/total  884 / 31884 / 32768
14:29:13:836  Rank 0000    INFO at /home/lzy/projects/mirheo_starter/vendor/Mirheo/src/mirheo/core/object_belonging/object_belonging.cu:111 Splitting PV pv_outer with respect to OV rbc. Number of particles: in/out/total 884 / 31884 / 32768
14:29:13:837  Rank 0000    INFO at /home/lzy/projects/mirheo_starter/vendor/Mirheo/src/mirheo/core/object_belonging/object_belonging.cu:141 New size of inner PV pv_inner is 884
14:29:13:837  Rank 0000    INFO at /home/lzy/projects/mirheo_starter/vendor/Mirheo/src/mirheo/core/object_belonging/object_belonging.cu:152 New size of outer PV pv_outer is 31884
14:29:13:837  Rank 0000    INFO at /home/lzy/projects/mirheo_starter/vendor/Mirheo/src/mirheo/core/simulation.cpp:1344 Will run 5002 iterations now
14:29:13:837  Rank 0000    INFO at /home/lzy/projects/mirheo_starter/vendor/Mirheo/src/mirheo/core/pvs/data_manager.h:125 Creating new channel 'old_positions' of type '6float4'
14:29:26:765  Rank 0000    INFO at /home/lzy/projects/mirheo_starter/vendor/Mirheo/src/mirheo/core/simulation.cpp:1360 Finished with 5002 iterations
