Stats at timestep 1 (simulation time 0.000001):
	One timestep takes 24.65 ms	Number of particles (total, min/proc, max/proc): 4096,  4096,  4096
	Average momentum: [-1.193257e-09 1.047738e-09 5.238689e-10]
	Max velocity magnitude: 4.697156
	Temperature: 0.9994

Stats at timestep 201 (simulation time 0.000201):
	One timestep takes 0.01 ms	Number of particles (total, min/proc, max/proc): 4096,  4096,  4096
	Average momentum: [-7.043127e-09 6.417395e-09 5.413312e-09]
	Max velocity magnitude: 7.464206
	Temperature: 2.9311

Stats at timestep 401 (simulation time 0.000401):
	One timestep takes 0.01 ms	Number of particles (total, min/proc, max/proc): 4096,  4096,  4096
	Average momentum: [-4.947651e-10 -6.053597e-09 5.820766e-10]
	Max velocity magnitude: 9.623363
	Temperature: 4.2365

Stats at timestep 601 (simulation time 0.000601):
	One timestep takes 0.01 ms	Number of particles (total, min/proc, max/proc): 4096,  4096,  4096
	Average momentum: [7.858034e-09 -8.178176e-09 1.993612e-08]
	Max velocity magnitude: 10.939704
	Temperature: 5.2386

Stats at timestep 801 (simulation time 0.000801):
	One timestep takes 0.01 ms	Number of particles (total, min/proc, max/proc): 4096,  4096,  4096
	Average momentum: [1.728768e-08 -1.676381e-08 2.817251e-08]
	Max velocity magnitude: 11.742498
	Temperature: 6.0572

Stats at timestep 1001 (simulation time 0.001001):
	One timestep takes 0.01 ms	Number of particles (total, min/proc, max/proc): 4096,  4096,  4096
	Average momentum: [9.255018e-09 -9.604264e-09 3.262539e-08]
	Max velocity magnitude: 13.279980
	Temperature: 6.6823

Stats at timestep 1201 (simulation time 0.001201):
	One timestep takes 0.01 ms	Number of particles (total, min/proc, max/proc): 4096,  4096,  4096
	Average momentum: [-1.347507e-08 -8.963980e-09 5.686888e-08]
	Max velocity magnitude: 13.948185
	Temperature: 7.1678

Stats at timestep 1401 (simulation time 0.001401):
	One timestep takes 0.01 ms	Number of particles (total, min/proc, max/proc): 4096,  4096,  4096
	Average momentum: [-3.783498e-09 -1.303852e-08 6.289338e-08]
	Max velocity magnitude: 14.893489
	Temperature: 7.5507

Stats at timestep 1601 (simulation time 0.001601):
	One timestep takes 0.01 ms	Number of particles (total, min/proc, max/proc): 4096,  4096,  4096
	Average momentum: [1.798617e-08 -5.005859e-08 5.651964e-08]
	Max velocity magnitude: 16.116951
	Temperature: 8.0074

Stats at timestep 1801 (simulation time 0.001801):
	One timestep takes 0.01 ms	Number of particles (total, min/proc, max/proc): 4096,  4096,  4096
	Average momentum: [1.653098e-08 -3.486639e-08 5.046604e-08]
	Max velocity magnitude: 15.495898
	Temperature: 8.2362

Stats at timestep 2001 (simulation time 0.002001):
	One timestep takes 0.01 ms	Number of particles (total, min/proc, max/proc): 4096,  4096,  4096
	Average momentum: [5.413312e-09 -3.742753e-08 5.640322e-08]
	Max velocity magnitude: 18.123323
	Temperature: 8.5180

Stats at timestep 2201 (simulation time 0.002201):
	One timestep takes 0.01 ms	Number of particles (total, min/proc, max/proc): 4096,  4096,  4096
	Average momentum: [1.219450e-08 -4.301546e-08 4.569301e-08]
	Max velocity magnitude: 18.386082
	Temperature: 8.6545

Stats at timestep 2401 (simulation time 0.002401):
	One timestep takes 0.01 ms	Number of particles (total, min/proc, max/proc): 4096,  4096,  4096
	Average momentum: [-1.411536e-08 -2.566958e-08 3.498280e-08]
	Max velocity magnitude: 16.663237
	Temperature: 8.8256

Stats at timestep 2601 (simulation time 0.002601):
	One timestep takes 0.01 ms	Number of particles (total, min/proc, max/proc): 4096,  4096,  4096
	Average momentum: [-2.534944e-08 -3.582682e-08 1.670560e-08]
	Max velocity magnitude: 18.386944
	Temperature: 8.9579

Stats at timestep 2801 (simulation time 0.002801):
	One timestep takes 0.01 ms	Number of particles (total, min/proc, max/proc): 4096,  4096,  4096
	Average momentum: [-4.231697e-08 -4.842877e-08 2.860907e-08]
	Max velocity magnitude: 18.774443
	Temperature: 9.0441

Stats at timestep 3001 (simulation time 0.003001):
	One timestep takes 0.01 ms	Number of particles (total, min/proc, max/proc): 4096,  4096,  4096
	Average momentum: [-7.177005e-08 -6.170012e-08 4.633330e-08]
	Max velocity magnitude: 19.467455
	Temperature: 9.1491

Stats at timestep 3201 (simulation time 0.003201):
	One timestep takes 0.01 ms	Number of particles (total, min/proc, max/proc): 4096,  4096,  4096
	Average momentum: [-7.904600e-08 -6.839400e-08 3.736932e-08]
	Max velocity magnitude: 19.609186
	Temperature: 9.2507

Stats at timestep 3401 (simulation time 0.003401):
	One timestep takes 0.01 ms	Number of particles (total, min/proc, max/proc): 4096,  4096,  4096
	Average momentum: [-8.306233e-08 -4.918547e-08 2.182787e-09]
	Max velocity magnitude: 17.951708
	Temperature: 9.2407

Stats at timestep 3601 (simulation time 0.003601):
	One timestep takes 0.01 ms	Number of particles (total, min/proc, max/proc): 4096,  4096,  4096
	Average momentum: [-8.544885e-08 -4.816684e-08 -1.478475e-08]
	Max velocity magnitude: 18.936319
	Temperature: 9.2758

Stats at timestep 3801 (simulation time 0.003801):
	One timestep takes 0.01 ms	Number of particles (total, min/proc, max/proc): 4096,  4096,  4096
	Average momentum: [-1.054432e-07 -5.966285e-08 -1.228182e-08]
	Max velocity magnitude: 18.281464
	Temperature: 9.3457

