Remote working directory: /workspace/formal_3D_flow_solver_FEM_lzy
$ ssh -p 4159 -o BatchMode=yes -o ConnectTimeout=15 -o ServerAliveInterval=30 -o ServerAliveCountMax=6 -o IdentitiesOnly=yes -i /home/lzy/.ssh/vast_step3b_ed25519 root@50.115.148.16 'python3 -B -'
WSL source hashes verified

$ ssh -p 4159 -o BatchMode=yes -o ConnectTimeout=15 -o ServerAliveInterval=30 -o ServerAliveCountMax=6 -o IdentitiesOnly=yes -i /home/lzy/.ssh/vast_step3b_ed25519 root@50.115.148.16 'cd /workspace/formal_3D_flow_solver_FEM_lzy && remote/.env/bin/python -B scripts/record_run.py --label candidate_A_caps --stage 1.5 --ranks 1 --remote-dir /workspace/formal_3D_flow_solver_FEM_lzy -- env OMP_NUM_THREADS=1 OPENBLAS_NUM_THREADS=1 remote/.env/bin/python -B scripts/remesh_stage015_caps.py --candidate candidate_A'
Welcome to vast.ai. If authentication fails, try again after a few seconds, and double check your ssh key.
Have fun!
AI agents: READ /etc/vast-agents-guide.md (also linked as ./AGENTS.md) before acting on or describing this instance: it is the operating guide. ('vast-capabilities' shows live state only, not the guide.)

(Line)
Info    : [ 20%] Meshing curve 7 (Line)
Info    : [ 20%] Meshing curve 8 (Line)
Info    : [ 20%] Meshing curve 9 (Line)
Info    : [ 20%] Meshing curve 10 (Line)
Info    : [ 20%] Meshing curve 11 (Line)
Info    : [ 30%] Meshing curve 12 (Line)
Info    : [ 30%] Meshing curve 13 (Line)
Info    : [ 30%] Meshing curve 14 (Line)
Info    : [ 30%] Meshing curve 15 (Line)
Info    : [ 30%] Meshing curve 16 (Line)
Info    : [ 40%] Meshing curve 17 (Line)
Info    : [ 40%] Meshing curve 18 (Line)
Info    : [ 40%] Meshing curve 19 (Line)
Info    : [ 40%] Meshing curve 20 (Line)
Info    : [ 40%] Meshing curve 21 (Line)
Info    : [ 50%] Meshing curve 22 (Line)
Info    : [ 50%] Meshing curve 23 (Line)
Info    : [ 50%] Meshing curve 24 (Line)
Info    : [ 50%] Meshing curve 25 (Line)
Info    : [ 50%] Meshing curve 26 (Line)
Info    : [ 60%] Meshing curve 27 (Line)
Info    : [ 60%] Meshing curve 28 (Line)
Info    : [ 60%] Meshing curve 29 (Line)
Info    : [ 60%] Meshing curve 30 (Line)
Info    : [ 60%] Meshing curve 31 (Line)
Info    : [ 70%] Meshing curve 32 (Line)
Info    : [ 70%] Meshing curve 33 (Line)
Info    : [ 70%] Meshing curve 34 (Line)
Info    : [ 70%] Meshing curve 35 (Line)
Info    : [ 70%] Meshing curve 36 (Line)
Info    : [ 80%] Meshing curve 37 (Line)
Info    : [ 80%] Meshing curve 38 (Line)
Info    : [ 80%] Meshing curve 39 (Line)
Info    : [ 80%] Meshing curve 40 (Line)
Info    : [ 80%] Meshing curve 41 (Line)
Info    : [ 90%] Meshing curve 42 (Line)
Info    : [ 90%] Meshing curve 43 (Line)
Info    : [ 90%] Meshing curve 44 (Line)
Info    : [ 90%] Meshing curve 45 (Line)
Info    : [ 90%] Meshing curve 46 (Line)
Info    : [100%] Meshing curve 47 (Line)
Info    : [100%] Meshing curve 48 (Line)
Info    : [100%] Meshing curve 49 (Line)
Info    : [100%] Meshing curve 50 (Line)
Info    : [100%] Meshing curve 51 (Line)
Info    : Done meshing 1D (Wall 0.000994926s, CPU 0.000995s)
Info    : Meshing 2D...
Info    : Meshing surface 1 (Plane, Frontal-Delaunay)
Info    : Done meshing 2D (Wall 0.00176365s, CPU 0.001764s)
Info    : 315 nodes 679 elements
candidate_A outlet_03 geometry FAIL area rel 2.994930492657995e-09 triangles 577

Traceback (most recent call last):
  File "/workspace/formal_3D_flow_solver_FEM_lzy/scripts/remesh_stage015_caps.py", line 80, in <module>
    write_json(base/'qc/surface_invariants.json',record)
  File "/workspace/formal_3D_flow_solver_FEM_lzy/src/fem3d/audit.py", line 28, in write_json
    path.write_text(json.dumps(data, indent=2, ensure_ascii=False, allow_nan=False) + "\n")
                    ^^^^^^^^^^^^^^^^^^^^^^^^^^^^^^^^^^^^^^^^^^^^^^^^^^^^^^^^^^^^^^^
  File "/workspace/formal_3D_flow_solver_FEM_lzy/remote/.env/lib/python3.12/json/__init__.py", line 238, in dumps
    **kw).encode(obj)
          ^^^^^^^^^^^
  File "/workspace/formal_3D_flow_solver_FEM_lzy/remote/.env/lib/python3.12/json/encoder.py", line 202, in encode
    chunks = list(chunks)
             ^^^^^^^^^^^^
  File "/workspace/formal_3D_flow_solver_FEM_lzy/remote/.env/lib/python3.12/json/encoder.py", line 432, in _iterencode
    yield from _iterencode_dict(o, _current_indent_level)
  File "/workspace/formal_3D_flow_solver_FEM_lzy/remote/.env/lib/python3.12/json/encoder.py", line 406, in _iterencode_dict
    yield from chunks
  File "/workspace/formal_3D_flow_solver_FEM_lzy/remote/.env/lib/python3.12/json/encoder.py", line 406, in _iterencode_dict
    yield from chunks
  File "/workspace/formal_3D_flow_solver_FEM_lzy/remote/.env/lib/python3.12/json/encoder.py", line 406, in _iterencode_dict
    yield from chunks
  [Previous line repeated 2 more times]
  File "/workspace/formal_3D_flow_solver_FEM_lzy/remote/.env/lib/python3.12/json/encoder.py", line 439, in _iterencode
    o = _default(o)
        ^^^^^^^^^^^
  File "/workspace/formal_3D_flow_solver_FEM_lzy/remote/.env/lib/python3.12/json/encoder.py", line 180, in default
    raise TypeError(f'Object of type {o.__class__.__name__} '
TypeError: Object of type bool is not JSON serializable


Traceback (most recent call last):
  File "/home/lzy/projects/formal_3D_flow_solver/FEM/scripts/remote_control.py", line 204, in <module>
    main()
    ~~~~^^
  File "/home/lzy/projects/formal_3D_flow_solver/FEM/scripts/remote_control.py", line 177, in main
    print(execute(ssh+[cfg["host"], remote_command]))
          ~~~~~~~^^^^^^^^^^^^^^^^^^^^^^^^^^^^^^^^^^^
  File "/home/lzy/projects/formal_3D_flow_solver/FEM/scripts/remote_control.py", line 69, in execute
    raise subprocess.CalledProcessError(r.returncode, cmd)
subprocess.CalledProcessError: Command '['ssh', '-p', '4159', '-o', 'BatchMode=yes', '-o', 'ConnectTimeout=15', '-o', 'ServerAliveInterval=30', '-o', 'ServerAliveCountMax=6', '-o', 'IdentitiesOnly=yes', '-i', '/home/lzy/.ssh/vast_step3b_ed25519', 'root@50.115.148.16', 'cd /workspace/formal_3D_flow_solver_FEM_lzy && remote/.env/bin/python -B scripts/record_run.py --label candidate_A_caps --stage 1.5 --ranks 1 --remote-dir /workspace/formal_3D_flow_solver_FEM_lzy -- env OMP_NUM_THREADS=1 OPENBLAS_NUM_THREADS=1 remote/.env/bin/python -B scripts/remesh_stage015_caps.py --candidate candidate_A']' returned non-zero exit status 1.
