Remote working directory: /workspace/formal_3D_flow_solver_FEM_lzy
$ ssh -p 4159 -o BatchMode=yes -o ConnectTimeout=15 -o ServerAliveInterval=30 -o ServerAliveCountMax=6 -o IdentitiesOnly=yes -i /home/lzy/.ssh/vast_step3b_ed25519 root@50.115.148.16 'python3 -B -'
Directory ownership check passed

$ rsync -az --relative --itemize-changes --exclude=__pycache__/ '--exclude=.*' --exclude=connection.local.json -e 'ssh -p 4159 -o BatchMode=yes -o ConnectTimeout=15 -o ServerAliveInterval=30 -o ServerAliveCountMax=6 -o IdentitiesOnly=yes -i /home/lzy/.ssh/vast_step3b_ed25519' /home/lzy/projects/formal_3D_flow_solver/FEM/./pyproject.toml /home/lzy/projects/formal_3D_flow_solver/FEM/./README.md /home/lzy/projects/formal_3D_flow_solver/FEM/./src /home/lzy/projects/formal_3D_flow_solver/FEM/./scripts /home/lzy/projects/formal_3D_flow_solver/FEM/./tests /home/lzy/projects/formal_3D_flow_solver/FEM/./configs /home/lzy/projects/formal_3D_flow_solver/FEM/./remote /home/lzy/projects/formal_3D_flow_solver/FEM/./inputs root@50.115.148.16:/workspace/formal_3D_flow_solver_FEM_lzy/
<f.st...... README.md
<f.st...... pyproject.toml
.d..t...... inputs/
cd+++++++++ inputs/stage01_5/
<f+++++++++ inputs/stage01_5/acceptance_policy.json
<f+++++++++ inputs/stage01_5/baseline_contract.json
<f+++++++++ inputs/stage01_5/cap_projection.json
<f.st...... remote/source_manifest.json
.d..t...... scripts/
<f+++++++++ scripts/build_stage02_report.py
<f+++++++++ scripts/check_stage02_integrity.py
<f+++++++++ scripts/prepare_stage015_baseline.py
<f+++++++++ scripts/prepare_stage015_projection.py
<f.st...... scripts/record_run.py
<f+++++++++ scripts/remesh_stage015_caps.py
<f.st...... scripts/remote_control.py
<f+++++++++ scripts/render_stage02.py
<f+++++++++ scripts/summarize_stage02_validation.py
.d..t...... src/fem3d/
<f+++++++++ src/fem3d/cap_remesh.py
.d..t...... tests/
<f+++++++++ tests/test_stage015_baseline_contract.py
<f+++++++++ tests/test_stage015_cap_projection.py
<f+++++++++ tests/test_stage015_plane_basis.py
<f+++++++++ tests/test_stage015_rim_extraction.py

