 Starting up Musubi with nprocs:            4

 .___  ___.  __    __       _______. __    __  .______    __  
 |   \/   | |  |  |  |     /       ||  |  |  | |   _  \  |  | 
 |  \  /  | |  |  |  |    |   (----`|  |  |  | |  |_)  | |  | 
 |  |\/|  | |  |  |  |     \   \    |  |  |  | |   _  <  |  | 
 |  |  |  | |  `--'  | .----)   |   |  `--'  | |  |_)  | |  | 
 |__|  |__|  \______/  |_______/     \______/  |______/  |_v2.0.0-4-g4e8b27

 (C) 2012 German Research School for Simulation Sciences
 (C) 2013-2020 University Siegen
 (C) 2021 German Aerospace Center (DLR) -
          Institute of Software Methods for Product Virtualization
 
--------------------------------------------------------------------------------
 | INFORMATION ON THE EXECUTABLE
 | Revision of the code in this executable: 81f8c4f13772+
 |
 | Compiled with GFORTRAN in version 13.4.0
 | Using the command /home/lzy/.local/bin/mpif90
 | And the following flags:
 | -O3 -march=native -Wall -Wno-maybe-uninitialized -Werror -Wno-unused-dum
 | my-argument -fmax-stack-var-size=131072 -std=f2008 -pedantic-errors -O3
 | -march=native -Wall -Wno-maybe-uninitialized -Werror
 |
 | Build date: 2026-08-29
--------------------------------------------------------------------------------
--------------------------------------------------------------------------------
 | PRE-PROCESSING SETTINGS:
 | Using AOS (array of structures data layout)
 | Using PULL for streaming
--------------------------------------------------------------------------------

Run at: 2026-08-31 10:31 UTC+02:00

 Loading configuration file: musubi.lua
--------------------------------------------------------------------------------
--------------------------------------------------------------------------------
--------------------------------------------------------------------------------
Loading general parameters:
Using /dev/null as null device.
Will print run time info in the end
(/proc/self/status).
Size of the IO Buffer (MB): 8
Simulation Name: tau1_base
 +-------------------------------------------+
  - Now:
  iterations:            0
  simTime   :    0.0000000000000000     
  wallClock :    7.5156500000000005E-004
 
  - Time Control:
 +-------------------------------------------+
Iterations between trigger checks: 1
  - Min:
  iterations:            0
  simTime   :    0.0000000000000000     
 
  - Max:
  iterations:      6131250
  wallClock :    72000.000000000000     
 
  - Interval:
  iterations:         1198
 +-------------------------------------------+
 
  - Abort Criteria:
  stop_file: /home/lzy/u3da/tau1_base_20260830/stop
  steady_state:  F
 
  - Status:
 +-------------------------------------------+
 Using global alltoall
 Loading communication pattern:
 isend_irecv
Write timings to: tracking/timing.res
--------------------------------------------------------------------------------
 Loading general solver params: 
 Choosing Control Routine: standard
 Setting SCALING to:diffusive
Solid elements will be removed from BC list
Block size (elements): 576
--------------------------------------------------------------------------------
--------------------------------------------------------------------------------
 Loading restart ...
 *****************************
 Restart read parameters: 
   filename : /home/lzy/u3da/tau1_base_20260830/restart/tau1_base_header_5.868E-03.lua
 Opening Restart Header /home/lzy/u3da/tau1_base_20260830/restart/tau1_base_header_5.868E-03.lua
 Solver: Musubi_v2.0.0-4-g4e8b27
--------------------------------------------------------------------------------
 Load mesh header from file: /mnt/e/ULM/hatimb-particle_flow_simulator/ulm_3D_vascular/outputs/cfd_flow/healthy_mouse_capillary_dimensionless_qvalue_base_preflight_anchor003274_20260830/seeder/mesh/header.lua
 The real bounding cube is...
   min:    8.0282771579034593E-005   5.5876359424537691E-005   1.1160639894086849E-004
   max:    1.7828277157903459E-004   1.5467635942453768E-004   1.6700639894086849E-004
 Load mesh from file: /mnt/e/ULM/hatimb-particle_flow_simulator/ulm_3D_vascular/outputs/cfd_flow/healthy_mouse_capillary_dimensionless_qvalue_base_preflight_anchor003274_20260830/seeder/mesh/elemlist.lsb
 using one process to read and broadcast
 Done, reading the mesh!
 NO BALANCING!
 Done loading weights.
 Got a mesh with following properties:
                 Mesh name: fluidTree
  Total number of elements: 182320
  Local number of elements: 45580
      Number of properties: 2
      Number of partitions: 4
             Minimum level: 9
             Maximum level: 9
       Bounding Box Origin:     0.0001    0.0001    0.0001
       Bounding Box Length:     0.0001
     Coarsest element size:     0.0000
       Finest element size:     0.0000
  Number of boundary elements: 17907
      Number of qVal elements: 17820
--------------------------------------------------------------------------------
 Restarting from point in time:
  iterations:      2878425
  simTime   :    5.8683486238922389E-003
  wallClock :    3462.0733045130000     
 Loading varsys table 
 Syshandle            1
 *****************************
 
 *****************************
 Restart write parameters: 
   prefix   : /home/lzy/u3da/tau1_base_20260830/restart/
 +-------------------------------------------+
Iterations between trigger checks: 1
  - Min:
  iterations:      2998176
 
  - Max:
  iterations:      6131250
 
  - Interval:
  iterations:       119751
 +-------------------------------------------+
 *****************************
 
--------------------------------------------------------------------------------
 Load boundary ID from file: /mnt/e/ULM/hatimb-particle_flow_simulator/ulm_3D_vascular/outputs/cfd_flow/healthy_mouse_capillary_dimensionless_qvalue_base_preflight_anchor003274_20260830/seeder/mesh/bnd.lsb
 read with MPI
Loading qVal data from directory: /mnt/e/ULM/hatimb-particle_flow_simulator/ulm_3D_vascular/outputs/cfd_flow/healthy_mouse_capillary_dimensionless_qvalue_base_preflight_anchor003274_20260830/seeder/mesh/
 Load hasQVal from file: /mnt/e/ULM/hatimb-particle_flow_simulator/ulm_3D_vascular/outputs/cfd_flow/healthy_mouse_capillary_dimensionless_qvalue_base_preflight_anchor003274_20260830/seeder/mesh/qval.lsb
 Done, reading the qVal!
 No IBM found!
--------------------------------------------------------------------------------
Lattice dx and dt on each level
level=9, dxL=   1.00000, dtL=   1.00000
--------------------------------------------------------------------------------
--------------------------------------------------------------------------------
  Loading physics table ...
  Physics table is defined.
  All values are expressed in physical units.
 Speed of sound (cs) is not defined.
 Attempting to load time step dt on coarsest level:
   cs =   56.638E+00
   dt =    2.039E-09
 WARNING: No value given for coulomb0
 WARNING: Reference coulomb0 is not found. 
 Setting reference coulomb0 to fundamental electrical charge.
Reference physical quantities:
  rho0       =    1.056E+03
  mass0      =    8.448E-18
  mole0      =    1.661E-24
  moleDens0  =  207.567E-06
  molWeight0 =    5.088E+06
  Temp0      =    1.000E+00
  coulomb0   =  160.218E-21
Conversion factors on level: 9
  dx            =  200.000E-09
  dt            =    2.039E-09
  pressure      =   10.163E+06
  velocity      =   98.100E+00
  kine. visc.   =   19.620E-06
  dyn. visc.    =   20.719E-03
  acceleration  =   48.118E+09
  force         =  406.501E-09
  body force    =   50.813E+12
  strain rate   =  490.500E+06
  energy        =   81.300E-15
  moleFlux      =   20.362E-03
  chargeDens    =   20.027E+00
  currentDens   =    1.965E+03
  massflux      =  103.594E+03
  diffusivity   =   19.620E-06
  faraday       =   96.485E+03
  gasConst      =   48.960E+09
  potential     =  507.436E+03

Over level scale factor: 
    pressure:    1.000E+00
    velocity:    1.000E+00
 strain rate:    1.000E+00
--------------------------------------------------------------------------------
--------------------------------------------------------------------------------
Loading Scheme identify table: 
kind: fluid
Layout: d3q19
relaxation: bgk
  variant: standard
--------------------------------------------------------------------------------
 Creating stencil kind: d3q19
--------------------------------------------------------------------------------
 Loading the field base info ...
 No field table defined.
 Assuming single field and label = "".
--------------------------------------------------------------------------------
 Initializing global variable system for scheme kind: fluid
 Appending state variables 
--------------------------------------------------------------------------------
Interpolation:
  method: quadratic
   order:  2
  weights_method: linear_distance
  inverse distance powefac:  6
--------------------------------------------------------------------------------
 No possible transport variable defined for scheme kind: fluid
--------------------------------------------------------------------------------
 Loading the fields ...
 Number of fields to load:            1
 No field table and scheme table are defined.Loading field data from config
 Loading field: 
 Loading the fluid properties.
 Loading fluid informations
 loading space time function from key: kinematic_viscosity
 Spacetime function is a const value:    3.2700000000000000E-006
 St-fun is not a table, thus setting global shape.
 No nonNewtonian table defined
 No turbulence table defined
--------------------------------------------------------------------------------
--------------------------------------------------------------------------------
  Loading initial conditions
Loading spatial for pressure
 Load spatial as single constant
   Spatial for pressure is a defined as const
value =   23.622E+03
Loading spatial for velocityX
 Load spatial as single constant
   Spatial for velocityX is a defined as const
value =    0.000E+00
Loading spatial for velocityY
 Load spatial as single constant
   Spatial for velocityY is a defined as const
value =    0.000E+00
Loading spatial for velocityZ
 Load spatial as single constant
   Spatial for velocityZ is a defined as const
value =    0.000E+00
Loading spatial for Sxx
 Load spatial as single constant
 ERROR: Fatal error occured in loading scalar constants
 WARNING: variable is non-existent!
 Setting kind to be "none" and value =    0.000E+00 for all 1 components
   Spatial for Sxx is a defined as none
Loading spatial for Syy
 Load spatial as single constant
 ERROR: Fatal error occured in loading scalar constants
 WARNING: variable is non-existent!
 Setting kind to be "none" and value =    0.000E+00 for all 1 components
   Spatial for Syy is a defined as none
Loading spatial for Szz
 Load spatial as single constant
 ERROR: Fatal error occured in loading scalar constants
 WARNING: variable is non-existent!
 Setting kind to be "none" and value =    0.000E+00 for all 1 components
   Spatial for Szz is a defined as none
Loading spatial for Sxy
 Load spatial as single constant
 ERROR: Fatal error occured in loading scalar constants
 WARNING: variable is non-existent!
 Setting kind to be "none" and value =    0.000E+00 for all 1 components
   Spatial for Sxy is a defined as none
Loading spatial for Syz
 Load spatial as single constant
 ERROR: Fatal error occured in loading scalar constants
 WARNING: variable is non-existent!
 Setting kind to be "none" and value =    0.000E+00 for all 1 components
   Spatial for Syz is a defined as none
Loading spatial for Sxz
 Load spatial as single constant
 ERROR: Fatal error occured in loading scalar constants
 WARNING: variable is non-existent!
 Setting kind to be "none" and value =    0.000E+00 for all 1 components
   Spatial for Sxz is a defined as none
--------------------------------------------------------------------------------
  Loading BC header
   Found BC wall of kind wall_libb
   Found BC inlet of kind adaptive_flux_pressure
   Found BC outlet_01 of kind pressure_eq
   Found BC outlet_02 of kind pressure_eq
   Found BC outlet_03 of kind pressure_eq
 matching boundary defination in lua to mesh
 Number of Boundaries: 5
--------------------------------------------------------------------------------
 Loading boundary definition for nBCs: 5
   Boundary: 1
    Curved:  F
     Wall LIBB treatment: wall
    Default qVal:   0.50000000000000000     
   required neighbors: 0
   Boundary: 2
    Curved:  F
    Adaptive global flux/pressure treatment for inlet
  Loading bc state for mass_flowrate
 Expected variable mass_flowrate is defined
 Did not find a variable name for mass_flowrate
 Trying to load it as an anonymous space time function
 loading space time function from key: mass_flowrate
 Spacetime function is a const value:    2.8901803804796421E-012
 St-fun is not a table, thus setting global shape.
 Found a spacetime function for mass_flowrate
    Default qVal:   0.50000000000000000     
   required neighbors: 2
   Boundary: 3
    Curved:  F
     Outlet pressure equilibrium type for outlet_01
  Loading bc state for pressure
 Expected variable pressure is defined
 Did not find a variable name for pressure
 Trying to load it as an anonymous space time function
 loading space time function from key: pressure
 St-fun is not a table, thus setting global shape.
 Found a spacetime function for pressure
    Default qVal:   0.50000000000000000     
   required neighbors: 2
   Boundary: 4
    Curved:  F
     Outlet pressure equilibrium type for outlet_02
  Loading bc state for pressure
 Expected variable pressure is defined
 Did not find a variable name for pressure
 Trying to load it as an anonymous space time function
 loading space time function from key: pressure
 St-fun is not a table, thus setting global shape.
 Found a spacetime function for pressure
    Default qVal:   0.50000000000000000     
   required neighbors: 2
   Boundary: 5
    Curved:  F
     Outlet pressure equilibrium type for outlet_03
  Loading bc state for pressure
 Expected variable pressure is defined
 Did not find a variable name for pressure
 Trying to load it as an anonymous space time function
 loading space time function from key: pressure
 St-fun is not a table, thus setting global shape.
 Found a spacetime function for pressure
    Default qVal:   0.50000000000000000     
   required neighbors: 2
--------------------------------------------------------------------------------
 Loading the mappings from table: source
 Table source could not be opened for reading variable mappings!
--------------------------------------------------------------------------------
 Loading the mappings from table: glob_source
 Table glob_source could not be opened for reading variable mappings!
 Loading transport variables
--------------------------------------------------------------------------------
 Variable table not defined with key: variable
--------------------------------------------------------------------------------
 Loading tracking ...
Number of Tracking entities: 2
Loading tracker: 1
 Tracking label: p
 +-------------------------------------------+
Iterations between trigger checks: 1
  - Min:
  iterations:            0
 
  - Max:
  iterations:      6131250
 
  - Interval:
  iterations:        59875
 +-------------------------------------------+
  Number of reductions loaded: 1
  their reduceTypes are:
    average
   Loading output table ...
   Output format: ascii
  Loading shape kind: all
  Inverted shape:  F
Done tracker 1
Loading tracker: 2
 Tracking label: u
 +-------------------------------------------+
Iterations between trigger checks: 1
  - Min:
  iterations:            0
 
  - Max:
  iterations:      6131250
 
  - Interval:
  iterations:        59875
 +-------------------------------------------+
  Number of reductions loaded: 1
  their reduceTypes are:
    average
   Loading output table ...
   Output format: ascii
  Loading shape kind: all
  Inverted shape:  F
Done tracker 2
--------------------------------------------------------------------------------
--------------------------------------------------------------------------------
 NO particle modelling
--------------------------------------------------------------------------------
--------------------------------------------------------------------------------
 Initializing musubi ...
 Initializing the scheme ...
 Map stencil to treelm definition and vice versa ...
Initializing the moment matrix by stencil: d3q19
 Building variable system for scheme kind: fluid
 Appending auxiliary variables 
 Current append variable wave loop:            1
 Append derive variables to varSys
 Variable pressure_deviation cant be added due to missing input variable pressure_reference
 Error: variable pressure_deviation is not added to variable system
 Appending boundary variables 
 Append derive physical variables to varSys
 Append meshInfo variables to varSys
 Current append variable wave loop:            2
 Append derive variables to varSys
 Appending boundary variables 
 Append derive physical variables to varSys
 Append meshInfo variables to varSys
 Current append variable wave loop:            3
 Append derive variables to varSys
 Appending boundary variables 
 Append derive physical variables to varSys
 Append meshInfo variables to varSys
 Done appending variables to varSys
 Storing state variable position 
 Storing derive variable position 
--------------------------------------------------------------------------------
 Starting to initialize the geometry
--------------------------------------------------------------------------------
 Creating boundary lists ...
BC: wall, iBnd: 1, normal:   0 -1  1, Ind: 8
BC: outlet_02, iBnd: 2, normal:   1  0  1, Ind: 14
BC: outlet_03, iBnd: 3, normal:  -1  0  0, Ind: 1
BC: inlet, iBnd: 4, normal:   0  0 -1, Ind: 3
BC: outlet_01, iBnd: 5, normal:   0 -1 -1, Ind: 7
 Set BC stencil: outlet_02
 Set BC stencil: outlet_03
 Set BC stencil: inlet
 Set BC stencil: outlet_01
 Finalizing stencils...
 Total Number of stencils: 5
 iStencil:  1, label: d3q19
 nElems: 182320
 iStencil:  2, label: outlet_02_TE2TE3_QQN2
 nElems: 158
 iStencil:  3, label: outlet_03_WW2_QQN2
 nElems: 175
 iStencil:  4, label: inlet_BB2_QQN2
 nElems: 223
 iStencil:  5, label: outlet_01_BS2BS3_QQN2
 nElems: 167
 Allocating level Descriptor ...
 Searching the neighbors for each element ...
 Finished searching the neighbors ID for each fluid.
 Creating level descriptor ...
 Building up the element and total list.
 Building level-wise fluid list ...
--------------------------------------------------------------------------------
 Communicating elements ...
Halo count exchange iteration: 1
 Starting all-to-all exchange of halo counts
Finished all-to-all exchanging number of elements
All to all cost: 0.162254E-01
  Finished counting valid procs and nElemsProcs.
   Done communicating nElems to Transfer
  Requesting remote halos on level 9
   Received requested halo elements successfully.
 Finished requesting remote halos
   Done requesting remote halos.
   Identifying lists
 Done exchanging number of elements to communicate.
Return halo counts and Redefine halos ...
  Returning halo counts on level 9
   Redefining halos ... 
   Done communicating stencil buffer
   Done communicating stencil buffer
   Done communicating stencil buffer
 Done with communication of elements. 
--------------------------------------------------------------------------------

--------------------------------------------------------------------------------
 Communicating elements ...
Halo count exchange iteration: 1
 Starting all-to-all exchange of halo counts
Finished all-to-all exchanging number of elements
All to all cost: 0.802590E-03
  Finished counting valid procs and nElemsProcs.
   Done communicating nElems to Transfer
  Requesting remote halos on level 9
   Received requested halo elements successfully.
 Finished requesting remote halos
   Done requesting remote halos.
   Identifying lists
 Done exchanging number of elements to communicate.
Return halo counts and Redefine halos ...
  Returning halo counts on level 9
   Redefining halos ... 
   Done communicating stencil buffer
   Done communicating stencil buffer
   Done communicating stencil buffer
 Done with communication of elements. 
--------------------------------------------------------------------------------

 Assembling total list ...
     Level: 9
    nElems: 45980
       fluid: 45580
gFromCoarser: 0
  gFromFiner: 0
        halo: 400
 Updating dependencies ...
 Updating the stencil entries
  Updating entries in the element stencils...
 Finished building up element and total list. 
Build neighbor array for stencil: 1
 level:  9, nElems to treat: 45980
Build neighbor array for stencil: 2
 level:  9, nElems to treat: 158
--------------------------------------------------------------------------------

Try to remove solid from BC: outlet_02
 Removed 28 elements on level 9
Try to remove solid from BC: outlet_03
Try to remove solid from BC: inlet
Try to remove solid from BC: outlet_01
 Build vertical dep ...
 Total number of elements on Level: 9
   Fluid:   182320
 Global Elements information:
   nElems overall: 185060
   nElems ghost from finer: 0
   nElems ghost from coarser: 0
 
Start filling field BC neighbor list 
 Allocating PDF state, neighbor and bcBuffer array
 nSize of state array: 45980
 Building state array connectivity ...
 Done with state array connectivity.
Set halo elements comm links
Amount of message per proc: 7914
Communication amount compressed to [%]: 60.81

--------------------------------------------------------------------------------
Done initializing geometry. Took [s]      0.26
--------------------------------------------------------------------------------

 Simulation time homogenize:
  iterations:      2878425
  simTime   :    5.8683486238532111E-003
  wallClock :    5.6762786000000003E-002
 Time control homogenize:
 +-------------------------------------------+
Iterations between trigger checks: 1
  - Min:
  iterations:      2878425
 
  - Max:
  iterations:      6131250
  wallClock :    72000.000000000000     
 
  - Interval:
  iterations:         1198
 +-------------------------------------------+
Initialize fluid
  Set relaxation parameter from kinematic viscosity
Fluid properties:
  Reference density rho0:  1.0000000
  Kinematic viscosity STfun kind: const
Kinematic viscosity, (min, max) on level: 9
  Physical: ( 0.0000033, 0.0000033)
  Lattice: ( 0.1666667, 0.1666667)
  Kinematic omega (min,max):( 1.0000000, 1.0000000)
 viscBulk lattice and omega: 
  viscBulk:   0.1111111
  omegaBulk:  1.0000000
Magic lambda for TRT:  0.2500000
HRR sigma:  0.9800000
DRT tauN:  0.7000000
No nonNewtonian table defined.
--------------------------------------------------------------------------------
 Allocate gradient data ...
 Filling gradient data ...
--------------------------------------------------------------------------------
 Create subtree for all space time functions stored 
 in linked list of spacetime function
 Done creating subtree for   0 spacetime functions
--------------------------------------------------------------------------------
--------------------------------------------------------------------------------
 Initializing Source terms ...
 No active source terms
--------------------------------------------------------------------------------
 Initializing transport variables ...
 No active transport variables
  Pulling pdfs from neighbor elements before collision
 Initializing restart...
 Time control homogenize:
 +-------------------------------------------+
Iterations between trigger checks: 1
  - Min:
  iterations:      2998176
 
  - Max:
  iterations:      6131250
 
  - Interval:
  iterations:       119751
 +-------------------------------------------+
 Initializing tracker...
--------------------------------------------------------------------------------
 Initialize tracking subTree to remove empty objects
--------------------------------------------------------------------------------
 Creating subTree for tracking object p
 Subtree encompasses all fluid elements
Found corresponding nElems: 182320
--------------------------------------------------------------------------------
 Creating subTree for tracking object u
 Subtree encompasses all fluid elements
Found corresponding nElems: 182320
--------------------------------------------------------------------------------
 Time control homogenize:
 +-------------------------------------------+
Iterations between trigger checks: 1
  - Min:
  iterations:            0
 
  - Max:
  iterations:      6131250
 
  - Interval:
  iterations:        59875
 +-------------------------------------------+
 Time control homogenize:
 +-------------------------------------------+
Iterations between trigger checks: 1
  - Min:
  iterations:            0
 
  - Max:
  iterations:      6131250
 
  - Interval:
  iterations:        59875
 +-------------------------------------------+
--------------------------------------------------------------------------------
 Initialize tracking objects
--------------------------------------------------------------------------------
Track object: 1, label: p
 Initializing reduction ...
Track object: 2, label: u
 Initializing reduction ...
 Auxiliary field halo communication DEACTIVATED.
Initialize BndForce
 Initializing IBM surface data
--------------------------------------------------------------------------------

 Reading restart...
  Open read... 
  Closed Read.
 Done reading restart.
 Initialize compute kernel for scheme kind: fluid
 Choosing fluid relaxation model: bgk for layout d3q19
 mus_load_particles: no particle table found
Initialize 5 boundary conditions
 Initializing BC: wall
 Initializing BC: outlet_02
 Initializing BC: outlet_03
 Initializing BC: inlet
 Initializing BC: outlet_01
--------------------------------------------------------------------------------
 Starting Musubi MAIN loop with time control:
 +-------------------------------------------+
Iterations between trigger checks: 1
  - Min:
  iterations:      2878425
 
  - Max:
  iterations:      6131250
  wallClock :    72000.000000000000     
 
  - Interval:
  iterations:         1198
 +-------------------------------------------+
Select fast single level control routine.
Particulate flow simulations disabled!
--------------------------------------------------------------------------------
  iterations:      2878425
  simTime   :    5.8683486238532111E-003
  wallClock :    5.6762786000000003E-002
      field |       total density
          1 |    1.2803708439E+03

  iterations:      2879623
  simTime   :    5.8707910295618670E-003
  wallClock :    22.484005421999999     
      field |       total density
          1 |    1.2803708439E+03

  iterations:      2880821
  simTime   :    5.8732334352705230E-003
  wallClock :    44.436774890999999     
      field |       total density
          1 |    1.2803708439E+03

  iterations:      2882019
  simTime   :    5.8756758409791790E-003
  wallClock :    65.841748205000002     
      field |       total density
          1 |    1.2803708439E+03

  iterations:      2883217
  simTime   :    5.8781182466878350E-003
  wallClock :    87.473320944999998     
      field |       total density
          1 |    1.2803708439E+03

  iterations:      2884415
  simTime   :    5.8805606523964910E-003
  wallClock :    109.13364940400000     
      field |       total density
          1 |    1.2803708439E+03

  iterations:      2885613
  simTime   :    5.8830030581051469E-003
  wallClock :    130.17919544800000     
      field |       total density
          1 |    1.2803708439E+03

  iterations:      2886811
  simTime   :    5.8854454638138029E-003
  wallClock :    151.37391653700001     
      field |       total density
          1 |    1.2803708439E+03

  iterations:      2888009
  simTime   :    5.8878878695224589E-003
  wallClock :    172.66074853300000     
      field |       total density
          1 |    1.2803708439E+03

  iterations:      2889207
  simTime   :    5.8903302752311149E-003
  wallClock :    195.59748200400000     
      field |       total density
          1 |    1.2803708439E+03

  iterations:      2890405
  simTime   :    5.8927726809397708E-003
  wallClock :    217.37004295500000     
      field |       total density
          1 |    1.2803708439E+03

  iterations:      2891603
  simTime   :    5.8952150866484268E-003
  wallClock :    238.74595779300000     
      field |       total density
          1 |    1.2803708439E+03

  iterations:      2892801
  simTime   :    5.8976574923570828E-003
  wallClock :    260.20548615400003     
      field |       total density
          1 |    1.2803708439E+03

  iterations:      2893999
  simTime   :    5.9000998980657388E-003
  wallClock :    282.28240955100000     
      field |       total density
          1 |    1.2803708439E+03

  iterations:      2895197
  simTime   :    5.9025423037743947E-003
  wallClock :    304.02508432299999     
      field |       total density
          1 |    1.2803708439E+03

  iterations:      2896395
  simTime   :    5.9049847094830507E-003
  wallClock :    325.84968485500002     
      field |       total density
          1 |    1.2803708439E+03

  iterations:      2897593
  simTime   :    5.9074271151917067E-003
  wallClock :    347.88486007400002     
      field |       total density
          1 |    1.2803708439E+03

  iterations:      2898791
  simTime   :    5.9098695209003627E-003
  wallClock :    370.40984859200000     
      field |       total density
          1 |    1.2803708439E+03

  iterations:      2899989
  simTime   :    5.9123119266090186E-003
  wallClock :    392.69803130700001     
      field |       total density
          1 |    1.2803708439E+03

  iterations:      2901187
  simTime   :    5.9147543323176746E-003
  wallClock :    415.47519790600001     
      field |       total density
          1 |    1.2803708439E+03

  iterations:      2902385
  simTime   :    5.9171967380263306E-003
  wallClock :    439.49251927799997     
      field |       total density
          1 |    1.2803708439E+03

  iterations:      2903583
  simTime   :    5.9196391437349866E-003
  wallClock :    464.32814764699998     
      field |       total density
          1 |    1.2803708439E+03

  iterations:      2904781
  simTime   :    5.9220815494436425E-003
  wallClock :    488.76729459600000     
      field |       total density
          1 |    1.2803708439E+03

  iterations:      2905979
  simTime   :    5.9245239551522985E-003
  wallClock :    514.54563854800006     
      field |       total density
          1 |    1.2803708439E+03

  iterations:      2907177
  simTime   :    5.9269663608609545E-003
  wallClock :    541.07895394800005     
      field |       total density
          1 |    1.2803708439E+03

  iterations:      2908375
  simTime   :    5.9294087665696105E-003
  wallClock :    565.54484499299997     
      field |       total density
          1 |    1.2803708439E+03

  iterations:      2909573
  simTime   :    5.9318511722782664E-003
  wallClock :    590.67438115699997     
      field |       total density
          1 |    1.2803708439E+03

  iterations:      2910771
  simTime   :    5.9342935779869224E-003
  wallClock :    614.93817098000000     
      field |       total density
          1 |    1.2803708439E+03

  iterations:      2911969
  simTime   :    5.9367359836955784E-003
  wallClock :    638.91731839900001     
      field |       total density
          1 |    1.2803708439E+03

  iterations:      2913167
  simTime   :    5.9391783894042344E-003
  wallClock :    663.10856323999997     
      field |       total density
          1 |    1.2803708439E+03

  iterations:      2914365
  simTime   :    5.9416207951128903E-003
  wallClock :    687.58724962199994     
      field |       total density
          1 |    1.2803708439E+03

  iterations:      2915563
  simTime   :    5.9440632008215463E-003
  wallClock :    712.13160755599995     
      field |       total density
          1 |    1.2803708439E+03

  iterations:      2916761
  simTime   :    5.9465056065302023E-003
  wallClock :    735.94183737900005     
      field |       total density
          1 |    1.2803708439E+03

  iterations:      2917959
  simTime   :    5.9489480122388583E-003
  wallClock :    761.50520320600003     
      field |       total density
          1 |    1.2803708439E+03

  iterations:      2919157
  simTime   :    5.9513904179475142E-003
  wallClock :    784.48588596499997     
      field |       total density
          1 |    1.2803708439E+03

  iterations:      2920355
  simTime   :    5.9538328236561702E-003
  wallClock :    807.70160352699997     
      field |       total density
          1 |    1.2803708439E+03

  iterations:      2921553
  simTime   :    5.9562752293648262E-003
  wallClock :    830.55814222599997     
      field |       total density
          1 |    1.2803708439E+03

  iterations:      2922751
  simTime   :    5.9587176350734822E-003
  wallClock :    853.33367657199994     
      field |       total density
          1 |    1.2803708439E+03

  iterations:      2923949
  simTime   :    5.9611600407821382E-003
  wallClock :    877.26073299999996     
      field |       total density
          1 |    1.2803708439E+03

  iterations:      2925147
  simTime   :    5.9636024464907941E-003
  wallClock :    900.76540263400000     
      field |       total density
          1 |    1.2803708439E+03

  iterations:      2926345
  simTime   :    5.9660448521994501E-003
  wallClock :    924.08236916500005     
      field |       total density
          1 |    1.2803708439E+03

  iterations:      2927543
  simTime   :    5.9684872579081061E-003
  wallClock :    947.96091120400001     
      field |       total density
          1 |    1.2803708439E+03

  iterations:      2928741
  simTime   :    5.9709296636167621E-003
  wallClock :    971.10418553299996     
      field |       total density
          1 |    1.2803708439E+03

  iterations:      2929939
  simTime   :    5.9733720693254180E-003
  wallClock :    994.26245437099999     
      field |       total density
          1 |    1.2803708439E+03

  iterations:      2931137
  simTime   :    5.9758144750340740E-003
  wallClock :    1017.2056949560000     
      field |       total density
          1 |    1.2803708439E+03

  iterations:      2932335
  simTime   :    5.9782568807427300E-003
  wallClock :    1041.5263040820000     
      field |       total density
          1 |    1.2803708439E+03

  iterations:      2933533
  simTime   :    5.9806992864513860E-003
  wallClock :    1065.8584818810000     
      field |       total density
          1 |    1.2803708439E+03

ADAPTIVE_FLUX_PRESSURE iter=2933875 target_lattice= 6.9748043809647912E-004 controlled_lattice= 6.9748043809648324E-004 relative_error= 5.9069301881625267E-015 rho_boundary= 7.1302311822119295E-003 pressure_pa= 2.4153734565821178E+004 max_lattice_velocity= 1.1601463213839671E-003 minimum_pdf= 1.9737262253266994E-004 globBC_count=223
  iterations:      2934731
  simTime   :    5.9831416921600419E-003
  wallClock :    1090.1176092210001     
      field |       total density
          1 |    1.2803708439E+03

  iterations:      2935929
  simTime   :    5.9855840978686979E-003
  wallClock :    1114.0449575440000     
      field |       total density
          1 |    1.2803708439E+03

  iterations:      2937127
  simTime   :    5.9880265035773539E-003
  wallClock :    1138.1137474320001     
      field |       total density
          1 |    1.2803708439E+03

  iterations:      2938325
  simTime   :    5.9904689092860099E-003
  wallClock :    1162.1184646730001     
      field |       total density
          1 |    1.2803708439E+03

  iterations:      2939523
  simTime   :    5.9929113149946658E-003
  wallClock :    1187.0010033020001     
      field |       total density
          1 |    1.2803708439E+03

  iterations:      2940721
  simTime   :    5.9953537207033218E-003
  wallClock :    1210.5937256709999     
      field |       total density
          1 |    1.2803708439E+03

  iterations:      2941919
  simTime   :    5.9977961264119778E-003
  wallClock :    1235.1313293930000     
      field |       total density
          1 |    1.2803708439E+03

  iterations:      2943117
  simTime   :    6.0002385321206338E-003
  wallClock :    1258.9364754789999     
      field |       total density
          1 |    1.2803708439E+03

  iterations:      2944315
  simTime   :    6.0026809378292897E-003
  wallClock :    1282.5818527649999     
      field |       total density
          1 |    1.2803708439E+03

  iterations:      2945513
  simTime   :    6.0051233435379457E-003
  wallClock :    1306.3314818070000     
      field |       total density
          1 |    1.2803708439E+03

  iterations:      2946711
  simTime   :    6.0075657492466017E-003
  wallClock :    1330.2583836159999     
      field |       total density
          1 |    1.2803708439E+03

  iterations:      2947909
  simTime   :    6.0100081549552577E-003
  wallClock :    1353.9559220080000     
      field |       total density
          1 |    1.2803708439E+03

  iterations:      2949107
  simTime   :    6.0124505606639136E-003
  wallClock :    1377.9650250640000     
      field |       total density
          1 |    1.2803708439E+03

  iterations:      2950305
  simTime   :    6.0148929663725696E-003
  wallClock :    1401.5457231339999     
      field |       total density
          1 |    1.2803708439E+03

  iterations:      2951503
  simTime   :    6.0173353720812256E-003
  wallClock :    1425.4633473500000     
      field |       total density
          1 |    1.2803708439E+03

  iterations:      2952701
  simTime   :    6.0197777777898816E-003
  wallClock :    1449.6184471609999     
      field |       total density
          1 |    1.2803708439E+03

  iterations:      2953899
  simTime   :    6.0222201834985375E-003
  wallClock :    1473.6648492160000     
      field |       total density
          1 |    1.2803708439E+03

  iterations:      2955097
  simTime   :    6.0246625892071935E-003
  wallClock :    1498.7051444760000     
      field |       total density
          1 |    1.2803708439E+03

  iterations:      2956295
  simTime   :    6.0271049949158495E-003
  wallClock :    1522.6964281400001     
      field |       total density
          1 |    1.2803708439E+03

  iterations:      2957493
  simTime   :    6.0295474006245055E-003
  wallClock :    1547.3061371280000     
      field |       total density
          1 |    1.2803708439E+03

  iterations:      2958691
  simTime   :    6.0319898063331615E-003
  wallClock :    1572.6215611299999     
      field |       total density
          1 |    1.2803708439E+03

  iterations:      2959889
  simTime   :    6.0344322120418174E-003
  wallClock :    1595.8020259810000     
      field |       total density
          1 |    1.2803708439E+03

  iterations:      2961087
  simTime   :    6.0368746177504734E-003
  wallClock :    1618.0188082800000     
      field |       total density
          1 |    1.2803708439E+03

  iterations:      2962285
  simTime   :    6.0393170234591294E-003
  wallClock :    1639.9930009479999     
      field |       total density
          1 |    1.2803708439E+03

  iterations:      2963483
  simTime   :    6.0417594291677854E-003
  wallClock :    1662.5718843970001     
      field |       total density
          1 |    1.2803708439E+03

  iterations:      2964681
  simTime   :    6.0442018348764413E-003
  wallClock :    1686.0714268300001     
      field |       total density
          1 |    1.2803708439E+03

  iterations:      2965879
  simTime   :    6.0466442405850973E-003
  wallClock :    1708.6606956610001     
      field |       total density
          1 |    1.2803708439E+03

  iterations:      2967077
  simTime   :    6.0490866462937533E-003
  wallClock :    1730.2191789579999     
      field |       total density
          1 |    1.2803708439E+03

  iterations:      2968275
  simTime   :    6.0515290520024093E-003
  wallClock :    1754.2080181169999     
      field |       total density
          1 |    1.2803708439E+03

  iterations:      2969473
  simTime   :    6.0539714577110652E-003
  wallClock :    1779.2709515829999     
      field |       total density
          1 |    1.2803708439E+03

  iterations:      2970671
  simTime   :    6.0564138634197212E-003
  wallClock :    1804.0102674810000     
      field |       total density
          1 |    1.2803708439E+03

  iterations:      2971869
  simTime   :    6.0588562691283772E-003
  wallClock :    1828.2924414590000     
      field |       total density
          1 |    1.2803708439E+03

  iterations:      2973067
  simTime   :    6.0612986748370332E-003
  wallClock :    1853.2721029830000     
      field |       total density
          1 |    1.2803708439E+03

  iterations:      2974265
  simTime   :    6.0637410805456891E-003
  wallClock :    1876.9734370199999     
      field |       total density
          1 |    1.2803708439E+03

  iterations:      2975463
  simTime   :    6.0661834862543451E-003
  wallClock :    1899.6434427070001     
      field |       total density
          1 |    1.2803708439E+03

  iterations:      2976661
  simTime   :    6.0686258919630011E-003
  wallClock :    1922.0286899600001     
      field |       total density
          1 |    1.2803708439E+03

  iterations:      2977859
  simTime   :    6.0710682976716571E-003
  wallClock :    1944.6688994140000     
      field |       total density
          1 |    1.2803708439E+03

  iterations:      2979057
  simTime   :    6.0735107033803130E-003
  wallClock :    1967.1733644850001     
      field |       total density
          1 |    1.2803708439E+03

  iterations:      2980255
  simTime   :    6.0759531090889690E-003
  wallClock :    1989.7097594200000     
      field |       total density
          1 |    1.2803708439E+03

  iterations:      2981453
  simTime   :    6.0783955147976250E-003
  wallClock :    2011.7701843899999     
      field |       total density
          1 |    1.2803708439E+03

  iterations:      2982651
  simTime   :    6.0808379205062810E-003
  wallClock :    2033.4167633039999     
      field |       total density
          1 |    1.2803708439E+03

  iterations:      2983849
  simTime   :    6.0832803262149369E-003
  wallClock :    2054.9643987840000     
      field |       total density
          1 |    1.2803708439E+03

  iterations:      2985047
  simTime   :    6.0857227319235929E-003
  wallClock :    2076.6971431520001     
      field |       total density
          1 |    1.2803708439E+03

  iterations:      2986245
  simTime   :    6.0881651376322489E-003
  wallClock :    2098.1251682319999     
      field |       total density
          1 |    1.2803708439E+03

  iterations:      2987443
  simTime   :    6.0906075433409049E-003
  wallClock :    2119.7507176829999     
      field |       total density
          1 |    1.2803708439E+03

  iterations:      2988641
  simTime   :    6.0930499490495608E-003
  wallClock :    2141.6813184070002     
      field |       total density
          1 |    1.2803708439E+03

  iterations:      2989839
  simTime   :    6.0954923547582168E-003
  wallClock :    2163.3435178099999     
      field |       total density
          1 |    1.2803708439E+03

  iterations:      2991037
  simTime   :    6.0979347604668728E-003
  wallClock :    2184.8586259660001     
      field |       total density
          1 |    1.2803708439E+03

  iterations:      2992235
  simTime   :    6.1003771661755288E-003
  wallClock :    2206.4291301530002     
      field |       total density
          1 |    1.2803708439E+03

  iterations:      2993433
  simTime   :    6.1028195718841848E-003
  wallClock :    2238.7022533899999     
      field |       total density
          1 |    1.2803708439E+03

ADAPTIVE_FLUX_PRESSURE iter=2993750 target_lattice= 6.9748043809647912E-004 controlled_lattice= 6.9748043809648324E-004 relative_error= 5.9069301881625267E-015 rho_boundary= 7.1302311822119295E-003 pressure_pa= 2.4153734565821178E+004 max_lattice_velocity= 1.1601463213839103E-003 minimum_pdf= 1.9737262253266988E-004 globBC_count=223
  iterations:      2994631
  simTime   :    6.1052619775928407E-003
  wallClock :    2264.8957576630000     
      field |       total density
          1 |    1.2803708439E+03

  iterations:      2995829
  simTime   :    6.1077043833014967E-003
  wallClock :    2286.6127987460000     
      field |       total density
          1 |    1.2803708439E+03

  iterations:      2997027
  simTime   :    6.1101467890101527E-003
  wallClock :    2306.0221403020000     
      field |       total density
          1 |    1.2803708439E+03

  Writing restart at:
  iterations:      2998176
  simTime   :    6.1124892966555999E-003
  wallClock :    2321.5704975230001     
 Done writing
  iterations:      2998225
  simTime   :    6.1125891947188087E-003
  wallClock :    2322.3281129200000     
      field |       total density
          1 |    1.2803708439E+03

  iterations:      2999423
  simTime   :    6.1150316004274646E-003
  wallClock :    2338.0952928209999     
      field |       total density
          1 |    1.2803708439E+03

  iterations:      3000621
  simTime   :    6.1174740061361206E-003
  wallClock :    2354.2770575190002     
      field |       total density
          1 |    1.2803708439E+03

  iterations:      3001819
  simTime   :    6.1199164118447766E-003
  wallClock :    2370.1317011269998     
      field |       total density
          1 |    1.2803708439E+03

  iterations:      3003017
  simTime   :    6.1223588175534326E-003
  wallClock :    2386.4031464469999     
      field |       total density
          1 |    1.2803708439E+03

  iterations:      3004215
  simTime   :    6.1248012232620885E-003
  wallClock :    2401.9982792999999     
      field |       total density
          1 |    1.2803708439E+03

  iterations:      3005413
  simTime   :    6.1272436289707445E-003
  wallClock :    2417.1047568130002     
      field |       total density
          1 |    1.2803708439E+03

  iterations:      3006611
  simTime   :    6.1296860346794005E-003
  wallClock :    2432.1485319280000     
      field |       total density
          1 |    1.2803708439E+03

  iterations:      3007809
  simTime   :    6.1321284403880565E-003
  wallClock :    2447.6788558680000     
      field |       total density
          1 |    1.2803708439E+03

  iterations:      3009007
  simTime   :    6.1345708460967124E-003
  wallClock :    2462.8356432860000     
      field |       total density
          1 |    1.2803708439E+03

  iterations:      3010205
  simTime   :    6.1370132518053684E-003
  wallClock :    2485.1868132280001     
      field |       total density
          1 |    1.2803708439E+03

  iterations:      3011403
  simTime   :    6.1394556575140244E-003
  wallClock :    2510.4494758300002     
      field |       total density
          1 |    1.2803708439E+03

  iterations:      3012601
  simTime   :    6.1418980632226804E-003
  wallClock :    2536.5351938099998     
      field |       total density
          1 |    1.2803708439E+03

  iterations:      3013799
  simTime   :    6.1443404689313363E-003
  wallClock :    2560.4702869859998     
      field |       total density
          1 |    1.2803708439E+03

  iterations:      3014997
  simTime   :    6.1467828746399923E-003
  wallClock :    2584.2841191220000     
      field |       total density
          1 |    1.2803708439E+03

  iterations:      3016195
  simTime   :    6.1492252803486483E-003
  wallClock :    2609.5163804320000     
      field |       total density
          1 |    1.2803708439E+03

  iterations:      3017393
  simTime   :    6.1516676860573043E-003
  wallClock :    2633.1358375919999     
      field |       total density
          1 |    1.2803708439E+03

  iterations:      3018591
  simTime   :    6.1541100917659602E-003
  wallClock :    2659.1829085600002     
      field |       total density
          1 |    1.2803708439E+03

  iterations:      3019789
  simTime   :    6.1565524974746162E-003
  wallClock :    2683.3364809370000     
      field |       total density
          1 |    1.2803708439E+03

  iterations:      3020987
  simTime   :    6.1589949031832722E-003
  wallClock :    2707.2750935760000     
      field |       total density
          1 |    1.2803708439E+03

  iterations:      3022185
  simTime   :    6.1614373088919282E-003
  wallClock :    2732.8791449030000     
      field |       total density
          1 |    1.2803708439E+03

  iterations:      3023383
  simTime   :    6.1638797146005841E-003
  wallClock :    2760.1709647480002     
      field |       total density
          1 |    1.2803708439E+03

  iterations:      3024581
  simTime   :    6.1663221203092401E-003
  wallClock :    2782.5391940489999     
      field |       total density
          1 |    1.2803708439E+03

  iterations:      3025779
  simTime   :    6.1687645260178961E-003
  wallClock :    2805.6902893080000     
      field |       total density
          1 |    1.2803708439E+03

  iterations:      3026977
  simTime   :    6.1712069317265521E-003
  wallClock :    2828.3922825780000     
      field |       total density
          1 |    1.2803708439E+03

  iterations:      3028175
  simTime   :    6.1736493374352081E-003
  wallClock :    2850.4611118339999     
      field |       total density
          1 |    1.2803708439E+03

  iterations:      3029373
  simTime   :    6.1760917431438640E-003
  wallClock :    2872.6588102810001     
      field |       total density
          1 |    1.2803708439E+03

  iterations:      3030571
  simTime   :    6.1785341488525200E-003
  wallClock :    2894.8489248770002     
      field |       total density
          1 |    1.2803708439E+03

  iterations:      3031769
  simTime   :    6.1809765545611760E-003
  wallClock :    2920.6630305700000     
      field |       total density
          1 |    1.2803708439E+03

  iterations:      3032967
  simTime   :    6.1834189602698320E-003
  wallClock :    2946.5719442109998     
      field |       total density
          1 |    1.2803708439E+03

  iterations:      3034165
  simTime   :    6.1858613659784879E-003
  wallClock :    2970.7060278200001     
      field |       total density
          1 |    1.2803708439E+03

  iterations:      3035363
  simTime   :    6.1883037716871439E-003
  wallClock :    2994.5011119330002     
      field |       total density
          1 |    1.2803708439E+03

  iterations:      3036561
  simTime   :    6.1907461773957999E-003
  wallClock :    3017.7747205689998     
      field |       total density
          1 |    1.2803708439E+03

  iterations:      3037759
  simTime   :    6.1931885831044559E-003
  wallClock :    3041.0498002039999     
      field |       total density
          1 |    1.2803708439E+03

  iterations:      3038957
  simTime   :    6.1956309888131118E-003
  wallClock :    3065.1111050410000     
      field |       total density
          1 |    1.2803708439E+03

  iterations:      3040155
  simTime   :    6.1980733945217678E-003
  wallClock :    3088.1454235289998     
      field |       total density
          1 |    1.2803708439E+03

  iterations:      3041353
  simTime   :    6.2005158002304238E-003
  wallClock :    3110.0710072090001     
      field |       total density
          1 |    1.2803708439E+03

  iterations:      3042551
  simTime   :    6.2029582059390798E-003
  wallClock :    3133.4302410999999     
      field |       total density
          1 |    1.2803708439E+03

  iterations:      3043749
  simTime   :    6.2054006116477357E-003
  wallClock :    3156.9140426170002     
      field |       total density
          1 |    1.2803708439E+03

  iterations:      3044947
  simTime   :    6.2078430173563917E-003
  wallClock :    3179.0890906620002     
      field |       total density
          1 |    1.2803708439E+03

  iterations:      3046145
  simTime   :    6.2102854230650477E-003
  wallClock :    3202.4073882120001     
      field |       total density
          1 |    1.2803708439E+03

  iterations:      3047343
  simTime   :    6.2127278287737037E-003
  wallClock :    3226.8547239029999     
      field |       total density
          1 |    1.2803708439E+03

  iterations:      3048541
  simTime   :    6.2151702344823596E-003
  wallClock :    3249.9711218250000     
      field |       total density
          1 |    1.2803708439E+03

  iterations:      3049739
  simTime   :    6.2176126401910156E-003
  wallClock :    3273.8076458850001     
      field |       total density
          1 |    1.2803708439E+03

  iterations:      3050937
  simTime   :    6.2200550458996716E-003
  wallClock :    3297.4274483600002     
      field |       total density
          1 |    1.2803708439E+03

  iterations:      3052135
  simTime   :    6.2224974516083276E-003
  wallClock :    3321.5133531400002     
      field |       total density
          1 |    1.2803708439E+03

  iterations:      3053333
  simTime   :    6.2249398573169835E-003
  wallClock :    3344.6786452100000     
      field |       total density
          1 |    1.2803708439E+03

ADAPTIVE_FLUX_PRESSURE iter=3053625 target_lattice= 6.9748043809647912E-004 controlled_lattice= 6.9748043809648324E-004 relative_error= 5.9069301881625267E-015 rho_boundary= 7.1302311822119295E-003 pressure_pa= 2.4153734565821178E+004 max_lattice_velocity= 1.1601463213839521E-003 minimum_pdf= 1.9737262253266994E-004 globBC_count=223
  iterations:      3054531
  simTime   :    6.2273822630256395E-003
  wallClock :    3368.0891489490000     
      field |       total density
          1 |    1.2803708439E+03

  iterations:      3055729
  simTime   :    6.2298246687342955E-003
  wallClock :    3391.7468101330001     
      field |       total density
          1 |    1.2803708439E+03

  iterations:      3056927
  simTime   :    6.2322670744429515E-003
  wallClock :    3415.2270900819999     
      field |       total density
          1 |    1.2803708439E+03

  iterations:      3058125
  simTime   :    6.2347094801516074E-003
  wallClock :    3438.7139735300002     
      field |       total density
          1 |    1.2803708439E+03

  iterations:      3059323
  simTime   :    6.2371518858602634E-003
  wallClock :    3460.9889263049999     
      field |       total density
          1 |    1.2803708439E+03

  iterations:      3060521
  simTime   :    6.2395942915689194E-003
  wallClock :    3483.8850869299999     
      field |       total density
          1 |    1.2803708439E+03

  iterations:      3061719
  simTime   :    6.2420366972775754E-003
  wallClock :    3506.7543663780002     
      field |       total density
          1 |    1.2803708439E+03

  iterations:      3062917
  simTime   :    6.2444791029862314E-003
  wallClock :    3530.0629977439999     
      field |       total density
          1 |    1.2803708439E+03

  iterations:      3064115
  simTime   :    6.2469215086948873E-003
  wallClock :    3553.3593737950000     
      field |       total density
          1 |    1.2803708439E+03

  iterations:      3065313
  simTime   :    6.2493639144035433E-003
  wallClock :    3576.0371229040002     
      field |       total density
          1 |    1.2803708439E+03

  iterations:      3066511
  simTime   :    6.2518063201121993E-003
  wallClock :    3599.5351326240002     
      field |       total density
          1 |    1.2803708439E+03

  iterations:      3067709
  simTime   :    6.2542487258208553E-003
  wallClock :    3623.4529537829999     
      field |       total density
          1 |    1.2803708439E+03

  iterations:      3068907
  simTime   :    6.2566911315295112E-003
  wallClock :    3646.3853636529998     
      field |       total density
          1 |    1.2803708439E+03

  iterations:      3070105
  simTime   :    6.2591335372381672E-003
  wallClock :    3668.5440786519998     
      field |       total density
          1 |    1.2803708439E+03

  iterations:      3071303
  simTime   :    6.2615759429468232E-003
  wallClock :    3692.0383582200002     
      field |       total density
          1 |    1.2803708439E+03

  iterations:      3072501
  simTime   :    6.2640183486554792E-003
  wallClock :    3717.6721734429998     
      field |       total density
          1 |    1.2803708439E+03

  iterations:      3073699
  simTime   :    6.2664607543641351E-003
  wallClock :    3742.9381181330000     
      field |       total density
          1 |    1.2803708439E+03

  iterations:      3074897
  simTime   :    6.2689031600727911E-003
  wallClock :    3767.4666880260002     
      field |       total density
          1 |    1.2803708439E+03

  iterations:      3076095
  simTime   :    6.2713455657814471E-003
  wallClock :    3791.8422877369999     
      field |       total density
          1 |    1.2803708439E+03

  iterations:      3077293
  simTime   :    6.2737879714901031E-003
  wallClock :    3816.0841538710001     
      field |       total density
          1 |    1.2803708439E+03

  iterations:      3078491
  simTime   :    6.2762303771987590E-003
  wallClock :    3839.6166818259999     
      field |       total density
          1 |    1.2803708439E+03

  iterations:      3079689
  simTime   :    6.2786727829074150E-003
  wallClock :    3864.8408500310002     
      field |       total density
          1 |    1.2803708439E+03

  iterations:      3080887
  simTime   :    6.2811151886160710E-003
  wallClock :    3891.7264851169998     
      field |       total density
          1 |    1.2803708439E+03

  iterations:      3082085
  simTime   :    6.2835575943247270E-003
  wallClock :    3918.4491156059999     
      field |       total density
          1 |    1.2803708439E+03

  iterations:      3083283
  simTime   :    6.2860000000333829E-003
  wallClock :    3939.1367735099998     
      field |       total density
          1 |    1.2803708439E+03

  iterations:      3084481
  simTime   :    6.2884424057420389E-003
  wallClock :    3962.7326008929999     
      field |       total density
          1 |    1.2803708439E+03

  iterations:      3085679
  simTime   :    6.2908848114506949E-003
  wallClock :    3986.3292456300001     
      field |       total density
          1 |    1.2803708439E+03

  iterations:      3086877
  simTime   :    6.2933272171593509E-003
  wallClock :    4008.8976206130001     
      field |       total density
          1 |    1.2803708439E+03

  iterations:      3088075
  simTime   :    6.2957696228680068E-003
  wallClock :    4031.8245569219998     
      field |       total density
          1 |    1.2803708439E+03

  iterations:      3089273
  simTime   :    6.2982120285766628E-003
  wallClock :    4053.5901074059998     
      field |       total density
          1 |    1.2803708439E+03

  iterations:      3090471
  simTime   :    6.3006544342853188E-003
  wallClock :    4076.0640331270001     
      field |       total density
          1 |    1.2803708439E+03

  iterations:      3091669
  simTime   :    6.3030968399939748E-003
  wallClock :    4098.9864525829998     
      field |       total density
          1 |    1.2803708439E+03

  iterations:      3092867
  simTime   :    6.3055392457026307E-003
  wallClock :    4121.6840049200000     
      field |       total density
          1 |    1.2803708439E+03

  iterations:      3094065
  simTime   :    6.3079816514112867E-003
  wallClock :    4144.9164180480002     
      field |       total density
          1 |    1.2803708439E+03

  iterations:      3095263
  simTime   :    6.3104240571199427E-003
  wallClock :    4166.8336876320000     
      field |       total density
          1 |    1.2803708439E+03

  iterations:      3096461
  simTime   :    6.3128664628285987E-003
  wallClock :    4189.1724400370003     
      field |       total density
          1 |    1.2803708439E+03

  iterations:      3097659
  simTime   :    6.3153088685372546E-003
  wallClock :    4211.9315930809998     
      field |       total density
          1 |    1.2803708439E+03

  iterations:      3098857
  simTime   :    6.3177512742459106E-003
  wallClock :    4235.2311792800001     
      field |       total density
          1 |    1.2803708439E+03

  iterations:      3100055
  simTime   :    6.3201936799545666E-003
  wallClock :    4259.0037104539997     
      field |       total density
          1 |    1.2803708439E+03

  iterations:      3101253
  simTime   :    6.3226360856632226E-003
  wallClock :    4282.4945396909998     
      field |       total density
          1 |    1.2803708439E+03

  iterations:      3102451
  simTime   :    6.3250784913718786E-003
  wallClock :    4304.5541873239999     
      field |       total density
          1 |    1.2803708439E+03

  iterations:      3103649
  simTime   :    6.3275208970805345E-003
  wallClock :    4327.3104943830003     
      field |       total density
          1 |    1.2803708439E+03

  iterations:      3104847
  simTime   :    6.3299633027891905E-003
  wallClock :    4349.3578568510002     
      field |       total density
          1 |    1.2803708439E+03

  iterations:      3106045
  simTime   :    6.3324057084978465E-003
  wallClock :    4371.3345755500004     
      field |       total density
          1 |    1.2803708439E+03

  iterations:      3107243
  simTime   :    6.3348481142065025E-003
  wallClock :    4393.0146380710003     
      field |       total density
          1 |    1.2803708439E+03

  iterations:      3108441
  simTime   :    6.3372905199151584E-003
  wallClock :    4415.4702417300005     
      field |       total density
          1 |    1.2803708439E+03

  iterations:      3109639
  simTime   :    6.3397329256238144E-003
  wallClock :    4436.9595302010002     
      field |       total density
          1 |    1.2803708439E+03

  iterations:      3110837
  simTime   :    6.3421753313324704E-003
  wallClock :    4459.3271000109999     
      field |       total density
          1 |    1.2803708439E+03

  iterations:      3112035
  simTime   :    6.3446177370411264E-003
  wallClock :    4481.9475067679996     
      field |       total density
          1 |    1.2803708439E+03

  iterations:      3113233
  simTime   :    6.3470601427497823E-003
  wallClock :    4504.2344518509999     
      field |       total density
          1 |    1.2803708439E+03

ADAPTIVE_FLUX_PRESSURE iter=3113500 target_lattice= 6.9748043809647912E-004 controlled_lattice= 6.9748043809648324E-004 relative_error= 5.9069301881625267E-015 rho_boundary= 7.1302311822119295E-003 pressure_pa= 2.4153734565821178E+004 max_lattice_velocity= 1.1601463213839296E-003 minimum_pdf= 1.9737262253266991E-004 globBC_count=223
