WSL source hashes verified
{"log_dir": "/workspace/formal_3D_flow_solver_FEM_lzy/logs/stage02/20260917T202722_406915338_pipe_fine_mesh", "returncode": 0, "wall_time_s": 2.2362441209843382}
Info    : Meshing 1D...
Info    : [  0%] Meshing curve 1 (Circle)
Info    : [ 40%] Meshing curve 2 (Line)
Info    : [ 70%] Meshing curve 3 (Circle)
Info    : Done meshing 1D (Wall 0.000179805s, CPU 9.5e-05s)
Info    : Meshing 2D...
Info    : [  0%] Meshing surface 1 (Cylinder, Frontal-Delaunay)
Info    : [  0%] Meshing surface 1 (Cylinder, MeshAdapt)
Info    : [ 40%] Meshing surface 2 (Plane, Frontal-Delaunay)
Info    : [ 70%] Meshing surface 3 (Plane, Frontal-Delaunay)
Info    : Done meshing 2D (Wall 0.61562s, CPU 0.615447s)
Info    : Meshing 3D...
Info    : 3D Meshing 1 volume with 1 connected component
Info    : Tetrahedrizing 4668 nodes...
Info    : Done tetrahedrizing 4676 nodes (Wall 0.0417137s, CPU 0.041714s)
Info    : Reconstructing mesh...
Info    :  - Creating surface mesh
Info    :  - Identifying boundary edges
Info    :  - Recovering boundary
Info    : Done reconstructing mesh (Wall 0.11019s, CPU 0.108044s)
Info    : Found volume 1
Info    : It. 0 - 0 nodes created - worst tet radius 8.06636 (nodes removed 0 0)
Info    : It. 500 - 500 nodes created - worst tet radius 2.16279 (nodes removed 0 0)
Info    : It. 1000 - 1000 nodes created - worst tet radius 1.7674 (nodes removed 0 0)
Info    : It. 1500 - 1500 nodes created - worst tet radius 1.56675 (nodes removed 0 0)
Info    : It. 2000 - 2000 nodes created - worst tet radius 1.43736 (nodes removed 0 0)
Info    : It. 2500 - 2500 nodes created - worst tet radius 1.34651 (nodes removed 0 0)
Info    : It. 3000 - 3000 nodes created - worst tet radius 1.27531 (nodes removed 0 0)
Info    : It. 3500 - 3500 nodes created - worst tet radius 1.21824 (nodes removed 0 0)
Info    : It. 4000 - 3998 nodes created - worst tet radius 1.16825 (nodes removed 0 2)
Info    : It. 4500 - 4498 nodes created - worst tet radius 1.12615 (nodes removed 0 2)
Info    : It. 5000 - 4998 nodes created - worst tet radius 1.08992 (nodes removed 0 2)
Info    : It. 5500 - 5498 nodes created - worst tet radius 1.0599 (nodes removed 0 2)
Info    : It. 6000 - 5998 nodes created - worst tet radius 1.03168 (nodes removed 0 2)
Info    : It. 6500 - 6498 nodes created - worst tet radius 1.00686 (nodes removed 0 2)
Info    : 3D refinement terminated (11323 nodes total):
Info    :  - 2 Delaunay cavities modified for star shapeness
Info    :  - 2 nodes could not be inserted
Info    :  - 56563 tetrahedra created in 0.184119 sec. (307208 tets/s)
Info    : 0 node relocations
Info    : Done meshing 3D (Wall 0.411812s, CPU 0.409372s)
Info    : Optimizing mesh...
Info    : Optimizing volume 1
Info    : Optimization starts (volume = 3.91797e-15) with worst = 0.00822261 / average = 0.767644:
Info    : 0.00 < quality < 0.10 :       134 elements
Info    : 0.10 < quality < 0.20 :       378 elements
Info    : 0.20 < quality < 0.30 :       679 elements
Info    : 0.30 < quality < 0.40 :      1070 elements
Info    : 0.40 < quality < 0.50 :      1684 elements
Info    : 0.50 < quality < 0.60 :      2905 elements
Info    : 0.60 < quality < 0.70 :      6861 elements
Info    : 0.70 < quality < 0.80 :     13608 elements
Info    : 0.80 < quality < 0.90 :     19810 elements
Info    : 0.90 < quality < 1.00 :      9434 elements
Info    : 1173 edge swaps, 42 node relocations (volume = 3.91797e-15): worst = 0.176849 / average = 0.780539 (Wall 0.00993259s, CPU 0.009725s)
Info    : 1187 edge swaps, 42 node relocations (volume = 3.91797e-15): worst = 0.300167 / average = 0.780643 (Wall 0.0119223s, CPU 0.011714s)
Info    : No ill-shaped tets in the mesh :-)
Info    : 0.00 < quality < 0.10 :         0 elements
Info    : 0.10 < quality < 0.20 :         0 elements
Info    : 0.20 < quality < 0.30 :         0 elements
Info    : 0.30 < quality < 0.40 :      1070 elements
Info    : 0.40 < quality < 0.50 :      1615 elements
Info    : 0.50 < quality < 0.60 :      2862 elements
Info    : 0.60 < quality < 0.70 :      6820 elements
Info    : 0.70 < quality < 0.80 :     13688 elements
Info    : 0.80 < quality < 0.90 :     20065 elements
Info    : 0.90 < quality < 1.00 :      9385 elements
Info    : Done optimizing mesh (Wall 0.0450307s, CPU 0.041115s)
Info    : 11323 nodes 65001 elements
Info    : Meshing order 2 (curvilinear on)...
Info    : [  0%] Meshing curve 1 order 2
Info    : [ 20%] Meshing curve 2 order 2
Info    : [ 30%] Meshing curve 3 order 2
Info    : [ 50%] Meshing surface 1 order 2
Info    : [ 60%] Meshing surface 2 order 2
Info    : [ 80%] Meshing surface 3 order 2
Info    : [ 90%] Meshing volume 1 order 2
Info    : Surface mesh: worst distortion = 0.996756 (0 elements in ]0, 0.2]); worst gamma = 0.582672
Info    : Volume mesh: worst distortion = 0.895653 (0 elements in ]0, 0.2])
Info    : Done meshing order 2 (Wall 0.215826s, CPU 0.211911s)
Info    : Writing '/workspace/formal_3D_flow_solver_FEM_lzy/outputs/stage02/meshes/pipe_fine/pipe.msh'...
Info    : Done writing '/workspace/formal_3D_flow_solver_FEM_lzy/outputs/stage02/meshes/pipe_fine/pipe.msh'
{
  "status": "PASS",
  "purpose": "SYNTHETIC NUMERICAL BENCHMARK",
  "experimental_condition": false,
  "profile": "pipe_fine",
  "timestamp": "2026-09-17T20:27:27.832169+00:00",
  "hostname": "f7c62a262077",
  "run_id": "20260917T202722_406915338_pipe_fine_mesh",
  "geometry": {
    "kind": "analytic_circular_pipe",
    "origin_m": [
      0.0,
      0.0,
      0.0
    ],
    "axis": [
      0.0,
      0.0,
      1.0
    ],
    "radius_m": 5e-06,
    "length_m": 5e-05,
    "coordinate_degree": 2
  },
  "target_size_m": 7e-07,
  "units": "SI",
  "mesh_coordinate_degree": 2,
  "tetrahedron_count": 55505,
  "geometry_node_count": 82816,
  "boundary_tags": {
    "WALL": 1,
    "OUTLET": 2,
    "INLET": 4
  },
  "cell_tags": {
    "FLUID": 100
  },
  "tag_contract": "synthetic pipe only; NOT Stage 1 vascular tag contract",
  "areas_m2": {
    "WALL": 1.570795991735652e-09,
    "OUTLET": 7.853975418617558e-11,
    "INLET": 7.853975418617668e-11
  },
  "area_relative_errors": {
    "WALL": 2.1330534021252497e-07,
    "OUTLET": 7.913638222471839e-07,
    "INLET": 7.913638082593838e-07
  },
  "volume_m3": 3.926989140239458e-15,
  "volume_relative_error": 4.269803170635395e-07,
  "axial_bounds_m": [
    0.0,
    5e-05
  ],
  "maximum_nodal_radius_m": 5.000000000000001e-06,
  "normal_dot_axis": {
    "INLET": -1.0,
    "OUTLET": 1.0
  },
  "minimum_jacobian_determinant_m3": 1.0017606013146632e-19,
  "wall_time_s": 1.7634135030093603,
  "peak_rss_kib": 269064,
  "gmsh_version": "4.15.2",
  "dolfinx_version": "0.11.0",
  "mpi_ranks": 1,
  "threads": 1,
  "gpu_used": false,
  "config_sha256": "b931fb0aac798445811541794b409856377228be8b2cb51621f613077dee0a0a",
  "msh_sha256": "28d573054a15fd65e4284f130a7685a09a968b441a5f018f7aa5b11cae1f4ab9",
  "xdmf_sha256": "ad8dd23a2693a02c8f3490833313fbbb694bfe2eb7c39103d0b3fe4d9b5351bf",
  "hdf5_sha256": "461a878153576c19685cbe25e1bc6e893830f9b99dd37a1a4f291df8ab4b620a",
  "pde_solved": false
}


