 Starting up Musubi with nprocs:            1

 .___  ___.  __    __       _______. __    __  .______    __  
 |   \/   | |  |  |  |     /       ||  |  |  | |   _  \  |  | 
 |  \  /  | |  |  |  |    |   (----`|  |  |  | |  |_)  | |  | 
 |  |\/|  | |  |  |  |     \   \    |  |  |  | |   _  <  |  | 
 |  |  |  | |  `--'  | .----)   |   |  `--'  | |  |_)  | |  | 
 |__|  |__|  \______/  |_______/     \______/  |______/  |_v2.0.0-4-g4e8b27

 (C) 2012 German Research School for Simulation Sciences
 (C) 2013-2020 University Siegen
 (C) 2021 German Aerospace Center (DLR) -
          Institute of Software Methods for Product Virtualization
 
--------------------------------------------------------------------------------
 | INFORMATION ON THE EXECUTABLE
 | Revision of the code in this executable: 81f8c4f13772+
 |
 | Compiled with GFORTRAN in version 13.4.0
 | Using the command /home/lzy/.local/bin/mpif90
 | And the following flags:
 | -O3 -march=native -Wall -Wno-maybe-uninitialized -Werror -Wno-unused-dum
 | my-argument -fmax-stack-var-size=131072 -std=f2008 -pedantic-errors -O3
 | -march=native -Wall -Wno-maybe-uninitialized -Werror
 |
 | Build date: 2026-08-29
--------------------------------------------------------------------------------
--------------------------------------------------------------------------------
 | PRE-PROCESSING SETTINGS:
 | Using AOS (array of structures data layout)
 | Using PULL for streaming
--------------------------------------------------------------------------------

Run at: 2026-08-30 19:41 UTC+02:00

 Loading configuration file: musubi.lua
--------------------------------------------------------------------------------
--------------------------------------------------------------------------------
--------------------------------------------------------------------------------
Loading general parameters:
Using /dev/null as null device.
Will print run time info in the end
(/proc/self/status).
Size of the IO Buffer (MB): 8
Simulation Name: musubi_wall_libb_one_step_oracle
 +-------------------------------------------+
  - Now:
  iterations:            0
  simTime   :    0.0000000000000000     
  wallClock :    1.2446496000000000E-002
 
  - Time Control:
 +-------------------------------------------+
Iterations between trigger checks: 1
  - Min:
  iterations:            0
  simTime   :    0.0000000000000000     
 
  - Max:
  iterations:            1
 
  - Interval:
  iterations:            1
 +-------------------------------------------+
 
  - Abort Criteria:
  stop_file: stop
  steady_state:  F
 
  - Status:
 +-------------------------------------------+
 Using global alltoall
 Loading communication pattern:
 isend_irecv
Write timings to: musubi_timing.res
--------------------------------------------------------------------------------
 Loading general solver params: 
 Choosing Control Routine: standard
 Setting SCALING to:diffusive
Solid elements will be removed from BC list
Block size (elements): 576
--------------------------------------------------------------------------------
--------------------------------------------------------------------------------
 Loading restart ...
 *****************************
 Restart write parameters: 
   prefix   : restart/
 +-------------------------------------------+
Iterations between trigger checks: 1
  - Min:
  iterations:            0
 
  - Max:
  iterations:            1
 
  - Interval:
  iterations:            1
 +-------------------------------------------+
 *****************************
 
--------------------------------------------------------------------------------
 No read restart given. Loading mesh file
 Obtaining HEADER of the configured mesh
 Load mesh header from file: mesh/header.lua
 The real bounding cube is...
   min:    1.1686589466964423E-007   0.0000000000000000        0.0000000000000000     
   max:    3.5059768400893270E-007   4.6746357867857693E-007   4.6746357867857693E-007
--------------------------------------------------------------------------------
 Load mesh header from file: mesh/header.lua
 The real bounding cube is...
   min:    1.1686589466964423E-007   0.0000000000000000        0.0000000000000000     
   max:    3.5059768400893270E-007   4.6746357867857693E-007   4.6746357867857693E-007
 Load mesh from file: mesh/elemlist.lsb
 using one process to read and broadcast
 Done, reading the mesh!
 Got a mesh with following properties:
                 Mesh name: fluidTree
  Total number of elements: 32
  Local number of elements: 32
      Number of properties: 2
      Number of partitions: 1
             Minimum level: 2
             Maximum level: 2
       Bounding Box Origin:     0.0000    0.0000    0.0000
       Bounding Box Length:     0.0000
     Coarsest element size:     0.0000
       Finest element size:     0.0000
  Number of boundary elements: 32
      Number of qVal elements: 32
--------------------------------------------------------------------------------
 Load boundary ID from file: mesh/bnd.lsb
 read on a single process
Loading qVal data from directory: mesh/
 Load hasQVal from file: mesh/qval.lsb
 Done, reading the qVal!
 No IBM found!
--------------------------------------------------------------------------------
Lattice dx and dt on each level
level=2, dxL=   1.00000, dtL=   1.00000
--------------------------------------------------------------------------------
--------------------------------------------------------------------------------
  Loading physics table ...
  Physics table is defined.
  All values are expressed in physical units.
 Speed of sound (cs) is not defined.
 Attempting to load time step dt on coarsest level:
   cs =    8.094E+00
   dt =    8.336E-09
 WARNING: No value given for coulomb0
 WARNING: Reference coulomb0 is not found. 
 Setting reference coulomb0 to fundamental electrical charge.
Reference physical quantities:
  rho0       =    1.056E+03
  mass0      =    1.685E-18
  mole0      =    1.661E-24
  moleDens0  =    1.040E-03
  molWeight0 =    1.015E+06
  Temp0      =    1.000E+00
  coulomb0   =  160.218E-21
Conversion factors on level: 2
  dx            =  116.866E-09
  dt            =    8.336E-09
  pressure      =  207.553E+03
  velocity      =   14.019E+00
  kine. visc.   =    1.638E-06
  dyn. visc.    =    1.730E-03
  acceleration  =    1.682E+09
  force         =    2.835E-09
  body force    =    1.776E+12
  strain rate   =  119.962E+06
  energy        =  331.277E-18
  moleFlux      =   14.585E-03
  chargeDens    =  100.380E+00
  currentDens   =    1.407E+03
  massflux      =   14.805E+03
  diffusivity   =    1.638E-06
  faraday       =   96.485E+03
  gasConst      =  199.500E+06
  potential     =    2.068E+03

Over level scale factor: 
    pressure:    1.000E+00
    velocity:    1.000E+00
 strain rate:    1.000E+00
--------------------------------------------------------------------------------
--------------------------------------------------------------------------------
Loading Scheme identify table: 
kind: fluid
Layout: d3q19
relaxation: bgk
  variant: standard
--------------------------------------------------------------------------------
 Creating stencil kind: d3q19
--------------------------------------------------------------------------------
 Loading the field base info ...
 No field table defined.
 Assuming single field and label = "".
--------------------------------------------------------------------------------
 Initializing global variable system for scheme kind: fluid
 Appending state variables 
--------------------------------------------------------------------------------
Interpolation:
  method: quadratic
   order:  2
  weights_method: linear_distance
  inverse distance powefac:  6
--------------------------------------------------------------------------------
 No possible transport variable defined for scheme kind: fluid
--------------------------------------------------------------------------------
 Loading the fields ...
 Number of fields to load:            1
 No field table and scheme table are defined.Loading field data from config
 Loading field: 
 Loading the fluid properties.
 Loading fluid informations
 loading space time function from key: kinematic_viscosity
 Spacetime function is a const value:    3.2700000000000000E-006
 St-fun is not a table, thus setting global shape.
 No nonNewtonian table defined
 No turbulence table defined
--------------------------------------------------------------------------------
--------------------------------------------------------------------------------
  Loading initial conditions
Loading spatial for pressure
 Load spatial as single constant
   Spatial for pressure is a defined as const
value =   23.622E+03
Loading spatial for velocityX
   Spatial for velocityX is a defined as lua_fun
Loading spatial for velocityY
   Spatial for velocityY is a defined as lua_fun
Loading spatial for velocityZ
   Spatial for velocityZ is a defined as lua_fun
Loading spatial for Sxx
 Load spatial as single constant
 ERROR: Fatal error occured in loading scalar constants
 WARNING: variable is non-existent!
 Setting kind to be "none" and value =    0.000E+00 for all 1 components
   Spatial for Sxx is a defined as none
Loading spatial for Syy
 Load spatial as single constant
 ERROR: Fatal error occured in loading scalar constants
 WARNING: variable is non-existent!
 Setting kind to be "none" and value =    0.000E+00 for all 1 components
   Spatial for Syy is a defined as none
Loading spatial for Szz
 Load spatial as single constant
 ERROR: Fatal error occured in loading scalar constants
 WARNING: variable is non-existent!
 Setting kind to be "none" and value =    0.000E+00 for all 1 components
   Spatial for Szz is a defined as none
Loading spatial for Sxy
 Load spatial as single constant
 ERROR: Fatal error occured in loading scalar constants
 WARNING: variable is non-existent!
 Setting kind to be "none" and value =    0.000E+00 for all 1 components
   Spatial for Sxy is a defined as none
Loading spatial for Syz
 Load spatial as single constant
 ERROR: Fatal error occured in loading scalar constants
 WARNING: variable is non-existent!
 Setting kind to be "none" and value =    0.000E+00 for all 1 components
   Spatial for Syz is a defined as none
Loading spatial for Sxz
 Load spatial as single constant
 ERROR: Fatal error occured in loading scalar constants
 WARNING: variable is non-existent!
 Setting kind to be "none" and value =    0.000E+00 for all 1 components
   Spatial for Sxz is a defined as none
--------------------------------------------------------------------------------
  Loading BC header
   Found BC wall of kind wall_libb
 matching boundary defination in lua to mesh
 Number of Boundaries: 1
--------------------------------------------------------------------------------
 Loading boundary definition for nBCs: 1
   Boundary: 1
    Curved:  F
     Wall LIBB treatment: wall
    Default qVal:   0.50000000000000000     
   required neighbors: 0
--------------------------------------------------------------------------------
 Loading the mappings from table: source
 Table source could not be opened for reading variable mappings!
--------------------------------------------------------------------------------
 Loading the mappings from table: glob_source
 Table glob_source could not be opened for reading variable mappings!
 Loading transport variables
--------------------------------------------------------------------------------
 Variable table not defined with key: variable
--------------------------------------------------------------------------------
 No Tracking entities found!
--------------------------------------------------------------------------------
--------------------------------------------------------------------------------
 NO particle modelling
--------------------------------------------------------------------------------
--------------------------------------------------------------------------------
 Initializing musubi ...
 Initializing the scheme ...
 Map stencil to treelm definition and vice versa ...
Initializing the moment matrix by stencil: d3q19
 Building variable system for scheme kind: fluid
 Appending auxiliary variables 
 Current append variable wave loop:            1
 Append derive variables to varSys
 Variable pressure_deviation cant be added due to missing input variable pressure_reference
 Error: variable pressure_deviation is not added to variable system
 Appending boundary variables 
 Append derive physical variables to varSys
 Append meshInfo variables to varSys
 Current append variable wave loop:            2
 Append derive variables to varSys
 Appending boundary variables 
 Append derive physical variables to varSys
 Append meshInfo variables to varSys
 Current append variable wave loop:            3
 Append derive variables to varSys
 Appending boundary variables 
 Append derive physical variables to varSys
 Append meshInfo variables to varSys
 Done appending variables to varSys
 Storing state variable position 
 Storing derive variable position 
--------------------------------------------------------------------------------
 Starting to initialize the geometry
--------------------------------------------------------------------------------
 Creating boundary lists ...
BC: wall, iBnd: 1, normal:   0  0  0, Ind: 19
 Finalizing stencils...
 Total Number of stencils: 1
 iStencil:  1, label: d3q19
 nElems: 32
 Allocating level Descriptor ...
 Searching the neighbors for each element ...
 Finished searching the neighbors ID for each fluid.
 Creating level descriptor ...
 Building up the element and total list.
 Building level-wise fluid list ...
--------------------------------------------------------------------------------
 Communicating elements ...
Halo count exchange iteration: 1
 Starting all-to-all exchange of halo counts
Finished all-to-all exchanging number of elements
All to all cost: 0.147520E-04
  Finished counting valid procs and nElemsProcs.
   Done communicating nElems to Transfer
  Requesting remote halos on level 2
   Received requested halo elements successfully.
 Finished requesting remote halos
   Done requesting remote halos.
   Identifying lists
 Done exchanging number of elements to communicate.
Return halo counts and Redefine halos ...
  Returning halo counts on level 2
   Redefining halos ... 
   Done communicating stencil buffer
   Done communicating stencil buffer
   Done communicating stencil buffer
 Done with communication of elements. 
--------------------------------------------------------------------------------

 Assembling total list ...
     Level: 2
    nElems: 32
       fluid: 32
gFromCoarser: 0
  gFromFiner: 0
        halo: 0
 Updating dependencies ...
 Updating the stencil entries
  Updating entries in the element stencils...
 Finished building up element and total list. 
Build neighbor array for stencil: 1
 level:  2, nElems to treat: 32
--------------------------------------------------------------------------------

 Build vertical dep ...
 Total number of elements on Level: 2
   Fluid:   32
 Global Elements information:
   nElems overall: 32
   nElems ghost from finer: 0
   nElems ghost from coarser: 0
 
Start filling field BC neighbor list 
 Allocating PDF state, neighbor and bcBuffer array
 nSize of state array: 32
 Building state array connectivity ...
 Done with state array connectivity.
Set halo elements comm links

--------------------------------------------------------------------------------
Done initializing geometry. Took [s]      0.00
--------------------------------------------------------------------------------

 Simulation time homogenize:
  iterations:            0
  simTime   :    0.0000000000000000     
  wallClock :    1.2446496000000000E-002
 Time control homogenize:
 +-------------------------------------------+
Iterations between trigger checks: 1
  - Min:
  iterations:            0
 
  - Max:
  iterations:            1
 
  - Interval:
  iterations:            1
 +-------------------------------------------+
Initialize fluid
  Set relaxation parameter from kinematic viscosity
Fluid properties:
  Reference density rho0:  1.0000000
  Kinematic viscosity STfun kind: const
Kinematic viscosity, (min, max) on level: 2
  Physical: ( 0.0000033, 0.0000033)
  Lattice: ( 1.9958496, 1.9958496)
  Kinematic omega (min,max):( 0.1541414, 0.1541414)
 viscBulk lattice and omega: 
  viscBulk:   1.3305664
  omegaBulk:  0.1541414
Magic lambda for TRT:  0.2500000
HRR sigma:  0.9800000
DRT tauN:  0.7000000
No nonNewtonian table defined.
--------------------------------------------------------------------------------
 Allocate gradient data ...
 Filling gradient data ...
--------------------------------------------------------------------------------
 Create subtree for all space time functions stored 
 in linked list of spacetime function
 Done creating subtree for   0 spacetime functions
--------------------------------------------------------------------------------
--------------------------------------------------------------------------------
 Initializing Source terms ...
 No active source terms
--------------------------------------------------------------------------------
 Initializing transport variables ...
 No active transport variables
  Pulling pdfs from neighbor elements before collision
 Initializing restart...
 Time control homogenize:
 +-------------------------------------------+
Iterations between trigger checks: 1
  - Min:
  iterations:            0
 
  - Max:
  iterations:            1
 
  - Interval:
  iterations:            1
 +-------------------------------------------+
 Auxiliary field halo communication DEACTIVATED.
Initialize BndForce
 Initializing IBM surface data
--------------------------------------------------------------------------------

--------------------------------------------------------------------------------
Initialize flow
 Initialize compute kernel for scheme kind: fluid
 Choosing fluid relaxation model: bgk for layout d3q19
 mus_load_particles: no particle table found
Initialize 1 boundary conditions
 Initializing BC: wall
--------------------------------------------------------------------------------
 Starting Musubi MAIN loop with time control:
 +-------------------------------------------+
Iterations between trigger checks: 1
  - Min:
  iterations:            0
 
  - Max:
  iterations:            1
 
  - Interval:
  iterations:            1
 +-------------------------------------------+
Select fast single level control routine.
Particulate flow simulations disabled!
--------------------------------------------------------------------------------
  iterations:            0
  simTime   :    0.0000000000000000     
  wallClock :    1.2446496000000000E-002
      field |       total density
          1 |   10.9261098695E+00

  Writing restart at:
  iterations:            0
  simTime   :    0.0000000000000000     
  wallClock :    1.2446496000000000E-002
 Done writing
  iterations:            1
  simTime   :    8.3359602886574595E-009
  wallClock :   0.15434471399999999     
      field |       total density
          1 |   10.9234670506E+00

  Writing restart at:
  iterations:            1
  simTime   :    8.3359602886574595E-009
  wallClock :   0.15434471399999999     
 Done writing

SUCCESSFUL run!
 Status of the simulation now:
 +--------------------------------------------+
 STATUS:
  * Status Interval is reached
  * Reached maximal number of iterations
 +--------------------------------------------+

  iterations:            1
  simTime   :    8.3359602886574595E-009
  wallClock :   0.15434471399999999     
      field |       total density
          1 |   10.9234670506E+00

--------------------------------------------------------------------------------
 Load balance evaluation:
  max CPU cost:      0.07 (s)
  ave CPU cost:      0.07 (s)
 imbalance (i.e. max/ave):    100.00%
--------------------------------------------------------------------------------
--------------------------------------------------------------------------------
Boundary timing information:
        wall, min time:     0.00, max time:     0.00
--------------------------------------------------------------------------------
Name:	musubi_adaptive
Umask:	0022
State:	R (running)
Tgid:	60076
Ngid:	0
Pid:	60076
PPid:	60072
TracerPid:	0
Uid:	1000	1000	1000	1000
Gid:	1000	1000	1000	1000
FDSize:	64
Groups:	4 24 27 30 46 100 1000 1001
NStgid:	60076
NSpid:	60076
NSpgid:	60076
NSsid:	495
Kthread:	0
VmPeak:	  237460 kB
VmSize:	  197136 kB
VmLck:	       0 kB
VmPin:	       0 kB
VmHWM:	   22080 kB
VmRSS:	   22080 kB
RssAnon:	    6912 kB
RssFile:	   15168 kB
RssShmem:	       0 kB
VmData:	   33036 kB
VmStk:	     168 kB
VmExe:	    7440 kB
VmLib:	   10192 kB
VmPTE:	     136 kB
VmSwap:	       0 kB
HugetlbPages:	       0 kB
CoreDumping:	0
THP_enabled:	1
untag_mask:	0xffffffffffffffff
Threads:	3
SigQ:	1/31177
SigPnd:	0000000000000000
ShdPnd:	0000000000000000
SigBlk:	0000000000000000
SigIgn:	0000000000000000
SigCgt:	00000001418004fc
CapInh:	0000000000000000
CapPrm:	0000000000000000
CapEff:	0000000000000000
CapBnd:	000001ffffffffff
CapAmb:	0000000000000000
NoNewPrivs:	0
Seccomp:	2
Seccomp_filters:	1
Speculation_Store_Bypass:	thread vulnerable
SpeculationIndirectBranch:	conditional enabled
Cpus_allowed:	000003
Cpus_allowed_list:	0-1
Mems_allowed:	00000000,00000000,00000000,00000000,00000000,00000000,00000000,00000000,00000000,00000000,00000000,00000000,000000
Mems_allowed_list:	0
voluntary_ctxt_switches:	341
nonvoluntary_ctxt_switches:	0

 Done with Musubi in       0.19 s
