Inventory present. Computing exact divergence and tetra face connectivity.
All six real slabs close. Running affine controls on the same real mesh.
{
  "status": "NATIVE_FIELD_LOCAL_CONSERVATION_LIMITATION_FOUND",
  "Q_in_m3_s": 1.5513591604402322e-14,
  "max_gauss_residual_relative": 1.7416009582302377e-15,
  "max_two_integrators_difference": 6.101959561682584e-16,
  "representation_field_identity": true,
  "wall_exactly_zero": true,
  "section_flux_loss_relative": [
    0.002906028676058016,
    0.018526266893449675,
    0.016285712775908397,
    0.01606492852521241,
    0.024477293804874966,
    0.03601345515154995
  ],
  "workers": 6,
  "actual_worker_pids": [
    601313,
    601314,
    601315,
    601316,
    601317,
    601318
  ],
  "thread_environment": {
    "OMP_NUM_THREADS": "1",
    "OPENBLAS_NUM_THREADS": "1",
    "MKL_NUM_THREADS": "1",
    "NUMEXPR_NUM_THREADS": "1"
  },
  "runtime_s": 8.712710406980477,
  "host": "f7c62a262077",
  "python": "3.13.15",
  "numpy": "2.5.3",
  "pyvista": "0.49.0",
  "source_repo": "/workspace/particle9a3b_flowfield_conservation_20260924T121004Z",
  "case_path": "/workspace/flow_mean_2p0_mmps_20260922/flow_cases/mean-2p0-mmps",
  "utc_unix_s": 1790252283.7073023,
  "tolerance_recommendation": "NO_TOLERANCE_RECOMMENDATION_YET",
  "injection_status": "BLOCKED_BY_NATIVE_FIELD_CONSERVATION",
  "production_changes": false,
  "bubble_events_generated": 0,
  "bubble_trajectories_run": 0
}
