[localhost:00561] MCW rank 0 bound to socket 0[core 0[hwt 0-1]]: [BB/../../../../../../../../../../..]
[localhost:00561] MCW rank 1 bound to socket 0[core 1[hwt 0-1]]: [../BB/../../../../../../../../../..]
[localhost:00561] MCW rank 2 bound to socket 0[core 2[hwt 0-1]]: [../../BB/../../../../../../../../..]
[localhost:00561] MCW rank 3 bound to socket 0[core 3[hwt 0-1]]: [../../../BB/../../../../../../../..]
[localhost:00568] mca_base_component_repository_open: unable to open mca_btl_openib: librdmacm.so.1: cannot open shared object file: No such file or directory (ignored)
[localhost:00566] mca_base_component_repository_open: unable to open mca_btl_openib: librdmacm.so.1: cannot open shared object file: No such file or directory (ignored)
[localhost:00567] mca_base_component_repository_open: unable to open mca_btl_openib: librdmacm.so.1: cannot open shared object file: No such file or directory (ignored)
[localhost:00569] mca_base_component_repository_open: unable to open mca_btl_openib: librdmacm.so.1: cannot open shared object file: No such file or directory (ignored)
--------------------------------------------------------------------------
WARNING: Linux kernel CMA support was requested via the
btl_vader_single_copy_mechanism MCA variable, but CMA support is
not available due to restrictive ptrace settings.

The vader shared memory BTL will fall back on another single-copy
mechanism if one is available. This may result in lower performance.

  Local host: localhost
--------------------------------------------------------------------------
At line 427 of file /home/lzy/apes-worktrees/musubi_mcclure_adaptive_flux_20260829_1300/tem/source/libharvesting/hvs_ascii_module.f90
Fortran runtime error: End of record

Error termination. Backtrace:
#0  0x7fbde92f1af4 in formatted_transfer_scalar_write
	at ../../../libgfortran/io/transfer.c:2380
#1  0x7fbde92f1de4 in formatted_transfer
	at ../../../libgfortran/io/transfer.c:2625
#2  0x57e442a74457 in ???
#3  0x57e442a76400 in ???
#4  0x57e442a792f9 in ???
#5  0x57e442941d42 in ???
#6  0x57e442bf47da in ???
#7  0x57e442b453a0 in ???
#8  0x57e442f478c2 in ???
#9  0x57e442855ce4 in ???
#10  0x57e442854d7e in ???
#11  0x7fbde8c2a1c9 in ???
#12  0x7fbde8c2a28a in ???
#13  0x57e442854db4 in ???
#14  0xffffffffffffffff in ???
--------------------------------------------------------------------------
Primary job  terminated normally, but 1 process returned
a non-zero exit code. Per user-direction, the job has been aborted.
--------------------------------------------------------------------------
--------------------------------------------------------------------------
mpirun detected that one or more processes exited with non-zero status, thus causing
the job to be terminated. The first process to do so was:

  Process name: [[53950,1],0]
  Exit code:    2
--------------------------------------------------------------------------
[localhost:00561] 3 more processes have sent help message help-btl-vader.txt / cma-permission-denied
[localhost:00561] Set MCA parameter "orte_base_help_aggregate" to 0 to see all help / error messages
