{
  "status": "FAIL",
  "reason": null,
  "returncode": 1,
  "elapsed_time_s": 17.08934012101963,
  "peak_sampled_aggregate_rss_bytes": 5771264,
  "sampling_interval_s": 0.5,
  "rusage_children_peak_rss_kib": 3200640,
  "peak_definition": "Maximum sampled simultaneous RSS sum of the MPI process group; shared pages may be counted per process. Also retain child ru_maxrss (maximum individual child) and per-rank peaks.",
  "resource_guard_stopped": false,
  "fresh_memory_before": {
    "timestamp": "2026-09-18T13:56:45.477791+00:00",
    "meminfo_bytes": {
      "MemTotal": 66522726400,
      "MemFree": 11740721152,
      "MemAvailable": 59810217984,
      "Buffers": 180957184,
      "Cached": 47434428416,
      "SwapCached": 9547776,
      "Active": 46877573120,
      "Inactive": 5474107392,
      "Active(anon)": 54345728,
      "Inactive(anon)": 4700778496,
      "Active(file)": 46823227392,
      "Inactive(file)": 773328896,
      "Unevictable": 28151808,
      "Mlocked": 28151808,
      "SwapTotal": 8589930496,
      "SwapFree": 8442343424,
      "Dirty": 65536,
      "Writeback": 0,
      "AnonPages": 4760821760,
      "Mapped": 403574784,
      "Shmem": 9539584,
      "KReclaimable": 1214799872,
      "Slab": 1769193472,
      "SReclaimable": 1190866944,
      "SUnreclaim": 578326528,
      "KernelStack": 12951552,
      "PageTables": 20385792,
      "NFS_Unstable": 0,
      "Bounce": 0,
      "WritebackTmp": 0,
      "CommitLimit": 41851293696,
      "Committed_AS": 9957261312,
      "VmallocTotal": 35184372087808,
      "VmallocUsed": 113598464,
      "VmallocChunk": 0,
      "Percpu": 33292288,
      "HardwareCorrupted": 0,
      "AnonHugePages": 0,
      "ShmemHugePages": 0,
      "ShmemPmdMapped": 0,
      "FileHugePages": 0,
      "FilePmdMapped": 0,
      "Hugepagesize": 2097152,
      "Hugetlb": 0,
      "DirectMap4k": 4556079104,
      "DirectMap2M": 52521074688,
      "DirectMap1G": 11811160064
    },
    "cgroup": {
      "memory.max": "45156925440",
      "memory.current": "7653744640",
      "memory.events": "low 0\nhigh 0\nmax 0\noom 0\noom_kill 0",
      "cpu.max": "768000 100000"
    },
    "effective_available_bytes": 37503180800
  },
  "memory_after": {
    "timestamp": "2026-09-18T13:57:02.577094+00:00",
    "meminfo_bytes": {
      "MemTotal": 66522726400,
      "MemFree": 12213125120,
      "MemAvailable": 59810525184,
      "Buffers": 179142656,
      "Cached": 46964891648,
      "SwapCached": 9547776,
      "Active": 44910415872,
      "Inactive": 6967971840,
      "Active(anon)": 54325248,
      "Inactive(anon)": 4699164672,
      "Active(file)": 44856090624,
      "Inactive(file)": 2268807168,
      "Unevictable": 28151808,
      "Mlocked": 28151808,
      "SwapTotal": 8589930496,
      "SwapFree": 8442343424,
      "Dirty": 241664,
      "Writeback": 0,
      "AnonPages": 4758888448,
      "Mapped": 402911232,
      "Shmem": 9805824,
      "KReclaimable": 1214361600,
      "Slab": 1768759296,
      "SReclaimable": 1190428672,
      "SUnreclaim": 578330624,
      "KernelStack": 12976128,
      "PageTables": 20828160,
      "NFS_Unstable": 0,
      "Bounce": 0,
      "WritebackTmp": 0,
      "CommitLimit": 41851293696,
      "Committed_AS": 9957470208,
      "VmallocTotal": 35184372087808,
      "VmallocUsed": 113680384,
      "VmallocChunk": 0,
      "Percpu": 33292288,
      "HardwareCorrupted": 0,
      "AnonHugePages": 0,
      "ShmemHugePages": 0,
      "ShmemPmdMapped": 0,
      "FileHugePages": 0,
      "FilePmdMapped": 0,
      "Hugepagesize": 2097152,
      "Hugetlb": 0,
      "DirectMap4k": 4556079104,
      "DirectMap2M": 52521074688,
      "DirectMap1G": 11811160064
    },
    "cgroup": {
      "memory.max": "45156925440",
      "memory.current": "7602659328",
      "memory.events": "low 0\nhigh 0\nmax 0\noom 0\noom_kill 0",
      "cpu.max": "768000 100000"
    },
    "effective_available_bytes": 37554266112
  },
  "stdout_sha256": "0f24ed28c33b5f24d5451b549cd3bbe578671cfd4bd6d279058b5c0b36c0ac48",
  "stderr_sha256": "44d9965e25768e24d47d85defd8c4d89cf6e6cb285e296500b5b481d32fa6761",
  "gpu_used": false,
  "formal_attempts": 1,
  "iterative_fallback": false
}
Traceback (most recent call last):
  File "/workspace/formal_3D_flow_solver_FEM_lzy/scripts/run_stage03.py", line 34, in <module>
Traceback (most recent call last):
  File "/workspace/formal_3D_flow_solver_FEM_lzy/scripts/run_stage03.py", line 34, in <module>
Traceback (most recent call last):
  File "/workspace/formal_3D_flow_solver_FEM_lzy/scripts/run_stage03.py", line 34, in <module>
Traceback (most recent call last):
  File "/workspace/formal_3D_flow_solver_FEM_lzy/scripts/run_stage03.py", line 34, in <module>
    fields=solve_stokes(domain,tags,physics['dynamic_viscosity_pa_s'],physics['inlet_volume_flow_m3_s'],
     fields=solve_stokes(domain,tags,physics['dynamic_viscosity_pa_s'],physics['inlet_volume_flow_m3_s'],
          fields=solve_stokes(domain,tags,physics['dynamic_viscosity_pa_s'],physics['inlet_volume_flow_m3_s'],
               fields=solve_stokes(domain,tags,physics['dynamic_viscosity_pa_s'],physics['inlet_volume_flow_m3_s'],
           ^^^^          ^^^^^^^^^^^^     ^^^^^^^^^^^^^^^^^^^^^^^^^^^^^^^^^^^^^^^^^^^^^^^^^^^^^^^^^^^^^^^^^^^^^^^^^^^^^^^^^^^^^^^^^^^^^^^^^^^^^^^^^^^^^^^^^^^^^^^^^^^^^^^^^^^^^^^^^^^^^^^^^^^^^^^^^^^^^^^^^^^^^^^^^^^^^^^^^^^^^^^^^^^^^^^^^^^^^^^^^^^^^^^^^^^^^^^^^^^^^^^^^^^^^^^^^^^^^^^^^^^^^^^^^^^^^^^^^^^^^^^^^^^^^^^^^^^^^^^^^^^^^^^^^^^^^^^^^^^^^^^^^^^^^^^^^^^^^^^^^^^^^^^^^^^^^^^^^
  File "/workspace/formal_3D_flow_solver_FEM_lzy/src/fem3d/solver.py", line 14, in solve_stokes
^^^^^^^^^^^^
  File "/workspace/formal_3D_flow_solver_FEM_lzy/src/fem3d/solver.py", line 14, in solve_stokes
^^^^^^^
  File "/workspace/formal_3D_flow_solver_FEM_lzy/src/fem3d/solver.py", line 14, in solve_stokes

  File "/workspace/formal_3D_flow_solver_FEM_lzy/src/fem3d/solver.py", line 14, in solve_stokes
    return _solve(domain,facet_tags,mu_pa_s,Q_target_m3_s,length_scale_m,cache_dir)
    return _solve(domain,facet_tags,mu_pa_s,Q_target_m3_s,length_scale_m,cache_dir)
    return _solve(domain,facet_tags,mu_pa_s,Q_target_m3_s,length_scale_m,cache_dir)
    return _solve(domain,facet_tags,mu_pa_s,Q_target_m3_s,length_scale_m,cache_dir)
                ^^^           ^^^^^^^^^^           ^^^^^^^^^^^^^^^^      ^^^^^^^^^^^^^^^^^^^^^^^^^^^^^^^^^^^^^^^^^^^^^^^^^^^^^^^^^^^^^^^^^^^^^^^^^^^^^^^^^^^^^^^^^^^^^^^^^^^^^^^^^^^^^^^^^^^^^^^^^^^^^^^^^^^^^^^^^^^^^^^^^^^^^^^^^^^^^^^^^^^^^^^^^^^^^^^^^^^^^^^^^^^^^^^^^^^^^^^^^^^^^^^^^^^^^^^^^^^^^^^^^^^^^^^^^^^^^^
  File "/workspace/formal_3D_flow_solver_FEM_lzy/src/fem3d/solver.py", line 42, in _solve
^^^^^^^^^^^^^^
  File "/workspace/formal_3D_flow_solver_FEM_lzy/src/fem3d/solver.py", line 42, in _solve
^^^^^^
  File "/workspace/formal_3D_flow_solver_FEM_lzy/src/fem3d/solver.py", line 42, in _solve
^
  File "/workspace/formal_3D_flow_solver_FEM_lzy/src/fem3d/solver.py", line 42, in _solve
    problem.solve()
    problem.solve()
    problem.solve()
  File "/workspace/formal_3D_flow_solver_FEM_lzy/remote/.env/lib/python3.12/site-packages/dolfinx/fem/petsc.py", line 941, in solve
    problem.solve()
  File "/workspace/formal_3D_flow_solver_FEM_lzy/remote/.env/lib/python3.12/site-packages/dolfinx/fem/petsc.py", line 941, in solve
  File "/workspace/formal_3D_flow_solver_FEM_lzy/remote/.env/lib/python3.12/site-packages/dolfinx/fem/petsc.py", line 941, in solve
  File "/workspace/formal_3D_flow_solver_FEM_lzy/remote/.env/lib/python3.12/site-packages/dolfinx/fem/petsc.py", line 941, in solve
    self.solver.solve(self.b, self.x)
    self.solver.solve(self.b, self.x)
    self.solver.solve(self.b, self.x)
  File "petsc4py/PETSc/KSP.pyx", line 1796, in petsc4py.PETSc.KSP.solve
    self.solver.solve(self.b, self.x)
  File "petsc4py/PETSc/KSP.pyx", line 1796, in petsc4py.PETSc.KSP.solve
  File "petsc4py/PETSc/KSP.pyx", line 1796, in petsc4py.PETSc.KSP.solve
  File "petsc4py/PETSc/KSP.pyx", line 1796, in petsc4py.PETSc.KSP.solve
petsc4py.PETSc.Errorpetsc4py.PETSc.Error: error code 76
[2] KSPSolve() at /home/conda/feedstock_root/build_artifacts/bld/rattler-build_petsc_1788117046/work/src/ksp/ksp/interface/itfunc.c:1094
[2] KSPSolve_Private() at /home/conda/feedstock_root/build_artifacts/bld/rattler-build_petsc_1788117046/work/src/ksp/ksp/interface/itfunc.c:841
[2] KSPSetUp() at /home/conda/feedstock_root/build_artifacts/bld/rattler-build_petsc_1788117046/work/src/ksp/ksp/interface/itfunc.c:428
[2] PCSetUp() at /home/conda/feedstock_root/build_artifacts/bld/rattler-build_petsc_1788117046/work/src/ksp/pc/interface/precon.c:1120
[2] PCSetUp_LU() at /home/conda/feedstock_root/build_artifacts/bld/rattler-build_petsc_1788117046/work/src/ksp/pc/impls/factor/lu/lu.c:130
[2] MatLUFactorNumeric() at /home/conda/feedstock_root/build_artifacts/bld/rattler-build_petsc_1788117046/work/src/mat/interface/matrix.c:3414
[2] MatFactorNumeric_MUMPS() at /home/conda/feedstock_root/build_artifacts/bld/rattler-build_petsc_1788117046/work/src/mat/impls/aij/mpi/mumps/impl/imumps.c:2530
[2] Error in external library
[2] MUMPS error in numerical factorization: INFOG(1)=-10, INFO(2)=847705 (see users manual https://mumps-solver.org/index.php?page=doc "Error and warning diagnostics")
petsc4py.PETSc.Error: error code 76
[3] KSPSolve() at /home/conda/feedstock_root/build_artifacts/bld/rattler-build_petsc_1788117046/work/src/ksp/ksp/interface/itfunc.c:1094
[3] KSPSolve_Private() at /home/conda/feedstock_root/build_artifacts/bld/rattler-build_petsc_1788117046/work/src/ksp/ksp/interface/itfunc.c:841
[3] KSPSetUp() at /home/conda/feedstock_root/build_artifacts/bld/rattler-build_petsc_1788117046/work/src/ksp/ksp/interface/itfunc.c:428
[3] PCSetUp() at /home/conda/feedstock_root/build_artifacts/bld/rattler-build_petsc_1788117046/work/src/ksp/pc/interface/precon.c:1120
[3] PCSetUp_LU() at /home/conda/feedstock_root/build_artifacts/bld/rattler-build_petsc_1788117046/work/src/ksp/pc/impls/factor/lu/lu.c:130
[3] MatLUFactorNumeric() at /home/conda/feedstock_root/build_artifacts/bld/rattler-build_petsc_1788117046/work/src/mat/interface/matrix.c:3414
[3] MatFactorNumeric_MUMPS() at /home/conda/feedstock_root/build_artifacts/bld/rattler-build_petsc_1788117046/work/src/mat/impls/aij/mpi/mumps/impl/imumps.c:2530
[3] Error in external library
[3] MUMPS error in numerical factorization: INFOG(1)=-10, INFO(2)=847705 (see users manual https://mumps-solver.org/index.php?page=doc "Error and warning diagnostics")
petsc4py.PETSc.Error: error code 76
[0] KSPSolve() at /home/conda/feedstock_root/build_artifacts/bld/rattler-build_petsc_1788117046/work/src/ksp/ksp/interface/itfunc.c:1094
[0] KSPSolve_Private() at /home/conda/feedstock_root/build_artifacts/bld/rattler-build_petsc_1788117046/work/src/ksp/ksp/interface/itfunc.c:841
[0] KSPSetUp() at /home/conda/feedstock_root/build_artifacts/bld/rattler-build_petsc_1788117046/work/src/ksp/ksp/interface/itfunc.c:428
[0] PCSetUp() at /home/conda/feedstock_root/build_artifacts/bld/rattler-build_petsc_1788117046/work/src/ksp/pc/interface/precon.c:1120
[0] PCSetUp_LU() at /home/conda/feedstock_root/build_artifacts/bld/rattler-build_petsc_1788117046/work/src/ksp/pc/impls/factor/lu/lu.c:130
[0] MatLUFactorNumeric() at /home/conda/feedstock_root/build_artifacts/bld/rattler-build_petsc_1788117046/work/src/mat/interface/matrix.c:3414
[0] MatFactorNumeric_MUMPS() at /home/conda/feedstock_root/build_artifacts/bld/rattler-build_petsc_1788117046/work/src/mat/impls/aij/mpi/mumps/impl/imumps.c:2530
[0] Error in external library
[0] MUMPS error in numerical factorization: INFOG(1)=-10, INFO(2)=847705 (see users manual https://mumps-solver.org/index.php?page=doc "Error and warning diagnostics")
: error code 76
[1] KSPSolve() at /home/conda/feedstock_root/build_artifacts/bld/rattler-build_petsc_1788117046/work/src/ksp/ksp/interface/itfunc.c:1094
[1] KSPSolve_Private() at /home/conda/feedstock_root/build_artifacts/bld/rattler-build_petsc_1788117046/work/src/ksp/ksp/interface/itfunc.c:841
[1] KSPSetUp() at /home/conda/feedstock_root/build_artifacts/bld/rattler-build_petsc_1788117046/work/src/ksp/ksp/interface/itfunc.c:428
[1] PCSetUp() at /home/conda/feedstock_root/build_artifacts/bld/rattler-build_petsc_1788117046/work/src/ksp/pc/interface/precon.c:1120
[1] PCSetUp_LU() at /home/conda/feedstock_root/build_artifacts/bld/rattler-build_petsc_1788117046/work/src/ksp/pc/impls/factor/lu/lu.c:130
[1] MatLUFactorNumeric() at /home/conda/feedstock_root/build_artifacts/bld/rattler-build_petsc_1788117046/work/src/mat/interface/matrix.c:3414
[1] MatFactorNumeric_MUMPS() at /home/conda/feedstock_root/build_artifacts/bld/rattler-build_petsc_1788117046/work/src/mat/impls/aij/mpi/mumps/impl/imumps.c:2530
[1] Error in external library
[1] MUMPS error in numerical factorization: INFOG(1)=-10, INFO(2)=847705 (see users manual https://mumps-solver.org/index.php?page=doc "Error and warning diagnostics")
Rank 0: entering the unique validated direct solve
Rank 1: entering the unique validated direct solve
Rank 2: entering the unique validated direct solve
Rank 3: entering the unique validated direct solve

