 Starting up Musubi with nprocs:            4

 .___  ___.  __    __       _______. __    __  .______    __  
 |   \/   | |  |  |  |     /       ||  |  |  | |   _  \  |  | 
 |  \  /  | |  |  |  |    |   (----`|  |  |  | |  |_)  | |  | 
 |  |\/|  | |  |  |  |     \   \    |  |  |  | |   _  <  |  | 
 |  |  |  | |  `--'  | .----)   |   |  `--'  | |  |_)  | |  | 
 |__|  |__|  \______/  |_______/     \______/  |______/  |_v2.0.0-4-g4e8b27

 (C) 2012 German Research School for Simulation Sciences
 (C) 2013-2020 University Siegen
 (C) 2021 German Aerospace Center (DLR) -
          Institute of Software Methods for Product Virtualization
 
--------------------------------------------------------------------------------
 | INFORMATION ON THE EXECUTABLE
 | Revision of the code in this executable: 81f8c4f13772+
 |
 | Compiled with GFORTRAN in version 13.4.0
 | Using the command /home/lzy/.local/bin/mpif90
 | And the following flags:
 | -O3 -march=native -Wall -Wno-maybe-uninitialized -Werror -Wno-unused-dum
 | my-argument -fmax-stack-var-size=131072 -std=f2008 -pedantic-errors -O3
 | -march=native -Wall -Wno-maybe-uninitialized -Werror
 |
 | Build date: 2026-08-29
--------------------------------------------------------------------------------
--------------------------------------------------------------------------------
 | PRE-PROCESSING SETTINGS:
 | Using AOS (array of structures data layout)
 | Using PULL for streaming
--------------------------------------------------------------------------------

Run at: 2026-09-01 18:30 UTC+02:00

 Loading configuration file: musubi.lua
--------------------------------------------------------------------------------
--------------------------------------------------------------------------------
--------------------------------------------------------------------------------
Loading general parameters:
Using /dev/null as null device.
Will print run time info in the end
(/proc/self/status).
Size of the IO Buffer (MB): 8
Simulation Name: tau1_reference_scaled_base
 +-------------------------------------------+
  - Now:
  iterations:            0
  simTime   :    0.0000000000000000     
  wallClock :    2.4387639999999999E-003
 
  - Time Control:
 +-------------------------------------------+
Iterations between trigger checks: 1
  - Min:
  iterations:            0
  simTime   :    0.0000000000000000     
 
  - Max:
  iterations:       718506
 
  - Interval:
  iterations:         1198
 +-------------------------------------------+
 
  - Abort Criteria:
  stop_file: /home/lzy/u3da/tau1_reference_scaled_base_20260901/stop
  steady_state:  F
 
  - Status:
 +-------------------------------------------+
 Using global alltoall
 Loading communication pattern:
 isend_irecv
Write timings to: tracking/timing.res
--------------------------------------------------------------------------------
 Loading general solver params: 
 Choosing Control Routine: standard
 Setting SCALING to:diffusive
Solid elements will be removed from BC list
Block size (elements): 576
--------------------------------------------------------------------------------
--------------------------------------------------------------------------------
 Loading restart ...
 *****************************
 Restart read parameters: 
   filename : /home/lzy/u3da/tau1_reference_scaled_base_20260901/restart/tau1_reference_scaled_base_header_479004.lua
 Opening Restart Header /home/lzy/u3da/tau1_reference_scaled_base_20260901/restart/tau1_reference_scaled_base_header_479004.lua
 Solver: Musubi_v2.0.0-4-g4e8b27
--------------------------------------------------------------------------------
 Load mesh header from file: /mnt/e/ULM/hatimb-particle_flow_simulator/ulm_3D_vascular/outputs/cfd_flow/healthy_mouse_capillary_dimensionless_qvalue_base_preflight_anchor003274_20260830/seeder/mesh/header.lua
 The real bounding cube is...
   min:    8.0282771579034593E-005   5.5876359424537691E-005   1.1160639894086849E-004
   max:    1.7828277157903459E-004   1.5467635942453768E-004   1.6700639894086849E-004
 Load mesh from file: /mnt/e/ULM/hatimb-particle_flow_simulator/ulm_3D_vascular/outputs/cfd_flow/healthy_mouse_capillary_dimensionless_qvalue_base_preflight_anchor003274_20260830/seeder/mesh/elemlist.lsb
 using one process to read and broadcast
 Done, reading the mesh!
 NO BALANCING!
 Done loading weights.
 Got a mesh with following properties:
                 Mesh name: fluidTree
  Total number of elements: 182320
  Local number of elements: 45580
      Number of properties: 2
      Number of partitions: 4
             Minimum level: 9
             Maximum level: 9
       Bounding Box Origin:     0.0001    0.0001    0.0001
       Bounding Box Length:     0.0001
     Coarsest element size:     0.0000
       Finest element size:     0.0000
  Number of boundary elements: 17907
      Number of qVal elements: 17820
--------------------------------------------------------------------------------
 Restarting from point in time:
  iterations:       479004
  simTime   :    9.7656269111859317E-004
  wallClock :    4691.3429904340001     
 Loading varsys table 
 Syshandle            1
 *****************************
 
 *****************************
 Restart write parameters: 
   prefix   : /home/lzy/u3da/tau1_reference_scaled_base_20260901/restart/
 +-------------------------------------------+
Iterations between trigger checks: 1
  - Min:
  iterations:       598755
 
  - Max:
  iterations:       718506
 
  - Interval:
  iterations:       119751
 +-------------------------------------------+
 *****************************
 
--------------------------------------------------------------------------------
 Load boundary ID from file: /mnt/e/ULM/hatimb-particle_flow_simulator/ulm_3D_vascular/outputs/cfd_flow/healthy_mouse_capillary_dimensionless_qvalue_base_preflight_anchor003274_20260830/seeder/mesh/bnd.lsb
 read with MPI
Loading qVal data from directory: /mnt/e/ULM/hatimb-particle_flow_simulator/ulm_3D_vascular/outputs/cfd_flow/healthy_mouse_capillary_dimensionless_qvalue_base_preflight_anchor003274_20260830/seeder/mesh/
 Load hasQVal from file: /mnt/e/ULM/hatimb-particle_flow_simulator/ulm_3D_vascular/outputs/cfd_flow/healthy_mouse_capillary_dimensionless_qvalue_base_preflight_anchor003274_20260830/seeder/mesh/qval.lsb
 Done, reading the qVal!
 No IBM found!
--------------------------------------------------------------------------------
Lattice dx and dt on each level
level=9, dxL=   1.00000, dtL=   1.00000
--------------------------------------------------------------------------------
--------------------------------------------------------------------------------
  Loading physics table ...
  Physics table is defined.
  All values are expressed in physical units.
 Speed of sound (cs) is not defined.
 Attempting to load time step dt on coarsest level:
   cs =   56.638E+00
   dt =    2.039E-09
 WARNING: No value given for coulomb0
 WARNING: Reference coulomb0 is not found. 
 Setting reference coulomb0 to fundamental electrical charge.
Reference physical quantities:
  rho0       =    1.056E+03
  mass0      =    8.448E-18
  mole0      =    1.661E-24
  moleDens0  =  207.567E-06
  molWeight0 =    5.088E+06
  Temp0      =    1.000E+00
  coulomb0   =  160.218E-21
Conversion factors on level: 9
  dx            =  200.000E-09
  dt            =    2.039E-09
  pressure      =   10.163E+06
  velocity      =   98.100E+00
  kine. visc.   =   19.620E-06
  dyn. visc.    =   20.719E-03
  acceleration  =   48.118E+09
  force         =  406.501E-09
  body force    =   50.813E+12
  strain rate   =  490.500E+06
  energy        =   81.300E-15
  moleFlux      =   20.362E-03
  chargeDens    =   20.027E+00
  currentDens   =    1.965E+03
  massflux      =  103.594E+03
  diffusivity   =   19.620E-06
  faraday       =   96.485E+03
  gasConst      =   48.960E+09
  potential     =  507.436E+03

Over level scale factor: 
    pressure:    1.000E+00
    velocity:    1.000E+00
 strain rate:    1.000E+00
--------------------------------------------------------------------------------
--------------------------------------------------------------------------------
Loading Scheme identify table: 
kind: fluid
Layout: d3q19
relaxation: bgk
  variant: standard
--------------------------------------------------------------------------------
 Creating stencil kind: d3q19
--------------------------------------------------------------------------------
 Loading the field base info ...
 No field table defined.
 Assuming single field and label = "".
--------------------------------------------------------------------------------
 Initializing global variable system for scheme kind: fluid
 Appending state variables 
--------------------------------------------------------------------------------
Interpolation:
  method: quadratic
   order:  2
  weights_method: linear_distance
  inverse distance powefac:  6
--------------------------------------------------------------------------------
 No possible transport variable defined for scheme kind: fluid
--------------------------------------------------------------------------------
 Loading the fields ...
 Number of fields to load:            1
 No field table and scheme table are defined.Loading field data from config
 Loading field: 
 Loading the fluid properties.
 Loading fluid informations
 loading space time function from key: kinematic_viscosity
 Spacetime function is a const value:    3.2700000000000000E-006
 St-fun is not a table, thus setting global shape.
 No nonNewtonian table defined
 No turbulence table defined
--------------------------------------------------------------------------------
--------------------------------------------------------------------------------
  Loading initial conditions
Loading spatial for pressure
 Load spatial as single constant
   Spatial for pressure is a defined as const
value =    3.388E+06
Loading spatial for velocityX
 Load spatial as single constant
   Spatial for velocityX is a defined as const
value =    0.000E+00
Loading spatial for velocityY
 Load spatial as single constant
   Spatial for velocityY is a defined as const
value =    0.000E+00
Loading spatial for velocityZ
 Load spatial as single constant
   Spatial for velocityZ is a defined as const
value =    0.000E+00
Loading spatial for Sxx
 Load spatial as single constant
 ERROR: Fatal error occured in loading scalar constants
 WARNING: variable is non-existent!
 Setting kind to be "none" and value =    0.000E+00 for all 1 components
   Spatial for Sxx is a defined as none
Loading spatial for Syy
 Load spatial as single constant
 ERROR: Fatal error occured in loading scalar constants
 WARNING: variable is non-existent!
 Setting kind to be "none" and value =    0.000E+00 for all 1 components
   Spatial for Syy is a defined as none
Loading spatial for Szz
 Load spatial as single constant
 ERROR: Fatal error occured in loading scalar constants
 WARNING: variable is non-existent!
 Setting kind to be "none" and value =    0.000E+00 for all 1 components
   Spatial for Szz is a defined as none
Loading spatial for Sxy
 Load spatial as single constant
 ERROR: Fatal error occured in loading scalar constants
 WARNING: variable is non-existent!
 Setting kind to be "none" and value =    0.000E+00 for all 1 components
   Spatial for Sxy is a defined as none
Loading spatial for Syz
 Load spatial as single constant
 ERROR: Fatal error occured in loading scalar constants
 WARNING: variable is non-existent!
 Setting kind to be "none" and value =    0.000E+00 for all 1 components
   Spatial for Syz is a defined as none
Loading spatial for Sxz
 Load spatial as single constant
 ERROR: Fatal error occured in loading scalar constants
 WARNING: variable is non-existent!
 Setting kind to be "none" and value =    0.000E+00 for all 1 components
   Spatial for Sxz is a defined as none
--------------------------------------------------------------------------------
  Loading BC header
   Found BC wall of kind wall_libb
   Found BC inlet of kind adaptive_flux_pressure
   Found BC outlet_01 of kind pressure_eq
   Found BC outlet_02 of kind pressure_eq
   Found BC outlet_03 of kind pressure_eq
 matching boundary defination in lua to mesh
 Number of Boundaries: 5
--------------------------------------------------------------------------------
 Loading boundary definition for nBCs: 5
   Boundary: 1
    Curved:  F
     Wall LIBB treatment: wall
    Default qVal:   0.50000000000000000     
   required neighbors: 0
   Boundary: 2
    Curved:  F
    Adaptive global flux/pressure treatment for inlet
  Loading bc state for mass_flowrate
 Expected variable mass_flowrate is defined
 Did not find a variable name for mass_flowrate
 Trying to load it as an anonymous space time function
 loading space time function from key: mass_flowrate
 Spacetime function is a const value:    2.8901803804796421E-012
 St-fun is not a table, thus setting global shape.
 Found a spacetime function for mass_flowrate
    Default qVal:   0.50000000000000000     
   required neighbors: 2
   Boundary: 3
    Curved:  F
     Outlet pressure equilibrium type for outlet_01
  Loading bc state for pressure
 Expected variable pressure is defined
 Did not find a variable name for pressure
 Trying to load it as an anonymous space time function
 loading space time function from key: pressure
 St-fun is not a table, thus setting global shape.
 Found a spacetime function for pressure
    Default qVal:   0.50000000000000000     
   required neighbors: 2
   Boundary: 4
    Curved:  F
     Outlet pressure equilibrium type for outlet_02
  Loading bc state for pressure
 Expected variable pressure is defined
 Did not find a variable name for pressure
 Trying to load it as an anonymous space time function
 loading space time function from key: pressure
 St-fun is not a table, thus setting global shape.
 Found a spacetime function for pressure
    Default qVal:   0.50000000000000000     
   required neighbors: 2
   Boundary: 5
    Curved:  F
     Outlet pressure equilibrium type for outlet_03
  Loading bc state for pressure
 Expected variable pressure is defined
 Did not find a variable name for pressure
 Trying to load it as an anonymous space time function
 loading space time function from key: pressure
 St-fun is not a table, thus setting global shape.
 Found a spacetime function for pressure
    Default qVal:   0.50000000000000000     
   required neighbors: 2
--------------------------------------------------------------------------------
 Loading the mappings from table: source
 Table source could not be opened for reading variable mappings!
--------------------------------------------------------------------------------
 Loading the mappings from table: glob_source
 Table glob_source could not be opened for reading variable mappings!
 Loading transport variables
--------------------------------------------------------------------------------
 Variable table not defined with key: variable
--------------------------------------------------------------------------------
 No Tracking entities found!
--------------------------------------------------------------------------------
--------------------------------------------------------------------------------
 NO particle modelling
--------------------------------------------------------------------------------
--------------------------------------------------------------------------------
 Initializing musubi ...
 Initializing the scheme ...
 Map stencil to treelm definition and vice versa ...
Initializing the moment matrix by stencil: d3q19
 Building variable system for scheme kind: fluid
 Appending auxiliary variables 
 Current append variable wave loop:            1
 Append derive variables to varSys
 Variable pressure_deviation cant be added due to missing input variable pressure_reference
 Error: variable pressure_deviation is not added to variable system
 Appending boundary variables 
 Append derive physical variables to varSys
 Append meshInfo variables to varSys
 Current append variable wave loop:            2
 Append derive variables to varSys
 Appending boundary variables 
 Append derive physical variables to varSys
 Append meshInfo variables to varSys
 Current append variable wave loop:            3
 Append derive variables to varSys
 Appending boundary variables 
 Append derive physical variables to varSys
 Append meshInfo variables to varSys
 Done appending variables to varSys
 Storing state variable position 
 Storing derive variable position 
--------------------------------------------------------------------------------
 Starting to initialize the geometry
--------------------------------------------------------------------------------
 Creating boundary lists ...
BC: wall, iBnd: 1, normal:   0 -1  1, Ind: 8
BC: outlet_02, iBnd: 2, normal:   1  0  1, Ind: 14
BC: outlet_03, iBnd: 3, normal:  -1  0  0, Ind: 1
BC: inlet, iBnd: 4, normal:   0  0 -1, Ind: 3
BC: outlet_01, iBnd: 5, normal:   0 -1 -1, Ind: 7
 Set BC stencil: outlet_02
 Set BC stencil: outlet_03
 Set BC stencil: inlet
 Set BC stencil: outlet_01
 Finalizing stencils...
 Total Number of stencils: 5
 iStencil:  1, label: d3q19
 nElems: 182320
 iStencil:  2, label: outlet_02_TE2TE3_QQN2
 nElems: 158
 iStencil:  3, label: outlet_03_WW2_QQN2
 nElems: 175
 iStencil:  4, label: inlet_BB2_QQN2
 nElems: 223
 iStencil:  5, label: outlet_01_BS2BS3_QQN2
 nElems: 167
 Allocating level Descriptor ...
 Searching the neighbors for each element ...
 Finished searching the neighbors ID for each fluid.
 Creating level descriptor ...
 Building up the element and total list.
 Building level-wise fluid list ...
--------------------------------------------------------------------------------
 Communicating elements ...
Halo count exchange iteration: 1
 Starting all-to-all exchange of halo counts
Finished all-to-all exchanging number of elements
All to all cost: 0.924453E-02
  Finished counting valid procs and nElemsProcs.
   Done communicating nElems to Transfer
  Requesting remote halos on level 9
   Received requested halo elements successfully.
 Finished requesting remote halos
   Done requesting remote halos.
   Identifying lists
 Done exchanging number of elements to communicate.
Return halo counts and Redefine halos ...
  Returning halo counts on level 9
   Redefining halos ... 
   Done communicating stencil buffer
   Done communicating stencil buffer
   Done communicating stencil buffer
 Done with communication of elements. 
--------------------------------------------------------------------------------

--------------------------------------------------------------------------------
 Communicating elements ...
Halo count exchange iteration: 1
 Starting all-to-all exchange of halo counts
Finished all-to-all exchanging number of elements
All to all cost: 0.725203E-03
  Finished counting valid procs and nElemsProcs.
   Done communicating nElems to Transfer
  Requesting remote halos on level 9
   Received requested halo elements successfully.
 Finished requesting remote halos
   Done requesting remote halos.
   Identifying lists
 Done exchanging number of elements to communicate.
Return halo counts and Redefine halos ...
  Returning halo counts on level 9
   Redefining halos ... 
   Done communicating stencil buffer
   Done communicating stencil buffer
   Done communicating stencil buffer
 Done with communication of elements. 
--------------------------------------------------------------------------------

 Assembling total list ...
     Level: 9
    nElems: 45980
       fluid: 45580
gFromCoarser: 0
  gFromFiner: 0
        halo: 400
 Updating dependencies ...
 Updating the stencil entries
  Updating entries in the element stencils...
 Finished building up element and total list. 
Build neighbor array for stencil: 1
 level:  9, nElems to treat: 45980
Build neighbor array for stencil: 2
 level:  9, nElems to treat: 158
--------------------------------------------------------------------------------

Try to remove solid from BC: outlet_02
 Removed 28 elements on level 9
Try to remove solid from BC: outlet_03
Try to remove solid from BC: inlet
Try to remove solid from BC: outlet_01
 Build vertical dep ...
 Total number of elements on Level: 9
   Fluid:   182320
 Global Elements information:
   nElems overall: 185060
   nElems ghost from finer: 0
   nElems ghost from coarser: 0
 
Start filling field BC neighbor list 
 Allocating PDF state, neighbor and bcBuffer array
 nSize of state array: 45980
 Building state array connectivity ...
 Done with state array connectivity.
Set halo elements comm links
Amount of message per proc: 7914
Communication amount compressed to [%]: 60.81

--------------------------------------------------------------------------------
Done initializing geometry. Took [s]      0.34
--------------------------------------------------------------------------------

 Simulation time homogenize:
  iterations:       479004
  simTime   :    9.7656269113149843E-004
  wallClock :    9.4372874000000051E-002
 Time control homogenize:
 +-------------------------------------------+
Iterations between trigger checks: 1
  - Min:
  iterations:       479004
 
  - Max:
  iterations:       718506
 
  - Interval:
  iterations:         1198
 +-------------------------------------------+
Initialize fluid
  Set relaxation parameter from kinematic viscosity
Fluid properties:
  Reference density rho0:  1.0000000
  Kinematic viscosity STfun kind: const
Kinematic viscosity, (min, max) on level: 9
  Physical: ( 0.0000033, 0.0000033)
  Lattice: ( 0.1666667, 0.1666667)
  Kinematic omega (min,max):( 1.0000000, 1.0000000)
 viscBulk lattice and omega: 
  viscBulk:   0.1111111
  omegaBulk:  1.0000000
Magic lambda for TRT:  0.2500000
HRR sigma:  0.9800000
DRT tauN:  0.7000000
No nonNewtonian table defined.
--------------------------------------------------------------------------------
 Allocate gradient data ...
 Filling gradient data ...
--------------------------------------------------------------------------------
 Create subtree for all space time functions stored 
 in linked list of spacetime function
 Done creating subtree for   0 spacetime functions
--------------------------------------------------------------------------------
--------------------------------------------------------------------------------
 Initializing Source terms ...
 No active source terms
--------------------------------------------------------------------------------
 Initializing transport variables ...
 No active transport variables
  Pulling pdfs from neighbor elements before collision
 Initializing restart...
 Time control homogenize:
 +-------------------------------------------+
Iterations between trigger checks: 1
  - Min:
  iterations:       598755
 
  - Max:
  iterations:       718506
 
  - Interval:
  iterations:       119751
 +-------------------------------------------+
 Auxiliary field halo communication DEACTIVATED.
Initialize BndForce
 Initializing IBM surface data
--------------------------------------------------------------------------------

 Reading restart...
  Open read... 
  Closed Read.
 Done reading restart.
 Initialize compute kernel for scheme kind: fluid
 Choosing fluid relaxation model: bgk for layout d3q19
 mus_load_particles: no particle table found
Initialize 5 boundary conditions
 Initializing BC: wall
 Initializing BC: outlet_02
 Initializing BC: outlet_03
 Initializing BC: inlet
 Initializing BC: outlet_01
--------------------------------------------------------------------------------
 Starting Musubi MAIN loop with time control:
 +-------------------------------------------+
Iterations between trigger checks: 1
  - Min:
  iterations:       479004
 
  - Max:
  iterations:       718506
 
  - Interval:
  iterations:         1198
 +-------------------------------------------+
Select fast single level control routine.
Particulate flow simulations disabled!
--------------------------------------------------------------------------------
  iterations:       479004
  simTime   :    9.7656269113149843E-004
  wallClock :    9.4372874000000051E-002
      field |       total density
          1 |  182.3289883175E+03

  iterations:       480202
  simTime   :    9.7900509683989463E-004
  wallClock :    26.904126057999999     
      field |       total density
          1 |  182.3289883175E+03

  iterations:       481400
  simTime   :    9.8144750254829083E-004
  wallClock :    52.636322980999999     
      field |       total density
          1 |  182.3289883175E+03

  iterations:       482598
  simTime   :    9.8388990825668704E-004
  wallClock :    78.443379362000002     
      field |       total density
          1 |  182.3289883175E+03

  iterations:       483796
  simTime   :    9.8633231396508324E-004
  wallClock :    102.81495969800000     
      field |       total density
          1 |  182.3289883175E+03

  iterations:       484994
  simTime   :    9.8877471967347944E-004
  wallClock :    126.92024217800000     
      field |       total density
          1 |  182.3289883175E+03

  iterations:       486192
  simTime   :    9.9121712538187564E-004
  wallClock :    155.83274741500000     
      field |       total density
          1 |  182.3289883175E+03

  iterations:       487390
  simTime   :    9.9365953109027184E-004
  wallClock :    186.44805656700001     
      field |       total density
          1 |  182.3289883175E+03

  iterations:       488588
  simTime   :    9.9610193679866804E-004
  wallClock :    213.18130016800001     
      field |       total density
          1 |  182.3289883175E+03

  iterations:       489786
  simTime   :    9.9854434250706424E-004
  wallClock :    243.22230865000000     
      field |       total density
          1 |  182.3289883175E+03

  iterations:       490984
  simTime   :    1.0009867482154604E-003
  wallClock :    269.68172520799999     
      field |       total density
          1 |  182.3289883175E+03

  iterations:       492182
  simTime   :    1.0034291539238566E-003
  wallClock :    299.44362533600003     
      field |       total density
          1 |  182.3289883175E+03

  iterations:       493380
  simTime   :    1.0058715596322528E-003
  wallClock :    326.34731783699999     
      field |       total density
          1 |  182.3289883175E+03

  iterations:       494578
  simTime   :    1.0083139653406490E-003
  wallClock :    352.47443970900002     
      field |       total density
          1 |  182.3289883175E+03

  iterations:       495776
  simTime   :    1.0107563710490452E-003
  wallClock :    377.18957218600002     
      field |       total density
          1 |  182.3289883175E+03

  iterations:       496974
  simTime   :    1.0131987767574414E-003
  wallClock :    401.89715936099998     
      field |       total density
          1 |  182.3289883175E+03

  iterations:       498172
  simTime   :    1.0156411824658376E-003
  wallClock :    426.68850478899998     
      field |       total density
          1 |  182.3289883175E+03

  iterations:       499370
  simTime   :    1.0180835881742338E-003
  wallClock :    449.62479627200003     
      field |       total density
          1 |  182.3289883175E+03

  iterations:       500568
  simTime   :    1.0205259938826300E-003
  wallClock :    472.44867206700002     
      field |       total density
          1 |  182.3289883175E+03

  iterations:       501766
  simTime   :    1.0229683995910263E-003
  wallClock :    494.86409728299998     
      field |       total density
          1 |  182.3289883175E+03

  iterations:       502964
  simTime   :    1.0254108052994225E-003
  wallClock :    517.36426050499995     
      field |       total density
          1 |  182.3289883175E+03

  iterations:       504162
  simTime   :    1.0278532110078187E-003
  wallClock :    544.39648178000004     
      field |       total density
          1 |  182.3289883175E+03

  iterations:       505360
  simTime   :    1.0302956167162149E-003
  wallClock :    569.89171392200001     
      field |       total density
          1 |  182.3289883175E+03

  iterations:       506558
  simTime   :    1.0327380224246111E-003
  wallClock :    595.69100131000005     
      field |       total density
          1 |  182.3289883175E+03

  iterations:       507756
  simTime   :    1.0351804281330073E-003
  wallClock :    622.80779454100002     
      field |       total density
          1 |  182.3289883175E+03

  iterations:       508954
  simTime   :    1.0376228338414035E-003
  wallClock :    647.11398691199997     
      field |       total density
          1 |  182.3289883175E+03

  iterations:       510152
  simTime   :    1.0400652395497997E-003
  wallClock :    671.99352672400005     
      field |       total density
          1 |  182.3289883175E+03

  iterations:       511350
  simTime   :    1.0425076452581959E-003
  wallClock :    697.50463952600001     
      field |       total density
          1 |  182.3289883175E+03

  iterations:       512548
  simTime   :    1.0449500509665921E-003
  wallClock :    723.48055880899994     
      field |       total density
          1 |  182.3289883175E+03

  iterations:       513746
  simTime   :    1.0473924566749883E-003
  wallClock :    747.88123589300005     
      field |       total density
          1 |  182.3289883175E+03

  iterations:       514944
  simTime   :    1.0498348623833845E-003
  wallClock :    771.78016860200000     
      field |       total density
          1 |  182.3289883175E+03

  iterations:       516142
  simTime   :    1.0522772680917807E-003
  wallClock :    796.04373126300004     
      field |       total density
          1 |  182.3289883175E+03

  iterations:       517340
  simTime   :    1.0547196738001769E-003
  wallClock :    820.04120877000003     
      field |       total density
          1 |  182.3289883175E+03

  iterations:       518538
  simTime   :    1.0571620795085731E-003
  wallClock :    844.83205076000002     
      field |       total density
          1 |  182.3289883175E+03

  iterations:       519736
  simTime   :    1.0596044852169693E-003
  wallClock :    871.10314427699996     
      field |       total density
          1 |  182.3289883175E+03

  iterations:       520934
  simTime   :    1.0620468909253655E-003
  wallClock :    895.39530398199997     
      field |       total density
          1 |  182.3289883175E+03

  iterations:       522132
  simTime   :    1.0644892966337617E-003
  wallClock :    921.12490246200002     
      field |       total density
          1 |  182.3289883175E+03

  iterations:       523330
  simTime   :    1.0669317023421579E-003
  wallClock :    945.52028298799996     
      field |       total density
          1 |  182.3289883175E+03

  iterations:       524528
  simTime   :    1.0693741080505541E-003
  wallClock :    973.58319373699999     
      field |       total density
          1 |  182.3289883175E+03

  iterations:       525726
  simTime   :    1.0718165137589503E-003
  wallClock :    997.63391391699997     
      field |       total density
          1 |  182.3289883175E+03

  iterations:       526924
  simTime   :    1.0742589194673465E-003
  wallClock :    1023.1041993670000     
      field |       total density
          1 |  182.3289883175E+03

  iterations:       528122
  simTime   :    1.0767013251757427E-003
  wallClock :    1049.1806060829999     
      field |       total density
          1 |  182.3289883175E+03

  iterations:       529320
  simTime   :    1.0791437308841389E-003
  wallClock :    1072.1986408509999     
      field |       total density
          1 |  182.3289883175E+03

  iterations:       530518
  simTime   :    1.0815861365925351E-003
  wallClock :    1096.5023171769999     
      field |       total density
          1 |  182.3289883175E+03

  iterations:       531716
  simTime   :    1.0840285423009313E-003
  wallClock :    1120.4614006150000     
      field |       total density
          1 |  182.3289883175E+03

  iterations:       532914
  simTime   :    1.0864709480093275E-003
  wallClock :    1147.4605423190001     
      field |       total density
          1 |  182.3289883175E+03

  iterations:       534112
  simTime   :    1.0889133537177237E-003
  wallClock :    1171.2748668560000     
      field |       total density
          1 |  182.3289883175E+03

  iterations:       535310
  simTime   :    1.0913557594261199E-003
  wallClock :    1195.5562705570001     
      field |       total density
          1 |  182.3289883175E+03

  iterations:       536508
  simTime   :    1.0937981651345161E-003
  wallClock :    1220.5389945110001     
      field |       total density
          1 |  182.3289883175E+03

  iterations:       537706
  simTime   :    1.0962405708429123E-003
  wallClock :    1248.7252364440001     
      field |       total density
          1 |  182.3289883175E+03

  iterations:       538904
  simTime   :    1.0986829765513085E-003
  wallClock :    1273.2580213440001     
      field |       total density
          1 |  182.3289883175E+03

  iterations:       540102
  simTime   :    1.1011253822597047E-003
  wallClock :    1300.6579965660001     
      field |       total density
          1 |  182.3289883175E+03

  iterations:       541300
  simTime   :    1.1035677879681009E-003
  wallClock :    1328.7936144830001     
      field |       total density
          1 |  182.3289883175E+03

  iterations:       542498
  simTime   :    1.1060101936764971E-003
  wallClock :    1351.8168168350001     
      field |       total density
          1 |  182.3289883175E+03

  iterations:       543696
  simTime   :    1.1084525993848933E-003
  wallClock :    1374.3745034940000     
      field |       total density
          1 |  182.3289883175E+03

  iterations:       544894
  simTime   :    1.1108950050932895E-003
  wallClock :    1395.2777319560000     
      field |       total density
          1 |  182.3289883175E+03

  iterations:       546092
  simTime   :    1.1133374108016857E-003
  wallClock :    1416.7320246429999     
      field |       total density
          1 |  182.3289883175E+03

  iterations:       547290
  simTime   :    1.1157798165100819E-003
  wallClock :    1444.1726317410000     
      field |       total density
          1 |  182.3289883175E+03

  iterations:       548488
  simTime   :    1.1182222222184781E-003
  wallClock :    1468.1694999910001     
      field |       total density
          1 |  182.3289883175E+03

  iterations:       549686
  simTime   :    1.1206646279268743E-003
  wallClock :    1492.8373964489999     
      field |       total density
          1 |  182.3289883175E+03

  iterations:       550884
  simTime   :    1.1231070336352705E-003
  wallClock :    1518.8587152400000     
      field |       total density
          1 |  182.3289883175E+03

  iterations:       552082
  simTime   :    1.1255494393436667E-003
  wallClock :    1543.7840374469999     
      field |       total density
          1 |  182.3289883175E+03

  iterations:       553280
  simTime   :    1.1279918450520629E-003
  wallClock :    1564.4878770959999     
      field |       total density
          1 |  182.3289883175E+03

  iterations:       554478
  simTime   :    1.1304342507604591E-003
  wallClock :    1584.5173133349999     
      field |       total density
          1 |  182.3289883175E+03

  iterations:       555676
  simTime   :    1.1328766564688553E-003
  wallClock :    1604.5250078470001     
      field |       total density
          1 |  182.3289883175E+03

  iterations:       556874
  simTime   :    1.1353190621772515E-003
  wallClock :    1624.3913038230000     
      field |       total density
          1 |  182.3289883175E+03

  iterations:       558072
  simTime   :    1.1377614678856477E-003
  wallClock :    1644.3381345580001     
      field |       total density
          1 |  182.3289883175E+03

  iterations:       559270
  simTime   :    1.1402038735940439E-003
  wallClock :    1665.8806627600000     
      field |       total density
          1 |  182.3289883175E+03

  iterations:       560468
  simTime   :    1.1426462793024401E-003
  wallClock :    1688.3174295809999     
      field |       total density
          1 |  182.3289883175E+03

  iterations:       561666
  simTime   :    1.1450886850108363E-003
  wallClock :    1708.4357765350001     
      field |       total density
          1 |  182.3289883175E+03

  iterations:       562864
  simTime   :    1.1475310907192325E-003
  wallClock :    1729.7812099820001     
      field |       total density
          1 |  182.3289883175E+03

  iterations:       564062
  simTime   :    1.1499734964276287E-003
  wallClock :    1753.9705670870001     
      field |       total density
          1 |  182.3289883175E+03

  iterations:       565260
  simTime   :    1.1524159021360249E-003
  wallClock :    1780.4187177360000     
      field |       total density
          1 |  182.3289883175E+03

  iterations:       566458
  simTime   :    1.1548583078444211E-003
  wallClock :    1806.2178750109999     
      field |       total density
          1 |  182.3289883175E+03

  iterations:       567656
  simTime   :    1.1573007135528173E-003
  wallClock :    1829.9136567999999     
      field |       total density
          1 |  182.3289883175E+03

  iterations:       568854
  simTime   :    1.1597431192612135E-003
  wallClock :    1853.4545354920001     
      field |       total density
          1 |  182.3289883175E+03

  iterations:       570052
  simTime   :    1.1621855249696097E-003
  wallClock :    1876.5380611390001     
      field |       total density
          1 |  182.3289883175E+03

  iterations:       571250
  simTime   :    1.1646279306780059E-003
  wallClock :    1902.4646342260000     
      field |       total density
          1 |  182.3289883175E+03

  iterations:       572448
  simTime   :    1.1670703363864021E-003
  wallClock :    1927.6002637370000     
      field |       total density
          1 |  182.3289883175E+03

  iterations:       573646
  simTime   :    1.1695127420947983E-003
  wallClock :    1952.0693149839999     
      field |       total density
          1 |  182.3289883175E+03

  iterations:       574844
  simTime   :    1.1719551478031945E-003
  wallClock :    1975.6573121429999     
      field |       total density
          1 |  182.3289883175E+03

  iterations:       576042
  simTime   :    1.1743975535115907E-003
  wallClock :    1998.6576881379999     
      field |       total density
          1 |  182.3289883175E+03

  iterations:       577240
  simTime   :    1.1768399592199869E-003
  wallClock :    2024.7498941179999     
      field |       total density
          1 |  182.3289883175E+03

  iterations:       578438
  simTime   :    1.1792823649283831E-003
  wallClock :    2050.3473763970001     
      field |       total density
          1 |  182.3289883175E+03

  iterations:       579636
  simTime   :    1.1817247706367793E-003
  wallClock :    2081.7504254360001     
      field |       total density
          1 |  182.3289883175E+03

  iterations:       580834
  simTime   :    1.1841671763451755E-003
  wallClock :    2106.9504645840002     
      field |       total density
          1 |  182.3289883175E+03

  iterations:       582032
  simTime   :    1.1866095820535717E-003
  wallClock :    2136.4796141719999     
      field |       total density
          1 |  182.3289883175E+03

  iterations:       583230
  simTime   :    1.1890519877619679E-003
  wallClock :    2161.7816047249999     
      field |       total density
          1 |  182.3289883175E+03

  iterations:       584428
  simTime   :    1.1914943934703641E-003
  wallClock :    2186.7240343960002     
      field |       total density
          1 |  182.3289883175E+03

  iterations:       585626
  simTime   :    1.1939367991787603E-003
  wallClock :    2213.2793318140002     
      field |       total density
          1 |  182.3289883175E+03

  iterations:       586824
  simTime   :    1.1963792048871565E-003
  wallClock :    2243.0776614520000     
      field |       total density
          1 |  182.3289883175E+03

  iterations:       588022
  simTime   :    1.1988216105955527E-003
  wallClock :    2269.2024761150001     
      field |       total density
          1 |  182.3289883175E+03

  iterations:       589220
  simTime   :    1.2012640163039489E-003
  wallClock :    2295.5264251540002     
      field |       total density
          1 |  182.3289883175E+03

  iterations:       590418
  simTime   :    1.2037064220123451E-003
  wallClock :    2321.9678174619999     
      field |       total density
          1 |  182.3289883175E+03

  iterations:       591616
  simTime   :    1.2061488277207413E-003
  wallClock :    2352.4417452060002     
      field |       total density
          1 |  182.3289883175E+03

  iterations:       592814
  simTime   :    1.2085912334291375E-003
  wallClock :    2378.1167283179998     
      field |       total density
          1 |  182.3289883175E+03

  iterations:       594012
  simTime   :    1.2110336391375337E-003
  wallClock :    2406.6789159040000     
      field |       total density
          1 |  182.3289883175E+03

  iterations:       595210
  simTime   :    1.2134760448459299E-003
  wallClock :    2436.4681066100002     
      field |       total density
          1 |  182.3289883175E+03

  iterations:       596408
  simTime   :    1.2159184505543261E-003
  wallClock :    2463.1904828040001     
      field |       total density
          1 |  182.3289883175E+03

  iterations:       597606
  simTime   :    1.2183608562627223E-003
  wallClock :    2489.4555707909999     
      field |       total density
          1 |  182.3289883175E+03

ADAPTIVE_FLUX_PRESSURE iter=598755 target_lattice= 6.9748043809647912E-004 controlled_lattice= 6.9748043810125807E-004 relative_error= 6.8517281272059962E-012 rho_boundary= 1.0001568797830536E+000 pressure_pa= 3.3880421519468445E+006 max_lattice_velocity= 8.2662474981613241E-006 minimum_pdf= 2.7781445775477861E-002 globBC_count=223
  Writing restart at:
  iterations:       598755
  simTime   :    1.2207033639079204E-003
  wallClock :    2517.4510711299999     
 Done writing
  iterations:       598804
  simTime   :    1.2208032619711185E-003
  wallClock :    2518.9263647600001     
      field |       total density
          1 |  182.3289883175E+03


SUCCESSFUL run!
 Status of the simulation now:
 +--------------------------------------------+
 STATUS:
  * Found a stop file
 +--------------------------------------------+

  iterations:       599004
  simTime   :    1.2212110091678458E-003
  wallClock :    2523.7592629979999     
      field |       total density
          1 |  182.3289883175E+03

 Writing restart at final time:
  iterations:       599004
  simTime   :    1.2212110091678458E-003
  wallClock :    2523.7592629979999     
 Done writing
--------------------------------------------------------------------------------
 Load balance evaluation:
  max CPU cost:   2460.70 (s)
  ave CPU cost:   2435.77 (s)
 imbalance (i.e. max/ave):    101.02%
--------------------------------------------------------------------------------
--------------------------------------------------------------------------------
Boundary timing information:
        wall, min time:   376.58, max time:   560.66
   outlet_02, min time:     1.37, max time:    16.92
   outlet_03, min time:     0.27, max time:    16.15
       inlet, min time:    40.28, max time:   300.74
   outlet_01, min time:     0.28, max time:    11.67
--------------------------------------------------------------------------------
Name:	musubi_adaptive
Umask:	0022
State:	R (running)
Tgid:	10471
Ngid:	0
Pid:	10471
PPid:	10466
TracerPid:	0
Uid:	1000	1000	1000	1000
Gid:	1000	1000	1000	1000
FDSize:	64
Groups:	4 24 27 30 46 100 1000 1001
NStgid:	10471
NSpid:	10471
NSpgid:	10471
NSsid:	10461
Kthread:	0
VmPeak:	  448216 kB
VmSize:	  415432 kB
VmLck:	       0 kB
VmPin:	       0 kB
VmHWM:	  129360 kB
VmRSS:	  102444 kB
RssAnon:	   86124 kB
RssFile:	   15936 kB
RssShmem:	     384 kB
VmData:	  103732 kB
VmStk:	     176 kB
VmExe:	    7440 kB
VmLib:	   10244 kB
VmPTE:	     336 kB
VmSwap:	       0 kB
HugetlbPages:	       0 kB
CoreDumping:	0
THP_enabled:	1
untag_mask:	0xffffffffffffffff
Threads:	3
SigQ:	1/31177
SigPnd:	0000000000000000
ShdPnd:	0000000000000000
SigBlk:	0000000000000000
SigIgn:	0000000000000000
SigCgt:	00000001418004fc
CapInh:	0000000000000000
CapPrm:	0000000000000000
CapEff:	0000000000000000
CapBnd:	000001ffffffffff
CapAmb:	0000000000000000
NoNewPrivs:	0
Seccomp:	2
Seccomp_filters:	1
Speculation_Store_Bypass:	thread vulnerable
SpeculationIndirectBranch:	conditional enabled
Cpus_allowed:	000003
Cpus_allowed_list:	0-1
Mems_allowed:	00000000,00000000,00000000,00000000,00000000,00000000,00000000,00000000,00000000,00000000,00000000,00000000,000000
Mems_allowed_list:	0
voluntary_ctxt_switches:	734
nonvoluntary_ctxt_switches:	3917

 Done with Musubi in    2523.89 s
ADAPTIVE_FLUX_PRESSURE iter=599004 target_lattice= 6.9748043809647912E-004 controlled_lattice= 6.9748043810125807E-004 relative_error= 6.8517281272059962E-012 rho_boundary= 1.0001568797830536E+000 pressure_pa= 3.3880421519468445E+006 max_lattice_velocity= 8.2662474981718679E-006 minimum_pdf= 2.7781445775477864E-002 globBC_count=223
