Collecting numpy==1.26.4
  Using cached numpy-1.26.4-cp312-cp312-manylinux_2_17_x86_64.manylinux2014_x86_64.whl.metadata (61 kB)
Collecting scipy==1.11.4
  Downloading scipy-1.11.4-cp312-cp312-manylinux_2_17_x86_64.manylinux2014_x86_64.whl.metadata (60 kB)
     ━━━━━━━━━━━━━━━━━━━━━━━━━━━━━━━━━━━━━━━━ 60.4/60.4 kB 1.1 MB/s eta 0:00:00
Collecting numba==0.59.1
  Downloading numba-0.59.1-cp312-cp312-manylinux2014_x86_64.manylinux_2_17_x86_64.whl.metadata (2.7 kB)
Collecting matplotlib==3.8.4
  Using cached matplotlib-3.8.4-cp312-cp312-manylinux_2_17_x86_64.manylinux2014_x86_64.whl.metadata (5.8 kB)
Collecting psutil==5.9.8
  Downloading psutil-5.9.8-cp36-abi3-manylinux_2_12_x86_64.manylinux2010_x86_64.manylinux_2_17_x86_64.manylinux2014_x86_64.whl.metadata (21 kB)
Collecting pytest==7.4.4
  Downloading pytest-7.4.4-py3-none-any.whl.metadata (7.9 kB)
Collecting h5py==3.11.0
  Using cached h5py-3.11.0-cp312-cp312-manylinux_2_17_x86_64.manylinux2014_x86_64.whl.metadata (2.5 kB)
Collecting vtk==9.3.1
  Using cached vtk-9.3.1-cp312-cp312-manylinux_2_17_x86_64.manylinux2014_x86_64.whl.metadata (5.2 kB)
Collecting llvmlite<0.43,>=0.42.0dev0 (from numba==0.59.1)
  Downloading llvmlite-0.42.0-cp312-cp312-manylinux_2_17_x86_64.manylinux2014_x86_64.whl.metadata (4.8 kB)
Collecting contourpy>=1.0.1 (from matplotlib==3.8.4)
  Using cached contourpy-1.4.0-cp312-cp312-manylinux_2_27_x86_64.manylinux_2_28_x86_64.whl.metadata (3.8 kB)
Collecting cycler>=0.10 (from matplotlib==3.8.4)
  Using cached cycler-0.12.1-py3-none-any.whl.metadata (3.8 kB)
Collecting fonttools>=4.22.0 (from matplotlib==3.8.4)
  Using cached fonttools-4.65.0-cp312-cp312-manylinux2014_x86_64.manylinux_2_17_x86_64.whl.metadata (125 kB)
Collecting kiwisolver>=1.3.1 (from matplotlib==3.8.4)
  Using cached kiwisolver-1.5.1-cp312-cp312-manylinux2014_x86_64.manylinux_2_17_x86_64.whl.metadata (5.2 kB)
Collecting packaging>=20.0 (from matplotlib==3.8.4)
  Using cached packaging-26.3-py3-none-any.whl.metadata (3.5 kB)
Collecting pillow>=8 (from matplotlib==3.8.4)
  Using cached pillow-12.3.0-cp312-cp312-manylinux_2_27_x86_64.manylinux_2_28_x86_64.whl.metadata (9.1 kB)
Collecting pyparsing>=2.3.1 (from matplotlib==3.8.4)
  Using cached pyparsing-3.3.2-py3-none-any.whl.metadata (5.8 kB)
Collecting python-dateutil>=2.7 (from matplotlib==3.8.4)
  Using cached python_dateutil-2.9.0.post0-py2.py3-none-any.whl.metadata (8.4 kB)
Collecting iniconfig (from pytest==7.4.4)
  Using cached iniconfig-2.3.0-py3-none-any.whl.metadata (2.5 kB)
Collecting pluggy<2.0,>=0.12 (from pytest==7.4.4)
  Using cached pluggy-1.6.0-py3-none-any.whl.metadata (4.8 kB)
INFO: pip is looking at multiple versions of contourpy to determine which version is compatible with other requirements. This could take a while.
Collecting contourpy>=1.0.1 (from matplotlib==3.8.4)
  Using cached contourpy-1.3.3-cp312-cp312-manylinux_2_27_x86_64.manylinux_2_28_x86_64.whl.metadata (5.5 kB)
Collecting six>=1.5 (from python-dateutil>=2.7->matplotlib==3.8.4)
  Using cached six-1.17.0-py2.py3-none-any.whl.metadata (1.7 kB)
Using cached numpy-1.26.4-cp312-cp312-manylinux_2_17_x86_64.manylinux2014_x86_64.whl (18.0 MB)
Downloading scipy-1.11.4-cp312-cp312-manylinux_2_17_x86_64.manylinux2014_x86_64.whl (35.8 MB)
   ━━━━━━━━━━━━━━━━━━━━━━━━━━━━━━━━━━━━━━━━ 35.8/35.8 MB 10.3 MB/s eta 0:00:00
Downloading numba-0.59.1-cp312-cp312-manylinux2014_x86_64.manylinux_2_17_x86_64.whl (3.7 MB)
   ━━━━━━━━━━━━━━━━━━━━━━━━━━━━━━━━━━━━━━━━ 3.7/3.7 MB 8.7 MB/s eta 0:00:00
Using cached matplotlib-3.8.4-cp312-cp312-manylinux_2_17_x86_64.manylinux2014_x86_64.whl (11.6 MB)
Downloading psutil-5.9.8-cp36-abi3-manylinux_2_12_x86_64.manylinux2010_x86_64.manylinux_2_17_x86_64.manylinux2014_x86_64.whl (288 kB)
   ━━━━━━━━━━━━━━━━━━━━━━━━━━━━━━━━━━━━━━━━ 288.2/288.2 kB 7.0 MB/s eta 0:00:00
Downloading pytest-7.4.4-py3-none-any.whl (325 kB)
   ━━━━━━━━━━━━━━━━━━━━━━━━━━━━━━━━━━━━━━━━ 325.3/325.3 kB 8.5 MB/s eta 0:00:00
Using cached h5py-3.11.0-cp312-cp312-manylinux_2_17_x86_64.manylinux2014_x86_64.whl (5.4 MB)
Using cached vtk-9.3.1-cp312-cp312-manylinux_2_17_x86_64.manylinux2014_x86_64.whl (92.2 MB)
Using cached contourpy-1.3.3-cp312-cp312-manylinux_2_27_x86_64.manylinux_2_28_x86_64.whl (362 kB)
Using cached cycler-0.12.1-py3-none-any.whl (8.3 kB)
Using cached fonttools-4.65.0-cp312-cp312-manylinux2014_x86_64.manylinux_2_17_x86_64.whl (5.4 MB)
Using cached kiwisolver-1.5.1-cp312-cp312-manylinux2014_x86_64.manylinux_2_17_x86_64.whl (1.5 MB)
Downloading llvmlite-0.42.0-cp312-cp312-manylinux_2_17_x86_64.manylinux2014_x86_64.whl (43.8 MB)
   ━━━━━━━━━━━━━━━━━━━━━━━━━━━━━━━━━━━━━━━━ 43.8/43.8 MB 11.0 MB/s eta 0:00:00
Using cached packaging-26.3-py3-none-any.whl (129 kB)
Using cached pillow-12.3.0-cp312-cp312-manylinux_2_27_x86_64.manylinux_2_28_x86_64.whl (6.9 MB)
Using cached pluggy-1.6.0-py3-none-any.whl (20 kB)
Using cached pyparsing-3.3.2-py3-none-any.whl (122 kB)
Using cached python_dateutil-2.9.0.post0-py2.py3-none-any.whl (229 kB)
Using cached iniconfig-2.3.0-py3-none-any.whl (7.5 kB)
Using cached six-1.17.0-py2.py3-none-any.whl (11 kB)
Installing collected packages: six, pyparsing, psutil, pluggy, pillow, packaging, numpy, llvmlite, kiwisolver, iniconfig, fonttools, cycler, scipy, python-dateutil, pytest, numba, h5py, contourpy, matplotlib, vtk
Successfully installed contourpy-1.3.3 cycler-0.12.1 fonttools-4.65.0 h5py-3.11.0 iniconfig-2.3.0 kiwisolver-1.5.1 llvmlite-0.42.0 matplotlib-3.8.4 numba-0.59.1 numpy-1.26.4 packaging-26.3 pillow-12.3.0 pluggy-1.6.0 psutil-5.9.8 pyparsing-3.3.2 pytest-7.4.4 python-dateutil-2.9.0.post0 scipy-1.11.4 six-1.17.0 vtk-9.3.1
