Running s' =  2.025 , lambda = 0.25 ...
  using s = 1.265625 and case = F11
  using s = 1.265625 and case = F12
  using s = 1.265625 and case = F21
  using s = 1.265625 and case = F22
  using s = 1.265625 and case = T11
  using s = 1.265625 and case = T12
  using s = 1.265625 and case = T21
  using s = 1.265625 and case = T22
  using s = 1.265625 and case = E11
  using s = 1.265625 and case = E13
  using s = 1.265625 and case = E14
  using s = 1.265625 and case = E21
  using s = 1.265625 and case = E23
  using s = 1.265625 and case = E24
[s'=2.02][lam=0.25][time=124.1s]
Running s' =  2.05 , lambda = 0.25 ...
  using s = 1.28125 and case = F11
  using s = 1.28125 and case = F12
  using s = 1.28125 and case = F21
  using s = 1.28125 and case = F22
  using s = 1.28125 and case = T11
  using s = 1.28125 and case = T12
  using s = 1.28125 and case = T21
  using s = 1.28125 and case = T22
  using s = 1.28125 and case = E11
  using s = 1.28125 and case = E13
  using s = 1.28125 and case = E14
  using s = 1.28125 and case = E21
  using s = 1.28125 and case = E23
  using s = 1.28125 and case = E24
[s'=2.05][lam=0.25][time=21.0s]
Running s' =  2.1 , lambda = 0.25 ...
  using s = 1.3125 and case = F11
  using s = 1.3125 and case = F12
  using s = 1.3125 and case = F21
  using s = 1.3125 and case = F22
  using s = 1.3125 and case = T11
  using s = 1.3125 and case = T12
  using s = 1.3125 and case = T21
  using s = 1.3125 and case = T22
  using s = 1.3125 and case = E11
  using s = 1.3125 and case = E13
  using s = 1.3125 and case = E14
  using s = 1.3125 and case = E21
  using s = 1.3125 and case = E23
  using s = 1.3125 and case = E24
[s'=2.10][lam=0.25][time=4.5s]
Running s' =  2.2 , lambda = 0.25 ...
  using s = 1.375 and case = F11
  using s = 1.375 and case = F12
  using s = 1.375 and case = F21
  using s = 1.375 and case = F22
  using s = 1.375 and case = T11
  using s = 1.375 and case = T12
  using s = 1.375 and case = T21
  using s = 1.375 and case = T22
  using s = 1.375 and case = E11
  using s = 1.375 and case = E13
  using s = 1.375 and case = E14
  using s = 1.375 and case = E21
  using s = 1.375 and case = E23
  using s = 1.375 and case = E24
[s'=2.20][lam=0.25][time=1.5s]
Running s' =  2.3 , lambda = 0.25 ...
  using s = 1.4375 and case = F11
  using s = 1.4375 and case = F12
  using s = 1.4375 and case = F21
  using s = 1.4375 and case = F22
  using s = 1.4375 and case = T11
  using s = 1.4375 and case = T12
  using s = 1.4375 and case = T21
  using s = 1.4375 and case = T22
  using s = 1.4375 and case = E11
  using s = 1.4375 and case = E13
  using s = 1.4375 and case = E14
  using s = 1.4375 and case = E21
  using s = 1.4375 and case = E23
  using s = 1.4375 and case = E24
[s'=2.30][lam=0.25][time=1.1s]
Running s' =  2.4 , lambda = 0.25 ...
  using s = 1.5 and case = F11
  using s = 1.5 and case = F12
  using s = 1.5 and case = F21
  using s = 1.5 and case = F22
  using s = 1.5 and case = T11
  using s = 1.5 and case = T12
  using s = 1.5 and case = T21
  using s = 1.5 and case = T22
  using s = 1.5 and case = E11
  using s = 1.5 and case = E13
  using s = 1.5 and case = E14
  using s = 1.5 and case = E21
  using s = 1.5 and case = E23
  using s = 1.5 and case = E24
[s'=2.40][lam=0.25][time=1.0s]
Running s' =  2.5 , lambda = 0.25 ...
  using s = 1.5625 and case = F11
  using s = 1.5625 and case = F12
  using s = 1.5625 and case = F21
  using s = 1.5625 and case = F22
  using s = 1.5625 and case = T11
  using s = 1.5625 and case = T12
  using s = 1.5625 and case = T21
  using s = 1.5625 and case = T22
  using s = 1.5625 and case = E11
  using s = 1.5625 and case = E13
  using s = 1.5625 and case = E14
  using s = 1.5625 and case = E21
  using s = 1.5625 and case = E23
  using s = 1.5625 and case = E24
[s'=2.50][lam=0.25][time=0.9s]
Running s' =  2.6 , lambda = 0.25 ...
  using s = 1.625 and case = F11
  using s = 1.625 and case = F12
  using s = 1.625 and case = F21
  using s = 1.625 and case = F22
  using s = 1.625 and case = T11
  using s = 1.625 and case = T12
  using s = 1.625 and case = T21
  using s = 1.625 and case = T22
  using s = 1.625 and case = E11
  using s = 1.625 and case = E13
  using s = 1.625 and case = E14
  using s = 1.625 and case = E21
  using s = 1.625 and case = E23
  using s = 1.625 and case = E24
[s'=2.60][lam=0.25][time=0.9s]
Running s' =  2.7 , lambda = 0.25 ...
  using s = 1.6875 and case = F11
  using s = 1.6875 and case = F12
  using s = 1.6875 and case = F21
  using s = 1.6875 and case = F22
  using s = 1.6875 and case = T11
  using s = 1.6875 and case = T12
  using s = 1.6875 and case = T21
  using s = 1.6875 and case = T22
  using s = 1.6875 and case = E11
  using s = 1.6875 and case = E13
  using s = 1.6875 and case = E14
  using s = 1.6875 and case = E21
  using s = 1.6875 and case = E23
  using s = 1.6875 and case = E24
[s'=2.70][lam=0.25][time=1.0s]
Running s' =  2.8 , lambda = 0.25 ...
  using s = 1.75 and case = F11
  using s = 1.75 and case = F12
  using s = 1.75 and case = F21
  using s = 1.75 and case = F22
  using s = 1.75 and case = T11
  using s = 1.75 and case = T12
  using s = 1.75 and case = T21
  using s = 1.75 and case = T22
  using s = 1.75 and case = E11
  using s = 1.75 and case = E13
  using s = 1.75 and case = E14
  using s = 1.75 and case = E21
  using s = 1.75 and case = E23
  using s = 1.75 and case = E24
[s'=2.80][lam=0.25][time=0.9s]
Running s' =  2.9 , lambda = 0.25 ...
  using s = 1.8125 and case = F11
  using s = 1.8125 and case = F12
  using s = 1.8125 and case = F21
  using s = 1.8125 and case = F22
  using s = 1.8125 and case = T11
  using s = 1.8125 and case = T12
  using s = 1.8125 and case = T21
  using s = 1.8125 and case = T22
  using s = 1.8125 and case = E11
  using s = 1.8125 and case = E13
  using s = 1.8125 and case = E14
  using s = 1.8125 and case = E21
  using s = 1.8125 and case = E23
  using s = 1.8125 and case = E24
[s'=2.90][lam=0.25][time=0.8s]
Running s' =  3.0 , lambda = 0.25 ...
  using s = 1.875 and case = F11
  using s = 1.875 and case = F12
  using s = 1.875 and case = F21
  using s = 1.875 and case = F22
  using s = 1.875 and case = T11
  using s = 1.875 and case = T12
  using s = 1.875 and case = T21
  using s = 1.875 and case = T22
  using s = 1.875 and case = E11
  using s = 1.875 and case = E13
  using s = 1.875 and case = E14
  using s = 1.875 and case = E21
  using s = 1.875 and case = E23
  using s = 1.875 and case = E24
[s'=3.00][lam=0.25][time=0.9s]
Running s' =  3.1 , lambda = 0.25 ...
  using s = 1.9375 and case = F11
  using s = 1.9375 and case = F12
  using s = 1.9375 and case = F21
  using s = 1.9375 and case = F22
  using s = 1.9375 and case = T11
  using s = 1.9375 and case = T12
  using s = 1.9375 and case = T21
  using s = 1.9375 and case = T22
  using s = 1.9375 and case = E11
  using s = 1.9375 and case = E13
  using s = 1.9375 and case = E14
  using s = 1.9375 and case = E21
  using s = 1.9375 and case = E23
  using s = 1.9375 and case = E24
[s'=3.10][lam=0.25][time=0.9s]
Running s' =  3.2 , lambda = 0.25 ...
  using s = 2.0 and case = F11
  using s = 2.0 and case = F12
  using s = 2.0 and case = F21
  using s = 2.0 and case = F22
  using s = 2.0 and case = T11
  using s = 2.0 and case = T12
  using s = 2.0 and case = T21
  using s = 2.0 and case = T22
  using s = 2.0 and case = E11
  using s = 2.0 and case = E13
  using s = 2.0 and case = E14
  using s = 2.0 and case = E21
  using s = 2.0 and case = E23
  using s = 2.0 and case = E24
[s'=3.20][lam=0.25][time=0.8s]
Running s' =  3.3 , lambda = 0.25 ...
  using s = 2.0625 and case = F11
  using s = 2.0625 and case = F12
  using s = 2.0625 and case = F21
  using s = 2.0625 and case = F22
  using s = 2.0625 and case = T11
  using s = 2.0625 and case = T12
  using s = 2.0625 and case = T21
  using s = 2.0625 and case = T22
  using s = 2.0625 and case = E11
  using s = 2.0625 and case = E13
  using s = 2.0625 and case = E14
  using s = 2.0625 and case = E21
  using s = 2.0625 and case = E23
  using s = 2.0625 and case = E24
[s'=3.30][lam=0.25][time=0.8s]
Running s' =  3.4 , lambda = 0.25 ...
  using s = 2.125 and case = F11
  using s = 2.125 and case = F12
  using s = 2.125 and case = F21
  using s = 2.125 and case = F22
  using s = 2.125 and case = T11
  using s = 2.125 and case = T12
  using s = 2.125 and case = T21
  using s = 2.125 and case = T22
  using s = 2.125 and case = E11
  using s = 2.125 and case = E13
  using s = 2.125 and case = E14
  using s = 2.125 and case = E21
  using s = 2.125 and case = E23
  using s = 2.125 and case = E24
[s'=3.40][lam=0.25][time=0.8s]
Running s' =  3.5 , lambda = 0.25 ...
  using s = 2.1875 and case = F11
  using s = 2.1875 and case = F12
  using s = 2.1875 and case = F21
  using s = 2.1875 and case = F22
  using s = 2.1875 and case = T11
  using s = 2.1875 and case = T12
  using s = 2.1875 and case = T21
  using s = 2.1875 and case = T22
  using s = 2.1875 and case = E11
  using s = 2.1875 and case = E13
  using s = 2.1875 and case = E14
  using s = 2.1875 and case = E21
  using s = 2.1875 and case = E23
  using s = 2.1875 and case = E24
[s'=3.50][lam=0.25][time=0.9s]
Running s' =  3.6 , lambda = 0.25 ...
  using s = 2.25 and case = F11
  using s = 2.25 and case = F12
  using s = 2.25 and case = F21
  using s = 2.25 and case = F22
  using s = 2.25 and case = T11
  using s = 2.25 and case = T12
  using s = 2.25 and case = T21
  using s = 2.25 and case = T22
  using s = 2.25 and case = E11
  using s = 2.25 and case = E13
  using s = 2.25 and case = E14
  using s = 2.25 and case = E21
  using s = 2.25 and case = E23
  using s = 2.25 and case = E24
[s'=3.60][lam=0.25][time=0.9s]
Running s' =  3.7 , lambda = 0.25 ...
  using s = 2.3125 and case = F11
  using s = 2.3125 and case = F12
  using s = 2.3125 and case = F21
  using s = 2.3125 and case = F22
  using s = 2.3125 and case = T11
  using s = 2.3125 and case = T12
  using s = 2.3125 and case = T21
  using s = 2.3125 and case = T22
  using s = 2.3125 and case = E11
  using s = 2.3125 and case = E13
  using s = 2.3125 and case = E14
  using s = 2.3125 and case = E21
  using s = 2.3125 and case = E23
  using s = 2.3125 and case = E24
[s'=3.70][lam=0.25][time=0.9s]
Running s' =  3.8 , lambda = 0.25 ...
  using s = 2.375 and case = F11
  using s = 2.375 and case = F12
  using s = 2.375 and case = F21
  using s = 2.375 and case = F22
  using s = 2.375 and case = T11
  using s = 2.375 and case = T12
  using s = 2.375 and case = T21
  using s = 2.375 and case = T22
  using s = 2.375 and case = E11
  using s = 2.375 and case = E13
  using s = 2.375 and case = E14
  using s = 2.375 and case = E21
  using s = 2.375 and case = E23
  using s = 2.375 and case = E24
[s'=3.80][lam=0.25][time=0.9s]
Running s' =  3.9 , lambda = 0.25 ...
  using s = 2.4375 and case = F11
  using s = 2.4375 and case = F12
  using s = 2.4375 and case = F21
  using s = 2.4375 and case = F22
  using s = 2.4375 and case = T11
  using s = 2.4375 and case = T12
  using s = 2.4375 and case = T21
  using s = 2.4375 and case = T22
  using s = 2.4375 and case = E11
  using s = 2.4375 and case = E13
  using s = 2.4375 and case = E14
  using s = 2.4375 and case = E21
  using s = 2.4375 and case = E23
  using s = 2.4375 and case = E24
[s'=3.90][lam=0.25][time=1.1s]
Running s' =  4.0 , lambda = 0.25 ...
  using s = 2.5 and case = F11
  using s = 2.5 and case = F12
  using s = 2.5 and case = F21
  using s = 2.5 and case = F22
  using s = 2.5 and case = T11
  using s = 2.5 and case = T12
  using s = 2.5 and case = T21
  using s = 2.5 and case = T22
  using s = 2.5 and case = E11
  using s = 2.5 and case = E13
  using s = 2.5 and case = E14
  using s = 2.5 and case = E21
  using s = 2.5 and case = E23
  using s = 2.5 and case = E24
[s'=4.00][lam=0.25][time=1.1s]
Running s' =  4.1 , lambda = 0.25 ...
  using s = 2.5625 and case = F11
  using s = 2.5625 and case = F12
  using s = 2.5625 and case = F21
  using s = 2.5625 and case = F22
  using s = 2.5625 and case = T11
  using s = 2.5625 and case = T12
  using s = 2.5625 and case = T21
  using s = 2.5625 and case = T22
  using s = 2.5625 and case = E11
  using s = 2.5625 and case = E13
  using s = 2.5625 and case = E14
  using s = 2.5625 and case = E21
  using s = 2.5625 and case = E23
  using s = 2.5625 and case = E24
[s'=4.10][lam=0.25][time=1.0s]
Running s' =  4.2 , lambda = 0.25 ...
  using s = 2.625 and case = F11
  using s = 2.625 and case = F12
  using s = 2.625 and case = F21
  using s = 2.625 and case = F22
  using s = 2.625 and case = T11
  using s = 2.625 and case = T12
  using s = 2.625 and case = T21
  using s = 2.625 and case = T22
  using s = 2.625 and case = E11
  using s = 2.625 and case = E13
  using s = 2.625 and case = E14
  using s = 2.625 and case = E21
  using s = 2.625 and case = E23
  using s = 2.625 and case = E24
[s'=4.20][lam=0.25][time=0.9s]
Running s' =  4.3 , lambda = 0.25 ...
  using s = 2.6875 and case = F11
  using s = 2.6875 and case = F12
  using s = 2.6875 and case = F21
  using s = 2.6875 and case = F22
  using s = 2.6875 and case = T11
  using s = 2.6875 and case = T12
  using s = 2.6875 and case = T21
  using s = 2.6875 and case = T22
  using s = 2.6875 and case = E11
  using s = 2.6875 and case = E13
  using s = 2.6875 and case = E14
  using s = 2.6875 and case = E21
  using s = 2.6875 and case = E23
  using s = 2.6875 and case = E24
[s'=4.30][lam=0.25][time=0.9s]
Running s' =  4.4 , lambda = 0.25 ...
  using s = 2.75 and case = F11
  using s = 2.75 and case = F12
  using s = 2.75 and case = F21
  using s = 2.75 and case = F22
  using s = 2.75 and case = T11
  using s = 2.75 and case = T12
  using s = 2.75 and case = T21
  using s = 2.75 and case = T22
  using s = 2.75 and case = E11
  using s = 2.75 and case = E13
  using s = 2.75 and case = E14
  using s = 2.75 and case = E21
  using s = 2.75 and case = E23
  using s = 2.75 and case = E24
[s'=4.40][lam=0.25][time=1.2s]
Running s' =  4.5 , lambda = 0.25 ...
  using s = 2.8125 and case = F11
  using s = 2.8125 and case = F12
  using s = 2.8125 and case = F21
  using s = 2.8125 and case = F22
  using s = 2.8125 and case = T11
  using s = 2.8125 and case = T12
  using s = 2.8125 and case = T21
  using s = 2.8125 and case = T22
  using s = 2.8125 and case = E11
  using s = 2.8125 and case = E13
  using s = 2.8125 and case = E14
  using s = 2.8125 and case = E21
  using s = 2.8125 and case = E23
  using s = 2.8125 and case = E24
[s'=4.50][lam=0.25][time=1.0s]
Time elapsed 0h02m52s
