Running s' =  2.00001 , lambda = 0.125 ...
    X11A ...
    X12A ...
    Y11A ...
    Y12A ...
    Y11B ...
    Y12B ...
    X11C ...
    X12C ...
    Y11C ...
    Y12C ...
    X11G ...
    X12G ...
    Y11G ...
    Y12G ...
    Y11H ...
    Y12H ...
    X11M ...
    X12M ...
    Y11M ...
    Y12M ...
    Z11M ...
    Z12M ...
Running s' =  2.00002 , lambda = 0.125 ...
    X11A ...
    X12A ...
    Y11A ...
    Y12A ...
    Y11B ...
    Y12B ...
    X11C ...
    X12C ...
    Y11C ...
    Y12C ...
    X11G ...
    X12G ...
    Y11G ...
    Y12G ...
    Y11H ...
    Y12H ...
    X11M ...
    X12M ...
    Y11M ...
    Y12M ...
    Z11M ...
    Z12M ...
Running s' =  2.00005 , lambda = 0.125 ...
    X11A ...
    X12A ...
    Y11A ...
    Y12A ...
    Y11B ...
    Y12B ...
    X11C ...
    X12C ...
    Y11C ...
    Y12C ...
    X11G ...
    X12G ...
    Y11G ...
    Y12G ...
    Y11H ...
    Y12H ...
    X11M ...
    X12M ...
    Y11M ...
    Y12M ...
    Z11M ...
    Z12M ...
Running s' =  2.0001 , lambda = 0.125 ...
    X11A ...
    X12A ...
    Y11A ...
    Y12A ...
    Y11B ...
    Y12B ...
    X11C ...
    X12C ...
    Y11C ...
    Y12C ...
    X11G ...
    X12G ...
    Y11G ...
    Y12G ...
    Y11H ...
    Y12H ...
    X11M ...
    X12M ...
    Y11M ...
    Y12M ...
    Z11M ...
    Z12M ...
Running s' =  2.0002 , lambda = 0.125 ...
    X11A ...
    X12A ...
    Y11A ...
    Y12A ...
    Y11B ...
    Y12B ...
    X11C ...
    X12C ...
    Y11C ...
    Y12C ...
    X11G ...
    X12G ...
    Y11G ...
    Y12G ...
    Y11H ...
    Y12H ...
    X11M ...
    X12M ...
    Y11M ...
    Y12M ...
    Z11M ...
    Z12M ...
Running s' =  2.0005 , lambda = 0.125 ...
    X11A ...
    X12A ...
    Y11A ...
    Y12A ...
    Y11B ...
    Y12B ...
    X11C ...
    X12C ...
    Y11C ...
    Y12C ...
    X11G ...
    X12G ...
    Y11G ...
    Y12G ...
    Y11H ...
    Y12H ...
    X11M ...
    X12M ...
    Y11M ...
    Y12M ...
    Z11M ...
    Z12M ...
Running s' =  2.001 , lambda = 0.125 ...
    X11A ...
    X12A ...
    Y11A ...
    Y12A ...
    Y11B ...
    Y12B ...
    X11C ...
    X12C ...
    Y11C ...
    Y12C ...
    X11G ...
    X12G ...
    Y11G ...
    Y12G ...
    Y11H ...
    Y12H ...
    X11M ...
    X12M ...
    Y11M ...
    Y12M ...
    Z11M ...
    Z12M ...
Running s' =  2.002 , lambda = 0.125 ...
    X11A ...
    X12A ...
    Y11A ...
    Y12A ...
    Y11B ...
    Y12B ...
    X11C ...
    X12C ...
    Y11C ...
    Y12C ...
    X11G ...
    X12G ...
    Y11G ...
    Y12G ...
    Y11H ...
    Y12H ...
    X11M ...
    X12M ...
    Y11M ...
    Y12M ...
    Z11M ...
    Z12M ...
Running s' =  2.005 , lambda = 0.125 ...
    X11A ...
    X12A ...
    Y11A ...
    Y12A ...
    Y11B ...
    Y12B ...
    X11C ...
    X12C ...
    Y11C ...
    Y12C ...
    X11G ...
    X12G ...
    Y11G ...
    Y12G ...
    Y11H ...
    Y12H ...
    X11M ...
    X12M ...
    Y11M ...
    Y12M ...
    Z11M ...
    Z12M ...
Running s' =  2.01 , lambda = 0.125 ...
    X11A ...
    X12A ...
    Y11A ...
    Y12A ...
    Y11B ...
    Y12B ...
    X11C ...
    X12C ...
    Y11C ...
    Y12C ...
    X11G ...
    X12G ...
    Y11G ...
    Y12G ...
    Y11H ...
    Y12H ...
    X11M ...
    X12M ...
    Y11M ...
    Y12M ...
    Z11M ...
    Z12M ...
Running s' =  2.02 , lambda = 0.125 ...
    X11A ...
    X12A ...
    Y11A ...
    Y12A ...
    Y11B ...
    Y12B ...
    X11C ...
    X12C ...
    Y11C ...
    Y12C ...
    X11G ...
    X12G ...
    Y11G ...
    Y12G ...
    Y11H ...
    Y12H ...
    X11M ...
    X12M ...
    Y11M ...
    Y12M ...
    Z11M ...
    Z12M ...
Running s' =  2.00001 , lambda = 8.0 ...
    X11A ...
    X12A ...
    Y11A ...
    Y12A ...
    Y11B ...
    Y12B ...
    X11C ...
    X12C ...
    Y11C ...
    Y12C ...
    X11G ...
    X12G ...
    Y11G ...
    Y12G ...
    Y11H ...
    Y12H ...
    X11M ...
    X12M ...
    Y11M ...
    Y12M ...
    Z11M ...
    Z12M ...
Running s' =  2.00002 , lambda = 8.0 ...
    X11A ...
    X12A ...
    Y11A ...
    Y12A ...
    Y11B ...
    Y12B ...
    X11C ...
    X12C ...
    Y11C ...
    Y12C ...
    X11G ...
    X12G ...
    Y11G ...
    Y12G ...
    Y11H ...
    Y12H ...
    X11M ...
    X12M ...
    Y11M ...
    Y12M ...
    Z11M ...
    Z12M ...
Running s' =  2.00005 , lambda = 8.0 ...
    X11A ...
    X12A ...
    Y11A ...
    Y12A ...
    Y11B ...
    Y12B ...
    X11C ...
    X12C ...
    Y11C ...
    Y12C ...
    X11G ...
    X12G ...
    Y11G ...
    Y12G ...
    Y11H ...
    Y12H ...
    X11M ...
    X12M ...
    Y11M ...
    Y12M ...
    Z11M ...
    Z12M ...
Running s' =  2.0001 , lambda = 8.0 ...
    X11A ...
    X12A ...
    Y11A ...
    Y12A ...
    Y11B ...
    Y12B ...
    X11C ...
    X12C ...
    Y11C ...
    Y12C ...
    X11G ...
    X12G ...
    Y11G ...
    Y12G ...
    Y11H ...
    Y12H ...
    X11M ...
    X12M ...
    Y11M ...
    Y12M ...
    Z11M ...
    Z12M ...
Running s' =  2.0002 , lambda = 8.0 ...
    X11A ...
    X12A ...
    Y11A ...
    Y12A ...
    Y11B ...
    Y12B ...
    X11C ...
    X12C ...
    Y11C ...
    Y12C ...
    X11G ...
    X12G ...
    Y11G ...
    Y12G ...
    Y11H ...
    Y12H ...
    X11M ...
    X12M ...
    Y11M ...
    Y12M ...
    Z11M ...
    Z12M ...
Running s' =  2.0005 , lambda = 8.0 ...
    X11A ...
    X12A ...
    Y11A ...
    Y12A ...
    Y11B ...
    Y12B ...
    X11C ...
    X12C ...
    Y11C ...
    Y12C ...
    X11G ...
    X12G ...
    Y11G ...
    Y12G ...
    Y11H ...
    Y12H ...
    X11M ...
    X12M ...
    Y11M ...
    Y12M ...
    Z11M ...
    Z12M ...
Running s' =  2.001 , lambda = 8.0 ...
    X11A ...
    X12A ...
    Y11A ...
    Y12A ...
    Y11B ...
    Y12B ...
    X11C ...
    X12C ...
    Y11C ...
    Y12C ...
    X11G ...
    X12G ...
    Y11G ...
    Y12G ...
    Y11H ...
    Y12H ...
    X11M ...
    X12M ...
    Y11M ...
    Y12M ...
    Z11M ...
    Z12M ...
Running s' =  2.002 , lambda = 8.0 ...
    X11A ...
    X12A ...
    Y11A ...
    Y12A ...
    Y11B ...
    Y12B ...
    X11C ...
    X12C ...
    Y11C ...
    Y12C ...
    X11G ...
    X12G ...
    Y11G ...
    Y12G ...
    Y11H ...
    Y12H ...
    X11M ...
    X12M ...
    Y11M ...
    Y12M ...
    Z11M ...
    Z12M ...
Running s' =  2.005 , lambda = 8.0 ...
    X11A ...
    X12A ...
    Y11A ...
    Y12A ...
    Y11B ...
    Y12B ...
    X11C ...
    X12C ...
    Y11C ...
    Y12C ...
    X11G ...
    X12G ...
    Y11G ...
    Y12G ...
    Y11H ...
    Y12H ...
    X11M ...
    X12M ...
    Y11M ...
    Y12M ...
    Z11M ...
    Z12M ...
Running s' =  2.01 , lambda = 8.0 ...
    X11A ...
    X12A ...
    Y11A ...
    Y12A ...
    Y11B ...
    Y12B ...
    X11C ...
    X12C ...
    Y11C ...
    Y12C ...
    X11G ...
    X12G ...
    Y11G ...
    Y12G ...
    Y11H ...
    Y12H ...
    X11M ...
    X12M ...
    Y11M ...
    Y12M ...
    Z11M ...
    Z12M ...
Running s' =  2.02 , lambda = 8.0 ...
    X11A ...
    X12A ...
    Y11A ...
    Y12A ...
    Y11B ...
    Y12B ...
    X11C ...
    X12C ...
    Y11C ...
    Y12C ...
    X11G ...
    X12G ...
    Y11G ...
    Y12G ...
    Y11H ...
    Y12H ...
    X11M ...
    X12M ...
    Y11M ...
    Y12M ...
    Z11M ...
    Z12M ...
Time elapsed 0h03m05s
