Running s' =  2.025 , lambda = 0.125 ...
  using s = 1.1390624999999999 and case = F11
  using s = 1.1390624999999999 and case = F12
  using s = 1.1390624999999999 and case = F21
  using s = 1.1390624999999999 and case = F22
  using s = 1.1390624999999999 and case = T11
  using s = 1.1390624999999999 and case = T12
  using s = 1.1390624999999999 and case = T21
  using s = 1.1390624999999999 and case = T22
  using s = 1.1390624999999999 and case = E11
  using s = 1.1390624999999999 and case = E13
  using s = 1.1390624999999999 and case = E14
  using s = 1.1390624999999999 and case = E21
  using s = 1.1390624999999999 and case = E23
  using s = 1.1390624999999999 and case = E24
[s'=2.02][lam=0.12][time=43.1s]
Running s' =  2.05 , lambda = 0.125 ...
  using s = 1.153125 and case = F11
  using s = 1.153125 and case = F12
  using s = 1.153125 and case = F21
  using s = 1.153125 and case = F22
  using s = 1.153125 and case = T11
  using s = 1.153125 and case = T12
  using s = 1.153125 and case = T21
  using s = 1.153125 and case = T22
  using s = 1.153125 and case = E11
  using s = 1.153125 and case = E13
  using s = 1.153125 and case = E14
  using s = 1.153125 and case = E21
  using s = 1.153125 and case = E23
  using s = 1.153125 and case = E24
[s'=2.05][lam=0.12][time=7.8s]
Running s' =  2.1 , lambda = 0.125 ...
  using s = 1.1812500000000001 and case = F11
  using s = 1.1812500000000001 and case = F12
  using s = 1.1812500000000001 and case = F21
  using s = 1.1812500000000001 and case = F22
  using s = 1.1812500000000001 and case = T11
  using s = 1.1812500000000001 and case = T12
  using s = 1.1812500000000001 and case = T21
  using s = 1.1812500000000001 and case = T22
  using s = 1.1812500000000001 and case = E11
  using s = 1.1812500000000001 and case = E13
  using s = 1.1812500000000001 and case = E14
  using s = 1.1812500000000001 and case = E21
  using s = 1.1812500000000001 and case = E23
  using s = 1.1812500000000001 and case = E24
[s'=2.10][lam=0.12][time=2.0s]
Running s' =  2.2 , lambda = 0.125 ...
  using s = 1.2375 and case = F11
  using s = 1.2375 and case = F12
  using s = 1.2375 and case = F21
  using s = 1.2375 and case = F22
  using s = 1.2375 and case = T11
  using s = 1.2375 and case = T12
  using s = 1.2375 and case = T21
  using s = 1.2375 and case = T22
  using s = 1.2375 and case = E11
  using s = 1.2375 and case = E13
  using s = 1.2375 and case = E14
  using s = 1.2375 and case = E21
  using s = 1.2375 and case = E23
  using s = 1.2375 and case = E24
[s'=2.20][lam=0.12][time=0.9s]
Running s' =  2.3 , lambda = 0.125 ...
  using s = 1.29375 and case = F11
  using s = 1.29375 and case = F12
  using s = 1.29375 and case = F21
  using s = 1.29375 and case = F22
  using s = 1.29375 and case = T11
  using s = 1.29375 and case = T12
  using s = 1.29375 and case = T21
  using s = 1.29375 and case = T22
  using s = 1.29375 and case = E11
  using s = 1.29375 and case = E13
  using s = 1.29375 and case = E14
  using s = 1.29375 and case = E21
  using s = 1.29375 and case = E23
  using s = 1.29375 and case = E24
[s'=2.30][lam=0.12][time=0.7s]
Running s' =  2.4 , lambda = 0.125 ...
  using s = 1.3499999999999999 and case = F11
  using s = 1.3499999999999999 and case = F12
  using s = 1.3499999999999999 and case = F21
  using s = 1.3499999999999999 and case = F22
  using s = 1.3499999999999999 and case = T11
  using s = 1.3499999999999999 and case = T12
  using s = 1.3499999999999999 and case = T21
  using s = 1.3499999999999999 and case = T22
  using s = 1.3499999999999999 and case = E11
  using s = 1.3499999999999999 and case = E13
  using s = 1.3499999999999999 and case = E14
  using s = 1.3499999999999999 and case = E21
  using s = 1.3499999999999999 and case = E23
  using s = 1.3499999999999999 and case = E24
[s'=2.40][lam=0.12][time=0.7s]
Running s' =  2.5 , lambda = 0.125 ...
  using s = 1.40625 and case = F11
  using s = 1.40625 and case = F12
  using s = 1.40625 and case = F21
  using s = 1.40625 and case = F22
  using s = 1.40625 and case = T11
  using s = 1.40625 and case = T12
  using s = 1.40625 and case = T21
  using s = 1.40625 and case = T22
  using s = 1.40625 and case = E11
  using s = 1.40625 and case = E13
  using s = 1.40625 and case = E14
  using s = 1.40625 and case = E21
  using s = 1.40625 and case = E23
  using s = 1.40625 and case = E24
[s'=2.50][lam=0.12][time=0.6s]
Running s' =  2.6 , lambda = 0.125 ...
  using s = 1.4625000000000001 and case = F11
  using s = 1.4625000000000001 and case = F12
  using s = 1.4625000000000001 and case = F21
  using s = 1.4625000000000001 and case = F22
  using s = 1.4625000000000001 and case = T11
  using s = 1.4625000000000001 and case = T12
  using s = 1.4625000000000001 and case = T21
  using s = 1.4625000000000001 and case = T22
  using s = 1.4625000000000001 and case = E11
  using s = 1.4625000000000001 and case = E13
  using s = 1.4625000000000001 and case = E14
  using s = 1.4625000000000001 and case = E21
  using s = 1.4625000000000001 and case = E23
  using s = 1.4625000000000001 and case = E24
[s'=2.60][lam=0.12][time=0.6s]
Running s' =  2.7 , lambda = 0.125 ...
  using s = 1.51875 and case = F11
  using s = 1.51875 and case = F12
  using s = 1.51875 and case = F21
  using s = 1.51875 and case = F22
  using s = 1.51875 and case = T11
  using s = 1.51875 and case = T12
  using s = 1.51875 and case = T21
  using s = 1.51875 and case = T22
  using s = 1.51875 and case = E11
  using s = 1.51875 and case = E13
  using s = 1.51875 and case = E14
  using s = 1.51875 and case = E21
  using s = 1.51875 and case = E23
  using s = 1.51875 and case = E24
[s'=2.70][lam=0.12][time=0.6s]
Running s' =  2.8 , lambda = 0.125 ...
  using s = 1.575 and case = F11
  using s = 1.575 and case = F12
  using s = 1.575 and case = F21
  using s = 1.575 and case = F22
  using s = 1.575 and case = T11
  using s = 1.575 and case = T12
  using s = 1.575 and case = T21
  using s = 1.575 and case = T22
  using s = 1.575 and case = E11
  using s = 1.575 and case = E13
  using s = 1.575 and case = E14
  using s = 1.575 and case = E21
  using s = 1.575 and case = E23
  using s = 1.575 and case = E24
[s'=2.80][lam=0.12][time=0.6s]
Running s' =  2.9 , lambda = 0.125 ...
  using s = 1.6312499999999999 and case = F11
  using s = 1.6312499999999999 and case = F12
  using s = 1.6312499999999999 and case = F21
  using s = 1.6312499999999999 and case = F22
  using s = 1.6312499999999999 and case = T11
  using s = 1.6312499999999999 and case = T12
  using s = 1.6312499999999999 and case = T21
  using s = 1.6312499999999999 and case = T22
  using s = 1.6312499999999999 and case = E11
  using s = 1.6312499999999999 and case = E13
  using s = 1.6312499999999999 and case = E14
  using s = 1.6312499999999999 and case = E21
  using s = 1.6312499999999999 and case = E23
  using s = 1.6312499999999999 and case = E24
[s'=2.90][lam=0.12][time=0.6s]
Running s' =  3.0 , lambda = 0.125 ...
  using s = 1.6875 and case = F11
  using s = 1.6875 and case = F12
  using s = 1.6875 and case = F21
  using s = 1.6875 and case = F22
  using s = 1.6875 and case = T11
  using s = 1.6875 and case = T12
  using s = 1.6875 and case = T21
  using s = 1.6875 and case = T22
  using s = 1.6875 and case = E11
  using s = 1.6875 and case = E13
  using s = 1.6875 and case = E14
  using s = 1.6875 and case = E21
  using s = 1.6875 and case = E23
  using s = 1.6875 and case = E24
[s'=3.00][lam=0.12][time=0.6s]
Running s' =  3.1 , lambda = 0.125 ...
  using s = 1.7437500000000001 and case = F11
  using s = 1.7437500000000001 and case = F12
  using s = 1.7437500000000001 and case = F21
  using s = 1.7437500000000001 and case = F22
  using s = 1.7437500000000001 and case = T11
  using s = 1.7437500000000001 and case = T12
  using s = 1.7437500000000001 and case = T21
  using s = 1.7437500000000001 and case = T22
  using s = 1.7437500000000001 and case = E11
  using s = 1.7437500000000001 and case = E13
  using s = 1.7437500000000001 and case = E14
  using s = 1.7437500000000001 and case = E21
  using s = 1.7437500000000001 and case = E23
  using s = 1.7437500000000001 and case = E24
[s'=3.10][lam=0.12][time=0.6s]
Running s' =  3.2 , lambda = 0.125 ...
  using s = 1.8 and case = F11
  using s = 1.8 and case = F12
  using s = 1.8 and case = F21
  using s = 1.8 and case = F22
  using s = 1.8 and case = T11
  using s = 1.8 and case = T12
  using s = 1.8 and case = T21
  using s = 1.8 and case = T22
  using s = 1.8 and case = E11
  using s = 1.8 and case = E13
  using s = 1.8 and case = E14
  using s = 1.8 and case = E21
  using s = 1.8 and case = E23
  using s = 1.8 and case = E24
[s'=3.20][lam=0.12][time=0.6s]
Running s' =  3.3 , lambda = 0.125 ...
  using s = 1.85625 and case = F11
  using s = 1.85625 and case = F12
  using s = 1.85625 and case = F21
  using s = 1.85625 and case = F22
  using s = 1.85625 and case = T11
  using s = 1.85625 and case = T12
  using s = 1.85625 and case = T21
  using s = 1.85625 and case = T22
  using s = 1.85625 and case = E11
  using s = 1.85625 and case = E13
  using s = 1.85625 and case = E14
  using s = 1.85625 and case = E21
  using s = 1.85625 and case = E23
  using s = 1.85625 and case = E24
[s'=3.30][lam=0.12][time=0.6s]
Running s' =  3.4 , lambda = 0.125 ...
  using s = 1.9124999999999999 and case = F11
  using s = 1.9124999999999999 and case = F12
  using s = 1.9124999999999999 and case = F21
  using s = 1.9124999999999999 and case = F22
  using s = 1.9124999999999999 and case = T11
  using s = 1.9124999999999999 and case = T12
  using s = 1.9124999999999999 and case = T21
  using s = 1.9124999999999999 and case = T22
  using s = 1.9124999999999999 and case = E11
  using s = 1.9124999999999999 and case = E13
  using s = 1.9124999999999999 and case = E14
  using s = 1.9124999999999999 and case = E21
  using s = 1.9124999999999999 and case = E23
  using s = 1.9124999999999999 and case = E24
[s'=3.40][lam=0.12][time=0.6s]
Running s' =  3.5 , lambda = 0.125 ...
  using s = 1.96875 and case = F11
  using s = 1.96875 and case = F12
  using s = 1.96875 and case = F21
  using s = 1.96875 and case = F22
  using s = 1.96875 and case = T11
  using s = 1.96875 and case = T12
  using s = 1.96875 and case = T21
  using s = 1.96875 and case = T22
  using s = 1.96875 and case = E11
  using s = 1.96875 and case = E13
  using s = 1.96875 and case = E14
  using s = 1.96875 and case = E21
  using s = 1.96875 and case = E23
  using s = 1.96875 and case = E24
[s'=3.50][lam=0.12][time=0.6s]
Running s' =  3.6 , lambda = 0.125 ...
  using s = 2.025 and case = F11
  using s = 2.025 and case = F12
  using s = 2.025 and case = F21
  using s = 2.025 and case = F22
  using s = 2.025 and case = T11
  using s = 2.025 and case = T12
  using s = 2.025 and case = T21
  using s = 2.025 and case = T22
  using s = 2.025 and case = E11
  using s = 2.025 and case = E13
  using s = 2.025 and case = E14
  using s = 2.025 and case = E21
  using s = 2.025 and case = E23
  using s = 2.025 and case = E24
[s'=3.60][lam=0.12][time=0.6s]
Running s' =  3.7 , lambda = 0.125 ...
  using s = 2.0812500000000003 and case = F11
  using s = 2.0812500000000003 and case = F12
  using s = 2.0812500000000003 and case = F21
  using s = 2.0812500000000003 and case = F22
  using s = 2.0812500000000003 and case = T11
  using s = 2.0812500000000003 and case = T12
  using s = 2.0812500000000003 and case = T21
  using s = 2.0812500000000003 and case = T22
  using s = 2.0812500000000003 and case = E11
  using s = 2.0812500000000003 and case = E13
  using s = 2.0812500000000003 and case = E14
  using s = 2.0812500000000003 and case = E21
  using s = 2.0812500000000003 and case = E23
  using s = 2.0812500000000003 and case = E24
[s'=3.70][lam=0.12][time=0.6s]
Running s' =  3.8 , lambda = 0.125 ...
  using s = 2.1374999999999997 and case = F11
  using s = 2.1374999999999997 and case = F12
  using s = 2.1374999999999997 and case = F21
  using s = 2.1374999999999997 and case = F22
  using s = 2.1374999999999997 and case = T11
  using s = 2.1374999999999997 and case = T12
  using s = 2.1374999999999997 and case = T21
  using s = 2.1374999999999997 and case = T22
  using s = 2.1374999999999997 and case = E11
  using s = 2.1374999999999997 and case = E13
  using s = 2.1374999999999997 and case = E14
  using s = 2.1374999999999997 and case = E21
  using s = 2.1374999999999997 and case = E23
  using s = 2.1374999999999997 and case = E24
[s'=3.80][lam=0.12][time=0.6s]
Running s' =  3.9 , lambda = 0.125 ...
  using s = 2.19375 and case = F11
  using s = 2.19375 and case = F12
  using s = 2.19375 and case = F21
  using s = 2.19375 and case = F22
  using s = 2.19375 and case = T11
  using s = 2.19375 and case = T12
  using s = 2.19375 and case = T21
  using s = 2.19375 and case = T22
  using s = 2.19375 and case = E11
  using s = 2.19375 and case = E13
  using s = 2.19375 and case = E14
  using s = 2.19375 and case = E21
  using s = 2.19375 and case = E23
  using s = 2.19375 and case = E24
[s'=3.90][lam=0.12][time=0.6s]
Running s' =  4.0 , lambda = 0.125 ...
  using s = 2.25 and case = F11
  using s = 2.25 and case = F12
  using s = 2.25 and case = F21
  using s = 2.25 and case = F22
  using s = 2.25 and case = T11
  using s = 2.25 and case = T12
  using s = 2.25 and case = T21
  using s = 2.25 and case = T22
  using s = 2.25 and case = E11
  using s = 2.25 and case = E13
  using s = 2.25 and case = E14
  using s = 2.25 and case = E21
  using s = 2.25 and case = E23
  using s = 2.25 and case = E24
[s'=4.00][lam=0.12][time=0.6s]
Running s' =  4.1 , lambda = 0.125 ...
  using s = 2.30625 and case = F11
  using s = 2.30625 and case = F12
  using s = 2.30625 and case = F21
  using s = 2.30625 and case = F22
  using s = 2.30625 and case = T11
  using s = 2.30625 and case = T12
  using s = 2.30625 and case = T21
  using s = 2.30625 and case = T22
  using s = 2.30625 and case = E11
  using s = 2.30625 and case = E13
  using s = 2.30625 and case = E14
  using s = 2.30625 and case = E21
  using s = 2.30625 and case = E23
  using s = 2.30625 and case = E24
[s'=4.10][lam=0.12][time=0.6s]
Running s' =  4.2 , lambda = 0.125 ...
  using s = 2.3625000000000003 and case = F11
  using s = 2.3625000000000003 and case = F12
  using s = 2.3625000000000003 and case = F21
  using s = 2.3625000000000003 and case = F22
  using s = 2.3625000000000003 and case = T11
  using s = 2.3625000000000003 and case = T12
  using s = 2.3625000000000003 and case = T21
  using s = 2.3625000000000003 and case = T22
  using s = 2.3625000000000003 and case = E11
  using s = 2.3625000000000003 and case = E13
  using s = 2.3625000000000003 and case = E14
  using s = 2.3625000000000003 and case = E21
  using s = 2.3625000000000003 and case = E23
  using s = 2.3625000000000003 and case = E24
[s'=4.20][lam=0.12][time=0.6s]
Running s' =  4.3 , lambda = 0.125 ...
  using s = 2.4187499999999997 and case = F11
  using s = 2.4187499999999997 and case = F12
  using s = 2.4187499999999997 and case = F21
  using s = 2.4187499999999997 and case = F22
  using s = 2.4187499999999997 and case = T11
  using s = 2.4187499999999997 and case = T12
  using s = 2.4187499999999997 and case = T21
  using s = 2.4187499999999997 and case = T22
  using s = 2.4187499999999997 and case = E11
  using s = 2.4187499999999997 and case = E13
  using s = 2.4187499999999997 and case = E14
  using s = 2.4187499999999997 and case = E21
  using s = 2.4187499999999997 and case = E23
  using s = 2.4187499999999997 and case = E24
[s'=4.30][lam=0.12][time=0.6s]
Running s' =  4.4 , lambda = 0.125 ...
  using s = 2.475 and case = F11
  using s = 2.475 and case = F12
  using s = 2.475 and case = F21
  using s = 2.475 and case = F22
  using s = 2.475 and case = T11
  using s = 2.475 and case = T12
  using s = 2.475 and case = T21
  using s = 2.475 and case = T22
  using s = 2.475 and case = E11
  using s = 2.475 and case = E13
  using s = 2.475 and case = E14
  using s = 2.475 and case = E21
  using s = 2.475 and case = E23
  using s = 2.475 and case = E24
[s'=4.40][lam=0.12][time=0.6s]
Running s' =  4.5 , lambda = 0.125 ...
  using s = 2.53125 and case = F11
  using s = 2.53125 and case = F12
  using s = 2.53125 and case = F21
  using s = 2.53125 and case = F22
  using s = 2.53125 and case = T11
  using s = 2.53125 and case = T12
  using s = 2.53125 and case = T21
  using s = 2.53125 and case = T22
  using s = 2.53125 and case = E11
  using s = 2.53125 and case = E13
  using s = 2.53125 and case = E14
  using s = 2.53125 and case = E21
  using s = 2.53125 and case = E23
  using s = 2.53125 and case = E24
[s'=4.50][lam=0.12][time=0.6s]
Time elapsed 0h01m07s
