Running s' =  2.025 , lambda = 0.5 ...
  using s = 1.5187499999999998 and case = F11
  using s = 1.5187499999999998 and case = F12
  using s = 1.5187499999999998 and case = F21
  using s = 1.5187499999999998 and case = F22
  using s = 1.5187499999999998 and case = T11
  using s = 1.5187499999999998 and case = T12
  using s = 1.5187499999999998 and case = T21
  using s = 1.5187499999999998 and case = T22
  using s = 1.5187499999999998 and case = E11
  using s = 1.5187499999999998 and case = E13
  using s = 1.5187499999999998 and case = E14
  using s = 1.5187499999999998 and case = E21
  using s = 1.5187499999999998 and case = E23
  using s = 1.5187499999999998 and case = E24
[s'=2.02][lam=0.50][time=138.1s]
Running s' =  2.05 , lambda = 0.5 ...
  using s = 1.5374999999999999 and case = F11
  using s = 1.5374999999999999 and case = F12
  using s = 1.5374999999999999 and case = F21
  using s = 1.5374999999999999 and case = F22
  using s = 1.5374999999999999 and case = T11
  using s = 1.5374999999999999 and case = T12
  using s = 1.5374999999999999 and case = T21
  using s = 1.5374999999999999 and case = T22
  using s = 1.5374999999999999 and case = E11
  using s = 1.5374999999999999 and case = E13
  using s = 1.5374999999999999 and case = E14
  using s = 1.5374999999999999 and case = E21
  using s = 1.5374999999999999 and case = E23
  using s = 1.5374999999999999 and case = E24
[s'=2.05][lam=0.50][time=23.0s]
Running s' =  2.1 , lambda = 0.5 ...
  using s = 1.5750000000000002 and case = F11
  using s = 1.5750000000000002 and case = F12
  using s = 1.5750000000000002 and case = F21
  using s = 1.5750000000000002 and case = F22
  using s = 1.5750000000000002 and case = T11
  using s = 1.5750000000000002 and case = T12
  using s = 1.5750000000000002 and case = T21
  using s = 1.5750000000000002 and case = T22
  using s = 1.5750000000000002 and case = E11
  using s = 1.5750000000000002 and case = E13
  using s = 1.5750000000000002 and case = E14
  using s = 1.5750000000000002 and case = E21
  using s = 1.5750000000000002 and case = E23
  using s = 1.5750000000000002 and case = E24
[s'=2.10][lam=0.50][time=4.3s]
Running s' =  2.2 , lambda = 0.5 ...
  using s = 1.6500000000000001 and case = F11
  using s = 1.6500000000000001 and case = F12
  using s = 1.6500000000000001 and case = F21
  using s = 1.6500000000000001 and case = F22
  using s = 1.6500000000000001 and case = T11
  using s = 1.6500000000000001 and case = T12
  using s = 1.6500000000000001 and case = T21
  using s = 1.6500000000000001 and case = T22
  using s = 1.6500000000000001 and case = E11
  using s = 1.6500000000000001 and case = E13
  using s = 1.6500000000000001 and case = E14
  using s = 1.6500000000000001 and case = E21
  using s = 1.6500000000000001 and case = E23
  using s = 1.6500000000000001 and case = E24
[s'=2.20][lam=0.50][time=1.2s]
Running s' =  2.3 , lambda = 0.5 ...
  using s = 1.7249999999999999 and case = F11
  using s = 1.7249999999999999 and case = F12
  using s = 1.7249999999999999 and case = F21
  using s = 1.7249999999999999 and case = F22
  using s = 1.7249999999999999 and case = T11
  using s = 1.7249999999999999 and case = T12
  using s = 1.7249999999999999 and case = T21
  using s = 1.7249999999999999 and case = T22
  using s = 1.7249999999999999 and case = E11
  using s = 1.7249999999999999 and case = E13
  using s = 1.7249999999999999 and case = E14
  using s = 1.7249999999999999 and case = E21
  using s = 1.7249999999999999 and case = E23
  using s = 1.7249999999999999 and case = E24
[s'=2.30][lam=0.50][time=0.8s]
Running s' =  2.4 , lambda = 0.5 ...
  using s = 1.7999999999999998 and case = F11
  using s = 1.7999999999999998 and case = F12
  using s = 1.7999999999999998 and case = F21
  using s = 1.7999999999999998 and case = F22
  using s = 1.7999999999999998 and case = T11
  using s = 1.7999999999999998 and case = T12
  using s = 1.7999999999999998 and case = T21
  using s = 1.7999999999999998 and case = T22
  using s = 1.7999999999999998 and case = E11
  using s = 1.7999999999999998 and case = E13
  using s = 1.7999999999999998 and case = E14
  using s = 1.7999999999999998 and case = E21
  using s = 1.7999999999999998 and case = E23
  using s = 1.7999999999999998 and case = E24
[s'=2.40][lam=0.50][time=0.7s]
Running s' =  2.5 , lambda = 0.5 ...
  using s = 1.875 and case = F11
  using s = 1.875 and case = F12
  using s = 1.875 and case = F21
  using s = 1.875 and case = F22
  using s = 1.875 and case = T11
  using s = 1.875 and case = T12
  using s = 1.875 and case = T21
  using s = 1.875 and case = T22
  using s = 1.875 and case = E11
  using s = 1.875 and case = E13
  using s = 1.875 and case = E14
  using s = 1.875 and case = E21
  using s = 1.875 and case = E23
  using s = 1.875 and case = E24
[s'=2.50][lam=0.50][time=0.7s]
Running s' =  2.6 , lambda = 0.5 ...
  using s = 1.9500000000000002 and case = F11
  using s = 1.9500000000000002 and case = F12
  using s = 1.9500000000000002 and case = F21
  using s = 1.9500000000000002 and case = F22
  using s = 1.9500000000000002 and case = T11
  using s = 1.9500000000000002 and case = T12
  using s = 1.9500000000000002 and case = T21
  using s = 1.9500000000000002 and case = T22
  using s = 1.9500000000000002 and case = E11
  using s = 1.9500000000000002 and case = E13
  using s = 1.9500000000000002 and case = E14
  using s = 1.9500000000000002 and case = E21
  using s = 1.9500000000000002 and case = E23
  using s = 1.9500000000000002 and case = E24
[s'=2.60][lam=0.50][time=0.6s]
Running s' =  2.7 , lambda = 0.5 ...
  using s = 2.0250000000000004 and case = F11
  using s = 2.0250000000000004 and case = F12
  using s = 2.0250000000000004 and case = F21
  using s = 2.0250000000000004 and case = F22
  using s = 2.0250000000000004 and case = T11
  using s = 2.0250000000000004 and case = T12
  using s = 2.0250000000000004 and case = T21
  using s = 2.0250000000000004 and case = T22
  using s = 2.0250000000000004 and case = E11
  using s = 2.0250000000000004 and case = E13
  using s = 2.0250000000000004 and case = E14
  using s = 2.0250000000000004 and case = E21
  using s = 2.0250000000000004 and case = E23
  using s = 2.0250000000000004 and case = E24
[s'=2.70][lam=0.50][time=0.7s]
Running s' =  2.8 , lambda = 0.5 ...
  using s = 2.0999999999999996 and case = F11
  using s = 2.0999999999999996 and case = F12
  using s = 2.0999999999999996 and case = F21
  using s = 2.0999999999999996 and case = F22
  using s = 2.0999999999999996 and case = T11
  using s = 2.0999999999999996 and case = T12
  using s = 2.0999999999999996 and case = T21
  using s = 2.0999999999999996 and case = T22
  using s = 2.0999999999999996 and case = E11
  using s = 2.0999999999999996 and case = E13
  using s = 2.0999999999999996 and case = E14
  using s = 2.0999999999999996 and case = E21
  using s = 2.0999999999999996 and case = E23
  using s = 2.0999999999999996 and case = E24
[s'=2.80][lam=0.50][time=0.6s]
Running s' =  2.9 , lambda = 0.5 ...
  using s = 2.175 and case = F11
  using s = 2.175 and case = F12
  using s = 2.175 and case = F21
  using s = 2.175 and case = F22
  using s = 2.175 and case = T11
  using s = 2.175 and case = T12
  using s = 2.175 and case = T21
  using s = 2.175 and case = T22
  using s = 2.175 and case = E11
  using s = 2.175 and case = E13
  using s = 2.175 and case = E14
  using s = 2.175 and case = E21
  using s = 2.175 and case = E23
  using s = 2.175 and case = E24
[s'=2.90][lam=0.50][time=0.6s]
Running s' =  3.0 , lambda = 0.5 ...
  using s = 2.25 and case = F11
  using s = 2.25 and case = F12
  using s = 2.25 and case = F21
  using s = 2.25 and case = F22
  using s = 2.25 and case = T11
  using s = 2.25 and case = T12
  using s = 2.25 and case = T21
  using s = 2.25 and case = T22
  using s = 2.25 and case = E11
  using s = 2.25 and case = E13
  using s = 2.25 and case = E14
  using s = 2.25 and case = E21
  using s = 2.25 and case = E23
  using s = 2.25 and case = E24
[s'=3.00][lam=0.50][time=0.6s]
Running s' =  3.1 , lambda = 0.5 ...
  using s = 2.325 and case = F11
  using s = 2.325 and case = F12
  using s = 2.325 and case = F21
  using s = 2.325 and case = F22
  using s = 2.325 and case = T11
  using s = 2.325 and case = T12
  using s = 2.325 and case = T21
  using s = 2.325 and case = T22
  using s = 2.325 and case = E11
  using s = 2.325 and case = E13
  using s = 2.325 and case = E14
  using s = 2.325 and case = E21
  using s = 2.325 and case = E23
  using s = 2.325 and case = E24
[s'=3.10][lam=0.50][time=0.6s]
Running s' =  3.2 , lambda = 0.5 ...
  using s = 2.4000000000000004 and case = F11
  using s = 2.4000000000000004 and case = F12
  using s = 2.4000000000000004 and case = F21
  using s = 2.4000000000000004 and case = F22
  using s = 2.4000000000000004 and case = T11
  using s = 2.4000000000000004 and case = T12
  using s = 2.4000000000000004 and case = T21
  using s = 2.4000000000000004 and case = T22
  using s = 2.4000000000000004 and case = E11
  using s = 2.4000000000000004 and case = E13
  using s = 2.4000000000000004 and case = E14
  using s = 2.4000000000000004 and case = E21
  using s = 2.4000000000000004 and case = E23
  using s = 2.4000000000000004 and case = E24
[s'=3.20][lam=0.50][time=0.6s]
Running s' =  3.3 , lambda = 0.5 ...
  using s = 2.4749999999999996 and case = F11
  using s = 2.4749999999999996 and case = F12
  using s = 2.4749999999999996 and case = F21
  using s = 2.4749999999999996 and case = F22
  using s = 2.4749999999999996 and case = T11
  using s = 2.4749999999999996 and case = T12
  using s = 2.4749999999999996 and case = T21
  using s = 2.4749999999999996 and case = T22
  using s = 2.4749999999999996 and case = E11
  using s = 2.4749999999999996 and case = E13
  using s = 2.4749999999999996 and case = E14
  using s = 2.4749999999999996 and case = E21
  using s = 2.4749999999999996 and case = E23
  using s = 2.4749999999999996 and case = E24
[s'=3.30][lam=0.50][time=0.6s]
Running s' =  3.4 , lambda = 0.5 ...
  using s = 2.55 and case = F11
  using s = 2.55 and case = F12
  using s = 2.55 and case = F21
  using s = 2.55 and case = F22
  using s = 2.55 and case = T11
  using s = 2.55 and case = T12
  using s = 2.55 and case = T21
  using s = 2.55 and case = T22
  using s = 2.55 and case = E11
  using s = 2.55 and case = E13
  using s = 2.55 and case = E14
  using s = 2.55 and case = E21
  using s = 2.55 and case = E23
  using s = 2.55 and case = E24
[s'=3.40][lam=0.50][time=0.6s]
Running s' =  3.5 , lambda = 0.5 ...
  using s = 2.625 and case = F11
  using s = 2.625 and case = F12
  using s = 2.625 and case = F21
  using s = 2.625 and case = F22
  using s = 2.625 and case = T11
  using s = 2.625 and case = T12
  using s = 2.625 and case = T21
  using s = 2.625 and case = T22
  using s = 2.625 and case = E11
  using s = 2.625 and case = E13
  using s = 2.625 and case = E14
  using s = 2.625 and case = E21
  using s = 2.625 and case = E23
  using s = 2.625 and case = E24
[s'=3.50][lam=0.50][time=0.6s]
Running s' =  3.6 , lambda = 0.5 ...
  using s = 2.7 and case = F11
  using s = 2.7 and case = F12
  using s = 2.7 and case = F21
  using s = 2.7 and case = F22
  using s = 2.7 and case = T11
  using s = 2.7 and case = T12
  using s = 2.7 and case = T21
  using s = 2.7 and case = T22
  using s = 2.7 and case = E11
  using s = 2.7 and case = E13
  using s = 2.7 and case = E14
  using s = 2.7 and case = E21
  using s = 2.7 and case = E23
  using s = 2.7 and case = E24
[s'=3.60][lam=0.50][time=0.6s]
Running s' =  3.7 , lambda = 0.5 ...
  using s = 2.7750000000000004 and case = F11
  using s = 2.7750000000000004 and case = F12
  using s = 2.7750000000000004 and case = F21
  using s = 2.7750000000000004 and case = F22
  using s = 2.7750000000000004 and case = T11
  using s = 2.7750000000000004 and case = T12
  using s = 2.7750000000000004 and case = T21
  using s = 2.7750000000000004 and case = T22
  using s = 2.7750000000000004 and case = E11
  using s = 2.7750000000000004 and case = E13
  using s = 2.7750000000000004 and case = E14
  using s = 2.7750000000000004 and case = E21
  using s = 2.7750000000000004 and case = E23
  using s = 2.7750000000000004 and case = E24
[s'=3.70][lam=0.50][time=0.6s]
Running s' =  3.8 , lambda = 0.5 ...
  using s = 2.8499999999999996 and case = F11
  using s = 2.8499999999999996 and case = F12
  using s = 2.8499999999999996 and case = F21
  using s = 2.8499999999999996 and case = F22
  using s = 2.8499999999999996 and case = T11
  using s = 2.8499999999999996 and case = T12
  using s = 2.8499999999999996 and case = T21
  using s = 2.8499999999999996 and case = T22
  using s = 2.8499999999999996 and case = E11
  using s = 2.8499999999999996 and case = E13
  using s = 2.8499999999999996 and case = E14
  using s = 2.8499999999999996 and case = E21
  using s = 2.8499999999999996 and case = E23
  using s = 2.8499999999999996 and case = E24
[s'=3.80][lam=0.50][time=0.6s]
Running s' =  3.9 , lambda = 0.5 ...
  using s = 2.925 and case = F11
  using s = 2.925 and case = F12
  using s = 2.925 and case = F21
  using s = 2.925 and case = F22
  using s = 2.925 and case = T11
  using s = 2.925 and case = T12
  using s = 2.925 and case = T21
  using s = 2.925 and case = T22
  using s = 2.925 and case = E11
  using s = 2.925 and case = E13
  using s = 2.925 and case = E14
  using s = 2.925 and case = E21
  using s = 2.925 and case = E23
  using s = 2.925 and case = E24
[s'=3.90][lam=0.50][time=0.6s]
Running s' =  4.0 , lambda = 0.5 ...
  using s = 3.0 and case = F11
  using s = 3.0 and case = F12
  using s = 3.0 and case = F21
  using s = 3.0 and case = F22
  using s = 3.0 and case = T11
  using s = 3.0 and case = T12
  using s = 3.0 and case = T21
  using s = 3.0 and case = T22
  using s = 3.0 and case = E11
  using s = 3.0 and case = E13
  using s = 3.0 and case = E14
  using s = 3.0 and case = E21
  using s = 3.0 and case = E23
  using s = 3.0 and case = E24
[s'=4.00][lam=0.50][time=0.6s]
Running s' =  4.1 , lambda = 0.5 ...
  using s = 3.0749999999999997 and case = F11
  using s = 3.0749999999999997 and case = F12
  using s = 3.0749999999999997 and case = F21
  using s = 3.0749999999999997 and case = F22
  using s = 3.0749999999999997 and case = T11
  using s = 3.0749999999999997 and case = T12
  using s = 3.0749999999999997 and case = T21
  using s = 3.0749999999999997 and case = T22
  using s = 3.0749999999999997 and case = E11
  using s = 3.0749999999999997 and case = E13
  using s = 3.0749999999999997 and case = E14
  using s = 3.0749999999999997 and case = E21
  using s = 3.0749999999999997 and case = E23
  using s = 3.0749999999999997 and case = E24
[s'=4.10][lam=0.50][time=0.6s]
Running s' =  4.2 , lambda = 0.5 ...
  using s = 3.1500000000000004 and case = F11
  using s = 3.1500000000000004 and case = F12
  using s = 3.1500000000000004 and case = F21
  using s = 3.1500000000000004 and case = F22
  using s = 3.1500000000000004 and case = T11
  using s = 3.1500000000000004 and case = T12
  using s = 3.1500000000000004 and case = T21
  using s = 3.1500000000000004 and case = T22
  using s = 3.1500000000000004 and case = E11
  using s = 3.1500000000000004 and case = E13
  using s = 3.1500000000000004 and case = E14
  using s = 3.1500000000000004 and case = E21
  using s = 3.1500000000000004 and case = E23
  using s = 3.1500000000000004 and case = E24
[s'=4.20][lam=0.50][time=0.6s]
Running s' =  4.3 , lambda = 0.5 ...
  using s = 3.2249999999999996 and case = F11
  using s = 3.2249999999999996 and case = F12
  using s = 3.2249999999999996 and case = F21
  using s = 3.2249999999999996 and case = F22
  using s = 3.2249999999999996 and case = T11
  using s = 3.2249999999999996 and case = T12
  using s = 3.2249999999999996 and case = T21
  using s = 3.2249999999999996 and case = T22
  using s = 3.2249999999999996 and case = E11
  using s = 3.2249999999999996 and case = E13
  using s = 3.2249999999999996 and case = E14
  using s = 3.2249999999999996 and case = E21
  using s = 3.2249999999999996 and case = E23
  using s = 3.2249999999999996 and case = E24
[s'=4.30][lam=0.50][time=0.6s]
Running s' =  4.4 , lambda = 0.5 ...
  using s = 3.3000000000000003 and case = F11
  using s = 3.3000000000000003 and case = F12
  using s = 3.3000000000000003 and case = F21
  using s = 3.3000000000000003 and case = F22
  using s = 3.3000000000000003 and case = T11
  using s = 3.3000000000000003 and case = T12
  using s = 3.3000000000000003 and case = T21
  using s = 3.3000000000000003 and case = T22
  using s = 3.3000000000000003 and case = E11
  using s = 3.3000000000000003 and case = E13
  using s = 3.3000000000000003 and case = E14
  using s = 3.3000000000000003 and case = E21
  using s = 3.3000000000000003 and case = E23
  using s = 3.3000000000000003 and case = E24
[s'=4.40][lam=0.50][time=0.6s]
Running s' =  4.5 , lambda = 0.5 ...
  using s = 3.375 and case = F11
  using s = 3.375 and case = F12
  using s = 3.375 and case = F21
  using s = 3.375 and case = F22
  using s = 3.375 and case = T11
  using s = 3.375 and case = T12
  using s = 3.375 and case = T21
  using s = 3.375 and case = T22
  using s = 3.375 and case = E11
  using s = 3.375 and case = E13
  using s = 3.375 and case = E14
  using s = 3.375 and case = E21
  using s = 3.375 and case = E23
  using s = 3.375 and case = E24
[s'=4.50][lam=0.50][time=0.6s]
Time elapsed 0h03m00s
