CMakeLists.txt: OK
FINAL_STATUS.json: OK
FINAL_TERMINAL_SUMMARY.txt: OK
MICROBUBBLE_WALL_HYDRODYNAMICS_V0_REPORT.md: OK
PHASE_CONTACT.json: OK
PHASE_REMAINING.json: OK
README.md: OK
REMOTE_SHA256SUMS: OK
RUNTIME_INPUT_SHA256SUMS: OK
VISUALIZATION_PROVENANCE.json: OK
WALL_INTERACTION_EVENTS.csv: OK
build_math/libwall_math.so: OK
build_math/wall_lmp_cpu: OK
build_math/wall_lmp_gpu: OK
cases/COMBINED_PAIR_WALL/CASE_CONTRACT.json: OK
cases/COMBINED_PAIR_WALL/INTEGRATION_STAGES.csv: OK
cases/COMBINED_PAIR_WALL/RUN.log: OK
cases/COMBINED_PAIR_WALL/RUNTIME_SELECTION.json: OK
cases/COMBINED_PAIR_WALL/RUN_RECEIPT.json: OK
cases/COMBINED_PAIR_WALL/RUN_STATE.json: OK
cases/COMBINED_PAIR_WALL/SOLVER_HISTORY.csv: OK
cases/COMBINED_PAIR_WALL/TRAJECTORIES.csv: OK
cases/COMBINED_PAIR_WALL/WALL_INTERACTION_EVENTS.csv: OK
cases/COMBINED_PAIR_WALL/case.cfg: OK
cases/COMBINED_PAIR_WALL/case.selected.cfg: OK
cases/COMBINED_PAIR_WALL/particles.data: OK
cases/F_handoff/CASE_CONTRACT.json: OK
cases/F_handoff/INTEGRATION_STAGES.csv: OK
cases/F_handoff/RUN.log: OK
cases/F_handoff/RUN_RECEIPT.json: OK
cases/F_handoff/RUN_STATE.json: OK
cases/F_handoff/SOLVER_HISTORY.csv: OK
cases/F_handoff/TRAJECTORIES.csv: OK
cases/F_handoff/WALL_INTERACTION_EVENTS.csv: OK
cases/F_handoff/case.cfg: OK
cases/F_handoff/particles.data: OK
cases/F_hard_cw1/CASE_CONTRACT.json: OK
cases/F_hard_cw1/INTEGRATION_STAGES.csv: OK
cases/F_hard_cw1/RUN.log: OK
cases/F_hard_cw1/RUN_RECEIPT.json: OK
cases/F_hard_cw1/RUN_STATE.json: OK
cases/F_hard_cw1/SOLVER_HISTORY.csv: OK
cases/F_hard_cw1/TRAJECTORIES.csv: OK
cases/F_hard_cw1/WALL_INTERACTION_EVENTS.csv: OK
cases/F_hard_cw1/case.cfg: OK
cases/F_hard_cw1/particles.data: OK
cases/F_hard_cw2/CASE_CONTRACT.json: OK
cases/F_hard_cw2/INTEGRATION_STAGES.csv: OK
cases/F_hard_cw2/RUN.log: OK
cases/F_hard_cw2/RUN_RECEIPT.json: OK
cases/F_hard_cw2/RUN_STATE.json: OK
cases/F_hard_cw2/SOLVER_HISTORY.csv: OK
cases/F_hard_cw2/TRAJECTORIES.csv: OK
cases/F_hard_cw2/WALL_INTERACTION_EVENTS.csv: OK
cases/F_hard_cw2/case.cfg: OK
cases/F_hard_cw2/particles.data: OK
cases/F_hard_cw4/CASE_CONTRACT.json: OK
cases/F_hard_cw4/INTEGRATION_STAGES.csv: OK
cases/F_hard_cw4/RUN.log: OK
cases/F_hard_cw4/RUN_RECEIPT.json: OK
cases/F_hard_cw4/RUN_STATE.json: OK
cases/F_hard_cw4/SOLVER_HISTORY.csv: OK
cases/F_hard_cw4/TRAJECTORIES.csv: OK
cases/F_hard_cw4/WALL_INTERACTION_EVENTS.csv: OK
cases/F_hard_cw4/case.cfg: OK
cases/F_hard_cw4/particles.data: OK
cases/F_no_wall/CASE_CONTRACT.json: OK
cases/F_no_wall/INTEGRATION_STAGES.csv: OK
cases/F_no_wall/RUN.log: OK
cases/F_no_wall/RUN_RECEIPT.json: OK
cases/F_no_wall/RUN_STATE.json: OK
cases/F_no_wall/SOLVER_HISTORY.csv: OK
cases/F_no_wall/TRAJECTORIES.csv: OK
cases/F_no_wall/WALL_INTERACTION_EVENTS.csv: OK
cases/F_no_wall/case.cfg: OK
cases/F_no_wall/particles.data: OK
cases/F_resistance_only/CASE_CONTRACT.json: OK
cases/F_resistance_only/INTEGRATION_STAGES.csv: OK
cases/F_resistance_only/RUN.log: OK
cases/F_resistance_only/RUN_RECEIPT.json: OK
cases/F_resistance_only/RUN_STATE.json: OK
cases/F_resistance_only/SOLVER_HISTORY.csv: OK
cases/F_resistance_only/TRAJECTORIES.csv: OK
cases/F_resistance_only/WALL_INTERACTION_EVENTS.csv: OK
cases/F_resistance_only/case.cfg: OK
cases/F_resistance_only/particles.data: OK
cases/I_real_single/RUN_STATE.json: OK
cases/J_real_8/CASE_CONTRACT.json: OK
cases/J_real_8/INITIAL_STATE_SEMANTICS.json: OK
cases/J_real_8/INTEGRATION_STAGES.csv: OK
cases/J_real_8/RUN.log: OK
cases/J_real_8/RUNTIME_SELECTION.json: OK
cases/J_real_8/RUN_RECEIPT.json: OK
cases/J_real_8/RUN_STATE.json: OK
cases/J_real_8/SOLVER_HISTORY.csv: OK
cases/J_real_8/TRAJECTORIES.csv: OK
cases/J_real_8/WALL_INTERACTION_EVENTS.csv: OK
cases/J_real_8/case.cfg: OK
cases/J_real_8/case.selected.cfg: OK
cases/J_real_8/particles.data: OK
cases/KOKKOS_SMOKE/CASE_CONTRACT.json: OK
cases/KOKKOS_SMOKE/INTEGRATION_STAGES.csv: OK
cases/KOKKOS_SMOKE/RUN.log: OK
cases/KOKKOS_SMOKE/RUNTIME_SELECTION.json: OK
cases/KOKKOS_SMOKE/RUN_RECEIPT.json: OK
cases/KOKKOS_SMOKE/RUN_STATE.json: OK
cases/KOKKOS_SMOKE/SOLVER_HISTORY.csv: OK
cases/KOKKOS_SMOKE/TRAJECTORIES.csv: OK
cases/KOKKOS_SMOKE/WALL_INTERACTION_EVENTS.csv: OK
cases/KOKKOS_SMOKE/case.cfg: OK
cases/KOKKOS_SMOKE/case.selected.cfg: OK
cases/KOKKOS_SMOKE/particles.data: OK
cases/MPI1_128/CASE_CONTRACT.json: OK
cases/MPI1_128/INTEGRATION_STAGES.csv: OK
cases/MPI1_128/RUN.log: OK
cases/MPI1_128/RUNTIME_SELECTION.json: OK
cases/MPI1_128/RUN_RECEIPT.json: OK
cases/MPI1_128/RUN_STATE.json: OK
cases/MPI1_128/SOLVER_HISTORY.csv: OK
cases/MPI1_128/TRAJECTORIES.csv: OK
cases/MPI1_128/WALL_INTERACTION_EVENTS.csv: OK
cases/MPI1_128/case.cfg: OK
cases/MPI1_128/case.selected.cfg: OK
cases/MPI1_128/particles.data: OK
cases/MPI4_128/CASE_CONTRACT.json: OK
cases/MPI4_128/INTEGRATION_STAGES.csv: OK
cases/MPI4_128/RUN.log: OK
cases/MPI4_128/RUNTIME_SELECTION.json: OK
cases/MPI4_128/RUN_RECEIPT.json: OK
cases/MPI4_128/RUN_STATE.json: OK
cases/MPI4_128/SOLVER_HISTORY.csv: OK
cases/MPI4_128/TRAJECTORIES.csv: OK
cases/MPI4_128/WALL_INTERACTION_EVENTS.csv: OK
cases/MPI4_128/case.cfg: OK
cases/MPI4_128/case.selected.cfg: OK
cases/MPI4_128/particles.data: OK
contracts/CASE_INDEX.json: OK
contracts/CASE_I_INITIAL_SELECTION.json: OK
contracts/CASE_I_SUPPLEMENTAL_SEARCH_PLAN.json: OK
contracts/CASE_I_SUPPLEMENTAL_SELECTION.json: OK
contracts/GEOMETRY_AUDIT_PLAN.json: OK
contracts/JOINT_CONSTRAINT_STATIC_PLAN.json: OK
contracts/MICROBUBBLE_WALL_HYDRODYNAMICS_V0_CONTRACT.json: OK
contracts/RMBW_WALL_TABLE_CONTRACT.json: OK
contracts/SELECTED_C_WALL.json: OK
contracts/SWEPT_STATIC_PLAN.json: OK
contracts/TABLE_GENERATION_PLAN.json: OK
fields/FROZEN_FLOW_FIELD_V0.h5: OK
fields/WALL_COMBINED_FIELD.h5: OK
fields/WALL_MPI_FIELD.h5: OK
fields/WALL_ZERO_FIELD.h5: OK
logs/CASE_PREPARATION_INITIAL_ERROR.txt: OK
logs/CONTACT_FINALIZER.log: OK
logs/DOWNLOADED_SHA256_VERIFY.log: OK
logs/FINAL_INTEGRITY.log: OK
logs/GEOMETRY_AUDIT.log: OK
logs/JOINT_CONSTRAINT_STATIC.log: OK
logs/LOCAL_ENV_INSTALL.log: OK
logs/LOCAL_MATH_BUILD.log: OK
logs/LOCAL_MATH_BUILD_2.log: OK
logs/OFFLINE_FINALIZER.log: OK
logs/OFFLINE_GENERATOR.log: OK
logs/PHASE_CONTACT.log: OK
logs/PHASE_REMAINING.log: OK
logs/REMOTE_BUILD.log: OK
logs/REMOTE_CONFIGURE.log: OK
logs/REMOTE_DOWNLOAD.log: OK
logs/REMOTE_INPUT_SHA_VERIFY.log: OK
logs/REMOTE_SHA256_VERIFY.log: OK
logs/ROTATION_MODES_AUDIT.log: OK
logs/RUNTIME_FINALIZER.log: OK
logs/SINGLE_START_SUPPLEMENT.log: OK
logs/SUPPLEMENTAL_FINALIZER.log: OK
logs/SWEPT_STATIC.log: OK
logs/TABLE_PACKAGING.log: OK
logs/UPLOAD.log: OK
logs/VISUALIZATION.log: OK
provenance/EIGEN_3P4_HEADERS.tar.gz: OK
provenance/EIGEN_COPYRIGHT.txt: OK
provenance/FROZEN_FLOW_FIELD_CONTRACT.json: OK
provenance/LOCAL_BASELINE_AFTER.json: OK
provenance/LOCAL_BASELINE_BEFORE.json: OK
provenance/LOCAL_VALIDATION_REQUIREMENTS.txt: OK
provenance/PAIR_REFERENCE_CONTRACT.json: OK
provenance/PREFLIGHT_INITIAL_ERROR.json: OK
provenance/PREVIOUS_REAL_8_CASE_CONTRACT.json: OK
provenance/PREVIOUS_REAL_8_TRAJECTORIES.csv: OK
provenance/REMOTE_CONTROL_CLOSED.json: OK
provenance/REMOTE_PREFLIGHT.json: OK
provenance/REMOTE_SOURCE_AFTER.json: OK
provenance/REMOTE_TERMINAL_AUDIT.json: OK
provenance/REUSED_SOURCE_BEFORE_SHA256.json: OK
provenance/RMBW_SOURCE_AFTER.json: OK
provenance/RUNTIME_SOURCE_SHA256.json: OK
provenance/SYNTHETIC_SPHERE_R20UM.stl: OK
provenance/TASK_PATHS.json: OK
provenance/TASK_REQUEST.txt: OK
provenance/USER_TASK.txt: OK
provenance/VAST_AGENTS_GUIDE.md: OK
provenance/closed_geometry_m.stl: OK
provenance/control_scripts/build_remote.py: OK
provenance/control_scripts/check_remote.py: OK
provenance/control_scripts/collect_remote.py: OK
provenance/control_scripts/finish_remote_control.py: OK
provenance/control_scripts/launch_phase.py: OK
provenance/control_scripts/remote_exec.py: OK
provenance/control_scripts/remote_preflight.py: OK
provenance/control_scripts/upload_runtime.py: OK
provenance/control_scripts/upload_selection.py: OK
provenance/reference_audit/CLASSICAL_SPHERE_WALL_THEORY_AUDIT.md: OK
provenance/reference_audit/FINAL_SUMMARY.json: OK
provenance/reference_audit/README.md: OK
provenance/reference_audit/RIGIDMULTIBLOBSWALL_PROVENANCE.json: OK
provenance/reference_audit/RigidMultiblobsWall_FROZEN_UPSTREAM.tar.gz: OK
provenance/reference_audit/RigidMultiblobsWall_LICENSE.txt: OK
provenance/reference_audit/RigidMultiblobsWall_SOURCE_SHA256SUMS: OK
provenance/reference_audit/SHA256SUMS: OK
provenance/reference_audit/WALL_REFERENCE_CONVENTION.json: OK
provenance/reference_audit/WALL_REFERENCE_MOBILITY_MATRICES.h5: OK
provenance/reference_audit/WALL_REFERENCE_RAW_RESULTS.csv: OK
provenance/reference_audit/WALL_REFERENCE_RESISTANCE_MATRICES.h5: OK
provenance/reference_audit/rmbw_reference_adapter.py: OK
raw/CURVED_GEOMETRY_FIRST.npz: OK
raw/FLAT_MODE_SOLVER_FIRST.npz: OK
raw/JOINT_CONSTRAINT_STATIC_FIRST.json: OK
raw/REAL_GEOMETRY_FIRST.npz: OK
raw/RMBW_d10_FIRST.npz: OK
raw/RMBW_d50_FIRST.npz: OK
raw/RMBW_d90_FIRST.npz: OK
raw/RMBW_table_FIRST.npz: OK
raw/ROTATION_FIRST.npz: OK
raw/SWEPT_STATIC_FIRST.npz: OK
scripts/assemble_wall_report.py: OK
scripts/audit_geometry.py: OK
scripts/audit_joint_constraints.py: OK
scripts/audit_rotation_and_modes.py: OK
scripts/audit_swept_static.py: OK
scripts/check_final_artifacts.py: OK
scripts/final_integrity_audit.py: OK
scripts/generate_rmbw_wall_table.py: OK
scripts/generate_wall_visualizations.py: OK
scripts/package_wall_table.py: OK
scripts/prepare_wall_cases.py: OK
scripts/run_wall_phase.py: OK
scripts/supplement_single_start_search.py: OK
src/audit_joint_constraints.cpp: OK
src/finalize_wall_hydrodynamics_v0.py: OK
src/frozen_flow.cpp: OK
src/frozen_flow.hpp: OK
src/reference_pair_frozen.py: OK
src/reference_wall_hydrodynamics_v0.py: OK
src/reference_wall_runtime.py: OK
src/rigid_lammps_main.cpp: OK
src/rigid_math.cpp: OK
src/rigid_math.hpp: OK
src/wall_distance.cpp: OK
src/wall_distance.hpp: OK
src/wall_model.cpp: OK
src/wall_model.hpp: OK
tables/RMBW_WALL_RESISTANCE_TABLE_V0.h5: OK
validation/CASE_J_INITIAL_GEOMETRY.json: OK
validation/COMBINED_PAIR_WALL_INDEPENDENT.json: OK
validation/CONTACT_INDEPENDENT_FINALIZER.json: OK
validation/CURVED_GEOMETRY_AUDIT.json: OK
validation/C_WALL_CONVERGENCE.json: OK
validation/FAR_FIELD_HANDOFF_AUDIT.json: OK
validation/FINAL_ARTIFACT_CHECK.json: OK
validation/FLAT_WALL_MODE_AUDIT.json: OK
validation/FLAT_WALL_MODE_RESPONSES.csv: OK
validation/F_handoff_INDEPENDENT.json: OK
validation/F_hard_cw1_INDEPENDENT.json: OK
validation/F_hard_cw2_INDEPENDENT.json: OK
validation/F_hard_cw4_INDEPENDENT.json: OK
validation/F_no_wall_INDEPENDENT.json: OK
validation/F_resistance_only_INDEPENDENT.json: OK
validation/INDEPENDENT_FINALIZER.json: OK
validation/JOINT_CONSTRAINT_STATIC_AUDIT.json: OK
validation/KOKKOS_SMOKE_INDEPENDENT.json: OK
validation/MPI1_128_INDEPENDENT.json: OK
validation/MPI4_128_INDEPENDENT.json: OK
validation/MPI_WALL_MODEL.json: OK
validation/OFFLINE_INDEPENDENT_FINALIZER.json: OK
validation/REAL_GEOMETRY_AUDIT.json: OK
validation/REMOTE_TO_WSL_INTEGRITY.json: OK
validation/ROTATION_AUDIT.json: OK
validation/RUNTIME_FROZEN_SELECTION_VERIFICATION.json: OK
validation/RUNTIME_INDEPENDENT_FINALIZER.json: OK
validation/SUPPLEMENTAL_INDEPENDENT_FINALIZER.json: OK
validation/SWEPT_STATIC_AUDIT.json: OK
validation/TABLE_HOLDOUT_CPP.npz: OK
validation/TABLE_HOLDOUT_ERRORS.csv: OK
validation/TABLE_INTERPOLATION_AUDIT.json: OK
validation/WALL_EVENT_AGGREGATION.json: OK
validation/WALL_LOCAL_PLANE_VALIDITY.csv: OK
visualization/VIS_CURVED_WALL_QUERY_QA.png: OK
visualization/VIS_FLAT_WALL_NORMAL_APPROACH.png: OK
visualization/VIS_FLAT_WALL_TANGENTIAL_ROTATION.png: OK
visualization/VIS_HARD_WALL_NONOVERLAP.png: OK
visualization/VIS_REAL_8BUBBLE_WALL_COMPARISON.png: OK
visualization/VIS_REAL_LOCAL_PLANE_VALIDITY.png: OK
visualization/VIS_REAL_SINGLE_BUBBLE_GAP.png: OK
visualization/VIS_REAL_SINGLE_BUBBLE_WALL.png: OK
visualization/VIS_REAL_WALL_ACTIVITY.png: OK
visualization/VIS_WALL_LOOKUP_ERROR.png: OK
visualization/VIS_WALL_LOOKUP_TABLE.png: OK
visualization/VIS_WALL_MATRIX_PROPERTIES.png: OK
visualization/paraview/CASE_I_TRAJECTORY.vtp: OK
visualization/paraview/CASE_J_TRAJECTORIES.vtp: OK
visualization/paraview/LOCAL_PLANE_VALIDITY.vtp: OK
visualization/paraview/REAL_SURFACE_VALIDITY_SAMPLES.vtp: OK
visualization/paraview/WALL_QUERY_NORMALS.vtp: OK
