CMakeLists.txt: OK
FINAL_SUMMARY.json: OK
FINAL_TERMINAL_SUMMARY.txt: OK
LAMMPS_2SEP2026_CANDIDATE_RETIREMENT_MANIFEST.json: OK
LAMMPS_2SEP2026_CANDIDATE_RETIREMENT_RECEIPT.json: OK
LAMMPS_ACTIVE_INSTALL_AUDIT.json: OK
LOCAL_INDEPENDENT_FINALIZER.json: OK
NUMERICAL_FINALIZER.json: OK
PAIR_HYDRODYNAMIC_EVENTS.csv: OK
PHASE_INITIAL_RESUME_STATE.json: OK
PHASE_INITIAL_STATE.json: OK
PHASE_PASSIVE_PAIR_STATE.json: OK
PHASE_REMAINING_STATE.json: OK
README.md: OK
SOURCE_SHA256SUMS: OK
STABLE_LAMMPS_LUBRICATION_SOURCE_AUDIT.md: OK
STABLE_LAMMPS_RIGID_SPHERE_NEAR_FIELD_V0_REPORT.md: OK
THEORY_DERIVATION.md: OK
VISUALIZATION_PROVENANCE.json: OK
build_math/librigid_math.so: OK
cases/A_normal_cg01/CASE_CONTRACT.json: OK
cases/A_normal_cg01/INDEPENDENT_VALIDATION.json: OK
cases/A_normal_cg01/INDEPENDENT_VALIDATION.log: OK
cases/A_normal_cg01/INTEGRATION_STAGES.csv: OK
cases/A_normal_cg01/PAIR_HYDRODYNAMIC_EVENTS.csv: OK
cases/A_normal_cg01/RUN.log: OK
cases/A_normal_cg01/RUN_RECEIPT.json: OK
cases/A_normal_cg01/RUN_STATE.json: OK
cases/A_normal_cg01/SOLVER_HISTORY.csv: OK
cases/A_normal_cg01/TRAJECTORIES.csv: OK
cases/A_normal_cg01/case.cfg: OK
cases/A_normal_cg01/particles.data: OK
cases/A_normal_cg02/CASE_CONTRACT.json: OK
cases/A_normal_cg02/INDEPENDENT_VALIDATION.json: OK
cases/A_normal_cg02/INDEPENDENT_VALIDATION.log: OK
cases/A_normal_cg02/INTEGRATION_STAGES.csv: OK
cases/A_normal_cg02/PAIR_HYDRODYNAMIC_EVENTS.csv: OK
cases/A_normal_cg02/RUN.log: OK
cases/A_normal_cg02/RUN_RECEIPT.json: OK
cases/A_normal_cg02/RUN_STATE.json: OK
cases/A_normal_cg02/SOLVER_HISTORY.csv: OK
cases/A_normal_cg02/TRAJECTORIES.csv: OK
cases/A_normal_cg02/case.cfg: OK
cases/A_normal_cg02/particles.data: OK
cases/A_normal_cg04/CASE_CONTRACT.json: OK
cases/A_normal_cg04/INDEPENDENT_VALIDATION.json: OK
cases/A_normal_cg04/INDEPENDENT_VALIDATION.log: OK
cases/A_normal_cg04/INTEGRATION_STAGES.csv: OK
cases/A_normal_cg04/PAIR_HYDRODYNAMIC_EVENTS.csv: OK
cases/A_normal_cg04/RUN.log: OK
cases/A_normal_cg04/RUN_RECEIPT.json: OK
cases/A_normal_cg04/RUN_STATE.json: OK
cases/A_normal_cg04/SOLVER_HISTORY.csv: OK
cases/A_normal_cg04/TRAJECTORIES.csv: OK
cases/A_normal_cg04/case.cfg: OK
cases/A_normal_cg04/particles.data: OK
cases/B_tangential/CASE_CONTRACT.json: OK
cases/B_tangential/INDEPENDENT_VALIDATION.json: OK
cases/B_tangential/INDEPENDENT_VALIDATION.log: OK
cases/B_tangential/INTEGRATION_STAGES.csv: OK
cases/B_tangential/PAIR_HYDRODYNAMIC_EVENTS.csv: OK
cases/B_tangential/RUN.log: OK
cases/B_tangential/RUN_RECEIPT.json: OK
cases/B_tangential/RUN_STATE.json: OK
cases/B_tangential/SOLVER_HISTORY.csv: OK
cases/B_tangential/TRAJECTORIES.csv: OK
cases/B_tangential/case.cfg: OK
cases/B_tangential/particles.data: OK
cases/C1_equal_transverse/CASE_CONTRACT.json: OK
cases/C1_equal_transverse/INDEPENDENT_VALIDATION.json: OK
cases/C1_equal_transverse/INDEPENDENT_VALIDATION.log: OK
cases/C1_equal_transverse/INTEGRATION_STAGES.csv: OK
cases/C1_equal_transverse/PAIR_HYDRODYNAMIC_EVENTS.csv: OK
cases/C1_equal_transverse/RUN.log: OK
cases/C1_equal_transverse/RUN_RECEIPT.json: OK
cases/C1_equal_transverse/RUN_STATE.json: OK
cases/C1_equal_transverse/SOLVER_HISTORY.csv: OK
cases/C1_equal_transverse/TRAJECTORIES.csv: OK
cases/C1_equal_transverse/case.cfg: OK
cases/C1_equal_transverse/particles.data: OK
cases/C2_opposite_transverse/CASE_CONTRACT.json: OK
cases/C2_opposite_transverse/INDEPENDENT_VALIDATION.json: OK
cases/C2_opposite_transverse/INDEPENDENT_VALIDATION.log: OK
cases/C2_opposite_transverse/INTEGRATION_STAGES.csv: OK
cases/C2_opposite_transverse/PAIR_HYDRODYNAMIC_EVENTS.csv: OK
cases/C2_opposite_transverse/RUN.log: OK
cases/C2_opposite_transverse/RUN_RECEIPT.json: OK
cases/C2_opposite_transverse/RUN_STATE.json: OK
cases/C2_opposite_transverse/SOLVER_HISTORY.csv: OK
cases/C2_opposite_transverse/TRAJECTORIES.csv: OK
cases/C2_opposite_transverse/case.cfg: OK
cases/C2_opposite_transverse/particles.data: OK
cases/D_pass_by/CASE_CONTRACT.json: OK
cases/D_pass_by/INDEPENDENT_VALIDATION.json: OK
cases/D_pass_by/INDEPENDENT_VALIDATION.log: OK
cases/D_pass_by/INTEGRATION_STAGES.csv: OK
cases/D_pass_by/PAIR_HYDRODYNAMIC_EVENTS.csv: OK
cases/D_pass_by/RUN.log: OK
cases/D_pass_by/RUN_RECEIPT.json: OK
cases/D_pass_by/RUN_STATE.json: OK
cases/D_pass_by/SOLVER_HISTORY.csv: OK
cases/D_pass_by/TRAJECTORIES.csv: OK
cases/D_pass_by/case.cfg: OK
cases/D_pass_by/particles.data: OK
cases/E_arbitrary_pair/CASE_CONTRACT.json: OK
cases/E_arbitrary_pair/INDEPENDENT_VALIDATION.json: OK
cases/E_arbitrary_pair/INDEPENDENT_VALIDATION.log: OK
cases/E_arbitrary_pair/INTEGRATION_STAGES.csv: OK
cases/E_arbitrary_pair/PAIR_HYDRODYNAMIC_EVENTS.csv: OK
cases/E_arbitrary_pair/RUN.log: OK
cases/E_arbitrary_pair/RUN_RECEIPT.json: OK
cases/E_arbitrary_pair/RUN_STATE.json: OK
cases/E_arbitrary_pair/SOLVER_HISTORY.csv: OK
cases/E_arbitrary_pair/TRAJECTORIES.csv: OK
cases/E_arbitrary_pair/case.cfg: OK
cases/E_arbitrary_pair/particles.data: OK
cases/F_contact_cg01/CASE_CONTRACT.json: OK
cases/F_contact_cg01/INDEPENDENT_VALIDATION.json: OK
cases/F_contact_cg01/INDEPENDENT_VALIDATION.log: OK
cases/F_contact_cg01/INTEGRATION_STAGES.csv: OK
cases/F_contact_cg01/PAIR_HYDRODYNAMIC_EVENTS.csv: OK
cases/F_contact_cg01/RUN.log: OK
cases/F_contact_cg01/RUN_RECEIPT.json: OK
cases/F_contact_cg01/RUN_STATE.json: OK
cases/F_contact_cg01/SOLVER_HISTORY.csv: OK
cases/F_contact_cg01/TRAJECTORIES.csv: OK
cases/F_contact_cg01/case.cfg: OK
cases/F_contact_cg01/particles.data: OK
cases/F_contact_cg02/CASE_CONTRACT.json: OK
cases/F_contact_cg02/INDEPENDENT_VALIDATION.json: OK
cases/F_contact_cg02/INDEPENDENT_VALIDATION.log: OK
cases/F_contact_cg02/INTEGRATION_STAGES.csv: OK
cases/F_contact_cg02/PAIR_HYDRODYNAMIC_EVENTS.csv: OK
cases/F_contact_cg02/RUN.log: OK
cases/F_contact_cg02/RUN_RECEIPT.json: OK
cases/F_contact_cg02/RUN_STATE.json: OK
cases/F_contact_cg02/SOLVER_HISTORY.csv: OK
cases/F_contact_cg02/TRAJECTORIES.csv: OK
cases/F_contact_cg02/case.cfg: OK
cases/F_contact_cg02/particles.data: OK
cases/F_contact_cg04/CASE_CONTRACT.json: OK
cases/F_contact_cg04/INDEPENDENT_VALIDATION.json: OK
cases/F_contact_cg04/INDEPENDENT_VALIDATION.log: OK
cases/F_contact_cg04/INTEGRATION_STAGES.csv: OK
cases/F_contact_cg04/PAIR_HYDRODYNAMIC_EVENTS.csv: OK
cases/F_contact_cg04/RUN.log: OK
cases/F_contact_cg04/RUN_RECEIPT.json: OK
cases/F_contact_cg04/RUN_STATE.json: OK
cases/F_contact_cg04/SOLVER_HISTORY.csv: OK
cases/F_contact_cg04/TRAJECTORIES.csv: OK
cases/F_contact_cg04/case.cfg: OK
cases/F_contact_cg04/particles.data: OK
cases/G_three_particle/CASE_CONTRACT.json: OK
cases/G_three_particle/INDEPENDENT_VALIDATION.json: OK
cases/G_three_particle/INDEPENDENT_VALIDATION.log: OK
cases/G_three_particle/INTEGRATION_STAGES.csv: OK
cases/G_three_particle/PAIR_HYDRODYNAMIC_EVENTS.csv: OK
cases/G_three_particle/RUN.log: OK
cases/G_three_particle/RUN_RECEIPT.json: OK
cases/G_three_particle/RUN_STATE.json: OK
cases/G_three_particle/SOLVER_HISTORY.csv: OK
cases/G_three_particle/TRAJECTORIES.csv: OK
cases/G_three_particle/case.cfg: OK
cases/G_three_particle/particles.data: OK
cases/H_permuted/CASE_CONTRACT.json: OK
cases/H_permuted/INDEPENDENT_VALIDATION.json: OK
cases/H_permuted/INDEPENDENT_VALIDATION.log: OK
cases/H_permuted/INTEGRATION_STAGES.csv: OK
cases/H_permuted/PAIR_HYDRODYNAMIC_EVENTS.csv: OK
cases/H_permuted/RUN.log: OK
cases/H_permuted/RUN_RECEIPT.json: OK
cases/H_permuted/RUN_STATE.json: OK
cases/H_permuted/SOLVER_HISTORY.csv: OK
cases/H_permuted/TRAJECTORIES.csv: OK
cases/H_permuted/case.cfg: OK
cases/H_permuted/particles.data: OK
cases/I_mpi1/CASE_CONTRACT.json: OK
cases/I_mpi1/INDEPENDENT_VALIDATION.json: OK
cases/I_mpi1/INDEPENDENT_VALIDATION.log: OK
cases/I_mpi1/INTEGRATION_STAGES.csv: OK
cases/I_mpi1/PAIR_HYDRODYNAMIC_EVENTS.csv: OK
cases/I_mpi1/RUN.log: OK
cases/I_mpi1/RUN_RECEIPT.json: OK
cases/I_mpi1/RUN_STATE.json: OK
cases/I_mpi1/SOLVER_HISTORY.csv: OK
cases/I_mpi1/TRAJECTORIES.csv: OK
cases/I_mpi1/case.cfg: OK
cases/I_mpi1/particles.data: OK
cases/I_mpi4/CASE_CONTRACT.json: OK
cases/I_mpi4/INDEPENDENT_VALIDATION.json: OK
cases/I_mpi4/INDEPENDENT_VALIDATION.log: OK
cases/I_mpi4/INTEGRATION_STAGES.csv: OK
cases/I_mpi4/PAIR_HYDRODYNAMIC_EVENTS.csv: OK
cases/I_mpi4/RUN.log: OK
cases/I_mpi4/RUN_RECEIPT.json: OK
cases/I_mpi4/RUN_STATE.json: OK
cases/I_mpi4/SOLVER_HISTORY.csv: OK
cases/I_mpi4/TRAJECTORIES.csv: OK
cases/I_mpi4/case.cfg: OK
cases/I_mpi4/particles.data: OK
cases/J2_passive_separated_pair/CASE_CONTRACT.json: OK
cases/J2_passive_separated_pair/INDEPENDENT_VALIDATION.json: OK
cases/J2_passive_separated_pair/INDEPENDENT_VALIDATION.log: OK
cases/J2_passive_separated_pair/INTEGRATION_STAGES.csv: OK
cases/J2_passive_separated_pair/PAIR_HYDRODYNAMIC_EVENTS.csv: OK
cases/J2_passive_separated_pair/RUN.log: OK
cases/J2_passive_separated_pair/RUN_RECEIPT.json: OK
cases/J2_passive_separated_pair/RUN_STATE.json: OK
cases/J2_passive_separated_pair/SOLVER_HISTORY.csv: OK
cases/J2_passive_separated_pair/TRAJECTORIES.csv: OK
cases/J2_passive_separated_pair/case.cfg: OK
cases/J2_passive_separated_pair/particles.data: OK
cases/J_passive/CASE_CONTRACT.json: OK
cases/J_passive/INDEPENDENT_VALIDATION.json: OK
cases/J_passive/INDEPENDENT_VALIDATION.log: OK
cases/J_passive/INTEGRATION_STAGES.csv: OK
cases/J_passive/PAIR_HYDRODYNAMIC_EVENTS.csv: OK
cases/J_passive/RUN.log: OK
cases/J_passive/RUN_RECEIPT.json: OK
cases/J_passive/RUN_STATE.json: OK
cases/J_passive/SOLVER_HISTORY.csv: OK
cases/J_passive/TRAJECTORIES.csv: OK
cases/J_passive/case.cfg: OK
cases/J_passive/particles.data: OK
cases/K_real_8/CASE_CONTRACT.json: OK
cases/K_real_8/INDEPENDENT_VALIDATION.json: OK
cases/K_real_8/INDEPENDENT_VALIDATION.log: OK
cases/K_real_8/INTEGRATION_STAGES.csv: OK
cases/K_real_8/PAIR_HYDRODYNAMIC_EVENTS.csv: OK
cases/K_real_8/RUN.log: OK
cases/K_real_8/RUN_RECEIPT.json: OK
cases/K_real_8/RUN_STATE.json: OK
cases/K_real_8/SOLVER_HISTORY.csv: OK
cases/K_real_8/TRAJECTORIES.csv: OK
cases/K_real_8/case.cfg: OK
cases/K_real_8/particles.data: OK
cases/kokkos_smoke/CASE_CONTRACT.json: OK
cases/kokkos_smoke/INDEPENDENT_VALIDATION.json: OK
cases/kokkos_smoke/INDEPENDENT_VALIDATION.log: OK
cases/kokkos_smoke/INTEGRATION_STAGES.csv: OK
cases/kokkos_smoke/PAIR_HYDRODYNAMIC_EVENTS.csv: OK
cases/kokkos_smoke/RUN.log: OK
cases/kokkos_smoke/RUN_RECEIPT.json: OK
cases/kokkos_smoke/RUN_STATE.json: OK
cases/kokkos_smoke/SOLVER_HISTORY.csv: OK
cases/kokkos_smoke/TRAJECTORIES.csv: OK
cases/kokkos_smoke/case.cfg: OK
cases/kokkos_smoke/particles.data: OK
contracts/CASE_C3_TWIST_STATUS.json: OK
contracts/CASE_INDEX.json: OK
contracts/J2_REGRESSION_COVERAGE.json: OK
contracts/LINEAR_SOLVER_SELECTION.json: OK
contracts/RIGID_SPHERE_LUBRICATION_REFERENCE_CONTRACT.json: OK
contracts/SELECTED_C_GAP.json: OK
failed_attempts/initial_finalizer_serialization/A_VALIDATION.log: OK
failed_attempts/initial_finalizer_serialization/PHASE_INITIAL.log: OK
failed_attempts/initial_finalizer_serialization/PHASE_INITIAL_STATE.json: OK
failed_attempts/initial_finalizer_serialization/RECOVERY.json: OK
failed_attempts/initial_finalizer_serialization/run_phase_before_fix.py: OK
failed_attempts/initial_finalizer_serialization/validate_cases_before_fix.py: OK
fields/CONVERGING_FIELD.h5: OK
fields/FROZEN_FLOW_FIELD_V0.h5: OK
fields/LINEAR_FIELD.h5: OK
fields/MISSING_CORNER_FIELD.h5: OK
fields/NORMAL_FIELD.h5: OK
fields/SHEAR_FIELD.h5: OK
fields/THREE_FIELD.h5: OK
fields/UNIFORM_FIELD.h5: OK
fields/ZERO_FIELD.h5: OK
logs/BUILD.log: OK
logs/CGAP.log: OK
logs/CONFIGURE.log: OK
logs/FINAL_INTEGRATION_BUILD.log: OK
logs/LOCAL_FULL_FINALIZER.log: OK
logs/LOCAL_MATH_AUDIT.log: OK
logs/MATH_BUILD.log: OK
logs/PHASE_INITIAL.log: OK
logs/PHASE_INITIAL_RESUME.log: OK
logs/PHASE_PASSIVE_PAIR.log: OK
logs/PHASE_REMAINING.log: OK
logs/REMOTE_MATH_AUDIT.log: OK
logs/REMOTE_NUMERICAL_FINALIZER.log: OK
logs/SOURCE_PROBE_EXTRACTION_FAILED.log: OK
logs/VISUALIZATION.log: OK
provenance/CASE5_GEOMETRY_CONTRACT.json: OK
provenance/CMakeCache.txt: OK
provenance/FINAL_SOURCE_AND_BASELINE_INTEGRITY.json: OK
provenance/J2_OLD_SELECTED_TRAJECTORIES.csv: OK
provenance/LOCAL_PREVIOUS_FAILURE_EVIDENCE_VERIFIED.json: OK
provenance/LOCAL_SAMPLER_INTEGRITY.json: OK
provenance/PREVIOUS_FAILURE_EVIDENCE_PRE_RETIREMENT.json: OK
provenance/PROJECT_BUILD_PROVENANCE.json: OK
provenance/STABLE_COEFFICIENT_EXTRACTION.json: OK
provenance/USER_TASK.txt: OK
provenance/build.ninja: OK
provenance/closed_geometry_m.stl: OK
provenance/control_scripts/TASK_PATHS.json: OK
provenance/control_scripts/build_remote.py: OK
provenance/control_scripts/final_remote_numerics.py: OK
provenance/control_scripts/finalize_after_passive_pair.py: OK
provenance/control_scripts/integrity_remote.py: OK
provenance/control_scripts/prepare_retirement.py: OK
provenance/control_scripts/preserve_validation_error.py: OK
provenance/control_scripts/remote_exec.py: OK
provenance/control_scripts/retire_candidate.py: OK
provenance/control_scripts/seal_and_verify.py: OK
provenance/control_scripts/start_initial.py: OK
provenance/control_scripts/start_passive_pair.py: OK
provenance/control_scripts/start_phase.py: OK
provenance/control_scripts/start_remaining.py: OK
provenance/frozen_sampler/contracts/SONOVUE_SAMPLER_CONTRACT_V0.json: OK
provenance/frozen_sampler/input/FROZEN_SONOVUE_HISTOGRAM.csv: OK
provenance/frozen_sampler/src/sonovue_sampler.py: OK
provenance/j2_supervisor.log: OK
provenance/j2_supervisord.conf: OK
provenance/old_case5/CASE_CONTRACT.json: OK
provenance/old_case5/INDEPENDENT_CASE_AUDIT.json: OK
provenance/old_case5/PROCESS_RESOURCE_TRACE.csv: OK
provenance/old_case5/RUN_METRICS.json: OK
provenance/old_case5/RUN_STARTED.json: OK
provenance/old_case5/final.dump: OK
provenance/old_case5/in.lammps: OK
provenance/old_case5/initial.dump: OK
provenance/old_case5/log.lammps: OK
provenance/old_case5/particles.data: OK
provenance/old_case5/stdout.log: OK
provenance/old_case5/trajectory_rank0.csv: OK
provenance/old_case5/trajectory_state_rank0.json: OK
provenance/pair_lubricate.cpp: OK
provenance/pair_lubricate.rst: OK
provenance/pair_lubricateU.cpp: OK
provenance/pair_lubricateU.rst: OK
provenance/pair_lubricateU_poly.cpp: OK
provenance/pair_lubricate_poly.cpp: OK
provenance/retired_candidate_control/NOT_PROMOTED.json: OK
provenance/retired_candidate_control/supervisor.log: OK
provenance/retired_candidate_control/supervisord.conf: OK
provenance/stable_poly_coefficient_literal.txt: OK
provenance/stable_upoly_coefficient_literal.txt: OK
provenance/supervisor.log: OK
provenance/supervisord.conf: OK
scripts/audit_math.py: OK
scripts/augment_coverage.py: OK
scripts/finalize_rigid_v0.py: OK
scripts/prepare_cases.py: OK
scripts/prepare_math_audit.py: OK
scripts/prepare_passive_pair_regression.py: OK
scripts/run_phase.py: OK
scripts/validate_cases.py: OK
scripts/visualize_rigid_v0.py: OK
scripts/write_report.py: OK
src/frozen_flow.cpp: OK
src/frozen_flow.hpp: OK
src/reference_rigid_sphere_lubrication.py: OK
src/rigid_lammps_main.cpp: OK
src/rigid_math.cpp: OK
src/rigid_math.hpp: OK
src/stable_source_probe.cpp: OK
src/wall_distance.cpp: OK
src/wall_distance.hpp: OK
theory/jeffrey_onishi_1984.pdf: OK
theory/rad.json: OK
theory/radhakrishnan/rangrisme-lubrication-97f7677/Forces_Torques.pdf: OK
theory/radhakrishnan/rangrisme-lubrication-97f7677/Forces_Torques.tex: OK
theory/radhakrishnan/rangrisme-lubrication-97f7677/README.md: OK
theory/radhakrishnan/rangrisme-lubrication-97f7677/collision.lmp: OK
theory/radhakrishnan/rangrisme-lubrication-97f7677/drawing.eps: OK
theory/radhakrishnan/rangrisme-lubrication-97f7677/min_velx.m: OK
theory/radhakrishnan/rangrisme-lubrication-97f7677/minimage.m: OK
theory/radhakrishnan/rangrisme-lubrication-97f7677/pair_lubricate_Simple.cpp: OK
theory/radhakrishnan/rangrisme-lubrication-97f7677/pair_lubricate_Simple.h: OK
theory/radhakrishnan/rangrisme-lubrication-97f7677/prob1.eps: OK
theory/radhakrishnan/rangrisme-lubrication-97f7677/prob2.eps: OK
theory/radhakrishnan/rangrisme-lubrication-97f7677/proof_terms.nb: OK
theory/radhakrishnan/rangrisme-lubrication-97f7677/ref_lub.bib: OK
theory/radhakrishnan/rangrisme-lubrication-97f7677/values_test.nb: OK
theory/radhakrishnan/rangrisme-lubrication-97f7677/verify_multi_stress.m: OK
theory/radhakrishnan_lubrication_v1.zip: OK
theory/townsend.pdf: OK
validation/CASE_K_NEAREST_PAIR_GAPS.csv: OK
validation/CASE_K_REPLAY_AUDIT.json: OK
validation/CGAP_CONVERGENCE.json: OK
validation/COEFFICIENT_100000_STATES.npz: OK
validation/COEFFICIENT_AUDIT.json: OK
validation/DENSE_SOLVER_AUDIT.json: OK
validation/FLOW_GRADIENT_AUDIT.json: OK
validation/LOCAL_INDEPENDENT_WALL_AUDIT.json: OK
validation/MATHEMATICAL_RELEASE_GATE.json: OK
validation/MATRIX_PROPERTY_AUDIT.json: OK
validation/MPI_AUDIT.json: OK
validation/NONEMPTY_PAIR_PASSIVE_REGRESSION.json: OK
validation/PAIR_EVENT_AGGREGATE_AUDIT.json: OK
validation/PAIR_STATE_MOTION_COVERAGE.json: OK
validation/PAIR_STATE_MOTION_COVERAGE_100000.npz: OK
validation/PAIR_TORQUE_BALANCE_AUDIT.json: OK
validation/PASSIVE_REGRESSION.json: OK
validation/PERMUTATION_AUDIT.json: OK
validation/PURE_KINEMATIC_MODES_REFERENCE.json: OK
validation/REQUIRED_MOTION_COVERAGE.json: OK
visualization/CASE_K_TRAJECTORIES.vtp: OK
visualization/FROZEN_LUMEN.vtp: OK
visualization/NORMAL_REFERENCE_CURVES.npz: OK
visualization/VIS_NORMAL_APPROACH.png: OK
visualization/VIS_REAL_8BUBBLE_RIGID_HYDRO.png: OK
visualization/VIS_RESISTANCE_MODES.png: OK
visualization/VIS_ROTATIONAL_LUBRICATION.png: OK
visualization/VIS_TANGENTIAL_SLIDE.png: OK
visualization/VIS_TRANSLATION_ROTATION_COUPLING.png: OK
