CLASSICAL_SPHERE_WALL_THEORY_AUDIT.md: OK
CODE_SHA256SUMS: OK
FINAL_SUMMARY.json: OK
FINAL_TERMINAL_SUMMARY.txt: OK
NEAR_WALL_COMPARISON.csv: OK
PRIMARY_REFERENCE_SELECTION.json: OK
PYSTOKES_CAPABILITY_AUDIT.json: OK
PYSTOKES_PROVENANCE.json: OK
PYSTOKES_WALL_API_AUDIT.json: OK
README_REPRODUCE.md: OK
RIGIDMULTIBLOBSWALL_CAPABILITY_AUDIT.json: OK
RIGIDMULTIBLOBSWALL_PROVENANCE.json: OK
SONOVUE_RADIUS_PROVENANCE.json: OK
VISUALIZATION_PROVENANCE.json: OK
WALL_HYDRODYNAMICS_REFERENCE_AUDIT_REPORT.md: OK
WALL_MOBILITY_MATRIX.csv: OK
WALL_REFERENCE_CONVENTION.json: OK
WALL_REFERENCE_CROSS_COMPARISON.csv: OK
WALL_REFERENCE_MOBILITY_MATRICES.h5: OK
WALL_REFERENCE_RAW_RESULTS.csv: OK
WALL_REFERENCE_RESISTANCE_MATRICES.h5: OK
WALL_REFERENCE_SCALING_AUDIT.json: OK
WALL_RESISTANCE_MATRIX.csv: OK
logs/BASELINE_BEFORE.log: OK
logs/INDEPENDENT_AUDIT.log: OK
logs/PDF_RENDER_DEPENDENCY.log: OK
logs/PYSTOKES_CLONE.log: OK
logs/PYSTOKES_ENV_BUILD.log: OK
logs/PYSTOKES_FORMAL.log: OK
logs/PYSTOKES_INSTALL.log: OK
logs/PYSTOKES_OFFICIAL_SHORT_TEST.log: OK
logs/PYSTOKES_ONEILL.log: OK
logs/RMBW_AUDIT_DEPS.log: OK
logs/RMBW_CLONE.log: OK
logs/RMBW_ENV_BUILD.log: OK
logs/RMBW_LUB_BUILD.log: OK
logs/RMBW_LUB_DEPS.log: OK
logs/RMBW_LUB_FORMAL.log: OK
logs/RMBW_ONEILL.log: OK
logs/RMBW_SPHERE_FORMAL.log: OK
logs/VISUALIZATION.log: OK
provenance/BASELINE_IDENTITY_AFTER.json: OK
provenance/BASELINE_IDENTITY_BEFORE.json: OK
provenance/COMPILER.txt: OK
provenance/FINALIZER_INITIAL_CHECK_RECORD.json: OK
provenance/FINAL_BUILD_ENVIRONMENT_NOTES.json: OK
provenance/FIRST_OUTPUT_IDENTITY.json: OK
provenance/INITIAL_SOURCE_IDENTITY.json: OK
provenance/Lubrication_Class.so: OK
provenance/RMBW_IMPORT_SMOKE.json: OK
provenance/RMBW_LUB_BUILD_COMMAND.json: OK
provenance/RMBW_LUB_LINKAGE.txt: OK
provenance/RigidMultiblobsWall_FROZEN_UPSTREAM.tar.gz: OK
provenance/RigidMultiblobsWall_LICENSE.txt: OK
provenance/RigidMultiblobsWall_SOURCE_SHA256SUMS: OK
provenance/SONOVUE_SAMPLER_CONTRACT_V0.json: OK
provenance/SOURCE_INTEGRITY_FINAL.json: OK
provenance/TASK_PATHS.json: OK
provenance/USER_TASK.txt: OK
provenance/pystokes_FROZEN_UPSTREAM.tar.gz: OK
provenance/pystokes_LICENSE.txt: OK
provenance/pystokes_SOURCE_SHA256SUMS: OK
provenance/wallref_pystokes_ENVIRONMENT.json: OK
provenance/wallref_pystokes_pip_freeze.txt: OK
provenance/wallref_pystokes_pip_freeze_FINAL.txt: OK
provenance/wallref_rmbw_ENVIRONMENT.json: OK
provenance/wallref_rmbw_conda_explicit.txt: OK
provenance/wallref_rmbw_pip_freeze.txt: OK
provenance/wallref_rmbw_pip_freeze_FINAL.txt: OK
raw/PYSTOKES.jsonl: OK
raw/PYSTOKES_ONEILL_TABLE.json: OK
raw/RMBW_LUBRICATION.jsonl: OK
raw/RMBW_LUBRICATION_ONEILL_TABLE.json: OK
raw/RMBW_SPHERE.jsonl: OK
src/audit_baseline_identity.py: OK
src/audit_wall_reference.py: OK
src/classical_wall_reference.py: OK
src/collect_package_results.py: OK
src/compare_oneill_table.py: OK
src/finalize_audit_evidence.py: OK
src/freeze_archive.py: OK
src/pystokes_reference_adapter.py: OK
src/rmbw_reference_adapter.py: OK
src/visualize_wall_audit.py: OK
src/write_final_report.py: OK
src/write_source_audits.py: OK
theory/ADDITIONAL_DOWNLOAD_PROVENANCE.json: OK
theory/Ascoli1988.pdf: OK
theory/Ascoli1988.txt: OK
theory/Ascoli1988_formula_page.png: OK
theory/DOWNLOAD_AND_EXTRACT_INITIAL_ATTEMPT.json: OK
theory/DOWNLOAD_PROVENANCE.json: OK
theory/Delong2015.pdf: OK
theory/Delong2015.txt: OK
theory/ONeill1964.pdf: OK
theory/ONeill1964.txt: OK
theory/ONeill1964_formula_page.png: OK
theory/ONeill1964_sign_convention.png: OK
theory/Pystokes2020.pdf: OK
theory/Pystokes2020.txt: OK
theory/Sprinkle2020.pdf: OK
theory/Sprinkle2020.txt: OK
theory/Sprinkle2020_formula_page.png: OK
validation/ASYMPTOTIC_COMPARISON.csv: OK
validation/CLASSICAL_THEORY_VALUES.csv: OK
validation/EXTREME_GAP_STABILITY.csv: OK
validation/FAR_FIELD_TREND.csv: OK
validation/INDEPENDENT_FINALIZER.json: OK
validation/MATRIX_AUDIT_SUMMARY.json: OK
validation/MODE_VALIDITY_MAP.csv: OK
validation/STAGE_GATES.json: OK
validation/THEORY_SUPPORT_AUDIT.json: OK
visualization/VIS_MOBILITY_MATRIX_MODERATE_GAP.png: OK
visualization/VIS_MOBILITY_MATRIX_NEAR_WALL.png: OK
visualization/VIS_REFERENCE_RELATIVE_DIFFERENCE.png: OK
visualization/VIS_VALIDITY_MAP.png: OK
visualization/VIS_WALL_ROTATIONAL_MOBILITY.png: OK
visualization/VIS_WALL_TRANSLATIONAL_MOBILITY.png: OK
visualization/VIS_WALL_TRANSLATIONAL_RESISTANCE.png: OK
visualization/VIS_WALL_TRANSLATION_ROTATION_COUPLING.png: OK
