{
  "status": "FAIL_WALL_REPRESENTATION",
  "scope": "tested fixed hard-sphere Pecnut implementation; no universal exclusion of regularized blobs or finer untested limits",
  "independent_finalizer": "PASS",
  "native_cache_errors": [
    7.435933854029375e-17,
    1.2864932364808605e-16,
    3.9839716733559344e-16
  ],
  "wall_wall_checks": [
    {
      "file": "WALL_WALL_LUBRICATION_S1.01.npz",
      "full_R_condition": 245.3554047338882,
      "wall_M_condition": 25.79819254874239,
      "target_R_condition": 4.266762197962417,
      "native_cached_error": 2.2672488515436146e-16,
      "min_wall_gap": 0.010000000000000009
    },
    {
      "file": "WALL_WALL_LUBRICATION_S1.05.npz",
      "full_R_condition": 58.72916311777796,
      "wall_M_condition": 23.641407618710716,
      "target_R_condition": 4.258600668496688,
      "native_cached_error": 3.5532372129396326e-16,
      "min_wall_gap": 0.050000000000000044
    },
    {
      "file": "WALL_WALL_LUBRICATION_S1.npz",
      "full_R_condition": 437065.1369711306,
      "wall_M_condition": 26.272716495134418,
      "target_R_condition": 4.269511072713017,
      "native_cached_error": 2.1580088848038626e-16,
      "min_wall_gap": -1.1102230246251565e-16
    }
  ],
  "remote_native_errors": [
    {
      "file": "REMOTE_NATIVE_CAPABILITY_beta0.125.npz",
      "error": 5.175022078627653e-16
    },
    {
      "file": "REMOTE_NATIVE_CAPABILITY_beta0.25.npz",
      "error": 2.1189891939139743e-16
    }
  ],
  "resolutions": [
    {
      "beta": 0.5,
      "core_queries": 570,
      "worst_action": 0.9453873845661804,
      "mean_action": 0.6948026276283105,
      "worst_TT_phase": 1.4845538148726238
    },
    {
      "beta": 0.25,
      "core_queries": 570,
      "worst_action": 0.9212776278519509,
      "mean_action": 0.6328100125224276,
      "worst_TT_phase": 0.36385545258445046
    },
    {
      "beta": 0.125,
      "core_queries": 380,
      "worst_action": 0.902293611641867,
      "mean_action": 0.5916491005470138,
      "worst_TT_phase": 0.03422276361776904
    }
  ],
  "matched_refinement": [
    {
      "beta_before": 0.5,
      "beta_after": 0.25,
      "matched_query_count": 570,
      "mean_action_before": 0.6948026276283105,
      "mean_action_after": 0.6328100125224276,
      "mean_absolute_improvement": 0.061992615105883005,
      "worst_action_before": 0.9453873845661804,
      "worst_action_after": 0.9212776278519509,
      "unmatched_configurations_excluded": true
    },
    {
      "beta_before": 0.25,
      "beta_after": 0.125,
      "matched_query_count": 380,
      "mean_action_before": 0.6364987218345209,
      "mean_action_after": 0.5916491005470138,
      "mean_absolute_improvement": 0.044849621287507184,
      "worst_action_before": 0.9212776278519509,
      "worst_action_after": 0.902293611641867,
      "unmatched_configurations_excluded": true
    }
  ],
  "coarse_to_fine_stop": false,
  "mean_action_improvement": 0.06199261510588283,
  "selected_configuration": null,
  "core_max_normal": 0.9454187483215399,
  "core_max_tangent": 0.38479386808696625,
  "core_max_action": 0.9453873845661804,
  "core_max_RR": 0.40375709996685255,
  "core_max_TR": 2.1489968868283125,
  "ultra_max_action": 1.0390686012304373,
  "max_core_TT_phase": 1.4845538148726238,
  "max_core_TR_phase": 0.8074805736874989,
  "max_core_HEX_TT_anisotropy": 0.05348670945492044,
  "max_core_HEX_RR_anisotropy": 0.0033584555001341053,
  "max_reciprocity": 6.228089494227735e-16,
  "min_eigenvalue": 1.000204590925288,
  "max_condition": 115.53627649646428,
  "minimum_dissipation": 1.0003387014914693,
  "max_linear_residual": 1.1458303631060308e-15,
  "completed_response_queries": 5266,
  "failed_queries": 3,
  "max_wall_count_measured": 1819,
  "max_leakage": 0.008465789051699469,
  "min_leakage": 0.0003597894780071395,
  "max_surface_roughness_RMS": 0.27324344920511556,
  "free_space_pass": true,
  "patch_largest_pass_count": 189,
  "patch_largest_count": 252,
  "curved": "NOT_RUN_PLANAR_GATE_FAILED",
  "real_STL": "NOT_RUN_PLANAR_GATE_FAILED",
  "online": "UNVERIFIED_NO_ACCEPTED_CONFIGURATION_OR_PARTICLE_TIMESTEP_BUDGET",
  "offline": "UNVERIFIED_CURVED_NOT_RUN",
  "human_visual_review": "PENDING",
  "leakage_absolute_gate_pass": true,
  "leakage_layer_checks": [
    {
      "beta": 0.25,
      "layout": "HEX",
      "spacing_ratio": 1.01,
      "layer3_to_layer1_magnitude_ratio": 0.46504065813367107,
      "pass_gate": true
    },
    {
      "beta": 0.25,
      "layout": "HEX",
      "spacing_ratio": 1.05,
      "layer3_to_layer1_magnitude_ratio": 0.3933325301871422,
      "pass_gate": true
    },
    {
      "beta": 0.25,
      "layout": "HEX",
      "spacing_ratio": 1.1,
      "layer3_to_layer1_magnitude_ratio": 0.4664172588226877,
      "pass_gate": true
    },
    {
      "beta": 0.25,
      "layout": "SQUARE",
      "spacing_ratio": 1.01,
      "layer3_to_layer1_magnitude_ratio": 1.6121971366935173,
      "pass_gate": false
    },
    {
      "beta": 0.25,
      "layout": "SQUARE",
      "spacing_ratio": 1.05,
      "layer3_to_layer1_magnitude_ratio": 5.652201037656084,
      "pass_gate": false
    },
    {
      "beta": 0.25,
      "layout": "SQUARE",
      "spacing_ratio": 1.1,
      "layer3_to_layer1_magnitude_ratio": 1.3628327253469337,
      "pass_gate": false
    },
    {
      "beta": 0.5,
      "layout": "HEX",
      "spacing_ratio": 1.01,
      "layer3_to_layer1_magnitude_ratio": 2.6886043886559117,
      "pass_gate": false
    },
    {
      "beta": 0.5,
      "layout": "HEX",
      "spacing_ratio": 1.05,
      "layer3_to_layer1_magnitude_ratio": 2.176417976401303,
      "pass_gate": false
    },
    {
      "beta": 0.5,
      "layout": "HEX",
      "spacing_ratio": 1.1,
      "layer3_to_layer1_magnitude_ratio": 9.30592583460945,
      "pass_gate": false
    },
    {
      "beta": 0.5,
      "layout": "SQUARE",
      "spacing_ratio": 1.01,
      "layer3_to_layer1_magnitude_ratio": 2.2513773442579796,
      "pass_gate": false
    },
    {
      "beta": 0.5,
      "layout": "SQUARE",
      "spacing_ratio": 1.05,
      "layer3_to_layer1_magnitude_ratio": 1.2316138306879436,
      "pass_gate": false
    },
    {
      "beta": 0.5,
      "layout": "SQUARE",
      "spacing_ratio": 1.1,
      "layer3_to_layer1_magnitude_ratio": 0.6523342479081113,
      "pass_gate": true
    }
  ],
  "leakage_layer_gate_pass": false
}
