{
  "status": "FAIL_WALL_REPRESENTATION",
  "scope": "tested fixed hard-sphere Pecnut implementation; no universal exclusion of regularized blobs or finer untested limits",
  "independent_finalizer": "PASS",
  "native_cache_errors": [
    7.435933854029375e-17,
    1.2864932364808605e-16,
    3.9839716733559344e-16
  ],
  "resolutions": [
    {
      "beta": 0.5,
      "core_queries": 570,
      "worst_action": 0.9453873845661804,
      "mean_action": 0.6948026276283105,
      "worst_TT_phase": 1.4845538148726238
    },
    {
      "beta": 0.25,
      "core_queries": 570,
      "worst_action": 0.9212776278519509,
      "mean_action": 0.6328100125224276,
      "worst_TT_phase": 0.36385545258445046
    }
  ],
  "coarse_to_fine_stop": false,
  "mean_action_improvement": 0.06199261510588283,
  "selected_configuration": null,
  "core_max_normal": 0.9454187483215399,
  "core_max_tangent": 0.38479386808696625,
  "core_max_action": 0.9453873845661804,
  "core_max_RR": 0.40375709996685255,
  "core_max_TR": 1.0809203288105782,
  "ultra_max_action": 1.0390686012304373,
  "max_core_TT_phase": 1.4845538148726238,
  "max_core_TR_phase": 0.8074805736874989,
  "max_core_HEX_TT_anisotropy": 0.05348670945492044,
  "max_core_HEX_RR_anisotropy": 0.0033584555001341053,
  "max_reciprocity": 6.228089494227735e-16,
  "min_eigenvalue": 1.000204590925288,
  "max_condition": 115.53627649646428,
  "minimum_dissipation": 1.0003387014914693,
  "max_linear_residual": 1.1458303631060308e-15,
  "completed_response_queries": 4210,
  "failed_queries": 3,
  "max_wall_count_measured": 1819,
  "max_leakage": 0.008465789051699469,
  "min_leakage": 0.0003597894780071395,
  "max_surface_roughness_RMS": 0.27324344920511556,
  "free_space_pass": true,
  "patch_largest_pass_count": 189,
  "patch_largest_count": 252,
  "curved": "NOT_RUN_PLANAR_GATE_FAILED",
  "real_STL": "NOT_RUN_PLANAR_GATE_FAILED",
  "online": "UNVERIFIED_NO_ACCEPTED_CONFIGURATION_OR_PARTICLE_TIMESTEP_BUDGET",
  "offline": "UNVERIFIED_CURVED_NOT_RUN",
  "human_visual_review": "PENDING"
}
