[
  {
    "spacing_ratio": 1.0,
    "N_wall": 7,
    "minimum_wall_wall_gap_over_a": -1.1102230246251565e-16,
    "full_R_scaled_condition": 437065.1369711306,
    "full_R_min_eigenvalue": 0.27712265296283645,
    "wall_M_scaled_condition": 26.272716495134418,
    "target_R_scaled_condition": 4.269511072713017,
    "native_cached_target_error": 2.1580088848038626e-16,
    "seconds": 39.411473259999866,
    "wall_wall_kinematics": "exact zero",
    "nearfield_clamp_s_dash": 2.00001,
    "farfield_contact_protection_s_dash": 2.001,
    "formal_test_spacing": false
  },
  {
    "spacing_ratio": 1.01,
    "N_wall": 7,
    "minimum_wall_wall_gap_over_a": 0.010000000000000009,
    "full_R_scaled_condition": 245.3554047338882,
    "full_R_min_eigenvalue": 0.2708296594074958,
    "wall_M_scaled_condition": 25.79819254874239,
    "target_R_scaled_condition": 4.266762197962417,
    "native_cached_target_error": 2.2672488515436146e-16,
    "seconds": 0.009198040000001129,
    "wall_wall_kinematics": "exact zero",
    "nearfield_clamp_s_dash": 2.00001,
    "farfield_contact_protection_s_dash": 2.001,
    "formal_test_spacing": true
  },
  {
    "spacing_ratio": 1.05,
    "N_wall": 7,
    "minimum_wall_wall_gap_over_a": 0.050000000000000044,
    "full_R_scaled_condition": 58.72916311777796,
    "full_R_min_eigenvalue": 0.2784639013213767,
    "wall_M_scaled_condition": 23.641407618710716,
    "target_R_scaled_condition": 4.258600668496688,
    "native_cached_target_error": 3.5532372129396326e-16,
    "seconds": 0.008471724999935759,
    "wall_wall_kinematics": "exact zero",
    "nearfield_clamp_s_dash": 2.00001,
    "farfield_contact_protection_s_dash": 2.001,
    "formal_test_spacing": false
  }
]
