COMMAND_JSON=["cmake", "-S", "/workspace/lammps_migration/new_20260916_091244/upstream/lammps/cmake", "-B", "/workspace/lammps_migration/new_20260916_091244/build_gpu", "-G", "Ninja", "-DCMAKE_BUILD_TYPE=Release", "-DBUILD_MPI=ON", "-DBUILD_OMP=OFF", "-DPKG_GRANULAR=ON", "-DPKG_COLLOID=ON", "-DPKG_LATBOLTZ=OFF", "-DBUILD_SHARED_LIBS=OFF", "-DCMAKE_C_COMPILER=/usr/bin/gcc", "-DPKG_KOKKOS=ON", "-DKokkos_ENABLE_CUDA=ON", "-DKokkos_ENABLE_SERIAL=ON", "-DKokkos_ENABLE_OPENMP=OFF", "-DKokkos_ARCH_ADA89=ON", "-DCMAKE_CXX_COMPILER=/workspace/lammps_migration/new_20260916_091244/upstream/lammps/lib/kokkos/bin/nvcc_wrapper"]
CMake Deprecation Warning at CMakeLists.txt:22 (cmake_policy):
  The OLD behavior for policy CMP0109 will be removed from a future version
  of CMake.

  The cmake-policies(7) manual explains that the OLD behaviors of all
  policies are deprecated and that a policy should be set to OLD only under
  specific short-term circumstances.  Projects should be ported to the NEW
  behavior and not rely on setting a policy to OLD.


-- The CXX compiler identification is GNU 13.3.0
-- The C compiler identification is GNU 13.3.0
-- Detecting CXX compiler ABI info
-- Detecting CXX compiler ABI info - done
-- Check for working CXX compiler: /workspace/lammps_migration/new_20260916_091244/upstream/lammps/lib/kokkos/bin/nvcc_wrapper - skipped
-- Detecting CXX compile features
-- Detecting CXX compile features - done
-- Detecting C compiler ABI info
-- Detecting C compiler ABI info - done
-- Check for working C compiler: /usr/bin/gcc - skipped
-- Detecting C compile features
-- Detecting C compile features - done
-- Appending /usr/local/cuda/lib64/stubs to CMAKE_LIBRARY_PATH: /usr/local/cuda/lib64/stubs
-- Running check for auto-generated files from make-based build system
-- Found ZLIB: /usr/lib/x86_64-linux-gnu/libz.so (found version "1.3")  
-- Found MPI_CXX: /usr/lib/x86_64-linux-gnu/openmpi/lib/libmpi_cxx.so (found version "3.1") 
-- Found MPI: TRUE (found version "3.1") found components: CXX 
-- Looking for C++ include omp.h
-- Looking for C++ include omp.h - found
-- Found GZIP: /usr/bin/gzip  
-- Using double precision for KOKKOS package
-- Using legacy view layout for KOKKOS package
-- Setting default Kokkos CXX standard to 20
-- Kokkos version: 5.2.1
-- The project name is: Kokkos
-- Kokkos is configured for CMake languages CXX compilation (using NVIDIA version 13.2.86)
-- Using -std=c++20 for C++20 standard as feature
-- Built-in Execution Spaces:
--     Device Parallel: Kokkos::Cuda
--     Host Parallel: NoTypeDefined
--       Host Serial: SERIAL
-- 
-- Architectures:
--  ADA89
-- Found CUDAToolkit: /usr/local/cuda/targets/x86_64-linux/include (found version "13.2.86") 
-- Performing Test CMAKE_HAVE_LIBC_PTHREAD
-- Performing Test CMAKE_HAVE_LIBC_PTHREAD - Success
-- Found Threads: TRUE  
-- Using bundled desul_atomics copy (desul/desul@83d26f34db50b4fefe30ed4db38b10e04c7a9384)
-- Performing Test KOKKOS_LINK_OPTIONS_CHECK
-- Performing Test KOKKOS_LINK_OPTIONS_CHECK - Success
-- Performing Test KOKKOS_COMPILE_OPTIONS_CHECK
-- Performing Test KOKKOS_COMPILE_OPTIONS_CHECK - Success
-- Using bundled mdspan copy (kokkos/mdspan@5d4eb209c77f4744980c0b0c2af44636cc81b08b)
-- Kokkos Backends: SERIAL;CUDA
-- Generating style headers...
-- Generating style source files...
-- Generating package registry...
-- Generating lmpinstalledpkgs.h...
-- Found Git: /usr/bin/git (found version "2.43.0") 
-- Found Python3: /usr/bin/python3 (found version "3.12.3") found components: Interpreter 
-- The following tools and libraries have been found and configured:
 * ZLIB
 * MPI
 * Threads
 * CUDAToolkit
 * Git
 * Python3

-- <<< Build configuration >>>
   LAMMPS Version:   2026.9.2.0 
   Operating System: Linux Ubuntu" 24.04
   CMake Version:    3.28.3
   Build type:       Release
   Install path:     /root/.local
   Generator:        Ninja using /usr/bin/ninja
-- Enabled packages: COLLOID;GRANULAR;KOKKOS
-- <<< Compilers and Flags: >>>
-- C++ Compiler:     /workspace/lammps_migration/new_20260916_091244/upstream/lammps/lib/kokkos/bin/nvcc_wrapper
      Type:          GNU
      Version:       13.3.0
      C++ Standard:  20
      C++ Flags:     -Xcudafe --diag_suppress=unrecognized_pragma,--diag_suppress=128,--diag_suppress=186 -O3 -DNDEBUG
      Defines:       LAMMPS_ZLIB;LAMMPS_SMALLBIG;LAMMPS_MEMALIGN=64;LAMMPS_GZIP;LMP_KOKKOS_DOUBLE_DOUBLE;LMP_KOKKOS_LAYOUT_LEGACY;$<BUILD_INTERFACE:LMP_KOKKOS>;$<BUILD_INTERFACE:LMP_KOKKOS_GPU>
-- C compiler:       /usr/bin/gcc
      Type:          GNU
      Version:       13.3.0
      C Flags:       -O3 -DNDEBUG
-- <<< Linker flags: >>>
-- Executable name:  lmp
-- Static library flags:    
-- <<< MPI flags >>>
-- MPI_defines:      MPICH_SKIP_MPICXX;OMPI_SKIP_MPICXX;_MPICC_H
-- MPI includes:     /usr/lib/x86_64-linux-gnu/openmpi/include;/usr/lib/x86_64-linux-gnu/openmpi/include/openmpi
-- MPI libraries:    /usr/lib/x86_64-linux-gnu/openmpi/lib/libmpi_cxx.so;/usr/lib/x86_64-linux-gnu/openmpi/lib/libmpi.so;
-- Kokkos Devices: CUDA;SERIAL
-- Kokkos Architecture: ADA89
-- Configuring done (7.1s)
-- Generating done (0.0s)
-- Build files have been written to: /workspace/lammps_migration/new_20260916_091244/build_gpu
