WSL source hashes verified
{"log_dir": "/workspace/formal_3D_flow_solver_FEM_lzy/logs/stage03/20260918T140146_201549882_singularity_matrix_diagnosis_no_solve", "returncode": 0, "wall_time_s": 3.9456141729606315}
{
  "timestamp": "2026-09-18T14:01:53.259396+00:00",
  "diagnostic_status": "CONFIRMED",
  "stage_status": "FAIL",
  "reason": "SINGULAR_PRESSURE_SUPPORT",
  "matrix_shape": [
    847707,
    847707
  ],
  "zero_rows": [
    {
      "matrix_global_row": 841668,
      "owner_rank": 3,
      "pressure_local_dof": 4464,
      "pressure_coordinates_m": [
        0.00010289699554443358,
        4.4336036682128896e-05,
        0.00013979232788085934
      ],
      "stored_pattern_entries": 42,
      "actual_nonzero_entries": 0,
      "row_l1_norm": 0.0,
      "unit_pressure_mode_matrix_product_norm": 0.0,
      "physical_source_match": {
        "source_vertex_index": 10272,
        "coordinates_m": [
          0.00010289699554443359,
          4.43360366821289e-05,
          0.00013979232788085936
        ],
        "support_source_cells": [
          138694,
          138695
        ],
        "free_velocity_support_cells": 0
      }
    },
    {
      "matrix_global_row": 841695,
      "owner_rank": 3,
      "pressure_local_dof": 4491,
      "pressure_coordinates_m": [
        0.0001029087219238281,
        4.4336227416992177e-05,
        0.00013980987548828123
      ],
      "stored_pattern_entries": 30,
      "actual_nonzero_entries": 0,
      "row_l1_norm": 0.0,
      "unit_pressure_mode_matrix_product_norm": 0.0,
      "physical_source_match": {
        "source_vertex_index": 10291,
        "coordinates_m": [
          0.00010290872192382812,
          4.433622741699218e-05,
          0.00013980987548828125
        ],
        "support_source_cells": [
          138694
        ],
        "free_velocity_support_cells": 0
      }
    }
  ],
  "zero_row_count": 2,
  "independent_exact_null_modes": 2,
  "topological_evidence": {
    "wall_velocity_fully_constrained_cells": [
      {
        "source_cell_index": 138694,
        "centroid_m": [
          0.00010289940834045409,
          4.4332693099975574e-05,
          0.00013979391860961915
        ],
        "min_sicn": 0.08871454458859791,
        "vertex_indices": [
          10272,
          10291,
          10201,
          10337
        ],
        "all_4_vertex_and_6_edge_velocity_nodes_on_wall": true
      },
      {
        "source_cell_index": 138695,
        "centroid_m": [
          0.00010288867568969726,
          4.43209171295166e-05,
          0.0001397490692138672
        ],
        "min_sicn": 0.06238017030953989,
        "vertex_indices": [
          10272,
          10201,
          10230,
          10337
        ],
        "all_4_vertex_and_6_edge_velocity_nodes_on_wall": true
      }
    ],
    "uncoupled_pressure_vertices": [
      {
        "source_vertex_index": 10272,
        "coordinates_m": [
          0.00010289699554443359,
          4.43360366821289e-05,
          0.00013979232788085936
        ],
        "support_source_cells": [
          138694,
          138695
        ],
        "free_velocity_support_cells": 0
      },
      {
        "source_vertex_index": 10291,
        "coordinates_m": [
          0.00010290872192382812,
          4.433622741699218e-05,
          0.00013980987548828125
        ],
        "support_source_cells": [
          138694
        ],
        "free_velocity_support_cells": 0
      }
    ],
    "meaning": "Each listed P1 pressure basis has support only in tetrahedra whose entire P2 velocity polynomial is fixed to zero by wall no-slip. Its divergence-coupling row and column therefore vanish after wall elimination.",
    "geometry_modified": false,
    "pressure_constraints_added": false
  },
  "residual_cell_relocation": [
    {
      "source_centroid_m": [
        0.00014507313222613663,
        8.800096741609572e-05,
        8.967947417984698e-05
      ],
      "located_centroid_m": [
        0.00014507313222613663,
        8.800096741609572e-05,
        8.967947417984698e-05
      ],
      "displacement_m": 0.0,
      "owner_rank": 1,
      "current_local_cell": 21248,
      "source_array_index_used_for_location": false,
      "flow_samples": "UNAVAILABLE_SOLVER_FAILED"
    },
    {
      "source_centroid_m": [
        0.00010288867568969726,
        4.43209171295166e-05,
        0.0001397490692138672
      ],
      "located_centroid_m": [
        0.00010288867568969726,
        4.43209171295166e-05,
        0.0001397490692138672
      ],
      "displacement_m": 0.0,
      "owner_rank": 3,
      "current_local_cell": 15697,
      "source_array_index_used_for_location": false,
      "flow_samples": "UNAVAILABLE_SOLVER_FAILED"
    },
    {
      "source_centroid_m": [
        0.00010289940834045409,
        4.4332693099975574e-05,
        0.00013979391860961915
      ],
      "located_centroid_m": [
        0.00010289940834045409,
        4.4332693099975574e-05,
        0.00013979391860961915
      ],
      "displacement_m": 0.0,
      "owner_rank": 3,
      "current_local_cell": 15805,
      "source_array_index_used_for_location": false,
      "flow_samples": "UNAVAILABLE_SOLVER_FAILED"
    }
  ],
  "mumps_infog_1": -10,
  "mumps_info_2": 847705,
  "mumps_interpretation_source": "https://petsc.org/release/src/mat/impls/aij/mpi/mumps/impl/imumps.c.html",
  "config_sha256": "ca7b9037295f05f50a36e6b46bee0a608ab01b6a5025b348ffd4e69e19db9539",
  "mesh_sha256": "fc036eb0eaa0b365b06a5033f5f9eb31addfe464af4beb53c4cd96a25ed594a3",
  "core_sha256": {
    "spaces.py": "f3b88b7fb0fdf6d7d7bebc202aad72ef3b1a6142a22b962694dc8f9428a2e09c",
    "boundary.py": "d9550926774f20036fa822f2b1ea038cf8635ce8a3db1bbcb885615d5b371e9e",
    "formulation.py": "38eb0bb0c3bcb9ea3559181680f89c647bf40ba467522b42bd33c1fe5a01e3be",
    "solver.py": "3a0a119a9905af522cefb1db627191abef02f48e93c1084ea883643778f3c82d"
  },
  "matrix_factorized": false,
  "ksp_solve_called": false,
  "matrix_altered_for_repair": false,
  "all_three_cells_relocated": true,
  "solution_available": false,
  "fem_core_changed": false,
  "geometry_modified": false
}


