Traceback (most recent call last):
  File "/root/particle8_2_runs/581fda9988252127bc392ce33f8ebe90e9dc1ab4/basin_a/repo/particle_3d/scripts/run_particle82_points.py", line 53, in <module>
    main(p.parse_args())
    ~~~~^^^^^^^^^^^^^^^^
  File "/root/particle8_2_runs/581fda9988252127bc392ce33f8ebe90e9dc1ab4/basin_a/repo/particle_3d/scripts/run_particle82_points.py", line 16, in main
    start=time.time();env=init_environment()
                          ~~~~~~~~~~~~~~~~^^
  File "/root/particle8_2_runs/581fda9988252127bc392ce33f8ebe90e9dc1ab4/basin_a/repo/particle_3d/src/particle_3d/particle82_tracers.py", line 26, in init_environment
    _ENV = environment()
  File "/root/particle8_2_runs/581fda9988252127bc392ce33f8ebe90e9dc1ab4/basin_a/repo/particle_3d/src/particle_3d/particle81_simulation.py", line 42, in environment
    provenance,mesh,field,boundaries,audit,samplers,wall=real_inlet()
                                                         ~~~~~~~~~~^^
  File "/root/particle8_2_runs/581fda9988252127bc392ce33f8ebe90e9dc1ab4/basin_a/repo/particle_3d/src/particle_3d/particle7_cases.py", line 48, in real_inlet
    provenance,mesh,flow,boundaries=read_frozen(fem)
                                    ~~~~~~~~~~~^^^^^
  File "/root/particle8_2_runs/581fda9988252127bc392ce33f8ebe90e9dc1ab4/basin_a/repo/particle_3d/src/particle_3d/audit.py", line 68, in read_frozen
    check_hash(checked_path(root, relative), digest)
    ~~~~~~~~~~^^^^^^^^^^^^^^^^^^^^^^^^^^^^^^^^^^^^^^
  File "/root/particle8_2_runs/581fda9988252127bc392ce33f8ebe90e9dc1ab4/basin_a/repo/particle_3d/src/particle_3d/audit.py", line 37, in check_hash
    require(actual == expected, f"{path}: expected SHA256={expected}; actual SHA256={actual}; frozen input blocker")
    ~~~~~~~^^^^^^^^^^^^^^^^^^^^^^^^^^^^^^^^^^^^^^^^^^^^^^^^^^^^^^^^^^^^^^^^^^^^^^^^^^^^^^^^^^^^^^^^^^^^^^^^^^^^^^^^^
  File "/root/particle8_2_runs/581fda9988252127bc392ce33f8ebe90e9dc1ab4/basin_a/repo/particle_3d/src/particle_3d/audit.py", line 26, in require
    raise FrozenIntegrityError(message)
particle_3d.audit.FrozenIntegrityError: /root/particle8_2_runs/581fda9988252127bc392ce33f8ebe90e9dc1ab4/basin_a/repo/formal_3D_flow_solver/FEM_SimVascular/configs/face_map.json: expected SHA256=4f4855904b281dde46751fd1bc81822416f57a27a86767e86b35010c3a2b2deb; actual SHA256=MISSING; frozen input blocker
