Directory ownership check passed
<f.st...... README.md
.d..t...... inputs/
cd+++++++++ inputs/stage01_6/
<f+++++++++ inputs/stage01_6/acceptance_policy.json
<f+++++++++ inputs/stage01_6/freeze_lock.json
<f+++++++++ inputs/stage01_6/planar_port_contract_v2.json
<f.st...... remote/source_manifest.json
.d..t...... scripts/
<f+++++++++ scripts/analyze_stage015_area.py
<f+++++++++ scripts/build_stage015_report.py
<f+++++++++ scripts/check_stage015_integrity.py
<f+++++++++ scripts/collect_stage015.py
<f+++++++++ scripts/prepare_stage016.py
<f.st...... scripts/record_run.py
<f+++++++++ scripts/remesh_stage016_caps.py
<f.st...... scripts/remote_control.py
<f+++++++++ scripts/render_stage015.py
<f+++++++++ scripts/select_stage015.py
.d..t...... src/fem3d/
<f+++++++++ src/fem3d/cap_selection.py
<f+++++++++ src/fem3d/planar_port.py
.d..t...... tests/
<f+++++++++ tests/stage015_helpers.py
<f+++++++++ tests/test_stage015_candidate_selection.py
<f+++++++++ tests/test_stage015_cap_geometry_invariants.py
<f+++++++++ tests/test_stage015_cap_triangulation.py
<f+++++++++ tests/test_stage015_history_preservation.py
<f+++++++++ tests/test_stage015_mesh_roundtrip.py
<f+++++++++ tests/test_stage015_quality_comparison.py
<f+++++++++ tests/test_stage015_rim_invariance.py
<f+++++++++ tests/test_stage015_surface_topology.py
<f+++++++++ tests/test_stage015_visual_artifacts.py
<f+++++++++ tests/test_stage015_volume_mesh.py
