-----------------------------------------------------------------------------------
 Eq      N-i            T    dB      Ri/R1      Ri/R0       R/Ri    lsIt   dB   %t
-----------------------------------------------------------------------------------
 <PETSC_INITIALIZE>: use linear solver config. from svFSI input.
Mat Object: 1 MPI process
  type: preallocator
  rows=281452, cols=281452, bs=4
Mat Object: 1 MPI process
  type: seqaijcusparse
  rows=281452, cols=281452, bs=4
  total: nonzeros=15993520, allocated nonzeros=15993520
  total number of mallocs used during MatSetValues calls=0
    not using I-node routines
Vec Object: 1 MPI process
  type: seqcuda
  length=281452, bs=4
Mat Object: 1 MPI process
  type: seqaijcusparse
  rows=281452, cols=281452, bs=4
  total: nonzeros=15993520, allocated nonzeros=15993520
  total number of mallocs used during MatSetValues calls=0
    not using I-node routines
Mat Object: 1 MPI process
  type: seqaijcusparse
  rows=281452, cols=281452, bs=4
  total: nonzeros=15993520, allocated nonzeros=15993520
  total number of mallocs used during MatSetValues calls=0
    not using I-node routines
  0 KSP unpreconditioned resid norm 4.793087406949e-17 true resid norm 4.793087406949e-17 ||r(i)||/||b|| 1.000000000000e+00
  1 KSP unpreconditioned resid norm 4.600967543661e-18 true resid norm 4.600967543661e-18 ||r(i)||/||b|| 9.599173044476e-02
  2 KSP unpreconditioned resid norm 1.634248140900e-18 true resid norm 1.634248140900e-18 ||r(i)||/||b|| 3.409593863300e-02
  3 KSP unpreconditioned resid norm 8.462719484976e-19 true resid norm 8.462719484976e-19 ||r(i)||/||b|| 1.765609254842e-02
  4 KSP unpreconditioned resid norm 5.308000860379e-19 true resid norm 5.308000860379e-19 ||r(i)||/||b|| 1.107428346223e-02
  5 KSP unpreconditioned resid norm 3.613697677069e-19 true resid norm 3.613697677069e-19 ||r(i)||/||b|| 7.539394486798e-03
  6 KSP unpreconditioned resid norm 2.785502738271e-19 true resid norm 2.785502738271e-19 ||r(i)||/||b|| 5.811499982729e-03
  7 KSP unpreconditioned resid norm 2.282338232733e-19 true resid norm 2.282338232733e-19 ||r(i)||/||b|| 4.761728795982e-03
  8 KSP unpreconditioned resid norm 1.861608838188e-19 true resid norm 1.861608838188e-19 ||r(i)||/||b|| 3.883945107049e-03
  9 KSP unpreconditioned resid norm 1.525317607977e-19 true resid norm 1.525317607977e-19 ||r(i)||/||b|| 3.182327962068e-03
 10 KSP unpreconditioned resid norm 1.248921881893e-19 true resid norm 1.248921881893e-19 ||r(i)||/||b|| 2.605673078446e-03
 11 KSP unpreconditioned resid norm 9.879986236027e-20 true resid norm 9.879986236027e-20 ||r(i)||/||b|| 2.061298991064e-03
 12 KSP unpreconditioned resid norm 7.880725541612e-20 true resid norm 7.880725541612e-20 ||r(i)||/||b|| 1.644185651650e-03
 13 KSP unpreconditioned resid norm 6.449494020000e-20 true resid norm 6.449494020000e-20 ||r(i)||/||b|| 1.345582392395e-03
 14 KSP unpreconditioned resid norm 5.348650770171e-20 true resid norm 5.348650770171e-20 ||r(i)||/||b|| 1.115909291038e-03
 15 KSP unpreconditioned resid norm 4.531160765548e-20 true resid norm 4.531160765548e-20 ||r(i)||/||b|| 9.453532516386e-04
 16 KSP unpreconditioned resid norm 3.971954994103e-20 true resid norm 3.971954994103e-20 ||r(i)||/||b|| 8.286840311621e-04
 17 KSP unpreconditioned resid norm 3.531611293099e-20 true resid norm 3.531611293099e-20 ||r(i)||/||b|| 7.368134551393e-04
 18 KSP unpreconditioned resid norm 3.170008900258e-20 true resid norm 3.170008900258e-20 ||r(i)||/||b|| 6.613709768075e-04
 19 KSP unpreconditioned resid norm 2.869308306625e-20 true resid norm 2.869308306625e-20 ||r(i)||/||b|| 5.986346717702e-04
 20 KSP unpreconditioned resid norm 2.631784459703e-20 true resid norm 2.631784459703e-20 ||r(i)||/||b|| 5.490791709510e-04
 21 KSP unpreconditioned resid norm 2.464124500106e-20 true resid norm 2.464124500106e-20 ||r(i)||/||b|| 5.140996378520e-04
 22 KSP unpreconditioned resid norm 2.349687131553e-20 true resid norm 2.349687131553e-20 ||r(i)||/||b|| 4.902241357307e-04
 23 KSP unpreconditioned resid norm 2.273679679975e-20 true resid norm 2.273679679975e-20 ||r(i)||/||b|| 4.743664129050e-04
 24 KSP unpreconditioned resid norm 2.219668861932e-20 true resid norm 2.219668861932e-20 ||r(i)||/||b|| 4.630979311402e-04
 25 KSP unpreconditioned resid norm 2.170649581522e-20 true resid norm 2.170649581522e-20 ||r(i)||/||b|| 4.528708527982e-04
 26 KSP unpreconditioned resid norm 2.126748835169e-20 true resid norm 2.126748835169e-20 ||r(i)||/||b|| 4.437116736251e-04
 27 KSP unpreconditioned resid norm 2.090694974244e-20 true resid norm 2.090694974245e-20 ||r(i)||/||b|| 4.361896199125e-04
 28 KSP unpreconditioned resid norm 2.062602351386e-20 true resid norm 2.062602351386e-20 ||r(i)||/||b|| 4.303285494848e-04
 29 KSP unpreconditioned resid norm 2.036976239223e-20 true resid norm 2.036976239223e-20 ||r(i)||/||b|| 4.249820765359e-04
 30 KSP unpreconditioned resid norm 2.008675428727e-20 true resid norm 2.008675428727e-20 ||r(i)||/||b|| 4.190775711318e-04
 31 KSP unpreconditioned resid norm 1.976342485702e-20 true resid norm 1.976342485702e-20 ||r(i)||/||b|| 4.123318266294e-04
 32 KSP unpreconditioned resid norm 1.939166942898e-20 true resid norm 1.939166942899e-20 ||r(i)||/||b|| 4.045757521732e-04
 33 KSP unpreconditioned resid norm 1.903978199490e-20 true resid norm 1.903978199490e-20 ||r(i)||/||b|| 3.972341912082e-04
 34 KSP unpreconditioned resid norm 1.869897519904e-20 true resid norm 1.869897519905e-20 ||r(i)||/||b|| 3.901238098002e-04
 35 KSP unpreconditioned resid norm 1.840216945067e-20 true resid norm 1.840216945067e-20 ||r(i)||/||b|| 3.839314389300e-04
 36 KSP unpreconditioned resid norm 1.810740366009e-20 true resid norm 1.810740366009e-20 ||r(i)||/||b|| 3.777816284727e-04
 37 KSP unpreconditioned resid norm 1.786839208652e-20 true resid norm 1.786839208652e-20 ||r(i)||/||b|| 3.727950393856e-04
 38 KSP unpreconditioned resid norm 1.766003772478e-20 true resid norm 1.766003772478e-20 ||r(i)||/||b|| 3.684480633333e-04
 39 KSP unpreconditioned resid norm 1.747985102740e-20 true resid norm 1.747985102740e-20 ||r(i)||/||b|| 3.646887599433e-04
 40 KSP unpreconditioned resid norm 1.732010490851e-20 true resid norm 1.732010490851e-20 ||r(i)||/||b|| 3.613559160928e-04
 41 KSP unpreconditioned resid norm 1.717372790480e-20 true resid norm 1.717372790480e-20 ||r(i)||/||b|| 3.583019971617e-04
 42 KSP unpreconditioned resid norm 1.700122671108e-20 true resid norm 1.700122671108e-20 ||r(i)||/||b|| 3.547030393485e-04
 43 KSP unpreconditioned resid norm 1.682039443992e-20 true resid norm 1.682039443993e-20 ||r(i)||/||b|| 3.509302671080e-04
 44 KSP unpreconditioned resid norm 1.664273683894e-20 true resid norm 1.664273683894e-20 ||r(i)||/||b|| 3.472237292150e-04
 45 KSP unpreconditioned resid norm 1.643705070639e-20 true resid norm 1.643705070640e-20 ||r(i)||/||b|| 3.429324214402e-04
 46 KSP unpreconditioned resid norm 1.623800922841e-20 true resid norm 1.623800922842e-20 ||r(i)||/||b|| 3.387797436132e-04
 47 KSP unpreconditioned resid norm 1.608183174878e-20 true resid norm 1.608183174879e-20 ||r(i)||/||b|| 3.355213536367e-04
 48 KSP unpreconditioned resid norm 1.595372249219e-20 true resid norm 1.595372249220e-20 ||r(i)||/||b|| 3.328485616404e-04
 49 KSP unpreconditioned resid norm 1.585771148960e-20 true resid norm 1.585771148960e-20 ||r(i)||/||b|| 3.308454476881e-04
 50 KSP unpreconditioned resid norm 1.575565877278e-20 true resid norm 1.575565877279e-20 ||r(i)||/||b|| 3.287162831611e-04
 51 KSP unpreconditioned resid norm 1.566100004251e-20 true resid norm 1.566100004251e-20 ||r(i)||/||b|| 3.267413821790e-04
 52 KSP unpreconditioned resid norm 1.556705537243e-20 true resid norm 1.556705537243e-20 ||r(i)||/||b|| 3.247813789055e-04
 53 KSP unpreconditioned resid norm 1.545804168419e-20 true resid norm 1.545804168420e-20 ||r(i)||/||b|| 3.225069849923e-04
 54 KSP unpreconditioned resid norm 1.532404123144e-20 true resid norm 1.532404123145e-20 ||r(i)||/||b|| 3.197112827368e-04
 55 KSP unpreconditioned resid norm 1.515103235487e-20 true resid norm 1.515103235487e-20 ||r(i)||/||b|| 3.161017329437e-04
 56 KSP unpreconditioned resid norm 1.494292098187e-20 true resid norm 1.494292098188e-20 ||r(i)||/||b|| 3.117598264580e-04
 57 KSP unpreconditioned resid norm 1.466435594765e-20 true resid norm 1.466435594766e-20 ||r(i)||/||b|| 3.059480185236e-04
 58 KSP unpreconditioned resid norm 1.441010062660e-20 true resid norm 1.441010062661e-20 ||r(i)||/||b|| 3.006433933527e-04
 59 KSP unpreconditioned resid norm 1.417804869932e-20 true resid norm 1.417804869933e-20 ||r(i)||/||b|| 2.958020060050e-04
 60 KSP unpreconditioned resid norm 1.390289428371e-20 true resid norm 1.390289428372e-20 ||r(i)||/||b|| 2.900613550999e-04
 61 KSP unpreconditioned resid norm 1.365432489868e-20 true resid norm 1.365432489869e-20 ||r(i)||/||b|| 2.848753577682e-04
 62 KSP unpreconditioned resid norm 1.340964719716e-20 true resid norm 1.340964719717e-20 ||r(i)||/||b|| 2.797705541053e-04
 63 KSP unpreconditioned resid norm 1.315957263279e-20 true resid norm 1.315957263281e-20 ||r(i)||/||b|| 2.745531536463e-04
 64 KSP unpreconditioned resid norm 1.293012630054e-20 true resid norm 1.293012630056e-20 ||r(i)||/||b|| 2.697661278158e-04
 65 KSP unpreconditioned resid norm 1.263437996604e-20 true resid norm 1.263437996606e-20 ||r(i)||/||b|| 2.635958598989e-04
 66 KSP unpreconditioned resid norm 1.232975773337e-20 true resid norm 1.232975773339e-20 ||r(i)||/||b|| 2.572404107530e-04
 67 KSP unpreconditioned resid norm 1.204002505654e-20 true resid norm 1.204002505655e-20 ||r(i)||/||b|| 2.511956080562e-04
 68 KSP unpreconditioned resid norm 1.174980114096e-20 true resid norm 1.174980114098e-20 ||r(i)||/||b|| 2.451405564593e-04
 69 KSP unpreconditioned resid norm 1.148295253358e-20 true resid norm 1.148295253360e-20 ||r(i)||/||b|| 2.395731927808e-04
 70 KSP unpreconditioned resid norm 1.124065993691e-20 true resid norm 1.124065993693e-20 ||r(i)||/||b|| 2.345181504646e-04
 71 KSP unpreconditioned resid norm 1.102007234914e-20 true resid norm 1.102007234916e-20 ||r(i)||/||b|| 2.299159479792e-04
 72 KSP unpreconditioned resid norm 1.079490340722e-20 true resid norm 1.079490340724e-20 ||r(i)||/||b|| 2.252181629651e-04
 73 KSP unpreconditioned resid norm 1.058632704929e-20 true resid norm 1.058632704931e-20 ||r(i)||/||b|| 2.208665553222e-04
 74 KSP unpreconditioned resid norm 1.041427133748e-20 true resid norm 1.041427133750e-20 ||r(i)||/||b|| 2.172768917672e-04
 75 KSP unpreconditioned resid norm 1.023330816529e-20 true resid norm 1.023330816532e-20 ||r(i)||/||b|| 2.135013884889e-04
 76 KSP unpreconditioned resid norm 1.006135602883e-20 true resid norm 1.006135602886e-20 ||r(i)||/||b|| 2.099138858655e-04
 77 KSP unpreconditioned resid norm 9.878641138049e-21 true resid norm 9.878641138077e-21 ||r(i)||/||b|| 2.061018358178e-04
 78 KSP unpreconditioned resid norm 9.671636120342e-21 true resid norm 9.671636120371e-21 ||r(i)||/||b|| 2.017830116419e-04
 79 KSP unpreconditioned resid norm 9.431779584931e-21 true resid norm 9.431779584960e-21 ||r(i)||/||b|| 1.967787937955e-04
 80 KSP unpreconditioned resid norm 9.167203164720e-21 true resid norm 9.167203164747e-21 ||r(i)||/||b|| 1.912588356193e-04
 81 KSP unpreconditioned resid norm 8.870543694703e-21 true resid norm 8.870543694728e-21 ||r(i)||/||b|| 1.850695166098e-04
 82 KSP unpreconditioned resid norm 8.552610759262e-21 true resid norm 8.552610759284e-21 ||r(i)||/||b|| 1.784363612248e-04
 83 KSP unpreconditioned resid norm 8.224710330988e-21 true resid norm 8.224710331007e-21 ||r(i)||/||b|| 1.715952502573e-04
 84 KSP unpreconditioned resid norm 7.882582248197e-21 true resid norm 7.882582248212e-21 ||r(i)||/||b|| 1.644573023388e-04
 85 KSP unpreconditioned resid norm 7.576022155864e-21 true resid norm 7.576022155876e-21 ||r(i)||/||b|| 1.580614228919e-04
 86 KSP unpreconditioned resid norm 7.319922918851e-21 true resid norm 7.319922918860e-21 ||r(i)||/||b|| 1.527183274031e-04
 87 KSP unpreconditioned resid norm 7.087621177557e-21 true resid norm 7.087621177566e-21 ||r(i)||/||b|| 1.478717280909e-04
 88 KSP unpreconditioned resid norm 6.868591601419e-21 true resid norm 6.868591601428e-21 ||r(i)||/||b|| 1.433020309930e-04
 89 KSP unpreconditioned resid norm 6.789468511655e-21 true resid norm 6.789581192785e-21 ||r(i)||/||b|| 1.416536068785e-04
 90 KSP unpreconditioned resid norm 6.728070925060e-21 true resid norm 6.824877370251e-21 ||r(i)||/||b|| 1.423900044125e-04
 91 KSP unpreconditioned resid norm 6.656311635760e-21 true resid norm 6.984934813952e-21 ||r(i)||/||b|| 1.457293435506e-04
 92 KSP unpreconditioned resid norm 6.587318856179e-21 true resid norm 7.253159113259e-21 ||r(i)||/||b|| 1.513254088115e-04
 93 KSP unpreconditioned resid norm 6.513096726615e-21 true resid norm 7.615820649704e-21 ||r(i)||/||b|| 1.588917539593e-04
 94 KSP unpreconditioned resid norm 6.402535393720e-21 true resid norm 8.099876096645e-21 ||r(i)||/||b|| 1.689907862915e-04
 95 KSP unpreconditioned resid norm 6.327696705418e-21 true resid norm 8.592410256053e-21 ||r(i)||/||b|| 1.792667132169e-04
 96 KSP unpreconditioned resid norm 6.234401205903e-21 true resid norm 9.151996502675e-21 ||r(i)||/||b|| 1.909415732625e-04
 97 KSP unpreconditioned resid norm 6.177328012360e-21 true resid norm 9.652793695154e-21 ||r(i)||/||b|| 2.013898949800e-04
 98 KSP unpreconditioned resid norm 6.111293043195e-21 true resid norm 1.018891469046e-20 ||r(i)||/||b|| 2.125751905899e-04
 99 KSP unpreconditioned resid norm 6.047235157803e-21 true resid norm 1.072479059077e-20 ||r(i)||/||b|| 2.237553726899e-04
100 KSP unpreconditioned resid norm 1.125603757521e-20 true resid norm 1.125603757521e-20 ||r(i)||/||b|| 2.348389799628e-04
101 KSP unpreconditioned resid norm 6.400454252475e-21 true resid norm 6.400454252475e-21 ||r(i)||/||b|| 1.335351039748e-04
102 KSP unpreconditioned resid norm 6.157884124557e-21 true resid norm 6.157884124557e-21 ||r(i)||/||b|| 1.284742714190e-04
103 KSP unpreconditioned resid norm 6.000935156200e-21 true resid norm 6.000935156200e-21 ||r(i)||/||b|| 1.251997855808e-04
104 KSP unpreconditioned resid norm 5.883576480485e-21 true resid norm 5.883576480485e-21 ||r(i)||/||b|| 1.227512870296e-04
105 KSP unpreconditioned resid norm 5.798573734450e-21 true resid norm 5.798573734450e-21 ||r(i)||/||b|| 1.209778425080e-04
106 KSP unpreconditioned resid norm 5.720064108545e-21 true resid norm 5.720064108545e-21 ||r(i)||/||b|| 1.193398664137e-04
107 KSP unpreconditioned resid norm 5.636905604522e-21 true resid norm 5.636905604521e-21 ||r(i)||/||b|| 1.176048990125e-04
108 KSP unpreconditioned resid norm 5.525164761954e-21 true resid norm 5.525164761954e-21 ||r(i)||/||b|| 1.152736074444e-04
109 KSP unpreconditioned resid norm 5.404028530356e-21 true resid norm 5.404028530356e-21 ||r(i)||/||b|| 1.127462963125e-04
110 KSP unpreconditioned resid norm 5.266944769017e-21 true resid norm 5.266944769017e-21 ||r(i)||/||b|| 1.098862658207e-04
111 KSP unpreconditioned resid norm 5.129106117957e-21 true resid norm 5.129106117957e-21 ||r(i)||/||b|| 1.070104857783e-04
112 KSP unpreconditioned resid norm 5.001459547158e-21 true resid norm 5.001459547157e-21 ||r(i)||/||b|| 1.043473469711e-04
113 KSP unpreconditioned resid norm 4.882668683892e-21 true resid norm 4.882668683891e-21 ||r(i)||/||b|| 1.018689681480e-04
114 KSP unpreconditioned resid norm 4.783152385807e-21 true resid norm 4.783152385807e-21 ||r(i)||/||b|| 9.979272188677e-05
115 KSP unpreconditioned resid norm 4.696266502825e-21 true resid norm 4.696266502825e-21 ||r(i)||/||b|| 9.797998876498e-05
116 KSP unpreconditioned resid norm 4.613854096477e-21 true resid norm 4.613854096477e-21 ||r(i)||/||b|| 9.626058748244e-05
117 KSP unpreconditioned resid norm 4.530105489306e-21 true resid norm 4.530105489306e-21 ||r(i)||/||b|| 9.451330853549e-05
118 KSP unpreconditioned resid norm 4.433853100748e-21 true resid norm 4.433853100748e-21 ||r(i)||/||b|| 9.250515845630e-05
119 KSP unpreconditioned resid norm 4.330456481061e-21 true resid norm 4.330456481061e-21 ||r(i)||/||b|| 9.034795557415e-05
120 KSP unpreconditioned resid norm 4.211103967657e-21 true resid norm 4.211103967656e-21 ||r(i)||/||b|| 8.785785883126e-05
121 KSP unpreconditioned resid norm 4.117398879420e-21 true resid norm 4.117398879420e-21 ||r(i)||/||b|| 8.590285404455e-05
122 KSP unpreconditioned resid norm 4.026989947931e-21 true resid norm 4.026989947931e-21 ||r(i)||/||b|| 8.401661822590e-05
123 KSP unpreconditioned resid norm 3.936301838567e-21 true resid norm 3.936301838567e-21 ||r(i)||/||b|| 8.212455781340e-05
124 KSP unpreconditioned resid norm 3.872677076552e-21 true resid norm 3.872677076552e-21 ||r(i)||/||b|| 8.079713027844e-05
125 KSP unpreconditioned resid norm 3.812460004366e-21 true resid norm 3.812460004366e-21 ||r(i)||/||b|| 7.954079866848e-05
126 KSP unpreconditioned resid norm 3.752378711864e-21 true resid norm 3.752378711864e-21 ||r(i)||/||b|| 7.828729988156e-05
127 KSP unpreconditioned resid norm 3.699975152822e-21 true resid norm 3.699975152822e-21 ||r(i)||/||b|| 7.719398455904e-05
128 KSP unpreconditioned resid norm 3.640615066138e-21 true resid norm 3.640615066138e-21 ||r(i)||/||b|| 7.595553256256e-05
129 KSP unpreconditioned resid norm 3.569847506334e-21 true resid norm 3.569847506333e-21 ||r(i)||/||b|| 7.447908212893e-05
130 KSP unpreconditioned resid norm 3.495792790817e-21 true resid norm 3.495792790816e-21 ||r(i)||/||b|| 7.293405051925e-05
131 KSP unpreconditioned resid norm 3.419301799774e-21 true resid norm 3.419301799773e-21 ||r(i)||/||b|| 7.133818996949e-05
132 KSP unpreconditioned resid norm 3.341621591289e-21 true resid norm 3.341621591289e-21 ||r(i)||/||b|| 6.971751832533e-05
133 KSP unpreconditioned resid norm 3.264416250292e-21 true resid norm 3.264416250292e-21 ||r(i)||/||b|| 6.810675402162e-05
134 KSP unpreconditioned resid norm 3.191992261196e-21 true resid norm 3.191992261195e-21 ||r(i)||/||b|| 6.659574487558e-05
135 KSP unpreconditioned resid norm 3.122162291254e-21 true resid norm 3.122162291254e-21 ||r(i)||/||b|| 6.513885573476e-05
136 KSP unpreconditioned resid norm 3.060995135193e-21 true resid norm 3.060995135193e-21 ||r(i)||/||b|| 6.386270216468e-05
137 KSP unpreconditioned resid norm 3.017674501111e-21 true resid norm 3.017674501111e-21 ||r(i)||/||b|| 6.295888734963e-05
138 KSP unpreconditioned resid norm 2.979063832992e-21 true resid norm 2.979063832992e-21 ||r(i)||/||b|| 6.215333834040e-05
139 KSP unpreconditioned resid norm 2.948333785772e-21 true resid norm 2.948333785772e-21 ||r(i)||/||b|| 6.151220571311e-05
140 KSP unpreconditioned resid norm 2.924434798516e-21 true resid norm 2.924434798516e-21 ||r(i)||/||b|| 6.101359208005e-05
141 KSP unpreconditioned resid norm 2.904038287962e-21 true resid norm 2.904038287962e-21 ||r(i)||/||b|| 6.058805194647e-05
142 KSP unpreconditioned resid norm 2.884618740538e-21 true resid norm 2.884618740538e-21 ||r(i)||/||b|| 6.018289456510e-05
143 KSP unpreconditioned resid norm 2.865982374955e-21 true resid norm 2.865982374955e-21 ||r(i)||/||b|| 5.979407700346e-05
144 KSP unpreconditioned resid norm 2.846291604475e-21 true resid norm 2.846291604475e-21 ||r(i)||/||b|| 5.938326099265e-05
145 KSP unpreconditioned resid norm 2.820241767825e-21 true resid norm 2.820241767824e-21 ||r(i)||/||b|| 5.883977337311e-05
146 KSP unpreconditioned resid norm 2.787310548010e-21 true resid norm 2.787310548010e-21 ||r(i)||/||b|| 5.815271684737e-05
147 KSP unpreconditioned resid norm 2.755048526746e-21 true resid norm 2.755048526746e-21 ||r(i)||/||b|| 5.747962206472e-05
148 KSP unpreconditioned resid norm 2.720115972332e-21 true resid norm 2.720115972331e-21 ||r(i)||/||b|| 5.675081093634e-05
149 KSP unpreconditioned resid norm 2.683239201032e-21 true resid norm 2.683239201032e-21 ||r(i)||/||b|| 5.598143687389e-05
150 KSP unpreconditioned resid norm 2.654125254146e-21 true resid norm 2.654125254146e-21 ||r(i)||/||b|| 5.537402156067e-05
151 KSP unpreconditioned resid norm 2.634003140313e-21 true resid norm 2.634003140313e-21 ||r(i)||/||b|| 5.495420626992e-05
152 KSP unpreconditioned resid norm 2.612567184589e-21 true resid norm 2.612567184589e-21 ||r(i)||/||b|| 5.450697979763e-05
153 KSP unpreconditioned resid norm 2.594048922322e-21 true resid norm 2.594048922322e-21 ||r(i)||/||b|| 5.412062627026e-05
154 KSP unpreconditioned resid norm 2.578192444542e-21 true resid norm 2.578192444542e-21 ||r(i)||/||b|| 5.378980656192e-05
155 KSP unpreconditioned resid norm 2.556336054547e-21 true resid norm 2.556336054547e-21 ||r(i)||/||b|| 5.333380841001e-05
156 KSP unpreconditioned resid norm 2.533597348147e-21 true resid norm 2.533597348147e-21 ||r(i)||/||b|| 5.285940215639e-05
157 KSP unpreconditioned resid norm 2.509453822061e-21 true resid norm 2.509453822060e-21 ||r(i)||/||b|| 5.235568661698e-05
158 KSP unpreconditioned resid norm 2.483334766110e-21 true resid norm 2.483334766110e-21 ||r(i)||/||b|| 5.181075484893e-05
159 KSP unpreconditioned resid norm 2.452095192114e-21 true resid norm 2.452095192114e-21 ||r(i)||/||b|| 5.115899177133e-05
160 KSP unpreconditioned resid norm 2.420267018847e-21 true resid norm 2.420267018847e-21 ||r(i)||/||b|| 5.049494852395e-05
161 KSP unpreconditioned resid norm 2.385986686285e-21 true resid norm 2.385986686284e-21 ||r(i)||/||b|| 4.977974494738e-05
162 KSP unpreconditioned resid norm 2.347218216540e-21 true resid norm 2.347218216540e-21 ||r(i)||/||b|| 4.897090366298e-05
163 KSP unpreconditioned resid norm 2.312159500541e-21 true resid norm 2.312159500541e-21 ||r(i)||/||b|| 4.823946037764e-05
164 KSP unpreconditioned resid norm 2.273517519424e-21 true resid norm 2.273517519424e-21 ||r(i)||/||b|| 4.743325807344e-05
165 KSP unpreconditioned resid norm 2.233216286989e-21 true resid norm 2.233216286988e-21 ||r(i)||/||b|| 4.659243817984e-05
166 KSP unpreconditioned resid norm 2.198368765549e-21 true resid norm 2.198368765549e-21 ||r(i)||/||b|| 4.586540112667e-05
167 KSP unpreconditioned resid norm 2.163441971016e-21 true resid norm 2.163441971016e-21 ||r(i)||/||b|| 4.513671016888e-05
168 KSP unpreconditioned resid norm 2.125372942201e-21 true resid norm 2.125372942201e-21 ||r(i)||/||b|| 4.434246158581e-05
169 KSP unpreconditioned resid norm 2.086113525983e-21 true resid norm 2.086113525982e-21 ||r(i)||/||b|| 4.352337749897e-05
170 KSP unpreconditioned resid norm 2.047034213464e-21 true resid norm 2.047034213464e-21 ||r(i)||/||b|| 4.270805098392e-05
171 KSP unpreconditioned resid norm 2.004253235561e-21 true resid norm 2.004253235561e-21 ||r(i)||/||b|| 4.181549522037e-05
172 KSP unpreconditioned resid norm 1.964971169089e-21 true resid norm 1.964971169089e-21 ||r(i)||/||b|| 4.099593857270e-05
173 KSP unpreconditioned resid norm 1.923330539750e-21 true resid norm 1.923330539750e-21 ||r(i)||/||b|| 4.012717433364e-05
174 KSP unpreconditioned resid norm 1.880767365290e-21 true resid norm 1.880767365290e-21 ||r(i)||/||b|| 3.923916268589e-05
175 KSP unpreconditioned resid norm 1.833929960609e-21 true resid norm 1.833929960609e-21 ||r(i)||/||b|| 3.826197615237e-05
176 KSP unpreconditioned resid norm 1.789660540842e-21 true resid norm 1.789660540842e-21 ||r(i)||/||b|| 3.733836646182e-05
177 KSP unpreconditioned resid norm 1.747328496128e-21 true resid norm 1.747328496128e-21 ||r(i)||/||b|| 3.645517696161e-05
178 KSP unpreconditioned resid norm 1.707793315078e-21 true resid norm 1.707793315078e-21 ||r(i)||/||b|| 3.563033948852e-05
179 KSP unpreconditioned resid norm 1.665870397824e-21 true resid norm 1.665870397823e-21 ||r(i)||/||b|| 3.475568576964e-05
180 KSP unpreconditioned resid norm 1.621456252513e-21 true resid norm 1.621456252512e-21 ||r(i)||/||b|| 3.382905661519e-05
181 KSP unpreconditioned resid norm 1.574609105480e-21 true resid norm 1.574609105480e-21 ||r(i)||/||b|| 3.285166682329e-05
182 KSP unpreconditioned resid norm 1.518398671707e-21 true resid norm 1.518398671707e-21 ||r(i)||/||b|| 3.167892722977e-05
183 KSP unpreconditioned resid norm 1.456352868408e-21 true resid norm 1.456352868407e-21 ||r(i)||/||b|| 3.038444210919e-05
184 KSP unpreconditioned resid norm 1.388094190674e-21 true resid norm 1.388094190674e-21 ||r(i)||/||b|| 2.896033543351e-05
185 KSP unpreconditioned resid norm 1.335489266355e-21 true resid norm 1.370920063223e-21 ||r(i)||/||b|| 2.860202510047e-05
186 KSP unpreconditioned resid norm 1.296168792667e-21 true resid norm 1.410124616629e-21 ||r(i)||/||b|| 2.941996456365e-05
187 KSP unpreconditioned resid norm 1.255044328051e-21 true resid norm 1.497148079126e-21 ||r(i)||/||b|| 3.123556805902e-05
188 KSP unpreconditioned resid norm 1.215023856570e-21 true resid norm 1.615765640335e-21 ||r(i)||/||b|| 3.371033121558e-05
189 KSP unpreconditioned resid norm 1.177530909985e-21 true resid norm 1.746533667002e-21 ||r(i)||/||b|| 3.643859414018e-05
190 KSP unpreconditioned resid norm 1.143185423656e-21 true resid norm 1.877972128477e-21 ||r(i)||/||b|| 3.918084460038e-05
191 KSP unpreconditioned resid norm 1.111629562218e-21 true resid norm 2.004774473097e-21 ||r(i)||/||b|| 4.182636999672e-05
192 KSP unpreconditioned resid norm 1.082556340461e-21 true resid norm 2.124768601903e-21 ||r(i)||/||b|| 4.432985300502e-05
193 KSP unpreconditioned resid norm 1.054585874601e-21 true resid norm 2.237177823583e-21 ||r(i)||/||b|| 4.667508921993e-05
194 KSP unpreconditioned resid norm 1.029335879336e-21 true resid norm 2.341917298998e-21 ||r(i)||/||b|| 4.886030861032e-05
195 KSP unpreconditioned resid norm 1.004964573449e-21 true resid norm 2.439007789264e-21 ||r(i)||/||b|| 5.088594432323e-05
196 KSP unpreconditioned resid norm 9.829203706111e-22 true resid norm 2.529444999105e-21 ||r(i)||/||b|| 5.277277012386e-05
197 KSP unpreconditioned resid norm 9.623200921895e-22 true resid norm 2.613594232991e-21 ||r(i)||/||b|| 5.452840749787e-05
198 KSP unpreconditioned resid norm 9.430279829313e-22 true resid norm 2.692008158417e-21 ||r(i)||/||b|| 5.616438695681e-05
199 KSP unpreconditioned resid norm 9.247666681289e-22 true resid norm 2.765059350240e-21 ||r(i)||/||b|| 5.768848167115e-05
  Linear solve did not converge due to DIVERGED_BREAKDOWN iterations 200
Mat Object: 1 MPI process
  type: seqaijcusparse
  rows=281452, cols=281452, bs=4
  total: nonzeros=15993520, allocated nonzeros=15993520
  total number of mallocs used during MatSetValues calls=0
    not using I-node routines
Vec Object: 1 MPI process
  type: seqcuda
  length=281452, bs=4
Vec Object: 1 MPI process
  type: seqcuda
  length=281452, bs=4
KSP Object: 1 MPI process
  type: gmres
    restart=100, using classical (unmodified) Gram-Schmidt orthogonalization with no iterative refinement
    happy breakdown tolerance=1e-30
  maximum iterations=2000, initial guess is zero
  tolerances: relative=1e-10, absolute=1e-24, divergence=10000.
  right preconditioning
  diagonally scaled system
  using UNPRECONDITIONED norm type for convergence test
PC Object: 1 MPI process
  type: ilu
    out-of-place factorization
    1 level of fill
    tolerance for zero pivot 2.22045e-14
    matrix ordering: natural
    factor fill ratio given 1., needed 2.52389
      Factored matrix:
        Mat Object: 1 MPI process
          type: seqaijcusparse
          rows=281452, cols=281452, bs=4
          package used to perform factorization: cusparse
          total: nonzeros=40365840, allocated nonzeros=40365840
            using I-node routines: found 70363 nodes, limit used is 5
  linear system matrix, which is also used to construct the preconditioner:
  Mat Object: 1 MPI process
    type: seqaijcusparse
    rows=281452, cols=281452, bs=4
    total: nonzeros=15993520, allocated nonzeros=15993520
    total number of mallocs used during MatSetValues calls=0
      not using I-node routines
 NS     61-1    2.281e+03 [   0  1.000e+00  4.754e-14  1.929e-05] !  200 -109    0!  WARNING: The linear system solution has not converged
