{"done": 0, "total": 2961, "states": 360, "seconds": 7.015441417694092}
{"done": 100, "total": 2961, "states": 35782, "seconds": 24.22895860671997}
{"done": 200, "total": 2961, "states": 73562, "seconds": 46.03139090538025}
{"done": 300, "total": 2961, "states": 110303, "seconds": 65.77463412284851}
{"done": 400, "total": 2961, "states": 148208, "seconds": 87.01977682113647}
{"done": 500, "total": 2961, "states": 185338, "seconds": 105.90018272399902}
{"done": 600, "total": 2961, "states": 221404, "seconds": 126.09239745140076}
{"done": 700, "total": 2961, "states": 259127, "seconds": 146.34830117225647}
{"done": 800, "total": 2961, "states": 297412, "seconds": 168.82814621925354}
{"done": 900, "total": 2961, "states": 333563, "seconds": 189.97395873069763}
{"done": 1000, "total": 2961, "states": 371520, "seconds": 210.35109496116638}
{"done": 1100, "total": 2961, "states": 407573, "seconds": 231.10581183433533}
{"done": 1200, "total": 2961, "states": 444980, "seconds": 251.8082344532013}
{"done": 1300, "total": 2961, "states": 480809, "seconds": 270.080867767334}
{"done": 1400, "total": 2961, "states": 517962, "seconds": 291.155561208725}
{"done": 1500, "total": 2961, "states": 554576, "seconds": 310.8563826084137}
{"done": 1600, "total": 2961, "states": 595223, "seconds": 337.9799978733063}
{"done": 1700, "total": 2961, "states": 634757, "seconds": 353.4201109409332}
{"done": 1800, "total": 2961, "states": 670110, "seconds": 374.9170706272125}
{"done": 1900, "total": 2961, "states": 706792, "seconds": 395.61275124549866}
{"done": 2000, "total": 2961, "states": 746723, "seconds": 416.11949157714844}
{"done": 2100, "total": 2961, "states": 783946, "seconds": 437.0838460922241}
{"done": 2200, "total": 2961, "states": 820145, "seconds": 458.8505094051361}
{"done": 2300, "total": 2961, "states": 889917, "seconds": 492.9827530384064}
{"done": 2400, "total": 2961, "states": 964027, "seconds": 535.2265729904175}
{"done": 2500, "total": 2961, "states": 1032329, "seconds": 585.5841917991638}
{"done": 2600, "total": 2961, "states": 1106914, "seconds": 672.9595935344696}
{"done": 2700, "total": 2961, "states": 1185527, "seconds": 672.9599132537842}
{"done": 2800, "total": 2961, "states": 1228195, "seconds": 691.2346670627594}
{"done": 2900, "total": 2961, "states": 1269519, "seconds": 712.720263004303}
/workspace/shear_lift_audit_20260923/code/run_audit.py:181: PyVistaFutureWarning: The default value of `algorithm` for the filter
`UnstructuredGrid.extract_surface` will change in the future. It currently defaults to
`'dataset_surface'`, but will change to `None`. Explicitly set the `algorithm` keyword to
silence this warning.
  surface=grid.extract_surface();surface.save(out/(name+'_shear_surface.vtp'))
COMPLETE 1294242
