{
  "0.1": {
    "count": 255422,
    "median": 0.00330928374093938,
    "P90": 0.004432420233360097,
    "P95": 0.0055730937936473044,
    "P99": 0.007872531870394314,
    "max": 47.55156036580327
  },
  "1.0": {
    "count": 255422,
    "median": 0.00330928374093938,
    "P90": 0.004432420233360097,
    "P95": 0.0055730937936473044,
    "P99": 0.007872531870394314,
    "max": 47.55156036580327
  },
  "10.0": {
    "count": 255417,
    "median": 0.003309291433294095,
    "P90": 0.004432447560391325,
    "P95": 0.005573135273646976,
    "P99": 0.00787254614472596,
    "max": 47.55156036580327
  }
}
