Exception in initializer:
Traceback (most recent call last):
  File "/.uv/python_install/cpython-3.13.15-linux-x86_64-gnu/lib/python3.13/concurrent/futures/process.py", line 233, in _process_worker
    initializer(*initargs)
    ~~~~~~~~~~~^^^^^^^^^^^
  File "/workspace/shear_lift_audit_20260923/code/run_audit.py", line 26, in init
    prov,mesh,flow,b=read_frozen(cfg['old_fem'])
                     ~~~~~~~~~~~^^^^^^^^^^^^^^^^
  File "/workspace/shear_lift_audit_20260923/input/src/particle_3d/audit.py", line 68, in read_frozen
    check_hash(checked_path(root, relative), digest)
    ~~~~~~~~~~^^^^^^^^^^^^^^^^^^^^^^^^^^^^^^^^^^^^^^
  File "/workspace/shear_lift_audit_20260923/input/src/particle_3d/audit.py", line 37, in check_hash
    require(actual == expected, f"{path}: expected SHA256={expected}; actual SHA256={actual}; frozen input blocker")
    ~~~~~~~^^^^^^^^^^^^^^^^^^^^^^^^^^^^^^^^^^^^^^^^^^^^^^^^^^^^^^^^^^^^^^^^^^^^^^^^^^^^^^^^^^^^^^^^^^^^^^^^^^^^^^^^^
  File "/workspace/shear_lift_audit_20260923/input/src/particle_3d/audit.py", line 26, in require
    raise FrozenIntegrityError(message)
particle_3d.audit.FrozenIntegrityError: /workspace/shear_lift_audit_20260923/input/old_fem/configs/face_map.json: expected SHA256=4f4855904b281dde46751fd1bc81822416f57a27a86767e86b35010c3a2b2deb; actual SHA256=MISSING; frozen input blocker
Exception in initializer:
Traceback (most recent call last):
  File "/.uv/python_install/cpython-3.13.15-linux-x86_64-gnu/lib/python3.13/concurrent/futures/process.py", line 233, in _process_worker
    initializer(*initargs)
    ~~~~~~~~~~~^^^^^^^^^^^
  File "/workspace/shear_lift_audit_20260923/code/run_audit.py", line 26, in init
    prov,mesh,flow,b=read_frozen(cfg['old_fem'])
                     ~~~~~~~~~~~^^^^^^^^^^^^^^^^
  File "/workspace/shear_lift_audit_20260923/input/src/particle_3d/audit.py", line 68, in read_frozen
    check_hash(checked_path(root, relative), digest)
    ~~~~~~~~~~^^^^^^^^^^^^^^^^^^^^^^^^^^^^^^^^^^^^^^
  File "/workspace/shear_lift_audit_20260923/input/src/particle_3d/audit.py", line 37, in check_hash
    require(actual == expected, f"{path}: expected SHA256={expected}; actual SHA256={actual}; frozen input blocker")
    ~~~~~~~^^^^^^^^^^^^^^^^^^^^^^^^^^^^^^^^^^^^^^^^^^^^^^^^^^^^^^^^^^^^^^^^^^^^^^^^^^^^^^^^^^^^^^^^^^^^^^^^^^^^^^^^^
  File "/workspace/shear_lift_audit_20260923/input/src/particle_3d/audit.py", line 26, in require
    raise FrozenIntegrityError(message)
particle_3d.audit.FrozenIntegrityError: /workspace/shear_lift_audit_20260923/input/old_fem/configs/face_map.json: expected SHA256=4f4855904b281dde46751fd1bc81822416f57a27a86767e86b35010c3a2b2deb; actual SHA256=MISSING; frozen input blocker
Exception in initializer:
Traceback (most recent call last):
  File "/.uv/python_install/cpython-3.13.15-linux-x86_64-gnu/lib/python3.13/concurrent/futures/process.py", line 233, in _process_worker
    initializer(*initargs)
    ~~~~~~~~~~~^^^^^^^^^^^
  File "/workspace/shear_lift_audit_20260923/code/run_audit.py", line 26, in init
    prov,mesh,flow,b=read_frozen(cfg['old_fem'])
                     ~~~~~~~~~~~^^^^^^^^^^^^^^^^
  File "/workspace/shear_lift_audit_20260923/input/src/particle_3d/audit.py", line 68, in read_frozen
    check_hash(checked_path(root, relative), digest)
    ~~~~~~~~~~^^^^^^^^^^^^^^^^^^^^^^^^^^^^^^^^^^^^^^
  File "/workspace/shear_lift_audit_20260923/input/src/particle_3d/audit.py", line 37, in check_hash
    require(actual == expected, f"{path}: expected SHA256={expected}; actual SHA256={actual}; frozen input blocker")
    ~~~~~~~^^^^^^^^^^^^^^^^^^^^^^^^^^^^^^^^^^^^^^^^^^^^^^^^^^^^^^^^^^^^^^^^^^^^^^^^^^^^^^^^^^^^^^^^^^^^^^^^^^^^^^^^^
  File "/workspace/shear_lift_audit_20260923/input/src/particle_3d/audit.py", line 26, in require
    raise FrozenIntegrityError(message)
particle_3d.audit.FrozenIntegrityError: /workspace/shear_lift_audit_20260923/input/old_fem/configs/face_map.json: expected SHA256=4f4855904b281dde46751fd1bc81822416f57a27a86767e86b35010c3a2b2deb; actual SHA256=MISSING; frozen input blocker
Exception in initializer:
Traceback (most recent call last):
  File "/.uv/python_install/cpython-3.13.15-linux-x86_64-gnu/lib/python3.13/concurrent/futures/process.py", line 233, in _process_worker
    initializer(*initargs)
    ~~~~~~~~~~~^^^^^^^^^^^
  File "/workspace/shear_lift_audit_20260923/code/run_audit.py", line 26, in init
    prov,mesh,flow,b=read_frozen(cfg['old_fem'])
                     ~~~~~~~~~~~^^^^^^^^^^^^^^^^
  File "/workspace/shear_lift_audit_20260923/input/src/particle_3d/audit.py", line 68, in read_frozen
    check_hash(checked_path(root, relative), digest)
    ~~~~~~~~~~^^^^^^^^^^^^^^^^^^^^^^^^^^^^^^^^^^^^^^
  File "/workspace/shear_lift_audit_20260923/input/src/particle_3d/audit.py", line 37, in check_hash
    require(actual == expected, f"{path}: expected SHA256={expected}; actual SHA256={actual}; frozen input blocker")
    ~~~~~~~^^^^^^^^^^^^^^^^^^^^^^^^^^^^^^^^^^^^^^^^^^^^^^^^^^^^^^^^^^^^^^^^^^^^^^^^^^^^^^^^^^^^^^^^^^^^^^^^^^^^^^^^^
  File "/workspace/shear_lift_audit_20260923/input/src/particle_3d/audit.py", line 26, in require
    raise FrozenIntegrityError(message)
particle_3d.audit.FrozenIntegrityError: /workspace/shear_lift_audit_20260923/input/old_fem/configs/face_map.json: expected SHA256=4f4855904b281dde46751fd1bc81822416f57a27a86767e86b35010c3a2b2deb; actual SHA256=MISSING; frozen input blocker
Traceback (most recent call last):
  File "/workspace/shear_lift_audit_20260923/code/run_audit.py", line 228, in <module>
    if __name__=='__main__':main()
                            ~~~~^^
  File "/workspace/shear_lift_audit_20260923/code/run_audit.py", line 218, in main
    for k,r in enumerate(pool.map(process,records,chunksize=4)):
               ~~~~~~~~~^^^^^^^^^^^^^^^^^^^^^^^^^^^^^^^^^^^^^^^
  File "/.uv/python_install/cpython-3.13.15-linux-x86_64-gnu/lib/python3.13/concurrent/futures/process.py", line 620, in _chain_from_iterable_of_lists
    for element in iterable:
                   ^^^^^^^^
  File "/.uv/python_install/cpython-3.13.15-linux-x86_64-gnu/lib/python3.13/concurrent/futures/_base.py", line 625, in result_iterator
    yield _result_or_cancel(fs.pop())
          ~~~~~~~~~~~~~~~~~^^^^^^^^^^
  File "/.uv/python_install/cpython-3.13.15-linux-x86_64-gnu/lib/python3.13/concurrent/futures/_base.py", line 318, in _result_or_cancel
    return fut.result(timeout)
           ~~~~~~~~~~^^^^^^^^^
  File "/.uv/python_install/cpython-3.13.15-linux-x86_64-gnu/lib/python3.13/concurrent/futures/_base.py", line 460, in result
    return self.__get_result()
           ~~~~~~~~~~~~~~~~~^^
  File "/.uv/python_install/cpython-3.13.15-linux-x86_64-gnu/lib/python3.13/concurrent/futures/_base.py", line 402, in __get_result
    raise self._exception
concurrent.futures.process.BrokenProcessPool: A process in the process pool was terminated abruptly while the future was running or pending.
