Welcome to vast.ai. If authentication fails, try again after a few seconds, and double check your ssh key.
Have fun!
AI agents: READ /etc/vast-agents-guide.md (also linked as ./AGENTS.md) before acting on or describing this instance: it is the operating guide. ('vast-capabilities' shows live state only, not the guide.)
{"name": "petsc_cuda12_cxx17_configure", "command": ["/workspace/formal_3D_flow_solver_FEM_SimVascular_lzy/sv1_3h/scripts/use_cuda12_gpu_env.sh", "/usr/bin/python3", "-B", "configure", "--prefix=/workspace/formal_3D_flow_solver_FEM_SimVascular_lzy/sv1_3h/external/petsc-cuda12", "PETSC_ARCH=arch-sv13h-cuda12-cxx17", "--with-cc=/workspace/formal_3D_flow_solver_FEM_SimVascular_lzy/sv1_3g/external/gpu_mpi/bin/mpicc", "--with-cxx=/workspace/formal_3D_flow_solver_FEM_SimVascular_lzy/sv1_3g/external/gpu_mpi/bin/mpicxx", "--with-mpiexec=/workspace/formal_3D_flow_solver_FEM_SimVascular_lzy/sv1_3g/scripts/run_gpu_mpi.sh", "--with-fc=0", "--with-fortran-bindings=0", "--with-debugging=0", "--with-shared-libraries=1", "--with-scalar-type=real", "--with-precision=double", "--with-64-bit-indices=0", "--with-blaslapack-lib=[/workspace/formal_3D_flow_solver_FEM_SimVascular_lzy/sv1_3h/external/system-lib/liblapack.so,/workspace/formal_3D_flow_solver_FEM_SimVascular_lzy/sv1_3h/external/system-lib/libblas.so]", "--with-x=0", "--with-cuda=1", "--with-cudac=/workspace/formal_3D_flow_solver_FEM_SimVascular_lzy/sv1_3h/external/cuda-12.6/bin/nvcc", "--with-cuda-include=/workspace/formal_3D_flow_solver_FEM_SimVascular_lzy/sv1_3h/external/cuda-12.6/include", "--with-cuda-lib=[/workspace/formal_3D_flow_solver_FEM_SimVascular_lzy/sv1_3h/external/cuda-12.6/lib64/libcudart.so,/workspace/formal_3D_flow_solver_FEM_SimVascular_lzy/sv1_3h/external/cuda-12.6/lib64/libcufft.so,/workspace/formal_3D_flow_solver_FEM_SimVascular_lzy/sv1_3h/external/cuda-12.6/lib64/libcublas.so,/workspace/formal_3D_flow_solver_FEM_SimVascular_lzy/sv1_3h/external/cuda-12.6/lib64/libcusparse.so,/workspace/formal_3D_flow_solver_FEM_SimVascular_lzy/sv1_3h/external/cuda-12.6/lib64/libcusolver.so,/workspace/formal_3D_flow_solver_FEM_SimVascular_lzy/sv1_3h/external/cuda-12.6/lib64/libcurand.so,/workspace/formal_3D_flow_solver_FEM_SimVascular_lzy/sv1_3h/external/cuda-12.6/lib64/libnvToolsExt.so]", "--with-cuda-arch=89", "--with-cxx-dialect=C++17", "--with-hip=0", "--with-opencl=0", "--with-cuda-dialect=C++17"], "cwd": "/workspace/formal_3D_flow_solver_FEM_SimVascular_lzy/sv1_3h/external/petsc-3.19.6-cuda12-clean", "exit_code": 0, "timeout": false, "timeout_s": 3600, "wall_time_s": 17.99639713508077, "log": "logs/petsc_cuda12_cxx17_configure.log", "sha256": "125d008c67cdc95c93ee9f99c327c363a01f0967a9f5dc8fae10d86cf0940839"}
{"name": "petsc_cuda12_cxx17_make", "command": ["/workspace/formal_3D_flow_solver_FEM_SimVascular_lzy/sv1_3h/scripts/use_cuda12_gpu_env.sh", "make", "-j8", "V=1", "PETSC_DIR=/workspace/formal_3D_flow_solver_FEM_SimVascular_lzy/sv1_3h/external/petsc-3.19.6-cuda12-clean", "PETSC_ARCH=arch-sv13h-cuda12-cxx17", "all"], "cwd": "/workspace/formal_3D_flow_solver_FEM_SimVascular_lzy/sv1_3h/external/petsc-3.19.6-cuda12-clean", "exit_code": 2, "timeout": false, "timeout_s": 3600, "wall_time_s": 15.489376032026485, "log": "logs/petsc_cuda12_cxx17_make.log", "sha256": "cc152b43094f0ce1cbfc3f8bd9e199579262b9a4a2fb78edc8d2b7be22746a3b"}
eprecated: The type will be removed in the next major release [-Wdeprecated-declarations]
 4774 |                                    pruneInfo_t              info,
      |                                    ^~~~~~~~~~~
/workspace/formal_3D_flow_solver_FEM_SimVascular_lzy/sv1_3h/external/cuda-12.6/include/cusparse.h:4793:36: warning: 'pruneInfo_t' is deprecated: The type will be removed in the next major release [-Wdeprecated-declarations]
 4793 |                                    pruneInfo_t              info,
      |                                    ^~~~~~~~~~~
/workspace/formal_3D_flow_solver_FEM_SimVascular_lzy/sv1_3h/external/cuda-12.6/include/cusparse.h:4833:37: warning: 'pruneInfo_t' is deprecated: The type will be removed in the next major release [-Wdeprecated-declarations]
 4833 |                                     pruneInfo_t              info,
      |                                     ^~~~~~~~~~~
/workspace/formal_3D_flow_solver_FEM_SimVascular_lzy/sv1_3h/external/cuda-12.6/include/cusparse.h:4851:37: warning: 'pruneInfo_t' is deprecated: The type will be removed in the next major release [-Wdeprecated-declarations]
 4851 |                                     pruneInfo_t              info,
      |                                     ^~~~~~~~~~~
/workspace/formal_3D_flow_solver_FEM_SimVascular_lzy/sv1_3h/external/cuda-12.6/include/cusparse.h:4891:35: warning: 'pruneInfo_t' is deprecated: The type will be removed in the next major release [-Wdeprecated-declarations]
 4891 |                                   pruneInfo_t              info,
      |                                   ^~~~~~~~~~~
/workspace/formal_3D_flow_solver_FEM_SimVascular_lzy/sv1_3h/external/cuda-12.6/include/cusparse.h:4909:35: warning: 'pruneInfo_t' is deprecated: The type will be removed in the next major release [-Wdeprecated-declarations]
 4909 |                                   pruneInfo_t              info,
      |                                   ^~~~~~~~~~~
/workspace/formal_3D_flow_solver_FEM_SimVascular_lzy/sv1_3h/external/cuda-12.6/bin/nvcc -c -I/workspace/formal_3D_flow_solver_FEM_SimVascular_lzy/sv1_3g/external/gpu_mpi/include  -ccbin /workspace/formal_3D_flow_solver_FEM_SimVascular_lzy/sv1_3g/external/gpu_mpi/bin/mpicxx -std=c++17 -Xcompiler -fPIC -O3 -gencode arch=compute_89,code=sm_89    --compiler-options="-I/workspace/formal_3D_flow_solver_FEM_SimVascular_lzy/sv1_3h/external/petsc-3.19.6-cuda12-clean/include -I/workspace/formal_3D_flow_solver_FEM_SimVascular_lzy/sv1_3h/external/petsc-3.19.6-cuda12-clean/arch-sv13h-cuda12-cxx17/include -I/workspace/formal_3D_flow_solver_FEM_SimVascular_lzy/sv1_3h/external/cuda-12.6/include    " /workspace/formal_3D_flow_solver_FEM_SimVascular_lzy/sv1_3h/external/petsc-3.19.6-cuda12-clean/src/vec/is/sf/impls/basic/cuda/sfcuda.cu -o arch-sv13h-cuda12-cxx17/obj/vec/is/sf/impls/basic/cuda/sfcuda.o # Compile first so that if there is an error, it comes from a normal compile
gmake[2]: *** [/workspace/formal_3D_flow_solver_FEM_SimVascular_lzy/sv1_3h/external/petsc-3.19.6-cuda12-clean/lib/petsc/conf/rules.doc:28: libs] Error 2
**************************ERROR*************************************
  Error during compile, check arch-sv13h-cuda12-cxx17/lib/petsc/conf/make.log
  Send it and arch-sv13h-cuda12-cxx17/lib/petsc/conf/configure.log to petsc-maint@mcs.anl.gov
********************************************************************
gmake[1]: *** [makefile:45: all] Error 1
make: *** [GNUmakefile:9: all] Error 2

