Welcome to vast.ai. If authentication fails, try again after a few seconds, and double check your ssh key.
Have fun!
AI agents: READ /etc/vast-agents-guide.md (also linked as ./AGENTS.md) before acting on or describing this instance: it is the operating guide. ('vast-capabilities' shows live state only, not the guide.)
{"name": "petsc_cuda12_configure", "command": ["/workspace/formal_3D_flow_solver_FEM_SimVascular_lzy/sv1_3h/scripts/use_cuda12_gpu_env.sh", "/usr/bin/python3", "-B", "configure", "--prefix=/workspace/formal_3D_flow_solver_FEM_SimVascular_lzy/sv1_3h/external/petsc-cuda12", "PETSC_ARCH=arch-sv13h-cuda12", "--with-cc=/workspace/formal_3D_flow_solver_FEM_SimVascular_lzy/sv1_3g/external/gpu_mpi/bin/mpicc", "--with-cxx=/workspace/formal_3D_flow_solver_FEM_SimVascular_lzy/sv1_3g/external/gpu_mpi/bin/mpicxx", "--with-mpiexec=/workspace/formal_3D_flow_solver_FEM_SimVascular_lzy/sv1_3g/scripts/run_gpu_mpi.sh", "--with-fc=0", "--with-fortran-bindings=0", "--with-debugging=0", "--with-shared-libraries=1", "--with-scalar-type=real", "--with-precision=double", "--with-64-bit-indices=0", "--with-blaslapack-lib=[/workspace/formal_3D_flow_solver_FEM_SimVascular_lzy/sv1_3h/external/system-lib/liblapack.so,/workspace/formal_3D_flow_solver_FEM_SimVascular_lzy/sv1_3h/external/system-lib/libblas.so]", "--with-x=0", "--with-cuda=1", "--with-cudac=/workspace/formal_3D_flow_solver_FEM_SimVascular_lzy/sv1_3h/external/cuda-12.6/bin/nvcc", "--with-cuda-include=/workspace/formal_3D_flow_solver_FEM_SimVascular_lzy/sv1_3h/external/cuda-12.6/include", "--with-cuda-lib=[/workspace/formal_3D_flow_solver_FEM_SimVascular_lzy/sv1_3h/external/cuda-12.6/lib64/libcudart.so,/workspace/formal_3D_flow_solver_FEM_SimVascular_lzy/sv1_3h/external/cuda-12.6/lib64/libcufft.so,/workspace/formal_3D_flow_solver_FEM_SimVascular_lzy/sv1_3h/external/cuda-12.6/lib64/libcublas.so,/workspace/formal_3D_flow_solver_FEM_SimVascular_lzy/sv1_3h/external/cuda-12.6/lib64/libcusparse.so,/workspace/formal_3D_flow_solver_FEM_SimVascular_lzy/sv1_3h/external/cuda-12.6/lib64/libcusolver.so,/workspace/formal_3D_flow_solver_FEM_SimVascular_lzy/sv1_3h/external/cuda-12.6/lib64/libcurand.so,/workspace/formal_3D_flow_solver_FEM_SimVascular_lzy/sv1_3h/external/cuda-12.6/lib64/libnvToolsExt.so]", "--with-cuda-arch=89", "--with-cxx-dialect=C++17", "--with-hip=0", "--with-opencl=0"], "cwd": "/workspace/formal_3D_flow_solver_FEM_SimVascular_lzy/sv1_3h/external/petsc-3.19.6-cuda12-clean", "exit_code": 0, "timeout": false, "timeout_s": 3600, "wall_time_s": 24.073623211006634, "log": "logs/petsc_cuda12_configure.log", "sha256": "40559a6d34ae1739e54ef4f7b562efb88003d8dd3b8bb1b65aa0ec5be79d1ad8"}
{"name": "petsc_cuda12_make", "command": ["/workspace/formal_3D_flow_solver_FEM_SimVascular_lzy/sv1_3h/scripts/use_cuda12_gpu_env.sh", "make", "-j8", "PETSC_DIR=/workspace/formal_3D_flow_solver_FEM_SimVascular_lzy/sv1_3h/external/petsc-3.19.6-cuda12-clean", "PETSC_ARCH=arch-sv13h-cuda12", "all"], "cwd": "/workspace/formal_3D_flow_solver_FEM_SimVascular_lzy/sv1_3h/external/petsc-3.19.6-cuda12-clean", "exit_code": 2, "timeout": false, "timeout_s": 3600, "wall_time_s": 16.24112256790977, "log": "logs/petsc_cuda12_make.log", "sha256": "0776ac4e5593bbfbd532fbb82231ac7aec5851fb7faee47fea401b1aa5c0a29d"}
 release [-Wdeprecated-declarations]
 4214 |                   csru2csrInfo_t           info,
      |                   ^~~~~~~~~~~~~~
/workspace/formal_3D_flow_solver_FEM_SimVascular_lzy/sv1_3h/external/cuda-12.6/include/cusparse.h:4227:19: warning: 'csru2csrInfo_t' is deprecated: The type will be removed in the next major release [-Wdeprecated-declarations]
 4227 |                   csru2csrInfo_t           info,
      |                   ^~~~~~~~~~~~~~
/workspace/formal_3D_flow_solver_FEM_SimVascular_lzy/sv1_3h/external/cuda-12.6/include/cusparse.h:4240:19: warning: 'csru2csrInfo_t' is deprecated: The type will be removed in the next major release [-Wdeprecated-declarations]
 4240 |                   csru2csrInfo_t           info,
      |                   ^~~~~~~~~~~~~~
/workspace/formal_3D_flow_solver_FEM_SimVascular_lzy/sv1_3h/external/cuda-12.6/include/cusparse.h:4253:19: warning: 'csru2csrInfo_t' is deprecated: The type will be removed in the next major release [-Wdeprecated-declarations]
 4253 |                   csru2csrInfo_t           info,
      |                   ^~~~~~~~~~~~~~
/workspace/formal_3D_flow_solver_FEM_SimVascular_lzy/sv1_3h/external/cuda-12.6/include/cusparse.h:4266:19: warning: 'csru2csrInfo_t' is deprecated: The type will be removed in the next major release [-Wdeprecated-declarations]
 4266 |                   csru2csrInfo_t           info,
      |                   ^~~~~~~~~~~~~~
/workspace/formal_3D_flow_solver_FEM_SimVascular_lzy/sv1_3h/external/cuda-12.6/include/cusparse.h:4279:19: warning: 'csru2csrInfo_t' is deprecated: The type will be removed in the next major release [-Wdeprecated-declarations]
 4279 |                   csru2csrInfo_t           info,
      |                   ^~~~~~~~~~~~~~
/workspace/formal_3D_flow_solver_FEM_SimVascular_lzy/sv1_3h/external/cuda-12.6/include/cusparse.h:4292:19: warning: 'csru2csrInfo_t' is deprecated: The type will be removed in the next major release [-Wdeprecated-declarations]
 4292 |                   csru2csrInfo_t           info,
      |                   ^~~~~~~~~~~~~~
/workspace/formal_3D_flow_solver_FEM_SimVascular_lzy/sv1_3h/external/cuda-12.6/include/cusparse.h:4619:36: warning: 'pruneInfo_t' is deprecated: The type will be removed in the next major release [-Wdeprecated-declarations]
 4619 |                                    pruneInfo_t              info,
      |                                    ^~~~~~~~~~~
/workspace/formal_3D_flow_solver_FEM_SimVascular_lzy/sv1_3h/external/cuda-12.6/include/cusparse.h:4635:36: warning: 'pruneInfo_t' is deprecated: The type will be removed in the next major release [-Wdeprecated-declarations]
 4635 |                                    pruneInfo_t              info,
      |                                    ^~~~~~~~~~~
/workspace/formal_3D_flow_solver_FEM_SimVascular_lzy/sv1_3h/external/cuda-12.6/include/cusparse.h:4668:37: warning: 'pruneInfo_t' is deprecated: The type will be removed in the next major release [-Wdeprecated-declarations]
 4668 |                                     pruneInfo_t              info,
      |                                     ^~~~~~~~~~~
/workspace/formal_3D_flow_solver_FEM_SimVascular_lzy/sv1_3h/external/cuda-12.6/include/cusparse.h:4683:37: warning: 'pruneInfo_t' is deprecated: The type will be removed in the next major release [-Wdeprecated-declarations]
 4683 |                                     pruneInfo_t              info,
      |                                     ^~~~~~~~~~~
/workspace/formal_3D_flow_solver_FEM_SimVascular_lzy/sv1_3h/external/cuda-12.6/include/cusparse.h:4717:37: warning: 'pruneInfo_t' is deprecated: The type will be removed in the next major release [-Wdeprecated-declarations]
 4717 |                                     pruneInfo_t              info,
      |                                     ^~~~~~~~~~~
/workspace/formal_3D_flow_solver_FEM_SimVascular_lzy/sv1_3h/external/cuda-12.6/include/cusparse.h:4732:37: warning: 'pruneInfo_t' is deprecated: The type will be removed in the next major release [-Wdeprecated-declarations]
 4732 |                                     pruneInfo_t              info,
      |                                     ^~~~~~~~~~~
/workspace/formal_3D_flow_solver_FEM_SimVascular_lzy/sv1_3h/external/cuda-12.6/include/cusparse.h:4774:36: warning: 'pruneInfo_t' is deprecated: The type will be removed in the next major release [-Wdeprecated-declarations]
 4774 |                                    pruneInfo_t              info,
      |                                    ^~~~~~~~~~~
/workspace/formal_3D_flow_solver_FEM_SimVascular_lzy/sv1_3h/external/cuda-12.6/include/cusparse.h:4793:36: warning: 'pruneInfo_t' is deprecated: The type will be removed in the next major release [-Wdeprecated-declarations]
 4793 |                                    pruneInfo_t              info,
      |                                    ^~~~~~~~~~~
/workspace/formal_3D_flow_solver_FEM_SimVascular_lzy/sv1_3h/external/cuda-12.6/include/cusparse.h:4833:37: warning: 'pruneInfo_t' is deprecated: The type will be removed in the next major release [-Wdeprecated-declarations]
 4833 |                                     pruneInfo_t              info,
      |                                     ^~~~~~~~~~~
/workspace/formal_3D_flow_solver_FEM_SimVascular_lzy/sv1_3h/external/cuda-12.6/include/cusparse.h:4851:37: warning: 'pruneInfo_t' is deprecated: The type will be removed in the next major release [-Wdeprecated-declarations]
 4851 |                                     pruneInfo_t              info,
      |                                     ^~~~~~~~~~~
/workspace/formal_3D_flow_solver_FEM_SimVascular_lzy/sv1_3h/external/cuda-12.6/include/cusparse.h:4891:35: warning: 'pruneInfo_t' is deprecated: The type will be removed in the next major release [-Wdeprecated-declarations]
 4891 |                                   pruneInfo_t              info,
      |                                   ^~~~~~~~~~~
/workspace/formal_3D_flow_solver_FEM_SimVascular_lzy/sv1_3h/external/cuda-12.6/include/cusparse.h:4909:35: warning: 'pruneInfo_t' is deprecated: The type will be removed in the next major release [-Wdeprecated-declarations]
 4909 |                                   pruneInfo_t              info,
      |                                   ^~~~~~~~~~~
      CUDAC arch-sv13h-cuda12/obj/vec/is/sf/impls/basic/cuda/sfcuda.o
  CUDAC.dep arch-sv13h-cuda12/obj/vec/is/sf/impls/basic/cuda/sfcuda.o
gmake[2]: *** [/workspace/formal_3D_flow_solver_FEM_SimVascular_lzy/sv1_3h/external/petsc-3.19.6-cuda12-clean/lib/petsc/conf/rules.doc:28: libs] Error 2
**************************ERROR*************************************
  Error during compile, check arch-sv13h-cuda12/lib/petsc/conf/make.log
  Send it and arch-sv13h-cuda12/lib/petsc/conf/configure.log to petsc-maint@mcs.anl.gov
********************************************************************
gmake[1]: *** [makefile:45: all] Error 1
make: *** [GNUmakefile:9: all] Error 2

