STREAMLINE_CANDIDATES 96 / 768 {'OUTLET_02': 18, 'OUTLET_01': 31, 'OUTLET_03': 45, 'POINT_TIME_HORIZON_30S': 2}
STREAMLINE_CANDIDATES 192 / 768 {'OUTLET_02': 36, 'OUTLET_01': 69, 'OUTLET_03': 80, 'POINT_TIME_HORIZON_30S': 7}
STREAMLINE_CANDIDATES 288 / 768 {'OUTLET_02': 64, 'OUTLET_01': 107, 'OUTLET_03': 108, 'POINT_TIME_HORIZON_30S': 9}
STREAMLINE_CANDIDATES 384 / 768 {'OUTLET_02': 82, 'OUTLET_01': 137, 'OUTLET_03': 152, 'POINT_TIME_HORIZON_30S': 13}
STREAMLINE_CANDIDATES 480 / 768 {'OUTLET_02': 117, 'OUTLET_01': 166, 'OUTLET_03': 182, 'POINT_TIME_HORIZON_30S': 15}
STREAMLINE_CANDIDATES 576 / 768 {'OUTLET_02': 149, 'OUTLET_01': 193, 'OUTLET_03': 216, 'POINT_TIME_HORIZON_30S': 18}
STREAMLINE_CANDIDATES 672 / 768 {'OUTLET_02': 170, 'OUTLET_01': 225, 'OUTLET_03': 253, 'POINT_TIME_HORIZON_30S': 24}
STREAMLINE_CANDIDATES 768 / 768 {'OUTLET_02': 192, 'OUTLET_01': 257, 'OUTLET_03': 290, 'POINT_TIME_HORIZON_30S': 29}
STREAMLINE_VALIDATED 24 / 96
STREAMLINE_VALIDATED 48 / 96
STREAMLINE_VALIDATED 72 / 96
STREAMLINE_VALIDATED 96 / 96
{
  "all_pass": true,
  "field_case": "mean-2p0-mmps-A-ROI-only-balanced-pressure-v1",
  "inlet_mean_mm_s": 2.0,
  "source_field_sha256": "fb3c6ad0815d156b09b289fc347766486f24ddb521b8e51e8bbc4cf1fd2ace12",
  "source_npz_sha256": "01bfcd539afe1d73478cfbe884b1d8f9ece24070521047613991e012228395a4",
  "seed": 2026092203,
  "candidate_count": 768,
  "candidate_outcomes": {
    "OUTLET_02": 192,
    "OUTLET_01": 257,
    "OUTLET_03": 290,
    "POINT_TIME_HORIZON_30S": 29
  },
  "selected_count": 96,
  "selected_outlet_counts": {
    "OUTLET_01": 16,
    "OUTLET_02": 56,
    "OUTLET_03": 24
  },
  "selection": "OUTLET_STRATIFIED_FARTHEST_ENDPOINT_SPACING_FOR_VISUALIZATION",
  "line_counts_are_not_flow_fractions": true,
  "all_seeds_on_original_inlet": true,
  "all_selected_endpoints_reclassified_on_actual_outlet_triangles": true,
  "all_selected_samples_inside_original_tetra_mesh": true,
  "all_selected_refined_outlet_labels_match": true,
  "maximum_refined_path_difference_um": 0.0017196472847098036,
  "maximum_refined_endpoint_difference_um": 0.0008960469745659265,
  "method": "DOUBLE_PRECISION_P1_RK23_NATIVE",
  "maximum_spatial_step_m": 1.5e-07,
  "local_position_error_tolerance_m": 1e-11,
  "terminal_step_rule": "ACTUAL_OPEN_CAP_INTERSECTION_WITH_LOCAL_EULER_STEP_WITHIN_2_PERCENT_SPATIAL_STEP",
  "terminal_approximation_maximum_length_nm": 3.0,
  "no_target_outlet_steering": true,
  "no_artificial_path_extension": true,
  "no_spline_smoothing": true,
  "physical_role": "STEADY_FLOW_POINT_STREAMLINES_NOT_FINITE_SIZE_MICROBUBBLE_TRAJECTORIES",
  "original_inputs_and_visuals_unchanged": true,
  "unchanged_file_count": 10,
  "dependency_root": "/home/lzy/projects/ulm_particle_formal_p9a5/particle_3d/src",
  "hostname": "localhost",
  "elapsed_seconds": 5.933788537979126,
  "script_sha256": "24177ca321ff8ce860bb6db892d52dde9322c989ee10599c8013225e7d088a34"
}
