{
  "all_pass": true,
  "case": "mean-2p0-mmps-A-ROI-only-balanced-pressure-v1",
  "source_case": "/home/lzy/projects/temp_storage/github_sync_20260927/ulm_flow_mean_2p0_mmps/formal_3D_flow_solver/FEM_SimVascular/flow_cases/mean-2p0-mmps-A-ROI-only-balanced-pressure-v1",
  "source_field": "/home/lzy/projects/temp_storage/github_sync_20260927/ulm_flow_mean_2p0_mmps/formal_3D_flow_solver/FEM_SimVascular/flow_cases/mean-2p0-mmps-A-ROI-only-balanced-pressure-v1/frozen_flow/steady_flow_mean_2p0_mmps_A_ROI_only_balanced_pressure.vtu",
  "source_field_sha256": "fb3c6ad0815d156b09b289fc347766486f24ddb521b8e51e8bbc4cf1fd2ace12",
  "flow_arrays": "/home/lzy/projects/temp_storage/github_sync_20260927/ulm_flow_mean_2p0_mmps/formal_3D_flow_solver/FEM_SimVascular/flow_cases/mean-2p0-mmps-A-ROI-only-balanced-pressure-v1/frozen_flow/flow_arrays_si.npz",
  "flow_arrays_sha256": "01bfcd539afe1d73478cfbe884b1d8f9ece24070521047613991e012228395a4",
  "mesh_arrays": "/home/lzy/projects/temp_storage/github_sync_20260927/ulm_flow_mean_2p0_mmps/formal_3D_flow_solver/FEM_SimVascular/flow_cases/mean-2p0-mmps-A-ROI-only-balanced-pressure-v1/SV_MESH/mesh_arrays.npz",
  "mesh_arrays_sha256": "d0230f39fd4050711dec881244c76c439b21698abb3bbfe8f4c74a80f72adfd2",
  "material": {
    "mu_Pa_s": 0.00345312,
    "rho_kg_m3": 1056.0,
    "nu_m2_s": 3.27e-06,
    "config": "/home/lzy/projects/temp_storage/github_sync_20260927/ulm_flow_mean_2p0_mmps/formal_3D_flow_solver/FEM_SimVascular/flow_cases/mean-2p0-mmps-A-ROI-only-balanced-pressure-v1/run/solver.xml",
    "config_sha256": "ba829e245bbba3fa99a0e0ab5bbd75bebc92b0bef434ffca3b5d389a5599caff",
    "policy": "/home/lzy/projects/temp_storage/github_sync_20260927/ulm_flow_mean_2p0_mmps/formal_3D_flow_solver/FEM_SimVascular/flow_cases/mean-2p0-mmps-A-ROI-only-balanced-pressure-v1/policy.json",
    "policy_sha256": "57e84b20592ca53e2f5892de0ac2cedd9e27aefdea8b23c1c5a8a9f1c7c01b09",
    "unit_contract": "SI: points_m, velocity_m_s, pressure_pa; XML mu in Pa.s, rho in kg/m3"
  },
  "coordinate_identity": {
    "exact": true,
    "exact_float32_serialization": true,
    "max_serialization_difference_m": 0.0,
    "gradients_use_original_mesh_coordinates": true
  },
  "viscosity_Pa_s": 0.00345312,
  "core_implementation": "/home/lzy/projects/formal_3D_flow_solver/FEM_SimVascular/solver_support/src/flow_solver_support/wss.py",
  "core_sha256": "21168431303441ac2fe96f020bf56f3a6a9aa4be534997e2c2c073c9304c2718",
  "entry_sha256": "abb39b8ce2df7cad1973584e35543356071c7e8d0b99563f8c48f7640d1113ea",
  "case_adapter_sha256": "85b97a596e1b39fac1b9b75c496d8a6f1d9339d8a3c77b8267d7dc44e79ef47d",
  "pressure_Pa": {
    "min": -1.0179652708523008,
    "max": 6445.54752270147
  },
  "wss_Pa": {
    "raw_min": 0.9201935710950179,
    "raw_max": 46.13902006916841,
    "area_weighted_mean": 15.429464336071428,
    "display_min": 0.9315316973040912,
    "display_max": 41.83876008848089
  },
  "wss_method": "Exact P1 tetra velocity gradients; tangential viscous traction on outward planar WALL facets",
  "wss_display": "Area-weighted mean of incident facet magnitudes at original wall nodes; geometry unchanged",
  "wss_vector_convention": "(I-n*n^T)*mu*(grad(u)+grad(u)^T)*n",
  "wall_facets": 45221,
  "tangency_max_error_Pa": 7.105427357601002e-15,
  "max_wall_speed_m_s": 0.0,
  "source_values_clipped": false,
  "mesh_convergence_not_assessed": true,
  "measurements": {
    "outward_flows_by_tag_m3_s": {
      "1": 0.0,
      "2": 5.9298260707412234e-15,
      "3": 5.352760721966124e-15,
      "4": -1.551359160440232e-14,
      "5": 4.2310048116949704e-15
    },
    "epsilon_Q": 2.8704573743580023e-10,
    "epsilon_mass": 5.084966299942537e-17
  },
  "outputs_sha256": {
    "data/pressure_surface_si.vtp": "5c3dcb8d9b6d1dc52cfd532dcd2c399f9eb1ef87879fc31b65af2c35f110e8bd",
    "data/wall_wss_si.vtp": "22ff2d25c006d19c1eadc1f079297f1b1a78022d5fccdcf1b20a2f647f393b02"
  },
  "elapsed_seconds": 1.619332572008716
}
