/workspace/roi_only_flow_visualization_20260928/render_visualization.py:121: PyVistaDeprecationWarning: This filter is deprecated. Use `select_interior_points` instead.
  enclosed = glyphs.select_enclosed_points(full_surface, tolerance=1e-8, check_surface=True)
full_vessel {"primitive_count": 96, "primitive": "streamlines", "fixed_parallel_scale_um": 45.31911463464225, "axis_unit": [0.0, 0.0, 1.0], "center_um": [135.8551467513367, 74.54425059639945, 119.33398991207625], "pixels_per_um": 10.24733169974617, "magnification_vs_previous_full": 1.334360530787103, "magnification_vs_previous_velocity_detail": null, "all_visible_geometry_inside_view_all_frames": true, "display_crop_radii_xyz_um": null, "physical_axes_titles": ["X (\u00b5m)", "Y (\u00b5m)", "Z (\u00b5m)"], "grid_and_ticks": true, "z_axis_vertical_all_frames": true, "camera_elevation_deg": 6.0, "outlet_line_counts": {"1": 16, "2": 56, "3": 24}, "boundary_labels": ["Inlet", "Outlet 01", "Outlet 02", "Outlet 03"]}
Planned clear arrow label: Inlet
Planned clear arrow label: Outlet 03
Planned clear arrow label: Outlet 01
Planned clear arrow label: Outlet 02
full_vessel annotations {"text_background_rectangles": 0, "layout": "Continuous projected candidates with periodic crossfades", "transition_kernel": "Raised cosine; periodic convolution, including last-to-first frame", "transition_samples": 21, "transition_duration_s": 0.875, "maximum_alpha_change_per_frame": 0.09090909090909094, "maximum_candidate_position_step_px": 9.658121048576097, "minimum_port_text_to_projected_surface_clearance_px": 22.0096809635534, "port_arrow_tip": "Original boundary cap center", "fixed_text_remains_constant": true, "full_cycle_planned_before_rendering": true, "all_pass": true}
full_vessel 0 / 432
full_vessel 72 / 432
full_vessel 144 / 432
full_vessel 216 / 432
full_vessel 288 / 432
full_vessel 360 / 432
branch_vectors {"primitive_count": 67, "primitive": "vectors", "fixed_parallel_scale_um": 10.623318740569212, "axis_unit": [0.0, 0.0, 1.0], "center_um": [96.92956321955802, 49.18425107495719, 113.4849487607672], "pixels_per_um": 43.71515261295048, "magnification_vs_previous_full": 5.692386657640906, "magnification_vs_previous_velocity_detail": 2.3268211636966325, "all_visible_geometry_inside_view_all_frames": true, "display_crop_radii_xyz_um": [18.0, 18.0, 11.5], "physical_axes_titles": ["X (\u00b5m)", "Y (\u00b5m)", "Z (\u00b5m)"], "grid_and_ticks": true, "z_axis_vertical_all_frames": true, "camera_elevation_deg": 6.0, "glyphs": {"method": "P1 velocity at tetrahedron centroid (mean of 4 nodal vectors)", "length_um": 1.55, "length_role": "Constant display length; direction from actual velocity; color encodes speed", "minimum_sampling_spacing_um": 1.25, "rejected_outside_lumen_glyphs": 2, "actual_vector_data_exported": true, "candidate_count": 21341, "glyph_count": 67}}
branch_vectors annotations {"text_background_rectangles": 0, "layout": "Continuous projected candidates with periodic crossfades", "transition_kernel": "Raised cosine; periodic convolution, including last-to-first frame", "transition_samples": 21, "transition_duration_s": 0.875, "maximum_alpha_change_per_frame": 0.09090909090909094, "maximum_candidate_position_step_px": 12.068400446858506, "minimum_port_text_to_projected_surface_clearance_px": null, "port_arrow_tip": "Original boundary cap center", "fixed_text_remains_constant": true, "full_cycle_planned_before_rendering": true, "all_pass": true}
branch_vectors 0 / 432
branch_vectors 72 / 432
branch_vectors 144 / 432
branch_vectors 216 / 432
branch_vectors 288 / 432
branch_vectors 360 / 432
RENDER_COMPLETE
