
==================================== ERRORS ====================================
_ ERROR collecting tests/particle9a2_inlet/test_diameter_fixed_during_position_retry.py _
ImportError while importing test module '/home/lzy/projects/ulm_particle_3d_particle0/particle_3d/tests/particle9a2_inlet/test_diameter_fixed_during_position_retry.py'.
Hint: make sure your test modules/packages have valid Python names.
Traceback:
../../miniconda3/lib/python3.13/importlib/__init__.py:88: in import_module
    return _bootstrap._gcd_import(name[level:], package, level)
           ^^^^^^^^^^^^^^^^^^^^^^^^^^^^^^^^^^^^^^^^^^^^^^^^^^^^
particle_3d/tests/particle9a2_inlet/test_diameter_fixed_during_position_retry.py:2: in <module>
    from conftest import source,FixedDistribution
E   ImportError: cannot import name 'source' from 'conftest' (/home/lzy/projects/ulm_particle_3d_particle0/particle_3d/tests/particle9a1_2mmps/conftest.py)
_ ERROR collecting tests/particle9a2_inlet/test_globally_impossible_size_recorded.py _
ImportError while importing test module '/home/lzy/projects/ulm_particle_3d_particle0/particle_3d/tests/particle9a2_inlet/test_globally_impossible_size_recorded.py'.
Hint: make sure your test modules/packages have valid Python names.
Traceback:
../../miniconda3/lib/python3.13/importlib/__init__.py:88: in import_module
    return _bootstrap._gcd_import(name[level:], package, level)
           ^^^^^^^^^^^^^^^^^^^^^^^^^^^^^^^^^^^^^^^^^^^^^^^^^^^^
particle_3d/tests/particle9a2_inlet/test_globally_impossible_size_recorded.py:1: in <module>
    from conftest import source,FixedDistribution
E   ImportError: cannot import name 'source' from 'conftest' (/home/lzy/projects/ulm_particle_3d_particle0/particle_3d/tests/particle9a1_2mmps/conftest.py)
_ ERROR collecting tests/particle9a2_inlet/test_infeasible_position_does_not_resample_size.py _
ImportError while importing test module '/home/lzy/projects/ulm_particle_3d_particle0/particle_3d/tests/particle9a2_inlet/test_infeasible_position_does_not_resample_size.py'.
Hint: make sure your test modules/packages have valid Python names.
Traceback:
../../miniconda3/lib/python3.13/importlib/__init__.py:88: in import_module
    return _bootstrap._gcd_import(name[level:], package, level)
           ^^^^^^^^^^^^^^^^^^^^^^^^^^^^^^^^^^^^^^^^^^^^^^^^^^^^
particle_3d/tests/particle9a2_inlet/test_infeasible_position_does_not_resample_size.py:2: in <module>
    from conftest import source,FixedDistribution
E   ImportError: cannot import name 'source' from 'conftest' (/home/lzy/projects/ulm_particle_3d_particle0/particle_3d/tests/particle9a1_2mmps/conftest.py)
_ ERROR collecting tests/particle9a2_inlet/test_internal_method_b_legacy_replay_unchanged.py _
ImportError while importing test module '/home/lzy/projects/ulm_particle_3d_particle0/particle_3d/tests/particle9a2_inlet/test_internal_method_b_legacy_replay_unchanged.py'.
Hint: make sure your test modules/packages have valid Python names.
Traceback:
../../miniconda3/lib/python3.13/importlib/__init__.py:88: in import_module
    return _bootstrap._gcd_import(name[level:], package, level)
           ^^^^^^^^^^^^^^^^^^^^^^^^^^^^^^^^^^^^^^^^^^^^^^^^^^^^
particle_3d/tests/particle9a2_inlet/test_internal_method_b_legacy_replay_unchanged.py:7: in <module>
    from conftest import source
E   ImportError: cannot import name 'source' from 'conftest' (/home/lzy/projects/ulm_particle_3d_particle0/particle_3d/tests/particle9a1_2mmps/conftest.py)
_ ERROR collecting tests/particle9a2_inlet/test_method_c_deterministic_replay.py _
ImportError while importing test module '/home/lzy/projects/ulm_particle_3d_particle0/particle_3d/tests/particle9a2_inlet/test_method_c_deterministic_replay.py'.
Hint: make sure your test modules/packages have valid Python names.
Traceback:
../../miniconda3/lib/python3.13/importlib/__init__.py:88: in import_module
    return _bootstrap._gcd_import(name[level:], package, level)
           ^^^^^^^^^^^^^^^^^^^^^^^^^^^^^^^^^^^^^^^^^^^^^^^^^^^^
particle_3d/tests/particle9a2_inlet/test_method_c_deterministic_replay.py:1: in <module>
    from conftest import source
E   ImportError: cannot import name 'source' from 'conftest' (/home/lzy/projects/ulm_particle_3d_particle0/particle_3d/tests/particle9a1_2mmps/conftest.py)
_ ERROR collecting tests/particle9a2_inlet/test_position_flux_weighting_preserved.py _
ImportError while importing test module '/home/lzy/projects/ulm_particle_3d_particle0/particle_3d/tests/particle9a2_inlet/test_position_flux_weighting_preserved.py'.
Hint: make sure your test modules/packages have valid Python names.
Traceback:
../../miniconda3/lib/python3.13/importlib/__init__.py:88: in import_module
    return _bootstrap._gcd_import(name[level:], package, level)
           ^^^^^^^^^^^^^^^^^^^^^^^^^^^^^^^^^^^^^^^^^^^^^^^^^^^^
particle_3d/tests/particle9a2_inlet/test_position_flux_weighting_preserved.py:2: in <module>
    from conftest import source,FixedDistribution
E   ImportError: cannot import name 'source' from 'conftest' (/home/lzy/projects/ulm_particle_3d_particle0/particle_3d/tests/particle9a1_2mmps/conftest.py)
_ ERROR collecting tests/particle9a2_inlet/test_symmetric_inlet_has_no_artificial_side_bias.py _
ImportError while importing test module '/home/lzy/projects/ulm_particle_3d_particle0/particle_3d/tests/particle9a2_inlet/test_symmetric_inlet_has_no_artificial_side_bias.py'.
Hint: make sure your test modules/packages have valid Python names.
Traceback:
../../miniconda3/lib/python3.13/importlib/__init__.py:88: in import_module
    return _bootstrap._gcd_import(name[level:], package, level)
           ^^^^^^^^^^^^^^^^^^^^^^^^^^^^^^^^^^^^^^^^^^^^^^^^^^^^
particle_3d/tests/particle9a2_inlet/test_symmetric_inlet_has_no_artificial_side_bias.py:2: in <module>
    from conftest import source,FixedDistribution
E   ImportError: cannot import name 'source' from 'conftest' (/home/lzy/projects/ulm_particle_3d_particle0/particle_3d/tests/particle9a1_2mmps/conftest.py)
=========================== short test summary info ============================
ERROR particle_3d/tests/particle9a2_inlet/test_diameter_fixed_during_position_retry.py
ERROR particle_3d/tests/particle9a2_inlet/test_globally_impossible_size_recorded.py
ERROR particle_3d/tests/particle9a2_inlet/test_infeasible_position_does_not_resample_size.py
ERROR particle_3d/tests/particle9a2_inlet/test_internal_method_b_legacy_replay_unchanged.py
ERROR particle_3d/tests/particle9a2_inlet/test_method_c_deterministic_replay.py
ERROR particle_3d/tests/particle9a2_inlet/test_position_flux_weighting_preserved.py
ERROR particle_3d/tests/particle9a2_inlet/test_symmetric_inlet_has_no_artificial_side_bias.py
!!!!!!!!!!!!!!!!!!! Interrupted: 7 errors during collection !!!!!!!!!!!!!!!!!!!!
7 errors in 0.18s
