[
  {
    "diameter_um": 0.8,
    "original_attempts": 746,
    "accepted_count": 500,
    "original_feasible_flux_fraction_estimate": 0.6702412868632708,
    "conditional_point_counts": {
      "OUTLET_01": 12,
      "OUTLET_02": 466,
      "OUTLET_03": 22,
      "NO_EXIT": 0
    },
    "acceleration_bounds": {
      "feasible_flux_fraction_lower": 0.47412898951255583,
      "feasible_flux_fraction_upper": 0.8780715648778987,
      "accelerated_acceptance_lower": 0.5399662265324426,
      "retained_triangle_count": 136,
      "position_guard": 229,
      "guard_tail_probability_target": 5.421010862427522e-20,
      "guard_execution_slack": 4,
      "refinement_count": 0,
      "acceleration": "EXACT_P1_FLUX_ON_CERTIFIED_SUPERSET; FINAL_ORIGINAL_ADMISSION_REJECTION"
    },
    "position_coordinate_two_sample_KS": [
      0.03200000000000003,
      0.040000000000000036
    ],
    "empirical_position_agreement": true,
    "diagnostic_threshold": ".14: conservative simultaneous empirical CDF tolerance; no outlet target",
    "wall_seconds": 2.9127466678619385
  },
  {
    "diameter_um": 1.0,
    "original_attempts": 912,
    "accepted_count": 500,
    "original_feasible_flux_fraction_estimate": 0.5482456140350878,
    "conditional_point_counts": {
      "OUTLET_01": 18,
      "OUTLET_02": 470,
      "OUTLET_03": 11,
      "NO_EXIT": 1
    },
    "acceleration_bounds": {
      "feasible_flux_fraction_lower": 0.369337246813949,
      "feasible_flux_fraction_upper": 0.8001341746550936,
      "accelerated_acceptance_lower": 0.46159414072415517,
      "retained_triangle_count": 121,
      "position_guard": 287,
      "guard_tail_probability_target": 5.421010862427522e-20,
      "guard_execution_slack": 4,
      "refinement_count": 0,
      "acceleration": "EXACT_P1_FLUX_ON_CERTIFIED_SUPERSET; FINAL_ORIGINAL_ADMISSION_REJECTION"
    },
    "position_coordinate_two_sample_KS": [
      0.04999999999999993,
      0.06000000000000005
    ],
    "empirical_position_agreement": true,
    "diagnostic_threshold": ".14: conservative simultaneous empirical CDF tolerance; no outlet target",
    "wall_seconds": 2.999692440032959
  },
  {
    "diameter_um": 1.2,
    "original_attempts": 1083,
    "accepted_count": 500,
    "original_feasible_flux_fraction_estimate": 0.4616805170821791,
    "conditional_point_counts": {
      "OUTLET_01": 6,
      "OUTLET_02": 490,
      "OUTLET_03": 4,
      "NO_EXIT": 0
    },
    "acceleration_bounds": {
      "feasible_flux_fraction_lower": 0.2781833506781082,
      "feasible_flux_fraction_upper": 0.673623821931381,
      "accelerated_acceptance_lower": 0.41296542910331546,
      "retained_triangle_count": 100,
      "position_guard": 334,
      "guard_tail_probability_target": 5.421010862427522e-20,
      "guard_execution_slack": 4,
      "refinement_count": 0,
      "acceleration": "EXACT_P1_FLUX_ON_CERTIFIED_SUPERSET; FINAL_ORIGINAL_ADMISSION_REJECTION"
    },
    "position_coordinate_two_sample_KS": [
      0.07600000000000007,
      0.05400000000000005
    ],
    "empirical_position_agreement": true,
    "diagnostic_threshold": ".14: conservative simultaneous empirical CDF tolerance; no outlet target",
    "wall_seconds": 3.193939685821533
  },
  {
    "diameter_um": 1.6,
    "original_attempts": 1797,
    "accepted_count": 500,
    "original_feasible_flux_fraction_estimate": 0.27824151363383415,
    "conditional_point_counts": {
      "OUTLET_01": 0,
      "OUTLET_02": 500,
      "OUTLET_03": 0,
      "NO_EXIT": 0
    },
    "acceleration_bounds": {
      "feasible_flux_fraction_lower": 0.17321191270419187,
      "feasible_flux_fraction_upper": 0.45110542996630676,
      "accelerated_acceptance_lower": 0.3839721297904331,
      "retained_triangle_count": 66,
      "position_guard": 367,
      "guard_tail_probability_target": 5.421010862427522e-20,
      "guard_execution_slack": 4,
      "refinement_count": 0,
      "acceleration": "EXACT_P1_FLUX_ON_CERTIFIED_SUPERSET; FINAL_ORIGINAL_ADMISSION_REJECTION"
    },
    "position_coordinate_two_sample_KS": [
      0.04200000000000004,
      0.039999999999999925
    ],
    "empirical_position_agreement": true,
    "diagnostic_threshold": ".14: conservative simultaneous empirical CDF tolerance; no outlet target",
    "wall_seconds": 3.591639995574951
  },
  {
    "diameter_um": 2.0,
    "original_attempts": 3262,
    "accepted_count": 500,
    "original_feasible_flux_fraction_estimate": 0.15328019619865113,
    "conditional_point_counts": {
      "OUTLET_01": 0,
      "OUTLET_02": 500,
      "OUTLET_03": 0,
      "NO_EXIT": 0
    },
    "acceleration_bounds": {
      "feasible_flux_fraction_lower": 0.059526525534549124,
      "feasible_flux_fraction_upper": 0.281808084002399,
      "accelerated_acceptance_lower": 0.21123072372204335,
      "retained_triangle_count": 41,
      "position_guard": 748,
      "guard_tail_probability_target": 5.421010862427522e-20,
      "guard_execution_slack": 4,
      "refinement_count": 0,
      "acceleration": "EXACT_P1_FLUX_ON_CERTIFIED_SUPERSET; FINAL_ORIGINAL_ADMISSION_REJECTION"
    },
    "position_coordinate_two_sample_KS": [
      0.057999999999999996,
      0.08600000000000002
    ],
    "empirical_position_agreement": true,
    "diagnostic_threshold": ".14: conservative simultaneous empirical CDF tolerance; no outlet target",
    "wall_seconds": 4.148539781570435
  },
  {
    "diameter_um": 2.6,
    "original_attempts": 13741,
    "accepted_count": 500,
    "original_feasible_flux_fraction_estimate": 0.036387453605996656,
    "conditional_point_counts": {
      "OUTLET_01": 0,
      "OUTLET_02": 500,
      "OUTLET_03": 0,
      "NO_EXIT": 0
    },
    "acceleration_bounds": {
      "feasible_flux_fraction_lower": 0.009363755358266805,
      "feasible_flux_fraction_upper": 0.07248105901616439,
      "accelerated_acceptance_lower": 0.12918899758595612,
      "retained_triangle_count": 43,
      "position_guard": 1283,
      "guard_tail_probability_target": 5.421010862427522e-20,
      "guard_execution_slack": 4,
      "refinement_count": 39,
      "acceleration": "EXACT_P1_FLUX_ON_CERTIFIED_SUPERSET; FINAL_ORIGINAL_ADMISSION_REJECTION"
    },
    "position_coordinate_two_sample_KS": [
      0.06000000000000005,
      0.030000000000000027
    ],
    "empirical_position_agreement": true,
    "diagnostic_threshold": ".14: conservative simultaneous empirical CDF tolerance; no outlet target",
    "wall_seconds": 5.1037278175354
  }
]
