{
  "role": "READ_ONLY_INDEPENDENT_SAVED_STATE_QP_CERTIFICATE",
  "stationary_count": 147,
  "all_verified": true,
  "geometrically_FEM_downstream_feasible_ids": [
    371,
    435
  ],
  "wall_seconds": 2.429997444152832,
  "physical_model_or_trajectories_changed": false,
  "interpretation": "Geometric FEM-direction feasibility and affine-hydrodynamic equilibrium are different tests. KKT + SPD certifies the unique instantaneous model solution, not absence of geometric escape paths.",
  "host": "f7c62a262077",
  "audit_source_sha256": "a405eda0cf31c04b5f09585fdf73d974a45c2fb98cf01a1e6f6e6d1bf19e32f4",
  "independent_solver_source_sha256": "81b92ce20861869591d90a3f7342b2ddc3bf5ed48b31f61e7eb9627d689d7183"
}
{
  "particle_id": 371,
  "diameter_m": 2.299628159283777e-06,
  "free_FEM_direction_feasible": true,
  "effective_translation_drive_N": [
    -6.462454638603164e-11,
    1.7103958651014464e-10,
    -3.750762575052053e-10
  ],
  "effective_drive_cone_check": {
    "status": "RESOLVED",
    "feasible_downstream_direction": false,
    "direction": [
      -0.0,
      -0.0,
      -0.0
    ],
    "unit_direction": [
      0.0,
      0.0,
      0.0
    ],
    "max_downstream_projection": 0.0,
    "minimum_normal_projection": 0.0,
    "verification_tolerance": 3.73602666948203e-12,
    "no_downstream_certificate": true,
    "certificate_multipliers": [
      0.08157894887981475,
      7.710839494268509,
      0.0,
      7.613179377464304
    ],
    "certificate_residual": 0.0,
    "lp_inequality_dual": [
      -0.08157894887981243,
      -7.710839494268504,
      -0.0,
      -7.6131793774642995
    ],
    "objective": "max dot(unit FEM velocity,v), Nv>=0, -1<=v_j<=1"
  },
  "original_solver_velocity_budget_m_s": 5.6553649481344284e-14,
  "certificate": {
    "method": "INDEPENDENT_EXHAUSTIVE_ACTIVE_SET_ORIGINAL_6D_SPD_QUADRATIC",
    "original_matrix_unchanged": true,
    "independent_velocity": [
      -6.010256366163293e-20,
      8.748758856851115e-20,
      -1.6253201104968708e-19,
      -181.70175837569553,
      -51.526391930853094,
      405.687471941917
    ],
    "velocity_roundoff_budget": [
      2.2587431274465264e-14,
      6.9956159677038284e-15,
      1.141411793425937e-14,
      6.33234764670017e-08,
      8.35106352959965e-08,
      6.79485078934881e-08
    ],
    "minimum_scaled_eigenvalue": 0.018227619369696583,
    "active_constraints": [
      0,
      1,
      3
    ],
    "feasible_active_sets": 2,
    "KKT_residual_scaled": 3.7470027081099033e-16,
    "minimum_primal_scaled": -2.8758367906928244e-16,
    "minimum_multiplier_scaled": 0.0,
    "complementarity_scaled": 7.407656879562617e-16,
    "recorded_velocity_scaled_error": 6.985425447589583e-15,
    "scaled_roundoff_budget": 1.1839506272677762e-10,
    "recorded_solution_verified": true,
    "independent_translation_zero_within_roundoff": true,
    "conclusion": "CURRENT_MODEL_MECHANICAL_EQUILIBRIUM; NOT_GEOMETRIC_NO_PATH_OR_PHYSIOLOGICAL_TRAPPING"
  },
  "verified": true
}
{
  "particle_id": 435,
  "diameter_m": 2.751452608698114e-06,
  "free_FEM_direction_feasible": true,
  "effective_translation_drive_N": [
    -1.3906290929620596e-10,
    1.1312686187157752e-10,
    -4.253246725571122e-10
  ],
  "effective_drive_cone_check": {
    "status": "RESOLVED",
    "feasible_downstream_direction": false,
    "direction": [
      -0.0,
      -0.0,
      -0.0
    ],
    "unit_direction": [
      0.0,
      0.0,
      0.0
    ],
    "max_downstream_projection": 0.0,
    "minimum_normal_projection": 0.0,
    "verification_tolerance": 5.077566680857887e-12,
    "no_downstream_certificate": true,
    "certificate_multipliers": [
      0.18048136541318902,
      10.6438969560039,
      10.823654969721447
    ],
    "certificate_residual": 0.0,
    "lp_inequality_dual": [
      -0.18048136541314985,
      -10.643896956003928,
      -10.823654969721439
    ],
    "objective": "max dot(unit FEM velocity,v), Nv>=0, -1<=v_j<=1"
  },
  "original_solver_velocity_budget_m_s": 9.716515591150389e-15,
  "certificate": {
    "method": "INDEPENDENT_EXHAUSTIVE_ACTIVE_SET_ORIGINAL_6D_SPD_QUADRATIC",
    "original_matrix_unchanged": true,
    "independent_velocity": [
      -1.4181889286015917e-19,
      5.495519609391332e-20,
      4.076533496043678e-19,
      167.97516033078435,
      146.01822407066047,
      18.911169396341897
    ],
    "velocity_roundoff_budget": [
      1.3591797252492644e-14,
      9.880370472934035e-15,
      7.296018882426135e-14,
      8.764545714226657e-08,
      1.0218619607442395e-07,
      7.72890753013971e-08
    ],
    "minimum_scaled_eigenvalue": 0.01319744979851236,
    "active_constraints": [
      0,
      1,
      2
    ],
    "feasible_active_sets": 1,
    "KKT_residual_scaled": 5.412337245047638e-16,
    "minimum_primal_scaled": -8.140655703223625e-17,
    "minimum_multiplier_scaled": 0.03130354642144347,
    "complementarity_scaled": 7.649029014770573e-16,
    "recorded_velocity_scaled_error": 1.0439100360535411e-14,
    "scaled_roundoff_budget": 1.269560020828573e-10,
    "recorded_solution_verified": true,
    "independent_translation_zero_within_roundoff": true,
    "conclusion": "CURRENT_MODEL_MECHANICAL_EQUILIBRIUM; NOT_GEOMETRIC_NO_PATH_OR_PHYSIOLOGICAL_TRAPPING"
  },
  "verified": true
}
