{
  "role": "READ_ONLY_INDEPENDENT_SAVED_STATE_QP_CERTIFICATE",
  "stationary_count": 147,
  "all_verified": true,
  "geometrically_FEM_downstream_feasible_ids": [
    371,
    435
  ],
  "wall_seconds": 2.866687297821045,
  "physical_model_or_trajectories_changed": false,
  "interpretation": "Geometric FEM-direction feasibility and affine-hydrodynamic equilibrium are different tests. KKT + SPD certifies the unique instantaneous model solution, not absence of geometric escape paths.",
  "host": "localhost",
  "audit_source_sha256": "a405eda0cf31c04b5f09585fdf73d974a45c2fb98cf01a1e6f6e6d1bf19e32f4",
  "independent_solver_source_sha256": "81b92ce20861869591d90a3f7342b2ddc3bf5ed48b31f61e7eb9627d689d7183"
}
{
  "particle_id": 371,
  "diameter_m": 2.299628159283777e-06,
  "free_FEM_direction_feasible": true,
  "effective_translation_drive_N": [
    -6.462454638603164e-11,
    1.7103958651014464e-10,
    -3.750762575052053e-10
  ],
  "effective_drive_cone_check": {
    "status": "RESOLVED",
    "feasible_downstream_direction": false,
    "direction": [
      -0.0,
      -0.0,
      -0.0
    ],
    "unit_direction": [
      0.0,
      0.0,
      0.0
    ],
    "max_downstream_projection": 0.0,
    "minimum_normal_projection": 0.0,
    "verification_tolerance": 3.7360266694820295e-12,
    "no_downstream_certificate": true,
    "certificate_multipliers": [
      0.0815789488798147,
      7.710839494268509,
      0.0,
      7.613179377464304
    ],
    "certificate_residual": 0.0,
    "lp_inequality_dual": [
      -0.08157894887981243,
      -7.710839494268504,
      -0.0,
      -7.6131793774642995
    ],
    "objective": "max dot(unit FEM velocity,v), Nv>=0, -1<=v_j<=1"
  },
  "original_solver_velocity_budget_m_s": 5.6553649481344284e-14,
  "certificate": {
    "method": "INDEPENDENT_EXHAUSTIVE_ACTIVE_SET_ORIGINAL_6D_SPD_QUADRATIC",
    "original_matrix_unchanged": true,
    "independent_velocity": [
      -1.140180892699701e-20,
      -4.355238579059202e-21,
      -2.087755466209436e-20,
      -181.70175837569556,
      -51.526391930853045,
      405.68747194191707
    ],
    "velocity_roundoff_budget": [
      2.2587431274465248e-14,
      6.995615967703823e-15,
      1.141411793425936e-14,
      6.332347646700165e-08,
      8.351063529599642e-08,
      6.794850789348805e-08
    ],
    "minimum_scaled_eigenvalue": 0.018227619369696003,
    "active_constraints": [
      0,
      1,
      3
    ],
    "feasible_active_sets": 2,
    "KKT_residual_scaled": 2.7755575615628914e-16,
    "minimum_primal_scaled": -2.0328558921375422e-16,
    "minimum_multiplier_scaled": 0.0,
    "complementarity_scaled": 5.236284264561562e-16,
    "recorded_velocity_scaled_error": 5.431060923959182e-15,
    "scaled_roundoff_budget": 1.183950627267775e-10,
    "recorded_solution_verified": true,
    "independent_translation_zero_within_roundoff": true,
    "conclusion": "CURRENT_MODEL_MECHANICAL_EQUILIBRIUM; NOT_GEOMETRIC_NO_PATH_OR_PHYSIOLOGICAL_TRAPPING"
  },
  "verified": true
}
{
  "particle_id": 435,
  "diameter_m": 2.751452608698114e-06,
  "free_FEM_direction_feasible": true,
  "effective_translation_drive_N": [
    -1.3906290929620596e-10,
    1.1312686187157752e-10,
    -4.253246725571122e-10
  ],
  "effective_drive_cone_check": {
    "status": "RESOLVED",
    "feasible_downstream_direction": false,
    "direction": [
      -0.0,
      -0.0,
      -0.0
    ],
    "unit_direction": [
      0.0,
      0.0,
      0.0
    ],
    "max_downstream_projection": 0.0,
    "minimum_normal_projection": 0.0,
    "verification_tolerance": 5.077566680857889e-12,
    "no_downstream_certificate": true,
    "certificate_multipliers": [
      0.18048136541318416,
      10.643896956003905,
      10.823654969721447
    ],
    "certificate_residual": 0.0,
    "lp_inequality_dual": [
      -0.18048136541314985,
      -10.643896956003928,
      -10.823654969721439
    ],
    "objective": "max dot(unit FEM velocity,v), Nv>=0, -1<=v_j<=1"
  },
  "original_solver_velocity_budget_m_s": 9.716515591150389e-15,
  "certificate": {
    "method": "INDEPENDENT_EXHAUSTIVE_ACTIVE_SET_ORIGINAL_6D_SPD_QUADRATIC",
    "original_matrix_unchanged": true,
    "independent_velocity": [
      -1.2048521048560227e-19,
      6.397582552731126e-20,
      2.1704654133668353e-19,
      167.9751603307843,
      146.0182240706604,
      18.911169396341947
    ],
    "velocity_roundoff_budget": [
      1.3591797252492668e-14,
      9.880370472934052e-15,
      7.296018882426148e-14,
      8.764545714226672e-08,
      1.0218619607442412e-07,
      7.728907530139725e-08
    ],
    "minimum_scaled_eigenvalue": 0.013197449798512194,
    "active_constraints": [
      0,
      1,
      2
    ],
    "feasible_active_sets": 1,
    "KKT_residual_scaled": 4.0939474033052647e-16,
    "minimum_primal_scaled": -2.5590695199539172e-17,
    "minimum_multiplier_scaled": 0.03130354642144354,
    "complementarity_scaled": 3.2821517061325403e-16,
    "recorded_velocity_scaled_error": 1.0239830243886006e-14,
    "scaled_roundoff_budget": 1.2695600208285752e-10,
    "recorded_solution_verified": true,
    "independent_translation_zero_within_roundoff": true,
    "conclusion": "CURRENT_MODEL_MECHANICAL_EQUILIBRIUM; NOT_GEOMETRIC_NO_PATH_OR_PHYSIOLOGICAL_TRAPPING"
  },
  "verified": true
}
