Stage 1.5 completed (stopped at required geometry gate).

baseline medium:
    tetrahedra = 147569
    q<0.1 total = 153
    q<0.1 cap-adjacent = 129
    P1 = 0.335972
    P5 = 0.474396
    median = 0.720646

candidate_A:
    surface = REJECTED (cap area invariant)
    max relative area error = 2.994930e-09
    tetrahedra / q<0.1 / P1 / P5 / median = NOT COMPUTED

candidate_B:
    surface = REJECTED (cap area invariant)
    max relative area error = 2.992320e-09
    tetrahedra / q<0.1 / P1 / P5 / median = NOT COMPUTED

candidate_C:
    surface = REJECTED (cap area invariant)
    max relative area error = 2.988632e-09
    tetrahedra / q<0.1 / P1 / P5 / median = NOT COMPUTED

selected:
    candidate = NONE
    volume / quality / round-trip = NOT RUN (geometry prerequisite failed)
geometry:
    max wall displacement = 0 m
    max rim displacement = 0 m
    max port area error = 2.994930e-09 (gate <= 1e-12)
    min normal dot = 0.99999999999999989
tests:
    passed = 142
    failed = 0
    skipped = 3 (2 prohibited mesh reloads; 1 existing local environment test)
report:
    reports/stage01_5/REPORT.md
human review / failure diagnostics:
    cap_triangulation_before_after.png
    cap_triangle_quality.png
    tetra_quality_before_after.png
    low_quality_count_by_boundary.png
    rim_overlay.png
    worst_elements_before_after.png
    boundary_tags_selected.png
    tetrahedral_cutaway_selected.png

STAGE 1.5 STATUS: FAIL
STOP. Stage 3 has not started.

