STREAMLINE_CANDIDATES 96 / 768 {'OUTLET_02': 76, 'OUTLET_03': 13, 'OUTLET_01': 4, 'POINT_TIME_HORIZON_30S': 3}
STREAMLINE_CANDIDATES 192 / 768 {'OUTLET_02': 157, 'OUTLET_03': 19, 'OUTLET_01': 11, 'POINT_TIME_HORIZON_30S': 5}
STREAMLINE_CANDIDATES 288 / 768 {'OUTLET_02': 240, 'OUTLET_03': 26, 'OUTLET_01': 16, 'POINT_TIME_HORIZON_30S': 6}
STREAMLINE_CANDIDATES 384 / 768 {'OUTLET_02': 320, 'OUTLET_03': 35, 'OUTLET_01': 21, 'POINT_TIME_HORIZON_30S': 8}
STREAMLINE_CANDIDATES 480 / 768 {'OUTLET_02': 403, 'OUTLET_03': 45, 'OUTLET_01': 24, 'POINT_TIME_HORIZON_30S': 8}
STREAMLINE_CANDIDATES 576 / 768 {'OUTLET_02': 484, 'OUTLET_03': 53, 'OUTLET_01': 27, 'POINT_TIME_HORIZON_30S': 12}
STREAMLINE_CANDIDATES 672 / 768 {'OUTLET_02': 560, 'OUTLET_03': 65, 'OUTLET_01': 31, 'POINT_TIME_HORIZON_30S': 16}
STREAMLINE_CANDIDATES 768 / 768 {'OUTLET_02': 638, 'OUTLET_03': 76, 'OUTLET_01': 35, 'POINT_TIME_HORIZON_30S': 19}
STREAMLINE_VALIDATED 24 / 96
STREAMLINE_VALIDATED 48 / 96
STREAMLINE_VALIDATED 72 / 96
STREAMLINE_VALIDATED 96 / 96
{
  "all_pass": true,
  "field_case": "mean-2p0-mmps",
  "inlet_mean_mm_s": 2.0,
  "source_field_sha256": "129ebb77396550b300b20ce29cde7b03919e6037b7a81de60fe75d6c6efb616d",
  "source_npz_sha256": "a2795b9ceed2e54b187f10217a5b18530b90bd7763b79886aaa97fd605714ea2",
  "seed": 2026092203,
  "candidate_count": 768,
  "candidate_outcomes": {
    "OUTLET_02": 638,
    "OUTLET_03": 76,
    "OUTLET_01": 35,
    "POINT_TIME_HORIZON_30S": 19
  },
  "selected_count": 96,
  "selected_outlet_counts": {
    "OUTLET_01": 16,
    "OUTLET_02": 56,
    "OUTLET_03": 24
  },
  "selection": "OUTLET_STRATIFIED_FARTHEST_ENDPOINT_SPACING_FOR_VISUALIZATION",
  "line_counts_are_not_flow_fractions": true,
  "all_seeds_on_original_inlet": true,
  "all_selected_endpoints_reclassified_on_actual_outlet_triangles": true,
  "all_selected_samples_inside_original_tetra_mesh": true,
  "all_selected_refined_outlet_labels_match": true,
  "maximum_refined_path_difference_um": 0.004183035343613379,
  "maximum_refined_endpoint_difference_um": 0.0032965255988961373,
  "method": "DOUBLE_PRECISION_P1_RK23_NATIVE",
  "maximum_spatial_step_m": 1.5e-07,
  "local_position_error_tolerance_m": 1e-11,
  "terminal_step_rule": "ACTUAL_OPEN_CAP_INTERSECTION_WITH_LOCAL_EULER_STEP_WITHIN_2_PERCENT_SPATIAL_STEP",
  "terminal_approximation_maximum_length_nm": 3.0,
  "no_target_outlet_steering": true,
  "no_artificial_path_extension": true,
  "no_spline_smoothing": true,
  "physical_role": "STEADY_FLOW_POINT_STREAMLINES_NOT_FINITE_SIZE_MICROBUBBLE_TRAJECTORIES",
  "original_inputs_and_visuals_unchanged": true,
  "unchanged_file_count": 27,
  "dependency_root": "/home/lzy/projects/ulm_particle_3d_particle0/particle_3d/src",
  "hostname": "localhost",
  "elapsed_seconds": 5.451121091842651,
  "script_sha256": "d0d709b8be2086248e291f3cd166aeb7f0618f7d58c35479f7a70d28284bd652"
}
