STATIC_VIEWS_EXPORT: /home/lzy/projects/vascular_printing/outputs/topbrain_brava_transfer/nn_production/BG001/RMCA/manufacturing_stl_visualization/static_views/PRINT_STL/strict/20260928T222127_695085Z
{
  "reference": "/home/lzy/projects/vascular_printing/s1-2_swc_roi_generate_human.py",
  "reference_sha256": "3361cea44a97e8bfa907ff1504b0f977e329d35eb59cb9f57cc1b3a2a55cd729",
  "human_display_calls": 2,
  "viewport_layout": [
    1,
    2
  ],
  "window_size": [
    1800,
    900
  ],
  "border_color": "#606060",
  "background": "black",
  "font": "Arial",
  "camera_helper": "view_isometric / reset_camera; original axis and horizontal rotation helpers",
  "left_view_up": [
    0.0,
    1.0,
    0.0
  ],
  "right_view_up": [
    0.0,
    1.0,
    0.0
  ],
  "axis_transform": "NIfTI affine in data layer; mm to um once in topbrain_display_adapter; no flips",
  "projection": "same PyVista default perspective as human renderer",
  "key_bindings": {
    "R/S": "selected ROI boxes",
    "A": "all ROI boxes",
    "C": "next anatomical group of boxes",
    "Left/Right": "previous/next ROI",
    "PageUp/PageDown": "previous/next cached ROI (BG001 only)",
    "F12": "save screenshot",
    "left_click": "select ROI box",
    "mouse": "existing PyVista trackball rotation/zoom/pan"
  },
  "shared_render_functions": [
    "_add_full_scene",
    "_add_sampling_roi_scene",
    "_add_sampling_boxes",
    "_add_sampling_active_outline",
    "_add_diameter_colorbar",
    "_remove_diameter_colorbar",
    "_install_synchronized_horizontal_rotation"
  ],
  "differences": [
    "Saved STL with shared current rendering properties",
    "Independent interpolated centreline overlay and its legend removed in STL mode",
    "Global legend identifies red selected vessels and the grey ROI bounding box",
    "Other MeVO candidates use grey global context; only the STL source edges are selected red"
  ],
  "renderer_sha256": "f23e935bacb41f7f7ed75669b7793bd714b9cc4eca36665114c475bff58d80a7",
  "renderer_modified": true,
  "source": "manufacturing-stl",
  "status": "OFFSCREEN_RENDERED",
  "preview": "/home/lzy/projects/vascular_printing/outputs/topbrain_brava_transfer/nn_production/BG001/RMCA/manufacturing_stl_visualization/brava_strict_preview.png",
  "view": "strict",
  "roi_count": 1,
  "events": [
    "ROI:PRINT_STL"
  ],
  "actual_runtime": {
    "viewport_count": 2,
    "shape": [
      1,
      2
    ],
    "window_size": [
      1800,
      900
    ],
    "backgrounds": [
      [
        0.0,
        0.0,
        0.0
      ],
      [
        0.0,
        0.0,
        0.0
      ]
    ],
    "left_camera_view_up": [
      0.0,
      1.0,
      0.0
    ],
    "interaction_style": "vtkInteractorStyleTrackballCamera",
    "registered_keys": [
      "A",
      "C",
      "Down",
      "F12",
      "Left",
      "PageDown",
      "PageUp",
      "R",
      "Right",
      "S",
      "Up",
      "a",
      "b",
      "c",
      "minus",
      "plus",
      "q",
      "r",
      "s",
      "v"
    ]
  },
  "core_recomputed_in_callback": false,
  "units": "Internal geometry/scalars in um unchanged; displayed values converted to mm",
  "gui_smoke_passed": false,
  "data_source": "/home/lzy/projects/vascular_printing/outputs/topbrain_brava_transfer/nn_production/BG001/RMCA/manufacturing_roi",
  "initial_roi": "PRINT_STL",
  "full_global_node_count": 2810,
  "full_global_edge_count": 2809,
  "highlight_history": [
    {
      "roi": "PRINT_STL",
      "highlighted_edges": 624,
      "full_context_edges": 2809,
      "full_context_nodes": 2810
    }
  ],
  "selected_colour": "#FF0000",
  "exact_original_edge_mapping": true,
  "full_global_vasculature_always_retained": true,
  "print_transform_applied": false,
  "manufacturing_data_modified": false,
  "top_information_text_visible": false,
  "legend_layout": "centred_single_row_below_top",
  "arrow_legend": "Centerline orientation",
  "arrow_legend_geometry": "same vtkArrowSource as scene glyphs",
  "left_arrow_scale_relative_to_previous": 0.8,
  "left_arrow_scale_from_original": 1.6,
  "candidate_legend": "Selected ROI vessels",
  "legend_background_visible": false,
  "legend_centre_y": 0.875,
  "diameter_text_gap_px": 5.0,
  "legend_font_size": 14,
  "coordinate_title_font_size": 16,
  "diameter_title_font_size": 16,
  "diameter_label_font_size": 14,
  "diameter_colorbar_layout": "bottom_horizontal",
  "diameter_colorbar_alignment": "colour-strip centre aligned with orientation-triad origin",
  "font_file": null,
  "display_units": "mm",
  "decimal_places": 2,
  "coordinate_tick_font_size": 14,
  "coordinate_tick_label_offset_px": 20.0,
  "coordinate_tick_groups_per_axis": 1,
  "orientation_letters": "fixed-size continuously projected text",
  "roi_cluster_labels_visible": false,
  "stl_provenance": {
    "stl": "/home/lzy/projects/vascular_printing/outputs/topbrain_brava_transfer/nn_production/BG001/RMCA/manufacturing_roi/BG001_RMCA_print_candidate.stl",
    "stl_sha256": "123067d5f084d338b1dad0e5b6c668e3b38f9046ab327d7d6521420a4ce82d27",
    "stl_points": 252494,
    "stl_triangles": 504984,
    "stored_print_transform": [
      [
        0.17198053034125402,
        0.11978857680179081,
        -0.9777900562244136,
        241.19485516113355
      ],
      [
        0.1422144417171838,
        0.9791622189648186,
        0.14497034703332268,
        150.06063854040625
      ],
      [
        0.9747808726840153,
        -0.1639879441291153,
        0.15136117213372602,
        -44.736785009393074
      ],
      [
        0.0,
        0.0,
        0.0,
        1.0
      ]
    ],
    "display_transform": [
      [
        0.1719805303412541,
        0.1422144417171838,
        0.9747808726840156,
        -19.213046707408342
      ],
      [
        0.1197885768017905,
        0.9791622189648188,
        -0.1639879441291153,
        -183.16238964480456
      ],
      [
        -0.9777900562244143,
        0.1449703470333231,
        0.15136117213372605,
        220.8550003603157
      ],
      [
        0.0,
        0.0,
        0.0,
        1.0
      ]
    ],
    "inverse_transform_for_display_only": true,
    "native_alignment_max_error_mm": 1.0846401746859828e-05,
    "connectivity_preserved": true,
    "stl_file_modified": false,
    "diameter_colour_source": "/home/lzy/projects/ulm_3D_vascular/outputs/topbrain_brava_transfer/nn_production/BG001/RMCA/manufacturing_roi/VascularMD/compensated/BG001_RMCA_print_roi_compensated_vmd_smooth.swc",
    "diameter_scalar": {
      "method": "Closest native fitted SWC segment, linearly interpolated radius; display scalar only",
      "minimum_diameter_um": 1136.8621046418566,
      "maximum_diameter_um": 2420.150973376284,
      "maximum_surface_to_centerline_mm": 1.705290240514604
    },
    "overlay_centerline_source": "/home/lzy/projects/ulm_3D_vascular/outputs/topbrain_brava_transfer/nn_production/BG001/RMCA/manufacturing_roi/VascularMD/compensated/BG001_RMCA_print_roi_compensated_vmd_smooth.swc",
    "left_highlight_mapping": "Original pre-fit source edge IDs; right overlay uses paired fitted coordinates",
    "full_context_edges": 2809,
    "selected_source_edges": 624
  },
  "roi_surface": "Actual saved STL triangles; inverse print transform in memory only",
  "right_centerline_overlay_visible": false,
  "unselected_mevo_highlight_visible": false,
  "selected_vessel_legend_colour": "#FF0000",
  "roi_box_legend": "ROI bounding box",
  "displayed_stl_triangles": 504984,
  "static_views": {
    "status": "COMPLETE",
    "directory": "/home/lzy/projects/vascular_printing/outputs/topbrain_brava_transfer/nn_production/BG001/RMCA/manufacturing_stl_visualization/static_views/PRINT_STL/strict/20260928T222127_695085Z",
    "manifest": "/home/lzy/projects/vascular_printing/outputs/topbrain_brava_transfer/nn_production/BG001/RMCA/manufacturing_stl_visualization/static_views/PRINT_STL/strict/20260928T222127_695085Z/manifest.json",
    "count": 6,
    "azimuths_deg": [
      0,
      60,
      120,
      180,
      240,
      300
    ]
  }
}
