{
  "all_pass": true,
  "source_hashes_unchanged": true,
  "case": "mean-2p0-mmps",
  "dt_s": 1.5040600916882215e-07,
  "last_step": 71,
  "frozen_time_s": 1.0678826650986372e-05,
  "viscosity_Pa_s": 0.00345312,
  "nodes": 70363,
  "tetrahedra": 371402,
  "wall_facets": 45221,
  "pressure_Pa": {
    "min": -1.2668518596568392,
    "max": 2461.9353999261057
  },
  "wss_Pa": {
    "raw_min": 0.18913394591128052,
    "raw_max": 51.141687752017965,
    "area_weighted_mean": 8.246772919339953,
    "display_min": 0.2125482102520569,
    "display_max": 46.51559349850831
  },
  "wss_method": "Exact P1 tetra velocity gradients; tangential viscous traction on outward planar WALL facets",
  "wss_display": "Area-weighted mean of incident facet magnitudes at original wall nodes; geometry unchanged",
  "wss_vector_convention": "(I-n*n^T)*mu*(grad(u)+grad(u)^T)*n; svMultiPhysics bpost outputs its negative; magnitudes agree",
  "wss_not_native_saved_solver_output": true,
  "mesh_convergence_not_assessed": true,
  "independent_gradient_max_absolute_error_s_inv": 3.0831870390102267e-10,
  "tangency_max_error_Pa": 1.099120794378905e-14,
  "unique_parent_for_all_wall_facets": true,
  "max_wall_speed_m_s": 0.0,
  "residuals": {
    "linear_solves": 167,
    "monitor_rows": 89212,
    "time_steps": 71,
    "reasons": {
      "CONVERGED_RTOL": 87,
      "CONVERGED_ATOL": 80
    },
    "rtol": 1e-10,
    "atol": 1e-24,
    "final_nonlinear_Ri_over_R0": 3.105e-14,
    "max_true_over_effective_tolerance": 0.9998876102802999,
    "log_matches_saved_history": true,
    "recovered_attempts": 0,
    "failed_linear_solves": 0,
    "linear_residuals_are_of_solver_scaled_system": true
  },
  "elapsed_seconds": 5.538987636566162,
  "script_sha256": "1d8ee020b894b1af11e8b563536d0bd9a973a6ce5f0a0cfe226bb1008f83da89"
}
