pressure 0 / 432
pressure 72 / 432
pressure 144 / 432
pressure 216 / 432
pressure 288 / 432
pressure 360 / 432
pressure verified
wss 0 / 432
wss 72 / 432
wss 144 / 432
wss 216 / 432
wss 288 / 432
wss 360 / 432
wss verified
streamlines 0 / 432
streamlines 72 / 432
streamlines 144 / 432
streamlines 216 / 432
streamlines 288 / 432
streamlines 360 / 432
streamlines verified
{
  "all_pass": true,
  "background": "black",
  "colormap": "turbo [0.10,0.96]",
  "legend_outside_3d_viewport": true,
  "camera_mode": "Stationary orthographic camera; rigid actor rotation about one fixed longitudinal axis",
  "rotation_axis_method": "First principal axis of original surface coordinates; computed once",
  "rotation_axis_unit": [
    -0.5580255480746352,
    -0.6281610770700111,
    0.5422371703878719
  ],
  "rotation_center_um": [
    127.68544759998213,
    87.31737167766876,
    119.98094592122365
  ],
  "camera_position_um": [
    258.9932711080558,
    186.313082155926,
    369.7948275516869
  ],
  "fixed_parallel_scale_um": 58.714129781395485,
  "camera_position_constant": true,
  "focal_point_constant": true,
  "zoom_constant": true,
  "axis_constant": true,
  "angular_speed_deg_s": 20.0,
  "display_transform": "Proper rigid rotation; source coordinates and scalar values unchanged",
  "all_mesh_points_inside_view_all_frames": true,
  "geometry_smoothed": false,
  "physical_fields_modified": false,
  "clipping_of_scalar_values": false,
  "animation_is_display_rotation_of_frozen_steady_field": true,
  "source_hashes_unchanged": true,
  "pressure_color_scale_Pa": [
    -5.0,
    2500.0
  ],
  "wss_color_scale_Pa": [
    0.0,
    55.0
  ],
  "wss_display": "Area-weighted mean of incident facet magnitudes at original wall nodes; geometry unchanged",
  "enlarged_streamlines_reused_without_integration": true,
  "videos": [
    {
      "file": "animations/pressure_full_vessel_enlarged.mp4",
      "sha256": "b3e799015128063190f6645ef6c79f7a0a88e843a3d5f4de290d868206640c2f",
      "decoded_frames": 432,
      "distinct_frames": 432,
      "duration_s": 18.0,
      "fps": 24,
      "size": [
        1920,
        1080
      ],
      "all_pass": true
    },
    {
      "file": "animations/wss_full_vessel_enlarged.mp4",
      "sha256": "ad1a43a6107f4ddfb019acda9688536fd653c307d1fa53cef5f3d2244e05ede1",
      "decoded_frames": 432,
      "distinct_frames": 432,
      "duration_s": 18.0,
      "fps": 24,
      "size": [
        1920,
        1080
      ],
      "all_pass": true
    },
    {
      "file": "animations/streamlines_full_vessel_enlarged.mp4",
      "sha256": "32c2876e9aa286db7ae2a9d3114f9d07606f6bb0013973dd750f785e39332601",
      "decoded_frames": 432,
      "distinct_frames": 432,
      "duration_s": 18.0,
      "fps": 24,
      "size": [
        1920,
        1080
      ],
      "all_pass": true
    }
  ],
  "opengl": [
    "OpenGL vendor string:  Mesa",
    "OpenGL renderer string:  llvmpipe (LLVM 20.1.2, 256 bits)",
    "OpenGL version string:  4.5 (Core Profile) Mesa 25.2.8-0ubuntu0.24.04.2"
  ],
  "figures": [
    {
      "file": "figures/pressure_overview_4k.png",
      "sha256": "e8b40d79137e81a3306fd218ba48579fd6c0f74c53339fd939e7137a19ca44f5"
    },
    {
      "file": "figures/pressure_rotation_views.png",
      "sha256": "8d9d3512b6f5d371a3b7d4c874e09b39b42e34beb510d3bc84f094677f6b1b12"
    },
    {
      "file": "figures/residual_convergence.pdf",
      "sha256": "d30cc0d9cce1681cf66e244d51cf4a2655937f03497b3d74cadd24f89c2fb86e"
    },
    {
      "file": "figures/residual_convergence.png",
      "sha256": "33a49bb75dca96709ce8bb04c794295a6ff876c13773cde48bc36b5929a77b06"
    },
    {
      "file": "figures/residual_convergence.svg",
      "sha256": "70720200da476df35106fc3be92fc193d887aa44e33eefc9c7f56f5d6349bcb7"
    },
    {
      "file": "figures/residual_gmres_histories.pdf",
      "sha256": "9355fa9f1682d195562ea7b7179671145e11f3aa4a1dc0a9a6f8c3fde9e3cba2"
    },
    {
      "file": "figures/residual_gmres_histories.png",
      "sha256": "6669238d4251ee1f06dabb0c0aacdb027ede6387a300033a7ebd42d7be5f4648"
    },
    {
      "file": "figures/residual_gmres_histories.svg",
      "sha256": "96da08a2dd9b0a468967c27986e1a9803fc0a73dd4ea816b00c0dade122f994a"
    },
    {
      "file": "figures/residual_linear_termination.pdf",
      "sha256": "a84856ea04da89fe8abf972b4091a59b97ea207c2a5e5d0a04ec8bdc5d006cf5"
    },
    {
      "file": "figures/residual_linear_termination.png",
      "sha256": "93d77695b6a2965a9c9032f420090a113fb5370d93f1cad6a10baab3df9b5257"
    },
    {
      "file": "figures/residual_linear_termination.svg",
      "sha256": "559c6ca73f960d5f0be27474773db28b294478a66adc0483669c251d974b1707"
    },
    {
      "file": "figures/residual_nonlinear.pdf",
      "sha256": "c1359d0c4a2ba252dd63c6a20256dfe0ca0b07f9c884cb703a18dbeb1616bc7a"
    },
    {
      "file": "figures/residual_nonlinear.png",
      "sha256": "ac55dcd8f5ae852fe1bdd136881a56777c09ff88bbc1c118a7a7e04d077a0b4d"
    },
    {
      "file": "figures/residual_nonlinear.svg",
      "sha256": "20db269925a88c725d33095f770c83ecbca25f552d8dc3b41428596ed6b49e10"
    },
    {
      "file": "figures/streamlines_overview_4k.png",
      "sha256": "c05bc15ea9e9e0edb2867f71d2818b844c1353ac875995d7759b4ee39b3e408c"
    },
    {
      "file": "figures/streamlines_rotation_views.png",
      "sha256": "5a5dc45a688b3a38722926829c712db622a4fbebb7d5a3a3cc7d9360b491ff2a"
    },
    {
      "file": "figures/wss_overview_4k.png",
      "sha256": "6c7226950cf6b4325abffbf01ce23a920481ff2391fb483be78f07f97d37589f"
    },
    {
      "file": "figures/wss_rotation_views.png",
      "sha256": "6b75035d820905f92d6c761b5aaaa46673dcbf4a4a7db39b07b7f2bd191920f0"
    }
  ],
  "elapsed_seconds": 156.71226382255554,
  "script_sha256": "e0b3670ad5a8f1b37fdbac1dcaa107f454743bfc6cad9e2dd62588df2afae54d"
}
