{
  "all_pass": true,
  "reference": 0.00571465045439,
  "transitions": [
    {
      "step": 4,
      "previous_step": 3,
      "previous_iterations": 4,
      "current_iterations": 3,
      "previous_final_global": 5.809206875795454e-14,
      "current_final_global": 7.756456568628647e-11,
      "current_final_step_relative": 7.09552666359875e-11,
      "previous_same_iteration_global": 1.412026617151746e-10,
      "previous_same_iteration_step_relative": 1.1196118157734039e-10,
      "previous_same_iteration_stop_rule": false,
      "current_final_stop_rule": true,
      "global_tolerance_met": true,
      "step_relative_tolerance_met": true,
      "no_preconditioner_rebuild_in_current_step": true,
      "linear_reasons": [
        "CONVERGED_RTOL",
        "CONVERGED_RTOL",
        "CONVERGED_RTOL"
      ],
      "evidence_log_lines": [
        8538,
        9197,
        9843
      ],
      "preconditioner_log_lines": [
        7758,
        8554,
        9213
      ]
    },
    {
      "step": 23,
      "previous_step": 22,
      "previous_iterations": 3,
      "current_iterations": 2,
      "previous_final_global": 3.599083727129806e-14,
      "current_final_global": 8.585791860842227e-11,
      "current_final_step_relative": 1.8348198768675363e-06,
      "previous_same_iteration_global": 1.5938325463607444e-10,
      "previous_same_iteration_step_relative": 1.8238901778248124e-06,
      "previous_same_iteration_stop_rule": false,
      "current_final_stop_rule": true,
      "global_tolerance_met": true,
      "step_relative_tolerance_met": false,
      "no_preconditioner_rebuild_in_current_step": true,
      "linear_reasons": [
        "CONVERGED_RTOL",
        "CONVERGED_RTOL"
      ],
      "evidence_log_lines": [
        46373,
        47009
      ],
      "preconditioner_log_lines": [
        45624,
        46389
      ]
    }
  ],
  "floor_established": false,
  "step_relative_tolerance_passed": 19
}
