=============================================================================================
                         Configuring PETSc to compile on your system
=============================================================================================
=============================================================================================
                                     ***** WARNING *****
  You are overwriting the standard PETSc compiler flags with CUDAFLAGS="-ccbin
  /usr/bin/g++". Are you sure you want to do this? Generally it is best to let PETSc
  ./configure determine the flags. You can use CUDAFLAGS+="-ccbin /usr/bin/g++" to provide
  additional compiler flags instead of overwriting those used by PETSc.
=============================================================================================
=============================================================================================
                                     ***** WARNING *****
  Using default C optimization flags "-g -O". You might consider manually setting optimal
  optimization flags for your system with COPTFLAGS="optimization flags" see
  config/examples/arch-*-opt.py for examples
=============================================================================================
=============================================================================================
                                     ***** WARNING *****
  Using default Cxx optimization flags "-g -O". You might consider manually setting optimal
  optimization flags for your system with CXXOPTFLAGS="optimization flags" see
  config/examples/arch-*-opt.py for examples
=============================================================================================
=============================================================================================
                                     ***** WARNING *****
  Using default CUDA optimization flags "-O3". You might consider manually setting optimal
  optimization flags for your system with CUDAOPTFLAGS="optimization flags" see
  config/examples/arch-*-opt.py for examples
=============================================================================================
=============================================================================================
  Trying to download
  /workspace/formal_3D_flow_solver_FEM_SimVascular_lzy/sv1_3p/external/petsc325_cuda13_amgx/amgx.tar.gz
  for AMGX
=============================================================================================
=============================================================================================
                  Configuring AMGX with CMake; this may take several minutes
=============================================================================================

*********************************************************************************************
           UNABLE to CONFIGURE with GIVEN OPTIONS (see configure.log for details):
---------------------------------------------------------------------------------------------
                              Error configuring AMGX with CMake
*********************************************************************************************

