	linux-vdso.so.1 (0x00007ffd6170e000)
	liblapack.so.3 => /usr/lib/x86_64-linux-gnu/liblapack.so.3 (0x00007fbbf79fa000)
	libvtkIOXML-9.3.so.1 => /workspace/formal_3D_flow_solver_FEM_SimVascular_lzy/sv1_3n/external/solver-inputs/vtk/lib/libvtkIOXML-9.3.so.1 (0x00007fbbf78d3000)
	libpetsc.so.3.25 => /workspace/formal_3D_flow_solver_FEM_SimVascular_lzy/sv1_3p/external/petsc325_cuda13_hypre/install/lib/libpetsc.so.3.25 (0x00007fbbf581f000)
	libmpi.so.40 => /workspace/formal_3D_flow_solver_FEM_SimVascular_lzy/sv1_3l/external/gpu_mpi_fortran/lib/libmpi.so.40 (0x00007fbbf56dd000)
	libvtkCommonDataModel-9.3.so.1 => /workspace/formal_3D_flow_solver_FEM_SimVascular_lzy/sv1_3n/external/solver-inputs/vtk/lib/libvtkCommonDataModel-9.3.so.1 (0x00007fbbf5130000)
	libvtkCommonMisc-9.3.so.1 => /workspace/formal_3D_flow_solver_FEM_SimVascular_lzy/sv1_3n/external/solver-inputs/vtk/lib/libvtkCommonMisc-9.3.so.1 (0x00007fbbf4d11000)
	libvtkCommonCore-9.3.so.1 => /workspace/formal_3D_flow_solver_FEM_SimVascular_lzy/sv1_3n/external/solver-inputs/vtk/lib/libvtkCommonCore-9.3.so.1 (0x00007fbbf3729000)
	libvtksys-9.3.so.1 => /workspace/formal_3D_flow_solver_FEM_SimVascular_lzy/sv1_3n/external/solver-inputs/vtk/lib/libvtksys-9.3.so.1 (0x00007fbbf36d1000)
	libstdc++.so.6 => /usr/lib/x86_64-linux-gnu/libstdc++.so.6 (0x00007fbbf3453000)
	libm.so.6 => /usr/lib/x86_64-linux-gnu/libm.so.6 (0x00007fbbf3368000)
	libgcc_s.so.1 => /usr/lib/x86_64-linux-gnu/libgcc_s.so.1 (0x00007fbbf333a000)
	libc.so.6 => /usr/lib/x86_64-linux-gnu/libc.so.6 (0x00007fbbf3127000)
	libblas.so.3 => /usr/lib/x86_64-linux-gnu/libblas.so.3 (0x00007fbbf3080000)
	libgfortran.so.5 => /usr/lib/x86_64-linux-gnu/libgfortran.so.5 (0x00007fbbf2d62000)
	libvtkIOXMLParser-9.3.so.1 => /workspace/formal_3D_flow_solver_FEM_SimVascular_lzy/sv1_3n/external/solver-inputs/vtk/lib/libvtkIOXMLParser-9.3.so.1 (0x00007fbbf2d46000)
	libvtkIOCore-9.3.so.1 => /workspace/formal_3D_flow_solver_FEM_SimVascular_lzy/sv1_3n/external/solver-inputs/vtk/lib/libvtkIOCore-9.3.so.1 (0x00007fbbf2cba000)
	libvtkCommonExecutionModel-9.3.so.1 => /workspace/formal_3D_flow_solver_FEM_SimVascular_lzy/sv1_3n/external/solver-inputs/vtk/lib/libvtkCommonExecutionModel-9.3.so.1 (0x00007fbbf2bb7000)
	libvtkCommonSystem-9.3.so.1 => /workspace/formal_3D_flow_solver_FEM_SimVascular_lzy/sv1_3n/external/solver-inputs/vtk/lib/libvtkCommonSystem-9.3.so.1 (0x00007fbbf2b99000)
	libHYPRE-3.1.0.so => /workspace/formal_3D_flow_solver_FEM_SimVascular_lzy/sv1_3p/external/petsc325_cuda13_hypre/install/lib/libHYPRE-3.1.0.so (0x00007fbbf03d1000)
	libcudart.so.13 => /usr/local/cuda/lib64/libcudart.so.13 (0x00007fbbf0000000)
	libcublas.so.13 => /usr/local/cuda/lib64/libcublas.so.13 (0x00007fbbeca00000)
	libcusparse.so.12 => /usr/local/cuda/lib64/libcusparse.so.12 (0x00007fbbe2800000)
	libcusolver.so.12 => /usr/local/cuda/lib64/libcusolver.so.12 (0x00007fbbd9000000)
	libcurand.so.10 => /usr/local/cuda/lib64/libcurand.so.10 (0x00007fbbd0800000)
	libnvidia-ml.so.1 => /usr/lib/x86_64-linux-gnu/libnvidia-ml.so.1 (0x00007fbbcf6e7000)
	/lib64/ld-linux-x86-64.so.2 (0x00007fbbf8657000)
	libopen-rte.so.40 => /workspace/formal_3D_flow_solver_FEM_SimVascular_lzy/sv1_3l/external/gpu_mpi_fortran/lib/libopen-rte.so.40 (0x00007fbbf030f000)
	libopen-pal.so.40 => /workspace/formal_3D_flow_solver_FEM_SimVascular_lzy/sv1_3l/external/gpu_mpi_fortran/lib/libopen-pal.so.40 (0x00007fbbcf5d1000)
	libvtkCommonTransforms-9.3.so.1 => /workspace/formal_3D_flow_solver_FEM_SimVascular_lzy/sv1_3n/external/solver-inputs/vtk/lib/libvtkCommonTransforms-9.3.so.1 (0x00007fbbf02d0000)
	libvtkpugixml-9.3.so.1 => /workspace/formal_3D_flow_solver_FEM_SimVascular_lzy/sv1_3n/external/solver-inputs/vtk/lib/libvtkpugixml-9.3.so.1 (0x00007fbbcf594000)
	libvtkCommonMath-9.3.so.1 => /workspace/formal_3D_flow_solver_FEM_SimVascular_lzy/sv1_3n/external/solver-inputs/vtk/lib/libvtkCommonMath-9.3.so.1 (0x00007fbbeffd6000)
	libvtkloguru-9.3.so.1 => /workspace/formal_3D_flow_solver_FEM_SimVascular_lzy/sv1_3n/external/solver-inputs/vtk/lib/libvtkloguru-9.3.so.1 (0x00007fbbec9ec000)
	libvtkexpat-9.3.so.1 => /workspace/formal_3D_flow_solver_FEM_SimVascular_lzy/sv1_3n/external/solver-inputs/vtk/lib/libvtkexpat-9.3.so.1 (0x00007fbbe27d2000)
	libvtkdoubleconversion-9.3.so.1 => /workspace/formal_3D_flow_solver_FEM_SimVascular_lzy/sv1_3n/external/solver-inputs/vtk/lib/libvtkdoubleconversion-9.3.so.1 (0x00007fbbcf582000)
	libvtklz4-9.3.so.1 => /workspace/formal_3D_flow_solver_FEM_SimVascular_lzy/sv1_3n/external/solver-inputs/vtk/lib/libvtklz4-9.3.so.1 (0x00007fbbcf54b000)
	libvtklzma-9.3.so.1 => /workspace/formal_3D_flow_solver_FEM_SimVascular_lzy/sv1_3n/external/solver-inputs/vtk/lib/libvtklzma-9.3.so.1 (0x00007fbbcf51e000)
	libvtkzlib-9.3.so.1 => /workspace/formal_3D_flow_solver_FEM_SimVascular_lzy/sv1_3n/external/solver-inputs/vtk/lib/libvtkzlib-9.3.so.1 (0x00007fbbcf500000)
	libdl.so.2 => /usr/lib/x86_64-linux-gnu/libdl.so.2 (0x00007fbbf02c7000)
	libpthread.so.0 => /usr/lib/x86_64-linux-gnu/libpthread.so.0 (0x00007fbbf02c2000)
	librt.so.1 => /usr/lib/x86_64-linux-gnu/librt.so.1 (0x00007fbbd8ffb000)
	libcublasLt.so.13 => /usr/local/cuda/lib64/libcublasLt.so.13 (0x00007fbbab000000)
	libnvJitLink.so.13 => /usr/local/cuda/lib64/libnvJitLink.so.13 (0x00007fbba4f1c000)
	libz.so.1 => /usr/lib/x86_64-linux-gnu/libz.so.1 (0x00007fbbcf4e4000)
	libvtkkissfft-9.3.so.1 => /workspace/formal_3D_flow_solver_FEM_SimVascular_lzy/sv1_3n/external/solver-inputs/vtk/lib/libvtkkissfft-9.3.so.1 (0x00007fbbd8ff4000)
