-----------------------------------------------------------------------------------
 Eq      N-i            T    dB      Ri/R1      Ri/R0       R/Ri    lsIt   dB   %t
-----------------------------------------------------------------------------------
 <PETSC_INITIALIZE>: use linear solver config. from svFSI input.
Mat Object: 1 MPI process
  type: preallocator
  rows=281452, cols=281452, bs=4
Mat Object: 1 MPI process
  type: seqaijcusparse
  rows=281452, cols=281452, bs=4
  total: nonzeros=15993520, allocated nonzeros=15993520
  total number of mallocs used during MatSetValues calls=0
    not using I-node routines
Vec Object: 1 MPI process
  type: seqcuda
  length=281452, bs=4
Mat Object: 1 MPI process
  type: seqaijcusparse
  rows=281452, cols=281452, bs=4
  total: nonzeros=15993520, allocated nonzeros=15993520
  total number of mallocs used during MatSetValues calls=0
    not using I-node routines
Mat Object: 1 MPI process
  type: seqaijcusparse
  rows=281452, cols=281452, bs=4
  total: nonzeros=15993520, allocated nonzeros=15993520
  total number of mallocs used during MatSetValues calls=0
    not using I-node routines
Mat Object: 1 MPI process
  type: hypre
  rows=281452, cols=281452
Mat Object: _internal_COO_mat_for_hypre 1 MPI process
  type: seqaijcusparse
  rows=281452, cols=281452
  total: nonzeros=15993520, allocated nonzeros=15993520
  total number of mallocs used during MatSetValues calls=0
    not using I-node routines
  0 KSP unpreconditioned resid norm 4.793087406949e-17 true resid norm 4.793087406949e-17 ||r(i)||/||b|| 1.000000000000e+00
  1 KSP unpreconditioned resid norm 9.771022061433e-18 true resid norm 9.771022061433e-18 ||r(i)||/||b|| 2.038565382151e-01
  2 KSP unpreconditioned resid norm 3.975542105303e-18 true resid norm 3.975542105303e-18 ||r(i)||/||b|| 8.294324237733e-02
  3 KSP unpreconditioned resid norm 2.198497794297e-18 true resid norm 2.198497794297e-18 ||r(i)||/||b|| 4.586809310236e-02
  4 KSP unpreconditioned resid norm 1.459338127019e-18 true resid norm 1.459338127019e-18 ||r(i)||/||b|| 3.044672469154e-02
  5 KSP unpreconditioned resid norm 1.044678132462e-18 true resid norm 1.044678132462e-18 ||r(i)||/||b|| 2.179551599555e-02
  6 KSP unpreconditioned resid norm 7.740550081007e-19 true resid norm 7.740550081007e-19 ||r(i)||/||b|| 1.614940313791e-02
  7 KSP unpreconditioned resid norm 5.956394817236e-19 true resid norm 5.956394817236e-19 ||r(i)||/||b|| 1.242705236003e-02
  8 KSP unpreconditioned resid norm 4.711474355787e-19 true resid norm 4.711474355787e-19 ||r(i)||/||b|| 9.829727596780e-03
  9 KSP unpreconditioned resid norm 3.796880797560e-19 true resid norm 3.796880797560e-19 ||r(i)||/||b|| 7.921576376962e-03
 10 KSP unpreconditioned resid norm 3.138835004233e-19 true resid norm 3.138835004233e-19 ||r(i)||/||b|| 6.548670486755e-03
 11 KSP unpreconditioned resid norm 2.679344579431e-19 true resid norm 2.679344579431e-19 ||r(i)||/||b|| 5.590018190669e-03
 12 KSP unpreconditioned resid norm 2.352176249259e-19 true resid norm 2.352176249259e-19 ||r(i)||/||b|| 4.907434497957e-03
 13 KSP unpreconditioned resid norm 2.100512918911e-19 true resid norm 2.100512918911e-19 ||r(i)||/||b|| 4.382379749356e-03
 14 KSP unpreconditioned resid norm 1.891266782562e-19 true resid norm 1.891266782562e-19 ||r(i)||/||b|| 3.945821600958e-03
 15 KSP unpreconditioned resid norm 1.697971772308e-19 true resid norm 1.697971772308e-19 ||r(i)||/||b|| 3.542542891761e-03
 16 KSP unpreconditioned resid norm 1.532445906556e-19 true resid norm 1.532445906556e-19 ||r(i)||/||b|| 3.197200001681e-03
 17 KSP unpreconditioned resid norm 1.390053373253e-19 true resid norm 1.390053373253e-19 ||r(i)||/||b|| 2.900121060254e-03
 18 KSP unpreconditioned resid norm 1.259924456320e-19 true resid norm 1.259924456320e-19 ||r(i)||/||b|| 2.628628166666e-03
 19 KSP unpreconditioned resid norm 1.130394099227e-19 true resid norm 1.130394099227e-19 ||r(i)||/||b|| 2.358384071170e-03
 20 KSP unpreconditioned resid norm 1.011791646133e-19 true resid norm 1.011791646133e-19 ||r(i)||/||b|| 2.110939276146e-03
 21 KSP unpreconditioned resid norm 8.986244834270e-20 true resid norm 8.986244834270e-20 ||r(i)||/||b|| 1.874834333553e-03
 22 KSP unpreconditioned resid norm 7.986076019139e-20 true resid norm 7.986076019139e-20 ||r(i)||/||b|| 1.666165321242e-03
 23 KSP unpreconditioned resid norm 7.112584385729e-20 true resid norm 7.112584385729e-20 ||r(i)||/||b|| 1.483925449683e-03
 24 KSP unpreconditioned resid norm 6.348427844122e-20 true resid norm 6.348427844122e-20 ||r(i)||/||b|| 1.324496572901e-03
 25 KSP unpreconditioned resid norm 5.677694536363e-20 true resid norm 5.677694536363e-20 ||r(i)||/||b|| 1.184558939637e-03
 26 KSP unpreconditioned resid norm 5.108180227162e-20 true resid norm 5.108180227162e-20 ||r(i)||/||b|| 1.065739009841e-03
 27 KSP unpreconditioned resid norm 4.631574391214e-20 true resid norm 4.631574391214e-20 ||r(i)||/||b|| 9.663029271069e-04
 28 KSP unpreconditioned resid norm 4.214466727449e-20 true resid norm 4.214466727449e-20 ||r(i)||/||b|| 8.792801736390e-04
 29 KSP unpreconditioned resid norm 3.868073787806e-20 true resid norm 3.868073787806e-20 ||r(i)||/||b|| 8.070109011986e-04
 30 KSP unpreconditioned resid norm 3.583968382634e-20 true resid norm 3.583968382634e-20 ||r(i)||/||b|| 7.477369132550e-04
 31 KSP unpreconditioned resid norm 3.341451757480e-20 true resid norm 3.341451757480e-20 ||r(i)||/||b|| 6.971397501818e-04
 32 KSP unpreconditioned resid norm 3.116835127349e-20 true resid norm 3.116835127349e-20 ||r(i)||/||b|| 6.502771309428e-04
 33 KSP unpreconditioned resid norm 2.915952646287e-20 true resid norm 2.915952646287e-20 ||r(i)||/||b|| 6.083662572186e-04
 34 KSP unpreconditioned resid norm 2.739020369537e-20 true resid norm 2.739020369537e-20 ||r(i)||/||b|| 5.714522054335e-04
 35 KSP unpreconditioned resid norm 2.584397672816e-20 true resid norm 2.584397672816e-20 ||r(i)||/||b|| 5.391926859229e-04
 36 KSP unpreconditioned resid norm 2.443842664626e-20 true resid norm 2.443842664626e-20 ||r(i)||/||b|| 5.098681616117e-04
 37 KSP unpreconditioned resid norm 2.322160079932e-20 true resid norm 2.322160079932e-20 ||r(i)||/||b|| 4.844810625746e-04
 38 KSP unpreconditioned resid norm 2.222718226564e-20 true resid norm 2.222718226564e-20 ||r(i)||/||b|| 4.637341316458e-04
 39 KSP unpreconditioned resid norm 2.146825966091e-20 true resid norm 2.146825966091e-20 ||r(i)||/||b|| 4.479004415773e-04
 40 KSP unpreconditioned resid norm 2.079438067688e-20 true resid norm 2.079438067688e-20 ||r(i)||/||b|| 4.338410488140e-04
 41 KSP unpreconditioned resid norm 2.025065500836e-20 true resid norm 2.025065500836e-20 ||r(i)||/||b|| 4.224970940233e-04
 42 KSP unpreconditioned resid norm 1.985108508280e-20 true resid norm 1.985108508280e-20 ||r(i)||/||b|| 4.141607151587e-04
 43 KSP unpreconditioned resid norm 1.947727998941e-20 true resid norm 1.947727998941e-20 ||r(i)||/||b|| 4.063618777570e-04
 44 KSP unpreconditioned resid norm 1.913861444402e-20 true resid norm 1.913861444402e-20 ||r(i)||/||b|| 3.992961700693e-04
 45 KSP unpreconditioned resid norm 1.888056927646e-20 true resid norm 1.888056927646e-20 ||r(i)||/||b|| 3.939124758936e-04
 46 KSP unpreconditioned resid norm 1.865001444781e-20 true resid norm 1.865001444781e-20 ||r(i)||/||b|| 3.891023230824e-04
 47 KSP unpreconditioned resid norm 1.839708766161e-20 true resid norm 1.839708766161e-20 ||r(i)||/||b|| 3.838254156378e-04
 48 KSP unpreconditioned resid norm 1.815872532400e-20 true resid norm 1.815872532400e-20 ||r(i)||/||b|| 3.788523718068e-04
 49 KSP unpreconditioned resid norm 1.798694155173e-20 true resid norm 1.798694155173e-20 ||r(i)||/||b|| 3.752683818294e-04
 50 KSP unpreconditioned resid norm 1.784067055488e-20 true resid norm 1.784067055488e-20 ||r(i)||/||b|| 3.722166745596e-04
 51 KSP unpreconditioned resid norm 1.766135582610e-20 true resid norm 1.766135582610e-20 ||r(i)||/||b|| 3.684755633809e-04
 52 KSP unpreconditioned resid norm 1.752112221878e-20 true resid norm 1.752112221878e-20 ||r(i)||/||b|| 3.655498164581e-04
 53 KSP unpreconditioned resid norm 1.742652715343e-20 true resid norm 1.742652715343e-20 ||r(i)||/||b|| 3.635762437414e-04
 54 KSP unpreconditioned resid norm 1.729696877911e-20 true resid norm 1.729696877912e-20 ||r(i)||/||b|| 3.608732182526e-04
 55 KSP unpreconditioned resid norm 1.714350841895e-20 true resid norm 1.714350841895e-20 ||r(i)||/||b|| 3.576715165698e-04
 56 KSP unpreconditioned resid norm 1.702256398847e-20 true resid norm 1.702256398847e-20 ||r(i)||/||b|| 3.551482070573e-04
 57 KSP unpreconditioned resid norm 1.690752101162e-20 true resid norm 1.690752101162e-20 ||r(i)||/||b|| 3.527480218096e-04
 58 KSP unpreconditioned resid norm 1.674451899609e-20 true resid norm 1.674451899609e-20 ||r(i)||/||b|| 3.493472489531e-04
 59 KSP unpreconditioned resid norm 1.654498231516e-20 true resid norm 1.654498231517e-20 ||r(i)||/||b|| 3.451842395192e-04
 60 KSP unpreconditioned resid norm 1.637703891338e-20 true resid norm 1.637703891338e-20 ||r(i)||/||b|| 3.416803726474e-04
 61 KSP unpreconditioned resid norm 1.622405969424e-20 true resid norm 1.622405969424e-20 ||r(i)||/||b|| 3.384887091924e-04
 62 KSP unpreconditioned resid norm 1.603521733776e-20 true resid norm 1.603521733777e-20 ||r(i)||/||b|| 3.345488195045e-04
 63 KSP unpreconditioned resid norm 1.586200577618e-20 true resid norm 1.586200577618e-20 ||r(i)||/||b|| 3.309350410173e-04
 64 KSP unpreconditioned resid norm 1.572828412043e-20 true resid norm 1.572828412044e-20 ||r(i)||/||b|| 3.281451554093e-04
 65 KSP unpreconditioned resid norm 1.559589213799e-20 true resid norm 1.559589213799e-20 ||r(i)||/||b|| 3.253830112795e-04
 66 KSP unpreconditioned resid norm 1.543992616307e-20 true resid norm 1.543992616308e-20 ||r(i)||/||b|| 3.221290340062e-04
 67 KSP unpreconditioned resid norm 1.530329270616e-20 true resid norm 1.530329270617e-20 ||r(i)||/||b|| 3.192783983863e-04
 68 KSP unpreconditioned resid norm 1.520212092182e-20 true resid norm 1.520212092183e-20 ||r(i)||/||b|| 3.171676130877e-04
 69 KSP unpreconditioned resid norm 1.508227313751e-20 true resid norm 1.508227313752e-20 ||r(i)||/||b|| 3.146671833201e-04
 70 KSP unpreconditioned resid norm 1.495236793319e-20 true resid norm 1.495236793320e-20 ||r(i)||/||b|| 3.119569217852e-04
 71 KSP unpreconditioned resid norm 1.485673121761e-20 true resid norm 1.485673121762e-20 ||r(i)||/||b|| 3.099616167249e-04
 72 KSP unpreconditioned resid norm 1.478195737745e-20 true resid norm 1.478195737745e-20 ||r(i)||/||b|| 3.084015817450e-04
 73 KSP unpreconditioned resid norm 1.469225516286e-20 true resid norm 1.469225516287e-20 ||r(i)||/||b|| 3.065300904291e-04
 74 KSP unpreconditioned resid norm 1.460094837489e-20 true resid norm 1.460094837490e-20 ||r(i)||/||b|| 3.046251222903e-04
 75 KSP unpreconditioned resid norm 1.454017876445e-20 true resid norm 1.454017876445e-20 ||r(i)||/||b|| 3.033572628651e-04
 76 KSP unpreconditioned resid norm 1.447695054126e-20 true resid norm 1.447695054127e-20 ||r(i)||/||b|| 3.020381084701e-04
 77 KSP unpreconditioned resid norm 1.439124745957e-20 true resid norm 1.439124745958e-20 ||r(i)||/||b|| 3.002500525801e-04
 78 KSP unpreconditioned resid norm 1.431158584641e-20 true resid norm 1.431158584641e-20 ||r(i)||/||b|| 2.985880421388e-04
 79 KSP unpreconditioned resid norm 1.424059184620e-20 true resid norm 1.424059184620e-20 ||r(i)||/||b|| 2.971068673932e-04
 80 KSP unpreconditioned resid norm 1.416138203206e-20 true resid norm 1.416138203207e-20 ||r(i)||/||b|| 2.954542830063e-04
 81 KSP unpreconditioned resid norm 1.406981784924e-20 true resid norm 1.406981784925e-20 ||r(i)||/||b|| 2.935439447411e-04
 82 KSP unpreconditioned resid norm 1.398270674926e-20 true resid norm 1.398270674927e-20 ||r(i)||/||b|| 2.917265128317e-04
 83 KSP unpreconditioned resid norm 1.390547124197e-20 true resid norm 1.390547124198e-20 ||r(i)||/||b|| 2.901151191571e-04
 84 KSP unpreconditioned resid norm 1.382325194439e-20 true resid norm 1.382325194440e-20 ||r(i)||/||b|| 2.883997467761e-04
 85 KSP unpreconditioned resid norm 1.372471598875e-20 true resid norm 1.372471598876e-20 ||r(i)||/||b|| 2.863439537709e-04
 86 KSP unpreconditioned resid norm 1.364360790755e-20 true resid norm 1.364360790756e-20 ||r(i)||/||b|| 2.846517651187e-04
 87 KSP unpreconditioned resid norm 1.358581006755e-20 true resid norm 1.358581006756e-20 ||r(i)||/||b|| 2.834459068670e-04
 88 KSP unpreconditioned resid norm 1.350872712051e-20 true resid norm 1.350872712052e-20 ||r(i)||/||b|| 2.818376961148e-04
 89 KSP unpreconditioned resid norm 1.348871968231e-20 true resid norm 1.348889591443e-20 ||r(i)||/||b|| 2.814239501427e-04
 90 KSP unpreconditioned resid norm 1.344185365987e-20 true resid norm 1.341892616839e-20 ||r(i)||/||b|| 2.799641448002e-04
 91 KSP unpreconditioned resid norm 1.343177170577e-20 true resid norm 1.340805926680e-20 ||r(i)||/||b|| 2.797374245119e-04
 92 KSP unpreconditioned resid norm 1.342914886885e-20 true resid norm 1.341549729179e-20 ||r(i)||/||b|| 2.798926068476e-04
 93 KSP unpreconditioned resid norm 1.342041667804e-20 true resid norm 1.343785312650e-20 ||r(i)||/||b|| 2.803590251038e-04
 94 KSP unpreconditioned resid norm 1.341694827269e-20 true resid norm 1.346306288429e-20 ||r(i)||/||b|| 2.808849858395e-04
 95 KSP unpreconditioned resid norm 1.340617075954e-20 true resid norm 1.351728250706e-20 ||r(i)||/||b|| 2.820161903884e-04
 96 KSP unpreconditioned resid norm 1.340008795752e-20 true resid norm 1.357439141742e-20 ||r(i)||/||b|| 2.832076752395e-04
 97 KSP unpreconditioned resid norm 1.339293585091e-20 true resid norm 1.364904532056e-20 ||r(i)||/||b|| 2.847652079277e-04
 98 KSP unpreconditioned resid norm 1.338547013786e-20 true resid norm 1.373865627047e-20 ||r(i)||/||b|| 2.866347951542e-04
 99 KSP unpreconditioned resid norm 1.337916338171e-20 true resid norm 1.383370082806e-20 ||r(i)||/||b|| 2.886177457979e-04
100 KSP unpreconditioned resid norm 1.394753331167e-20 true resid norm 1.394753331167e-20 ||r(i)||/||b|| 2.909926760660e-04
101 KSP unpreconditioned resid norm 1.335361451711e-20 true resid norm 1.335361451711e-20 ||r(i)||/||b|| 2.786015230549e-04
102 KSP unpreconditioned resid norm 1.329681491288e-20 true resid norm 1.329681491288e-20 ||r(i)||/||b|| 2.774164913747e-04
103 KSP unpreconditioned resid norm 1.326862752381e-20 true resid norm 1.326862752381e-20 ||r(i)||/||b|| 2.768284071885e-04
104 KSP unpreconditioned resid norm 1.323386063199e-20 true resid norm 1.323386063199e-20 ||r(i)||/||b|| 2.761030523417e-04
105 KSP unpreconditioned resid norm 1.320986194478e-20 true resid norm 1.320986194478e-20 ||r(i)||/||b|| 2.756023586306e-04
106 KSP unpreconditioned resid norm 1.318816009973e-20 true resid norm 1.318816009973e-20 ||r(i)||/||b|| 2.751495848085e-04
107 KSP unpreconditioned resid norm 1.315434037974e-20 true resid norm 1.315434037974e-20 ||r(i)||/||b|| 2.744439911667e-04
108 KSP unpreconditioned resid norm 1.311901672408e-20 true resid norm 1.311901672408e-20 ||r(i)||/||b|| 2.737070203447e-04
109 KSP unpreconditioned resid norm 1.309265662925e-20 true resid norm 1.309265662925e-20 ||r(i)||/||b|| 2.731570596912e-04
110 KSP unpreconditioned resid norm 1.306117361321e-20 true resid norm 1.306117361321e-20 ||r(i)||/||b|| 2.725002175899e-04
111 KSP unpreconditioned resid norm 1.302118722448e-20 true resid norm 1.302118722448e-20 ||r(i)||/||b|| 2.716659663998e-04
112 KSP unpreconditioned resid norm 1.298498103967e-20 true resid norm 1.298498103967e-20 ||r(i)||/||b|| 2.709105830376e-04
113 KSP unpreconditioned resid norm 1.295162120467e-20 true resid norm 1.295162120467e-20 ||r(i)||/||b|| 2.702145841508e-04
114 KSP unpreconditioned resid norm 1.290401086274e-20 true resid norm 1.290401086274e-20 ||r(i)||/||b|| 2.692212715342e-04
115 KSP unpreconditioned resid norm 1.284955446853e-20 true resid norm 1.284955446853e-20 ||r(i)||/||b|| 2.680851271332e-04
116 KSP unpreconditioned resid norm 1.280315258910e-20 true resid norm 1.280315258910e-20 ||r(i)||/||b|| 2.671170271283e-04
117 KSP unpreconditioned resid norm 1.275667244792e-20 true resid norm 1.275667244792e-20 ||r(i)||/||b|| 2.661472943185e-04
118 KSP unpreconditioned resid norm 1.270943611460e-20 true resid norm 1.270943611460e-20 ||r(i)||/||b|| 2.651617847857e-04
119 KSP unpreconditioned resid norm 1.265491235096e-20 true resid norm 1.265491235096e-20 ||r(i)||/||b|| 2.640242348306e-04
120 KSP unpreconditioned resid norm 1.261024370699e-20 true resid norm 1.261024370699e-20 ||r(i)||/||b|| 2.630922959741e-04
121 KSP unpreconditioned resid norm 1.256314341620e-20 true resid norm 1.256314341620e-20 ||r(i)||/||b|| 2.621096247481e-04
122 KSP unpreconditioned resid norm 1.249467297789e-20 true resid norm 1.249467297789e-20 ||r(i)||/||b|| 2.606811000312e-04
123 KSP unpreconditioned resid norm 1.242962756018e-20 true resid norm 1.242962756018e-20 ||r(i)||/||b|| 2.593240328177e-04
124 KSP unpreconditioned resid norm 1.237742772490e-20 true resid norm 1.237742772490e-20 ||r(i)||/||b|| 2.582349678614e-04
125 KSP unpreconditioned resid norm 1.231229345021e-20 true resid norm 1.231229345021e-20 ||r(i)||/||b|| 2.568760467910e-04
126 KSP unpreconditioned resid norm 1.223291691809e-20 true resid norm 1.223291691809e-20 ||r(i)||/||b|| 2.552199841036e-04
127 KSP unpreconditioned resid norm 1.217068129695e-20 true resid norm 1.217068129695e-20 ||r(i)||/||b|| 2.539215387414e-04
128 KSP unpreconditioned resid norm 1.211511141909e-20 true resid norm 1.211511141909e-20 ||r(i)||/||b|| 2.527621633088e-04
129 KSP unpreconditioned resid norm 1.203967214371e-20 true resid norm 1.203967214371e-20 ||r(i)||/||b|| 2.511882451017e-04
130 KSP unpreconditioned resid norm 1.194908017191e-20 true resid norm 1.194908017191e-20 ||r(i)||/||b|| 2.492981904437e-04
131 KSP unpreconditioned resid norm 1.187646474843e-20 true resid norm 1.187646474843e-20 ||r(i)||/||b|| 2.477831873296e-04
132 KSP unpreconditioned resid norm 1.180292698226e-20 true resid norm 1.180292698226e-20 ||r(i)||/||b|| 2.462489410300e-04
133 KSP unpreconditioned resid norm 1.170628264645e-20 true resid norm 1.170628264645e-20 ||r(i)||/||b|| 2.442326136067e-04
134 KSP unpreconditioned resid norm 1.162239729985e-20 true resid norm 1.162239729985e-20 ||r(i)||/||b|| 2.424824818132e-04
135 KSP unpreconditioned resid norm 1.155575309931e-20 true resid norm 1.155575309931e-20 ||r(i)||/||b|| 2.410920585874e-04
136 KSP unpreconditioned resid norm 1.148201193312e-20 true resid norm 1.148201193312e-20 ||r(i)||/||b|| 2.395535686762e-04
137 KSP unpreconditioned resid norm 1.140277092855e-20 true resid norm 1.140277092855e-20 ||r(i)||/||b|| 2.379003335516e-04
138 KSP unpreconditioned resid norm 1.133164327206e-20 true resid norm 1.133164327206e-20 ||r(i)||/||b|| 2.364163702842e-04
139 KSP unpreconditioned resid norm 1.126543720517e-20 true resid norm 1.126543720516e-20 ||r(i)||/||b|| 2.350350880068e-04
140 KSP unpreconditioned resid norm 1.118425363566e-20 true resid norm 1.118425363566e-20 ||r(i)||/||b|| 2.333413244133e-04
141 KSP unpreconditioned resid norm 1.109826520433e-20 true resid norm 1.109826520433e-20 ||r(i)||/||b|| 2.315473151655e-04
142 KSP unpreconditioned resid norm 1.102920961259e-20 true resid norm 1.102920961259e-20 ||r(i)||/||b|| 2.301065821709e-04
143 KSP unpreconditioned resid norm 1.095805560787e-20 true resid norm 1.095805560787e-20 ||r(i)||/||b|| 2.286220691903e-04
144 KSP unpreconditioned resid norm 1.087240670583e-20 true resid norm 1.087240670583e-20 ||r(i)||/||b|| 2.268351436709e-04
145 KSP unpreconditioned resid norm 1.080241512450e-20 true resid norm 1.080241512450e-20 ||r(i)||/||b|| 2.253748827705e-04
146 KSP unpreconditioned resid norm 1.074281761635e-20 true resid norm 1.074281761635e-20 ||r(i)||/||b|| 2.241314773600e-04
147 KSP unpreconditioned resid norm 1.067341679869e-20 true resid norm 1.067341679869e-20 ||r(i)||/||b|| 2.226835417860e-04
148 KSP unpreconditioned resid norm 1.059850589432e-20 true resid norm 1.059850589432e-20 ||r(i)||/||b|| 2.211206471835e-04
149 KSP unpreconditioned resid norm 1.052522206540e-20 true resid norm 1.052522206540e-20 ||r(i)||/||b|| 2.195916988733e-04
150 KSP unpreconditioned resid norm 1.044151324138e-20 true resid norm 1.044151324138e-20 ||r(i)||/||b|| 2.178452499373e-04
151 KSP unpreconditioned resid norm 1.035196278630e-20 true resid norm 1.035196278630e-20 ||r(i)||/||b|| 2.159769248375e-04
152 KSP unpreconditioned resid norm 1.024768673333e-20 true resid norm 1.024768673333e-20 ||r(i)||/||b|| 2.138013740053e-04
153 KSP unpreconditioned resid norm 1.015088168821e-20 true resid norm 1.015088168821e-20 ||r(i)||/||b|| 2.117816936426e-04
154 KSP unpreconditioned resid norm 1.005613150593e-20 true resid norm 1.005613150593e-20 ||r(i)||/||b|| 2.098048846627e-04
155 KSP unpreconditioned resid norm 9.931874477169e-21 true resid norm 9.931874477169e-21 ||r(i)||/||b|| 2.072124631562e-04
156 KSP unpreconditioned resid norm 9.786544688420e-21 true resid norm 9.786544688420e-21 ||r(i)||/||b|| 2.041803926678e-04
157 KSP unpreconditioned resid norm 9.631200077383e-21 true resid norm 9.631200077383e-21 ||r(i)||/||b|| 2.009393791446e-04
158 KSP unpreconditioned resid norm 9.448374833323e-21 true resid norm 9.448374833322e-21 ||r(i)||/||b|| 1.971250267546e-04
159 KSP unpreconditioned resid norm 9.241346160473e-21 true resid norm 9.241346160472e-21 ||r(i)||/||b|| 1.928057090524e-04
160 KSP unpreconditioned resid norm 9.020386839650e-21 true resid norm 9.020386839650e-21 ||r(i)||/||b|| 1.881957509594e-04
161 KSP unpreconditioned resid norm 8.797011556436e-21 true resid norm 8.797011556435e-21 ||r(i)||/||b|| 1.835353877269e-04
162 KSP unpreconditioned resid norm 8.560334472625e-21 true resid norm 8.560334472625e-21 ||r(i)||/||b|| 1.785975039849e-04
163 KSP unpreconditioned resid norm 8.315299315586e-21 true resid norm 8.315299315585e-21 ||r(i)||/||b|| 1.734852425918e-04
164 KSP unpreconditioned resid norm 8.070235670794e-21 true resid norm 8.070235670794e-21 ||r(i)||/||b|| 1.683723868480e-04
165 KSP unpreconditioned resid norm 7.830320084347e-21 true resid norm 7.830320084347e-21 ||r(i)||/||b|| 1.633669369975e-04
166 KSP unpreconditioned resid norm 7.586278643771e-21 true resid norm 7.586278643771e-21 ||r(i)||/||b|| 1.582754078879e-04
167 KSP unpreconditioned resid norm 7.357617459295e-21 true resid norm 7.357617459294e-21 ||r(i)||/||b|| 1.535047628930e-04
168 KSP unpreconditioned resid norm 7.140963640384e-21 true resid norm 7.140963640383e-21 ||r(i)||/||b|| 1.489846321189e-04
169 KSP unpreconditioned resid norm 6.951942756009e-21 true resid norm 6.951942756009e-21 ||r(i)||/||b|| 1.450410177359e-04
170 KSP unpreconditioned resid norm 6.767410813181e-21 true resid norm 6.767410813180e-21 ||r(i)||/||b|| 1.411910578423e-04
171 KSP unpreconditioned resid norm 6.590708116435e-21 true resid norm 6.590708116434e-21 ||r(i)||/||b|| 1.375044424785e-04
172 KSP unpreconditioned resid norm 6.439426096196e-21 true resid norm 6.439426096195e-21 ||r(i)||/||b|| 1.343481883276e-04
173 KSP unpreconditioned resid norm 6.304365758087e-21 true resid norm 6.304365758087e-21 ||r(i)||/||b|| 1.315303732819e-04
174 KSP unpreconditioned resid norm 6.178168442801e-21 true resid norm 6.178168442800e-21 ||r(i)||/||b|| 1.288974708419e-04
175 KSP unpreconditioned resid norm 6.066669968915e-21 true resid norm 6.066669968915e-21 ||r(i)||/||b|| 1.265712359036e-04
176 KSP unpreconditioned resid norm 5.963903892752e-21 true resid norm 5.963903892751e-21 ||r(i)||/||b|| 1.244271882900e-04
177 KSP unpreconditioned resid norm 5.865545940145e-21 true resid norm 5.865545940144e-21 ||r(i)||/||b|| 1.223751090297e-04
178 KSP unpreconditioned resid norm 5.767191406193e-21 true resid norm 5.767191406193e-21 ||r(i)||/||b|| 1.203231010941e-04
179 KSP unpreconditioned resid norm 5.670457873142e-21 true resid norm 5.670457873142e-21 ||r(i)||/||b|| 1.183049127149e-04
180 KSP unpreconditioned resid norm 5.571196633175e-21 true resid norm 5.571196633175e-21 ||r(i)||/||b|| 1.162339878279e-04
181 KSP unpreconditioned resid norm 5.474281133368e-21 true resid norm 5.474281133367e-21 ||r(i)||/||b|| 1.142120030073e-04
182 KSP unpreconditioned resid norm 5.378602872797e-21 true resid norm 5.378602872797e-21 ||r(i)||/||b|| 1.122158311780e-04
183 KSP unpreconditioned resid norm 5.280613096430e-21 true resid norm 5.280613096429e-21 ||r(i)||/||b|| 1.101714333182e-04
184 KSP unpreconditioned resid norm 5.189819532897e-21 true resid norm 5.189819532897e-21 ||r(i)||/||b|| 1.082771727754e-04
185 KSP unpreconditioned resid norm 5.116426821010e-21 true resid norm 5.116426821009e-21 ||r(i)||/||b|| 1.067459527984e-04
186 KSP unpreconditioned resid norm 5.051550043242e-21 true resid norm 5.051550043241e-21 ||r(i)||/||b|| 1.053924039841e-04
187 KSP unpreconditioned resid norm 4.992646928877e-21 true resid norm 4.992646928876e-21 ||r(i)||/||b|| 1.041634859744e-04
188 KSP unpreconditioned resid norm 4.936341111348e-21 true resid norm 4.936341111347e-21 ||r(i)||/||b|| 1.029887563534e-04
189 KSP unpreconditioned resid norm 4.632780703707e-21 true resid norm 5.030259836741e-21 ||r(i)||/||b|| 1.049482183331e-04
190 KSP unpreconditioned resid norm 4.620845711043e-21 true resid norm 5.110508165232e-21 ||r(i)||/||b|| 1.066224696387e-04
191 KSP unpreconditioned resid norm 4.508559760305e-21 true resid norm 5.407511138341e-21 ||r(i)||/||b|| 1.128189552834e-04
192 KSP unpreconditioned resid norm 4.404352979718e-21 true resid norm 5.615450344829e-21 ||r(i)||/||b|| 1.171572697941e-04
193 KSP unpreconditioned resid norm 4.339469451735e-21 true resid norm 5.786584337793e-21 ||r(i)||/||b|| 1.207277031794e-04
194 KSP unpreconditioned resid norm 4.225317190426e-21 true resid norm 6.034696322948e-21 ||r(i)||/||b|| 1.259041576041e-04
195 KSP unpreconditioned resid norm 4.070707430525e-21 true resid norm 6.397128522353e-21 ||r(i)||/||b|| 1.334657180063e-04
196 KSP unpreconditioned resid norm 4.022336852416e-21 true resid norm 6.554533003067e-21 ||r(i)||/||b|| 1.367497073716e-04
197 KSP unpreconditioned resid norm 4.004392172959e-21 true resid norm 6.635904534429e-21 ||r(i)||/||b|| 1.384473924846e-04
198 KSP unpreconditioned resid norm 3.883507670294e-21 true resid norm 6.936118221634e-21 ||r(i)||/||b|| 1.447108644749e-04
199 KSP unpreconditioned resid norm 3.839416355319e-21 true resid norm 7.052936645419e-21 ||r(i)||/||b|| 1.471480915452e-04
  Linear solve did not converge due to DIVERGED_BREAKDOWN iterations 200
Mat Object: 1 MPI process
  type: seqaijcusparse
  rows=281452, cols=281452, bs=4
  total: nonzeros=15993520, allocated nonzeros=15993520
  total number of mallocs used during MatSetValues calls=0
    not using I-node routines
Vec Object: 1 MPI process
  type: seqcuda
  length=281452, bs=4
Vec Object: 1 MPI process
  type: seqcuda
  length=281452, bs=4
KSP Object: 1 MPI process
  type: gmres
    restart=100, using classical (unmodified) Gram-Schmidt orthogonalization with no iterative refinement
    happy breakdown tolerance=1e-30
  maximum iterations=2000, initial guess is zero
  tolerances: relative=1e-10, absolute=1e-24, divergence=10000.
  right preconditioning
  diagonally scaled system
  using UNPRECONDITIONED norm type for convergence test
PC Object: 1 MPI process
  type: hypre
    HYPRE ILU preconditioning
      ILU type              Block-Jacobi-ILUk (0)
      ILU level             0
      ILU max iterations    1
      ILU max NNZ per row   1000
      ILU triangular solve  0
      ILU tolerance         0.000000e+00
      ILU drop tolerance    1.000000e-02 / 1.000000e-02 / 1.000000e-02
      ILU local reordering  0
      ILU lower Jacobi iterations  5
      ILU upper Jacobi iterations  5
      ILU print level      0
      ILU logging level    0
      ILU iterative setup type           default (0)
      ILU iterative setup option         0
      ILU iterative setup max iterations 100
      ILU iterative setup tolerance      1.000000e-06
  linear system matrix, which is also used to construct the preconditioner:
  Mat Object: 1 MPI process
    type: seqaijcusparse
    rows=281452, cols=281452, bs=4
    total: nonzeros=15993520, allocated nonzeros=15993520
    total number of mallocs used during MatSetValues calls=0
      not using I-node routines
 NS     61-1    2.278e+03 [   0  1.000e+00  4.754e-14  8.010e-05] !  200  -94    0!  WARNING: The linear system solution has not converged
