-----------------------------------------------------------------------------------
 Eq      N-i            T    dB      Ri/R1      Ri/R0       R/Ri    lsIt   dB   %t
-----------------------------------------------------------------------------------
 <PETSC_INITIALIZE>: use linear solver config. from svFSI input.
Mat Object: 1 MPI process
  type: preallocator
  rows=281452, cols=281452, bs=4
Mat Object: 1 MPI process
  type: seqaijcusparse
  rows=281452, cols=281452, bs=4
  total: nonzeros=15993520, allocated nonzeros=15993520
  total number of mallocs used during MatSetValues calls=0
    not using I-node routines
Vec Object: 1 MPI process
  type: seqcuda
  length=281452, bs=4
Mat Object: 1 MPI process
  type: seqaijcusparse
  rows=281452, cols=281452, bs=4
  total: nonzeros=15993520, allocated nonzeros=15993520
  total number of mallocs used during MatSetValues calls=0
    not using I-node routines
Mat Object: 1 MPI process
  type: seqaijcusparse
  rows=281452, cols=281452, bs=4
  total: nonzeros=15993520, allocated nonzeros=15993520
  total number of mallocs used during MatSetValues calls=0
    not using I-node routines
Mat Object: 1 MPI process
  type: hypre
  rows=281452, cols=281452
Mat Object: _internal_COO_mat_for_hypre 1 MPI process
  type: seqaijcusparse
  rows=281452, cols=281452
  total: nonzeros=15993520, allocated nonzeros=15993520
  total number of mallocs used during MatSetValues calls=0
    not using I-node routines
  0 KSP unpreconditioned resid norm 4.793087406949e-17 true resid norm 4.793087406949e-17 ||r(i)||/||b|| 1.000000000000e+00
  1 KSP unpreconditioned resid norm 1.669714078609e-17 true resid norm 1.669714078609e-17 ||r(i)||/||b|| 3.483587793931e-01
  2 KSP unpreconditioned resid norm 8.579368619977e-18 true resid norm 8.579368619977e-18 ||r(i)||/||b|| 1.789946206184e-01
  3 KSP unpreconditioned resid norm 5.231807394783e-18 true resid norm 5.231807394783e-18 ||r(i)||/||b|| 1.091531814587e-01
  4 KSP unpreconditioned resid norm 3.515809838201e-18 true resid norm 3.515809838201e-18 ||r(i)||/||b|| 7.335167376883e-02
  5 KSP unpreconditioned resid norm 2.436005773363e-18 true resid norm 2.436005773363e-18 ||r(i)||/||b|| 5.082331212719e-02
  6 KSP unpreconditioned resid norm 1.681140595506e-18 true resid norm 1.681140595506e-18 ||r(i)||/||b|| 3.507427369399e-02
  7 KSP unpreconditioned resid norm 1.191215181498e-18 true resid norm 1.191215181498e-18 ||r(i)||/||b|| 2.485277401308e-02
  8 KSP unpreconditioned resid norm 8.641360033387e-19 true resid norm 8.641360033387e-19 ||r(i)||/||b|| 1.802879709821e-02
  9 KSP unpreconditioned resid norm 6.328345730393e-19 true resid norm 6.328345730393e-19 ||r(i)||/||b|| 1.320306765368e-02
 10 KSP unpreconditioned resid norm 4.760273252012e-19 true resid norm 4.760273252012e-19 ||r(i)||/||b|| 9.931538584317e-03
 11 KSP unpreconditioned resid norm 3.679091573418e-19 true resid norm 3.679091573418e-19 ||r(i)||/||b|| 7.675828252337e-03
 12 KSP unpreconditioned resid norm 2.846983536306e-19 true resid norm 2.846983536306e-19 ||r(i)||/||b|| 5.939769702881e-03
 13 KSP unpreconditioned resid norm 2.203353542442e-19 true resid norm 2.203353542442e-19 ||r(i)||/||b|| 4.596940041709e-03
 14 KSP unpreconditioned resid norm 1.727004963389e-19 true resid norm 1.727004963389e-19 ||r(i)||/||b|| 3.603115939186e-03
 15 KSP unpreconditioned resid norm 1.386791709666e-19 true resid norm 1.386791709666e-19 ||r(i)||/||b|| 2.893316127838e-03
 16 KSP unpreconditioned resid norm 1.117974688025e-19 true resid norm 1.117974688025e-19 ||r(i)||/||b|| 2.332472982663e-03
 17 KSP unpreconditioned resid norm 9.137106116766e-20 true resid norm 9.137106116765e-20 ||r(i)||/||b|| 1.906309094952e-03
 18 KSP unpreconditioned resid norm 7.486488775518e-20 true resid norm 7.486488775518e-20 ||r(i)||/||b|| 1.561934540285e-03
 19 KSP unpreconditioned resid norm 6.110844525044e-20 true resid norm 6.110844525044e-20 ||r(i)||/||b|| 1.274928664181e-03
 20 KSP unpreconditioned resid norm 5.058694350462e-20 true resid norm 5.058694350462e-20 ||r(i)||/||b|| 1.055414583746e-03
 21 KSP unpreconditioned resid norm 4.322304818810e-20 true resid norm 4.322304818810e-20 ||r(i)||/||b|| 9.017788435369e-04
 22 KSP unpreconditioned resid norm 3.817364604820e-20 true resid norm 3.817364604820e-20 ||r(i)||/||b|| 7.964312520747e-04
 23 KSP unpreconditioned resid norm 3.419279226050e-20 true resid norm 3.419279226050e-20 ||r(i)||/||b|| 7.133771900535e-04
 24 KSP unpreconditioned resid norm 3.074494678978e-20 true resid norm 3.074494678978e-20 ||r(i)||/||b|| 6.414434826539e-04
 25 KSP unpreconditioned resid norm 2.764288784012e-20 true resid norm 2.764288784012e-20 ||r(i)||/||b|| 5.767240505574e-04
 26 KSP unpreconditioned resid norm 2.535917144358e-20 true resid norm 2.535917144358e-20 ||r(i)||/||b|| 5.290780094436e-04
 27 KSP unpreconditioned resid norm 2.377751828068e-20 true resid norm 2.377751828068e-20 ||r(i)||/||b|| 4.960793797794e-04
 28 KSP unpreconditioned resid norm 2.260794169366e-20 true resid norm 2.260794169366e-20 ||r(i)||/||b|| 4.716780599678e-04
 29 KSP unpreconditioned resid norm 2.190552189421e-20 true resid norm 2.190552189421e-20 ||r(i)||/||b|| 4.570232093505e-04
 30 KSP unpreconditioned resid norm 2.118678357431e-20 true resid norm 2.118678357431e-20 ||r(i)||/||b|| 4.420278992533e-04
 31 KSP unpreconditioned resid norm 2.057721175045e-20 true resid norm 2.057721175045e-20 ||r(i)||/||b|| 4.293101711564e-04
 32 KSP unpreconditioned resid norm 2.006143229555e-20 true resid norm 2.006143229555e-20 ||r(i)||/||b|| 4.185492688171e-04
 33 KSP unpreconditioned resid norm 1.959383329404e-20 true resid norm 1.959383329404e-20 ||r(i)||/||b|| 4.087935735458e-04
 34 KSP unpreconditioned resid norm 1.919765387822e-20 true resid norm 1.919765387823e-20 ||r(i)||/||b|| 4.005279321715e-04
 35 KSP unpreconditioned resid norm 1.883765344887e-20 true resid norm 1.883765344887e-20 ||r(i)||/||b|| 3.930171067099e-04
 36 KSP unpreconditioned resid norm 1.852490132171e-20 true resid norm 1.852490132171e-20 ||r(i)||/||b|| 3.864920404925e-04
 37 KSP unpreconditioned resid norm 1.821574311114e-20 true resid norm 1.821574311114e-20 ||r(i)||/||b|| 3.800419555198e-04
 38 KSP unpreconditioned resid norm 1.799370007685e-20 true resid norm 1.799370007685e-20 ||r(i)||/||b|| 3.754093875017e-04
 39 KSP unpreconditioned resid norm 1.779710199894e-20 true resid norm 1.779710199894e-20 ||r(i)||/||b|| 3.713076872568e-04
 40 KSP unpreconditioned resid norm 1.762004745866e-20 true resid norm 1.762004745867e-20 ||r(i)||/||b|| 3.676137312480e-04
 41 KSP unpreconditioned resid norm 1.736680434952e-20 true resid norm 1.736680434952e-20 ||r(i)||/||b|| 3.623302242379e-04
 42 KSP unpreconditioned resid norm 1.704169980535e-20 true resid norm 1.704169980535e-20 ||r(i)||/||b|| 3.555474448608e-04
 43 KSP unpreconditioned resid norm 1.668467087888e-20 true resid norm 1.668467087888e-20 ||r(i)||/||b|| 3.480986149906e-04
 44 KSP unpreconditioned resid norm 1.642685449844e-20 true resid norm 1.642685449844e-20 ||r(i)||/||b|| 3.427196940874e-04
 45 KSP unpreconditioned resid norm 1.620115196491e-20 true resid norm 1.620115196492e-20 ||r(i)||/||b|| 3.380107765493e-04
 46 KSP unpreconditioned resid norm 1.604503261549e-20 true resid norm 1.604503261550e-20 ||r(i)||/||b|| 3.347535993655e-04
 47 KSP unpreconditioned resid norm 1.588456239726e-20 true resid norm 1.588456239726e-20 ||r(i)||/||b|| 3.314056483558e-04
 48 KSP unpreconditioned resid norm 1.575499971064e-20 true resid norm 1.575499971065e-20 ||r(i)||/||b|| 3.287025328977e-04
 49 KSP unpreconditioned resid norm 1.560410072594e-20 true resid norm 1.560410072594e-20 ||r(i)||/||b|| 3.255542701624e-04
 50 KSP unpreconditioned resid norm 1.548166729511e-20 true resid norm 1.548166729511e-20 ||r(i)||/||b|| 3.229998950711e-04
 51 KSP unpreconditioned resid norm 1.534089434347e-20 true resid norm 1.534089434347e-20 ||r(i)||/||b|| 3.200628956032e-04
 52 KSP unpreconditioned resid norm 1.520971027799e-20 true resid norm 1.520971027799e-20 ||r(i)||/||b|| 3.173259527031e-04
 53 KSP unpreconditioned resid norm 1.508184066647e-20 true resid norm 1.508184066648e-20 ||r(i)||/||b|| 3.146581605128e-04
 54 KSP unpreconditioned resid norm 1.493793420814e-20 true resid norm 1.493793420815e-20 ||r(i)||/||b|| 3.116557855067e-04
 55 KSP unpreconditioned resid norm 1.477243569441e-20 true resid norm 1.477243569442e-20 ||r(i)||/||b|| 3.082029272615e-04
 56 KSP unpreconditioned resid norm 1.463986165934e-20 true resid norm 1.463986165935e-20 ||r(i)||/||b|| 3.054369848988e-04
 57 KSP unpreconditioned resid norm 1.448700951379e-20 true resid norm 1.448700951379e-20 ||r(i)||/||b|| 3.022479726280e-04
 58 KSP unpreconditioned resid norm 1.436813435941e-20 true resid norm 1.436813435941e-20 ||r(i)||/||b|| 2.997678352075e-04
 59 KSP unpreconditioned resid norm 1.421698567894e-20 true resid norm 1.421698567895e-20 ||r(i)||/||b|| 2.966143629749e-04
 60 KSP unpreconditioned resid norm 1.408688781298e-20 true resid norm 1.408688781299e-20 ||r(i)||/||b|| 2.939000818671e-04
 61 KSP unpreconditioned resid norm 1.397327397912e-20 true resid norm 1.397327397913e-20 ||r(i)||/||b|| 2.915297133716e-04
 62 KSP unpreconditioned resid norm 1.385047873224e-20 true resid norm 1.385047873225e-20 ||r(i)||/||b|| 2.889677895747e-04
 63 KSP unpreconditioned resid norm 1.378411544386e-20 true resid norm 1.378411544387e-20 ||r(i)||/||b|| 2.875832271260e-04
 64 KSP unpreconditioned resid norm 1.369541759581e-20 true resid norm 1.369541759582e-20 ||r(i)||/||b|| 2.857326902899e-04
 65 KSP unpreconditioned resid norm 1.363219920059e-20 true resid norm 1.363219920060e-20 ||r(i)||/||b|| 2.844137409394e-04
 66 KSP unpreconditioned resid norm 1.356966271730e-20 true resid norm 1.356966271732e-20 ||r(i)||/||b|| 2.831090185762e-04
 67 KSP unpreconditioned resid norm 1.348929548177e-20 true resid norm 1.348929548178e-20 ||r(i)||/||b|| 2.814322864679e-04
 68 KSP unpreconditioned resid norm 1.344802390544e-20 true resid norm 1.344802390545e-20 ||r(i)||/||b|| 2.805712219216e-04
 69 KSP unpreconditioned resid norm 1.336181518255e-20 true resid norm 1.336181518256e-20 ||r(i)||/||b|| 2.787726166476e-04
 70 KSP unpreconditioned resid norm 1.329829119060e-20 true resid norm 1.329829119061e-20 ||r(i)||/||b|| 2.774472915167e-04
 71 KSP unpreconditioned resid norm 1.321063912489e-20 true resid norm 1.321063912490e-20 ||r(i)||/||b|| 2.756185732342e-04
 72 KSP unpreconditioned resid norm 1.311566286436e-20 true resid norm 1.311566286437e-20 ||r(i)||/||b|| 2.736370474979e-04
 73 KSP unpreconditioned resid norm 1.303971352683e-20 true resid norm 1.303971352685e-20 ||r(i)||/||b|| 2.720524876709e-04
 74 KSP unpreconditioned resid norm 1.293640081972e-20 true resid norm 1.293640081974e-20 ||r(i)||/||b|| 2.698970354887e-04
 75 KSP unpreconditioned resid norm 1.285553505906e-20 true resid norm 1.285553505908e-20 ||r(i)||/||b|| 2.682099024616e-04
 76 KSP unpreconditioned resid norm 1.273509117435e-20 true resid norm 1.273509117436e-20 ||r(i)||/||b|| 2.656970360252e-04
 77 KSP unpreconditioned resid norm 1.261848356469e-20 true resid norm 1.261848356471e-20 ||r(i)||/||b|| 2.632642072501e-04
 78 KSP unpreconditioned resid norm 1.249171169685e-20 true resid norm 1.249171169687e-20 ||r(i)||/||b|| 2.606193177023e-04
 79 KSP unpreconditioned resid norm 1.234493543620e-20 true resid norm 1.234493543622e-20 ||r(i)||/||b|| 2.575570689222e-04
 80 KSP unpreconditioned resid norm 1.219886596338e-20 true resid norm 1.219886596340e-20 ||r(i)||/||b|| 2.545095661247e-04
 81 KSP unpreconditioned resid norm 1.202223275604e-20 true resid norm 1.202223275606e-20 ||r(i)||/||b|| 2.508244005447e-04
 82 KSP unpreconditioned resid norm 1.183642988066e-20 true resid norm 1.183642988068e-20 ||r(i)||/||b|| 2.469479247034e-04
 83 KSP unpreconditioned resid norm 1.164969967902e-20 true resid norm 1.164969967905e-20 ||r(i)||/||b|| 2.430521017029e-04
 84 KSP unpreconditioned resid norm 1.144093664043e-20 true resid norm 1.144093664045e-20 ||r(i)||/||b|| 2.386965992705e-04
 85 KSP unpreconditioned resid norm 1.125665084672e-20 true resid norm 1.125665084674e-20 ||r(i)||/||b|| 2.348517748794e-04
 86 KSP unpreconditioned resid norm 1.105776215139e-20 true resid norm 1.105776215142e-20 ||r(i)||/||b|| 2.307022846148e-04
 87 KSP unpreconditioned resid norm 1.087120581736e-20 true resid norm 1.087120581739e-20 ||r(i)||/||b|| 2.268100890801e-04
 88 KSP unpreconditioned resid norm 1.079803201956e-20 true resid norm 1.079781758767e-20 ||r(i)||/||b|| 2.252789626163e-04
 89 KSP unpreconditioned resid norm 1.066735669207e-20 true resid norm 1.059641785461e-20 ||r(i)||/||b|| 2.210770836192e-04
 90 KSP unpreconditioned resid norm 1.063304383879e-20 true resid norm 1.054467211073e-20 ||r(i)||/||b|| 2.199974925440e-04
 91 KSP unpreconditioned resid norm 1.053533699778e-20 true resid norm 1.042432121205e-20 ||r(i)||/||b|| 2.174865661105e-04
 92 KSP unpreconditioned resid norm 1.048707319768e-20 true resid norm 1.040487413640e-20 ||r(i)||/||b|| 2.170808343974e-04
 93 KSP unpreconditioned resid norm 1.045429087165e-20 true resid norm 1.047049243074e-20 ||r(i)||/||b|| 2.184498537532e-04
 94 KSP unpreconditioned resid norm 1.039110890895e-20 true resid norm 1.063233490782e-20 ||r(i)||/||b|| 2.218264347194e-04
 95 KSP unpreconditioned resid norm 1.025511727857e-20 true resid norm 1.085857426510e-20 ||r(i)||/||b|| 2.265465522150e-04
 96 KSP unpreconditioned resid norm 1.019447572887e-20 true resid norm 1.123427368234e-20 ||r(i)||/||b|| 2.343849116135e-04
 97 KSP unpreconditioned resid norm 1.007897309978e-20 true resid norm 1.177292641151e-20 ||r(i)||/||b|| 2.456230277470e-04
 98 KSP unpreconditioned resid norm 1.002723833536e-20 true resid norm 1.226411252475e-20 ||r(i)||/||b|| 2.558708298741e-04
 99 KSP unpreconditioned resid norm 9.922862836637e-21 true resid norm 1.294986248503e-20 ||r(i)||/||b|| 2.701778913160e-04
100 KSP unpreconditioned resid norm 1.354387031204e-20 true resid norm 1.354387031204e-20 ||r(i)||/||b|| 2.825709018451e-04
101 KSP unpreconditioned resid norm 1.084774735715e-20 true resid norm 1.084774735715e-20 ||r(i)||/||b|| 2.263206663292e-04
102 KSP unpreconditioned resid norm 1.012526349926e-20 true resid norm 1.012526349926e-20 ||r(i)||/||b|| 2.112472116528e-04
103 KSP unpreconditioned resid norm 9.828327301451e-21 true resid norm 9.828327301451e-21 ||r(i)||/||b|| 2.050521191665e-04
104 KSP unpreconditioned resid norm 9.682790524147e-21 true resid norm 9.682790524147e-21 ||r(i)||/||b|| 2.020157301974e-04
105 KSP unpreconditioned resid norm 9.589401060409e-21 true resid norm 9.589401060409e-21 ||r(i)||/||b|| 2.000673104043e-04
106 KSP unpreconditioned resid norm 9.515720564289e-21 true resid norm 9.515720564289e-21 ||r(i)||/||b|| 1.985300862758e-04
107 KSP unpreconditioned resid norm 9.456345295049e-21 true resid norm 9.456345295049e-21 ||r(i)||/||b|| 1.972913175199e-04
108 KSP unpreconditioned resid norm 9.402735503426e-21 true resid norm 9.402735503426e-21 ||r(i)||/||b|| 1.961728361096e-04
109 KSP unpreconditioned resid norm 9.355720011516e-21 true resid norm 9.355720011516e-21 ||r(i)||/||b|| 1.951919340747e-04
110 KSP unpreconditioned resid norm 9.308613043722e-21 true resid norm 9.308613043722e-21 ||r(i)||/||b|| 1.942091235437e-04
111 KSP unpreconditioned resid norm 9.245444422723e-21 true resid norm 9.245444422723e-21 ||r(i)||/||b|| 1.928912126518e-04
112 KSP unpreconditioned resid norm 9.158923759515e-21 true resid norm 9.158923759515e-21 ||r(i)||/||b|| 1.910860992486e-04
113 KSP unpreconditioned resid norm 9.061053690663e-21 true resid norm 9.061053690663e-21 ||r(i)||/||b|| 1.890441988920e-04
114 KSP unpreconditioned resid norm 8.974541901324e-21 true resid norm 8.974541901324e-21 ||r(i)||/||b|| 1.872392706278e-04
115 KSP unpreconditioned resid norm 8.886396097845e-21 true resid norm 8.886396097845e-21 ||r(i)||/||b|| 1.854002513069e-04
116 KSP unpreconditioned resid norm 8.784424799316e-21 true resid norm 8.784424799316e-21 ||r(i)||/||b|| 1.832727854405e-04
117 KSP unpreconditioned resid norm 8.666700485674e-21 true resid norm 8.666700485674e-21 ||r(i)||/||b|| 1.808166584467e-04
118 KSP unpreconditioned resid norm 8.538791915743e-21 true resid norm 8.538791915743e-21 ||r(i)||/||b|| 1.781480534522e-04
119 KSP unpreconditioned resid norm 8.426328031120e-21 true resid norm 8.426328031120e-21 ||r(i)||/||b|| 1.758016767836e-04
120 KSP unpreconditioned resid norm 8.330982091198e-21 true resid norm 8.330982091198e-21 ||r(i)||/||b|| 1.738124382860e-04
121 KSP unpreconditioned resid norm 8.256305652234e-21 true resid norm 8.256305652234e-21 ||r(i)||/||b|| 1.722544354243e-04
122 KSP unpreconditioned resid norm 8.187967399095e-21 true resid norm 8.187967399095e-21 ||r(i)||/||b|| 1.708286685368e-04
123 KSP unpreconditioned resid norm 8.123229152837e-21 true resid norm 8.123229152837e-21 ||r(i)||/||b|| 1.694780099578e-04
124 KSP unpreconditioned resid norm 8.057111295135e-21 true resid norm 8.057111295135e-21 ||r(i)||/||b|| 1.680985680222e-04
125 KSP unpreconditioned resid norm 7.993731025127e-21 true resid norm 7.993731025127e-21 ||r(i)||/||b|| 1.667762414167e-04
126 KSP unpreconditioned resid norm 7.931721651460e-21 true resid norm 7.931721651460e-21 ||r(i)||/||b|| 1.654825163414e-04
127 KSP unpreconditioned resid norm 7.877732951019e-21 true resid norm 7.877732951019e-21 ||r(i)||/||b|| 1.643561296128e-04
128 KSP unpreconditioned resid norm 7.822250801505e-21 true resid norm 7.822250801505e-21 ||r(i)||/||b|| 1.631985844899e-04
129 KSP unpreconditioned resid norm 7.770460101000e-21 true resid norm 7.770460101001e-21 ||r(i)||/||b|| 1.621180554674e-04
130 KSP unpreconditioned resid norm 7.707814239327e-21 true resid norm 7.707814239326e-21 ||r(i)||/||b|| 1.608110511014e-04
131 KSP unpreconditioned resid norm 7.640640872148e-21 true resid norm 7.640640872148e-21 ||r(i)||/||b|| 1.594095876714e-04
132 KSP unpreconditioned resid norm 7.569102444570e-21 true resid norm 7.569102444570e-21 ||r(i)||/||b|| 1.579170543311e-04
133 KSP unpreconditioned resid norm 7.503820714758e-21 true resid norm 7.503820714758e-21 ||r(i)||/||b|| 1.565550568487e-04
134 KSP unpreconditioned resid norm 7.433022243000e-21 true resid norm 7.433022243000e-21 ||r(i)||/||b|| 1.550779614873e-04
135 KSP unpreconditioned resid norm 7.357663117850e-21 true resid norm 7.357663117850e-21 ||r(i)||/||b|| 1.535057154848e-04
136 KSP unpreconditioned resid norm 7.268794845563e-21 true resid norm 7.268794845563e-21 ||r(i)||/||b|| 1.516516230233e-04
137 KSP unpreconditioned resid norm 7.179658837451e-21 true resid norm 7.179658837451e-21 ||r(i)||/||b|| 1.497919446877e-04
138 KSP unpreconditioned resid norm 7.111319180865e-21 true resid norm 7.111319180864e-21 ||r(i)||/||b|| 1.483661485195e-04
139 KSP unpreconditioned resid norm 7.048336447668e-21 true resid norm 7.048336447668e-21 ||r(i)||/||b|| 1.470521158752e-04
140 KSP unpreconditioned resid norm 6.994240827814e-21 true resid norm 6.994240827813e-21 ||r(i)||/||b|| 1.459234984464e-04
141 KSP unpreconditioned resid norm 6.940133774075e-21 true resid norm 6.940133774075e-21 ||r(i)||/||b|| 1.447946424681e-04
142 KSP unpreconditioned resid norm 6.877890080198e-21 true resid norm 6.877890080198e-21 ||r(i)||/||b|| 1.434960286813e-04
143 KSP unpreconditioned resid norm 6.803884218165e-21 true resid norm 6.803884218165e-21 ||r(i)||/||b|| 1.419520163204e-04
144 KSP unpreconditioned resid norm 6.729941558349e-21 true resid norm 6.729941558348e-21 ||r(i)||/||b|| 1.404093225713e-04
145 KSP unpreconditioned resid norm 6.656568135848e-21 true resid norm 6.656568135847e-21 ||r(i)||/||b|| 1.388785050361e-04
146 KSP unpreconditioned resid norm 6.588359660044e-21 true resid norm 6.588359660044e-21 ||r(i)||/||b|| 1.374554457424e-04
147 KSP unpreconditioned resid norm 6.523499849181e-21 true resid norm 6.523499849181e-21 ||r(i)||/||b|| 1.361022509150e-04
148 KSP unpreconditioned resid norm 6.461817529609e-21 true resid norm 6.461817529609e-21 ||r(i)||/||b|| 1.348153492932e-04
149 KSP unpreconditioned resid norm 6.395589486425e-21 true resid norm 6.395589486425e-21 ||r(i)||/||b|| 1.334336085161e-04
150 KSP unpreconditioned resid norm 6.321455697988e-21 true resid norm 6.321455697988e-21 ||r(i)||/||b|| 1.318869271781e-04
151 KSP unpreconditioned resid norm 6.247498713688e-21 true resid norm 6.247498713688e-21 ||r(i)||/||b|| 1.303439345719e-04
152 KSP unpreconditioned resid norm 6.160921241384e-21 true resid norm 6.160921241384e-21 ||r(i)||/||b|| 1.285376359390e-04
153 KSP unpreconditioned resid norm 6.055085678608e-21 true resid norm 6.055085678608e-21 ||r(i)||/||b|| 1.263295484624e-04
154 KSP unpreconditioned resid norm 5.917419717629e-21 true resid norm 5.917419717629e-21 ||r(i)||/||b|| 1.234573713187e-04
155 KSP unpreconditioned resid norm 5.778022064236e-21 true resid norm 5.778022064235e-21 ||r(i)||/||b|| 1.205490652196e-04
156 KSP unpreconditioned resid norm 5.642395985424e-21 true resid norm 5.642395985424e-21 ||r(i)||/||b|| 1.177194469110e-04
157 KSP unpreconditioned resid norm 5.541521447623e-21 true resid norm 5.541521447622e-21 ||r(i)||/||b|| 1.156148631796e-04
158 KSP unpreconditioned resid norm 5.432306698915e-21 true resid norm 5.432306698914e-21 ||r(i)||/||b|| 1.133362744656e-04
159 KSP unpreconditioned resid norm 5.346020156000e-21 true resid norm 5.346020155999e-21 ||r(i)||/||b|| 1.115360456028e-04
160 KSP unpreconditioned resid norm 5.253055391256e-21 true resid norm 5.253055391255e-21 ||r(i)||/||b|| 1.095964864659e-04
161 KSP unpreconditioned resid norm 5.165566581333e-21 true resid norm 5.165566581332e-21 ||r(i)||/||b|| 1.077711742507e-04
162 KSP unpreconditioned resid norm 5.082364899619e-21 true resid norm 5.082364899618e-21 ||r(i)||/||b|| 1.060353060169e-04
163 KSP unpreconditioned resid norm 4.994384041626e-21 true resid norm 4.994384041625e-21 ||r(i)||/||b|| 1.041997280163e-04
164 KSP unpreconditioned resid norm 4.899396802414e-21 true resid norm 4.899396802412e-21 ||r(i)||/||b|| 1.022179732276e-04
165 KSP unpreconditioned resid norm 4.820094551882e-21 true resid norm 4.820094551881e-21 ||r(i)||/||b|| 1.005634603052e-04
166 KSP unpreconditioned resid norm 4.725142098327e-21 true resid norm 4.725142098326e-21 ||r(i)||/||b|| 9.858243126288e-05
167 KSP unpreconditioned resid norm 4.666516509650e-21 true resid norm 4.666516509648e-21 ||r(i)||/||b|| 9.735930337682e-05
168 KSP unpreconditioned resid norm 4.577743837114e-21 true resid norm 4.577743837112e-21 ||r(i)||/||b|| 9.550720544915e-05
169 KSP unpreconditioned resid norm 4.499180018839e-21 true resid norm 4.499180018837e-21 ||r(i)||/||b|| 9.386809871886e-05
170 KSP unpreconditioned resid norm 4.421522010179e-21 true resid norm 4.421522010177e-21 ||r(i)||/||b|| 9.224789023807e-05
171 KSP unpreconditioned resid norm 4.313807135790e-21 true resid norm 4.313807135787e-21 ||r(i)||/||b|| 9.000059397066e-05
172 KSP unpreconditioned resid norm 4.225380520339e-21 true resid norm 4.225380520336e-21 ||r(i)||/||b|| 8.815571596315e-05
173 KSP unpreconditioned resid norm 4.115705617643e-21 true resid norm 4.115705617640e-21 ||r(i)||/||b|| 8.586752688201e-05
174 KSP unpreconditioned resid norm 4.034214894050e-21 true resid norm 4.034214894047e-21 ||r(i)||/||b|| 8.416735501627e-05
175 KSP unpreconditioned resid norm 3.953095384462e-21 true resid norm 3.953095384459e-21 ||r(i)||/||b|| 8.247492792907e-05
176 KSP unpreconditioned resid norm 3.878200707521e-21 true resid norm 3.878200707518e-21 ||r(i)||/||b|| 8.091237188570e-05
177 KSP unpreconditioned resid norm 3.800970541362e-21 true resid norm 3.800970541358e-21 ||r(i)||/||b|| 7.930108964521e-05
178 KSP unpreconditioned resid norm 3.737310460866e-21 true resid norm 3.737310460862e-21 ||r(i)||/||b|| 7.797292524737e-05
179 KSP unpreconditioned resid norm 3.679109583605e-21 true resid norm 3.679109583601e-21 ||r(i)||/||b|| 7.675865827665e-05
180 KSP unpreconditioned resid norm 3.629806183894e-21 true resid norm 3.629806183890e-21 ||r(i)||/||b|| 7.573002275375e-05
181 KSP unpreconditioned resid norm 3.583503487760e-21 true resid norm 3.583503487755e-21 ||r(i)||/||b|| 7.476399204737e-05
182 KSP unpreconditioned resid norm 3.517702581377e-21 true resid norm 3.517702581372e-21 ||r(i)||/||b|| 7.339116278730e-05
183 KSP unpreconditioned resid norm 3.461096576178e-21 true resid norm 3.461096576173e-21 ||r(i)||/||b|| 7.221017023714e-05
184 KSP unpreconditioned resid norm 3.385185785184e-21 true resid norm 3.385185785178e-21 ||r(i)||/||b|| 7.062641462098e-05
185 KSP unpreconditioned resid norm 3.313628332632e-21 true resid norm 3.313628332626e-21 ||r(i)||/||b|| 6.913348435543e-05
186 KSP unpreconditioned resid norm 3.226369597244e-21 true resid norm 3.226369597238e-21 ||r(i)||/||b|| 6.731297227252e-05
187 KSP unpreconditioned resid norm 3.129262362575e-21 true resid norm 3.129262362567e-21 ||r(i)||/||b|| 6.528698721476e-05
188 KSP unpreconditioned resid norm 3.044950585503e-21 true resid norm 3.044950585495e-21 ||r(i)||/||b|| 6.352795864062e-05
189 KSP unpreconditioned resid norm 2.959759223388e-21 true resid norm 2.959759223380e-21 ||r(i)||/||b|| 6.175057895019e-05
190 KSP unpreconditioned resid norm 2.958472418966e-21 true resid norm 2.945846240531e-21 ||r(i)||/||b|| 6.146030711353e-05
191 KSP unpreconditioned resid norm 2.958395139680e-21 true resid norm 2.942953403214e-21 ||r(i)||/||b|| 6.139995275169e-05
192 KSP unpreconditioned resid norm 2.957423763046e-21 true resid norm 2.952162200441e-21 ||r(i)||/||b|| 6.159207938000e-05
193 KSP unpreconditioned resid norm 2.957114300462e-21 true resid norm 2.958420111341e-21 ||r(i)||/||b|| 6.172264054796e-05
194 KSP unpreconditioned resid norm 2.953274235098e-21 true resid norm 2.983765066594e-21 ||r(i)||/||b|| 6.225142195962e-05
195 KSP unpreconditioned resid norm 2.922043100776e-21 true resid norm 2.877141122698e-21 ||r(i)||/||b|| 6.002688618877e-05
196 KSP unpreconditioned resid norm 2.918790714659e-21 true resid norm 2.854238646318e-21 ||r(i)||/||b|| 5.954906313997e-05
197 KSP unpreconditioned resid norm 2.891228226496e-21 true resid norm 2.807280431729e-21 ||r(i)||/||b|| 5.856935610352e-05
198 KSP unpreconditioned resid norm 2.891046432443e-21 true resid norm 2.808399926413e-21 ||r(i)||/||b|| 5.859271254560e-05
199 KSP unpreconditioned resid norm 2.874648092500e-21 true resid norm 2.817677324873e-21 ||r(i)||/||b|| 5.878627042745e-05
200 KSP unpreconditioned resid norm 2.844127398871e-21 true resid norm 2.844127398871e-21 ||r(i)||/||b|| 5.933810835052e-05
201 KSP unpreconditioned resid norm 2.747170449528e-21 true resid norm 2.747170449528e-21 ||r(i)||/||b|| 5.731525875254e-05
202 KSP unpreconditioned resid norm 2.689261162634e-21 true resid norm 2.689261162634e-21 ||r(i)||/||b|| 5.610707534219e-05
203 KSP unpreconditioned resid norm 2.639711446955e-21 true resid norm 2.639711446955e-21 ||r(i)||/||b|| 5.507330083587e-05
204 KSP unpreconditioned resid norm 2.608173919963e-21 true resid norm 2.608173919963e-21 ||r(i)||/||b|| 5.441532145193e-05
205 KSP unpreconditioned resid norm 2.562544300452e-21 true resid norm 2.562544300452e-21 ||r(i)||/||b|| 5.346333339835e-05
206 KSP unpreconditioned resid norm 2.532496001774e-21 true resid norm 2.532496001774e-21 ||r(i)||/||b|| 5.283642434941e-05
207 KSP unpreconditioned resid norm 2.515254508968e-21 true resid norm 2.515254508968e-21 ||r(i)||/||b|| 5.247670854742e-05
208 KSP unpreconditioned resid norm 2.480077270427e-21 true resid norm 2.480077270428e-21 ||r(i)||/||b|| 5.174279248135e-05
209 KSP unpreconditioned resid norm 2.453705532332e-21 true resid norm 2.453705532332e-21 ||r(i)||/||b|| 5.119258890990e-05
210 KSP unpreconditioned resid norm 2.416914495041e-21 true resid norm 2.416914495041e-21 ||r(i)||/||b|| 5.042500354859e-05
211 KSP unpreconditioned resid norm 2.381792885416e-21 true resid norm 2.381792885416e-21 ||r(i)||/||b|| 4.969224808967e-05
212 KSP unpreconditioned resid norm 2.341452803689e-21 true resid norm 2.341452803689e-21 ||r(i)||/||b|| 4.885061766856e-05
213 KSP unpreconditioned resid norm 2.307994639482e-21 true resid norm 2.307994639482e-21 ||r(i)||/||b|| 4.815256730215e-05
214 KSP unpreconditioned resid norm 2.277100355379e-21 true resid norm 2.277100355379e-21 ||r(i)||/||b|| 4.750800813851e-05
215 KSP unpreconditioned resid norm 2.229997064533e-21 true resid norm 2.229997064533e-21 ||r(i)||/||b|| 4.652527432109e-05
216 KSP unpreconditioned resid norm 2.193359237924e-21 true resid norm 2.193359237924e-21 ||r(i)||/||b|| 4.576088545233e-05
217 KSP unpreconditioned resid norm 2.154409786905e-21 true resid norm 2.154409786905e-21 ||r(i)||/||b|| 4.494826828698e-05
218 KSP unpreconditioned resid norm 2.110629442878e-21 true resid norm 2.110629442878e-21 ||r(i)||/||b|| 4.403486236903e-05
219 KSP unpreconditioned resid norm 2.072524448877e-21 true resid norm 2.072524448877e-21 ||r(i)||/||b|| 4.323986343066e-05
220 KSP unpreconditioned resid norm 2.029163009862e-21 true resid norm 2.029163009862e-21 ||r(i)||/||b|| 4.233519728683e-05
221 KSP unpreconditioned resid norm 1.973285796061e-21 true resid norm 1.973285796061e-21 ||r(i)||/||b|| 4.116940978794e-05
222 KSP unpreconditioned resid norm 1.937753012088e-21 true resid norm 1.937753012088e-21 ||r(i)||/||b|| 4.042807584269e-05
223 KSP unpreconditioned resid norm 1.888944258471e-21 true resid norm 1.888944258471e-21 ||r(i)||/||b|| 3.940976030882e-05
224 KSP unpreconditioned resid norm 1.844632752634e-21 true resid norm 1.844632752634e-21 ||r(i)||/||b|| 3.848527256064e-05
225 KSP unpreconditioned resid norm 1.799859629938e-21 true resid norm 1.799859629938e-21 ||r(i)||/||b|| 3.755115392489e-05
226 KSP unpreconditioned resid norm 1.751890179225e-21 true resid norm 1.751890179225e-21 ||r(i)||/||b|| 3.655034908575e-05
227 KSP unpreconditioned resid norm 1.697830429683e-21 true resid norm 1.697830429683e-21 ||r(i)||/||b|| 3.542248003284e-05
228 KSP unpreconditioned resid norm 1.652858226396e-21 true resid norm 1.652858226396e-21 ||r(i)||/||b|| 3.448420790323e-05
229 KSP unpreconditioned resid norm 1.603903528403e-21 true resid norm 1.603903528403e-21 ||r(i)||/||b|| 3.346284747651e-05
230 KSP unpreconditioned resid norm 1.557451069766e-21 true resid norm 1.557451069766e-21 ||r(i)||/||b|| 3.249369221826e-05
231 KSP unpreconditioned resid norm 1.521725768248e-21 true resid norm 1.521725768248e-21 ||r(i)||/||b|| 3.174834170647e-05
232 KSP unpreconditioned resid norm 1.484289363942e-21 true resid norm 1.484289363942e-21 ||r(i)||/||b|| 3.096729180841e-05
233 KSP unpreconditioned resid norm 1.449663622834e-21 true resid norm 1.449663622834e-21 ||r(i)||/||b|| 3.024488184239e-05
234 KSP unpreconditioned resid norm 1.412030284575e-21 true resid norm 1.412030284575e-21 ||r(i)||/||b|| 2.945972323658e-05
235 KSP unpreconditioned resid norm 1.378778524953e-21 true resid norm 1.378778524953e-21 ||r(i)||/||b|| 2.876597916729e-05
236 KSP unpreconditioned resid norm 1.346040810010e-21 true resid norm 1.346040810010e-21 ||r(i)||/||b|| 2.808295980704e-05
237 KSP unpreconditioned resid norm 1.315523531346e-21 true resid norm 1.315523531346e-21 ||r(i)||/||b|| 2.744626625082e-05
238 KSP unpreconditioned resid norm 1.284775856797e-21 true resid norm 1.284775856797e-21 ||r(i)||/||b|| 2.680476585789e-05
239 KSP unpreconditioned resid norm 1.251745749514e-21 true resid norm 1.251745749514e-21 ||r(i)||/||b|| 2.611564620540e-05
240 KSP unpreconditioned resid norm 1.219224243903e-21 true resid norm 1.219224243903e-21 ||r(i)||/||b|| 2.543713770242e-05
241 KSP unpreconditioned resid norm 1.184296358170e-21 true resid norm 1.184296358170e-21 ||r(i)||/||b|| 2.470842397851e-05
242 KSP unpreconditioned resid norm 1.150642775850e-21 true resid norm 1.150642775850e-21 ||r(i)||/||b|| 2.400629652991e-05
243 KSP unpreconditioned resid norm 1.121794289371e-21 true resid norm 1.121794289371e-21 ||r(i)||/||b|| 2.340441961782e-05
244 KSP unpreconditioned resid norm 1.095162802846e-21 true resid norm 1.095162802846e-21 ||r(i)||/||b|| 2.284879681639e-05
245 KSP unpreconditioned resid norm 1.076007920513e-21 true resid norm 1.076007920513e-21 ||r(i)||/||b|| 2.244916124318e-05
246 KSP unpreconditioned resid norm 1.060036692955e-21 true resid norm 1.060036692956e-21 ||r(i)||/||b|| 2.211594746673e-05
247 KSP unpreconditioned resid norm 1.045324701249e-21 true resid norm 1.045324701249e-21 ||r(i)||/||b|| 2.180900560531e-05
248 KSP unpreconditioned resid norm 1.033653589961e-21 true resid norm 1.033653589961e-21 ||r(i)||/||b|| 2.156550678509e-05
249 KSP unpreconditioned resid norm 1.025155859441e-21 true resid norm 1.025155859441e-21 ||r(i)||/||b|| 2.138821541111e-05
250 KSP unpreconditioned resid norm 1.019480671401e-21 true resid norm 1.019480671401e-21 ||r(i)||/||b|| 2.126981181113e-05
251 KSP unpreconditioned resid norm 1.013392334143e-21 true resid norm 1.013392334143e-21 ||r(i)||/||b|| 2.114278852236e-05
252 KSP unpreconditioned resid norm 1.008545025094e-21 true resid norm 1.008545025094e-21 ||r(i)||/||b|| 2.104165727569e-05
253 KSP unpreconditioned resid norm 1.004097877053e-21 true resid norm 1.004097877053e-21 ||r(i)||/||b|| 2.094887473985e-05
254 KSP unpreconditioned resid norm 1.000463464209e-21 true resid norm 1.000463464209e-21 ||r(i)||/||b|| 2.087304860660e-05
255 KSP unpreconditioned resid norm 9.970762929089e-22 true resid norm 9.970762929089e-22 ||r(i)||/||b|| 2.080238076742e-05
256 KSP unpreconditioned resid norm 9.932153720550e-22 true resid norm 9.932153720549e-22 ||r(i)||/||b|| 2.072182891167e-05
257 KSP unpreconditioned resid norm 9.896194983742e-22 true resid norm 9.896194983742e-22 ||r(i)||/||b|| 2.064680683560e-05
258 KSP unpreconditioned resid norm 9.840827471657e-22 true resid norm 9.840827471657e-22 ||r(i)||/||b|| 2.053129149573e-05
259 KSP unpreconditioned resid norm 9.793401182595e-22 true resid norm 9.793401182595e-22 ||r(i)||/||b|| 2.043234423056e-05
260 KSP unpreconditioned resid norm 9.741022582417e-22 true resid norm 9.741022582417e-22 ||r(i)||/||b|| 2.032306477093e-05
261 KSP unpreconditioned resid norm 9.687798370054e-22 true resid norm 9.687798370054e-22 ||r(i)||/||b|| 2.021202107854e-05
262 KSP unpreconditioned resid norm 9.630849948054e-22 true resid norm 9.630849948053e-22 ||r(i)||/||b|| 2.009320742636e-05
263 KSP unpreconditioned resid norm 9.560325415120e-22 true resid norm 9.560325415121e-22 ||r(i)||/||b|| 1.994606941918e-05
264 KSP unpreconditioned resid norm 9.488807338351e-22 true resid norm 9.488807338350e-22 ||r(i)||/||b|| 1.979685854381e-05
265 KSP unpreconditioned resid norm 9.378335342859e-22 true resid norm 9.378335342861e-22 ||r(i)||/||b|| 1.956637663078e-05
266 KSP unpreconditioned resid norm 9.285373917964e-22 true resid norm 9.285373917964e-22 ||r(i)||/||b|| 1.937242768513e-05
267 KSP unpreconditioned resid norm 9.176454861464e-22 true resid norm 9.176454861464e-22 ||r(i)||/||b|| 1.914518572759e-05
268 KSP unpreconditioned resid norm 9.084843493429e-22 true resid norm 9.084843493428e-22 ||r(i)||/||b|| 1.895405345677e-05
269 KSP unpreconditioned resid norm 9.005494181573e-22 true resid norm 9.005494181573e-22 ||r(i)||/||b|| 1.878850397870e-05
270 KSP unpreconditioned resid norm 8.900096507921e-22 true resid norm 8.900096507920e-22 ||r(i)||/||b|| 1.856860881572e-05
271 KSP unpreconditioned resid norm 8.810280061487e-22 true resid norm 8.810280061485e-22 ||r(i)||/||b|| 1.838122135789e-05
272 KSP unpreconditioned resid norm 8.708525974462e-22 true resid norm 8.708525974460e-22 ||r(i)||/||b|| 1.816892794785e-05
273 KSP unpreconditioned resid norm 8.600750439231e-22 true resid norm 8.600750439229e-22 ||r(i)||/||b|| 1.794407176209e-05
274 KSP unpreconditioned resid norm 8.517648665042e-22 true resid norm 8.517648665041e-22 ||r(i)||/||b|| 1.777069337958e-05
275 KSP unpreconditioned resid norm 8.411976223255e-22 true resid norm 8.411976223254e-22 ||r(i)||/||b|| 1.755022495742e-05
276 KSP unpreconditioned resid norm 8.305415787184e-22 true resid norm 8.305415787183e-22 ||r(i)||/||b|| 1.732790387912e-05
277 KSP unpreconditioned resid norm 8.192789857203e-22 true resid norm 8.192789857202e-22 ||r(i)||/||b|| 1.709292813088e-05
278 KSP unpreconditioned resid norm 8.074276446508e-22 true resid norm 8.074276446506e-22 ||r(i)||/||b|| 1.684566910839e-05
279 KSP unpreconditioned resid norm 7.968763724979e-22 true resid norm 7.968763724978e-22 ||r(i)||/||b|| 1.662553391667e-05
280 KSP unpreconditioned resid norm 7.868626908606e-22 true resid norm 7.868626908605e-22 ||r(i)||/||b|| 1.641661467971e-05
281 KSP unpreconditioned resid norm 7.778678637828e-22 true resid norm 7.778678637828e-22 ||r(i)||/||b|| 1.622895219175e-05
282 KSP unpreconditioned resid norm 7.694094859901e-22 true resid norm 7.694094859900e-22 ||r(i)||/||b|| 1.605248184864e-05
283 KSP unpreconditioned resid norm 7.604747686540e-22 true resid norm 7.604747686539e-22 ||r(i)||/||b|| 1.586607345302e-05
284 KSP unpreconditioned resid norm 7.521731010187e-22 true resid norm 7.521731010186e-22 ||r(i)||/||b|| 1.569287261334e-05
285 KSP unpreconditioned resid norm 7.417846453918e-22 true resid norm 7.417846453917e-22 ||r(i)||/||b|| 1.547613432453e-05
286 KSP unpreconditioned resid norm 7.302511184826e-22 true resid norm 7.302511184824e-22 ||r(i)||/||b|| 1.523550597937e-05
287 KSP unpreconditioned resid norm 7.152128424849e-22 true resid norm 7.152128424848e-22 ||r(i)||/||b|| 1.492175672507e-05
288 KSP unpreconditioned resid norm 7.143651371310e-22 true resid norm 7.211019570299e-22 ||r(i)||/||b|| 1.504462355484e-05
289 KSP unpreconditioned resid norm 7.079017196429e-22 true resid norm 7.217839431528e-22 ||r(i)||/||b|| 1.505885208991e-05
290 KSP unpreconditioned resid norm 6.981572621501e-22 true resid norm 7.385247142098e-22 ||r(i)||/||b|| 1.540812114419e-05
291 KSP unpreconditioned resid norm 6.966570241980e-22 true resid norm 7.415193716583e-22 ||r(i)||/||b|| 1.547059981805e-05
292 KSP unpreconditioned resid norm 6.958444562252e-22 true resid norm 7.441330896281e-22 ||r(i)||/||b|| 1.552513080711e-05
293 KSP unpreconditioned resid norm 6.957521841515e-22 true resid norm 7.452309980697e-22 ||r(i)||/||b|| 1.554803688723e-05
294 KSP unpreconditioned resid norm 6.851023842408e-22 true resid norm 7.781416639063e-22 ||r(i)||/||b|| 1.623466458755e-05
295 KSP unpreconditioned resid norm 6.836250741652e-22 true resid norm 7.782124976053e-22 ||r(i)||/||b|| 1.623614241787e-05
296 KSP unpreconditioned resid norm 6.766737659370e-22 true resid norm 7.892609291555e-22 ||r(i)||/||b|| 1.646665003461e-05
297 KSP unpreconditioned resid norm 6.584906134600e-22 true resid norm 8.347768380920e-22 ||r(i)||/||b|| 1.741626570134e-05
298 KSP unpreconditioned resid norm 6.584870558787e-22 true resid norm 8.347890751405e-22 ||r(i)||/||b|| 1.741652100753e-05
299 KSP unpreconditioned resid norm 6.463609469456e-22 true resid norm 8.811761910656e-22 ||r(i)||/||b|| 1.838431299600e-05
300 KSP unpreconditioned resid norm 9.144852244577e-22 true resid norm 9.144852244577e-22 ||r(i)||/||b|| 1.907925198968e-05
301 KSP unpreconditioned resid norm 8.710307795305e-22 true resid norm 8.710307795306e-22 ||r(i)||/||b|| 1.817264542824e-05
302 KSP unpreconditioned resid norm 8.508577388294e-22 true resid norm 8.508577388294e-22 ||r(i)||/||b|| 1.775176763094e-05
303 KSP unpreconditioned resid norm 8.402733702323e-22 true resid norm 8.402733702321e-22 ||r(i)||/||b|| 1.753094193554e-05
304 KSP unpreconditioned resid norm 8.341023247169e-22 true resid norm 8.341023247169e-22 ||r(i)||/||b|| 1.740219307304e-05
305 KSP unpreconditioned resid norm 8.273525124736e-22 true resid norm 8.273525124736e-22 ||r(i)||/||b|| 1.726136918083e-05
306 KSP unpreconditioned resid norm 8.175563206007e-22 true resid norm 8.175563206007e-22 ||r(i)||/||b|| 1.705698751530e-05
307 KSP unpreconditioned resid norm 8.139241997264e-22 true resid norm 8.139241997265e-22 ||r(i)||/||b|| 1.698120920028e-05
308 KSP unpreconditioned resid norm 8.071068865116e-22 true resid norm 8.071068865115e-22 ||r(i)||/||b|| 1.683897700971e-05
309 KSP unpreconditioned resid norm 8.024601497615e-22 true resid norm 8.024601497615e-22 ||r(i)||/||b|| 1.674203037896e-05
310 KSP unpreconditioned resid norm 7.976263102873e-22 true resid norm 7.976263102873e-22 ||r(i)||/||b|| 1.664118015313e-05
311 KSP unpreconditioned resid norm 7.888949372156e-22 true resid norm 7.888949372156e-22 ||r(i)||/||b|| 1.645901420600e-05
312 KSP unpreconditioned resid norm 7.819735028383e-22 true resid norm 7.819735028383e-22 ||r(i)||/||b|| 1.631460969613e-05
313 KSP unpreconditioned resid norm 7.730934743174e-22 true resid norm 7.730934743175e-22 ||r(i)||/||b|| 1.612934229400e-05
314 KSP unpreconditioned resid norm 7.654747402766e-22 true resid norm 7.654747402766e-22 ||r(i)||/||b|| 1.597038975686e-05
315 KSP unpreconditioned resid norm 7.568528226800e-22 true resid norm 7.568528226800e-22 ||r(i)||/||b|| 1.579050742080e-05
316 KSP unpreconditioned resid norm 7.499309255037e-22 true resid norm 7.499309255036e-22 ||r(i)||/||b|| 1.564609325539e-05
317 KSP unpreconditioned resid norm 7.429378004464e-22 true resid norm 7.429378004463e-22 ||r(i)||/||b|| 1.550019303569e-05
318 KSP unpreconditioned resid norm 7.340407040258e-22 true resid norm 7.340407040258e-22 ||r(i)||/||b|| 1.531456953949e-05
319 KSP unpreconditioned resid norm 7.254909732805e-22 true resid norm 7.254909732805e-22 ||r(i)||/||b|| 1.513619326509e-05
320 KSP unpreconditioned resid norm 7.158093353478e-22 true resid norm 7.158093353477e-22 ||r(i)||/||b|| 1.493420158184e-05
321 KSP unpreconditioned resid norm 7.030182812857e-22 true resid norm 7.030182812858e-22 ||r(i)||/||b|| 1.466733697087e-05
322 KSP unpreconditioned resid norm 6.949920014867e-22 true resid norm 6.949920014866e-22 ||r(i)||/||b|| 1.449988165204e-05
323 KSP unpreconditioned resid norm 6.846929534240e-22 true resid norm 6.846929534240e-22 ||r(i)||/||b|| 1.428500870715e-05
324 KSP unpreconditioned resid norm 6.787870232194e-22 true resid norm 6.787870232193e-22 ||r(i)||/||b|| 1.416179104590e-05
325 KSP unpreconditioned resid norm 6.731610027809e-22 true resid norm 6.731610027809e-22 ||r(i)||/||b|| 1.404441324823e-05
326 KSP unpreconditioned resid norm 6.670421280970e-22 true resid norm 6.670421280968e-22 ||r(i)||/||b|| 1.391675284556e-05
327 KSP unpreconditioned resid norm 6.613325051748e-22 true resid norm 6.613325051748e-22 ||r(i)||/||b|| 1.379763081758e-05
328 KSP unpreconditioned resid norm 6.567928233821e-22 true resid norm 6.567928233821e-22 ||r(i)||/||b|| 1.370291771500e-05
329 KSP unpreconditioned resid norm 6.507697797077e-22 true resid norm 6.507697797077e-22 ||r(i)||/||b|| 1.357725667102e-05
330 KSP unpreconditioned resid norm 6.463288869650e-22 true resid norm 6.463288869651e-22 ||r(i)||/||b|| 1.348460464184e-05
331 KSP unpreconditioned resid norm 6.425070348552e-22 true resid norm 6.425070348552e-22 ||r(i)||/||b|| 1.340486789212e-05
332 KSP unpreconditioned resid norm 6.377262596547e-22 true resid norm 6.377262596547e-22 ||r(i)||/||b|| 1.330512476635e-05
333 KSP unpreconditioned resid norm 6.346580206632e-22 true resid norm 6.346580206632e-22 ||r(i)||/||b|| 1.324111093286e-05
334 KSP unpreconditioned resid norm 6.306592693966e-22 true resid norm 6.306592693964e-22 ||r(i)||/||b|| 1.315768346895e-05
335 KSP unpreconditioned resid norm 6.263083192969e-22 true resid norm 6.263083192969e-22 ||r(i)||/||b|| 1.306690794724e-05
336 KSP unpreconditioned resid norm 6.226700110487e-22 true resid norm 6.226700110486e-22 ||r(i)||/||b|| 1.299100054269e-05
337 KSP unpreconditioned resid norm 6.181686324934e-22 true resid norm 6.181686324933e-22 ||r(i)||/||b|| 1.289708657508e-05
338 KSP unpreconditioned resid norm 6.142979632772e-22 true resid norm 6.142979632771e-22 ||r(i)||/||b|| 1.281633133555e-05
339 KSP unpreconditioned resid norm 6.106071642164e-22 true resid norm 6.106071642164e-22 ||r(i)||/||b|| 1.273932879528e-05
340 KSP unpreconditioned resid norm 6.062372454363e-22 true resid norm 6.062372454364e-22 ||r(i)||/||b|| 1.264815752280e-05
341 KSP unpreconditioned resid norm 6.010298379271e-22 true resid norm 6.010298379271e-22 ||r(i)||/||b|| 1.253951340540e-05
342 KSP unpreconditioned resid norm 5.950540571585e-22 true resid norm 5.950540571585e-22 ||r(i)||/||b|| 1.241483842535e-05
343 KSP unpreconditioned resid norm 5.886158561658e-22 true resid norm 5.886158561659e-22 ||r(i)||/||b|| 1.228051579682e-05
344 KSP unpreconditioned resid norm 5.810304228010e-22 true resid norm 5.810304228009e-22 ||r(i)||/||b|| 1.212225802430e-05
345 KSP unpreconditioned resid norm 5.751750428278e-22 true resid norm 5.751750428278e-22 ||r(i)||/||b|| 1.200009501170e-05
346 KSP unpreconditioned resid norm 5.687785500829e-22 true resid norm 5.687785500828e-22 ||r(i)||/||b|| 1.186664255816e-05
347 KSP unpreconditioned resid norm 5.612959318740e-22 true resid norm 5.612959318738e-22 ||r(i)||/||b|| 1.171052985723e-05
348 KSP unpreconditioned resid norm 5.553112733169e-22 true resid norm 5.553112733170e-22 ||r(i)||/||b|| 1.158566965651e-05
349 KSP unpreconditioned resid norm 5.484564096312e-22 true resid norm 5.484564096309e-22 ||r(i)||/||b|| 1.144265403622e-05
350 KSP unpreconditioned resid norm 5.435345790272e-22 true resid norm 5.435345790273e-22 ||r(i)||/||b|| 1.133996801809e-05
351 KSP unpreconditioned resid norm 5.384352065616e-22 true resid norm 5.384352065618e-22 ||r(i)||/||b|| 1.123357787678e-05
352 KSP unpreconditioned resid norm 5.331536645544e-22 true resid norm 5.331536645542e-22 ||r(i)||/||b|| 1.112338706324e-05
353 KSP unpreconditioned resid norm 5.279342130771e-22 true resid norm 5.279342130772e-22 ||r(i)||/||b|| 1.101449166798e-05
354 KSP unpreconditioned resid norm 5.233993324531e-22 true resid norm 5.233993324531e-22 ||r(i)||/||b|| 1.091987873399e-05
355 KSP unpreconditioned resid norm 5.196372047552e-22 true resid norm 5.196372047552e-22 ||r(i)||/||b|| 1.084138803732e-05
356 KSP unpreconditioned resid norm 5.149517846825e-22 true resid norm 5.149517846825e-22 ||r(i)||/||b|| 1.074363434174e-05
357 KSP unpreconditioned resid norm 5.098356428962e-22 true resid norm 5.098356428962e-22 ||r(i)||/||b|| 1.063689433573e-05
358 KSP unpreconditioned resid norm 5.039780022151e-22 true resid norm 5.039780022151e-22 ||r(i)||/||b|| 1.051468415711e-05
359 KSP unpreconditioned resid norm 4.988102213510e-22 true resid norm 4.988102213511e-22 ||r(i)||/||b|| 1.040686678544e-05
360 KSP unpreconditioned resid norm 4.930987212440e-22 true resid norm 4.930987212440e-22 ||r(i)||/||b|| 1.028770559304e-05
361 KSP unpreconditioned resid norm 4.865293944383e-22 true resid norm 4.865293944384e-22 ||r(i)||/||b|| 1.015064723696e-05
362 KSP unpreconditioned resid norm 4.792516337766e-22 true resid norm 4.792516337766e-22 ||r(i)||/||b|| 9.998808556708e-06
363 KSP unpreconditioned resid norm 4.703119581193e-22 true resid norm 4.703119581194e-22 ||r(i)||/||b|| 9.812296713752e-06
364 KSP unpreconditioned resid norm 4.618314032158e-22 true resid norm 4.618314032158e-22 ||r(i)||/||b|| 9.635363681167e-06
365 KSP unpreconditioned resid norm 4.533138594550e-22 true resid norm 4.533138594551e-22 ||r(i)||/||b|| 9.457658936030e-06
366 KSP unpreconditioned resid norm 4.454473465589e-22 true resid norm 4.454473465590e-22 ||r(i)||/||b|| 9.293536894679e-06
367 KSP unpreconditioned resid norm 4.381629363272e-22 true resid norm 4.381629363272e-22 ||r(i)||/||b|| 9.141559481931e-06
368 KSP unpreconditioned resid norm 4.310523503730e-22 true resid norm 4.310523503730e-22 ||r(i)||/||b|| 8.993208630997e-06
369 KSP unpreconditioned resid norm 4.251519973439e-22 true resid norm 4.251519973440e-22 ||r(i)||/||b|| 8.870107328474e-06
370 KSP unpreconditioned resid norm 4.189894008723e-22 true resid norm 4.189894008724e-22 ||r(i)||/||b|| 8.741534741571e-06
371 KSP unpreconditioned resid norm 4.134547336764e-22 true resid norm 4.134547336765e-22 ||r(i)||/||b|| 8.626062881245e-06
372 KSP unpreconditioned resid norm 4.073197859929e-22 true resid norm 4.073197859929e-22 ||r(i)||/||b|| 8.498067141492e-06
373 KSP unpreconditioned resid norm 4.011881434926e-22 true resid norm 4.011881434927e-22 ||r(i)||/||b|| 8.370140359030e-06
374 KSP unpreconditioned resid norm 3.953670193455e-22 true resid norm 3.953670193455e-22 ||r(i)||/||b|| 8.248692038712e-06
375 KSP unpreconditioned resid norm 3.885265173617e-22 true resid norm 3.885265173618e-22 ||r(i)||/||b|| 8.105976052064e-06
376 KSP unpreconditioned resid norm 3.827222176285e-22 true resid norm 3.827222176285e-22 ||r(i)||/||b|| 7.984878745871e-06
377 KSP unpreconditioned resid norm 3.762709550733e-22 true resid norm 3.762709550733e-22 ||r(i)||/||b|| 7.850283609011e-06
378 KSP unpreconditioned resid norm 3.701221374996e-22 true resid norm 3.701221374997e-22 ||r(i)||/||b|| 7.721998496482e-06
379 KSP unpreconditioned resid norm 3.631221796824e-22 true resid norm 3.631221796824e-22 ||r(i)||/||b|| 7.575955722316e-06
380 KSP unpreconditioned resid norm 3.560538259012e-22 true resid norm 3.560538259013e-22 ||r(i)||/||b|| 7.428485977224e-06
381 KSP unpreconditioned resid norm 3.498450665743e-22 true resid norm 3.498450665745e-22 ||r(i)||/||b|| 7.298950277170e-06
382 KSP unpreconditioned resid norm 3.445411574406e-22 true resid norm 3.445411574408e-22 ||r(i)||/||b|| 7.188292809792e-06
383 KSP unpreconditioned resid norm 3.393272994002e-22 true resid norm 3.393272994004e-22 ||r(i)||/||b|| 7.079514112519e-06
384 KSP unpreconditioned resid norm 3.347534745101e-22 true resid norm 3.347534745102e-22 ||r(i)||/||b|| 6.984088669546e-06
385 KSP unpreconditioned resid norm 3.291232815208e-22 true resid norm 3.291232815209e-22 ||r(i)||/||b|| 6.866623818371e-06
386 KSP unpreconditioned resid norm 3.235696302994e-22 true resid norm 3.235696302996e-22 ||r(i)||/||b|| 6.750755887123e-06
387 KSP unpreconditioned resid norm 3.172990785235e-22 true resid norm 3.172990785236e-22 ||r(i)||/||b|| 6.619930987771e-06
388 KSP unpreconditioned resid norm 3.153302648069e-22 true resid norm 3.241266823110e-22 ||r(i)||/||b|| 6.762377874458e-06
389 KSP unpreconditioned resid norm 3.108372942541e-22 true resid norm 3.257416140758e-22 ||r(i)||/||b|| 6.796070808212e-06
390 KSP unpreconditioned resid norm 3.033683717371e-22 true resid norm 3.375791359171e-22 ||r(i)||/||b|| 7.043041514904e-06
391 KSP unpreconditioned resid norm 3.019844067743e-22 true resid norm 3.407320824234e-22 ||r(i)||/||b|| 7.108822633390e-06
392 KSP unpreconditioned resid norm 3.001674665946e-22 true resid norm 3.471343446351e-22 ||r(i)||/||b|| 7.242395457504e-06
393 KSP unpreconditioned resid norm 2.979220969490e-22 true resid norm 3.562106731793e-22 ||r(i)||/||b|| 7.431758341456e-06
394 KSP unpreconditioned resid norm 2.893471890176e-22 true resid norm 3.780103705197e-22 ||r(i)||/||b|| 7.886573693015e-06
395 KSP unpreconditioned resid norm 2.877441989223e-22 true resid norm 3.851947474547e-22 ||r(i)||/||b|| 8.036464073160e-06
396 KSP unpreconditioned resid norm 2.775623713170e-22 true resid norm 4.136009845704e-22 ||r(i)||/||b|| 8.629114169099e-06
397 KSP unpreconditioned resid norm 2.774693847476e-22 true resid norm 4.158797941778e-22 ||r(i)||/||b|| 8.676657838012e-06
398 KSP unpreconditioned resid norm 2.724891505943e-22 true resid norm 4.399291153305e-22 ||r(i)||/||b|| 9.178407944171e-06
399 KSP unpreconditioned resid norm 2.716587570633e-22 true resid norm 4.498173613744e-22 ||r(i)||/||b|| 9.384710170780e-06
  Linear solve did not converge due to DIVERGED_BREAKDOWN iterations 400
Mat Object: 1 MPI process
  type: seqaijcusparse
  rows=281452, cols=281452, bs=4
  total: nonzeros=15993520, allocated nonzeros=15993520
  total number of mallocs used during MatSetValues calls=0
    not using I-node routines
Vec Object: 1 MPI process
  type: seqcuda
  length=281452, bs=4
Vec Object: 1 MPI process
  type: seqcuda
  length=281452, bs=4
KSP Object: 1 MPI process
  type: gmres
    restart=100, using classical (unmodified) Gram-Schmidt orthogonalization with no iterative refinement
    happy breakdown tolerance=1e-30
  maximum iterations=2000, initial guess is zero
  tolerances: relative=1e-10, absolute=1e-24, divergence=10000.
  right preconditioning
  diagonally scaled system
  using UNPRECONDITIONED norm type for convergence test
PC Object: 1 MPI process
  type: hypre
    HYPRE BoomerAMG preconditioning
      Cycle type V
      Maximum number of levels 25
      Maximum number of iterations PER hypre call 1
      Convergence tolerance PER hypre call 0.
      Threshold for strong coupling 0.25
      Interpolation truncation factor 0.
      Interpolation: max elements per row 0
      Number of levels of aggressive coarsening 0
      Number of paths for aggressive coarsening 1
      Maximum row sums 0.9
      Sweeps down         1
      Sweeps up           1
      Sweeps on coarse    1
      Relax down          l1scaled-Jacobi
      Relax up            l1scaled-Jacobi
      Relax on coarse     l1scaled-Jacobi
      Relax weight  (all)      1.
      Outer relax weight (all) 1.
      Maximum size of coarsest grid 9
      Minimum size of coarsest grid 1
      Not using CF-relaxation
      Not using more complex smoothers.
      Measure type        local
      Coarsen type        PMIS
      Interpolation type  ext+i
      SpGEMM type         cusparse
  linear system matrix, which is also used to construct the preconditioner:
  Mat Object: 1 MPI process
    type: seqaijcusparse
    rows=281452, cols=281452, bs=4
    total: nonzeros=15993520, allocated nonzeros=15993520
    total number of mallocs used during MatSetValues calls=0
      not using I-node routines
 NS     61-1    2.279e+03 [   0  1.000e+00  4.754e-14  5.668e-06] !  400 -121    0!  WARNING: The linear system solution has not converged
