-----------------------------------------------------------------------------------
 Eq      N-i            T    dB      Ri/R1      Ri/R0       R/Ri    lsIt   dB   %t
-----------------------------------------------------------------------------------
 <PETSC_INITIALIZE>: use linear solver config. from svFSI input.
Mat Object: 1 MPI process
  type: preallocator
  rows=281452, cols=281452, bs=4
Mat Object: 1 MPI process
  type: seqaijcusparse
  rows=281452, cols=281452, bs=4
  total: nonzeros=15993520, allocated nonzeros=15993520
  total number of mallocs used during MatSetValues calls=0
    not using I-node routines
Vec Object: 1 MPI process
  type: seqcuda
  length=281452, bs=4
Mat Object: 1 MPI process
  type: seqaijcusparse
  rows=281452, cols=281452, bs=4
  total: nonzeros=15993520, allocated nonzeros=15993520
  total number of mallocs used during MatSetValues calls=0
    not using I-node routines
Mat Object: 1 MPI process
  type: seqaijcusparse
  rows=281452, cols=281452, bs=4
  total: nonzeros=15993520, allocated nonzeros=15993520
  total number of mallocs used during MatSetValues calls=0
    not using I-node routines
Mat Object: 1 MPI process
  type: seqaijcusparse
  rows=70363, cols=70363
  total: nonzeros=999595, allocated nonzeros=999595
  total number of mallocs used during MatSetValues calls=0
    not using I-node routines
Mat Object: 1 MPI process
  type: seqaij
  rows=70363, cols=70363
  total: nonzeros=999595, allocated nonzeros=0
  total number of mallocs used during MatSetValues calls=0
    not using I-node routines
Mat Object: 1 MPI process
  type: seqaijcusparse
  rows=281452, cols=11992, bs=4
  total: nonzeros=1125808, allocated nonzeros=1125808
  total number of mallocs used during MatSetValues calls=0
    not using I-node routines
Mat Object: 1 MPI process
  type: seqaijcusparse
  rows=2998, cols=2998
  total: nonzeros=85270, allocated nonzeros=85270
  total number of mallocs used during MatSetValues calls=0
    not using I-node routines
Mat Object: 1 MPI process
  type: seqaij
  rows=2998, cols=2998
  total: nonzeros=85270, allocated nonzeros=0
  total number of mallocs used during MatSetValues calls=0
    not using I-node routines
Mat Object: 1 MPI process
  type: seqaijcusparse
  rows=2998, cols=273
  total: nonzeros=2998, allocated nonzeros=2998
  total number of mallocs used during MatSetValues calls=0
    not using I-node routines
Mat Object: 1 MPI process
  type: seqaij
  rows=273, cols=2998
  total: nonzeros=2998, allocated nonzeros=0
  total number of mallocs used during MatSetValues calls=0
    not using I-node routines
Mat Object: 1 MPI process
  type: seqaij
  rows=2998, cols=2998
  total: nonzeros=0, allocated nonzeros=0
  total number of mallocs used during MatSetValues calls=0
    not using I-node routines
Mat Object: 1 MPI process
  type: seqaijcusparse
  rows=11992, cols=1092, bs=4
  total: nonzeros=47968, allocated nonzeros=47968
  total number of mallocs used during MatSetValues calls=0
    not using I-node routines
Mat Object: 1 MPI process
  type: seqaijcusparse
  rows=273, cols=273
  total: nonzeros=5143, allocated nonzeros=5143
  total number of mallocs used during MatSetValues calls=0
    not using I-node routines
Mat Object: 1 MPI process
  type: seqaij
  rows=273, cols=273
  total: nonzeros=5143, allocated nonzeros=0
  total number of mallocs used during MatSetValues calls=0
    not using I-node routines
Mat Object: 1 MPI process
  type: seqaijcusparse
  rows=273, cols=25
  total: nonzeros=273, allocated nonzeros=273
  total number of mallocs used during MatSetValues calls=0
    not using I-node routines
Mat Object: 1 MPI process
  type: seqaij
  rows=25, cols=273
  total: nonzeros=273, allocated nonzeros=0
  total number of mallocs used during MatSetValues calls=0
    not using I-node routines
Mat Object: 1 MPI process
  type: seqaij
  rows=273, cols=273
  total: nonzeros=0, allocated nonzeros=0
  total number of mallocs used during MatSetValues calls=0
    not using I-node routines
Mat Object: 1 MPI process
  type: seqaijcusparse
  rows=1092, cols=100, bs=4
  total: nonzeros=4368, allocated nonzeros=4368
  total number of mallocs used during MatSetValues calls=0
    not using I-node routines
Mat Object: 1 MPI process
  type: seqaijcusparse
  rows=25, cols=25
  total: nonzeros=161, allocated nonzeros=161
  total number of mallocs used during MatSetValues calls=0
    not using I-node routines
Mat Object: 1 MPI process
  type: seqaij
  rows=25, cols=25
  total: nonzeros=161, allocated nonzeros=0
  total number of mallocs used during MatSetValues calls=0
    not using I-node routines
Mat Object: 1 MPI process
  type: seqaijcusparse
  rows=25, cols=6
  total: nonzeros=25, allocated nonzeros=25
  total number of mallocs used during MatSetValues calls=0
    not using I-node routines
Mat Object: 1 MPI process
  type: seqaij
  rows=6, cols=25
  total: nonzeros=25, allocated nonzeros=0
  total number of mallocs used during MatSetValues calls=0
    not using I-node routines
Mat Object: 1 MPI process
  type: seqaij
  rows=25, cols=25
  total: nonzeros=0, allocated nonzeros=0
  total number of mallocs used during MatSetValues calls=0
    not using I-node routines
Mat Object: 1 MPI process
  type: seqaijcusparse
  rows=100, cols=24, bs=4
  total: nonzeros=400, allocated nonzeros=400
  total number of mallocs used during MatSetValues calls=0
    not using I-node routines
  0 KSP unpreconditioned resid norm 4.793087406949e-17 true resid norm 4.793087406949e-17 ||r(i)||/||b|| 1.000000000000e+00
  1 KSP unpreconditioned resid norm 1.161521118233e-17 true resid norm 1.161521118233e-17 ||r(i)||/||b|| 2.423325551186e-01
  2 KSP unpreconditioned resid norm 1.142553065661e-17 true resid norm 1.142553065661e-17 ||r(i)||/||b|| 2.383751783880e-01
  3 KSP unpreconditioned resid norm 1.069454244042e-17 true resid norm 1.069454244042e-17 ||r(i)||/||b|| 2.231242940596e-01
  4 KSP unpreconditioned resid norm 1.052117382550e-17 true resid norm 1.052117382550e-17 ||r(i)||/||b|| 2.195072389092e-01
  5 KSP unpreconditioned resid norm 1.005524529897e-17 true resid norm 1.005524529897e-17 ||r(i)||/||b|| 2.097863953907e-01
  6 KSP unpreconditioned resid norm 9.976516139334e-18 true resid norm 9.976516139334e-18 ||r(i)||/||b|| 2.081438390810e-01
  7 KSP unpreconditioned resid norm 9.469277619107e-18 true resid norm 9.469277619107e-18 ||r(i)||/||b|| 1.975611295003e-01
  8 KSP unpreconditioned resid norm 9.233519446996e-18 true resid norm 9.233519446996e-18 ||r(i)||/||b|| 1.926424173615e-01
  9 KSP unpreconditioned resid norm 9.212514229200e-18 true resid norm 9.212514229200e-18 ||r(i)||/||b|| 1.922041775379e-01
 10 KSP unpreconditioned resid norm 9.201790133307e-18 true resid norm 9.201790133307e-18 ||r(i)||/||b|| 1.919804366590e-01
 11 KSP unpreconditioned resid norm 9.201752531860e-18 true resid norm 9.201752531860e-18 ||r(i)||/||b|| 1.919796521657e-01
 12 KSP unpreconditioned resid norm 9.128541266493e-18 true resid norm 9.128541266493e-18 ||r(i)||/||b|| 1.904522177763e-01
 13 KSP unpreconditioned resid norm 9.128239872866e-18 true resid norm 9.128239872866e-18 ||r(i)||/||b|| 1.904459296868e-01
 14 KSP unpreconditioned resid norm 9.127507362802e-18 true resid norm 9.127507362802e-18 ||r(i)||/||b|| 1.904306470516e-01
 15 KSP unpreconditioned resid norm 9.060904256227e-18 true resid norm 9.060904256227e-18 ||r(i)||/||b|| 1.890410811848e-01
 16 KSP unpreconditioned resid norm 8.980764190538e-18 true resid norm 8.980764190538e-18 ||r(i)||/||b|| 1.873690886070e-01
 17 KSP unpreconditioned resid norm 8.932880988882e-18 true resid norm 8.932880988882e-18 ||r(i)||/||b|| 1.863700832146e-01
 18 KSP unpreconditioned resid norm 8.913208984651e-18 true resid norm 8.913208984651e-18 ||r(i)||/||b|| 1.859596587312e-01
 19 KSP unpreconditioned resid norm 8.499125089030e-18 true resid norm 8.499125089030e-18 ||r(i)||/||b|| 1.773204694057e-01
 20 KSP unpreconditioned resid norm 7.982757673954e-18 true resid norm 7.982757673954e-18 ||r(i)||/||b|| 1.665473002303e-01
 21 KSP unpreconditioned resid norm 7.981518764856e-18 true resid norm 7.981518764856e-18 ||r(i)||/||b|| 1.665214524000e-01
 22 KSP unpreconditioned resid norm 7.836584094529e-18 true resid norm 7.836584094529e-18 ||r(i)||/||b|| 1.634976254171e-01
 23 KSP unpreconditioned resid norm 7.828503474764e-18 true resid norm 7.828503474764e-18 ||r(i)||/||b|| 1.633290363830e-01
 24 KSP unpreconditioned resid norm 7.711487926479e-18 true resid norm 7.711487926479e-18 ||r(i)||/||b|| 1.608876966295e-01
 25 KSP unpreconditioned resid norm 7.654536643146e-18 true resid norm 7.654536643146e-18 ||r(i)||/||b|| 1.596995004107e-01
 26 KSP unpreconditioned resid norm 7.535094392100e-18 true resid norm 7.535094392100e-18 ||r(i)||/||b|| 1.572075314373e-01
 27 KSP unpreconditioned resid norm 7.441586295821e-18 true resid norm 7.441586295821e-18 ||r(i)||/||b|| 1.552566365686e-01
 28 KSP unpreconditioned resid norm 7.418783923987e-18 true resid norm 7.418783923987e-18 ||r(i)||/||b|| 1.547809020389e-01
 29 KSP unpreconditioned resid norm 7.365168610723e-18 true resid norm 7.365168610723e-18 ||r(i)||/||b|| 1.536623054285e-01
 30 KSP unpreconditioned resid norm 7.364958971259e-18 true resid norm 7.364958971259e-18 ||r(i)||/||b|| 1.536579316409e-01
 31 KSP unpreconditioned resid norm 7.353471570295e-18 true resid norm 7.353471570295e-18 ||r(i)||/||b|| 1.534182656388e-01
 32 KSP unpreconditioned resid norm 7.338040798856e-18 true resid norm 7.338040798856e-18 ||r(i)||/||b|| 1.530963276033e-01
 33 KSP unpreconditioned resid norm 7.337953412839e-18 true resid norm 7.337953412839e-18 ||r(i)||/||b|| 1.530945044357e-01
 34 KSP unpreconditioned resid norm 7.277811220375e-18 true resid norm 7.277811220375e-18 ||r(i)||/||b|| 1.518397350698e-01
 35 KSP unpreconditioned resid norm 7.259904861637e-18 true resid norm 7.259904861637e-18 ||r(i)||/||b|| 1.514661479177e-01
 36 KSP unpreconditioned resid norm 7.255950890672e-18 true resid norm 7.255950890672e-18 ||r(i)||/||b|| 1.513836547223e-01
 37 KSP unpreconditioned resid norm 7.200466273234e-18 true resid norm 7.200466273234e-18 ||r(i)||/||b|| 1.502260581101e-01
 38 KSP unpreconditioned resid norm 6.993993576319e-18 true resid norm 6.993993576319e-18 ||r(i)||/||b|| 1.459183399447e-01
 39 KSP unpreconditioned resid norm 6.921135046618e-18 true resid norm 6.921135046618e-18 ||r(i)||/||b|| 1.443982648133e-01
 40 KSP unpreconditioned resid norm 6.879980419508e-18 true resid norm 6.879980419508e-18 ||r(i)||/||b|| 1.435396402230e-01
 41 KSP unpreconditioned resid norm 6.879955796356e-18 true resid norm 6.879955796356e-18 ||r(i)||/||b|| 1.435391265008e-01
 42 KSP unpreconditioned resid norm 6.748610219868e-18 true resid norm 6.748610219868e-18 ||r(i)||/||b|| 1.407988139353e-01
 43 KSP unpreconditioned resid norm 6.608804086855e-18 true resid norm 6.608804086855e-18 ||r(i)||/||b|| 1.378819855710e-01
 44 KSP unpreconditioned resid norm 6.597802392263e-18 true resid norm 6.597802392263e-18 ||r(i)||/||b|| 1.376524530451e-01
 45 KSP unpreconditioned resid norm 6.553333093262e-18 true resid norm 6.553333093262e-18 ||r(i)||/||b|| 1.367246731983e-01
 46 KSP unpreconditioned resid norm 6.518370118488e-18 true resid norm 6.518370118488e-18 ||r(i)||/||b|| 1.359952273985e-01
 47 KSP unpreconditioned resid norm 6.514888552544e-18 true resid norm 6.514888552544e-18 ||r(i)||/||b|| 1.359225901680e-01
 48 KSP unpreconditioned resid norm 6.514888243529e-18 true resid norm 6.514888243529e-18 ||r(i)||/||b|| 1.359225837209e-01
 49 KSP unpreconditioned resid norm 6.514502662497e-18 true resid norm 6.514502662497e-18 ||r(i)||/||b|| 1.359145391977e-01
 50 KSP unpreconditioned resid norm 6.513390115600e-18 true resid norm 6.513390115600e-18 ||r(i)||/||b|| 1.358913277099e-01
 51 KSP unpreconditioned resid norm 6.512199232556e-18 true resid norm 6.512199232556e-18 ||r(i)||/||b|| 1.358664818654e-01
 52 KSP unpreconditioned resid norm 6.508136054390e-18 true resid norm 6.508136054390e-18 ||r(i)||/||b|| 1.357817102387e-01
 53 KSP unpreconditioned resid norm 6.506422270973e-18 true resid norm 6.506422270973e-18 ||r(i)||/||b|| 1.357459549254e-01
 54 KSP unpreconditioned resid norm 6.505100872638e-18 true resid norm 6.505100872638e-18 ||r(i)||/||b|| 1.357183860909e-01
 55 KSP unpreconditioned resid norm 6.495879969100e-18 true resid norm 6.495879969100e-18 ||r(i)||/||b|| 1.355260068840e-01
 56 KSP unpreconditioned resid norm 6.479663777297e-18 true resid norm 6.479663777297e-18 ||r(i)||/||b|| 1.351876823256e-01
 57 KSP unpreconditioned resid norm 6.462378073607e-18 true resid norm 6.462378073607e-18 ||r(i)||/||b|| 1.348270441352e-01
 58 KSP unpreconditioned resid norm 6.449566440013e-18 true resid norm 6.449566440013e-18 ||r(i)||/||b|| 1.345597501657e-01
 59 KSP unpreconditioned resid norm 6.448548069052e-18 true resid norm 6.448548069052e-18 ||r(i)||/||b|| 1.345385035062e-01
 60 KSP unpreconditioned resid norm 6.445023597760e-18 true resid norm 6.445023597760e-18 ||r(i)||/||b|| 1.344649711252e-01
 61 KSP unpreconditioned resid norm 6.402147529812e-18 true resid norm 6.402147529812e-18 ||r(i)||/||b|| 1.335704314620e-01
 62 KSP unpreconditioned resid norm 6.303226760474e-18 true resid norm 6.303226760474e-18 ||r(i)||/||b|| 1.315066099428e-01
 63 KSP unpreconditioned resid norm 6.281683970458e-18 true resid norm 6.281683970458e-18 ||r(i)||/||b|| 1.310571545462e-01
 64 KSP unpreconditioned resid norm 6.275369896431e-18 true resid norm 6.275369896431e-18 ||r(i)||/||b|| 1.309254216256e-01
 65 KSP unpreconditioned resid norm 6.266600481056e-18 true resid norm 6.266600481056e-18 ||r(i)||/||b|| 1.307424619874e-01
 66 KSP unpreconditioned resid norm 6.208680849066e-18 true resid norm 6.208680849066e-18 ||r(i)||/||b|| 1.295340627434e-01
 67 KSP unpreconditioned resid norm 6.130873823044e-18 true resid norm 6.130873823044e-18 ||r(i)||/||b|| 1.279107452569e-01
 68 KSP unpreconditioned resid norm 6.113398261971e-18 true resid norm 6.113398261971e-18 ||r(i)||/||b|| 1.275461459999e-01
 69 KSP unpreconditioned resid norm 6.112285549593e-18 true resid norm 6.112285549593e-18 ||r(i)||/||b|| 1.275229310597e-01
 70 KSP unpreconditioned resid norm 6.096903788185e-18 true resid norm 6.096903788185e-18 ||r(i)||/||b|| 1.272020155390e-01
 71 KSP unpreconditioned resid norm 6.055812407804e-18 true resid norm 6.055812407804e-18 ||r(i)||/||b|| 1.263447104892e-01
 72 KSP unpreconditioned resid norm 6.045391003178e-18 true resid norm 6.045391003178e-18 ||r(i)||/||b|| 1.261272847729e-01
 73 KSP unpreconditioned resid norm 6.030895567577e-18 true resid norm 6.030895567577e-18 ||r(i)||/||b|| 1.258248610036e-01
 74 KSP unpreconditioned resid norm 5.982505190397e-18 true resid norm 5.982505190397e-18 ||r(i)||/||b|| 1.248152742160e-01
 75 KSP unpreconditioned resid norm 5.960160905927e-18 true resid norm 5.960160905927e-18 ||r(i)||/||b|| 1.243490969367e-01
 76 KSP unpreconditioned resid norm 5.959651834309e-18 true resid norm 5.959651834309e-18 ||r(i)||/||b|| 1.243384759825e-01
 77 KSP unpreconditioned resid norm 5.920472113336e-18 true resid norm 5.920472113336e-18 ||r(i)||/||b|| 1.235210546078e-01
 78 KSP unpreconditioned resid norm 5.894511833170e-18 true resid norm 5.894511833170e-18 ||r(i)||/||b|| 1.229794354391e-01
 79 KSP unpreconditioned resid norm 5.890225718984e-18 true resid norm 5.890225718984e-18 ||r(i)||/||b|| 1.228900126137e-01
 80 KSP unpreconditioned resid norm 5.861251155073e-18 true resid norm 5.861251155073e-18 ||r(i)||/||b|| 1.222855053003e-01
 81 KSP unpreconditioned resid norm 5.861090674662e-18 true resid norm 5.861090674662e-18 ||r(i)||/||b|| 1.222821571366e-01
 82 KSP unpreconditioned resid norm 5.849428248057e-18 true resid norm 5.849428248057e-18 ||r(i)||/||b|| 1.220388395082e-01
 83 KSP unpreconditioned resid norm 5.847272684690e-18 true resid norm 5.847272684690e-18 ||r(i)||/||b|| 1.219938671724e-01
 84 KSP unpreconditioned resid norm 5.846419269031e-18 true resid norm 5.846419269031e-18 ||r(i)||/||b|| 1.219760620379e-01
 85 KSP unpreconditioned resid norm 5.842008163033e-18 true resid norm 5.842008163033e-18 ||r(i)||/||b|| 1.218840314609e-01
 86 KSP unpreconditioned resid norm 5.841724121140e-18 true resid norm 5.841724121140e-18 ||r(i)||/||b|| 1.218781053871e-01
 87 KSP unpreconditioned resid norm 5.825401763883e-18 true resid norm 5.825401763882e-18 ||r(i)||/||b|| 1.215375658586e-01
 88 KSP unpreconditioned resid norm 5.779684459902e-18 true resid norm 5.779684459902e-18 ||r(i)||/||b|| 1.205837484107e-01
 89 KSP unpreconditioned resid norm 5.752751116386e-18 true resid norm 5.752751116386e-18 ||r(i)||/||b|| 1.200218278524e-01
 90 KSP unpreconditioned resid norm 5.752189092505e-18 true resid norm 5.752189092505e-18 ||r(i)||/||b|| 1.200101021351e-01
 91 KSP unpreconditioned resid norm 5.752177016956e-18 true resid norm 5.752177016956e-18 ||r(i)||/||b|| 1.200098501984e-01
 92 KSP unpreconditioned resid norm 5.752176446200e-18 true resid norm 5.752176446200e-18 ||r(i)||/||b|| 1.200098382905e-01
 93 KSP unpreconditioned resid norm 5.733294355609e-18 true resid norm 5.746792232852e-18 ||r(i)||/||b|| 1.198975054058e-01
 94 KSP unpreconditioned resid norm 5.731995121125e-18 true resid norm 5.742894523597e-18 ||r(i)||/||b|| 1.198161860197e-01
 95 KSP unpreconditioned resid norm 5.731630216172e-18 true resid norm 5.744906220421e-18 ||r(i)||/||b|| 1.198581568133e-01
 96 KSP unpreconditioned resid norm 5.717380992769e-18 true resid norm 5.749482175541e-18 ||r(i)||/||b|| 1.199536267001e-01
 97 KSP unpreconditioned resid norm 5.717143776427e-18 true resid norm 5.748343515796e-18 ||r(i)||/||b|| 1.199298704101e-01
 98 KSP unpreconditioned resid norm 5.715333158265e-18 true resid norm 5.745924541161e-18 ||r(i)||/||b|| 1.198794024250e-01
 99 KSP unpreconditioned resid norm 5.684705203941e-18 true resid norm 5.732895896188e-18 ||r(i)||/||b|| 1.196075808648e-01
100 KSP unpreconditioned resid norm 5.705634265963e-18 true resid norm 5.705634265963e-18 ||r(i)||/||b|| 1.190388111364e-01
101 KSP unpreconditioned resid norm 5.705166910957e-18 true resid norm 5.705166910957e-18 ||r(i)||/||b|| 1.190290605317e-01
102 KSP unpreconditioned resid norm 5.704858920572e-18 true resid norm 5.704858920572e-18 ||r(i)||/||b|| 1.190226348116e-01
103 KSP unpreconditioned resid norm 5.704841792244e-18 true resid norm 5.704841792244e-18 ||r(i)||/||b|| 1.190222774568e-01
104 KSP unpreconditioned resid norm 5.704819248819e-18 true resid norm 5.704819248819e-18 ||r(i)||/||b|| 1.190218071247e-01
105 KSP unpreconditioned resid norm 5.704806621709e-18 true resid norm 5.704806621709e-18 ||r(i)||/||b|| 1.190215436805e-01
106 KSP unpreconditioned resid norm 5.704794567893e-18 true resid norm 5.704794567893e-18 ||r(i)||/||b|| 1.190212921972e-01
107 KSP unpreconditioned resid norm 5.704761101442e-18 true resid norm 5.704761101442e-18 ||r(i)||/||b|| 1.190205939740e-01
108 KSP unpreconditioned resid norm 5.704760145814e-18 true resid norm 5.704760145814e-18 ||r(i)||/||b|| 1.190205740363e-01
109 KSP unpreconditioned resid norm 5.704733785103e-18 true resid norm 5.704733785103e-18 ||r(i)||/||b|| 1.190200240628e-01
110 KSP unpreconditioned resid norm 5.704732349348e-18 true resid norm 5.704732349348e-18 ||r(i)||/||b|| 1.190199941081e-01
111 KSP unpreconditioned resid norm 5.704549782948e-18 true resid norm 5.704549782948e-18 ||r(i)||/||b|| 1.190161851561e-01
112 KSP unpreconditioned resid norm 5.704547699990e-18 true resid norm 5.704547699990e-18 ||r(i)||/||b|| 1.190161416985e-01
113 KSP unpreconditioned resid norm 5.704443236242e-18 true resid norm 5.704443236242e-18 ||r(i)||/||b|| 1.190139622318e-01
114 KSP unpreconditioned resid norm 5.704376130358e-18 true resid norm 5.704376130358e-18 ||r(i)||/||b|| 1.190125621763e-01
115 KSP unpreconditioned resid norm 5.704206807429e-18 true resid norm 5.704206807429e-18 ||r(i)||/||b|| 1.190090295278e-01
116 KSP unpreconditioned resid norm 5.704114071697e-18 true resid norm 5.704114071697e-18 ||r(i)||/||b|| 1.190070947470e-01
117 KSP unpreconditioned resid norm 5.704069919433e-18 true resid norm 5.704069919433e-18 ||r(i)||/||b|| 1.190061735816e-01
118 KSP unpreconditioned resid norm 5.703971761245e-18 true resid norm 5.703971761245e-18 ||r(i)||/||b|| 1.190041256701e-01
119 KSP unpreconditioned resid norm 5.703971740397e-18 true resid norm 5.703971740397e-18 ||r(i)||/||b|| 1.190041252352e-01
120 KSP unpreconditioned resid norm 5.703915113639e-18 true resid norm 5.703915113639e-18 ||r(i)||/||b|| 1.190029438096e-01
121 KSP unpreconditioned resid norm 5.703720052878e-18 true resid norm 5.703720052878e-18 ||r(i)||/||b|| 1.189988741830e-01
122 KSP unpreconditioned resid norm 5.703712673497e-18 true resid norm 5.703712673497e-18 ||r(i)||/||b|| 1.189987202242e-01
123 KSP unpreconditioned resid norm 5.703530109634e-18 true resid norm 5.703530109634e-18 ||r(i)||/||b|| 1.189949113251e-01
124 KSP unpreconditioned resid norm 5.703359502029e-18 true resid norm 5.703359502029e-18 ||r(i)||/||b|| 1.189913518739e-01
125 KSP unpreconditioned resid norm 5.703313585103e-18 true resid norm 5.703313585103e-18 ||r(i)||/||b|| 1.189903938917e-01
126 KSP unpreconditioned resid norm 5.703311339526e-18 true resid norm 5.703311339526e-18 ||r(i)||/||b|| 1.189903470414e-01
127 KSP unpreconditioned resid norm 5.703244616622e-18 true resid norm 5.703244616622e-18 ||r(i)||/||b|| 1.189889549761e-01
128 KSP unpreconditioned resid norm 5.703228881095e-18 true resid norm 5.703228881095e-18 ||r(i)||/||b|| 1.189886266799e-01
129 KSP unpreconditioned resid norm 5.703164451089e-18 true resid norm 5.703164451089e-18 ||r(i)||/||b|| 1.189872824522e-01
130 KSP unpreconditioned resid norm 5.703044931719e-18 true resid norm 5.703044931719e-18 ||r(i)||/||b|| 1.189847888743e-01
131 KSP unpreconditioned resid norm 5.703014581245e-18 true resid norm 5.703014581245e-18 ||r(i)||/||b|| 1.189841556608e-01
132 KSP unpreconditioned resid norm 5.702991081202e-18 true resid norm 5.702991081202e-18 ||r(i)||/||b|| 1.189836653705e-01
133 KSP unpreconditioned resid norm 5.702984449460e-18 true resid norm 5.702984449460e-18 ||r(i)||/||b|| 1.189835270100e-01
134 KSP unpreconditioned resid norm 5.702936120125e-18 true resid norm 5.702936120125e-18 ||r(i)||/||b|| 1.189825186967e-01
135 KSP unpreconditioned resid norm 5.702928963422e-18 true resid norm 5.702928963422e-18 ||r(i)||/||b|| 1.189823693837e-01
136 KSP unpreconditioned resid norm 5.702875329305e-18 true resid norm 5.702875329305e-18 ||r(i)||/||b|| 1.189812503948e-01
137 KSP unpreconditioned resid norm 5.702816445316e-18 true resid norm 5.702816445316e-18 ||r(i)||/||b|| 1.189800218758e-01
138 KSP unpreconditioned resid norm 5.702772664182e-18 true resid norm 5.702772664182e-18 ||r(i)||/||b|| 1.189791084534e-01
139 KSP unpreconditioned resid norm 5.702715543390e-18 true resid norm 5.702715543390e-18 ||r(i)||/||b|| 1.189779167207e-01
140 KSP unpreconditioned resid norm 5.702710024221e-18 true resid norm 5.702710024221e-18 ||r(i)||/||b|| 1.189778015722e-01
141 KSP unpreconditioned resid norm 5.702231983198e-18 true resid norm 5.702231983198e-18 ||r(i)||/||b|| 1.189678280211e-01
142 KSP unpreconditioned resid norm 5.702227750671e-18 true resid norm 5.702227750671e-18 ||r(i)||/||b|| 1.189677397162e-01
143 KSP unpreconditioned resid norm 5.702098211143e-18 true resid norm 5.702098211143e-18 ||r(i)||/||b|| 1.189650370839e-01
144 KSP unpreconditioned resid norm 5.702097944156e-18 true resid norm 5.702097944156e-18 ||r(i)||/||b|| 1.189650315137e-01
145 KSP unpreconditioned resid norm 5.701702201828e-18 true resid norm 5.701702201828e-18 ||r(i)||/||b|| 1.189567749914e-01
146 KSP unpreconditioned resid norm 5.701688996371e-18 true resid norm 5.701688996371e-18 ||r(i)||/||b|| 1.189564994810e-01
147 KSP unpreconditioned resid norm 5.701688194368e-18 true resid norm 5.701688194368e-18 ||r(i)||/||b|| 1.189564827485e-01
148 KSP unpreconditioned resid norm 5.701479036338e-18 true resid norm 5.701479036338e-18 ||r(i)||/||b|| 1.189521190052e-01
149 KSP unpreconditioned resid norm 5.701473788849e-18 true resid norm 5.701473788849e-18 ||r(i)||/||b|| 1.189520095249e-01
150 KSP unpreconditioned resid norm 5.701461321178e-18 true resid norm 5.701461321178e-18 ||r(i)||/||b|| 1.189517494071e-01
151 KSP unpreconditioned resid norm 5.700581058059e-18 true resid norm 5.700581058059e-18 ||r(i)||/||b|| 1.189333841439e-01
152 KSP unpreconditioned resid norm 5.700392488091e-18 true resid norm 5.700392488091e-18 ||r(i)||/||b|| 1.189294499371e-01
153 KSP unpreconditioned resid norm 5.700323950108e-18 true resid norm 5.700323950108e-18 ||r(i)||/||b|| 1.189280200032e-01
154 KSP unpreconditioned resid norm 5.700315735994e-18 true resid norm 5.700315735994e-18 ||r(i)||/||b|| 1.189278486290e-01
155 KSP unpreconditioned resid norm 5.700144771485e-18 true resid norm 5.700144771485e-18 ||r(i)||/||b|| 1.189242817317e-01
156 KSP unpreconditioned resid norm 5.699948173437e-18 true resid norm 5.699948173437e-18 ||r(i)||/||b|| 1.189201800320e-01
157 KSP unpreconditioned resid norm 5.699261808846e-18 true resid norm 5.699261808846e-18 ||r(i)||/||b|| 1.189058601473e-01
158 KSP unpreconditioned resid norm 5.699260000761e-18 true resid norm 5.699260000761e-18 ||r(i)||/||b|| 1.189058224246e-01
159 KSP unpreconditioned resid norm 5.698861118590e-18 true resid norm 5.698861118590e-18 ||r(i)||/||b|| 1.188975003946e-01
160 KSP unpreconditioned resid norm 5.697565014153e-18 true resid norm 5.697565014153e-18 ||r(i)||/||b|| 1.188704592763e-01
161 KSP unpreconditioned resid norm 5.697559718018e-18 true resid norm 5.697559718018e-18 ||r(i)||/||b|| 1.188703487810e-01
162 KSP unpreconditioned resid norm 5.697430839642e-18 true resid norm 5.697430839642e-18 ||r(i)||/||b|| 1.188676599426e-01
163 KSP unpreconditioned resid norm 5.697416652545e-18 true resid norm 5.697416652545e-18 ||r(i)||/||b|| 1.188673639518e-01
164 KSP unpreconditioned resid norm 5.697349999115e-18 true resid norm 5.697349999115e-18 ||r(i)||/||b|| 1.188659733360e-01
165 KSP unpreconditioned resid norm 5.697339558335e-18 true resid norm 5.697339558335e-18 ||r(i)||/||b|| 1.188657555060e-01
166 KSP unpreconditioned resid norm 5.697339124777e-18 true resid norm 5.697339124777e-18 ||r(i)||/||b|| 1.188657464606e-01
167 KSP unpreconditioned resid norm 5.697101906077e-18 true resid norm 5.697101906077e-18 ||r(i)||/||b|| 1.188607972769e-01
168 KSP unpreconditioned resid norm 5.696109985062e-18 true resid norm 5.696109985062e-18 ||r(i)||/||b|| 1.188401024526e-01
169 KSP unpreconditioned resid norm 5.694884144816e-18 true resid norm 5.694884144816e-18 ||r(i)||/||b|| 1.188145272828e-01
170 KSP unpreconditioned resid norm 5.694881205008e-18 true resid norm 5.694881205008e-18 ||r(i)||/||b|| 1.188144659484e-01
171 KSP unpreconditioned resid norm 5.694121111222e-18 true resid norm 5.694121111222e-18 ||r(i)||/||b|| 1.187986078235e-01
172 KSP unpreconditioned resid norm 5.694119787669e-18 true resid norm 5.694119787669e-18 ||r(i)||/||b|| 1.187985802098e-01
173 KSP unpreconditioned resid norm 5.692224821865e-18 true resid norm 5.692224821865e-18 ||r(i)||/||b|| 1.187590448197e-01
174 KSP unpreconditioned resid norm 5.691523001986e-18 true resid norm 5.691523001986e-18 ||r(i)||/||b|| 1.187444024854e-01
175 KSP unpreconditioned resid norm 5.690572649737e-18 true resid norm 5.690572649737e-18 ||r(i)||/||b|| 1.187245749261e-01
176 KSP unpreconditioned resid norm 5.690370043172e-18 true resid norm 5.690370043172e-18 ||r(i)||/||b|| 1.187203478685e-01
177 KSP unpreconditioned resid norm 5.689308233761e-18 true resid norm 5.689308233761e-18 ||r(i)||/||b|| 1.186981949362e-01
178 KSP unpreconditioned resid norm 5.688507193954e-18 true resid norm 5.688507193954e-18 ||r(i)||/||b|| 1.186814825389e-01
179 KSP unpreconditioned resid norm 5.687606643912e-18 true resid norm 5.687606643912e-18 ||r(i)||/||b|| 1.186626940219e-01
180 KSP unpreconditioned resid norm 5.687606098731e-18 true resid norm 5.687606098731e-18 ||r(i)||/||b|| 1.186626826476e-01
181 KSP unpreconditioned resid norm 5.686269614521e-18 true resid norm 5.686269614521e-18 ||r(i)||/||b|| 1.186347990708e-01
182 KSP unpreconditioned resid norm 5.685515498915e-18 true resid norm 5.685515498915e-18 ||r(i)||/||b|| 1.186190656709e-01
183 KSP unpreconditioned resid norm 5.684749319993e-18 true resid norm 5.684749319993e-18 ||r(i)||/||b|| 1.186030805896e-01
184 KSP unpreconditioned resid norm 5.682813515531e-18 true resid norm 5.682813515531e-18 ||r(i)||/||b|| 1.185626931671e-01
185 KSP unpreconditioned resid norm 5.682813166370e-18 true resid norm 5.682813166370e-18 ||r(i)||/||b|| 1.185626858824e-01
186 KSP unpreconditioned resid norm 5.680006360862e-18 true resid norm 5.680006360862e-18 ||r(i)||/||b|| 1.185041264348e-01
187 KSP unpreconditioned resid norm 5.676827757767e-18 true resid norm 5.676827757767e-18 ||r(i)||/||b|| 1.184378100332e-01
188 KSP unpreconditioned resid norm 5.676827056016e-18 true resid norm 5.676827056016e-18 ||r(i)||/||b|| 1.184377953923e-01
189 KSP unpreconditioned resid norm 5.675777321714e-18 true resid norm 5.675777321714e-18 ||r(i)||/||b|| 1.184158943875e-01
190 KSP unpreconditioned resid norm 5.675377471626e-18 true resid norm 5.675377471626e-18 ||r(i)||/||b|| 1.184075521635e-01
191 KSP unpreconditioned resid norm 5.672333328517e-18 true resid norm 5.672333328517e-18 ||r(i)||/||b|| 1.183440410515e-01
192 KSP unpreconditioned resid norm 5.671472105707e-18 true resid norm 5.671472105707e-18 ||r(i)||/||b|| 1.183260730335e-01
193 KSP unpreconditioned resid norm 5.653361010281e-18 true resid norm 5.698049781972e-18 ||r(i)||/||b|| 1.188805731711e-01
194 KSP unpreconditioned resid norm 5.620991405556e-18 true resid norm 5.755148160864e-18 ||r(i)||/||b|| 1.200718383003e-01
195 KSP unpreconditioned resid norm 5.609588287337e-18 true resid norm 5.761442126085e-18 ||r(i)||/||b|| 1.202031516832e-01
196 KSP unpreconditioned resid norm 5.486757630702e-18 true resid norm 5.901700783033e-18 ||r(i)||/||b|| 1.231294212260e-01
197 KSP unpreconditioned resid norm 5.166943391459e-18 true resid norm 6.069405694200e-18 ||r(i)||/||b|| 1.266283123775e-01
198 KSP unpreconditioned resid norm 5.134297253824e-18 true resid norm 6.076128956534e-18 ||r(i)||/||b|| 1.267685823489e-01
199 KSP unpreconditioned resid norm 4.914288317953e-18 true resid norm 6.205955715024e-18 ||r(i)||/||b|| 1.294772072386e-01
  Linear solve did not converge due to DIVERGED_BREAKDOWN iterations 200
Mat Object: 1 MPI process
  type: seqaijcusparse
  rows=281452, cols=281452, bs=4
  total: nonzeros=15993520, allocated nonzeros=15993520
  total number of mallocs used during MatSetValues calls=0
    not using I-node routines
Vec Object: 1 MPI process
  type: seqcuda
  length=281452, bs=4
Vec Object: 1 MPI process
  type: seqcuda
  length=281452, bs=4
KSP Object: 1 MPI process
  type: gmres
    restart=100, using classical (unmodified) Gram-Schmidt orthogonalization with no iterative refinement
    happy breakdown tolerance=1e-30
  maximum iterations=2000, initial guess is zero
  tolerances: relative=1e-10, absolute=1e-24, divergence=10000.
  right preconditioning
  diagonally scaled system
  using UNPRECONDITIONED norm type for convergence test
PC Object: 1 MPI process
  type: gamg
    type is MULTIPLICATIVE, levels=5 cycles=v
      Cycles per PCApply=1
      Using externally compute Galerkin coarse grid matrices
      GAMG specific options
        Threshold for dropping small values in graph on each level =   -1.   -1.   -1.   -1.   -1.  
        Threshold scaling factor for each level not specified = 1.
        AGG specific options
          Number of levels of aggressive coarsening 1
          Square graph aggressive coarsening
          MatCoarsen Object: 1 MPI process
            type: misk
          Number smoothing steps to construct prolongation 1
        Complexity:    grid = 1.04693    operator = 1.09064
        Per-level complexity: op = operator, int = interpolation
            #equations  | #active PEs | avg nnz/row op | avg nnz/row int
                 24            1             22                0
                100            1             26                9
               1092            1             76               10
              11992            1            114               21
             281452            1             57               15
  Coarse grid solver -- level 0 -------------------------------
    KSP Object: (mg_coarse_) 1 MPI process
      type: preonly
      maximum iterations=10000, initial guess is zero
      tolerances: relative=1e-05, absolute=1e-50, divergence=10000.
      left preconditioning
      not checking for convergence
    PC Object: (mg_coarse_) 1 MPI process
      type: bjacobi
        number of blocks = 1
        Local solver information for first block is in the following KSP and PC objects on rank 0:
        Use -mg_coarse_ksp_view ::ascii_info_detail to display information for all blocks
        KSP Object: (mg_coarse_sub_) 1 MPI process
          type: preonly
          maximum iterations=1, initial guess is zero
          tolerances: relative=1e-05, absolute=1e-50, divergence=10000.
          left preconditioning
          not checking for convergence
        PC Object: (mg_coarse_sub_) 1 MPI process
          type: lu
            out-of-place factorization
            tolerance for zero pivot 2.22045e-14
            using diagonal shift on blocks to prevent zero pivot [INBLOCKS]
            matrix ordering: nd
            factor fill ratio given 5., needed 1.
              Factored matrix:
                Mat Object: (mg_coarse_sub_) 1 MPI process
                  type: seqaijcusparse
                  rows=24, cols=24, bs=4
                  package used to perform factorization: cusparse
                  total: nonzeros=512, allocated nonzeros=512
                    using I-node routines: found 6 nodes, limit used is 5
          linear system matrix, which is also used to construct the preconditioner:
          Mat Object: (mg_coarse_sub_) 1 MPI process
            type: seqaijcusparse
            rows=24, cols=24, bs=4
            total: nonzeros=512, allocated nonzeros=512
            total number of mallocs used during MatSetValues calls=0
              not using I-node routines
      linear system matrix, which is also used to construct the preconditioner:
      Mat Object: (mg_coarse_sub_) 1 MPI process
        type: seqaijcusparse
        rows=24, cols=24, bs=4
        total: nonzeros=512, allocated nonzeros=512
        total number of mallocs used during MatSetValues calls=0
          not using I-node routines
  Down solver (pre-smoother) on level 1 -------------------------------
    KSP Object: (mg_levels_1_) 1 MPI process
      type: chebyshev
        Chebyshev polynomial of first kind
        eigenvalue targets used: min 0.186903, max 2.05594
        eigenvalues provided (min 0.330945, max 1.86903) with transform: [0. 0.1; 0. 1.1]
      maximum iterations=2, nonzero initial guess
      tolerances: relative=1e-05, absolute=1e-50, divergence=10000.
      left preconditioning
      not checking for convergence
    PC Object: (mg_levels_1_) 1 MPI process
      type: jacobi
        type DIAGONAL
      linear system matrix, which is also used to construct the preconditioner:
      Mat Object: 1 MPI process
        type: seqaijcusparse
        rows=100, cols=100, bs=4
        total: nonzeros=2576, allocated nonzeros=2576
        total number of mallocs used during MatSetValues calls=0
          not using I-node routines
  Up solver (post-smoother) same as down solver (pre-smoother)
  Down solver (pre-smoother) on level 2 -------------------------------
    KSP Object: (mg_levels_2_) 1 MPI process
      type: chebyshev
        Chebyshev polynomial of first kind
        eigenvalue targets used: min 0.194956, max 2.14451
        eigenvalues provided (min 0.285459, max 1.94956) with transform: [0. 0.1; 0. 1.1]
      maximum iterations=2, nonzero initial guess
      tolerances: relative=1e-05, absolute=1e-50, divergence=10000.
      left preconditioning
      not checking for convergence
    PC Object: (mg_levels_2_) 1 MPI process
      type: jacobi
        type DIAGONAL
      linear system matrix, which is also used to construct the preconditioner:
      Mat Object: 1 MPI process
        type: seqaijcusparse
        rows=1092, cols=1092, bs=4
        total: nonzeros=82288, allocated nonzeros=82288
        total number of mallocs used during MatSetValues calls=0
          not using I-node routines
  Up solver (post-smoother) same as down solver (pre-smoother)
  Down solver (pre-smoother) on level 3 -------------------------------
    KSP Object: (mg_levels_3_) 1 MPI process
      type: chebyshev
        Chebyshev polynomial of first kind
        eigenvalue targets used: min 0.127296, max 1.40026
        eigenvalues provided (min 0.205406, max 1.27296) with transform: [0. 0.1; 0. 1.1]
      maximum iterations=2, nonzero initial guess
      tolerances: relative=1e-05, absolute=1e-50, divergence=10000.
      left preconditioning
      not checking for convergence
    PC Object: (mg_levels_3_) 1 MPI process
      type: jacobi
        type DIAGONAL
      linear system matrix, which is also used to construct the preconditioner:
      Mat Object: 1 MPI process
        type: seqaijcusparse
        rows=11992, cols=11992, bs=4
        total: nonzeros=1364320, allocated nonzeros=1364320
        total number of mallocs used during MatSetValues calls=0
          not using I-node routines
  Up solver (post-smoother) same as down solver (pre-smoother)
  Down solver (pre-smoother) on level 4 -------------------------------
    KSP Object: (mg_levels_4_) 1 MPI process
      type: chebyshev
        Chebyshev polynomial of first kind
        eigenvalue targets used: min 0.285311, max 3.13842
        eigenvalues provided (min 0.181908, max 2.85311) with transform: [0. 0.1; 0. 1.1]
      maximum iterations=2, nonzero initial guess
      tolerances: relative=1e-05, absolute=1e-50, divergence=10000.
      left preconditioning
      not checking for convergence
    PC Object: (mg_levels_4_) 1 MPI process
      type: jacobi
        type DIAGONAL
      linear system matrix, which is also used to construct the preconditioner:
      Mat Object: 1 MPI process
        type: seqaijcusparse
        rows=281452, cols=281452, bs=4
        total: nonzeros=15993520, allocated nonzeros=15993520
        total number of mallocs used during MatSetValues calls=0
          not using I-node routines
  Up solver (post-smoother) same as down solver (pre-smoother)
  linear system matrix, which is also used to construct the preconditioner:
  Mat Object: 1 MPI process
    type: seqaijcusparse
    rows=281452, cols=281452, bs=4
    total: nonzeros=15993520, allocated nonzeros=15993520
    total number of mallocs used during MatSetValues calls=0
      not using I-node routines
 NS     61-1    2.278e+03 [   0  1.000e+00  4.754e-14  1.025e-01] !  200  -23    0!  WARNING: The linear system solution has not converged
