	linux-vdso.so.1 (0x00007ffdb84d9000)
	liblapack.so.3 => /usr/lib/x86_64-linux-gnu/liblapack.so.3 (0x00007f0f6a4e1000)
	libvtkIOXML-9.3.so.1 => /workspace/formal_3D_flow_solver_FEM_SimVascular_lzy/sv1_3n/external/solver-inputs/vtk/lib/libvtkIOXML-9.3.so.1 (0x00007f0f6a3ba000)
	libpetsc.so.3.25 => /workspace/formal_3D_flow_solver_FEM_SimVascular_lzy/sv1_3n/external/petsc325/install_gpu13/lib/libpetsc.so.3.25 (0x00007f0f68360000)
	libmpi.so.40 => /workspace/formal_3D_flow_solver_FEM_SimVascular_lzy/sv1_3l/external/gpu_mpi_fortran/lib/libmpi.so.40 (0x00007f0f6821e000)
	libvtkCommonDataModel-9.3.so.1 => /workspace/formal_3D_flow_solver_FEM_SimVascular_lzy/sv1_3n/external/solver-inputs/vtk/lib/libvtkCommonDataModel-9.3.so.1 (0x00007f0f67c71000)
	libvtkCommonMisc-9.3.so.1 => /workspace/formal_3D_flow_solver_FEM_SimVascular_lzy/sv1_3n/external/solver-inputs/vtk/lib/libvtkCommonMisc-9.3.so.1 (0x00007f0f67852000)
	libvtkCommonCore-9.3.so.1 => /workspace/formal_3D_flow_solver_FEM_SimVascular_lzy/sv1_3n/external/solver-inputs/vtk/lib/libvtkCommonCore-9.3.so.1 (0x00007f0f6626a000)
	libvtksys-9.3.so.1 => /workspace/formal_3D_flow_solver_FEM_SimVascular_lzy/sv1_3n/external/solver-inputs/vtk/lib/libvtksys-9.3.so.1 (0x00007f0f66212000)
	libstdc++.so.6 => /usr/lib/x86_64-linux-gnu/libstdc++.so.6 (0x00007f0f65f94000)
	libm.so.6 => /usr/lib/x86_64-linux-gnu/libm.so.6 (0x00007f0f65ea9000)
	libgcc_s.so.1 => /usr/lib/x86_64-linux-gnu/libgcc_s.so.1 (0x00007f0f65e7b000)
	libc.so.6 => /usr/lib/x86_64-linux-gnu/libc.so.6 (0x00007f0f65c68000)
	libblas.so.3 => /usr/lib/x86_64-linux-gnu/libblas.so.3 (0x00007f0f65bc1000)
	libgfortran.so.5 => /usr/lib/x86_64-linux-gnu/libgfortran.so.5 (0x00007f0f658a3000)
	libvtkIOXMLParser-9.3.so.1 => /workspace/formal_3D_flow_solver_FEM_SimVascular_lzy/sv1_3n/external/solver-inputs/vtk/lib/libvtkIOXMLParser-9.3.so.1 (0x00007f0f65887000)
	libvtkIOCore-9.3.so.1 => /workspace/formal_3D_flow_solver_FEM_SimVascular_lzy/sv1_3n/external/solver-inputs/vtk/lib/libvtkIOCore-9.3.so.1 (0x00007f0f657fb000)
	libvtkCommonExecutionModel-9.3.so.1 => /workspace/formal_3D_flow_solver_FEM_SimVascular_lzy/sv1_3n/external/solver-inputs/vtk/lib/libvtkCommonExecutionModel-9.3.so.1 (0x00007f0f656f8000)
	libvtkCommonSystem-9.3.so.1 => /workspace/formal_3D_flow_solver_FEM_SimVascular_lzy/sv1_3n/external/solver-inputs/vtk/lib/libvtkCommonSystem-9.3.so.1 (0x00007f0f656da000)
	libcudart.so.13 => /usr/local/cuda/lib64/libcudart.so.13 (0x00007f0f65400000)
	libcublas.so.13 => /usr/local/cuda/lib64/libcublas.so.13 (0x00007f0f61e00000)
	libcusparse.so.12 => /usr/local/cuda/lib64/libcusparse.so.12 (0x00007f0f57c00000)
	libcusolver.so.12 => /usr/local/cuda/lib64/libcusolver.so.12 (0x00007f0f4e400000)
	libcurand.so.10 => /usr/local/cuda/lib64/libcurand.so.10 (0x00007f0f45c00000)
	libnvidia-ml.so.1 => /usr/lib/x86_64-linux-gnu/libnvidia-ml.so.1 (0x00007f0f44ae7000)
	/lib64/ld-linux-x86-64.so.2 (0x00007f0f6b140000)
	libopen-rte.so.40 => /workspace/formal_3D_flow_solver_FEM_SimVascular_lzy/sv1_3l/external/gpu_mpi_fortran/lib/libopen-rte.so.40 (0x00007f0f44a29000)
	libopen-pal.so.40 => /workspace/formal_3D_flow_solver_FEM_SimVascular_lzy/sv1_3l/external/gpu_mpi_fortran/lib/libopen-pal.so.40 (0x00007f0f44913000)
	libvtkCommonTransforms-9.3.so.1 => /workspace/formal_3D_flow_solver_FEM_SimVascular_lzy/sv1_3n/external/solver-inputs/vtk/lib/libvtkCommonTransforms-9.3.so.1 (0x00007f0f448d4000)
	libvtkpugixml-9.3.so.1 => /workspace/formal_3D_flow_solver_FEM_SimVascular_lzy/sv1_3n/external/solver-inputs/vtk/lib/libvtkpugixml-9.3.so.1 (0x00007f0f44897000)
	libvtkCommonMath-9.3.so.1 => /workspace/formal_3D_flow_solver_FEM_SimVascular_lzy/sv1_3n/external/solver-inputs/vtk/lib/libvtkCommonMath-9.3.so.1 (0x00007f0f653d6000)
	libvtkloguru-9.3.so.1 => /workspace/formal_3D_flow_solver_FEM_SimVascular_lzy/sv1_3n/external/solver-inputs/vtk/lib/libvtkloguru-9.3.so.1 (0x00007f0f656c0000)
	libvtkexpat-9.3.so.1 => /workspace/formal_3D_flow_solver_FEM_SimVascular_lzy/sv1_3n/external/solver-inputs/vtk/lib/libvtkexpat-9.3.so.1 (0x00007f0f57bd2000)
	libvtkdoubleconversion-9.3.so.1 => /workspace/formal_3D_flow_solver_FEM_SimVascular_lzy/sv1_3n/external/solver-inputs/vtk/lib/libvtkdoubleconversion-9.3.so.1 (0x00007f0f61dee000)
	libvtklz4-9.3.so.1 => /workspace/formal_3D_flow_solver_FEM_SimVascular_lzy/sv1_3n/external/solver-inputs/vtk/lib/libvtklz4-9.3.so.1 (0x00007f0f44860000)
	libvtklzma-9.3.so.1 => /workspace/formal_3D_flow_solver_FEM_SimVascular_lzy/sv1_3n/external/solver-inputs/vtk/lib/libvtklzma-9.3.so.1 (0x00007f0f44833000)
	libvtkzlib-9.3.so.1 => /workspace/formal_3D_flow_solver_FEM_SimVascular_lzy/sv1_3n/external/solver-inputs/vtk/lib/libvtkzlib-9.3.so.1 (0x00007f0f44815000)
	libdl.so.2 => /usr/lib/x86_64-linux-gnu/libdl.so.2 (0x00007f0f4e3fb000)
	libpthread.so.0 => /usr/lib/x86_64-linux-gnu/libpthread.so.0 (0x00007f0f4e3f6000)
	librt.so.1 => /usr/lib/x86_64-linux-gnu/librt.so.1 (0x00007f0f44810000)
	libcublasLt.so.13 => /usr/local/cuda/lib64/libcublasLt.so.13 (0x00007f0f20200000)
	libnvJitLink.so.13 => /usr/local/cuda/lib64/libnvJitLink.so.13 (0x00007f0f1a11c000)
	libz.so.1 => /usr/lib/x86_64-linux-gnu/libz.so.1 (0x00007f0f447f4000)
	libvtkkissfft-9.3.so.1 => /workspace/formal_3D_flow_solver_FEM_SimVascular_lzy/sv1_3n/external/solver-inputs/vtk/lib/libvtkkissfft-9.3.so.1 (0x00007f0f447ed000)
