2026-09-26 13:06:25,021 Read immutable accepted vascular core; generate intact box from audited dimensions
2026-09-26 13:06:26,353 Union complete: components=1 core loss=0 box loss=0
2026-09-26 13:06:32,604 PDMS minimum ligament=1.687713207 O3 deviation=1.87205389e-06
2026-09-26 13:06:50,907 Mandatory upright baseline: risk regions=28 trapped proxy=28. Slice OFF before ON.
2026-09-26 13:06:50,908 Bambu local slice rank=0 support=OFF
2026-09-26 13:06:54,607 Bambu local slice rank=0 support=ON
2026-09-26 13:07:49,981 Orientation search: 52 candidates; Top5 ids=[12, 13, 14, 15, 0]
2026-09-26 13:07:49,981 Bambu local slice rank=1 support=OFF
2026-09-26 13:07:52,751 Bambu local slice rank=1 support=ON
2026-09-26 13:08:17,713 Bambu local slice rank=2 support=OFF
2026-09-26 13:08:20,538 Bambu local slice rank=2 support=ON
2026-09-26 13:08:45,415 Bambu local slice rank=3 support=OFF
2026-09-26 13:08:47,983 Bambu local slice rank=3 support=ON
2026-09-26 13:09:12,119 Bambu local slice rank=4 support=OFF
2026-09-26 13:09:14,861 Bambu local slice rank=4 support=ON
2026-09-26 13:09:43,649 Casting mold failed
Traceback (most recent call last):
  File "/home/lzy/projects/ulm_3D_vascular/s1-6_abs_casting_mold.py", line 152, in run
    summary['png_files']=render(out,inputs,box,union,contacts,partition,pdms,wall_rows,top,selected,summary,cfg)
                         ~~~~~~^^^^^^^^^^^^^^^^^^^^^^^^^^^^^^^^^^^^^^^^^^^^^^^^^^^^^^^^^^^^^^^^^^^^^^^^^^^^^^^^^
  File "/home/lzy/projects/ulm_3D_vascular/vascular_processing/casting_mold_review.py", line 94, in render
    save(8,'PDMS 最薄位置',['红线为非连接血管表面之间的 FCL 三角面距离；已排除真实分叉连接区。'],lines=gaplines)
    ~~~~^^^^^^^^^^^^^^^^^^^^^^^^^^^^^^^^^^^^^^^^^^^^^^^^^^^^^^^^^^^^^^^^^^^^^^^^^^^^^^^^^^^^^^^^^^^^^^^^^^^^^^^^
TypeError: render.<locals>.save() got multiple values for argument 'lines'
2026-09-26 13:09:46,252 Final status: NEEDS_ADJUSTMENT
2026-09-26T13:18:55.541763 Corrected actual extruder-offset coordinate audit; no reslicing or geometry changes. Final status READY_FOR_HUMAN_REVIEW
