POINT_TRACERS 256 / 149716
POINT_TRACERS 512 / 149716
POINT_TRACERS 768 / 149716
POINT_TRACERS 1024 / 149716
POINT_TRACERS 1280 / 149716
POINT_TRACERS 1536 / 149716
POINT_TRACERS 1792 / 149716
POINT_TRACERS 2048 / 149716
POINT_TRACERS 2304 / 149716
POINT_TRACERS 2560 / 149716
POINT_TRACERS 2816 / 149716
POINT_TRACERS 3072 / 149716
POINT_TRACERS 3328 / 149716
POINT_TRACERS 3584 / 149716
POINT_TRACERS 3840 / 149716
POINT_TRACERS 4096 / 149716
POINT_TRACERS 4352 / 149716
POINT_TRACERS 4608 / 149716
POINT_TRACERS 4864 / 149716
POINT_TRACERS 5120 / 149716
POINT_TRACERS 5376 / 149716
POINT_TRACERS 5632 / 149716
POINT_TRACERS 5888 / 149716
POINT_TRACERS 6144 / 149716
POINT_TRACERS 6400 / 149716
POINT_TRACERS 6656 / 149716
POINT_TRACERS 6912 / 149716
POINT_TRACERS 7168 / 149716
POINT_TRACERS 7424 / 149716
POINT_TRACERS 7680 / 149716
POINT_TRACERS 7936 / 149716
POINT_TRACERS 8192 / 149716
POINT_TRACERS 8448 / 149716
POINT_TRACERS 8704 / 149716
POINT_TRACERS 8960 / 149716
POINT_TRACERS 9216 / 149716
POINT_TRACERS 9472 / 149716
POINT_TRACERS 9728 / 149716
POINT_TRACERS 9984 / 149716
POINT_TRACERS 10240 / 149716
POINT_TRACERS 10496 / 149716
POINT_TRACERS 10752 / 149716
POINT_TRACERS 11008 / 149716
POINT_TRACERS 11264 / 149716
POINT_TRACERS 11520 / 149716
POINT_TRACERS 11776 / 149716
POINT_TRACERS 12032 / 149716
POINT_TRACERS 12288 / 149716
POINT_TRACERS 12544 / 149716
POINT_TRACERS 12800 / 149716
POINT_TRACERS 13056 / 149716
POINT_TRACERS 13312 / 149716
POINT_TRACERS 13568 / 149716
POINT_TRACERS 13824 / 149716
POINT_TRACERS 14080 / 149716
POINT_TRACERS 14336 / 149716
POINT_TRACERS 14592 / 149716
POINT_TRACERS 14848 / 149716
POINT_TRACERS 15104 / 149716
POINT_TRACERS 15360 / 149716
POINT_TRACERS 15616 / 149716
POINT_TRACERS 15872 / 149716
POINT_TRACERS 16128 / 149716
POINT_TRACERS 16384 / 149716
POINT_TRACERS 16640 / 149716
POINT_TRACERS 16896 / 149716
POINT_TRACERS 17152 / 149716
POINT_TRACERS 17408 / 149716
POINT_TRACERS 17664 / 149716
POINT_TRACERS 17920 / 149716
POINT_TRACERS 18176 / 149716
POINT_TRACERS 18432 / 149716
POINT_TRACERS 18688 / 149716
POINT_TRACERS 18944 / 149716
POINT_TRACERS 19200 / 149716
POINT_TRACERS 19456 / 149716
POINT_TRACERS 19712 / 149716
POINT_TRACERS 19968 / 149716
POINT_TRACERS 20224 / 149716
POINT_TRACERS 20480 / 149716
POINT_TRACERS 20736 / 149716
POINT_TRACERS 20992 / 149716
POINT_TRACERS 21248 / 149716
POINT_TRACERS 21504 / 149716
POINT_TRACERS 21760 / 149716
POINT_TRACERS 22016 / 149716
POINT_TRACERS 22272 / 149716
POINT_TRACERS 22528 / 149716
POINT_TRACERS 22784 / 149716
POINT_TRACERS 23040 / 149716
POINT_TRACERS 23296 / 149716
POINT_TRACERS 23552 / 149716
POINT_TRACERS 23808 / 149716
POINT_TRACERS 24064 / 149716
POINT_TRACERS 24320 / 149716
POINT_TRACERS 24576 / 149716
POINT_TRACERS 24832 / 149716
POINT_TRACERS 25088 / 149716
POINT_TRACERS 25344 / 149716
POINT_TRACERS 25600 / 149716
POINT_TRACERS 25856 / 149716
POINT_TRACERS 26112 / 149716
POINT_TRACERS 26368 / 149716
POINT_TRACERS 26624 / 149716
POINT_TRACERS 26880 / 149716
POINT_TRACERS 27136 / 149716
POINT_TRACERS 27392 / 149716
POINT_TRACERS 27648 / 149716
POINT_TRACERS 27904 / 149716
POINT_TRACERS 28160 / 149716
POINT_TRACERS 28416 / 149716
POINT_TRACERS 28672 / 149716
POINT_TRACERS 28928 / 149716
POINT_TRACERS 29184 / 149716
POINT_TRACERS 29440 / 149716
POINT_TRACERS 29696 / 149716
POINT_TRACERS 29952 / 149716
POINT_TRACERS 30208 / 149716
POINT_TRACERS 30464 / 149716
POINT_TRACERS 30720 / 149716
POINT_TRACERS 30976 / 149716
POINT_TRACERS 31232 / 149716
POINT_TRACERS 31488 / 149716
POINT_TRACERS 31744 / 149716
POINT_TRACERS 32000 / 149716
POINT_TRACERS 32256 / 149716
POINT_TRACERS 32512 / 149716
POINT_TRACERS 32768 / 149716
POINT_TRACERS 33024 / 149716
POINT_TRACERS 33280 / 149716
POINT_TRACERS 33536 / 149716
POINT_TRACERS 33792 / 149716
POINT_TRACERS 34048 / 149716
POINT_TRACERS 34304 / 149716
POINT_TRACERS 34560 / 149716
POINT_TRACERS 34816 / 149716
POINT_TRACERS 35072 / 149716
POINT_TRACERS 35328 / 149716
POINT_TRACERS 35584 / 149716
POINT_TRACERS 35840 / 149716
POINT_TRACERS 36096 / 149716
POINT_TRACERS 36352 / 149716
POINT_TRACERS 36608 / 149716
POINT_TRACERS 36864 / 149716
POINT_TRACERS 37120 / 149716
POINT_TRACERS 37376 / 149716
POINT_TRACERS 37632 / 149716
POINT_TRACERS 37888 / 149716
POINT_TRACERS 38144 / 149716
POINT_TRACERS 38400 / 149716
POINT_TRACERS 38656 / 149716
POINT_TRACERS 38912 / 149716
POINT_TRACERS 39168 / 149716
POINT_TRACERS 39424 / 149716
POINT_TRACERS 39680 / 149716
POINT_TRACERS 39936 / 149716
POINT_TRACERS 40192 / 149716
POINT_TRACERS 40448 / 149716
POINT_TRACERS 40704 / 149716
POINT_TRACERS 40960 / 149716
POINT_TRACERS 41216 / 149716
POINT_TRACERS 41472 / 149716
POINT_TRACERS 41728 / 149716
POINT_TRACERS 41984 / 149716
POINT_TRACERS 42240 / 149716
POINT_TRACERS 42496 / 149716
POINT_TRACERS 42752 / 149716
POINT_TRACERS 43008 / 149716
POINT_TRACERS 43264 / 149716
POINT_TRACERS 43520 / 149716
POINT_TRACERS 43776 / 149716
POINT_TRACERS 44032 / 149716
POINT_TRACERS 44288 / 149716
POINT_TRACERS 44544 / 149716
POINT_TRACERS 44800 / 149716
POINT_TRACERS 45056 / 149716
POINT_TRACERS 45312 / 149716
POINT_TRACERS 45568 / 149716
POINT_TRACERS 45824 / 149716
POINT_TRACERS 46080 / 149716
POINT_TRACERS 46336 / 149716
POINT_TRACERS 46592 / 149716
POINT_TRACERS 46848 / 149716
POINT_TRACERS 47104 / 149716
POINT_TRACERS 47360 / 149716
POINT_TRACERS 47616 / 149716
POINT_TRACERS 47872 / 149716
POINT_TRACERS 48128 / 149716
POINT_TRACERS 48384 / 149716
POINT_TRACERS 48640 / 149716
POINT_TRACERS 48896 / 149716
POINT_TRACERS 49152 / 149716
POINT_TRACERS 49408 / 149716
POINT_TRACERS 49664 / 149716
POINT_TRACERS 49920 / 149716
POINT_TRACERS 50176 / 149716
POINT_TRACERS 50432 / 149716
POINT_TRACERS 50688 / 149716
POINT_TRACERS 50944 / 149716
POINT_TRACERS 51200 / 149716
POINT_TRACERS 51456 / 149716
POINT_TRACERS 51712 / 149716
POINT_TRACERS 51968 / 149716
POINT_TRACERS 52224 / 149716
POINT_TRACERS 52480 / 149716
POINT_TRACERS 52736 / 149716
POINT_TRACERS 52992 / 149716
POINT_TRACERS 53248 / 149716
POINT_TRACERS 53504 / 149716
POINT_TRACERS 53760 / 149716
POINT_TRACERS 54016 / 149716
POINT_TRACERS 54272 / 149716
POINT_TRACERS 54528 / 149716
POINT_TRACERS 54784 / 149716
POINT_TRACERS 55040 / 149716
POINT_TRACERS 55296 / 149716
POINT_TRACERS 55552 / 149716
POINT_TRACERS 55808 / 149716
POINT_TRACERS 56064 / 149716
POINT_TRACERS 56320 / 149716
POINT_TRACERS 56576 / 149716
POINT_TRACERS 56832 / 149716
POINT_TRACERS 57088 / 149716
POINT_TRACERS 57344 / 149716
POINT_TRACERS 57600 / 149716
POINT_TRACERS 57856 / 149716
POINT_TRACERS 58112 / 149716
POINT_TRACERS 58368 / 149716
POINT_TRACERS 58624 / 149716
POINT_TRACERS 58880 / 149716
POINT_TRACERS 59136 / 149716
POINT_TRACERS 59392 / 149716
POINT_TRACERS 59648 / 149716
POINT_TRACERS 59904 / 149716
POINT_TRACERS 60160 / 149716
POINT_TRACERS 60416 / 149716
POINT_TRACERS 60672 / 149716
POINT_TRACERS 60928 / 149716
POINT_TRACERS 61184 / 149716
POINT_TRACERS 61440 / 149716
POINT_TRACERS 61696 / 149716
POINT_TRACERS 61952 / 149716
POINT_TRACERS 62208 / 149716
POINT_TRACERS 62464 / 149716
POINT_TRACERS 62720 / 149716
POINT_TRACERS 62976 / 149716
POINT_TRACERS 63232 / 149716
POINT_TRACERS 63488 / 149716
POINT_TRACERS 63744 / 149716
POINT_TRACERS 64000 / 149716
POINT_TRACERS 64256 / 149716
POINT_TRACERS 64512 / 149716
POINT_TRACERS 64768 / 149716
POINT_TRACERS 65024 / 149716
POINT_TRACERS 65280 / 149716
POINT_TRACERS 65536 / 149716
POINT_TRACERS 65792 / 149716
POINT_TRACERS 66048 / 149716
POINT_TRACERS 66304 / 149716
POINT_TRACERS 66560 / 149716
POINT_TRACERS 66816 / 149716
POINT_TRACERS 67072 / 149716
POINT_TRACERS 67328 / 149716
POINT_TRACERS 67584 / 149716
POINT_TRACERS 67840 / 149716
POINT_TRACERS 68096 / 149716
POINT_TRACERS 68352 / 149716
POINT_TRACERS 68608 / 149716
POINT_TRACERS 68864 / 149716
POINT_TRACERS 69120 / 149716
POINT_TRACERS 69376 / 149716
POINT_TRACERS 69632 / 149716
POINT_TRACERS 69888 / 149716
POINT_TRACERS 70144 / 149716
POINT_TRACERS 70400 / 149716
POINT_TRACERS 70656 / 149716
POINT_TRACERS 70912 / 149716
POINT_TRACERS 71168 / 149716
POINT_TRACERS 71424 / 149716
POINT_TRACERS 71680 / 149716
POINT_TRACERS 71936 / 149716
POINT_TRACERS 72192 / 149716
POINT_TRACERS 72448 / 149716
POINT_TRACERS 72704 / 149716
POINT_TRACERS 72960 / 149716
POINT_TRACERS 73216 / 149716
POINT_TRACERS 73472 / 149716
POINT_TRACERS 73728 / 149716
POINT_TRACERS 73984 / 149716
POINT_TRACERS 74240 / 149716
POINT_TRACERS 74496 / 149716
POINT_TRACERS 74752 / 149716
POINT_TRACERS 75008 / 149716
POINT_TRACERS 75264 / 149716
POINT_TRACERS 75520 / 149716
POINT_TRACERS 75776 / 149716
POINT_TRACERS 76032 / 149716
POINT_TRACERS 76288 / 149716
POINT_TRACERS 76544 / 149716
POINT_TRACERS 76800 / 149716
POINT_TRACERS 77056 / 149716
POINT_TRACERS 77312 / 149716
POINT_TRACERS 77568 / 149716
POINT_TRACERS 77824 / 149716
POINT_TRACERS 78080 / 149716
POINT_TRACERS 78336 / 149716
POINT_TRACERS 78592 / 149716
POINT_TRACERS 78848 / 149716
POINT_TRACERS 79104 / 149716
POINT_TRACERS 79360 / 149716
POINT_TRACERS 79616 / 149716
POINT_TRACERS 79872 / 149716
POINT_TRACERS 80128 / 149716
POINT_TRACERS 80384 / 149716
POINT_TRACERS 80640 / 149716
POINT_TRACERS 80896 / 149716
POINT_TRACERS 81152 / 149716
POINT_TRACERS 81408 / 149716
POINT_TRACERS 81664 / 149716
POINT_TRACERS 81920 / 149716
POINT_TRACERS 82176 / 149716
POINT_TRACERS 82432 / 149716
POINT_TRACERS 82688 / 149716
POINT_TRACERS 82944 / 149716
POINT_TRACERS 83200 / 149716
POINT_TRACERS 83456 / 149716
POINT_TRACERS 83712 / 149716
POINT_TRACERS 83968 / 149716
POINT_TRACERS 84224 / 149716
POINT_TRACERS 84480 / 149716
POINT_TRACERS 84736 / 149716
POINT_TRACERS 84992 / 149716
POINT_TRACERS 85248 / 149716
POINT_TRACERS 85504 / 149716
POINT_TRACERS 85760 / 149716
POINT_TRACERS 86016 / 149716
POINT_TRACERS 86272 / 149716
POINT_TRACERS 86528 / 149716
POINT_TRACERS 86784 / 149716
POINT_TRACERS 87040 / 149716
POINT_TRACERS 87296 / 149716
POINT_TRACERS 87552 / 149716
POINT_TRACERS 87808 / 149716
POINT_TRACERS 88064 / 149716
POINT_TRACERS 88320 / 149716
POINT_TRACERS 88576 / 149716
POINT_TRACERS 88832 / 149716
POINT_TRACERS 89088 / 149716
POINT_TRACERS 89344 / 149716
POINT_TRACERS 89600 / 149716
POINT_TRACERS 89856 / 149716
POINT_TRACERS 90112 / 149716
POINT_TRACERS 90368 / 149716
POINT_TRACERS 90624 / 149716
POINT_TRACERS 90880 / 149716
POINT_TRACERS 91136 / 149716
POINT_TRACERS 91392 / 149716
POINT_TRACERS 91648 / 149716
POINT_TRACERS 91904 / 149716
POINT_TRACERS 92160 / 149716
POINT_TRACERS 92416 / 149716
POINT_TRACERS 92672 / 149716
POINT_TRACERS 92928 / 149716
POINT_TRACERS 93184 / 149716
POINT_TRACERS 93440 / 149716
POINT_TRACERS 93696 / 149716
POINT_TRACERS 93952 / 149716
POINT_TRACERS 94208 / 149716
POINT_TRACERS 94464 / 149716
POINT_TRACERS 94720 / 149716
POINT_TRACERS 94976 / 149716
POINT_TRACERS 95232 / 149716
POINT_TRACERS 95488 / 149716
POINT_TRACERS 95744 / 149716
POINT_TRACERS 96000 / 149716
POINT_TRACERS 96256 / 149716
POINT_TRACERS 96512 / 149716
POINT_TRACERS 96768 / 149716
POINT_TRACERS 97024 / 149716
POINT_TRACERS 97280 / 149716
POINT_TRACERS 97536 / 149716
POINT_TRACERS 97792 / 149716
POINT_TRACERS 98048 / 149716
POINT_TRACERS 98304 / 149716
POINT_TRACERS 98560 / 149716
POINT_TRACERS 98816 / 149716
POINT_TRACERS 99072 / 149716
POINT_TRACERS 99328 / 149716
POINT_TRACERS 99584 / 149716
POINT_TRACERS 99840 / 149716
POINT_TRACERS 100096 / 149716
POINT_TRACERS 100352 / 149716
POINT_TRACERS 100608 / 149716
POINT_TRACERS 100864 / 149716
POINT_TRACERS 101120 / 149716
POINT_TRACERS 101376 / 149716
POINT_TRACERS 101632 / 149716
POINT_TRACERS 101888 / 149716
POINT_TRACERS 102144 / 149716
POINT_TRACERS 102400 / 149716
POINT_TRACERS 102656 / 149716
POINT_TRACERS 102912 / 149716
POINT_TRACERS 103168 / 149716
POINT_TRACERS 103424 / 149716
POINT_TRACERS 103680 / 149716
POINT_TRACERS 103936 / 149716
POINT_TRACERS 104192 / 149716
POINT_TRACERS 104448 / 149716
POINT_TRACERS 104704 / 149716
POINT_TRACERS 104960 / 149716
POINT_TRACERS 105216 / 149716
POINT_TRACERS 105472 / 149716
POINT_TRACERS 105728 / 149716
POINT_TRACERS 105984 / 149716
POINT_TRACERS 106240 / 149716
POINT_TRACERS 106496 / 149716
POINT_TRACERS 106752 / 149716
POINT_TRACERS 107008 / 149716
POINT_TRACERS 107264 / 149716
POINT_TRACERS 107520 / 149716
POINT_TRACERS 107776 / 149716
POINT_TRACERS 108032 / 149716
POINT_TRACERS 108288 / 149716
POINT_TRACERS 108544 / 149716
POINT_TRACERS 108800 / 149716
POINT_TRACERS 109056 / 149716
POINT_TRACERS 109312 / 149716
POINT_TRACERS 109568 / 149716
POINT_TRACERS 109824 / 149716
POINT_TRACERS 110080 / 149716
POINT_TRACERS 110336 / 149716
POINT_TRACERS 110592 / 149716
POINT_TRACERS 110848 / 149716
POINT_TRACERS 111104 / 149716
POINT_TRACERS 111360 / 149716
POINT_TRACERS 111616 / 149716
POINT_TRACERS 111872 / 149716
POINT_TRACERS 112128 / 149716
POINT_TRACERS 112384 / 149716
POINT_TRACERS 112640 / 149716
POINT_TRACERS 112896 / 149716
POINT_TRACERS 113152 / 149716
POINT_TRACERS 113408 / 149716
POINT_TRACERS 113664 / 149716
POINT_TRACERS 113920 / 149716
POINT_TRACERS 114176 / 149716
POINT_TRACERS 114432 / 149716
POINT_TRACERS 114688 / 149716
POINT_TRACERS 114944 / 149716
POINT_TRACERS 115200 / 149716
POINT_TRACERS 115456 / 149716
POINT_TRACERS 115712 / 149716
POINT_TRACERS 115968 / 149716
POINT_TRACERS 116224 / 149716
POINT_TRACERS 116480 / 149716
POINT_TRACERS 116736 / 149716
POINT_TRACERS 116992 / 149716
POINT_TRACERS 117248 / 149716
POINT_TRACERS 117504 / 149716
POINT_TRACERS 117760 / 149716
POINT_TRACERS 118016 / 149716
POINT_TRACERS 118272 / 149716
POINT_TRACERS 118528 / 149716
POINT_TRACERS 118784 / 149716
POINT_TRACERS 119040 / 149716
POINT_TRACERS 119296 / 149716
POINT_TRACERS 119552 / 149716
POINT_TRACERS 119808 / 149716
POINT_TRACERS 120064 / 149716
POINT_TRACERS 120320 / 149716
POINT_TRACERS 120576 / 149716
POINT_TRACERS 120832 / 149716
POINT_TRACERS 121088 / 149716
POINT_TRACERS 121344 / 149716
POINT_TRACERS 121600 / 149716
POINT_TRACERS 121856 / 149716
POINT_TRACERS 122112 / 149716
POINT_TRACERS 122368 / 149716
POINT_TRACERS 122624 / 149716
POINT_TRACERS 122880 / 149716
POINT_TRACERS 123136 / 149716
POINT_TRACERS 123392 / 149716
POINT_TRACERS 123648 / 149716
POINT_TRACERS 123904 / 149716
POINT_TRACERS 124160 / 149716
POINT_TRACERS 124416 / 149716
POINT_TRACERS 124672 / 149716
POINT_TRACERS 124928 / 149716
POINT_TRACERS 125184 / 149716
POINT_TRACERS 125440 / 149716
POINT_TRACERS 125696 / 149716
POINT_TRACERS 125952 / 149716
POINT_TRACERS 126208 / 149716
POINT_TRACERS 126464 / 149716
POINT_TRACERS 126720 / 149716
POINT_TRACERS 126976 / 149716
POINT_TRACERS 127232 / 149716
POINT_TRACERS 127488 / 149716
POINT_TRACERS 127744 / 149716
POINT_TRACERS 128000 / 149716
POINT_TRACERS 128256 / 149716
POINT_TRACERS 128512 / 149716
POINT_TRACERS 128768 / 149716
POINT_TRACERS 129024 / 149716
POINT_TRACERS 129280 / 149716
POINT_TRACERS 129536 / 149716
POINT_TRACERS 129792 / 149716
POINT_TRACERS 130048 / 149716
POINT_TRACERS 130304 / 149716
POINT_TRACERS 130560 / 149716
POINT_TRACERS 130816 / 149716
POINT_TRACERS 131072 / 149716
POINT_TRACERS 131328 / 149716
POINT_TRACERS 131584 / 149716
POINT_TRACERS 131840 / 149716
POINT_TRACERS 132096 / 149716
POINT_TRACERS 132352 / 149716
POINT_TRACERS 132608 / 149716
POINT_TRACERS 132864 / 149716
POINT_TRACERS 133120 / 149716
POINT_TRACERS 133376 / 149716
POINT_TRACERS 133632 / 149716
POINT_TRACERS 133888 / 149716
POINT_TRACERS 134144 / 149716
POINT_TRACERS 134400 / 149716
POINT_TRACERS 134656 / 149716
POINT_TRACERS 134912 / 149716
POINT_TRACERS 135168 / 149716
POINT_TRACERS 135424 / 149716
POINT_TRACERS 135680 / 149716
POINT_TRACERS 135936 / 149716
POINT_TRACERS 136192 / 149716
POINT_TRACERS 136448 / 149716
POINT_TRACERS 136704 / 149716
POINT_TRACERS 136960 / 149716
POINT_TRACERS 137216 / 149716
POINT_TRACERS 137472 / 149716
POINT_TRACERS 137728 / 149716
POINT_TRACERS 137984 / 149716
POINT_TRACERS 138240 / 149716
POINT_TRACERS 138496 / 149716
POINT_TRACERS 138752 / 149716
POINT_TRACERS 139008 / 149716
POINT_TRACERS 139264 / 149716
POINT_TRACERS 139520 / 149716
POINT_TRACERS 139776 / 149716
POINT_TRACERS 140032 / 149716
POINT_TRACERS 140288 / 149716
POINT_TRACERS 140544 / 149716
POINT_TRACERS 140800 / 149716
POINT_TRACERS 141056 / 149716
POINT_TRACERS 141312 / 149716
POINT_TRACERS 141568 / 149716
POINT_TRACERS 141824 / 149716
POINT_TRACERS 142080 / 149716
POINT_TRACERS 142336 / 149716
POINT_TRACERS 142592 / 149716
POINT_TRACERS 142848 / 149716
POINT_TRACERS 143104 / 149716
POINT_TRACERS 143360 / 149716
POINT_TRACERS 143616 / 149716
POINT_TRACERS 143872 / 149716
POINT_TRACERS 144128 / 149716
POINT_TRACERS 144384 / 149716
POINT_TRACERS 144640 / 149716
POINT_TRACERS 144896 / 149716
POINT_TRACERS 145152 / 149716
POINT_TRACERS 145408 / 149716
POINT_TRACERS 145664 / 149716
POINT_TRACERS 145920 / 149716
POINT_TRACERS 146176 / 149716
POINT_TRACERS 146432 / 149716
POINT_TRACERS 146688 / 149716
POINT_TRACERS 146944 / 149716
POINT_TRACERS 147200 / 149716
POINT_TRACERS 147456 / 149716
POINT_TRACERS 147712 / 149716
POINT_TRACERS 147968 / 149716
POINT_TRACERS 148224 / 149716
POINT_TRACERS 148480 / 149716
POINT_TRACERS 148736 / 149716
POINT_TRACERS 148992 / 149716
POINT_TRACERS 149248 / 149716
POINT_TRACERS 149504 / 149716
POINT_TRACERS 149716 / 149716
Traceback (most recent call last):
  File "/root/particle8_2_runs/cbb45d8222b3569bce4bb4e2034f1c444b18584e/full_audit/repo/particle_3d/scripts/run_particle82_admission.py", line 41, in <module>
    admission=summarize_admission(a.previous,out,out/'point_paths')
  File "/root/particle8_2_runs/cbb45d8222b3569bce4bb4e2034f1c444b18584e/full_audit/repo/particle_3d/src/particle_3d/particle82_diagnostics.py", line 50, in summarize_admission
    if len(points)!=len(index['records']):raise ValueError('Proposal basin count mismatch')
                                          ^^^^^^^^^^^^^^^^^^^^^^^^^^^^^^^^^^^^^^^^^^^^^^^^^
ValueError: Proposal basin count mismatch
