MB_BATCH 1 / 64 workers 1
MB_BATCH 2 / 64 workers 1
MB_BATCH 3 / 64 workers 1
MB_BATCH 4 / 64 workers 1
MB_BATCH 5 / 64 workers 1
MB_BATCH 6 / 64 workers 1
MB_BATCH 7 / 64 workers 1
MB_BATCH 8 / 64 workers 1
MB_BATCH 9 / 64 workers 1
MB_BATCH 10 / 64 workers 1
MB_BATCH 11 / 64 workers 1
MB_BATCH 12 / 64 workers 1
MB_BATCH 13 / 64 workers 1
MB_BATCH 14 / 64 workers 1
MB_BATCH 15 / 64 workers 1
MB_BATCH 16 / 64 workers 1
MB_BATCH 17 / 64 workers 1
MB_BATCH 18 / 64 workers 1
MB_BATCH 19 / 64 workers 1
MB_BATCH 20 / 64 workers 1
MB_BATCH 21 / 64 workers 1
MB_BATCH 22 / 64 workers 1
MB_BATCH 23 / 64 workers 1
MB_BATCH 24 / 64 workers 1
MB_BATCH 25 / 64 workers 1
MB_BATCH 26 / 64 workers 1
MB_BATCH 27 / 64 workers 1
MB_BATCH 28 / 64 workers 1
MB_BATCH 29 / 64 workers 1
MB_BATCH 30 / 64 workers 1
MB_BATCH 31 / 64 workers 1
MB_BATCH 32 / 64 workers 1
MB_BATCH 33 / 64 workers 1
MB_BATCH 34 / 64 workers 1
MB_BATCH 35 / 64 workers 1
MB_BATCH 36 / 64 workers 1
MB_BATCH 37 / 64 workers 1
MB_BATCH 38 / 64 workers 1
MB_BATCH 39 / 64 workers 1
MB_BATCH 40 / 64 workers 1
MB_BATCH 41 / 64 workers 1
MB_BATCH 42 / 64 workers 1
MB_BATCH 43 / 64 workers 1
MB_BATCH 44 / 64 workers 1
MB_BATCH 45 / 64 workers 1
MB_BATCH 46 / 64 workers 1
MB_BATCH 47 / 64 workers 1
MB_BATCH 48 / 64 workers 1
MB_BATCH 49 / 64 workers 1
MB_BATCH 50 / 64 workers 1
MB_BATCH 51 / 64 workers 1
MB_BATCH 52 / 64 workers 1
MB_BATCH 53 / 64 workers 1
MB_BATCH 54 / 64 workers 1
MB_BATCH 55 / 64 workers 1
MB_BATCH 56 / 64 workers 1
MB_BATCH 57 / 64 workers 1
MB_BATCH 58 / 64 workers 1
MB_BATCH 59 / 64 workers 1
MB_BATCH 60 / 64 workers 1
MB_BATCH 61 / 64 workers 1
MB_BATCH 62 / 64 workers 1
MB_BATCH 63 / 64 workers 1
MB_BATCH 64 / 64 workers 1
Traceback (most recent call last):
  File "/root/particle8_2_runs/cbb45d8222b3569bce4bb4e2034f1c444b18584e/full_audit/repo/particle_3d/scripts/benchmark_particle82_server.py", line 69, in <module>
    p.add_argument('--host-provenance',required=True);p.add_argument('--resume',action='store_true');main(p.parse_args())
                                                                                                     ~~~~^^^^^^^^^^^^^^^^
  File "/root/particle8_2_runs/cbb45d8222b3569bce4bb4e2034f1c444b18584e/full_audit/repo/particle_3d/scripts/benchmark_particle82_server.py", line 56, in main
    chosen=max((r for r in results if r['stable_memory']),key=lambda r:r['tracks_per_hour'])
ValueError: max() iterable argument is empty
