GEOMETRY_SEARCH 0 131 poses 68505 full_vertex_voxel_candidates 0
GEOMETRY_SEARCH 16 131 poses 1164585 full_vertex_voxel_candidates 0
GEOMETRY_SEARCH 32 131 poses 2260665 full_vertex_voxel_candidates 0
GEOMETRY_SEARCH 48 131 poses 3356745 full_vertex_voxel_candidates 0
GEOMETRY_SEARCH 64 131 poses 4452825 full_vertex_voxel_candidates 0
GEOMETRY_SEARCH 80 131 poses 5548905 full_vertex_voxel_candidates 0
GEOMETRY_SEARCH 96 131 poses 6644985 full_vertex_voxel_candidates 0
GEOMETRY_SEARCH 112 131 poses 7741065 full_vertex_voxel_candidates 0
GEOMETRY_SEARCH 128 131 poses 8837145 full_vertex_voxel_candidates 0
REFINE 0 best_min_clearance_LU -3.1771287422690855
REFINE 8 best_min_clearance_LU -3.3004931390478354
REFINE 16 best_min_clearance_LU -3.2746931489319655
REFINE 24 best_min_clearance_LU -3.270038241539394
REFINE 32 best_min_clearance_LU -3.2342719263000435
REFINE 40 best_min_clearance_LU -3.276639930809717
/home/lzy/projects/compre_output/rbc_stage1/control_20260915_165632/fit_geometry.py:76: DeprecationWarning: Call to deprecated method SetCells. (Use ImportLegacyFormat or SetData instead.) -- Deprecated since version 9.6.0.
  poly=vtk.vtkPolyData();pts=vtk.vtkPoints();pts.SetData(numpy_to_vtk(points,deep=True));poly.SetPoints(pts);cells=vtk.vtkCellArray();packed=np.column_stack([np.full(len(faces),3),faces]).astype(np.int64);cells.SetCells(len(faces),numpy_to_vtkIdTypeArray(packed.ravel(),deep=True));poly.SetPolys(cells);return poly
{
  "status": "FAIL",
  "RBC_GEOMETRIC_FIT": "FAIL",
  "CASE_A_fit": "FAIL",
  "CASE_C_fit": "FAIL",
  "mesh": {
    "vertices": 642,
    "triangles": 1280,
    "nominal_scale": 0.8220706914434901,
    "nominal_diameter_um": 6.428592807088092,
    "actual_volume_um3": 45.046330078320075,
    "actual_area_um2": 87.30701064766879,
    "axis_extents_um": [
      6.428992605450912,
      1.8856618638964933,
      6.428992605450912
    ],
    "maximum_vertex_extent_um": 6.428992609886485,
    "principal_axis_extent_um": [
      1.8856618676604093,
      6.428989330406692,
      6.428989330406692
    ]
  },
  "policy": {
    "schema": "PRE_SOLVER_GEOMETRY_SEARCH_V1",
    "cell_scale_formula": "cbrt(50/90)",
    "cell_radius_m": "3.91e-6*cbrt(50/90)",
    "shape": "native RBC_FROM_SPHERE",
    "minimum_triangles": 600,
    "coarse_center_lattice_stride": 2,
    "normal_hemisphere_count": 128,
    "roll_degrees": [
      0,
      30,
      60
    ],
    "refinement_candidates": 48,
    "refinement_rounds": 8,
    "refinement_translation_initial_lu": 1.0,
    "refinement_rotation_initial_deg": 5.0,
    "CASE_A_C_min_wall_clearance_lu": 2.0,
    "CASE_B_min_wall_clearance_lu": 0.5,
    "penetration_tolerance_lu": 0.0,
    "positive_signed_distance_means_outside": true,
    "triangle_contact_test": "vtkCollisionDetectionFilter, cell and box tolerance0, all contacts",
    "geometry_metric_scope": "Original closed STL wall plus caps; conservative relative to native outward inflate0.001LU",
    "search_scope": "Bounded deterministic rigid placement search, not a proof over all continuous poses; no mesh resizing, remeshing or timestep execution"
  },
  "SDF_sign_check": "PASS",
  "closed_surface_manifold": "PASS",
  "coarse_centers": 22835,
  "coarse_poses": 8974155,
  "coarse_vertex_count": 56,
  "full_vertex_voxel_candidates": 0,
  "continuous_verified_safe_placements": 0,
  "best_pose": {
    "coarse_inside_count": 46,
    "normal_index": 26,
    "roll_degrees": 60,
    "center": [
      333.0,
      362.0,
      80.0
    ],
    "rotation": [
      [
        0.4945521393715944,
        -0.19873685000680466,
        -0.8461216495825834
      ],
      [
        0.2565423958796728,
        0.9635117108553637,
        -0.07636217755464635
      ],
      [
        0.8304240968079482,
        -0.17930099691285292,
        0.5274912055634299
      ]
    ],
    "min_distance": -2.9894116026719977,
    "outside_vertices": 154,
    "wall_triangle_contacts": 186
  },
  "CASE_A_spawn": null,
  "CASE_C_spawns": [],
  "small_pack_count": 0,
  "search_seconds": 56.42926371499925,
  "fluid_timesteps": 0,
  "RBC_timesteps": 0,
  "limitations": "Bounded deterministic rigid placement search, not a proof over all continuous poses; no mesh resizing, remeshing or timestep execution"
}
