Traceback (most recent call last):
  File "<frozen runpy>", line 198, in _run_module_as_main
  File "<frozen runpy>", line 88, in _run_code
  File "/home/lzy/projects/mirheo_starter/runs/sdpd_equilibration_extended/fixed_late_restart_20260909/restart_B_restore/frozen_code/py_scripts/sdpd_diagnostics/extended_worker.py", line 146, in <module>
    if __name__=='__main__':main()
                            ^^^^^^
  File "/home/lzy/projects/mirheo_starter/runs/sdpd_equilibration_extended/fixed_late_restart_20260909/restart_B_restore/frozen_code/py_scripts/sdpd_diagnostics/extended_worker.py", line 104, in main
    m=restore_coordinator(u,spec['restore_directory'],diagnostic_only=diagnostic,
      ^^^^^^^^^^^^^^^^^^^^^^^^^^^^^^^^^^^^^^^^^^^^^^^^^^^^^^^^^^^^^^^^^^^^^^^^^^^
  File "/home/lzy/projects/mirheo_starter/runs/sdpd_equilibration_extended/fixed_late_restart_20260909/restart_B_restore/frozen_code/py_scripts/sdpd_diagnostics/extended_restart.py", line 177, in restore_coordinator
    u.restart(str(directory))  # never draw/set velocities, remove COM or use PV-only restart here
    ^^^^^^^^^^^^^^^^^^^^^^^^^
  File "/home/lzy/projects/mirheo_starter/.venv/lib/python3.12/site-packages/mirheo/__init__.py", line 100, in wrapper
    return o(*args, **kwargs)
           ^^^^^^^^^^^^^^^^^^
RuntimeError: Mirheo has encountered a fatal error and will quit now.
The error message follows, and more details can be found in the log
***************************************
	Unrecognised form Other
***************************************
--------------------------------------------------------------------------
MPI_ABORT was invoked on rank 0 in communicator MPI_COMM_WORLD
with errorcode -1.

NOTE: invoking MPI_ABORT causes Open MPI to kill all MPI processes.
You may or may not see output from other processes, depending on
exactly when Open MPI kills them.
--------------------------------------------------------------------------
