[localhost:00464] mca_base_component_repository_open: unable to open mca_btl_openib: librdmacm.so.1: cannot open shared object file: No such file or directory (ignored)
At line 152 of file /home/lzy/apes-pinned/seeder_official/tem/source/tem_stlbIO_module.f90 (unit = 23, file = '')
Fortran runtime error: End of file

Error termination. Backtrace:
#0  0x7bcdaaef3acf in read_block_direct
	at ../../../libgfortran/io/transfer.c:672
#1  0x7bcdaaef3acf in unformatted_read
	at ../../../libgfortran/io/transfer.c:1151
#2  0x5a9390ed1ca3 in ???
#3  0x5a9390ef94c4 in ???
#4  0x5a9390efa45d in ???
#5  0x5a9390f8af55 in ???
#6  0x5a9390f73d82 in ???
#7  0x5a9390f7400c in ???
#8  0x5a9390f7543b in ???
#9  0x5a9390f700a8 in ???
#10  0x5a9390de2b74 in ???
#11  0x5a9390de17de in ???
#12  0x7bcdaa62a1c9 in ???
#13  0x7bcdaa62a28a in ???
#14  0x5a9390de1814 in ???
#15  0xffffffffffffffff in ???
double free or corruption (out)

Program received signal SIGABRT: Process abort signal.

Backtrace for this error:
#0  0x7bcdaa64532f in ???
#1  0x7bcdaa69eb2c in ???
#2  0x7bcdaa64527d in ???
#3  0x7bcdaa6288fe in ???
#4  0x7bcdaa6297b5 in ???
#5  0x7bcdaa6a8ff4 in ???
#6  0x7bcdaa6ab11f in ???
#7  0x7bcdaa6ab439 in ???
#8  0x7bcdaa6addad in ???
#9  0x7bcdaaef4d1f in close_unit_1
	at ../../../libgfortran/io/unit.c:842
#10  0x7bcdab0100f1 in ???
#11  0x7bcdab014577 in ???
#12  0x7bcdaa647a75 in ???
#13  0x7bcdaa647bbd in ???
#14  0x7bcdaaef3acf in read_block_direct
	at ../../../libgfortran/io/transfer.c:672
#15  0x7bcdaaef3acf in unformatted_read
	at ../../../libgfortran/io/transfer.c:1151
#16  0x5a9390ed1ca3 in ???
#17  0x5a9390ef94c4 in ???
#18  0x5a9390efa45d in ???
#19  0x5a9390f8af55 in ???
#20  0x5a9390f73d82 in ???
#21  0x5a9390f7400c in ???
#22  0x5a9390f7543b in ???
#23  0x5a9390f700a8 in ???
#24  0x5a9390de2b74 in ???
#25  0x5a9390de17de in ???
#26  0x7bcdaa62a1c9 in ???
#27  0x7bcdaa62a28a in ???
#28  0x5a9390de1814 in ???
#29  0xffffffffffffffff in ???
