 Starting up Seeder with nprocs:            1
                                              
                               _              
             ___  ___  ___  __| | ___ _ __    
            / __|/ _ \/ _ \/ _` |/ _ \ '__|   
            \__ \  __/  __/ (_| |  __/ |      
            |___/\___|\___|\__,_|\___|_v1.6.2-1-g667109
                                              
  (C) 2012 German Research School for Simulation Sciences
  (C) 2013 University of Siegen               
                                              
--------------------------------------------------------------------------------
 | INFORMATION ON THE EXECUTABLE
 | Revision of the code in this executable: 3b3e344aec0a
 |
 | Compiled with GFORTRAN in version 13.4.0
 | Using the command mpif90
 | And the following flags:
 | -O3 -march=native -Wall -Wno-maybe-uninitialized -Werror -Wno-unused-dum
 | my-argument -std=f2008 -pedantic-errors -O3 -march=native -Wall -Wno-may
 | be-uninitialized -Werror
 |
 | Build date: 2026-08-28
--------------------------------------------------------------------------------
                                              
                                              
--------------------------------------------------------------------------------
--------------------------------------------------------------------------------
Loading general parameters:
Using /dev/null as null device.
Will print run time info in the end
(/proc/self/status).
Size of the IO Buffer (MB): 8
Simulation Name: simulation
 +-------------------------------------------+
  - Now:
  iterations:            0
  simTime   :    0.0000000000000000     
  wallClock :    1.1204479999999999E-002
 
  - Time Control:
 +-------------------------------------------+
Iterations between trigger checks: 1
  - Min:
  iterations:            0
  simTime   :    0.0000000000000000     
 
  - Max:
 
  - Interval:
 +-------------------------------------------+
 
  - Abort Criteria:
  stop_file: 
  steady_state:  F
 
  - Status:
 +-------------------------------------------+
 Loading communication pattern:
 isend_irecv
Write timings to: timing.res
--------------------------------------------------------------------------------
 Mesh folder: mesh/
 Loading bounding cube:
  Cube origin:    7.8082771579034594E-005   5.4076359424537688E-005   8.8206398940868488E-005
  Cube length:    1.0240000000000000E-004
 Smoothed refinement towards boundaries.
 Smoothed levels with level jump = 1.
--------------------------------------------------------------------------------
 Loading attribute
 Loading distance_refine
 This is a new attribute and was added at            1
           kind: boundary
          label: wall
          color: none
          level: 9
   subresolution:  F
   calc distance:  T
   store normal :  F
  flood diagonal:  T
 Added a new unique label to the the list of kind "boundary":
 wall
 Unique identifier position of this attribute:           1
 Loading geometry 
       STL file: ../geometry/geometry_solver_m/wall.stl
         format: binary
  Reading in STL Headers ...
  Reading in STL Files ...
  Done.
--------------------------------------------------------------------------------
 Loading attribute
 Loading distance_refine
 This is a new attribute and was added at            2
           kind: boundary
          label: inlet
          color: none
          level: 9
   subresolution:  F
   calc distance:  F
   store normal :  F
 Added a new unique label to the the list of kind "boundary":
 inlet
 Unique identifier position of this attribute:           2
 Loading geometry 
       STL file: ../geometry/numerical_inlet_plane.stl
         format: binary
  Reading in STL Headers ...
  Reading in STL Files ...
