Directory ownership check passed
.d..t...... logs/stage02/
cd+++++++++ logs/stage02/20260917T203340_735210794_q_half/
>f+++++++++ logs/stage02/20260917T203340_735210794_q_half/metadata.json
>f+++++++++ logs/stage02/20260917T203340_735210794_q_half/stderr.log
>f+++++++++ logs/stage02/20260917T203340_735210794_q_half/stdout.log
cd+++++++++ logs/stage02/20260917T203357_784927225_q_double/
>f+++++++++ logs/stage02/20260917T203357_784927225_q_double/metadata.json
>f+++++++++ logs/stage02/20260917T203357_784927225_q_double/stderr.log
>f+++++++++ logs/stage02/20260917T203357_784927225_q_double/stdout.log
cd+++++++++ logs/stage02/20260917T203414_751346120_reverse/
>f+++++++++ logs/stage02/20260917T203414_751346120_reverse/metadata.json
>f+++++++++ logs/stage02/20260917T203414_751346120_reverse/stderr.log
>f+++++++++ logs/stage02/20260917T203414_751346120_reverse/stdout.log
cd+++++++++ logs/stage02/20260917T203430_573861996_mu_double/
>f+++++++++ logs/stage02/20260917T203430_573861996_mu_double/metadata.json
>f+++++++++ logs/stage02/20260917T203430_573861996_mu_double/stderr.log
>f+++++++++ logs/stage02/20260917T203430_573861996_mu_double/stdout.log
cd+++++++++ logs/stage02/20260917T203446_585238444_rho_double/
>f+++++++++ logs/stage02/20260917T203446_585238444_rho_double/metadata.json
>f+++++++++ logs/stage02/20260917T203446_585238444_rho_double/stderr.log
>f+++++++++ logs/stage02/20260917T203446_585238444_rho_double/stdout.log
.d..t...... outputs/stage02/cases/
cd+++++++++ outputs/stage02/cases/mu_double/
cd+++++++++ outputs/stage02/cases/mu_double/metadata/
>f+++++++++ outputs/stage02/cases/mu_double/metadata/config_snapshot.json
>f+++++++++ outputs/stage02/cases/mu_double/metadata/run.json
cd+++++++++ outputs/stage02/cases/mu_double/qc/
>f+++++++++ outputs/stage02/cases/mu_double/qc/analytic_comparison.json
>f+++++++++ outputs/stage02/cases/mu_double/qc/flux.json
>f+++++++++ outputs/stage02/cases/mu_double/qc/solver.json
cd+++++++++ outputs/stage02/cases/mu_double/solution/
>f+++++++++ outputs/stage02/cases/mu_double/solution/primary_checkpoint.npz
cd+++++++++ outputs/stage02/cases/q_double/
cd+++++++++ outputs/stage02/cases/q_double/metadata/
>f+++++++++ outputs/stage02/cases/q_double/metadata/config_snapshot.json
>f+++++++++ outputs/stage02/cases/q_double/metadata/run.json
cd+++++++++ outputs/stage02/cases/q_double/qc/
>f+++++++++ outputs/stage02/cases/q_double/qc/analytic_comparison.json
>f+++++++++ outputs/stage02/cases/q_double/qc/flux.json
>f+++++++++ outputs/stage02/cases/q_double/qc/solver.json
cd+++++++++ outputs/stage02/cases/q_double/solution/
>f+++++++++ outputs/stage02/cases/q_double/solution/primary_checkpoint.npz
cd+++++++++ outputs/stage02/cases/q_half/
cd+++++++++ outputs/stage02/cases/q_half/metadata/
>f+++++++++ outputs/stage02/cases/q_half/metadata/config_snapshot.json
>f+++++++++ outputs/stage02/cases/q_half/metadata/run.json
cd+++++++++ outputs/stage02/cases/q_half/qc/
>f+++++++++ outputs/stage02/cases/q_half/qc/analytic_comparison.json
>f+++++++++ outputs/stage02/cases/q_half/qc/flux.json
>f+++++++++ outputs/stage02/cases/q_half/qc/solver.json
cd+++++++++ outputs/stage02/cases/q_half/solution/
>f+++++++++ outputs/stage02/cases/q_half/solution/primary_checkpoint.npz
cd+++++++++ outputs/stage02/cases/reverse/
cd+++++++++ outputs/stage02/cases/reverse/metadata/
>f+++++++++ outputs/stage02/cases/reverse/metadata/config_snapshot.json
>f+++++++++ outputs/stage02/cases/reverse/metadata/run.json
cd+++++++++ outputs/stage02/cases/reverse/qc/
>f+++++++++ outputs/stage02/cases/reverse/qc/analytic_comparison.json
>f+++++++++ outputs/stage02/cases/reverse/qc/flux.json
>f+++++++++ outputs/stage02/cases/reverse/qc/solver.json
cd+++++++++ outputs/stage02/cases/reverse/solution/
>f+++++++++ outputs/stage02/cases/reverse/solution/primary_checkpoint.npz
cd+++++++++ outputs/stage02/cases/rho_double/
cd+++++++++ outputs/stage02/cases/rho_double/metadata/
>f+++++++++ outputs/stage02/cases/rho_double/metadata/config_snapshot.json
>f+++++++++ outputs/stage02/cases/rho_double/metadata/run.json
cd+++++++++ outputs/stage02/cases/rho_double/qc/
>f+++++++++ outputs/stage02/cases/rho_double/qc/analytic_comparison.json
>f+++++++++ outputs/stage02/cases/rho_double/qc/flux.json
>f+++++++++ outputs/stage02/cases/rho_double/qc/solver.json
cd+++++++++ outputs/stage02/cases/rho_double/solution/
>f+++++++++ outputs/stage02/cases/rho_double/solution/primary_checkpoint.npz
.d..t...... outputs/stage02/jit_cache/
>f+++++++++ outputs/stage02/jit_cache/libffcx_forms_0766149f4c6f3712f19872ec9b33a70b5f8b6399.c
>f+++++++++ outputs/stage02/jit_cache/libffcx_forms_0766149f4c6f3712f19872ec9b33a70b5f8b6399.c.cached
>f+++++++++ outputs/stage02/jit_cache/libffcx_forms_0766149f4c6f3712f19872ec9b33a70b5f8b6399.cpython-312-x86_64-linux-gnu.so
>f+++++++++ outputs/stage02/jit_cache/libffcx_forms_0766149f4c6f3712f19872ec9b33a70b5f8b6399.o
>f+++++++++ outputs/stage02/jit_cache/libffcx_forms_0c1561003d91805fed00be65072b9bcfb49882d0.c
>f+++++++++ outputs/stage02/jit_cache/libffcx_forms_0c1561003d91805fed00be65072b9bcfb49882d0.c.cached
>f+++++++++ outputs/stage02/jit_cache/libffcx_forms_0c1561003d91805fed00be65072b9bcfb49882d0.cpython-312-x86_64-linux-gnu.so
>f+++++++++ outputs/stage02/jit_cache/libffcx_forms_0c1561003d91805fed00be65072b9bcfb49882d0.o
>f+++++++++ outputs/stage02/jit_cache/libffcx_forms_1173af38a023a7c82e9785feb4a0fc734328a6ca.c
>f+++++++++ outputs/stage02/jit_cache/libffcx_forms_1173af38a023a7c82e9785feb4a0fc734328a6ca.c.cached
>f+++++++++ outputs/stage02/jit_cache/libffcx_forms_1173af38a023a7c82e9785feb4a0fc734328a6ca.cpython-312-x86_64-linux-gnu.so
>f+++++++++ outputs/stage02/jit_cache/libffcx_forms_1173af38a023a7c82e9785feb4a0fc734328a6ca.o
>f+++++++++ outputs/stage02/jit_cache/libffcx_forms_14ccbd4c0711eb0a3330348ea992e166cfb23e1a.c
>f+++++++++ outputs/stage02/jit_cache/libffcx_forms_14ccbd4c0711eb0a3330348ea992e166cfb23e1a.c.cached
>f+++++++++ outputs/stage02/jit_cache/libffcx_forms_14ccbd4c0711eb0a3330348ea992e166cfb23e1a.cpython-312-x86_64-linux-gnu.so
>f+++++++++ outputs/stage02/jit_cache/libffcx_forms_14ccbd4c0711eb0a3330348ea992e166cfb23e1a.o
>f+++++++++ outputs/stage02/jit_cache/libffcx_forms_18895384d8fa957f62b05474aea5c5c6bf56cd90.c
>f+++++++++ outputs/stage02/jit_cache/libffcx_forms_18895384d8fa957f62b05474aea5c5c6bf56cd90.c.cached
>f+++++++++ outputs/stage02/jit_cache/libffcx_forms_18895384d8fa957f62b05474aea5c5c6bf56cd90.cpython-312-x86_64-linux-gnu.so
>f+++++++++ outputs/stage02/jit_cache/libffcx_forms_18895384d8fa957f62b05474aea5c5c6bf56cd90.o
>f+++++++++ outputs/stage02/jit_cache/libffcx_forms_1c095a2c859af9480a8f32d73da6623da6f000a6.c
>f+++++++++ outputs/stage02/jit_cache/libffcx_forms_1c095a2c859af9480a8f32d73da6623da6f000a6.c.cached
>f+++++++++ outputs/stage02/jit_cache/libffcx_forms_1c095a2c859af9480a8f32d73da6623da6f000a6.cpython-312-x86_64-linux-gnu.so
>f+++++++++ outputs/stage02/jit_cache/libffcx_forms_1c095a2c859af9480a8f32d73da6623da6f000a6.o
>f+++++++++ outputs/stage02/jit_cache/libffcx_forms_1c6d0cb6f89d41046d0c21cdead28931bd827d36.c
>f+++++++++ outputs/stage02/jit_cache/libffcx_forms_1c6d0cb6f89d41046d0c21cdead28931bd827d36.c.cached
>f+++++++++ outputs/stage02/jit_cache/libffcx_forms_1c6d0cb6f89d41046d0c21cdead28931bd827d36.cpython-312-x86_64-linux-gnu.so
>f+++++++++ outputs/stage02/jit_cache/libffcx_forms_1c6d0cb6f89d41046d0c21cdead28931bd827d36.o
>f+++++++++ outputs/stage02/jit_cache/libffcx_forms_1ffefcd8448d4459a08f2a38ac0815da300c3842.c
>f+++++++++ outputs/stage02/jit_cache/libffcx_forms_1ffefcd8448d4459a08f2a38ac0815da300c3842.c.cached
>f+++++++++ outputs/stage02/jit_cache/libffcx_forms_1ffefcd8448d4459a08f2a38ac0815da300c3842.cpython-312-x86_64-linux-gnu.so
>f+++++++++ outputs/stage02/jit_cache/libffcx_forms_1ffefcd8448d4459a08f2a38ac0815da300c3842.o
>f+++++++++ outputs/stage02/jit_cache/libffcx_forms_2056aa6851577357be604d835dbe0d111eae575a.c
>f+++++++++ outputs/stage02/jit_cache/libffcx_forms_2056aa6851577357be604d835dbe0d111eae575a.c.cached
>f+++++++++ outputs/stage02/jit_cache/libffcx_forms_2056aa6851577357be604d835dbe0d111eae575a.cpython-312-x86_64-linux-gnu.so
>f+++++++++ outputs/stage02/jit_cache/libffcx_forms_2056aa6851577357be604d835dbe0d111eae575a.o
>f+++++++++ outputs/stage02/jit_cache/libffcx_forms_241d772bf842967a0980bf3d58ce38635d095e9b.c
>f+++++++++ outputs/stage02/jit_cache/libffcx_forms_241d772bf842967a0980bf3d58ce38635d095e9b.c.cached
>f+++++++++ outputs/stage02/jit_cache/libffcx_forms_241d772bf842967a0980bf3d58ce38635d095e9b.cpython-312-x86_64-linux-gnu.so
>f+++++++++ outputs/stage02/jit_cache/libffcx_forms_241d772bf842967a0980bf3d58ce38635d095e9b.o
>f+++++++++ outputs/stage02/jit_cache/libffcx_forms_2641d444f5d1c40bb1972e28d5cd3b97856bc789.c
>f+++++++++ outputs/stage02/jit_cache/libffcx_forms_2641d444f5d1c40bb1972e28d5cd3b97856bc789.c.cached
>f+++++++++ outputs/stage02/jit_cache/libffcx_forms_2641d444f5d1c40bb1972e28d5cd3b97856bc789.cpython-312-x86_64-linux-gnu.so
>f+++++++++ outputs/stage02/jit_cache/libffcx_forms_2641d444f5d1c40bb1972e28d5cd3b97856bc789.o
>f+++++++++ outputs/stage02/jit_cache/libffcx_forms_2be8f86d03b3a9b4190b463486dcffbd6e955384.c
>f+++++++++ outputs/stage02/jit_cache/libffcx_forms_2be8f86d03b3a9b4190b463486dcffbd6e955384.c.cached
>f+++++++++ outputs/stage02/jit_cache/libffcx_forms_2be8f86d03b3a9b4190b463486dcffbd6e955384.cpython-312-x86_64-linux-gnu.so
>f+++++++++ outputs/stage02/jit_cache/libffcx_forms_2be8f86d03b3a9b4190b463486dcffbd6e955384.o
>f+++++++++ outputs/stage02/jit_cache/libffcx_forms_42c97a2dadbfc9a05b1cc24db0bb2e5aeddcbbb9.c
>f+++++++++ outputs/stage02/jit_cache/libffcx_forms_42c97a2dadbfc9a05b1cc24db0bb2e5aeddcbbb9.c.cached
>f+++++++++ outputs/stage02/jit_cache/libffcx_forms_42c97a2dadbfc9a05b1cc24db0bb2e5aeddcbbb9.cpython-312-x86_64-linux-gnu.so
>f+++++++++ outputs/stage02/jit_cache/libffcx_forms_42c97a2dadbfc9a05b1cc24db0bb2e5aeddcbbb9.o
>f+++++++++ outputs/stage02/jit_cache/libffcx_forms_49d5c987ce6f64d7c41c8220b5737e1f4e008279.c
>f+++++++++ outputs/stage02/jit_cache/libffcx_forms_49d5c987ce6f64d7c41c8220b5737e1f4e008279.c.cached
>f+++++++++ outputs/stage02/jit_cache/libffcx_forms_49d5c987ce6f64d7c41c8220b5737e1f4e008279.cpython-312-x86_64-linux-gnu.so
>f+++++++++ outputs/stage02/jit_cache/libffcx_forms_49d5c987ce6f64d7c41c8220b5737e1f4e008279.o
>f+++++++++ outputs/stage02/jit_cache/libffcx_forms_4e024737c324ae5647ca5201864a46340bddf1bf.c
>f+++++++++ outputs/stage02/jit_cache/libffcx_forms_4e024737c324ae5647ca5201864a46340bddf1bf.c.cached
>f+++++++++ outputs/stage02/jit_cache/libffcx_forms_4e024737c324ae5647ca5201864a46340bddf1bf.cpython-312-x86_64-linux-gnu.so
>f+++++++++ outputs/stage02/jit_cache/libffcx_forms_4e024737c324ae5647ca5201864a46340bddf1bf.o
>f+++++++++ outputs/stage02/jit_cache/libffcx_forms_59a1444a42b356424e8dec601b6a5929cfc4120e.c
>f+++++++++ outputs/stage02/jit_cache/libffcx_forms_59a1444a42b356424e8dec601b6a5929cfc4120e.c.cached
>f+++++++++ outputs/stage02/jit_cache/libffcx_forms_59a1444a42b356424e8dec601b6a5929cfc4120e.cpython-312-x86_64-linux-gnu.so
>f+++++++++ outputs/stage02/jit_cache/libffcx_forms_59a1444a42b356424e8dec601b6a5929cfc4120e.o
>f+++++++++ outputs/stage02/jit_cache/libffcx_forms_696dca91fbfc53d053594861b80347f115b99ac7.c
>f+++++++++ outputs/stage02/jit_cache/libffcx_forms_696dca91fbfc53d053594861b80347f115b99ac7.c.cached
>f+++++++++ outputs/stage02/jit_cache/libffcx_forms_696dca91fbfc53d053594861b80347f115b99ac7.cpython-312-x86_64-linux-gnu.so
>f+++++++++ outputs/stage02/jit_cache/libffcx_forms_696dca91fbfc53d053594861b80347f115b99ac7.o
>f+++++++++ outputs/stage02/jit_cache/libffcx_forms_6fa5a1d3b19f535c57555a9c1f3408574dc0c816.c
>f+++++++++ outputs/stage02/jit_cache/libffcx_forms_6fa5a1d3b19f535c57555a9c1f3408574dc0c816.c.cached
>f+++++++++ outputs/stage02/jit_cache/libffcx_forms_6fa5a1d3b19f535c57555a9c1f3408574dc0c816.cpython-312-x86_64-linux-gnu.so
>f+++++++++ outputs/stage02/jit_cache/libffcx_forms_6fa5a1d3b19f535c57555a9c1f3408574dc0c816.o
>f+++++++++ outputs/stage02/jit_cache/libffcx_forms_807b74f005500cab6f0ccbf1b9773ce8d1e991d2.c
>f+++++++++ outputs/stage02/jit_cache/libffcx_forms_807b74f005500cab6f0ccbf1b9773ce8d1e991d2.c.cached
>f+++++++++ outputs/stage02/jit_cache/libffcx_forms_807b74f005500cab6f0ccbf1b9773ce8d1e991d2.cpython-312-x86_64-linux-gnu.so
>f+++++++++ outputs/stage02/jit_cache/libffcx_forms_807b74f005500cab6f0ccbf1b9773ce8d1e991d2.o
>f+++++++++ outputs/stage02/jit_cache/libffcx_forms_81c6f49ec5db8b7e678e535c201b9fdd7902cd08.c
>f+++++++++ outputs/stage02/jit_cache/libffcx_forms_81c6f49ec5db8b7e678e535c201b9fdd7902cd08.c.cached
>f+++++++++ outputs/stage02/jit_cache/libffcx_forms_81c6f49ec5db8b7e678e535c201b9fdd7902cd08.cpython-312-x86_64-linux-gnu.so
>f+++++++++ outputs/stage02/jit_cache/libffcx_forms_81c6f49ec5db8b7e678e535c201b9fdd7902cd08.o
>f+++++++++ outputs/stage02/jit_cache/libffcx_forms_85e1b390c4b0f0d618e113c237c07c069103de41.c
>f+++++++++ outputs/stage02/jit_cache/libffcx_forms_85e1b390c4b0f0d618e113c237c07c069103de41.c.cached
>f+++++++++ outputs/stage02/jit_cache/libffcx_forms_85e1b390c4b0f0d618e113c237c07c069103de41.cpython-312-x86_64-linux-gnu.so
>f+++++++++ outputs/stage02/jit_cache/libffcx_forms_85e1b390c4b0f0d618e113c237c07c069103de41.o
>f+++++++++ outputs/stage02/jit_cache/libffcx_forms_8a3e6ca86a80353a2e8eec2100ceeb2cbf313003.c
>f+++++++++ outputs/stage02/jit_cache/libffcx_forms_8a3e6ca86a80353a2e8eec2100ceeb2cbf313003.c.cached
>f+++++++++ outputs/stage02/jit_cache/libffcx_forms_8a3e6ca86a80353a2e8eec2100ceeb2cbf313003.cpython-312-x86_64-linux-gnu.so
>f+++++++++ outputs/stage02/jit_cache/libffcx_forms_8a3e6ca86a80353a2e8eec2100ceeb2cbf313003.o
>f+++++++++ outputs/stage02/jit_cache/libffcx_forms_8ec227a97e8511c502ef24938647d931f0334d77.c
>f+++++++++ outputs/stage02/jit_cache/libffcx_forms_8ec227a97e8511c502ef24938647d931f0334d77.c.cached
>f+++++++++ outputs/stage02/jit_cache/libffcx_forms_8ec227a97e8511c502ef24938647d931f0334d77.cpython-312-x86_64-linux-gnu.so
>f+++++++++ outputs/stage02/jit_cache/libffcx_forms_8ec227a97e8511c502ef24938647d931f0334d77.o
>f+++++++++ outputs/stage02/jit_cache/libffcx_forms_9037577cae3d557971f83c09505055ccba0f3756.c
>f+++++++++ outputs/stage02/jit_cache/libffcx_forms_9037577cae3d557971f83c09505055ccba0f3756.c.cached
>f+++++++++ outputs/stage02/jit_cache/libffcx_forms_9037577cae3d557971f83c09505055ccba0f3756.cpython-312-x86_64-linux-gnu.so
>f+++++++++ outputs/stage02/jit_cache/libffcx_forms_9037577cae3d557971f83c09505055ccba0f3756.o
>f+++++++++ outputs/stage02/jit_cache/libffcx_forms_9b80b1056248c842b108b5c7bc4234b49fd4223f.c
>f+++++++++ outputs/stage02/jit_cache/libffcx_forms_9b80b1056248c842b108b5c7bc4234b49fd4223f.c.cached
>f+++++++++ outputs/stage02/jit_cache/libffcx_forms_9b80b1056248c842b108b5c7bc4234b49fd4223f.cpython-312-x86_64-linux-gnu.so
>f+++++++++ outputs/stage02/jit_cache/libffcx_forms_9b80b1056248c842b108b5c7bc4234b49fd4223f.o
>f+++++++++ outputs/stage02/jit_cache/libffcx_forms_a0835de3024abfe93c93b351532a10da6ff0034d.c
>f+++++++++ outputs/stage02/jit_cache/libffcx_forms_a0835de3024abfe93c93b351532a10da6ff0034d.c.cached
>f+++++++++ outputs/stage02/jit_cache/libffcx_forms_a0835de3024abfe93c93b351532a10da6ff0034d.cpython-312-x86_64-linux-gnu.so
>f+++++++++ outputs/stage02/jit_cache/libffcx_forms_a0835de3024abfe93c93b351532a10da6ff0034d.o
>f+++++++++ outputs/stage02/jit_cache/libffcx_forms_ab3b9e212dce861e175c4d2ef06e030b4b2b36fa.c
>f+++++++++ outputs/stage02/jit_cache/libffcx_forms_ab3b9e212dce861e175c4d2ef06e030b4b2b36fa.c.cached
>f+++++++++ outputs/stage02/jit_cache/libffcx_forms_ab3b9e212dce861e175c4d2ef06e030b4b2b36fa.cpython-312-x86_64-linux-gnu.so
>f+++++++++ outputs/stage02/jit_cache/libffcx_forms_ab3b9e212dce861e175c4d2ef06e030b4b2b36fa.o
>f+++++++++ outputs/stage02/jit_cache/libffcx_forms_af2c6185756276d6d6dd72010620c1b78d266740.c
>f+++++++++ outputs/stage02/jit_cache/libffcx_forms_af2c6185756276d6d6dd72010620c1b78d266740.c.cached
>f+++++++++ outputs/stage02/jit_cache/libffcx_forms_af2c6185756276d6d6dd72010620c1b78d266740.cpython-312-x86_64-linux-gnu.so
>f+++++++++ outputs/stage02/jit_cache/libffcx_forms_af2c6185756276d6d6dd72010620c1b78d266740.o
>f+++++++++ outputs/stage02/jit_cache/libffcx_forms_b3fc996b224580aa61ab54e4881460ba7a80e78e.c
>f+++++++++ outputs/stage02/jit_cache/libffcx_forms_b3fc996b224580aa61ab54e4881460ba7a80e78e.c.cached
>f+++++++++ outputs/stage02/jit_cache/libffcx_forms_b3fc996b224580aa61ab54e4881460ba7a80e78e.cpython-312-x86_64-linux-gnu.so
>f+++++++++ outputs/stage02/jit_cache/libffcx_forms_b3fc996b224580aa61ab54e4881460ba7a80e78e.o
>f+++++++++ outputs/stage02/jit_cache/libffcx_forms_b8a5fcb277a2d5fc4edaff71b319f94efe043a63.c
>f+++++++++ outputs/stage02/jit_cache/libffcx_forms_b8a5fcb277a2d5fc4edaff71b319f94efe043a63.c.cached
>f+++++++++ outputs/stage02/jit_cache/libffcx_forms_b8a5fcb277a2d5fc4edaff71b319f94efe043a63.cpython-312-x86_64-linux-gnu.so
>f+++++++++ outputs/stage02/jit_cache/libffcx_forms_b8a5fcb277a2d5fc4edaff71b319f94efe043a63.o
>f+++++++++ outputs/stage02/jit_cache/libffcx_forms_d5804b0b5d5953b067c2bc6b28493f6d789112b9.c
>f+++++++++ outputs/stage02/jit_cache/libffcx_forms_d5804b0b5d5953b067c2bc6b28493f6d789112b9.c.cached
>f+++++++++ outputs/stage02/jit_cache/libffcx_forms_d5804b0b5d5953b067c2bc6b28493f6d789112b9.cpython-312-x86_64-linux-gnu.so
>f+++++++++ outputs/stage02/jit_cache/libffcx_forms_d5804b0b5d5953b067c2bc6b28493f6d789112b9.o
>f+++++++++ outputs/stage02/jit_cache/libffcx_forms_e23d11a002e166d926e23edcf3d0333b61738d34.c
>f+++++++++ outputs/stage02/jit_cache/libffcx_forms_e23d11a002e166d926e23edcf3d0333b61738d34.c.cached
>f+++++++++ outputs/stage02/jit_cache/libffcx_forms_e23d11a002e166d926e23edcf3d0333b61738d34.cpython-312-x86_64-linux-gnu.so
>f+++++++++ outputs/stage02/jit_cache/libffcx_forms_e23d11a002e166d926e23edcf3d0333b61738d34.o
>f+++++++++ outputs/stage02/jit_cache/libffcx_forms_e84ef094fca39f10184185899fc6a9e0bf18e67d.c
>f+++++++++ outputs/stage02/jit_cache/libffcx_forms_e84ef094fca39f10184185899fc6a9e0bf18e67d.c.cached
>f+++++++++ outputs/stage02/jit_cache/libffcx_forms_e84ef094fca39f10184185899fc6a9e0bf18e67d.cpython-312-x86_64-linux-gnu.so
>f+++++++++ outputs/stage02/jit_cache/libffcx_forms_e84ef094fca39f10184185899fc6a9e0bf18e67d.o
>f+++++++++ outputs/stage02/jit_cache/libffcx_forms_f26a3f21d7b8a1ee80619462ae2b335717a659eb.c
>f+++++++++ outputs/stage02/jit_cache/libffcx_forms_f26a3f21d7b8a1ee80619462ae2b335717a659eb.c.cached
>f+++++++++ outputs/stage02/jit_cache/libffcx_forms_f26a3f21d7b8a1ee80619462ae2b335717a659eb.cpython-312-x86_64-linux-gnu.so
>f+++++++++ outputs/stage02/jit_cache/libffcx_forms_f26a3f21d7b8a1ee80619462ae2b335717a659eb.o
>f+++++++++ outputs/stage02/jit_cache/libffcx_forms_fcf872946098e44e51888a899c04545ca6805051.c
>f+++++++++ outputs/stage02/jit_cache/libffcx_forms_fcf872946098e44e51888a899c04545ca6805051.c.cached
>f+++++++++ outputs/stage02/jit_cache/libffcx_forms_fcf872946098e44e51888a899c04545ca6805051.cpython-312-x86_64-linux-gnu.so
>f+++++++++ outputs/stage02/jit_cache/libffcx_forms_fcf872946098e44e51888a899c04545ca6805051.o
