 Starting up Musubi with nprocs:            4

 .___  ___.  __    __       _______. __    __  .______    __  
 |   \/   | |  |  |  |     /       ||  |  |  | |   _  \  |  | 
 |  \  /  | |  |  |  |    |   (----`|  |  |  | |  |_)  | |  | 
 |  |\/|  | |  |  |  |     \   \    |  |  |  | |   _  <  |  | 
 |  |  |  | |  `--'  | .----)   |   |  `--'  | |  |_)  | |  | 
 |__|  |__|  \______/  |_______/     \______/  |______/  |_v2.0.0-4-g4e8b27

 (C) 2012 German Research School for Simulation Sciences
 (C) 2013-2020 University Siegen
 (C) 2021 German Aerospace Center (DLR) -
          Institute of Software Methods for Product Virtualization
 
--------------------------------------------------------------------------------
 | INFORMATION ON THE EXECUTABLE
 | Revision of the code in this executable: 81f8c4f13772+
 |
 | Compiled with GFORTRAN in version 13.4.0
 | Using the command /home/lzy/.local/bin/mpif90
 | And the following flags:
 | -O3 -march=native -Wall -Wno-maybe-uninitialized -Werror -Wno-unused-dum
 | my-argument -fmax-stack-var-size=131072 -std=f2008 -pedantic-errors -O3
 | -march=native -Wall -Wno-maybe-uninitialized -Werror
 |
 | Build date: 2026-08-29
--------------------------------------------------------------------------------
--------------------------------------------------------------------------------
 | PRE-PROCESSING SETTINGS:
 | Using AOS (array of structures data layout)
 | Using PULL for streaming
--------------------------------------------------------------------------------

Run at: 2026-09-01 15:56 UTC+02:00

 Loading configuration file: musubi.lua
--------------------------------------------------------------------------------
--------------------------------------------------------------------------------
--------------------------------------------------------------------------------
Loading general parameters:
Using /dev/null as null device.
Will print run time info in the end
(/proc/self/status).
Size of the IO Buffer (MB): 8
Simulation Name: tau1_reference_scaled_base
 +-------------------------------------------+
  - Now:
  iterations:            0
  simTime   :    0.0000000000000000     
  wallClock :    2.1153830000000002E-003
 
  - Time Control:
 +-------------------------------------------+
Iterations between trigger checks: 1
  - Min:
  iterations:            0
  simTime   :    0.0000000000000000     
 
  - Max:
  iterations:       239502
 
  - Interval:
  iterations:         1198
 +-------------------------------------------+
 
  - Abort Criteria:
  stop_file: /home/lzy/u3da/tau1_reference_scaled_base_20260901/stop
  steady_state:  F
 
  - Status:
 +-------------------------------------------+
 Using global alltoall
 Loading communication pattern:
 isend_irecv
Write timings to: tracking/timing.res
--------------------------------------------------------------------------------
 Loading general solver params: 
 Choosing Control Routine: standard
 Setting SCALING to:diffusive
Solid elements will be removed from BC list
Block size (elements): 576
--------------------------------------------------------------------------------
--------------------------------------------------------------------------------
 Loading restart ...
 *****************************
 Restart write parameters: 
   prefix   : /home/lzy/u3da/tau1_reference_scaled_base_20260901/restart/
 +-------------------------------------------+
Iterations between trigger checks: 1
  - Min:
  iterations:       119751
 
  - Max:
  iterations:       239502
 
  - Interval:
  iterations:       119751
 +-------------------------------------------+
 *****************************
 
--------------------------------------------------------------------------------
 No read restart given. Loading mesh file
 Obtaining HEADER of the configured mesh
 Load mesh header from file: /mnt/e/ULM/hatimb-particle_flow_simulator/ulm_3D_vascular/outputs/cfd_flow/healthy_mouse_capillary_dimensionless_qvalue_base_preflight_anchor003274_20260830/seeder/mesh/header.lua
 The real bounding cube is...
   min:    8.0282771579034593E-005   5.5876359424537691E-005   1.1160639894086849E-004
   max:    1.7828277157903459E-004   1.5467635942453768E-004   1.6700639894086849E-004
--------------------------------------------------------------------------------
 Load mesh header from file: /mnt/e/ULM/hatimb-particle_flow_simulator/ulm_3D_vascular/outputs/cfd_flow/healthy_mouse_capillary_dimensionless_qvalue_base_preflight_anchor003274_20260830/seeder/mesh/header.lua
 The real bounding cube is...
   min:    8.0282771579034593E-005   5.5876359424537691E-005   1.1160639894086849E-004
   max:    1.7828277157903459E-004   1.5467635942453768E-004   1.6700639894086849E-004
 Load mesh from file: /mnt/e/ULM/hatimb-particle_flow_simulator/ulm_3D_vascular/outputs/cfd_flow/healthy_mouse_capillary_dimensionless_qvalue_base_preflight_anchor003274_20260830/seeder/mesh/elemlist.lsb
 using one process to read and broadcast
 Done, reading the mesh!
 NO BALANCING!
 Done loading weights.
 Got a mesh with following properties:
                 Mesh name: fluidTree
  Total number of elements: 182320
  Local number of elements: 45580
      Number of properties: 2
      Number of partitions: 4
             Minimum level: 9
             Maximum level: 9
       Bounding Box Origin:     0.0001    0.0001    0.0001
       Bounding Box Length:     0.0001
     Coarsest element size:     0.0000
       Finest element size:     0.0000
  Number of boundary elements: 17907
      Number of qVal elements: 17820
--------------------------------------------------------------------------------
 Load boundary ID from file: /mnt/e/ULM/hatimb-particle_flow_simulator/ulm_3D_vascular/outputs/cfd_flow/healthy_mouse_capillary_dimensionless_qvalue_base_preflight_anchor003274_20260830/seeder/mesh/bnd.lsb
 read with MPI
Loading qVal data from directory: /mnt/e/ULM/hatimb-particle_flow_simulator/ulm_3D_vascular/outputs/cfd_flow/healthy_mouse_capillary_dimensionless_qvalue_base_preflight_anchor003274_20260830/seeder/mesh/
 Load hasQVal from file: /mnt/e/ULM/hatimb-particle_flow_simulator/ulm_3D_vascular/outputs/cfd_flow/healthy_mouse_capillary_dimensionless_qvalue_base_preflight_anchor003274_20260830/seeder/mesh/qval.lsb
 Done, reading the qVal!
 No IBM found!
--------------------------------------------------------------------------------
Lattice dx and dt on each level
level=9, dxL=   1.00000, dtL=   1.00000
--------------------------------------------------------------------------------
--------------------------------------------------------------------------------
  Loading physics table ...
  Physics table is defined.
  All values are expressed in physical units.
 Speed of sound (cs) is not defined.
 Attempting to load time step dt on coarsest level:
   cs =   56.638E+00
   dt =    2.039E-09
 WARNING: No value given for coulomb0
 WARNING: Reference coulomb0 is not found. 
 Setting reference coulomb0 to fundamental electrical charge.
Reference physical quantities:
  rho0       =    1.056E+03
  mass0      =    8.448E-18
  mole0      =    1.661E-24
  moleDens0  =  207.567E-06
  molWeight0 =    5.088E+06
  Temp0      =    1.000E+00
  coulomb0   =  160.218E-21
Conversion factors on level: 9
  dx            =  200.000E-09
  dt            =    2.039E-09
  pressure      =   10.163E+06
  velocity      =   98.100E+00
  kine. visc.   =   19.620E-06
  dyn. visc.    =   20.719E-03
  acceleration  =   48.118E+09
  force         =  406.501E-09
  body force    =   50.813E+12
  strain rate   =  490.500E+06
  energy        =   81.300E-15
  moleFlux      =   20.362E-03
  chargeDens    =   20.027E+00
  currentDens   =    1.965E+03
  massflux      =  103.594E+03
  diffusivity   =   19.620E-06
  faraday       =   96.485E+03
  gasConst      =   48.960E+09
  potential     =  507.436E+03

Over level scale factor: 
    pressure:    1.000E+00
    velocity:    1.000E+00
 strain rate:    1.000E+00
--------------------------------------------------------------------------------
--------------------------------------------------------------------------------
Loading Scheme identify table: 
kind: fluid
Layout: d3q19
relaxation: bgk
  variant: standard
--------------------------------------------------------------------------------
 Creating stencil kind: d3q19
--------------------------------------------------------------------------------
 Loading the field base info ...
 No field table defined.
 Assuming single field and label = "".
--------------------------------------------------------------------------------
 Initializing global variable system for scheme kind: fluid
 Appending state variables 
--------------------------------------------------------------------------------
Interpolation:
  method: quadratic
   order:  2
  weights_method: linear_distance
  inverse distance powefac:  6
--------------------------------------------------------------------------------
 No possible transport variable defined for scheme kind: fluid
--------------------------------------------------------------------------------
 Loading the fields ...
 Number of fields to load:            1
 No field table and scheme table are defined.Loading field data from config
 Loading field: 
 Loading the fluid properties.
 Loading fluid informations
 loading space time function from key: kinematic_viscosity
 Spacetime function is a const value:    3.2700000000000000E-006
 St-fun is not a table, thus setting global shape.
 No nonNewtonian table defined
 No turbulence table defined
--------------------------------------------------------------------------------
--------------------------------------------------------------------------------
  Loading initial conditions
Loading spatial for pressure
 Load spatial as single constant
   Spatial for pressure is a defined as const
value =    3.388E+06
Loading spatial for velocityX
 Load spatial as single constant
   Spatial for velocityX is a defined as const
value =    0.000E+00
Loading spatial for velocityY
 Load spatial as single constant
   Spatial for velocityY is a defined as const
value =    0.000E+00
Loading spatial for velocityZ
 Load spatial as single constant
   Spatial for velocityZ is a defined as const
value =    0.000E+00
Loading spatial for Sxx
 Load spatial as single constant
 ERROR: Fatal error occured in loading scalar constants
 WARNING: variable is non-existent!
 Setting kind to be "none" and value =    0.000E+00 for all 1 components
   Spatial for Sxx is a defined as none
Loading spatial for Syy
 Load spatial as single constant
 ERROR: Fatal error occured in loading scalar constants
 WARNING: variable is non-existent!
 Setting kind to be "none" and value =    0.000E+00 for all 1 components
   Spatial for Syy is a defined as none
Loading spatial for Szz
 Load spatial as single constant
 ERROR: Fatal error occured in loading scalar constants
 WARNING: variable is non-existent!
 Setting kind to be "none" and value =    0.000E+00 for all 1 components
   Spatial for Szz is a defined as none
Loading spatial for Sxy
 Load spatial as single constant
 ERROR: Fatal error occured in loading scalar constants
 WARNING: variable is non-existent!
 Setting kind to be "none" and value =    0.000E+00 for all 1 components
   Spatial for Sxy is a defined as none
Loading spatial for Syz
 Load spatial as single constant
 ERROR: Fatal error occured in loading scalar constants
 WARNING: variable is non-existent!
 Setting kind to be "none" and value =    0.000E+00 for all 1 components
   Spatial for Syz is a defined as none
Loading spatial for Sxz
 Load spatial as single constant
 ERROR: Fatal error occured in loading scalar constants
 WARNING: variable is non-existent!
 Setting kind to be "none" and value =    0.000E+00 for all 1 components
   Spatial for Sxz is a defined as none
--------------------------------------------------------------------------------
  Loading BC header
   Found BC wall of kind wall_libb
   Found BC inlet of kind adaptive_flux_pressure
   Found BC outlet_01 of kind pressure_eq
   Found BC outlet_02 of kind pressure_eq
   Found BC outlet_03 of kind pressure_eq
 matching boundary defination in lua to mesh
 Number of Boundaries: 5
--------------------------------------------------------------------------------
 Loading boundary definition for nBCs: 5
   Boundary: 1
    Curved:  F
     Wall LIBB treatment: wall
    Default qVal:   0.50000000000000000     
   required neighbors: 0
   Boundary: 2
    Curved:  F
    Adaptive global flux/pressure treatment for inlet
  Loading bc state for mass_flowrate
 Expected variable mass_flowrate is defined
 Did not find a variable name for mass_flowrate
 Trying to load it as an anonymous space time function
 loading space time function from key: mass_flowrate
 Spacetime function is a const value:    2.8901803804796421E-012
 St-fun is not a table, thus setting global shape.
 Found a spacetime function for mass_flowrate
    Default qVal:   0.50000000000000000     
   required neighbors: 2
   Boundary: 3
    Curved:  F
     Outlet pressure equilibrium type for outlet_01
  Loading bc state for pressure
 Expected variable pressure is defined
 Did not find a variable name for pressure
 Trying to load it as an anonymous space time function
 loading space time function from key: pressure
 St-fun is not a table, thus setting global shape.
 Found a spacetime function for pressure
    Default qVal:   0.50000000000000000     
   required neighbors: 2
   Boundary: 4
    Curved:  F
     Outlet pressure equilibrium type for outlet_02
  Loading bc state for pressure
 Expected variable pressure is defined
 Did not find a variable name for pressure
 Trying to load it as an anonymous space time function
 loading space time function from key: pressure
 St-fun is not a table, thus setting global shape.
 Found a spacetime function for pressure
    Default qVal:   0.50000000000000000     
   required neighbors: 2
   Boundary: 5
    Curved:  F
     Outlet pressure equilibrium type for outlet_03
  Loading bc state for pressure
 Expected variable pressure is defined
 Did not find a variable name for pressure
 Trying to load it as an anonymous space time function
 loading space time function from key: pressure
 St-fun is not a table, thus setting global shape.
 Found a spacetime function for pressure
    Default qVal:   0.50000000000000000     
   required neighbors: 2
--------------------------------------------------------------------------------
 Loading the mappings from table: source
 Table source could not be opened for reading variable mappings!
--------------------------------------------------------------------------------
 Loading the mappings from table: glob_source
 Table glob_source could not be opened for reading variable mappings!
 Loading transport variables
--------------------------------------------------------------------------------
 Variable table not defined with key: variable
--------------------------------------------------------------------------------
 No Tracking entities found!
--------------------------------------------------------------------------------
--------------------------------------------------------------------------------
 NO particle modelling
--------------------------------------------------------------------------------
--------------------------------------------------------------------------------
 Initializing musubi ...
 Initializing the scheme ...
 Map stencil to treelm definition and vice versa ...
Initializing the moment matrix by stencil: d3q19
 Building variable system for scheme kind: fluid
 Appending auxiliary variables 
 Current append variable wave loop:            1
 Append derive variables to varSys
 Variable pressure_deviation cant be added due to missing input variable pressure_reference
 Error: variable pressure_deviation is not added to variable system
 Appending boundary variables 
 Append derive physical variables to varSys
 Append meshInfo variables to varSys
 Current append variable wave loop:            2
 Append derive variables to varSys
 Appending boundary variables 
 Append derive physical variables to varSys
 Append meshInfo variables to varSys
 Current append variable wave loop:            3
 Append derive variables to varSys
 Appending boundary variables 
 Append derive physical variables to varSys
 Append meshInfo variables to varSys
 Done appending variables to varSys
 Storing state variable position 
 Storing derive variable position 
--------------------------------------------------------------------------------
 Starting to initialize the geometry
--------------------------------------------------------------------------------
 Creating boundary lists ...
BC: wall, iBnd: 1, normal:   0 -1  1, Ind: 8
BC: outlet_02, iBnd: 2, normal:   1  0  1, Ind: 14
BC: outlet_03, iBnd: 3, normal:  -1  0  0, Ind: 1
BC: inlet, iBnd: 4, normal:   0  0 -1, Ind: 3
BC: outlet_01, iBnd: 5, normal:   0 -1 -1, Ind: 7
 Set BC stencil: outlet_02
 Set BC stencil: outlet_03
 Set BC stencil: inlet
 Set BC stencil: outlet_01
 Finalizing stencils...
 Total Number of stencils: 5
 iStencil:  1, label: d3q19
 nElems: 182320
 iStencil:  2, label: outlet_02_TE2TE3_QQN2
 nElems: 158
 iStencil:  3, label: outlet_03_WW2_QQN2
 nElems: 175
 iStencil:  4, label: inlet_BB2_QQN2
 nElems: 223
 iStencil:  5, label: outlet_01_BS2BS3_QQN2
 nElems: 167
 Allocating level Descriptor ...
 Searching the neighbors for each element ...
 Finished searching the neighbors ID for each fluid.
 Creating level descriptor ...
 Building up the element and total list.
 Building level-wise fluid list ...
--------------------------------------------------------------------------------
 Communicating elements ...
Halo count exchange iteration: 1
 Starting all-to-all exchange of halo counts
Finished all-to-all exchanging number of elements
All to all cost: 0.304206E-02
  Finished counting valid procs and nElemsProcs.
   Done communicating nElems to Transfer
  Requesting remote halos on level 9
   Received requested halo elements successfully.
 Finished requesting remote halos
   Done requesting remote halos.
   Identifying lists
 Done exchanging number of elements to communicate.
Return halo counts and Redefine halos ...
  Returning halo counts on level 9
   Redefining halos ... 
   Done communicating stencil buffer
   Done communicating stencil buffer
   Done communicating stencil buffer
 Done with communication of elements. 
--------------------------------------------------------------------------------

--------------------------------------------------------------------------------
 Communicating elements ...
Halo count exchange iteration: 1
 Starting all-to-all exchange of halo counts
Finished all-to-all exchanging number of elements
All to all cost: 0.455531E-03
  Finished counting valid procs and nElemsProcs.
   Done communicating nElems to Transfer
  Requesting remote halos on level 9
   Received requested halo elements successfully.
 Finished requesting remote halos
   Done requesting remote halos.
   Identifying lists
 Done exchanging number of elements to communicate.
Return halo counts and Redefine halos ...
  Returning halo counts on level 9
   Redefining halos ... 
   Done communicating stencil buffer
   Done communicating stencil buffer
   Done communicating stencil buffer
 Done with communication of elements. 
--------------------------------------------------------------------------------

 Assembling total list ...
     Level: 9
    nElems: 45980
       fluid: 45580
gFromCoarser: 0
  gFromFiner: 0
        halo: 400
 Updating dependencies ...
 Updating the stencil entries
  Updating entries in the element stencils...
 Finished building up element and total list. 
Build neighbor array for stencil: 1
 level:  9, nElems to treat: 45980
Build neighbor array for stencil: 2
 level:  9, nElems to treat: 158
--------------------------------------------------------------------------------

Try to remove solid from BC: outlet_02
 Removed 28 elements on level 9
Try to remove solid from BC: outlet_03
Try to remove solid from BC: inlet
Try to remove solid from BC: outlet_01
 Build vertical dep ...
 Total number of elements on Level: 9
   Fluid:   182320
 Global Elements information:
   nElems overall: 185060
   nElems ghost from finer: 0
   nElems ghost from coarser: 0
 
Start filling field BC neighbor list 
 Allocating PDF state, neighbor and bcBuffer array
 nSize of state array: 45980
 Building state array connectivity ...
 Done with state array connectivity.
Set halo elements comm links
Amount of message per proc: 7914
Communication amount compressed to [%]: 60.81

--------------------------------------------------------------------------------
Done initializing geometry. Took [s]      0.24
--------------------------------------------------------------------------------

 Simulation time homogenize:
  iterations:            0
  simTime   :    0.0000000000000000     
  wallClock :    2.1153830000000002E-003
 Time control homogenize:
 +-------------------------------------------+
Iterations between trigger checks: 1
  - Min:
  iterations:            0
 
  - Max:
  iterations:       239502
 
  - Interval:
  iterations:         1198
 +-------------------------------------------+
Initialize fluid
  Set relaxation parameter from kinematic viscosity
Fluid properties:
  Reference density rho0:  1.0000000
  Kinematic viscosity STfun kind: const
Kinematic viscosity, (min, max) on level: 9
  Physical: ( 0.0000033, 0.0000033)
  Lattice: ( 0.1666667, 0.1666667)
  Kinematic omega (min,max):( 1.0000000, 1.0000000)
 viscBulk lattice and omega: 
  viscBulk:   0.1111111
  omegaBulk:  1.0000000
Magic lambda for TRT:  0.2500000
HRR sigma:  0.9800000
DRT tauN:  0.7000000
No nonNewtonian table defined.
--------------------------------------------------------------------------------
 Allocate gradient data ...
 Filling gradient data ...
--------------------------------------------------------------------------------
 Create subtree for all space time functions stored 
 in linked list of spacetime function
 Done creating subtree for   0 spacetime functions
--------------------------------------------------------------------------------
--------------------------------------------------------------------------------
 Initializing Source terms ...
 No active source terms
--------------------------------------------------------------------------------
 Initializing transport variables ...
 No active transport variables
  Pulling pdfs from neighbor elements before collision
 Initializing restart...
 Time control homogenize:
 +-------------------------------------------+
Iterations between trigger checks: 1
  - Min:
  iterations:       119751
 
  - Max:
  iterations:       239502
 
  - Interval:
  iterations:       119751
 +-------------------------------------------+
 Auxiliary field halo communication DEACTIVATED.
Initialize BndForce
 Initializing IBM surface data
--------------------------------------------------------------------------------

--------------------------------------------------------------------------------
Initialize flow
 Initialize compute kernel for scheme kind: fluid
 Choosing fluid relaxation model: bgk for layout d3q19
 mus_load_particles: no particle table found
Initialize 5 boundary conditions
 Initializing BC: wall
 Initializing BC: outlet_02
 Initializing BC: outlet_03
 Initializing BC: inlet
 Initializing BC: outlet_01
--------------------------------------------------------------------------------
 Starting Musubi MAIN loop with time control:
 +-------------------------------------------+
Iterations between trigger checks: 1
  - Min:
  iterations:            0
 
  - Max:
  iterations:       239502
 
  - Interval:
  iterations:         1198
 +-------------------------------------------+
Select fast single level control routine.
Particulate flow simulations disabled!
--------------------------------------------------------------------------------
  iterations:            0
  simTime   :    0.0000000000000000     
  wallClock :    2.1153830000000002E-003
      field |       total density
          1 |  182.3200000000E+03

  iterations:         1198
  simTime   :    2.4424057084606865E-006
  wallClock :    19.187378816999999     
      field |       total density
          1 |  182.3213645122E+03

  iterations:         2396
  simTime   :    4.8848114169215457E-006
  wallClock :    36.661099454000002     
      field |       total density
          1 |  182.3224520162E+03

  iterations:         3594
  simTime   :    7.3272171253826904E-006
  wallClock :    56.547911649000000     
      field |       total density
          1 |  182.3233942499E+03

  iterations:         4792
  simTime   :    9.7696228338438351E-006
  wallClock :    77.520189821000002     
      field |       total density
          1 |  182.3242092129E+03

  iterations:         5990
  simTime   :    1.2212028542304980E-005
  wallClock :    99.966530273999993     
      field |       total density
          1 |  182.3249119467E+03

  iterations:         7188
  simTime   :    1.4654434250766125E-005
  wallClock :    120.69831450700001     
      field |       total density
          1 |  182.3255161910E+03

  iterations:         8386
  simTime   :    1.7096839959227268E-005
  wallClock :    141.51502340400000     
      field |       total density
          1 |  182.3260344616E+03

  iterations:         9584
  simTime   :    1.9539245667688412E-005
  wallClock :    163.06153573500001     
      field |       total density
          1 |  182.3264780373E+03

  iterations:        10782
  simTime   :    2.1981651376149557E-005
  wallClock :    183.92126313399999     
      field |       total density
          1 |  182.3268569791E+03

  iterations:        11980
  simTime   :    2.4424057084610702E-005
  wallClock :    211.08999916600001     
      field |       total density
          1 |  182.3271801849E+03

  iterations:        13178
  simTime   :    2.6866462793071846E-005
  wallClock :    237.96229399600000     
      field |       total density
          1 |  182.3274554684E+03

  iterations:        14376
  simTime   :    2.9308868501532991E-005
  wallClock :    264.48230742499999     
      field |       total density
          1 |  182.3276896512E+03

  iterations:        15574
  simTime   :    3.1751274209994136E-005
  wallClock :    289.09179324799999     
      field |       total density
          1 |  182.3278886593E+03

  iterations:        16772
  simTime   :    3.4193679918455281E-005
  wallClock :    312.22425310900002     
      field |       total density
          1 |  182.3280576200E+03

  iterations:        17970
  simTime   :    3.6636085626916425E-005
  wallClock :    338.29294671500003     
      field |       total density
          1 |  182.3282009544E+03

  iterations:        19168
  simTime   :    3.9078491335377570E-005
  wallClock :    360.69028645100002     
      field |       total density
          1 |  182.3283224632E+03

  iterations:        20366
  simTime   :    4.1520897043838715E-005
  wallClock :    381.87035444999998     
      field |       total density
          1 |  182.3284254060E+03

  iterations:        21564
  simTime   :    4.3963302752299859E-005
  wallClock :    405.55923486500001     
      field |       total density
          1 |  182.3285125720E+03

  iterations:        22762
  simTime   :    4.6405708460761004E-005
  wallClock :    429.55183038299998     
      field |       total density
          1 |  182.3285863436E+03

  iterations:        23960
  simTime   :    4.8848114169222149E-005
  wallClock :    450.79787577899998     
      field |       total density
          1 |  182.3286487529E+03

  iterations:        25158
  simTime   :    5.1290519877683293E-005
  wallClock :    470.62977641300000     
      field |       total density
          1 |  182.3287015302E+03

  iterations:        26356
  simTime   :    5.3732925586144438E-005
  wallClock :    489.99838389100000     
      field |       total density
          1 |  182.3287461475E+03

  iterations:        27554
  simTime   :    5.6175331294605583E-005
  wallClock :    508.77881497499999     
      field |       total density
          1 |  182.3287838554E+03

  iterations:        28752
  simTime   :    5.8617737003066728E-005
  wallClock :    528.34672651899996     
      field |       total density
          1 |  182.3288157158E+03

  iterations:        29950
  simTime   :    6.1060142711527872E-005
  wallClock :    548.21928022999998     
      field |       total density
          1 |  182.3288426295E+03

  iterations:        31148
  simTime   :    6.3502548419989017E-005
  wallClock :    567.64523338699996     
      field |       total density
          1 |  182.3288653598E+03

  iterations:        32346
  simTime   :    6.5944954128450162E-005
  wallClock :    587.95011271299995     
      field |       total density
          1 |  182.3288845537E+03

  iterations:        33544
  simTime   :    6.8387359836911306E-005
  wallClock :    607.66324216500004     
      field |       total density
          1 |  182.3289007589E+03

  iterations:        34742
  simTime   :    7.0829765545372451E-005
  wallClock :    628.54717604500001     
      field |       total density
          1 |  182.3289144389E+03

  iterations:        35940
  simTime   :    7.3272171253833596E-005
  wallClock :    648.05272363799997     
      field |       total density
          1 |  182.3289259856E+03

  iterations:        37138
  simTime   :    7.5714576962294741E-005
  wallClock :    667.95396611599995     
      field |       total density
          1 |  182.3289357308E+03

  iterations:        38336
  simTime   :    7.8156982670755885E-005
  wallClock :    687.89306139500002     
      field |       total density
          1 |  182.3289439548E+03

  iterations:        39534
  simTime   :    8.0599388379217030E-005
  wallClock :    709.12692464600002     
      field |       total density
          1 |  182.3289508943E+03

  iterations:        40732
  simTime   :    8.3041794087678175E-005
  wallClock :    730.85803746500005     
      field |       total density
          1 |  182.3289567496E+03

  iterations:        41930
  simTime   :    8.5484199796139319E-005
  wallClock :    752.84574517700003     
      field |       total density
          1 |  182.3289616897E+03

  iterations:        43128
  simTime   :    8.7926605504600464E-005
  wallClock :    774.52576850299999     
      field |       total density
          1 |  182.3289658575E+03

  iterations:        44326
  simTime   :    9.0369011213061609E-005
  wallClock :    797.28373075599995     
      field |       total density
          1 |  182.3289693735E+03

  iterations:        45524
  simTime   :    9.2811416921522753E-005
  wallClock :    818.44272267500003     
      field |       total density
          1 |  182.3289723395E+03

  iterations:        46722
  simTime   :    9.5253822629983898E-005
  wallClock :    839.77119010100000     
      field |       total density
          1 |  182.3289748414E+03

  iterations:        47920
  simTime   :    9.7696228338445043E-005
  wallClock :    861.39917411700003     
      field |       total density
          1 |  182.3289769518E+03

  iterations:        49118
  simTime   :    1.0013863404690619E-004
  wallClock :    884.05939717299998     
      field |       total density
          1 |  182.3289787318E+03

  iterations:        50316
  simTime   :    1.0258103975536733E-004
  wallClock :    904.75384460900000     
      field |       total density
          1 |  182.3289802332E+03

  iterations:        51514
  simTime   :    1.0502344546382848E-004
  wallClock :    928.03275080499998     
      field |       total density
          1 |  182.3289814996E+03

  iterations:        52712
  simTime   :    1.0746585117228962E-004
  wallClock :    954.56068806899998     
      field |       total density
          1 |  182.3289825676E+03

  iterations:        53910
  simTime   :    1.0990825688075077E-004
  wallClock :    975.77652824799998     
      field |       total density
          1 |  182.3289834684E+03

  iterations:        55108
  simTime   :    1.1235066258921191E-004
  wallClock :    997.53927662100000     
      field |       total density
          1 |  182.3289842281E+03

  iterations:        56306
  simTime   :    1.1479306829767306E-004
  wallClock :    1018.6305930480000     
      field |       total density
          1 |  182.3289848688E+03

  iterations:        57504
  simTime   :    1.1723547400613420E-004
  wallClock :    1039.4574843720000     
      field |       total density
          1 |  182.3289854092E+03

  iterations:        58702
  simTime   :    1.1967787971459535E-004
  wallClock :    1061.6202769399999     
      field |       total density
          1 |  182.3289858649E+03

  iterations:        59900
  simTime   :    1.2212028542305648E-004
  wallClock :    1082.4947194160000     
      field |       total density
          1 |  182.3289862492E+03

  iterations:        61098
  simTime   :    1.2456269113151762E-004
  wallClock :    1105.3091203940000     
      field |       total density
          1 |  182.3289865733E+03

  iterations:        62296
  simTime   :    1.2700509683997877E-004
  wallClock :    1130.0970668089999     
      field |       total density
          1 |  182.3289868466E+03

  iterations:        63494
  simTime   :    1.2944750254843991E-004
  wallClock :    1151.8586116130000     
      field |       total density
          1 |  182.3289870771E+03

  iterations:        64692
  simTime   :    1.3188990825690106E-004
  wallClock :    1175.4523253580001     
      field |       total density
          1 |  182.3289872715E+03

  iterations:        65890
  simTime   :    1.3433231396536220E-004
  wallClock :    1196.3814435190000     
      field |       total density
          1 |  182.3289874354E+03

  iterations:        67088
  simTime   :    1.3677471967382334E-004
  wallClock :    1217.6819256000001     
      field |       total density
          1 |  182.3289875737E+03

  iterations:        68286
  simTime   :    1.3921712538228449E-004
  wallClock :    1238.6428453240001     
      field |       total density
          1 |  182.3289876902E+03

  iterations:        69484
  simTime   :    1.4165953109074563E-004
  wallClock :    1260.1696359640000     
      field |       total density
          1 |  182.3289877886E+03

  iterations:        70682
  simTime   :    1.4410193679920678E-004
  wallClock :    1282.7009416090000     
      field |       total density
          1 |  182.3289878715E+03

  iterations:        71880
  simTime   :    1.4654434250766792E-004
  wallClock :    1304.8162967940000     
      field |       total density
          1 |  182.3289879414E+03

  iterations:        73078
  simTime   :    1.4898674821612907E-004
  wallClock :    1326.3110965270000     
      field |       total density
          1 |  182.3289880003E+03

  iterations:        74276
  simTime   :    1.5142915392459021E-004
  wallClock :    1347.7260293740001     
      field |       total density
          1 |  182.3289880500E+03

  iterations:        75474
  simTime   :    1.5387155963305136E-004
  wallClock :    1371.4094149470000     
      field |       total density
          1 |  182.3289880920E+03

  iterations:        76672
  simTime   :    1.5631396534151250E-004
  wallClock :    1392.7056866870000     
      field |       total density
          1 |  182.3289881273E+03

  iterations:        77870
  simTime   :    1.5875637104997365E-004
  wallClock :    1415.5498528959999     
      field |       total density
          1 |  182.3289881571E+03

  iterations:        79068
  simTime   :    1.6119877675843479E-004
  wallClock :    1437.7648355710000     
      field |       total density
          1 |  182.3289881823E+03

  iterations:        80266
  simTime   :    1.6364118246689594E-004
  wallClock :    1460.5512983440001     
      field |       total density
          1 |  182.3289882035E+03

  iterations:        81464
  simTime   :    1.6608358817535708E-004
  wallClock :    1484.1623672440001     
      field |       total density
          1 |  182.3289882213E+03

  iterations:        82662
  simTime   :    1.6852599388381823E-004
  wallClock :    1505.7480889000001     
      field |       total density
          1 |  182.3289882364E+03

  iterations:        83860
  simTime   :    1.7096839959227937E-004
  wallClock :    1530.3810961790000     
      field |       total density
          1 |  182.3289882491E+03

  iterations:        85058
  simTime   :    1.7341080530074052E-004
  wallClock :    1555.5136050569999     
      field |       total density
          1 |  182.3289882599E+03

  iterations:        86256
  simTime   :    1.7585321100920166E-004
  wallClock :    1576.1526650379999     
      field |       total density
          1 |  182.3289882689E+03

  iterations:        87454
  simTime   :    1.7829561671766280E-004
  wallClock :    1598.6225068230001     
      field |       total density
          1 |  182.3289882765E+03

  iterations:        88652
  simTime   :    1.8073802242612395E-004
  wallClock :    1620.2055648070000     
      field |       total density
          1 |  182.3289882829E+03

  iterations:        89850
  simTime   :    1.8318042813458509E-004
  wallClock :    1641.6251758040000     
      field |       total density
          1 |  182.3289882884E+03

  iterations:        91048
  simTime   :    1.8562283384304624E-004
  wallClock :    1665.7901431920000     
      field |       total density
          1 |  182.3289882929E+03

  iterations:        92246
  simTime   :    1.8806523955150738E-004
  wallClock :    1687.1425314959999     
      field |       total density
          1 |  182.3289882968E+03

  iterations:        93444
  simTime   :    1.9050764525996853E-004
  wallClock :    1708.2652791309999     
      field |       total density
          1 |  182.3289883000E+03

  iterations:        94642
  simTime   :    1.9295005096842967E-004
  wallClock :    1730.8806453950001     
      field |       total density
          1 |  182.3289883028E+03

  iterations:        95840
  simTime   :    1.9539245667689082E-004
  wallClock :    1752.9333461670001     
      field |       total density
          1 |  182.3289883051E+03

  iterations:        97038
  simTime   :    1.9783486238535196E-004
  wallClock :    1774.9041817520001     
      field |       total density
          1 |  182.3289883070E+03

  iterations:        98236
  simTime   :    2.0027726809381311E-004
  wallClock :    1795.6358445450001     
      field |       total density
          1 |  182.3289883087E+03

  iterations:        99434
  simTime   :    2.0271967380227425E-004
  wallClock :    1816.5805905459999     
      field |       total density
          1 |  182.3289883101E+03

  iterations:       100632
  simTime   :    2.0516207951073540E-004
  wallClock :    1837.0865620100001     
      field |       total density
          1 |  182.3289883112E+03

  iterations:       101830
  simTime   :    2.0760448521919654E-004
  wallClock :    1860.7547652799999     
      field |       total density
          1 |  182.3289883122E+03

  iterations:       103028
  simTime   :    2.1004689092765769E-004
  wallClock :    1882.9607410980000     
      field |       total density
          1 |  182.3289883131E+03

  iterations:       104226
  simTime   :    2.1248929663611883E-004
  wallClock :    1907.6584540710001     
      field |       total density
          1 |  182.3289883138E+03

  iterations:       105424
  simTime   :    2.1493170234457998E-004
  wallClock :    1929.5348849190000     
      field |       total density
          1 |  182.3289883144E+03

  iterations:       106622
  simTime   :    2.1737410805304112E-004
  wallClock :    1950.6782199710001     
      field |       total density
          1 |  182.3289883149E+03

  iterations:       107820
  simTime   :    2.1981651376150226E-004
  wallClock :    1973.5573695390001     
      field |       total density
          1 |  182.3289883153E+03

  iterations:       109018
  simTime   :    2.2225891946996341E-004
  wallClock :    1996.7443897880000     
      field |       total density
          1 |  182.3289883156E+03

  iterations:       110216
  simTime   :    2.2470132517842455E-004
  wallClock :    2020.3962538840001     
      field |       total density
          1 |  182.3289883159E+03

  iterations:       111414
  simTime   :    2.2714373088688570E-004
  wallClock :    2041.1698687099999     
      field |       total density
          1 |  182.3289883162E+03

  iterations:       112612
  simTime   :    2.2958613659534684E-004
  wallClock :    2061.7127350149999     
      field |       total density
          1 |  182.3289883164E+03

  iterations:       113810
  simTime   :    2.3202854230380799E-004
  wallClock :    2082.9344282580000     
      field |       total density
          1 |  182.3289883166E+03

  iterations:       115008
  simTime   :    2.3447094801226913E-004
  wallClock :    2102.2140389900001     
      field |       total density
          1 |  182.3289883167E+03

  iterations:       116206
  simTime   :    2.3691335372073028E-004
  wallClock :    2124.4105475629999     
      field |       total density
          1 |  182.3289883169E+03

  iterations:       117404
  simTime   :    2.3935575942919142E-004
  wallClock :    2146.0384215869999     
      field |       total density
          1 |  182.3289883170E+03

  iterations:       118602
  simTime   :    2.4179816513765257E-004
  wallClock :    2167.5597579609998     
      field |       total density
          1 |  182.3289883170E+03

ADAPTIVE_FLUX_PRESSURE iter=119751 target_lattice= 6.9748043809647912E-004 controlled_lattice= 6.9748043809921944E-004 relative_error= 3.9288858027844170E-012 rho_boundary= 1.0001568797779761E+000 pressure_pa= 3.3880421519296449E+006 max_lattice_velocity= 8.2662474950914920E-006 minimum_pdf= 2.7781445775337043E-002 globBC_count=223
  Writing restart at:
  iterations:       119751
  simTime   :    2.4414067278291288E-004
  wallClock :    2188.4653319549998     
 Done writing
  iterations:       119800
  simTime   :    2.4424057084611371E-004
  wallClock :    2189.6541845639999     
      field |       total density
          1 |  182.3289883171E+03

  iterations:       120998
  simTime   :    2.4668297655457486E-004
  wallClock :    2211.5711639149999     
      field |       total density
          1 |  182.3289883172E+03

  iterations:       122196
  simTime   :    2.4912538226303600E-004
  wallClock :    2233.5814947469999     
      field |       total density
          1 |  182.3289883172E+03

  iterations:       123394
  simTime   :    2.5156778797149715E-004
  wallClock :    2256.2740274990001     
      field |       total density
          1 |  182.3289883173E+03

  iterations:       124592
  simTime   :    2.5401019367995829E-004
  wallClock :    2278.1564735289999     
      field |       total density
          1 |  182.3289883173E+03

  iterations:       125790
  simTime   :    2.5645259938841944E-004
  wallClock :    2299.7640463789999     
      field |       total density
          1 |  182.3289883174E+03

  iterations:       126988
  simTime   :    2.5889500509688058E-004
  wallClock :    2321.3350869139999     
      field |       total density
          1 |  182.3289883174E+03

  iterations:       128186
  simTime   :    2.6133741080534172E-004
  wallClock :    2343.2513816569999     
      field |       total density
          1 |  182.3289883174E+03

  iterations:       129384
  simTime   :    2.6377981651380287E-004
  wallClock :    2365.3753205309999     
      field |       total density
          1 |  182.3289883174E+03

  iterations:       130582
  simTime   :    2.6622222222226401E-004
  wallClock :    2386.5803211460002     
      field |       total density
          1 |  182.3289883174E+03

  iterations:       131780
  simTime   :    2.6866462793072516E-004
  wallClock :    2408.5159666089999     
      field |       total density
          1 |  182.3289883175E+03

  iterations:       132978
  simTime   :    2.7110703363918630E-004
  wallClock :    2430.3788566950002     
      field |       total density
          1 |  182.3289883175E+03

  iterations:       134176
  simTime   :    2.7354943934764745E-004
  wallClock :    2452.2392446959998     
      field |       total density
          1 |  182.3289883175E+03

  iterations:       135374
  simTime   :    2.7599184505610859E-004
  wallClock :    2474.2898157400000     
      field |       total density
          1 |  182.3289883175E+03

  iterations:       136572
  simTime   :    2.7843425076456974E-004
  wallClock :    2496.6206617879998     
      field |       total density
          1 |  182.3289883175E+03

  iterations:       137770
  simTime   :    2.8087665647303088E-004
  wallClock :    2518.6260843890000     
      field |       total density
          1 |  182.3289883175E+03

  iterations:       138968
  simTime   :    2.8331906218149203E-004
  wallClock :    2540.6139435000000     
      field |       total density
          1 |  182.3289883175E+03

  iterations:       140166
  simTime   :    2.8576146788995317E-004
  wallClock :    2562.5791350260001     
      field |       total density
          1 |  182.3289883175E+03

  iterations:       141364
  simTime   :    2.8820387359841432E-004
  wallClock :    2583.7027632640002     
      field |       total density
          1 |  182.3289883175E+03

  iterations:       142562
  simTime   :    2.9064627930687546E-004
  wallClock :    2604.3040276150000     
      field |       total density
          1 |  182.3289883175E+03

  iterations:       143760
  simTime   :    2.9308868501533661E-004
  wallClock :    2626.2440373579998     
      field |       total density
          1 |  182.3289883175E+03

  iterations:       144958
  simTime   :    2.9553109072379775E-004
  wallClock :    2647.2986755329998     
      field |       total density
          1 |  182.3289883175E+03

  iterations:       146156
  simTime   :    2.9797349643225890E-004
  wallClock :    2670.2066799700001     
      field |       total density
          1 |  182.3289883175E+03

  iterations:       147354
  simTime   :    3.0041590214072004E-004
  wallClock :    2692.7832179850002     
      field |       total density
          1 |  182.3289883175E+03

  iterations:       148552
  simTime   :    3.0285830784918118E-004
  wallClock :    2716.0422023780002     
      field |       total density
          1 |  182.3289883175E+03

  iterations:       149750
  simTime   :    3.0530071355764233E-004
  wallClock :    2739.0179844840000     
      field |       total density
          1 |  182.3289883175E+03

  iterations:       150948
  simTime   :    3.0774311926610347E-004
  wallClock :    2760.2565462060002     
      field |       total density
          1 |  182.3289883175E+03

  iterations:       152146
  simTime   :    3.1018552497456462E-004
  wallClock :    2781.7955712560001     
      field |       total density
          1 |  182.3289883175E+03

  iterations:       153344
  simTime   :    3.1262793068302576E-004
  wallClock :    2803.9717582520002     
      field |       total density
          1 |  182.3289883175E+03

  iterations:       154542
  simTime   :    3.1507033639148691E-004
  wallClock :    2825.0799553980000     
      field |       total density
          1 |  182.3289883175E+03

  iterations:       155740
  simTime   :    3.1751274209994805E-004
  wallClock :    2845.4698121790002     
      field |       total density
          1 |  182.3289883175E+03

  iterations:       156938
  simTime   :    3.1995514780840920E-004
  wallClock :    2867.0618724910000     
      field |       total density
          1 |  182.3289883175E+03

  iterations:       158136
  simTime   :    3.2239755351687034E-004
  wallClock :    2888.2271317609998     
      field |       total density
          1 |  182.3289883175E+03

  iterations:       159334
  simTime   :    3.2483995922533149E-004
  wallClock :    2912.3441244020000     
      field |       total density
          1 |  182.3289883175E+03

  iterations:       160532
  simTime   :    3.2728236493379263E-004
  wallClock :    2932.6051983809998     
      field |       total density
          1 |  182.3289883175E+03

  iterations:       161730
  simTime   :    3.2972477064225378E-004
  wallClock :    2953.5299524860002     
      field |       total density
          1 |  182.3289883175E+03

  iterations:       162928
  simTime   :    3.3216717635071492E-004
  wallClock :    2973.9117141480001     
      field |       total density
          1 |  182.3289883175E+03

  iterations:       164126
  simTime   :    3.3460958205917607E-004
  wallClock :    2995.3145295069999     
      field |       total density
          1 |  182.3289883175E+03

  iterations:       165324
  simTime   :    3.3705198776763721E-004
  wallClock :    3017.2341684869998     
      field |       total density
          1 |  182.3289883175E+03

  iterations:       166522
  simTime   :    3.3949439347609836E-004
  wallClock :    3041.2373644750000     
      field |       total density
          1 |  182.3289883175E+03

  iterations:       167720
  simTime   :    3.4193679918455950E-004
  wallClock :    3063.3468247669998     
      field |       total density
          1 |  182.3289883175E+03

  iterations:       168918
  simTime   :    3.4437920489302064E-004
  wallClock :    3085.7386618020000     
      field |       total density
          1 |  182.3289883175E+03

  iterations:       170116
  simTime   :    3.4682161060148179E-004
  wallClock :    3107.4587056189998     
      field |       total density
          1 |  182.3289883175E+03

  iterations:       171314
  simTime   :    3.4926401630994293E-004
  wallClock :    3128.6116848229999     
      field |       total density
          1 |  182.3289883175E+03

  iterations:       172512
  simTime   :    3.5170642201840408E-004
  wallClock :    3149.7692329930001     
      field |       total density
          1 |  182.3289883175E+03

  iterations:       173710
  simTime   :    3.5414882772686522E-004
  wallClock :    3172.7741554790000     
      field |       total density
          1 |  182.3289883175E+03

  iterations:       174908
  simTime   :    3.5659123343532637E-004
  wallClock :    3194.5893124370000     
      field |       total density
          1 |  182.3289883175E+03

  iterations:       176106
  simTime   :    3.5903363914378751E-004
  wallClock :    3218.5715872520000     
      field |       total density
          1 |  182.3289883175E+03

  iterations:       177304
  simTime   :    3.6147604485224866E-004
  wallClock :    3239.4328352260000     
      field |       total density
          1 |  182.3289883175E+03

  iterations:       178502
  simTime   :    3.6391845056070980E-004
  wallClock :    3260.5807614139999     
      field |       total density
          1 |  182.3289883175E+03

  iterations:       179700
  simTime   :    3.6636085626917095E-004
  wallClock :    3289.2746308040000     
      field |       total density
          1 |  182.3289883175E+03

  iterations:       180898
  simTime   :    3.6880326197763209E-004
  wallClock :    3317.5108702210000     
      field |       total density
          1 |  182.3289883175E+03

  iterations:       182096
  simTime   :    3.7124566768609324E-004
  wallClock :    3343.3017434789999     
      field |       total density
          1 |  182.3289883175E+03

  iterations:       183294
  simTime   :    3.7368807339455438E-004
  wallClock :    3371.6016549149999     
      field |       total density
          1 |  182.3289883175E+03

  iterations:       184492
  simTime   :    3.7613047910301553E-004
  wallClock :    3397.7077662269999     
      field |       total density
          1 |  182.3289883175E+03

  iterations:       185690
  simTime   :    3.7857288481147667E-004
  wallClock :    3424.1858402700000     
      field |       total density
          1 |  182.3289883175E+03

  iterations:       186888
  simTime   :    3.8101529051993782E-004
  wallClock :    3448.9510567200000     
      field |       total density
          1 |  182.3289883175E+03

  iterations:       188086
  simTime   :    3.8345769622839896E-004
  wallClock :    3476.1917180579999     
      field |       total density
          1 |  182.3289883175E+03

  iterations:       189284
  simTime   :    3.8590010193686010E-004
  wallClock :    3504.6513410590001     
      field |       total density
          1 |  182.3289883175E+03

  iterations:       190482
  simTime   :    3.8834250764532125E-004
  wallClock :    3531.0027799860000     
      field |       total density
          1 |  182.3289883175E+03

  iterations:       191680
  simTime   :    3.9078491335378239E-004
  wallClock :    3557.4185517689998     
      field |       total density
          1 |  182.3289883175E+03

  iterations:       192878
  simTime   :    3.9322731906224354E-004
  wallClock :    3582.0866081569998     
      field |       total density
          1 |  182.3289883175E+03

  iterations:       194076
  simTime   :    3.9566972477070468E-004
  wallClock :    3607.1001595930002     
      field |       total density
          1 |  182.3289883175E+03

  iterations:       195274
  simTime   :    3.9811213047916583E-004
  wallClock :    3631.4162894090000     
      field |       total density
          1 |  182.3289883175E+03

  iterations:       196472
  simTime   :    4.0055453618762697E-004
  wallClock :    3655.8165487199999     
      field |       total density
          1 |  182.3289883175E+03

  iterations:       197670
  simTime   :    4.0299694189608812E-004
  wallClock :    3681.2855847890000     
      field |       total density
          1 |  182.3289883175E+03

  iterations:       198868
  simTime   :    4.0543934760454926E-004
  wallClock :    3709.0553559860000     
      field |       total density
          1 |  182.3289883175E+03

  iterations:       200066
  simTime   :    4.0788175331301041E-004
  wallClock :    3735.7581438090001     
      field |       total density
          1 |  182.3289883175E+03

  iterations:       201264
  simTime   :    4.1032415902147155E-004
  wallClock :    3757.4437391729998     
      field |       total density
          1 |  182.3289883175E+03

  iterations:       202462
  simTime   :    4.1276656472993270E-004
  wallClock :    3780.6891328239999     
      field |       total density
          1 |  182.3289883175E+03

  iterations:       203660
  simTime   :    4.1520897043839384E-004
  wallClock :    3806.7309381810001     
      field |       total density
          1 |  182.3289883175E+03

  iterations:       204858
  simTime   :    4.1765137614685499E-004
  wallClock :    3828.9269644330002     
      field |       total density
          1 |  182.3289883175E+03

  iterations:       206056
  simTime   :    4.2009378185531613E-004
  wallClock :    3853.5377882719999     
      field |       total density
          1 |  182.3289883175E+03

  iterations:       207254
  simTime   :    4.2253618756377728E-004
  wallClock :    3879.7632799290000     
      field |       total density
          1 |  182.3289883175E+03

  iterations:       208452
  simTime   :    4.2497859327223842E-004
  wallClock :    3903.6550450529999     
      field |       total density
          1 |  182.3289883175E+03

  iterations:       209650
  simTime   :    4.2742099898069956E-004
  wallClock :    3924.8546369810001     
      field |       total density
          1 |  182.3289883175E+03

  iterations:       210848
  simTime   :    4.2986340468916071E-004
  wallClock :    3946.8154613940001     
      field |       total density
          1 |  182.3289883175E+03

  iterations:       212046
  simTime   :    4.3230581039762185E-004
  wallClock :    3971.3323391419999     
      field |       total density
          1 |  182.3289883175E+03

  iterations:       213244
  simTime   :    4.3474821610608300E-004
  wallClock :    3996.1679508769998     
      field |       total density
          1 |  182.3289883175E+03

  iterations:       214442
  simTime   :    4.3719062181454414E-004
  wallClock :    4017.6582660549998     
      field |       total density
          1 |  182.3289883175E+03

  iterations:       215640
  simTime   :    4.3963302752300529E-004
  wallClock :    4041.0614025640002     
      field |       total density
          1 |  182.3289883175E+03

  iterations:       216838
  simTime   :    4.4207543323146643E-004
  wallClock :    4065.9892351990002     
      field |       total density
          1 |  182.3289883175E+03

  iterations:       218036
  simTime   :    4.4451783893992758E-004
  wallClock :    4089.0045237210002     
      field |       total density
          1 |  182.3289883175E+03

  iterations:       219234
  simTime   :    4.4696024464838872E-004
  wallClock :    4111.4802366360000     
      field |       total density
          1 |  182.3289883175E+03

  iterations:       220432
  simTime   :    4.4940265035684987E-004
  wallClock :    4132.5241600400004     
      field |       total density
          1 |  182.3289883175E+03

  iterations:       221630
  simTime   :    4.5184505606531101E-004
  wallClock :    4154.1805350860004     
      field |       total density
          1 |  182.3289883175E+03

  iterations:       222828
  simTime   :    4.5428746177377216E-004
  wallClock :    4175.1665714060000     
      field |       total density
          1 |  182.3289883175E+03

  iterations:       224026
  simTime   :    4.5672986748223330E-004
  wallClock :    4196.2924867769998     
      field |       total density
          1 |  182.3289883175E+03

  iterations:       225224
  simTime   :    4.5917227319069445E-004
  wallClock :    4219.0652934110003     
      field |       total density
          1 |  182.3289883175E+03

  iterations:       226422
  simTime   :    4.6161467889915559E-004
  wallClock :    4240.4174158240003     
      field |       total density
          1 |  182.3289883175E+03

  iterations:       227620
  simTime   :    4.6405708460761674E-004
  wallClock :    4261.9811846980001     
      field |       total density
          1 |  182.3289883175E+03

  iterations:       228818
  simTime   :    4.6649949031607788E-004
  wallClock :    4282.9022679219997     
      field |       total density
          1 |  182.3289883175E+03

  iterations:       230016
  simTime   :    4.6894189602453902E-004
  wallClock :    4304.2456732569999     
      field |       total density
          1 |  182.3289883175E+03

  iterations:       231214
  simTime   :    4.7138430173300017E-004
  wallClock :    4328.1680672040002     
      field |       total density
          1 |  182.3289883175E+03

  iterations:       232412
  simTime   :    4.7382670744146131E-004
  wallClock :    4352.5335869589999     
      field |       total density
          1 |  182.3289883175E+03

  iterations:       233610
  simTime   :    4.7626911314992246E-004
  wallClock :    4376.7931239139998     
      field |       total density
          1 |  182.3289883175E+03

  iterations:       234808
  simTime   :    4.7871151885838360E-004
  wallClock :    4401.6432564440001     
      field |       total density
          1 |  182.3289883175E+03

  iterations:       236006
  simTime   :    4.8115392456684475E-004
  wallClock :    4425.2498686119998     
      field |       total density
          1 |  182.3289883175E+03

  iterations:       237204
  simTime   :    4.8359633027530589E-004
  wallClock :    4448.7256350970001     
      field |       total density
          1 |  182.3289883175E+03

  iterations:       238402
  simTime   :    4.8603873598376704E-004
  wallClock :    4472.8355871650001     
      field |       total density
          1 |  182.3289883175E+03

ADAPTIVE_FLUX_PRESSURE iter=239502 target_lattice= 6.9748043809647912E-004 controlled_lattice= 6.9748043809776000E-004 relative_error= 1.8364335063934761E-012 rho_boundary= 1.0001568797830342E+000 pressure_pa= 3.3880421519467793E+006 max_lattice_velocity= 8.2662474992090140E-006 minimum_pdf= 2.7781445775477240E-002 globBC_count=223
  Writing restart at:
  iterations:       239502
  simTime   :    4.8828134556582652E-004
  wallClock :    4494.5370019610000     
 Done writing

SUCCESSFUL run!
 Status of the simulation now:
 +--------------------------------------------+
 STATUS:
  * Reached maximal number of iterations
 +--------------------------------------------+

  iterations:       239502
  simTime   :    4.8828134556582652E-004
  wallClock :    4494.5370019610000     
      field |       total density
          1 |  182.3289883175E+03

--------------------------------------------------------------------------------
 Load balance evaluation:
  max CPU cost:   4403.72 (s)
  ave CPU cost:   4359.60 (s)
 imbalance (i.e. max/ave):    101.01%
--------------------------------------------------------------------------------
--------------------------------------------------------------------------------
Boundary timing information:
        wall, min time:   675.68, max time:   994.78
   outlet_02, min time:     2.12, max time:    29.44
   outlet_03, min time:     0.48, max time:    28.42
       inlet, min time:    58.31, max time:   520.44
   outlet_01, min time:     0.49, max time:    20.17
--------------------------------------------------------------------------------
Name:	musubi_adaptive
Umask:	0022
State:	R (running)
Tgid:	564
Ngid:	0
Pid:	564
PPid:	550
TracerPid:	0
Uid:	1000	1000	1000	1000
Gid:	1000	1000	1000	1000
FDSize:	64
Groups:	4 24 27 30 46 100 1000 1001
NStgid:	564
NSpid:	564
NSpgid:	564
NSsid:	536
Kthread:	0
VmPeak:	  448152 kB
VmSize:	  415368 kB
VmLck:	       0 kB
VmPin:	       0 kB
VmHWM:	  128936 kB
VmRSS:	  102304 kB
RssAnon:	   86176 kB
RssFile:	   15744 kB
RssShmem:	     384 kB
VmData:	  103672 kB
VmStk:	     172 kB
VmExe:	    7440 kB
VmLib:	   10244 kB
VmPTE:	     320 kB
VmSwap:	       0 kB
HugetlbPages:	       0 kB
CoreDumping:	0
THP_enabled:	1
untag_mask:	0xffffffffffffffff
Threads:	3
SigQ:	1/31177
SigPnd:	0000000000000000
ShdPnd:	0000000000000000
SigBlk:	0000000000000000
SigIgn:	0000000000000000
SigCgt:	00000001418004fc
CapInh:	0000000000000000
CapPrm:	0000000000000000
CapEff:	0000000000000000
CapBnd:	000001ffffffffff
CapAmb:	0000000000000000
NoNewPrivs:	0
Seccomp:	2
Seccomp_filters:	1
Speculation_Store_Bypass:	thread vulnerable
SpeculationIndirectBranch:	conditional enabled
Cpus_allowed:	000003
Cpus_allowed_list:	0-1
Mems_allowed:	00000000,00000000,00000000,00000000,00000000,00000000,00000000,00000000,00000000,00000000,00000000,00000000,000000
Mems_allowed_list:	0
voluntary_ctxt_switches:	1203
nonvoluntary_ctxt_switches:	8201

 Done with Musubi in    4495.02 s
ADAPTIVE_FLUX_PRESSURE iter=239502 target_lattice= 6.9748043809647912E-004 controlled_lattice= 6.9748043809776000E-004 relative_error= 1.8364335063934761E-012 rho_boundary= 1.0001568797830342E+000 pressure_pa= 3.3880421519467793E+006 max_lattice_velocity= 8.2662474992090140E-006 minimum_pdf= 2.7781445775477240E-002 globBC_count=223
