-----------------------------------------------------------------------------------
 Eq      N-i            T    dB      Ri/R1      Ri/R0       R/Ri    lsIt   dB   %t
-----------------------------------------------------------------------------------
 <PETSC_INITIALIZE>: use linear solver config. from svFSI input.
Mat Object: 8 MPI processes
  type: preallocator
  rows=543408, cols=543408, bs=4
Mat Object: 8 MPI processes
  type: mpiaijcusparse
  rows=543408, cols=543408, bs=4
  total: nonzeros=30298176, allocated nonzeros=30298176
  total number of mallocs used during MatSetValues calls=0
    not using I-node (on process 0) routines
Vec Object: 8 MPI processes
  type: mpicuda
  length=543408, bs=4
Mat Object: 8 MPI processes
  type: mpiaijcusparse
  rows=543408, cols=543408, bs=4
  total: nonzeros=30298176, allocated nonzeros=30298176
  total number of mallocs used during MatSetValues calls=0
    not using I-node (on process 0) routines
Mat Object: 1 MPI process
  type: seqaijcusparse
  rows=68912, cols=68912
  total: nonzeros=3837536, allocated nonzeros=3837536
  total number of mallocs used during MatSetValues calls=0
    not using I-node routines
Mat Object: 1 MPI process
  type: seqaijcusparse
  rows=72192, cols=72192
  total: nonzeros=3986912, allocated nonzeros=3986912
  total number of mallocs used during MatSetValues calls=0
    not using I-node routines
Mat Object: 1 MPI process
  type: seqaijcusparse
  rows=66640, cols=66640
  total: nonzeros=3707264, allocated nonzeros=3707264
  total number of mallocs used during MatSetValues calls=0
    not using I-node routines
Mat Object: 1 MPI process
  type: seqaijcusparse
  rows=68636, cols=68636
  total: nonzeros=3845552, allocated nonzeros=3845552
  total number of mallocs used during MatSetValues calls=0
    not using I-node routines
Mat Object: 1 MPI process
  type: seqaijcusparse
  rows=67164, cols=67164
  total: nonzeros=3742288, allocated nonzeros=3742288
  total number of mallocs used during MatSetValues calls=0
    not using I-node routines
Mat Object: 1 MPI process
  type: seqaijcusparse
  rows=68804, cols=68804
  total: nonzeros=3818960, allocated nonzeros=3818960
  total number of mallocs used during MatSetValues calls=0
    not using I-node routines
Mat Object: 1 MPI process
  type: seqaijcusparse
  rows=63988, cols=63988
  total: nonzeros=3556304, allocated nonzeros=3556304
  total number of mallocs used during MatSetValues calls=0
    not using I-node routines
Mat Object: 1 MPI process
  type: seqaijcusparse
  rows=67072, cols=67072
  total: nonzeros=3727008, allocated nonzeros=3727008
  total number of mallocs used during MatSetValues calls=0
    not using I-node routines
Mat Object: 8 MPI processes
  type: mpiaijcusparse
  rows=543408, cols=543408, bs=4
  total: nonzeros=30298176, allocated nonzeros=30298176
  total number of mallocs used during MatSetValues calls=0
    not using I-node (on process 0) routines
Mat Object: 1 MPI process
  type: seqaijcusparse
  rows=69580, cols=69580, bs=4
  total: nonzeros=3875504, allocated nonzeros=3875504
  total number of mallocs used during MatSetValues calls=0
    not using I-node routines
Mat Object: 1 MPI process
  type: seqaijcusparse
  rows=69516, cols=69516, bs=4
  total: nonzeros=3858960, allocated nonzeros=3858960
  total number of mallocs used during MatSetValues calls=0
    not using I-node routines
Mat Object: 1 MPI process
  type: seqaijcusparse
  rows=65968, cols=65968, bs=4
  total: nonzeros=3669280, allocated nonzeros=3669280
  total number of mallocs used during MatSetValues calls=0
    not using I-node routines
Mat Object: 1 MPI process
  type: seqaijcusparse
  rows=72844, cols=72844, bs=4
  total: nonzeros=4023216, allocated nonzeros=4023216
  total number of mallocs used during MatSetValues calls=0
    not using I-node routines
Mat Object: 1 MPI process
  type: seqaijcusparse
  rows=70144, cols=70144, bs=4
  total: nonzeros=3930176, allocated nonzeros=3930176
  total number of mallocs used during MatSetValues calls=0
    not using I-node routines
Mat Object: 1 MPI process
  type: seqaijcusparse
  rows=69128, cols=69128, bs=4
  total: nonzeros=3843232, allocated nonzeros=3843232
  total number of mallocs used during MatSetValues calls=0
    not using I-node routines
Mat Object: 1 MPI process
  type: seqaijcusparse
  rows=67932, cols=67932, bs=4
  total: nonzeros=3779600, allocated nonzeros=3779600
  total number of mallocs used during MatSetValues calls=0
    not using I-node routines
Mat Object: 1 MPI process
  type: seqaijcusparse
  rows=69204, cols=69204, bs=4
  total: nonzeros=3857872, allocated nonzeros=3857872
  total number of mallocs used during MatSetValues calls=0
    not using I-node routines
Mat Object: 1 MPI process
  type: seqaij
  rows=65968, cols=65968, bs=4
  total: nonzeros=3669280, allocated nonzeros=3669280
  total number of mallocs used during MatSetValues calls=0
    using I-node routines: found 16492 nodes, limit used is 5
Mat Object: 1 MPI process
  type: seqaij
  rows=69516, cols=69516, bs=4
  total: nonzeros=3858960, allocated nonzeros=3858960
  total number of mallocs used during MatSetValues calls=0
    using I-node routines: found 17379 nodes, limit used is 5
Mat Object: 1 MPI process
  type: seqaij
  rows=69128, cols=69128, bs=4
  total: nonzeros=3843232, allocated nonzeros=3843232
  total number of mallocs used during MatSetValues calls=0
    using I-node routines: found 17282 nodes, limit used is 5
Mat Object: 1 MPI process
  type: seqaij
  rows=72844, cols=72844, bs=4
  total: nonzeros=4023216, allocated nonzeros=4023216
  total number of mallocs used during MatSetValues calls=0
    using I-node routines: found 18211 nodes, limit used is 5
Mat Object: 1 MPI process
  type: seqaij
  rows=69204, cols=69204, bs=4
  total: nonzeros=3857872, allocated nonzeros=3857872
  total number of mallocs used during MatSetValues calls=0
    using I-node routines: found 17301 nodes, limit used is 5
Mat Object: 1 MPI process
  type: seqaij
  rows=67932, cols=67932, bs=4
  total: nonzeros=3779600, allocated nonzeros=3779600
  total number of mallocs used during MatSetValues calls=0
    using I-node routines: found 16983 nodes, limit used is 5
Mat Object: 1 MPI process
  type: seqaij
  rows=70144, cols=70144, bs=4
  total: nonzeros=3930176, allocated nonzeros=3930176
  total number of mallocs used during MatSetValues calls=0
    using I-node routines: found 17536 nodes, limit used is 5
Mat Object: 1 MPI process
  type: seqaij
  rows=69580, cols=69580, bs=4
  total: nonzeros=3875504, allocated nonzeros=3875504
  total number of mallocs used during MatSetValues calls=0
    using I-node routines: found 17395 nodes, limit used is 5
  0 KSP unpreconditioned resid norm 7.715430633269e-01 true resid norm 7.715430633269e-01 ||r(i)||/||b|| 1.000000000000e+00
  1 KSP unpreconditioned resid norm 7.579989554759e-01 true resid norm 7.579989554759e-01 ||r(i)||/||b|| 9.824454285252e-01
  2 KSP unpreconditioned resid norm 6.365446023740e-01 true resid norm 6.365446023740e-01 ||r(i)||/||b|| 8.250279636100e-01
  3 KSP unpreconditioned resid norm 5.689081050502e-01 true resid norm 5.689081050502e-01 ||r(i)||/||b|| 7.373640333141e-01
  4 KSP unpreconditioned resid norm 5.421797437626e-01 true resid norm 5.421797437626e-01 ||r(i)||/||b|| 7.027212990869e-01
  5 KSP unpreconditioned resid norm 5.007325702849e-01 true resid norm 5.007325702849e-01 ||r(i)||/||b|| 6.490014544693e-01
  6 KSP unpreconditioned resid norm 4.834178836798e-01 true resid norm 4.834178836798e-01 ||r(i)||/||b|| 6.265598210361e-01
  7 KSP unpreconditioned resid norm 4.656755496050e-01 true resid norm 4.656755496050e-01 ||r(i)||/||b|| 6.035639120350e-01
  8 KSP unpreconditioned resid norm 4.184895849246e-01 true resid norm 4.184895849246e-01 ||r(i)||/||b|| 5.424059975604e-01
  9 KSP unpreconditioned resid norm 4.162471170630e-01 true resid norm 4.162471170630e-01 ||r(i)||/||b|| 5.394995261420e-01
 10 KSP unpreconditioned resid norm 3.929835089621e-01 true resid norm 3.929835089621e-01 ||r(i)||/||b|| 5.093474721522e-01
 11 KSP unpreconditioned resid norm 3.004653001781e-01 true resid norm 3.004653001781e-01 ||r(i)||/||b|| 3.894342577360e-01
 12 KSP unpreconditioned resid norm 2.923981388805e-01 true resid norm 2.923981388805e-01 ||r(i)||/||b|| 3.789783782381e-01
 13 KSP unpreconditioned resid norm 2.871838538568e-01 true resid norm 2.871838538568e-01 ||r(i)||/||b|| 3.722201229034e-01
 14 KSP unpreconditioned resid norm 2.551964126006e-01 true resid norm 2.551964126007e-01 ||r(i)||/||b|| 3.307610744373e-01
 15 KSP unpreconditioned resid norm 2.355203489593e-01 true resid norm 2.355203489594e-01 ||r(i)||/||b|| 3.052588509367e-01
 16 KSP unpreconditioned resid norm 2.342860947060e-01 true resid norm 2.342860947060e-01 ||r(i)||/||b|| 3.036591291428e-01
 17 KSP unpreconditioned resid norm 2.158886504971e-01 true resid norm 2.158886504971e-01 ||r(i)||/||b|| 2.798141293193e-01
 18 KSP unpreconditioned resid norm 1.907728241214e-01 true resid norm 1.907728241214e-01 ||r(i)||/||b|| 2.472614079359e-01
 19 KSP unpreconditioned resid norm 1.896370490750e-01 true resid norm 1.896370490751e-01 ||r(i)||/||b|| 2.457893254297e-01
 20 KSP unpreconditioned resid norm 1.750086901433e-01 true resid norm 1.750086901433e-01 ||r(i)||/||b|| 2.268294518632e-01
 21 KSP unpreconditioned resid norm 1.663200681588e-01 true resid norm 1.663200681588e-01 ||r(i)||/||b|| 2.155680947239e-01
 22 KSP unpreconditioned resid norm 1.662901653602e-01 true resid norm 1.662901653602e-01 ||r(i)||/||b|| 2.155293375889e-01
 23 KSP unpreconditioned resid norm 1.584939188689e-01 true resid norm 1.584939188689e-01 ||r(i)||/||b|| 2.054245918374e-01
 24 KSP unpreconditioned resid norm 1.509512350103e-01 true resid norm 1.509512350103e-01 ||r(i)||/||b|| 1.956484896118e-01
 25 KSP unpreconditioned resid norm 1.497660070495e-01 true resid norm 1.497660070495e-01 ||r(i)||/||b|| 1.941123109884e-01
 26 KSP unpreconditioned resid norm 1.237315154993e-01 true resid norm 1.237315154993e-01 ||r(i)||/||b|| 1.603689040581e-01
 27 KSP unpreconditioned resid norm 1.500345841264e-02 true resid norm 1.500345841263e-02 ||r(i)||/||b|| 1.944604147945e-02
 28 KSP unpreconditioned resid norm 8.834455770641e-04 true resid norm 8.834455770623e-04 ||r(i)||/||b|| 1.145037288331e-03
 29 KSP unpreconditioned resid norm 4.080493612050e-05 true resid norm 4.080493605994e-05 ||r(i)||/||b|| 5.288743817356e-05
 30 KSP unpreconditioned resid norm 2.749475732199e-06 true resid norm 2.749475732923e-06 ||r(i)||/||b|| 3.563606315203e-06
 31 KSP unpreconditioned resid norm 1.515706891181e-07 true resid norm 1.515707443353e-07 ||r(i)||/||b|| 1.964514380853e-07
 32 KSP unpreconditioned resid norm 8.369256659774e-09 true resid norm 8.369272191250e-09 ||r(i)||/||b|| 1.084744661583e-08
 33 KSP unpreconditioned resid norm 5.280901119735e-10 true resid norm 5.283256282016e-10 ||r(i)||/||b|| 6.847649253995e-10
 34 KSP unpreconditioned resid norm 2.104110284058e-11 true resid norm 2.620302527340e-11 ||r(i)||/||b|| 3.396184415218e-11
  Linear solve converged due to CONVERGED_RTOL iterations 34
Mat Object: 8 MPI processes
  type: mpiaijcusparse
  rows=543408, cols=543408, bs=4
  total: nonzeros=30298176, allocated nonzeros=30298176
  total number of mallocs used during MatSetValues calls=0
    not using I-node (on process 0) routines
Vec Object: 8 MPI processes
  type: mpicuda
  length=543408, bs=4
Vec Object: 8 MPI processes
  type: mpicuda
  length=543408, bs=4
KSP Object: 8 MPI processes
  type: fgmres
    restart=100, using classical (unmodified) Gram-Schmidt orthogonalization with one step of iterative refinement
    happy breakdown tolerance=1e-30
  maximum iterations=2000, initial guess is zero
  tolerances: relative=1e-10, absolute=1e-24, divergence=10000.
  right preconditioning
  diagonally scaled system
  using UNPRECONDITIONED norm type for convergence test
PC Object: 8 MPI processes
  type: asm
    total subdomain blocks = 8, amount of overlap = 2
    restriction/interpolation type - RESTRICT
    Local solver information for first block is in the following KSP and PC objects on rank 0:
    Use -ksp_view ::ascii_info_detail to display information for all blocks
    KSP Object: (sub_) 1 MPI process
      type: preonly
      maximum iterations=10000, initial guess is zero
      tolerances: relative=1e-05, absolute=1e-50, divergence=10000.
      left preconditioning
      not checking for convergence
    PC Object: (sub_) 1 MPI process
      type: lu
        out-of-place factorization
        tolerance for zero pivot 2.22045e-14
        matrix ordering: nd
        factor fill ratio given 5., needed 15.4636
          Factored matrix:
            Mat Object: (sub_) 1 MPI process
              type: seqaij
              rows=69580, cols=69580, bs=4
              package used to perform factorization: petsc
              total: nonzeros=59929232, allocated nonzeros=59929232
                using I-node routines: found 17395 nodes, limit used is 5
      linear system matrix, which is also used to construct the preconditioner:
      Mat Object: (sub_) 1 MPI process
        type: seqaij
        rows=69580, cols=69580, bs=4
        total: nonzeros=3875504, allocated nonzeros=3875504
        total number of mallocs used during MatSetValues calls=0
          using I-node routines: found 17395 nodes, limit used is 5
  linear system matrix, which is also used to construct the preconditioner:
  Mat Object: 8 MPI processes
    type: mpiaijcusparse
    rows=543408, cols=543408, bs=4
    total: nonzeros=30298176, allocated nonzeros=30298176
    total number of mallocs used during MatSetValues calls=0
      not using I-node (on process 0) routines
 NS      1-1    1.729e+01 [   0  1.000e+00  1.000e+00  2.727e-11] [   34 -243   90]
Vec Object: 8 MPI processes
  type: mpicuda
  length=543408, bs=4
Mat Object: 8 MPI processes
  type: mpiaijcusparse
  rows=543408, cols=543408, bs=4
  total: nonzeros=30298176, allocated nonzeros=30298176
  total number of mallocs used during MatSetValues calls=0
    not using I-node (on process 0) routines
Mat Object: 1 MPI process
  type: seqaijcusparse
  rows=63988, cols=63988
  total: nonzeros=3556304, allocated nonzeros=3556304
  total number of mallocs used during MatSetValues calls=0
    not using I-node routines
Mat Object: 1 MPI process
  type: seqaijcusparse
  rows=67164, cols=67164
  total: nonzeros=3742288, allocated nonzeros=3742288
  total number of mallocs used during MatSetValues calls=0
    not using I-node routines
Mat Object: 1 MPI process
  type: seqaijcusparse
  rows=66640, cols=66640
  total: nonzeros=3707264, allocated nonzeros=3707264
  total number of mallocs used during MatSetValues calls=0
    not using I-node routines
Mat Object: 1 MPI process
  type: seqaijcusparse
  rows=67072, cols=67072
  total: nonzeros=3727008, allocated nonzeros=3727008
  total number of mallocs used during MatSetValues calls=0
    not using I-node routines
Mat Object: 1 MPI process
  type: seqaijcusparse
  rows=68912, cols=68912
  total: nonzeros=3837536, allocated nonzeros=3837536
  total number of mallocs used during MatSetValues calls=0
    not using I-node routines
Mat Object: 1 MPI process
  type: seqaijcusparse
  rows=68804, cols=68804
  total: nonzeros=3818960, allocated nonzeros=3818960
  total number of mallocs used during MatSetValues calls=0
    not using I-node routines
Mat Object: 1 MPI process
  type: seqaijcusparse
  rows=72192, cols=72192
  total: nonzeros=3986912, allocated nonzeros=3986912
  total number of mallocs used during MatSetValues calls=0
    not using I-node routines
Mat Object: 1 MPI process
  type: seqaijcusparse
  rows=68636, cols=68636
  total: nonzeros=3845552, allocated nonzeros=3845552
  total number of mallocs used during MatSetValues calls=0
    not using I-node routines
Mat Object: 8 MPI processes
  type: mpiaijcusparse
  rows=543408, cols=543408, bs=4
  total: nonzeros=30298176, allocated nonzeros=30298176
  total number of mallocs used during MatSetValues calls=0
    not using I-node (on process 0) routines
Mat Object: 1 MPI process
  type: seqaijcusparse
  rows=69580, cols=69580, bs=4
  total: nonzeros=3875504, allocated nonzeros=3875504
  total number of mallocs used during MatSetValues calls=0
    not using I-node routines
Mat Object: 1 MPI process
  type: seqaijcusparse
  rows=69516, cols=69516, bs=4
  total: nonzeros=3858960, allocated nonzeros=3858960
  total number of mallocs used during MatSetValues calls=0
    not using I-node routines
Mat Object: 1 MPI process
  type: seqaijcusparse
  rows=70144, cols=70144, bs=4
  total: nonzeros=3930176, allocated nonzeros=3930176
  total number of mallocs used during MatSetValues calls=0
    not using I-node routines
Mat Object: 1 MPI process
  type: seqaijcusparse
  rows=65968, cols=65968, bs=4
  total: nonzeros=3669280, allocated nonzeros=3669280
  total number of mallocs used during MatSetValues calls=0
    not using I-node routines
Mat Object: 1 MPI process
  type: seqaijcusparse
  rows=72844, cols=72844, bs=4
  total: nonzeros=4023216, allocated nonzeros=4023216
  total number of mallocs used during MatSetValues calls=0
    not using I-node routines
Mat Object: 1 MPI process
  type: seqaijcusparse
  rows=69128, cols=69128, bs=4
  total: nonzeros=3843232, allocated nonzeros=3843232
  total number of mallocs used during MatSetValues calls=0
    not using I-node routines
Mat Object: 1 MPI process
  type: seqaijcusparse
  rows=69204, cols=69204, bs=4
  total: nonzeros=3857872, allocated nonzeros=3857872
  total number of mallocs used during MatSetValues calls=0
    not using I-node routines
Mat Object: 1 MPI process
  type: seqaijcusparse
  rows=67932, cols=67932, bs=4
  total: nonzeros=3779600, allocated nonzeros=3779600
  total number of mallocs used during MatSetValues calls=0
    not using I-node routines
Mat Object: 1 MPI process
  type: seqaij
  rows=70144, cols=70144, bs=4
  total: nonzeros=3930176, allocated nonzeros=3930176
  total number of mallocs used during MatSetValues calls=0
    using I-node routines: found 17536 nodes, limit used is 5
Mat Object: 1 MPI process
  type: seqaij
  rows=69580, cols=69580, bs=4
  total: nonzeros=3875504, allocated nonzeros=3875504
  total number of mallocs used during MatSetValues calls=0
    using I-node routines: found 17395 nodes, limit used is 5
Mat Object: 1 MPI process
  type: seqaij
  rows=65968, cols=65968, bs=4
  total: nonzeros=3669280, allocated nonzeros=3669280
  total number of mallocs used during MatSetValues calls=0
    using I-node routines: found 16492 nodes, limit used is 5
Mat Object: 1 MPI process
  type: seqaij
  rows=69516, cols=69516, bs=4
  total: nonzeros=3858960, allocated nonzeros=3858960
  total number of mallocs used during MatSetValues calls=0
    using I-node routines: found 17379 nodes, limit used is 5
Mat Object: 1 MPI process
  type: seqaij
  rows=69128, cols=69128, bs=4
  total: nonzeros=3843232, allocated nonzeros=3843232
  total number of mallocs used during MatSetValues calls=0
    using I-node routines: found 17282 nodes, limit used is 5
Mat Object: 1 MPI process
  type: seqaij
  rows=72844, cols=72844, bs=4
  total: nonzeros=4023216, allocated nonzeros=4023216
  total number of mallocs used during MatSetValues calls=0
    using I-node routines: found 18211 nodes, limit used is 5
Mat Object: 1 MPI process
  type: seqaij
  rows=69204, cols=69204, bs=4
  total: nonzeros=3857872, allocated nonzeros=3857872
  total number of mallocs used during MatSetValues calls=0
    using I-node routines: found 17301 nodes, limit used is 5
Mat Object: 1 MPI process
  type: seqaij
  rows=67932, cols=67932, bs=4
  total: nonzeros=3779600, allocated nonzeros=3779600
  total number of mallocs used during MatSetValues calls=0
    using I-node routines: found 16983 nodes, limit used is 5
  0 KSP unpreconditioned resid norm 4.063222377780e+04 true resid norm 4.063222377780e+04 ||r(i)||/||b|| 1.000000000000e+00
  1 KSP unpreconditioned resid norm 3.616619049591e+02 true resid norm 3.616619049591e+02 ||r(i)||/||b|| 8.900864174624e-03
  2 KSP unpreconditioned resid norm 2.667860628722e+02 true resid norm 2.667860628722e+02 ||r(i)||/||b|| 6.565874029713e-03
  3 KSP unpreconditioned resid norm 6.120242436250e+01 true resid norm 6.120242436250e+01 ||r(i)||/||b|| 1.506253379022e-03
  4 KSP unpreconditioned resid norm 3.108972235689e+01 true resid norm 3.108972235689e+01 ||r(i)||/||b|| 7.651494175388e-04
  5 KSP unpreconditioned resid norm 2.988226823408e+01 true resid norm 2.988226823408e+01 ||r(i)||/||b|| 7.354327540007e-04
  6 KSP unpreconditioned resid norm 2.281595416987e+01 true resid norm 2.281595416987e+01 ||r(i)||/||b|| 5.615236393323e-04
  7 KSP unpreconditioned resid norm 2.090654352974e+01 true resid norm 2.090654352973e+01 ||r(i)||/||b|| 5.145311180620e-04
  8 KSP unpreconditioned resid norm 2.057184172298e+01 true resid norm 2.057184172298e+01 ||r(i)||/||b|| 5.062937690901e-04
  9 KSP unpreconditioned resid norm 1.634801982913e+01 true resid norm 1.634801982913e+01 ||r(i)||/||b|| 4.023412530540e-04
 10 KSP unpreconditioned resid norm 1.514409241865e+01 true resid norm 1.514409241864e+01 ||r(i)||/||b|| 3.727113854625e-04
 11 KSP unpreconditioned resid norm 1.461977576293e+01 true resid norm 1.461977576293e+01 ||r(i)||/||b|| 3.598074238535e-04
 12 KSP unpreconditioned resid norm 6.079097941264e+00 true resid norm 6.079097941265e+00 ||r(i)||/||b|| 1.496127303912e-04
 13 KSP unpreconditioned resid norm 4.892988894158e+00 true resid norm 4.892988894157e+00 ||r(i)||/||b|| 1.204213906902e-04
 14 KSP unpreconditioned resid norm 3.903521939465e+00 true resid norm 3.903521939465e+00 ||r(i)||/||b|| 9.606961117393e-05
 15 KSP unpreconditioned resid norm 3.855216063354e+00 true resid norm 3.855216063354e+00 ||r(i)||/||b|| 9.488075485202e-05
 16 KSP unpreconditioned resid norm 2.782422600367e+00 true resid norm 2.782422600367e+00 ||r(i)||/||b|| 6.847822594162e-05
 17 KSP unpreconditioned resid norm 2.590657263454e+00 true resid norm 2.590657263454e+00 ||r(i)||/||b|| 6.375868762737e-05
 18 KSP unpreconditioned resid norm 2.580437106903e+00 true resid norm 2.580437106903e+00 ||r(i)||/||b|| 6.350715926883e-05
 19 KSP unpreconditioned resid norm 2.261986702660e+00 true resid norm 2.261986702660e+00 ||r(i)||/||b|| 5.566977370053e-05
 20 KSP unpreconditioned resid norm 1.561803288761e+00 true resid norm 1.561803288761e+00 ||r(i)||/||b|| 3.843755383170e-05
 21 KSP unpreconditioned resid norm 1.561790287965e+00 true resid norm 1.561790287965e+00 ||r(i)||/||b|| 3.843723386899e-05
 22 KSP unpreconditioned resid norm 1.424283760015e+00 true resid norm 1.424283760014e+00 ||r(i)||/||b|| 3.505305955695e-05
 23 KSP unpreconditioned resid norm 6.510944805431e-01 true resid norm 6.510944805431e-01 ||r(i)||/||b|| 1.602409171852e-05
 24 KSP unpreconditioned resid norm 5.068483734595e-01 true resid norm 5.068483734595e-01 ||r(i)||/||b|| 1.247404956793e-05
 25 KSP unpreconditioned resid norm 5.015724170365e-01 true resid norm 5.015724170366e-01 ||r(i)||/||b|| 1.234420296018e-05
 26 KSP unpreconditioned resid norm 4.631271965323e-01 true resid norm 4.631271965328e-01 ||r(i)||/||b|| 1.139802731609e-05
 27 KSP unpreconditioned resid norm 4.428571465421e-01 true resid norm 4.428571465421e-01 ||r(i)||/||b|| 1.089916094585e-05
 28 KSP unpreconditioned resid norm 4.367989192647e-01 true resid norm 4.367989192644e-01 ||r(i)||/||b|| 1.075006186354e-05
 29 KSP unpreconditioned resid norm 3.395171912387e-01 true resid norm 3.395171912382e-01 ||r(i)||/||b|| 8.355860439608e-06
 30 KSP unpreconditioned resid norm 5.689261664490e-02 true resid norm 5.689261664444e-02 ||r(i)||/||b|| 1.400184665146e-06
 31 KSP unpreconditioned resid norm 2.935923336728e-03 true resid norm 2.935923336810e-03 ||r(i)||/||b|| 7.225603385296e-08
 32 KSP unpreconditioned resid norm 8.425821474948e-05 true resid norm 8.425821434625e-05 ||r(i)||/||b|| 2.073679619580e-09
 33 KSP unpreconditioned resid norm 7.296763081275e-06 true resid norm 7.296763316223e-06 ||r(i)||/||b|| 1.795807031416e-10
 34 KSP unpreconditioned resid norm 6.426710791323e-07 true resid norm 6.426716777384e-07 ||r(i)||/||b|| 1.581679804809e-11
  Linear solve converged due to CONVERGED_RTOL iterations 34
Mat Object: 8 MPI processes
  type: mpiaijcusparse
  rows=543408, cols=543408, bs=4
  total: nonzeros=30298176, allocated nonzeros=30298176
  total number of mallocs used during MatSetValues calls=0
    not using I-node (on process 0) routines
Vec Object: 8 MPI processes
  type: mpicuda
  length=543408, bs=4
Vec Object: 8 MPI processes
  type: mpicuda
  length=543408, bs=4
KSP Object: 8 MPI processes
  type: fgmres
    restart=100, using classical (unmodified) Gram-Schmidt orthogonalization with one step of iterative refinement
    happy breakdown tolerance=1e-30
  maximum iterations=2000, initial guess is zero
  tolerances: relative=1e-10, absolute=1e-24, divergence=10000.
  right preconditioning
  diagonally scaled system
  using UNPRECONDITIONED norm type for convergence test
PC Object: 8 MPI processes
  type: asm
    total subdomain blocks = 8, amount of overlap = 2
    restriction/interpolation type - RESTRICT
    Local solver information for first block is in the following KSP and PC objects on rank 0:
    Use -ksp_view ::ascii_info_detail to display information for all blocks
    KSP Object: (sub_) 1 MPI process
      type: preonly
      maximum iterations=10000, initial guess is zero
      tolerances: relative=1e-05, absolute=1e-50, divergence=10000.
      left preconditioning
      not checking for convergence
    PC Object: (sub_) 1 MPI process
      type: lu
        out-of-place factorization
        tolerance for zero pivot 2.22045e-14
        matrix ordering: nd
        factor fill ratio given 5., needed 15.4636
          Factored matrix:
            Mat Object: (sub_) 1 MPI process
              type: seqaij
              rows=69580, cols=69580, bs=4
              package used to perform factorization: petsc
              total: nonzeros=59929232, allocated nonzeros=59929232
                using I-node routines: found 17395 nodes, limit used is 5
      linear system matrix, which is also used to construct the preconditioner:
      Mat Object: (sub_) 1 MPI process
        type: seqaij
        rows=69580, cols=69580, bs=4
        total: nonzeros=3875504, allocated nonzeros=3875504
        total number of mallocs used during MatSetValues calls=0
          using I-node routines: found 17395 nodes, limit used is 5
  linear system matrix, which is also used to construct the preconditioner:
  Mat Object: 8 MPI processes
    type: mpiaijcusparse
    rows=543408, cols=543408, bs=4
    total: nonzeros=30298176, allocated nonzeros=30298176
    total number of mallocs used during MatSetValues calls=0
      not using I-node (on process 0) routines
 NS      1-2    3.402e+01 !  94  5.266e+04  5.266e+04  1.582e-11! [   34 -249   94]
Vec Object: 8 MPI processes
  type: mpicuda
  length=543408, bs=4
Mat Object: 8 MPI processes
  type: mpiaijcusparse
  rows=543408, cols=543408, bs=4
  total: nonzeros=30298176, allocated nonzeros=30298176
  total number of mallocs used during MatSetValues calls=0
    not using I-node (on process 0) routines
Mat Object: 1 MPI process
  type: seqaijcusparse
  rows=66640, cols=66640
  total: nonzeros=3707264, allocated nonzeros=3707264
  total number of mallocs used during MatSetValues calls=0
    not using I-node routines
Mat Object: 1 MPI process
  type: seqaijcusparse
  rows=68636, cols=68636
  total: nonzeros=3845552, allocated nonzeros=3845552
  total number of mallocs used during MatSetValues calls=0
    not using I-node routines
Mat Object: 1 MPI process
  type: seqaijcusparse
  rows=68804, cols=68804
  total: nonzeros=3818960, allocated nonzeros=3818960
  total number of mallocs used during MatSetValues calls=0
    not using I-node routines
Mat Object: 1 MPI process
  type: seqaijcusparse
  rows=67072, cols=67072
  total: nonzeros=3727008, allocated nonzeros=3727008
  total number of mallocs used during MatSetValues calls=0
    not using I-node routines
Mat Object: 1 MPI process
  type: seqaijcusparse
  rows=63988, cols=63988
  total: nonzeros=3556304, allocated nonzeros=3556304
  total number of mallocs used during MatSetValues calls=0
    not using I-node routines
Mat Object: 1 MPI process
  type: seqaijcusparse
  rows=68912, cols=68912
  total: nonzeros=3837536, allocated nonzeros=3837536
  total number of mallocs used during MatSetValues calls=0
    not using I-node routines
Mat Object: 1 MPI process
  type: seqaijcusparse
  rows=67164, cols=67164
  total: nonzeros=3742288, allocated nonzeros=3742288
  total number of mallocs used during MatSetValues calls=0
    not using I-node routines
Mat Object: 1 MPI process
  type: seqaijcusparse
  rows=72192, cols=72192
  total: nonzeros=3986912, allocated nonzeros=3986912
  total number of mallocs used during MatSetValues calls=0
    not using I-node routines
Mat Object: 8 MPI processes
  type: mpiaijcusparse
  rows=543408, cols=543408, bs=4
  total: nonzeros=30298176, allocated nonzeros=30298176
  total number of mallocs used during MatSetValues calls=0
    not using I-node (on process 0) routines
Mat Object: 1 MPI process
  type: seqaijcusparse
  rows=69516, cols=69516, bs=4
  total: nonzeros=3858960, allocated nonzeros=3858960
  total number of mallocs used during MatSetValues calls=0
    not using I-node routines
Mat Object: 1 MPI process
  type: seqaijcusparse
  rows=72844, cols=72844, bs=4
  total: nonzeros=4023216, allocated nonzeros=4023216
  total number of mallocs used during MatSetValues calls=0
    not using I-node routines
Mat Object: 1 MPI process
  type: seqaijcusparse
  rows=70144, cols=70144, bs=4
  total: nonzeros=3930176, allocated nonzeros=3930176
  total number of mallocs used during MatSetValues calls=0
    not using I-node routines
Mat Object: 1 MPI process
  type: seqaijcusparse
  rows=65968, cols=65968, bs=4
  total: nonzeros=3669280, allocated nonzeros=3669280
  total number of mallocs used during MatSetValues calls=0
    not using I-node routines
Mat Object: 1 MPI process
  type: seqaijcusparse
  rows=69128, cols=69128, bs=4
  total: nonzeros=3843232, allocated nonzeros=3843232
  total number of mallocs used during MatSetValues calls=0
    not using I-node routines
Mat Object: 1 MPI process
  type: seqaijcusparse
  rows=69580, cols=69580, bs=4
  total: nonzeros=3875504, allocated nonzeros=3875504
  total number of mallocs used during MatSetValues calls=0
    not using I-node routines
Mat Object: 1 MPI process
  type: seqaijcusparse
  rows=67932, cols=67932, bs=4
  total: nonzeros=3779600, allocated nonzeros=3779600
  total number of mallocs used during MatSetValues calls=0
    not using I-node routines
Mat Object: 1 MPI process
  type: seqaijcusparse
  rows=69204, cols=69204, bs=4
  total: nonzeros=3857872, allocated nonzeros=3857872
  total number of mallocs used during MatSetValues calls=0
    not using I-node routines
Mat Object: 1 MPI process
  type: seqaij
  rows=67932, cols=67932, bs=4
  total: nonzeros=3779600, allocated nonzeros=3779600
  total number of mallocs used during MatSetValues calls=0
    using I-node routines: found 16983 nodes, limit used is 5
Mat Object: 1 MPI process
  type: seqaij
  rows=69580, cols=69580, bs=4
  total: nonzeros=3875504, allocated nonzeros=3875504
  total number of mallocs used during MatSetValues calls=0
    using I-node routines: found 17395 nodes, limit used is 5
Mat Object: 1 MPI process
  type: seqaij
  rows=65968, cols=65968, bs=4
  total: nonzeros=3669280, allocated nonzeros=3669280
  total number of mallocs used during MatSetValues calls=0
    using I-node routines: found 16492 nodes, limit used is 5
Mat Object: 1 MPI process
  type: seqaij
  rows=69516, cols=69516, bs=4
  total: nonzeros=3858960, allocated nonzeros=3858960
  total number of mallocs used during MatSetValues calls=0
    using I-node routines: found 17379 nodes, limit used is 5
Mat Object: 1 MPI process
  type: seqaij
  rows=70144, cols=70144, bs=4
  total: nonzeros=3930176, allocated nonzeros=3930176
  total number of mallocs used during MatSetValues calls=0
    using I-node routines: found 17536 nodes, limit used is 5
Mat Object: 1 MPI process
  type: seqaij
  rows=72844, cols=72844, bs=4
  total: nonzeros=4023216, allocated nonzeros=4023216
  total number of mallocs used during MatSetValues calls=0
    using I-node routines: found 18211 nodes, limit used is 5
Mat Object: 1 MPI process
  type: seqaij
  rows=69128, cols=69128, bs=4
  total: nonzeros=3843232, allocated nonzeros=3843232
  total number of mallocs used during MatSetValues calls=0
    using I-node routines: found 17282 nodes, limit used is 5
Mat Object: 1 MPI process
  type: seqaij
  rows=69204, cols=69204, bs=4
  total: nonzeros=3857872, allocated nonzeros=3857872
  total number of mallocs used during MatSetValues calls=0
    using I-node routines: found 17301 nodes, limit used is 5
  0 KSP unpreconditioned resid norm 1.099329195932e+05 true resid norm 1.099329195932e+05 ||r(i)||/||b|| 1.000000000000e+00
  1 KSP unpreconditioned resid norm 2.078788687081e+04 true resid norm 2.078788687081e+04 ||r(i)||/||b|| 1.890961046766e-01
  2 KSP unpreconditioned resid norm 5.697063182382e+03 true resid norm 5.697063182382e+03 ||r(i)||/||b|| 5.182308632812e-02
  3 KSP unpreconditioned resid norm 4.900365632186e+03 true resid norm 4.900365632186e+03 ||r(i)||/||b|| 4.457596187128e-02
  4 KSP unpreconditioned resid norm 2.986483175915e+03 true resid norm 2.986483175915e+03 ||r(i)||/||b|| 2.716641372727e-02
  5 KSP unpreconditioned resid norm 2.816082887191e+03 true resid norm 2.816082887191e+03 ||r(i)||/||b|| 2.561637494585e-02
  6 KSP unpreconditioned resid norm 2.771753184987e+03 true resid norm 2.771753184987e+03 ||r(i)||/||b|| 2.521313174655e-02
  7 KSP unpreconditioned resid norm 2.753854859779e+03 true resid norm 2.753854859779e+03 ||r(i)||/||b|| 2.505032041330e-02
  8 KSP unpreconditioned resid norm 2.733880972753e+03 true resid norm 2.733880972753e+03 ||r(i)||/||b|| 2.486862882265e-02
  9 KSP unpreconditioned resid norm 2.719090539176e+03 true resid norm 2.719090539176e+03 ||r(i)||/||b|| 2.473408828982e-02
 10 KSP unpreconditioned resid norm 2.605306129841e+03 true resid norm 2.605306129841e+03 ||r(i)||/||b|| 2.369905338166e-02
 11 KSP unpreconditioned resid norm 2.399234705277e+03 true resid norm 2.399234705277e+03 ||r(i)||/||b|| 2.182453367157e-02
 12 KSP unpreconditioned resid norm 2.296274555692e+03 true resid norm 2.296274555692e+03 ||r(i)||/||b|| 2.088796116931e-02
 13 KSP unpreconditioned resid norm 1.597965082868e+03 true resid norm 1.597965082868e+03 ||r(i)||/||b|| 1.453581955961e-02
 14 KSP unpreconditioned resid norm 1.455838840872e+03 true resid norm 1.455838840873e+03 ||r(i)||/||b|| 1.324297440894e-02
 15 KSP unpreconditioned resid norm 1.429744384342e+03 true resid norm 1.429744384342e+03 ||r(i)||/||b|| 1.300560732520e-02
 16 KSP unpreconditioned resid norm 1.426927730479e+03 true resid norm 1.426927730479e+03 ||r(i)||/||b|| 1.297998575640e-02
 17 KSP unpreconditioned resid norm 1.391742979974e+03 true resid norm 1.391742979974e+03 ||r(i)||/||b|| 1.265992921068e-02
 18 KSP unpreconditioned resid norm 1.354887509260e+03 true resid norm 1.354887509260e+03 ||r(i)||/||b|| 1.232467503159e-02
 19 KSP unpreconditioned resid norm 1.352682672374e+03 true resid norm 1.352682672374e+03 ||r(i)||/||b|| 1.230461882918e-02
 20 KSP unpreconditioned resid norm 1.352071965795e+03 true resid norm 1.352071965795e+03 ||r(i)||/||b|| 1.229906356347e-02
 21 KSP unpreconditioned resid norm 1.351040338389e+03 true resid norm 1.351040338390e+03 ||r(i)||/||b|| 1.228967940985e-02
 22 KSP unpreconditioned resid norm 1.350616864104e+03 true resid norm 1.350616864104e+03 ||r(i)||/||b|| 1.228582729452e-02
 23 KSP unpreconditioned resid norm 1.332006243539e+03 true resid norm 1.332006243539e+03 ||r(i)||/||b|| 1.211653659766e-02
 24 KSP unpreconditioned resid norm 1.178842691171e+03 true resid norm 1.178842691171e+03 ||r(i)||/||b|| 1.072329103542e-02
 25 KSP unpreconditioned resid norm 9.956126601994e+02 true resid norm 9.956126601991e+02 ||r(i)||/||b|| 9.056547064184e-03
 26 KSP unpreconditioned resid norm 7.945665505427e+02 true resid norm 7.945665505423e+02 ||r(i)||/||b|| 7.227739911598e-03
 27 KSP unpreconditioned resid norm 7.289671502710e+02 true resid norm 7.289671502707e+02 ||r(i)||/||b|| 6.631017833130e-03
 28 KSP unpreconditioned resid norm 7.078250759295e+02 true resid norm 7.078250759292e+02 ||r(i)||/||b|| 6.438699877602e-03
 29 KSP unpreconditioned resid norm 6.405785140235e+02 true resid norm 6.405785140231e+02 ||r(i)||/||b|| 5.826994465292e-03
 30 KSP unpreconditioned resid norm 6.383223675805e+02 true resid norm 6.383223675799e+02 ||r(i)||/||b|| 5.806471527745e-03
 31 KSP unpreconditioned resid norm 6.381667560656e+02 true resid norm 6.381667560651e+02 ||r(i)||/||b|| 5.805056014400e-03
 32 KSP unpreconditioned resid norm 2.861603165883e+02 true resid norm 2.861603165872e+02 ||r(i)||/||b|| 2.603044817203e-03
 33 KSP unpreconditioned resid norm 2.405913154064e+01 true resid norm 2.405913153922e+01 ||r(i)||/||b|| 2.188528388789e-04
 34 KSP unpreconditioned resid norm 1.509849923493e+00 true resid norm 1.509849921587e+00 ||r(i)||/||b|| 1.373428384486e-05
 35 KSP unpreconditioned resid norm 1.742621410848e-01 true resid norm 1.742621377858e-01 ||r(i)||/||b|| 1.585167922680e-06
 36 KSP unpreconditioned resid norm 1.099897702428e-02 true resid norm 1.099897571498e-02 ||r(i)||/||b|| 1.000517020350e-07
 37 KSP unpreconditioned resid norm 1.084828067317e-03 true resid norm 1.084826718601e-03 ||r(i)||/||b|| 9.868078848583e-09
 38 KSP unpreconditioned resid norm 4.619304261771e-05 true resid norm 4.619128813145e-05 ||r(i)||/||b|| 4.201770343440e-10
 39 KSP unpreconditioned resid norm 4.960087701940e-06 true resid norm 4.959752204245e-06 ||r(i)||/||b|| 4.511616922936e-11
  Linear solve converged due to CONVERGED_RTOL iterations 39
Mat Object: 8 MPI processes
  type: mpiaijcusparse
  rows=543408, cols=543408, bs=4
  total: nonzeros=30298176, allocated nonzeros=30298176
  total number of mallocs used during MatSetValues calls=0
    not using I-node (on process 0) routines
Vec Object: 8 MPI processes
  type: mpicuda
  length=543408, bs=4
Vec Object: 8 MPI processes
  type: mpicuda
  length=543408, bs=4
KSP Object: 8 MPI processes
  type: fgmres
    restart=100, using classical (unmodified) Gram-Schmidt orthogonalization with one step of iterative refinement
    happy breakdown tolerance=1e-30
  maximum iterations=2000, initial guess is zero
  tolerances: relative=1e-10, absolute=1e-24, divergence=10000.
  right preconditioning
  diagonally scaled system
  using UNPRECONDITIONED norm type for convergence test
PC Object: 8 MPI processes
  type: asm
    total subdomain blocks = 8, amount of overlap = 2
    restriction/interpolation type - RESTRICT
    Local solver information for first block is in the following KSP and PC objects on rank 0:
    Use -ksp_view ::ascii_info_detail to display information for all blocks
    KSP Object: (sub_) 1 MPI process
      type: preonly
      maximum iterations=10000, initial guess is zero
      tolerances: relative=1e-05, absolute=1e-50, divergence=10000.
      left preconditioning
      not checking for convergence
    PC Object: (sub_) 1 MPI process
      type: lu
        out-of-place factorization
        tolerance for zero pivot 2.22045e-14
        matrix ordering: nd
        factor fill ratio given 5., needed 15.4636
          Factored matrix:
            Mat Object: (sub_) 1 MPI process
              type: seqaij
              rows=69580, cols=69580, bs=4
              package used to perform factorization: petsc
              total: nonzeros=59929232, allocated nonzeros=59929232
                using I-node routines: found 17395 nodes, limit used is 5
      linear system matrix, which is also used to construct the preconditioner:
      Mat Object: (sub_) 1 MPI process
        type: seqaij
        rows=69580, cols=69580, bs=4
        total: nonzeros=3875504, allocated nonzeros=3875504
        total number of mallocs used during MatSetValues calls=0
          using I-node routines: found 17395 nodes, limit used is 5
  linear system matrix, which is also used to construct the preconditioner:
  Mat Object: 8 MPI processes
    type: mpiaijcusparse
    rows=543408, cols=543408, bs=4
    total: nonzeros=30298176, allocated nonzeros=30298176
    total number of mallocs used during MatSetValues calls=0
      not using I-node (on process 0) routines
 NS      1-3    7.298e+01 ! 103  1.425e+05  1.425e+05  4.512e-11! [   39 -238   98]
Vec Object: 8 MPI processes
  type: mpicuda
  length=543408, bs=4
Mat Object: 8 MPI processes
  type: mpiaijcusparse
  rows=543408, cols=543408, bs=4
  total: nonzeros=30298176, allocated nonzeros=30298176
  total number of mallocs used during MatSetValues calls=0
    not using I-node (on process 0) routines
Mat Object: 1 MPI process
  type: seqaijcusparse
  rows=63988, cols=63988
  total: nonzeros=3556304, allocated nonzeros=3556304
  total number of mallocs used during MatSetValues calls=0
    not using I-node routines
Mat Object: 1 MPI process
Mat Object: 1 MPI process
  type: seqaijcusparse
  rows=66640, cols=66640
  total: nonzeros=3707264, allocated nonzeros=3707264
  total number of mallocs used during MatSetValues calls=0
    not using I-node routines
  type: seqaijcusparse
  rows=68636, cols=68636
  total: nonzeros=3845552, allocated nonzeros=3845552
  total number of mallocs used during MatSetValues calls=0
    not using I-node routines
Mat Object: 1 MPI process
  type: seqaijcusparse
  rows=67164, cols=67164
  total: nonzeros=3742288, allocated nonzeros=3742288
  total number of mallocs used during MatSetValues calls=0
  Mat Object: 1 MPI process
  type: seqaijcusparse
  rows=68912, cols=68912
  Mat Object: 1 MPI process
  not using I-node routines
total: nonzeros=3837536, allocated nonzeros=3837536
  total number of mallocs used during MatSetValues calls=0
    not using I-node routines
  type: seqaijcusparse
  rows=67072, cols=67072
  total: nonzeros=3727008, allocated nonzeros=3727008
  total number of mallocs used during MatSetValues calls=0
    not using I-node routines
Mat Object: 1 MPI process
  type: seqaijcusparse
  rows=68804, cols=68804
  total: nonzeros=3818960, allocated nonzeros=3818960
  total number of mallocs used during MatSetValues calls=0
    not using I-node routines
Mat Object: 1 MPI process
  type: seqaijcusparse
  rows=72192, cols=72192
  total: nonzeros=3986912, allocated nonzeros=3986912
  total number of mallocs used during MatSetValues calls=0
    not using I-node routines
Mat Object: 8 MPI processes
  type: mpiaijcusparse
  rows=543408, cols=543408, bs=4
  total: nonzeros=30298176, allocated nonzeros=30298176
  total number of mallocs used during MatSetValues calls=0
    not using I-node (on process 0) routines
Mat Object: 1 MPI process
  type: seqaijcusparse
  rows=69516, cols=69516, bs=4
  total: nonzeros=3858960, allocated nonzeros=3858960
  total number of mallocs used during MatSetValues calls=0
    not using I-node routines
Mat Object: 1 MPI process
  type: seqaijcusparse
  rows=70144, cols=70144, bs=4
  total: nonzeros=3930176, allocated nonzeros=3930176
  total number of mallocs used during MatSetValues calls=0
    not using I-node routines
Mat Object: 1 MPI process
  type: seqaijcusparse
  rows=72844, cols=72844, bs=4
  total: nonzeros=4023216, allocated nonzeros=4023216
  total number of mallocs used during MatSetValues calls=0
    not using I-node routines
Mat Object: 1 MPI process
  type: seqaijcusparse
  rows=65968, cols=65968, bs=4
  total: nonzeros=3669280, allocated nonzeros=3669280
  total number of mallocs used during MatSetValues calls=0
    not using I-node routines
Mat Object: 1 MPI process
  type: seqaijcusparse
  rows=67932, cols=67932, bs=4
  total: nonzeros=3779600, allocated nonzeros=3779600
  total number of mallocs used during MatSetValues calls=0
    not using I-node routines
Mat Object: 1 MPI process
  type: seqaijcusparse
  rows=69128, cols=69128, bs=4
  total: nonzeros=3843232, allocated nonzeros=3843232
  total number of mallocs used during MatSetValues calls=0
    not using I-node routines
Mat Object: 1 MPI process
  type: seqaijcusparse
  rows=69580, cols=69580, bs=4
  total: nonzeros=3875504, allocated nonzeros=3875504
  total number of mallocs used during MatSetValues calls=0
    not using I-node routines
Mat Object: 1 MPI process
  type: seqaijcusparse
  rows=69204, cols=69204, bs=4
  total: nonzeros=3857872, allocated nonzeros=3857872
  total number of mallocs used during MatSetValues calls=0
    not using I-node routines
Mat Object: 1 MPI process
  type: seqaij
  rows=65968, cols=65968, bs=4
  total: nonzeros=3669280, allocated nonzeros=3669280
  total number of mallocs used during MatSetValues calls=0
    using I-node routines: found 16492 nodes, limit used is 5
Mat Object: 1 MPI process
  type: seqaij
  rows=69516, cols=69516, bs=4
  total: nonzeros=3858960, allocated nonzeros=3858960
  total number of mallocs used during MatSetValues calls=0
    using I-node routines: found 17379 nodes, limit used is 5
Mat Object: 1 MPI process
  type: seqaij
  rows=67932, cols=67932, bs=4
  total: nonzeros=3779600, allocated nonzeros=3779600
  total number of mallocs used during MatSetValues calls=0
    using I-node routines: found 16983 nodes, limit used is 5
Mat Object: 1 MPI process
  type: seqaij
  rows=69580, cols=69580, bs=4
  total: nonzeros=3875504, allocated nonzeros=3875504
  total number of mallocs used during MatSetValues calls=0
    using I-node routines: found 17395 nodes, limit used is 5
Mat Object: 1 MPI process
  type: seqaij
  rows=69128, cols=69128, bs=4
  total: nonzeros=3843232, allocated nonzeros=3843232
  total number of mallocs used during MatSetValues calls=0
    using I-node routines: found 17282 nodes, limit used is 5
Mat Object: 1 MPI process
  type: seqaij
  rows=70144, cols=70144, bs=4
  total: nonzeros=3930176, allocated nonzeros=3930176
  total number of mallocs used during MatSetValues calls=0
    using I-node routines: found 17536 nodes, limit used is 5
Mat Object: 1 MPI process
  type: seqaij
  rows=72844, cols=72844, bs=4
  total: nonzeros=4023216, allocated nonzeros=4023216
  total number of mallocs used during MatSetValues calls=0
    using I-node routines: found 18211 nodes, limit used is 5
Mat Object: 1 MPI process
  type: seqaij
  rows=69204, cols=69204, bs=4
  total: nonzeros=3857872, allocated nonzeros=3857872
  total number of mallocs used during MatSetValues calls=0
    using I-node routines: found 17301 nodes, limit used is 5
  0 KSP unpreconditioned resid norm 1.926793824569e+07 true resid norm 1.926793824569e+07 ||r(i)||/||b|| 1.000000000000e+00
  1 KSP unpreconditioned resid norm 8.680919965506e+05 true resid norm 8.680919965506e+05 ||r(i)||/||b|| 4.505370452622e-02
  2 KSP unpreconditioned resid norm 7.507117925124e+05 true resid norm 7.507117925124e+05 ||r(i)||/||b|| 3.896170845785e-02
  3 KSP unpreconditioned resid norm 2.861658568927e+05 true resid norm 2.861658568927e+05 ||r(i)||/||b|| 1.485191893620e-02
  4 KSP unpreconditioned resid norm 1.990423483800e+05 true resid norm 1.990423483800e+05 ||r(i)||/||b|| 1.033023595166e-02
  5 KSP unpreconditioned resid norm 1.675619121656e+05 true resid norm 1.675619121656e+05 ||r(i)||/||b|| 8.696411106837e-03
  6 KSP unpreconditioned resid norm 1.654004666812e+05 true resid norm 1.654004666812e+05 ||r(i)||/||b|| 8.584232758697e-03
  7 KSP unpreconditioned resid norm 1.651197639026e+05 true resid norm 1.651197639026e+05 ||r(i)||/||b|| 8.569664371823e-03
  8 KSP unpreconditioned resid norm 1.549404298690e+05 true resid norm 1.549404298690e+05 ||r(i)||/||b|| 8.041360102642e-03
  9 KSP unpreconditioned resid norm 1.541579013311e+05 true resid norm 1.541579013311e+05 ||r(i)||/||b|| 8.000747114994e-03
 10 KSP unpreconditioned resid norm 1.540582695319e+05 true resid norm 1.540582695319e+05 ||r(i)||/||b|| 7.995576255618e-03
 11 KSP unpreconditioned resid norm 1.463409827712e+05 true resid norm 1.463409827712e+05 ||r(i)||/||b|| 7.595051473862e-03
 12 KSP unpreconditioned resid norm 1.228600728954e+05 true resid norm 1.228600728954e+05 ||r(i)||/||b|| 6.376399557066e-03
 13 KSP unpreconditioned resid norm 1.161799347954e+05 true resid norm 1.161799347954e+05 ||r(i)||/||b|| 6.029702468110e-03
 14 KSP unpreconditioned resid norm 1.106183127980e+05 true resid norm 1.106183127980e+05 ||r(i)||/||b|| 5.741056016868e-03
 15 KSP unpreconditioned resid norm 6.378918567869e+04 true resid norm 6.378918567869e+04 ||r(i)||/||b|| 3.310638889606e-03
 16 KSP unpreconditioned resid norm 6.324782617805e+04 true resid norm 6.324782617805e+04 ||r(i)||/||b|| 3.282542499959e-03
 17 KSP unpreconditioned resid norm 6.273564144659e+04 true resid norm 6.273564144659e+04 ||r(i)||/||b|| 3.255960271755e-03
 18 KSP unpreconditioned resid norm 5.632689418695e+04 true resid norm 5.632689418695e+04 ||r(i)||/||b|| 2.923348282972e-03
 19 KSP unpreconditioned resid norm 3.238184284617e+04 true resid norm 3.238184284617e+04 ||r(i)||/||b|| 1.680607568556e-03
 20 KSP unpreconditioned resid norm 2.834279699936e+04 true resid norm 2.834279699936e+04 ||r(i)||/||b|| 1.470982345799e-03
 21 KSP unpreconditioned resid norm 2.743507167727e+04 true resid norm 2.743507167727e+04 ||r(i)||/||b|| 1.423871684009e-03
 22 KSP unpreconditioned resid norm 2.734964362556e+04 true resid norm 2.734964362556e+04 ||r(i)||/||b|| 1.419437994705e-03
 23 KSP unpreconditioned resid norm 2.592969307904e+04 true resid norm 2.592969307904e+04 ||r(i)||/||b|| 1.345743003139e-03
 24 KSP unpreconditioned resid norm 2.333361811736e+04 true resid norm 2.333361811736e+04 ||r(i)||/||b|| 1.211007520360e-03
 25 KSP unpreconditioned resid norm 2.160030860546e+04 true resid norm 2.160030860546e+04 ||r(i)||/||b|| 1.121049295988e-03
 26 KSP unpreconditioned resid norm 1.696851441291e+04 true resid norm 1.696851441291e+04 ||r(i)||/||b|| 8.806606185124e-04
 27 KSP unpreconditioned resid norm 1.197461289176e+04 true resid norm 1.197461289176e+04 ||r(i)||/||b|| 6.214786833479e-04
 28 KSP unpreconditioned resid norm 1.195148872373e+04 true resid norm 1.195148872374e+04 ||r(i)||/||b|| 6.202785462223e-04
 29 KSP unpreconditioned resid norm 1.184212756143e+04 true resid norm 1.184212756143e+04 ||r(i)||/||b|| 6.146027359250e-04
 30 KSP unpreconditioned resid norm 1.001272053032e+04 true resid norm 1.001272053031e+04 ||r(i)||/||b|| 5.196570802045e-04
 31 KSP unpreconditioned resid norm 6.483511510663e+03 true resid norm 6.483511510660e+03 ||r(i)||/||b|| 3.364922301488e-04
 32 KSP unpreconditioned resid norm 6.138827906706e+03 true resid norm 6.138827906705e+03 ||r(i)||/||b|| 3.186032583470e-04
 33 KSP unpreconditioned resid norm 5.434207501801e+03 true resid norm 5.434207501797e+03 ||r(i)||/||b|| 2.820336785651e-04
 34 KSP unpreconditioned resid norm 1.223491381458e+03 true resid norm 1.223491381451e+03 ||r(i)||/||b|| 6.349882202495e-05
 35 KSP unpreconditioned resid norm 1.788257500362e+02 true resid norm 1.788257500430e+02 ||r(i)||/||b|| 9.281000788085e-06
 36 KSP unpreconditioned resid norm 1.821001497506e+01 true resid norm 1.821001497462e+01 ||r(i)||/||b|| 9.450941113896e-07
 37 KSP unpreconditioned resid norm 2.097498832887e+00 true resid norm 2.097498834659e+00 ||r(i)||/||b|| 1.088595369112e-07
 38 KSP unpreconditioned resid norm 2.825386758764e-01 true resid norm 2.825386804927e-01 ||r(i)||/||b|| 1.466366960959e-08
 39 KSP unpreconditioned resid norm 2.772495278038e-02 true resid norm 2.772495070554e-02 ||r(i)||/||b|| 1.438916315384e-09
 40 KSP unpreconditioned resid norm 2.865091452315e-03 true resid norm 2.865091919897e-03 ||r(i)||/||b|| 1.486973792091e-10
 41 KSP unpreconditioned resid norm 2.334509476365e-04 true resid norm 2.334521935937e-04 ||r(i)||/||b|| 1.211609621211e-11
  Linear solve converged due to CONVERGED_RTOL iterations 41
Mat Object: 8 MPI processes
  type: mpiaijcusparse
  rows=543408, cols=543408, bs=4
  total: nonzeros=30298176, allocated nonzeros=30298176
  total number of mallocs used during MatSetValues calls=0
    not using I-node (on process 0) routines
Vec Object: 8 MPI processes
  type: mpicuda
  length=543408, bs=4
Vec Object: 8 MPI processes
  type: mpicuda
  length=543408, bs=4
KSP Object: 8 MPI processes
  type: fgmres
    restart=100, using classical (unmodified) Gram-Schmidt orthogonalization with one step of iterative refinement
    happy breakdown tolerance=1e-30
  maximum iterations=2000, initial guess is zero
  tolerances: relative=1e-10, absolute=1e-24, divergence=10000.
  right preconditioning
  diagonally scaled system
  using UNPRECONDITIONED norm type for convergence test
PC Object: 8 MPI processes
  type: asm
    total subdomain blocks = 8, amount of overlap = 2
    restriction/interpolation type - RESTRICT
    Local solver information for first block is in the following KSP and PC objects on rank 0:
    Use -ksp_view ::ascii_info_detail to display information for all blocks
    KSP Object: (sub_) 1 MPI process
      type: preonly
      maximum iterations=10000, initial guess is zero
      tolerances: relative=1e-05, absolute=1e-50, divergence=10000.
      left preconditioning
      not checking for convergence
    PC Object: (sub_) 1 MPI process
      type: lu
        out-of-place factorization
        tolerance for zero pivot 2.22045e-14
        matrix ordering: nd
        factor fill ratio given 5., needed 15.4636
          Factored matrix:
            Mat Object: (sub_) 1 MPI process
              type: seqaij
              rows=69580, cols=69580, bs=4
              package used to perform factorization: petsc
              total: nonzeros=59929232, allocated nonzeros=59929232
                using I-node routines: found 17395 nodes, limit used is 5
      linear system matrix, which is also used to construct the preconditioner:
      Mat Object: (sub_) 1 MPI process
        type: seqaij
        rows=69580, cols=69580, bs=4
        total: nonzeros=3875504, allocated nonzeros=3875504
        total number of mallocs used during MatSetValues calls=0
          using I-node routines: found 17395 nodes, limit used is 5
  linear system matrix, which is also used to construct the preconditioner:
  Mat Object: 8 MPI processes
    type: mpiaijcusparse
    rows=543408, cols=543408, bs=4
    total: nonzeros=30298176, allocated nonzeros=30298176
    total number of mallocs used during MatSetValues calls=0
      not using I-node (on process 0) routines
 NS      1-4    1.332e+02 ! 147  2.497e+07  2.497e+07  1.212e-11! [   41 -251   96]
Vec Object: 8 MPI processes
  type: mpicuda
  length=543408, bs=4
Mat Object: 8 MPI processes
  type: mpiaijcusparse
  rows=543408, cols=543408, bs=4
  total: nonzeros=30298176, allocated nonzeros=30298176
  total number of mallocs used during MatSetValues calls=0
    not using I-node (on process 0) routines
Mat Object: 1 MPI process
  type: seqaijcusparse
  rows=63988, cols=63988
Mat Object: 1 MPI process
  type: seqaijcusparse
    rows=66640, cols=66640
total: nonzeros=3556304, allocated nonzeros=3556304
  total number of mallocs used during MatSetValues calls=0
    not using I-node routines
  total: nonzeros=3707264, allocated nonzeros=3707264
  total number of mallocs used during MatSetValues calls=0
    not using I-node routines
Mat Object: 1 MPI process
  type: seqaijcusparse
  rows=68636, cols=68636
  total: nonzeros=3845552, allocated nonzeros=3845552
  total number of mallocs used during MatSetValues calls=0
    not using I-node routines
Mat Object: 1 MPI process
  type: seqaijcusparse
  rows=67072, cols=67072
  total: nonzeros=3727008, allocated nonzeros=3727008
  total number of mallocs used during MatSetValues calls=0
Mat Object: 1 MPI process
    type: seqaijcusparse
  rows=67164, cols=67164
  total: nonzeros=3742288, allocated nonzeros=3742288
  total number of mallocs used during MatSetValues calls=0
Mat Object: 1 MPI process
    not using I-node routines
  type: seqaijcusparse
  rows=68912, cols=68912
  total: nonzeros=3837536, allocated nonzeros=3837536
  total number of mallocs used during MatSetValues calls=0
    not using I-node routines
  not using I-node routines
Mat Object: 1 MPI process
  type: seqaijcusparse
  rows=68804, cols=68804
  total: nonzeros=3818960, allocated nonzeros=3818960
  total number of mallocs used during MatSetValues calls=0
    not using I-node routines
Mat Object: 1 MPI process
  type: seqaijcusparse
  rows=72192, cols=72192
  total: nonzeros=3986912, allocated nonzeros=3986912
  total number of mallocs used during MatSetValues calls=0
    not using I-node routines
Mat Object: 8 MPI processes
  type: mpiaijcusparse
  rows=543408, cols=543408, bs=4
  total: nonzeros=30298176, allocated nonzeros=30298176
  total number of mallocs used during MatSetValues calls=0
    not using I-node (on process 0) routines
Mat Object: 1 MPI process
  type: seqaijcusparse
  rows=69580, cols=69580, bs=4
  total: nonzeros=3875504, allocated nonzeros=3875504
  total number of mallocs used during MatSetValues calls=0
    not using I-node routines
Mat Object: 1 MPI process
  type: seqaijcusparse
  rows=69516, cols=69516, bs=4
  total: nonzeros=3858960, allocated nonzeros=3858960
  total number of mallocs used during MatSetValues calls=0
    not using I-node routines
Mat Object: 1 MPI process
  type: seqaijcusparse
  rows=70144, cols=70144, bs=4
  total: nonzeros=3930176, allocated nonzeros=3930176
  total number of mallocs used during MatSetValues calls=0
    not using I-node routines
Mat Object: 1 MPI process
  type: seqaijcusparse
  rows=69128, cols=69128, bs=4
  total: nonzeros=3843232, allocated nonzeros=3843232
  total number of mallocs used during MatSetValues calls=0
    not using I-node routines
Mat Object: 1 MPI process
  type: seqaijcusparse
  rows=69204, cols=69204, bs=4
  total: nonzeros=3857872, allocated nonzeros=3857872
  total number of mallocs used during MatSetValues calls=0
    not using I-node routines
Mat Object: 1 MPI process
  type: seqaijcusparse
  rows=67932, cols=67932, bs=4
  total: nonzeros=3779600, allocated nonzeros=3779600
  total number of mallocs used during MatSetValues calls=0
    not using I-node routines
Mat Object: 1 MPI process
  type: seqaijcusparse
  rows=65968, cols=65968, bs=4
  total: nonzeros=3669280, allocated nonzeros=3669280
  total number of mallocs used during MatSetValues calls=0
    not using I-node routines
Mat Object: 1 MPI process
  type: seqaijcusparse
  rows=72844, cols=72844, bs=4
  total: nonzeros=4023216, allocated nonzeros=4023216
  total number of mallocs used during MatSetValues calls=0
    not using I-node routines
Mat Object: 1 MPI process
  type: seqaij
  rows=70144, cols=70144, bs=4
  total: nonzeros=3930176, allocated nonzeros=3930176
  total number of mallocs used during MatSetValues calls=0
    using I-node routines: found 17536 nodes, limit used is 5
Mat Object: 1 MPI process
  type: seqaij
  rows=69580, cols=69580, bs=4
  total: nonzeros=3875504, allocated nonzeros=3875504
  total number of mallocs used during MatSetValues calls=0
    using I-node routines: found 17395 nodes, limit used is 5
Mat Object: 1 MPI process
  type: seqaij
  rows=69516, cols=69516, bs=4
  total: nonzeros=3858960, allocated nonzeros=3858960
  total number of mallocs used during MatSetValues calls=0
    using I-node routines: found 17379 nodes, limit used is 5
Mat Object: 1 MPI process
  type: seqaij
  rows=69128, cols=69128, bs=4
  total: nonzeros=3843232, allocated nonzeros=3843232
  total number of mallocs used during MatSetValues calls=0
    using I-node routines: found 17282 nodes, limit used is 5
Mat Object: 1 MPI process
  type: seqaij
  rows=69204, cols=69204, bs=4
  total: nonzeros=3857872, allocated nonzeros=3857872
  total number of mallocs used during MatSetValues calls=0
    using I-node routines: found 17301 nodes, limit used is 5
Mat Object: 1 MPI process
  type: seqaij
  rows=65968, cols=65968, bs=4
  total: nonzeros=3669280, allocated nonzeros=3669280
  total number of mallocs used during MatSetValues calls=0
    using I-node routines: found 16492 nodes, limit used is 5
Mat Object: 1 MPI process
  type: seqaij
  rows=72844, cols=72844, bs=4
  total: nonzeros=4023216, allocated nonzeros=4023216
  total number of mallocs used during MatSetValues calls=0
    using I-node routines: found 18211 nodes, limit used is 5
Mat Object: 1 MPI process
  type: seqaij
  rows=67932, cols=67932, bs=4
  total: nonzeros=3779600, allocated nonzeros=3779600
  total number of mallocs used during MatSetValues calls=0
    using I-node routines: found 16983 nodes, limit used is 5
  0 KSP unpreconditioned resid norm 8.097755537266e+07 true resid norm 8.097755537266e+07 ||r(i)||/||b|| 1.000000000000e+00
  1 KSP unpreconditioned resid norm 4.609214724000e+06 true resid norm 4.609214724000e+06 ||r(i)||/||b|| 5.691965758645e-02
  2 KSP unpreconditioned resid norm 2.809203391042e+06 true resid norm 2.809203391042e+06 ||r(i)||/||b|| 3.469113605756e-02
  3 KSP unpreconditioned resid norm 1.895634249909e+06 true resid norm 1.895634249909e+06 ||r(i)||/||b|| 2.340937857639e-02
  4 KSP unpreconditioned resid norm 1.346266704177e+06 true resid norm 1.346266704177e+06 ||r(i)||/||b|| 1.662518333606e-02
  5 KSP unpreconditioned resid norm 1.297009605292e+06 true resid norm 1.297009605292e+06 ||r(i)||/||b|| 1.601690245307e-02
  6 KSP unpreconditioned resid norm 1.146833405055e+06 true resid norm 1.146833405055e+06 ||r(i)||/||b|| 1.416236140715e-02
  7 KSP unpreconditioned resid norm 8.678710191502e+05 true resid norm 8.678710191502e+05 ||r(i)||/||b|| 1.071742676296e-02
  8 KSP unpreconditioned resid norm 7.130432963905e+05 true resid norm 7.130432963905e+05 ||r(i)||/||b|| 8.805443596180e-03
  9 KSP unpreconditioned resid norm 6.840794384160e+05 true resid norm 6.840794384160e+05 ||r(i)||/||b|| 8.447765992291e-03
 10 KSP unpreconditioned resid norm 5.221149125255e+05 true resid norm 5.221149125255e+05 ||r(i)||/||b|| 6.447649723714e-03
 11 KSP unpreconditioned resid norm 4.706651690319e+05 true resid norm 4.706651690319e+05 ||r(i)||/||b|| 5.812291651259e-03
 12 KSP unpreconditioned resid norm 4.590548503312e+05 true resid norm 4.590548503312e+05 ||r(i)||/||b|| 5.668914654420e-03
 13 KSP unpreconditioned resid norm 4.445908909043e+05 true resid norm 4.445908909044e+05 ||r(i)||/||b|| 5.490297760390e-03
 14 KSP unpreconditioned resid norm 4.378805004546e+05 true resid norm 4.378805004546e+05 ||r(i)||/||b|| 5.407430471807e-03
 15 KSP unpreconditioned resid norm 4.295866630464e+05 true resid norm 4.295866630464e+05 ||r(i)||/||b|| 5.305009037003e-03
 16 KSP unpreconditioned resid norm 4.261725968073e+05 true resid norm 4.261725968073e+05 ||r(i)||/||b|| 5.262848388619e-03
 17 KSP unpreconditioned resid norm 3.931328380418e+05 true resid norm 3.931328380418e+05 ||r(i)||/||b|| 4.854837074700e-03
 18 KSP unpreconditioned resid norm 3.793074663522e+05 true resid norm 3.793074663522e+05 ||r(i)||/||b|| 4.684106165056e-03
 19 KSP unpreconditioned resid norm 3.704920365587e+05 true resid norm 3.704920365587e+05 ||r(i)||/||b|| 4.575243533269e-03
 20 KSP unpreconditioned resid norm 3.704726064434e+05 true resid norm 3.704726064434e+05 ||r(i)||/||b|| 4.575003588815e-03
 21 KSP unpreconditioned resid norm 3.692946692929e+05 true resid norm 3.692946692929e+05 ||r(i)||/||b|| 4.560457124117e-03
 22 KSP unpreconditioned resid norm 2.858453532611e+05 true resid norm 2.858453532611e+05 ||r(i)||/||b|| 3.529933102396e-03
 23 KSP unpreconditioned resid norm 2.850634556732e+05 true resid norm 2.850634556732e+05 ||r(i)||/||b|| 3.520277370208e-03
 24 KSP unpreconditioned resid norm 2.708164038290e+05 true resid norm 2.708164038290e+05 ||r(i)||/||b|| 3.344339089797e-03
 25 KSP unpreconditioned resid norm 2.363781284576e+05 true resid norm 2.363781284576e+05 ||r(i)||/||b|| 2.919057353236e-03
 26 KSP unpreconditioned resid norm 2.287513941309e+05 true resid norm 2.287513941309e+05 ||r(i)||/||b|| 2.824874041680e-03
 27 KSP unpreconditioned resid norm 2.287214939085e+05 true resid norm 2.287214939085e+05 ||r(i)||/||b|| 2.824504800817e-03
 28 KSP unpreconditioned resid norm 2.205782759531e+05 true resid norm 2.205782759531e+05 ||r(i)||/||b|| 2.723943380829e-03
 29 KSP unpreconditioned resid norm 2.021901311184e+05 true resid norm 2.021901311185e+05 ||r(i)||/||b|| 2.496866325341e-03
 30 KSP unpreconditioned resid norm 1.860569860688e+05 true resid norm 1.860569860688e+05 ||r(i)||/||b|| 2.297636489673e-03
 31 KSP unpreconditioned resid norm 1.798082242481e+05 true resid norm 1.798082242481e+05 ||r(i)||/||b|| 2.220469899599e-03
 32 KSP unpreconditioned resid norm 1.696396289468e+05 true resid norm 1.696396289469e+05 ||r(i)||/||b|| 2.094896890456e-03
 33 KSP unpreconditioned resid norm 8.886053519384e+04 true resid norm 8.886053519388e+04 ||r(i)||/||b|| 1.097347713017e-03
 34 KSP unpreconditioned resid norm 6.120143040664e+04 true resid norm 6.120143040664e+04 ||r(i)||/||b|| 7.557826378555e-04
 35 KSP unpreconditioned resid norm 5.443845723104e+04 true resid norm 5.443845723094e+04 ||r(i)||/||b|| 6.722659998862e-04
 36 KSP unpreconditioned resid norm 4.946453732107e+04 true resid norm 4.946453732102e+04 ||r(i)||/||b|| 6.108425611687e-04
 37 KSP unpreconditioned resid norm 1.442989260049e+04 true resid norm 1.442989260046e+04 ||r(i)||/||b|| 1.781961993549e-04
 38 KSP unpreconditioned resid norm 7.501859609747e+02 true resid norm 7.501859610718e+02 ||r(i)||/||b|| 9.264122109138e-06
 39 KSP unpreconditioned resid norm 1.725386190125e+02 true resid norm 1.725386190749e+02 ||r(i)||/||b|| 2.130696811985e-06
 40 KSP unpreconditioned resid norm 1.038408899997e+01 true resid norm 1.038408906004e+01 ||r(i)||/||b|| 1.282341633092e-07
 41 KSP unpreconditioned resid norm 1.044872756017e+00 true resid norm 1.044872735909e+00 ||r(i)||/||b|| 1.290323881846e-08
