Stats at timestep 1 (simulation time 0.000001):
	One timestep takes 41.20 ms	Number of particles (total, min/proc, max/proc): 4096,  4096,  4096
	Average momentum: [-6.402843e-10 1.076842e-09 2.182787e-10]
	Max velocity magnitude: 4.697156
	Temperature: 0.9994

Stats at timestep 201 (simulation time 0.000201):
	One timestep takes 0.04 ms	Number of particles (total, min/proc, max/proc): 4096,  4096,  4096
	Average momentum: [-2.182787e-09 -8.993084e-09 4.045432e-09]
	Max velocity magnitude: 7.464206
	Temperature: 2.9311

Stats at timestep 401 (simulation time 0.000401):
	One timestep takes 0.03 ms	Number of particles (total, min/proc, max/proc): 4096,  4096,  4096
	Average momentum: [-7.072231e-09 -1.245644e-08 -9.109499e-09]
	Max velocity magnitude: 9.623363
	Temperature: 4.2365

Stats at timestep 601 (simulation time 0.000601):
	One timestep takes 0.04 ms	Number of particles (total, min/proc, max/proc): 4096,  4096,  4096
	Average momentum: [-7.072231e-09 -8.207280e-09 5.937181e-09]
	Max velocity magnitude: 10.939704
	Temperature: 5.2386

Stats at timestep 801 (simulation time 0.000801):
	One timestep takes 0.04 ms	Number of particles (total, min/proc, max/proc): 4096,  4096,  4096
	Average momentum: [1.234002e-08 -1.690933e-08 2.286106e-08]
	Max velocity magnitude: 11.742498
	Temperature: 6.0572

Stats at timestep 1001 (simulation time 0.001001):
	One timestep takes 0.03 ms	Number of particles (total, min/proc, max/proc): 4096,  4096,  4096
	Average momentum: [1.987792e-08 -1.987792e-08 1.909211e-08]
	Max velocity magnitude: 13.279980
	Temperature: 6.6823

Stats at timestep 1201 (simulation time 0.001201):
	One timestep takes 0.04 ms	Number of particles (total, min/proc, max/proc): 4096,  4096,  4096
	Average momentum: [-9.516953e-09 -2.808520e-08 4.196772e-08]
	Max velocity magnitude: 13.948185
	Temperature: 7.1678

Stats at timestep 1401 (simulation time 0.001401):
	One timestep takes 0.03 ms	Number of particles (total, min/proc, max/proc): 4096,  4096,  4096
	Average momentum: [4.423782e-09 -5.424954e-08 4.979665e-08]
	Max velocity magnitude: 14.893488
	Temperature: 7.5507

Stats at timestep 1601 (simulation time 0.001601):
	One timestep takes 0.04 ms	Number of particles (total, min/proc, max/proc): 4096,  4096,  4096
	Average momentum: [1.673470e-08 -8.766074e-08 4.610047e-08]
	Max velocity magnitude: 16.116949
	Temperature: 8.0074

Stats at timestep 1801 (simulation time 0.001801):
	One timestep takes 0.03 ms	Number of particles (total, min/proc, max/proc): 4096,  4096,  4096
	Average momentum: [2.194429e-08 -5.972106e-08 2.951128e-08]
	Max velocity magnitude: 15.495898
	Temperature: 8.2362

Stats at timestep 2001 (simulation time 0.002001):
	One timestep takes 0.03 ms	Number of particles (total, min/proc, max/proc): 4096,  4096,  4096
	Average momentum: [1.926674e-08 -5.285256e-08 4.272442e-08]
	Max velocity magnitude: 18.123322
	Temperature: 8.5180

Stats at timestep 2201 (simulation time 0.002201):
	One timestep takes 0.03 ms	Number of particles (total, min/proc, max/proc): 4096,  4096,  4096
	Average momentum: [3.149034e-08 -6.047776e-08 2.546585e-08]
	Max velocity magnitude: 18.386080
	Temperature: 8.6545

Stats at timestep 2401 (simulation time 0.002401):
	One timestep takes 0.03 ms	Number of particles (total, min/proc, max/proc): 4096,  4096,  4096
	Average momentum: [2.252636e-08 -1.955777e-08 1.786975e-08]
	Max velocity magnitude: 16.663237
	Temperature: 8.8256

Stats at timestep 2601 (simulation time 0.002601):
	One timestep takes 0.03 ms	Number of particles (total, min/proc, max/proc): 4096,  4096,  4096
	Average momentum: [3.259629e-09 -4.243338e-08 1.536682e-08]
	Max velocity magnitude: 18.386944
	Temperature: 8.9579

Stats at timestep 2801 (simulation time 0.002801):
	One timestep takes 0.03 ms	Number of particles (total, min/proc, max/proc): 4096,  4096,  4096
	Average momentum: [1.210719e-08 -5.634502e-08 2.072193e-08]
	Max velocity magnitude: 18.774443
	Temperature: 9.0441

Stats at timestep 3001 (simulation time 0.003001):
	One timestep takes 0.05 ms	Number of particles (total, min/proc, max/proc): 4096,  4096,  4096
	Average momentum: [-1.268927e-08 -7.607741e-08 5.157199e-08]
	Max velocity magnitude: 19.467455
	Temperature: 9.1491

Stats at timestep 3201 (simulation time 0.003201):
	One timestep takes 0.03 ms	Number of particles (total, min/proc, max/proc): 4096,  4096,  4096
	Average momentum: [-2.881279e-08 -8.853385e-08 4.103640e-08]
	Max velocity magnitude: 19.609186
	Temperature: 9.2507

Stats at timestep 3401 (simulation time 0.003401):
	One timestep takes 0.04 ms	Number of particles (total, min/proc, max/proc): 4096,  4096,  4096
	Average momentum: [-3.201421e-08 -7.252675e-08 3.608875e-09]
	Max velocity magnitude: 17.951710
	Temperature: 9.2407

Stats at timestep 3601 (simulation time 0.003601):
	One timestep takes 0.04 ms	Number of particles (total, min/proc, max/proc): 4096,  4096,  4096
	Average momentum: [-2.735760e-08 -5.681068e-08 -2.229353e-08]
	Max velocity magnitude: 18.936319
	Temperature: 9.2758

Stats at timestep 3801 (simulation time 0.003801):
	One timestep takes 0.03 ms	Number of particles (total, min/proc, max/proc): 4096,  4096,  4096
	Average momentum: [-3.795139e-08 -6.821938e-08 -1.530861e-08]
	Max velocity magnitude: 18.281462
	Temperature: 9.3457

