2026-09-24 19:52:31.708 (   0.042s) [    7F272B510000]       vtkXMLParser.cxx:364    ERR| vtkXMLDataParser (0x55c86edbbd80): Error parsing XML in stream at line 1, column 0, byte index 0: syntax error
2026-09-24 19:52:31.708 (   0.042s) [    7F272B510000]       vtkXMLReader.cxx:510    ERR| vtkXMLUnstructuredGridReader (0x55c86ec9c6c0): Error parsing input file.  ReadXMLInformation aborting.
2026-09-24 19:52:31.708 (   0.042s) [    7F272B510000]       vtkExecutive.cxx:729    ERR| vtkCompositeDataPipeline (0x55c86edc6bf0): Algorithm vtkXMLUnstructuredGridReader (0x55c86ec9c6c0) returned failure for request: vtkInformation (0x55c86edbbab0)
  Debug: Off
  Modified Time: 93
  Reference Count: 1
  Registered Events: (none)
  Request: REQUEST_INFORMATION
  ALGORITHM_AFTER_FORWARD: 1
  FORWARD_DIRECTION: 0


[svMultiPhysics] ERROR: The svMultiPhysics program has failed due to unhandled exception.
Failed reading the VTK file '../mesh/N004/mesh-complete.mesh.vtu'.
--------------------------------------------------------------------------
Primary job  terminated normally, but 1 process returned
a non-zero exit code. Per user-direction, the job has been aborted.
--------------------------------------------------------------------------
--------------------------------------------------------------------------
mpiexec detected that one or more processes exited with non-zero status, thus causing
the job to be terminated. The first process to do so was:

  Process name: [[63656,1],0]
  Exit code:    1
--------------------------------------------------------------------------
