{
  "status": "FAIL",
  "exit_code": 0,
  "wall_time_s": 393.51373267173767,
  "final_step": 2,
  "final": {
    "Q_target_m3_s": 3e-07,
    "Q_in_m3_s": 3.0000000000000004e-07,
    "outlet_flows_m3_s": {
      "OUTLET_01": 1.0000000000000002e-07,
      "OUTLET_02": 7.500000000000004e-08,
      "OUTLET_03": 1e-07
    },
    "Q_out_total_m3_s": 2.7500000000000007e-07,
    "signed_outward_boundary_flows_m3_s": {
      "OUTLET_03": 1e-07,
      "OUTLET_01": 1.0000000000000002e-07,
      "INLET": -3.0000000000000004e-07,
      "OUTLET_02": 7.500000000000004e-08
    },
    "epsilon_Q": 1.764651973446459e-16,
    "epsilon_mass": 0.08333333333333325,
    "outlet_fractions": {
      "OUTLET_01": 0.36363636363636365,
      "OUTLET_02": 0.2727272727272728,
      "OUTLET_03": 0.36363636363636354
    },
    "area_average_pressure_pa": {
      "OUTLET_03": -4555.96025106107,
      "OUTLET_01": -130376.19013524347,
      "INLET": -574357.8480789632,
      "OUTLET_02": -30.59540215444045
    },
    "velocity_L2": 0.00010019416473229643,
    "velocity_max_m_s": 0.45414096214705124,
    "pressure_range_pa": [
      -574659.5562816211,
      5.872064622532565
    ],
    "velocity_finite": true,
    "pressure_finite": true,
    "wall_velocity_max_m_s": 0.0,
    "wall_velocity_P95_m_s": 0.0,
    "wall_noslip_tolerance_m_s": 2.6956158926685725e-11,
    "wall_noslip_pass": true
  },
  "health_failures": []
}
