{
  "status": "FAIL",
  "exit_code": 0,
  "wall_time_s": 71.97743916511536,
  "final_step": 1,
  "final": {
    "Q_target_m3_s": 3e-07,
    "Q_in_m3_s": 3.0000000000000004e-07,
    "outlet_flows_m3_s": {
      "OUTLET_01": 1.0000000000000002e-07,
      "OUTLET_02": 0.0,
      "OUTLET_03": 1e-07
    },
    "Q_out_total_m3_s": 2.0000000000000002e-07,
    "signed_outward_boundary_flows_m3_s": {
      "OUTLET_03": 1e-07,
      "OUTLET_01": 1.0000000000000002e-07,
      "INLET": -3.0000000000000004e-07,
      "OUTLET_02": 0.0
    },
    "epsilon_Q": 1.764651973446459e-16,
    "epsilon_mass": 0.3333333333333334,
    "outlet_fractions": {
      "OUTLET_01": 0.5000000000000001,
      "OUTLET_02": 0.0,
      "OUTLET_03": 0.49999999999999994
    },
    "area_average_pressure_pa": {
      "OUTLET_03": -1.3866165978820636e-13,
      "OUTLET_01": -1.7047381461673677e-13,
      "INLET": 3.3344427956790443e-13,
      "OUTLET_02": 0.0
    },
    "velocity_L2": 2.408602008194662e-06,
    "velocity_max_m_s": 0.3481747072196437,
    "pressure_range_pa": [
      -3.883855962327505e-13,
      8.572648594760453e-13
    ],
    "velocity_finite": true,
    "pressure_finite": true,
    "wall_velocity_max_m_s": 0.0,
    "wall_velocity_P95_m_s": 0.0,
    "wall_noslip_tolerance_m_s": 2.6956158926685725e-11,
    "wall_noslip_pass": true
  },
  "health_failures": [
    {
      "gate": "nonlinear",
      "error": "Incomplete nonlinear step"
    }
  ]
}
