{
  "status": "FAIL",
  "exit_code": 0,
  "wall_time_s": 247.77194476127625,
  "final_step": 2,
  "final": {
    "Q_target_m3_s": 3e-07,
    "Q_in_m3_s": 3.0000000000000004e-07,
    "outlet_flows_m3_s": {
      "OUTLET_01": 1.0000000000000002e-07,
      "OUTLET_02": 7.499999999999982e-08,
      "OUTLET_03": 1e-07
    },
    "Q_out_total_m3_s": 2.7499999999999986e-07,
    "signed_outward_boundary_flows_m3_s": {
      "OUTLET_03": 1e-07,
      "OUTLET_01": 1.0000000000000002e-07,
      "INLET": -3.0000000000000004e-07,
      "OUTLET_02": 7.499999999999982e-08
    },
    "epsilon_Q": 1.764651973446459e-16,
    "epsilon_mass": 0.08333333333333395,
    "outlet_fractions": {
      "OUTLET_01": 0.3636363636363639,
      "OUTLET_02": 0.2727272727272722,
      "OUTLET_03": 0.3636363636363638
    },
    "area_average_pressure_pa": {
      "OUTLET_03": -4555.960251061262,
      "OUTLET_01": -130376.19013524373,
      "INLET": -574357.8480789633,
      "OUTLET_02": -30.59540215444053
    },
    "velocity_L2": 0.00010019416473229642,
    "velocity_max_m_s": 0.45414096214709065,
    "pressure_range_pa": [
      -574659.5562816212,
      5.872064622532575
    ],
    "velocity_finite": true,
    "pressure_finite": true,
    "wall_velocity_max_m_s": 0.0,
    "wall_velocity_P95_m_s": 0.0,
    "wall_noslip_tolerance_m_s": 2.6956158926685725e-11,
    "wall_noslip_pass": true
  },
  "health_failures": []
}
