{"command": ["/root/particle8_2_runs/env/bin/python", "-B", "/workspace/brava_flow_roi_18mlmin_20260928/visualization/render_flow.py", "--pose", "0"], "source_flow_sha256": "73228d094c253cec75dbb0030476b687171d0d0fef7816a845392dad220285dc", "start_unix": 1790632791.267862}
/workspace/brava_flow_roi_18mlmin_20260928/visualization/render_flow.py:63: PyVistaDeprecationWarning: This filter is deprecated. Use `select_interior_points` instead.
  glyph=samples.glyph(orient='Direction',scale=False,factor=.6,geom=arrow);inside=glyph.select_enclosed_points(surface,tolerance=1e-8,check_surface=True)
Planned clear arrow label: Inlet
Planned clear arrow label: Outlet 03
Planned clear arrow label: Outlet 01
Planned clear arrow label: Outlet 02
0 streamlines 0
0 streamlines 108
0 streamlines 216
0 streamlines 324
0 velocity_vectors 0
0 velocity_vectors 108
0 velocity_vectors 216
0 velocity_vectors 324
0 pressure 0
0 pressure 108
0 pressure 216
0 pressure 324
0 wss 0
0 wss 108
0 wss 216
0 wss 324
0 wss_raw 0
0 wss_raw 108
0 wss_raw 216
0 wss_raw 324
