{
  "passed": true,
  "method": "Identical real mesh, material, boundary conditions, dt0.0002s and two native steps; CPU8 original executable vs GPU8 isolated host-synchronization fix",
  "criterion_relative_L2": 1e-08,
  "records": {
    "diagnostic_cpu8_dt0p0002": {
      "exit_code": 0,
      "native_steps": 2,
      "linear_solves": 15,
      "solver_sha256": "0e509fe21424b5b1f731c4b4f519839b0104bfb2aab0817b01556cc4054f7fc7"
    },
    "diagnostic_gpu8_host_sync": {
      "exit_code": 0,
      "native_steps": 2,
      "linear_solves": 15,
      "solver_sha256": "43cd7d7b9ae9bde91275982225c6bf084859141cdaf2ec1030e1b83c3b94691d"
    }
  },
  "scope": "Backend equivalence only; two transient steps are not steady CFD validation"
}
[{'velocity_relative_L2': 8.736369076851354e-14, 'pressure_relative_L2': 4.620662722404524e-16, 'WSS_area_relative_L2': 6.928615660679153e-14}, {'velocity_relative_L2': 1.0193263351393834e-13, 'pressure_relative_L2': 9.12142702513017e-16, 'WSS_area_relative_L2': 9.496591998810381e-14}]
{
  "passed": true,
  "method": "Identical real mesh, material, boundary conditions, dt0.0002s and two native steps; CPU8 original executable vs GPU8 isolated host-synchronization fix",
  "criterion_relative_L2": 1e-08,
  "records": {
    "diagnostic_cpu8_dt0p0002": {
      "exit_code": 0,
      "native_steps": 2,
      "linear_solves": 15,
      "solver_sha256": "0e509fe21424b5b1f731c4b4f519839b0104bfb2aab0817b01556cc4054f7fc7"
    },
    "diagnostic_gpu8_host_sync": {
      "exit_code": 0,
      "native_steps": 2,
      "linear_solves": 15,
      "solver_sha256": "43cd7d7b9ae9bde91275982225c6bf084859141cdaf2ec1030e1b83c3b94691d"
    }
  },
  "scope": "Backend equivalence only; two transient steps are not steady CFD validation"
}
[{'velocity_relative_L2': 8.736369076851354e-14, 'pressure_relative_L2': 4.620662722404524e-16, 'WSS_area_relative_L2': 6.928615660679153e-14}, {'velocity_relative_L2': 1.0193263351393834e-13, 'pressure_relative_L2': 9.12142702513017e-16, 'WSS_area_relative_L2': 9.496591998810381e-14}]
{
  "status": "PASS",
  "exit_code": 0,
  "wall_time_s": 2304.9180669784546,
  "final_step": 71,
  "final": {
    "Q_target_m3_s": 3e-07,
    "Q_in_m3_s": 3.0000000000000004e-07,
    "outlet_flows_m3_s": {
      "OUTLET_01": 1.0000000000000002e-07,
      "OUTLET_02": 9.999999999999992e-08,
      "OUTLET_03": 1e-07
    },
    "Q_out_total_m3_s": 2.9999999999999993e-07,
    "signed_outward_boundary_flows_m3_s": {
      "OUTLET_03": 1e-07,
      "OUTLET_01": 1.0000000000000002e-07,
      "INLET": -3.0000000000000004e-07,
      "OUTLET_02": 9.999999999999992e-08
    },
    "epsilon_Q": 1.764651973446459e-16,
    "epsilon_mass": 3.529303946892918e-16,
    "outlet_fractions": {
      "OUTLET_01": 0.3333333333333335,
      "OUTLET_02": 0.33333333333333315,
      "OUTLET_03": 0.33333333333333337
    },
    "area_average_pressure_pa": {
      "OUTLET_03": 17.958037970714052,
      "OUTLET_01": 557.7912663659968,
      "INLET": 2716.5894879312464,
      "OUTLET_02": 0.8206108171520347
    },
    "velocity_L2": 0.00011384053264359532,
    "velocity_max_m_s": 0.5511151481609255,
    "pressure_range_pa": [
      0.42817089477690556,
      2723.1326383793917
    ],
    "velocity_finite": true,
    "pressure_finite": true,
    "wall_velocity_max_m_s": 0.0,
    "wall_velocity_P95_m_s": 0.0,
    "wall_noslip_tolerance_m_s": 2.6956158926685725e-11,
    "wall_noslip_pass": true
  },
  "health_failures": []
}
{
  "status": "PASS",
  "mesh_flow_correspondence": {
    "point_order_identical": true,
    "tetra_rows_identical_ignoring_local_vertex_order": true,
    "local_order_changed_cells": 692313,
    "gradients_use_canonical_connectivity": true
  },
  "case": "calibration_gpu8_production",
  "mode": "calibration",
  "flow_sha256": "f5d7a2ccf7cdcc08cbfebd725d0a17e23e5780df23e4ef6488a26ffa5983d4d2",
  "mesh_sha256": "e755a6ce04eca518fc02df5cd6139c98887e94617bdf9410d72f55b99f443c94",
  "mu_Pa_s": 0.00345312,
  "measurements": {
    "Q_target_m3_s": 3e-07,
    "Q_in_m3_s": 3.0000000000000004e-07,
    "outlet_flows_m3_s": {
      "OUTLET_01": 1.0000000000000002e-07,
      "OUTLET_02": 9.999999999999992e-08,
      "OUTLET_03": 1e-07
    },
    "Q_out_total_m3_s": 2.9999999999999993e-07,
    "signed_outward_boundary_flows_m3_s": {
      "OUTLET_03": 1e-07,
      "OUTLET_01": 1.0000000000000002e-07,
      "INLET": -3.0000000000000004e-07,
      "OUTLET_02": 9.999999999999992e-08
    },
    "epsilon_Q": 1.764651973446459e-16,
    "epsilon_mass": 3.529303946892918e-16,
    "outlet_fractions": {
      "OUTLET_01": 0.3333333333333335,
      "OUTLET_02": 0.33333333333333315,
      "OUTLET_03": 0.33333333333333337
    },
    "area_average_pressure_pa": {
      "OUTLET_03": 17.958037970714052,
      "OUTLET_01": 557.7912663659968,
      "INLET": 2716.5894879312464,
      "OUTLET_02": 0.8206108171520347
    },
    "velocity_L2": 0.00011384053264359532,
    "velocity_max_m_s": 0.5511151481609255,
    "pressure_range_pa": [
      0.42817089477690556,
      2723.1326383793917
    ],
    "velocity_finite": true,
    "pressure_finite": true,
    "wall_velocity_max_m_s": 0.0,
    "wall_velocity_P95_m_s": 0.0,
    "wall_noslip_tolerance_m_s": 2.6956158926685725e-11,
    "wall_noslip_pass": true
  },
  "raw_WSS": {
    "area_mean_Pa": 3.058891859077148,
    "min_Pa": 0.0,
    "P5_Pa": 1.538308032313109,
    "P50_Pa": 2.822989630564364,
    "P95_Pa": 5.680427812415479,
    "max_Pa": 10.964328283435817,
    "maximum_abs_normal_traction_Pa": 1.7763568394002505e-15,
    "raw_cells": 101074,
    "method": "mu*(G+G.T)*n followed by tangential projection; raw P1 adjacent-tetra value per triangle; area-weighted nodal average only for display"
  },
  "last_interval_changes": {
    "velocity_relative_L2": 4.3216445144559866e-14,
    "pressure_relative_L2": 1.5625287111379035e-15,
    "wss_area_relative_L2": 3.988164379211585e-14
  },
  "final_step": 71,
  "physical_time_s": 0.71,
  "max_split_deviation_percentage_points": 1.6653345369377348e-14,
  "split_is_prescribed_for_calibration_only": true,
  "single_mesh_not_mesh_independence": true
}
{
  "status": "PASS",
  "exit_code": 0,
  "wall_time_s": 2092.3457345962524,
  "final_step": 81,
  "final": {
    "Q_target_m3_s": 3e-07,
    "Q_in_m3_s": 3.0000000000000004e-07,
    "outlet_flows_m3_s": {
      "OUTLET_01": 1.0000027087688041e-07,
      "OUTLET_02": 9.996883070442674e-08,
      "OUTLET_03": 1.0003089841869293e-07
    },
    "Q_out_total_m3_s": 3.000000000000001e-07,
    "signed_outward_boundary_flows_m3_s": {
      "OUTLET_03": 1.0003089841869293e-07,
      "OUTLET_01": 1.0000027087688041e-07,
      "INLET": -3.0000000000000004e-07,
      "OUTLET_02": 9.996883070442674e-08
    },
    "epsilon_Q": 1.764651973446459e-16,
    "epsilon_mass": 1.764651973446459e-16,
    "outlet_fractions": {
      "OUTLET_01": 0.33333423625626796,
      "OUTLET_02": 0.3332294356814224,
      "OUTLET_03": 0.33343632806230966
    },
    "area_average_pressure_pa": {
      "OUTLET_03": 17.946676574525302,
      "OUTLET_01": 557.9499539349356,
      "INLET": 2716.4990258759167,
      "OUTLET_02": 0.8203624325947177
    },
    "velocity_L2": 0.00011384049647702588,
    "velocity_max_m_s": 0.5511151481609229,
    "pressure_range_pa": [
      0.4279851311076841,
      2723.0421763240615
    ],
    "velocity_finite": true,
    "pressure_finite": true,
    "wall_velocity_max_m_s": 0.0,
    "wall_velocity_P95_m_s": 0.0,
    "wall_noslip_tolerance_m_s": 2.6956158926685725e-11,
    "wall_noslip_pass": true
  },
  "health_failures": []
}
{
  "status": "PASS",
  "postprocess_data_sha256": {
    "postprocess/wall_wss_si.vtp": "6201a5396e61dafcb9a0cccea76a7d234b64882b66e2a574904a331d4425fb64",
    "postprocess/pressure_surface_si.vtp": "e3c3a4ce4a38520b4f2ba0a02b31e22d335ba22e4f0b23755db51886c7314115",
    "frozen_flow/flow_arrays_si.npz": "ffd33d04f4b5f73237f30e374a01ca95cd5ebb84dd0ff98926230499a22ccf97"
  },
  "postprocess_source_sha256": "f0cb990fbe53249c83901fc01d74ac1790edd5d91ed20de80f40d0296fd472e5",
  "mesh_flow_correspondence": {
    "point_order_identical": true,
    "tetra_rows_identical_ignoring_local_vertex_order": true,
    "local_order_changed_cells": 692313,
    "gradients_use_canonical_connectivity": true
  },
  "case": "balanced_pressure_final",
  "mode": "pressure",
  "flow_sha256": "73228d094c253cec75dbb0030476b687171d0d0fef7816a845392dad220285dc",
  "mesh_sha256": "e755a6ce04eca518fc02df5cd6139c98887e94617bdf9410d72f55b99f443c94",
  "mu_Pa_s": 0.00345312,
  "measurements": {
    "Q_target_m3_s": 3e-07,
    "Q_in_m3_s": 3.0000000000000004e-07,
    "outlet_flows_m3_s": {
      "OUTLET_01": 1.0000027087688041e-07,
      "OUTLET_02": 9.996883070442674e-08,
      "OUTLET_03": 1.0003089841869293e-07
    },
    "Q_out_total_m3_s": 3.000000000000001e-07,
    "signed_outward_boundary_flows_m3_s": {
      "OUTLET_03": 1.0003089841869293e-07,
      "OUTLET_01": 1.0000027087688041e-07,
      "INLET": -3.0000000000000004e-07,
      "OUTLET_02": 9.996883070442674e-08
    },
    "epsilon_Q": 1.764651973446459e-16,
    "epsilon_mass": 1.764651973446459e-16,
    "outlet_fractions": {
      "OUTLET_01": 0.33333423625626796,
      "OUTLET_02": 0.3332294356814224,
      "OUTLET_03": 0.33343632806230966
    },
    "area_average_pressure_pa": {
      "OUTLET_03": 17.946676574525302,
      "OUTLET_01": 557.9499539349356,
      "INLET": 2716.4990258759167,
      "OUTLET_02": 0.8203624325947177
    },
    "velocity_L2": 0.00011384049647702588,
    "velocity_max_m_s": 0.5511151481609229,
    "pressure_range_pa": [
      0.4279851311076841,
      2723.0421763240615
    ],
    "velocity_finite": true,
    "pressure_finite": true,
    "wall_velocity_max_m_s": 0.0,
    "wall_velocity_P95_m_s": 0.0,
    "wall_noslip_tolerance_m_s": 2.6956158926685725e-11,
    "wall_noslip_pass": true
  },
  "raw_WSS": {
    "area_mean_Pa": 3.058875661442645,
    "min_Pa": 0.0,
    "P5_Pa": 1.5384450136977714,
    "P50_Pa": 2.822986529506567,
    "P95_Pa": 5.680427812415453,
    "max_Pa": 10.964328283435817,
    "maximum_abs_normal_traction_Pa": 2.3314683517128287e-15,
    "raw_cells": 101074,
    "exact_zero_faces": 2,
    "exact_zero_area_fraction": 2.6333140344765103e-05,
    "exact_zero_faces_with_all_wall_tetra_nodes": 2,
    "method": "mu*(G+G.T)*n followed by tangential projection; raw P1 adjacent-tetra value per triangle; area-weighted nodal average only for display"
  },
  "last_interval_changes": {
    "velocity_relative_L2": 4.270028809392529e-15,
    "pressure_relative_L2": 1.7519436827074923e-15,
    "wss_area_relative_L2": 6.715046918104264e-15
  },
  "final_step": 81,
  "physical_time_s": 0.81,
  "max_split_deviation_percentage_points": 0.010389765191093359,
  "split_is_prescribed_for_calibration_only": false,
  "single_mesh_not_mesh_independence": true
}
