{
  "source_flow_sha256": "73228d094c253cec75dbb0030476b687171d0d0fef7816a845392dad220285dc",
  "rows": [
    {
      "boundary": "INLET",
      "depth_mm": 2.0,
      "volume_m3": 2.2328106790675544e-09,
      "signed_cap_flow_m3_s": -3.0000000000000004e-07,
      "signed_section_flow_m3_s": -2.925250301224614e-07,
      "surface_flux_difference_m3_s": -7.474969877538653e-09,
      "volume_divergence_integral_m3_s": -7.47496987753819e-09,
      "closure_error_m3_s": 4.632211430296955e-22,
      "closure_error_fraction_inlet": 1.5440704767656515e-15,
      "divergence_defect_fraction_inlet": 0.02491656625846063,
      "clipped_cells": 4443
    },
    {
      "boundary": "OUTLET_01",
      "depth_mm": 2.0,
      "volume_m3": 2.1068441411194504e-09,
      "signed_cap_flow_m3_s": 1.0000027087688041e-07,
      "signed_section_flow_m3_s": 9.690976749643292e-08,
      "surface_flux_difference_m3_s": 3.09050338044749e-09,
      "volume_divergence_integral_m3_s": 3.090503380447481e-09,
      "closure_error_m3_s": 9.098986738083304e-24,
      "closure_error_fraction_inlet": 3.032995579361101e-17,
      "divergence_defect_fraction_inlet": 0.010301677934824935,
      "clipped_cells": 4218
    },
    {
      "boundary": "OUTLET_02",
      "depth_mm": 2.0,
      "volume_m3": 2.415205541820511e-09,
      "signed_cap_flow_m3_s": 9.996883070442674e-08,
      "signed_section_flow_m3_s": 9.73057664460699e-08,
      "surface_flux_difference_m3_s": 2.663064258356837e-09,
      "volume_divergence_integral_m3_s": 2.6630642583568575e-09,
      "closure_error_m3_s": 2.0265925007549178e-23,
      "closure_error_fraction_inlet": 6.755308335849725e-17,
      "divergence_defect_fraction_inlet": 0.008876880861189524,
      "clipped_cells": 4819
    },
    {
      "boundary": "OUTLET_03",
      "depth_mm": 2.0,
      "volume_m3": 2.4519542464041215e-09,
      "signed_cap_flow_m3_s": 1.0003089841869293e-07,
      "signed_section_flow_m3_s": 9.754796943743194e-08,
      "surface_flux_difference_m3_s": 2.482928981260988e-09,
      "volume_divergence_integral_m3_s": 2.4829289812610234e-09,
      "closure_error_m3_s": 3.556876633978019e-23,
      "closure_error_fraction_inlet": 1.1856255446593395e-16,
      "divergence_defect_fraction_inlet": 0.008276429937536744,
      "clipped_cells": 4847
    }
  ],
  "method": "Exact constant P1 cell divergence integrated over clipped cap-side tube slabs; independent of triangle surface flux summation",
  "maximum_closure_error_fraction_inlet": 1.5440704767656515e-15,
  "interpretation": "A nonzero slab divergence integral confirms a local resolved-velocity conservation defect; this does not alter the solved field."
}
