{
  "source_flow_sha256": "73228d094c253cec75dbb0030476b687171d0d0fef7816a845392dad220285dc",
  "method": "Exact linear-triangle velocity integral on tetrahedral plane cuts; connected component closest to the straight artificial-port axis",
  "coordinate_unit": "m",
  "velocity_unit": "m/s",
  "rows": [
    {
      "boundary": "INLET",
      "inward_offset_mm": 2.0,
      "geometry_valid": true,
      "center_offset_from_straight_axis_m": 6.584451946503521e-07,
      "x_m": 0.032234047544357436,
      "y_m": -0.0519230331778527,
      "z_m": -0.017579614870018863,
      "area_m2": 1.1198066495812198e-06,
      "signed_outward_Q_m3_s": -2.925250301224614e-07,
      "flow_magnitude_uL_min": 17551.501807347682,
      "signed_boundary_reference_m3_s": -3.0000000000000004e-07,
      "relative_deviation_from_port": 0.024916566258462173,
      "deviation_as_fraction_total_inlet": 0.024916566258462173,
      "file": "INLET_inward_2mm.vtp"
    },
    {
      "boundary": "INLET",
      "inward_offset_mm": 5.0,
      "geometry_valid": true,
      "center_offset_from_straight_axis_m": 8.291227745003767e-07,
      "x_m": 0.032233175981612266,
      "y_m": -0.04892303317785265,
      "z_m": -0.01758067498669384,
      "area_m2": 1.11754883351651e-06,
      "signed_outward_Q_m3_s": -2.933733237568711e-07,
      "flow_magnitude_uL_min": 17602.399425412266,
      "signed_boundary_reference_m3_s": -3.0000000000000004e-07,
      "relative_deviation_from_port": 0.02208892081042987,
      "deviation_as_fraction_total_inlet": 0.02208892081042987,
      "file": "INLET_inward_5mm.vtp"
    },
    {
      "boundary": "INLET",
      "inward_offset_mm": 10.0,
      "geometry_valid": true,
      "center_offset_from_straight_axis_m": 3.2360479973375606e-07,
      "x_m": 0.03223371817252357,
      "y_m": -0.043923033177852615,
      "z_m": -0.01758007459679543,
      "area_m2": 1.1144076477845136e-06,
      "signed_outward_Q_m3_s": -2.928393989599358e-07,
      "flow_magnitude_uL_min": 17570.363937596147,
      "signed_boundary_reference_m3_s": -3.0000000000000004e-07,
      "relative_deviation_from_port": 0.023868670133547543,
      "deviation_as_fraction_total_inlet": 0.023868670133547543,
      "file": "INLET_inward_10mm.vtp"
    },
    {
      "boundary": "OUTLET_01",
      "inward_offset_mm": 2.0,
      "geometry_valid": true,
      "center_offset_from_straight_axis_m": 9.015487600435553e-07,
      "x_m": 0.026403658277860332,
      "y_m": 0.05192303317785269,
      "z_m": -0.0074908544726354975,
      "area_m2": 1.049421704112428e-06,
      "signed_outward_Q_m3_s": 9.690976749643292e-08,
      "flow_magnitude_uL_min": 5814.586049785975,
      "signed_boundary_reference_m3_s": 1.0000027087688041e-07,
      "relative_deviation_from_port": 0.030904950090110204,
      "deviation_as_fraction_total_inlet": 0.010301677934824966,
      "file": "OUTLET_01_inward_2mm.vtp"
    },
    {
      "boundary": "OUTLET_01",
      "inward_offset_mm": 5.0,
      "geometry_valid": true,
      "center_offset_from_straight_axis_m": 9.271738440144335e-07,
      "x_m": 0.02640312296230148,
      "y_m": 0.04892303317785265,
      "z_m": -0.007490461847177817,
      "area_m2": 1.0478899935365773e-06,
      "signed_outward_Q_m3_s": 9.691714681287327e-08,
      "flow_magnitude_uL_min": 5815.028808772396,
      "signed_boundary_reference_m3_s": 1.0000027087688041e-07,
      "relative_deviation_from_port": 0.03083115712559483,
      "deviation_as_fraction_total_inlet": 0.010277080213357149,
      "file": "OUTLET_01_inward_5mm.vtp"
    },
    {
      "boundary": "OUTLET_01",
      "inward_offset_mm": 10.0,
      "geometry_valid": true,
      "center_offset_from_straight_axis_m": 2.142350644167261e-06,
      "x_m": 0.02640194241869316,
      "y_m": 0.04392303317785262,
      "z_m": -0.0074908102164303915,
      "area_m2": 1.053189173467128e-06,
      "signed_outward_Q_m3_s": 9.717072811490882e-08,
      "flow_magnitude_uL_min": 5830.243686894529,
      "signed_boundary_reference_m3_s": 1.0000027087688041e-07,
      "relative_deviation_from_port": 0.02829535097415193,
      "deviation_as_fraction_total_inlet": 0.009431809206571981,
      "file": "OUTLET_01_inward_10mm.vtp"
    },
    {
      "boundary": "OUTLET_02",
      "inward_offset_mm": 2.0,
      "geometry_valid": true,
      "center_offset_from_straight_axis_m": 3.559210127061658e-06,
      "x_m": -0.03764529559016227,
      "y_m": 0.01599909438866881,
      "z_m": 0.0036008997415129095,
      "area_m2": 1.2050631797301907e-06,
      "signed_outward_Q_m3_s": 9.73057664460699e-08,
      "flow_magnitude_uL_min": 5838.345986764194,
      "signed_boundary_reference_m3_s": 9.996883070442674e-08,
      "relative_deviation_from_port": 0.026638945755308445,
      "deviation_as_fraction_total_inlet": 0.008876880861189457,
      "file": "OUTLET_02_inward_2mm.vtp"
    },
    {
      "boundary": "OUTLET_02",
      "inward_offset_mm": 5.0,
      "geometry_valid": true,
      "center_offset_from_straight_axis_m": 4.484243654516855e-06,
      "x_m": -0.034645295590162266,
      "y_m": 0.01599828860846816,
      "z_m": 0.003599946037413965,
      "area_m2": 1.2079047465878374e-06,
      "signed_outward_Q_m3_s": 9.736986285080246e-08,
      "flow_magnitude_uL_min": 5842.1917710481475,
      "signed_boundary_reference_m3_s": 9.996883070442674e-08,
      "relative_deviation_from_port": 0.02599778186171372,
      "deviation_as_fraction_total_inlet": 0.008663226178747582,
      "file": "OUTLET_02_inward_5mm.vtp"
    },
    {
      "boundary": "OUTLET_02",
      "inward_offset_mm": 10.0,
      "geometry_valid": true,
      "center_offset_from_straight_axis_m": 3.777797567463408e-06,
      "x_m": -0.029645295590162317,
      "y_m": 0.015999022882352436,
      "z_m": 0.0036006697336627667,
      "area_m2": 1.205861655061527e-06,
      "signed_outward_Q_m3_s": 9.7531084370819e-08,
      "flow_magnitude_uL_min": 5851.86506224914,
      "signed_boundary_reference_m3_s": 9.996883070442674e-08,
      "relative_deviation_from_port": 0.024385063988747797,
      "deviation_as_fraction_total_inlet": 0.008125821112025804,
      "file": "OUTLET_02_inward_10mm.vtp"
    },
    {
      "boundary": "OUTLET_03",
      "inward_offset_mm": 2.0,
      "geometry_valid": true,
      "center_offset_from_straight_axis_m": 1.408176081337098e-06,
      "x_m": -0.013249702056945265,
      "y_m": 0.051923033177852636,
      "z_m": 0.00974698252182101,
      "area_m2": 1.2231984894471683e-06,
      "signed_outward_Q_m3_s": 9.754796943743194e-08,
      "flow_magnitude_uL_min": 5852.878166245917,
      "signed_boundary_reference_m3_s": 1.0003089841869293e-07,
      "relative_deviation_from_port": 0.024821620324435665,
      "deviation_as_fraction_total_inlet": 0.008276429937536625,
      "file": "OUTLET_03_inward_2mm.vtp"
    },
    {
      "boundary": "OUTLET_03",
      "inward_offset_mm": 5.0,
      "geometry_valid": true,
      "center_offset_from_straight_axis_m": 1.6134758242285e-06,
      "x_m": -0.013250491957460593,
      "y_m": 0.04892303317785267,
      "z_m": 0.00974729610609782,
      "area_m2": 1.2263893027322324e-06,
      "signed_outward_Q_m3_s": 9.751191551143834e-08,
      "flow_magnitude_uL_min": 5850.7149306863,
      "signed_boundary_reference_m3_s": 1.0003089841869293e-07,
      "relative_deviation_from_port": 0.02518204821785212,
      "deviation_as_fraction_total_inlet": 0.008396609690848642,
      "file": "OUTLET_03_inward_5mm.vtp"
    },
    {
      "boundary": "OUTLET_03",
      "inward_offset_mm": 10.0,
      "geometry_valid": true,
      "center_offset_from_straight_axis_m": 1.2623005465814134e-06,
      "x_m": -0.013249964514528638,
      "y_m": 0.04392303317785262,
      "z_m": 0.009746920058523782,
      "area_m2": 1.2281597970455764e-06,
      "signed_outward_Q_m3_s": 9.765883167490824e-08,
      "flow_magnitude_uL_min": 5859.5299004944945,
      "signed_boundary_reference_m3_s": 1.0003089841869293e-07,
      "relative_deviation_from_port": 0.023713340390646927,
      "deviation_as_fraction_total_inlet": 0.007906889145948968,
      "file": "OUTLET_03_inward_10mm.vtp"
    }
  ],
  "valid_sections": 12,
  "maximum_deviation_fraction_total_inlet": 0.024916566258462173,
  "scope": "Artificial straight port tube sections only; not a proof of local solenoidality, mesh independence, or physical trapping"
}
