{
  "validity": {
    "tetra": 692313,
    "vertices": 135852,
    "edges": 878892,
    "connected_volumes": 1,
    "inverted": 0,
    "degenerate": 0,
    "nonfinite": 0,
    "exterior_closed": true,
    "volume_m3": 3.601668180064043e-07
  },
  "quality": {
    "q_min": 0.1451122776948012,
    "P1": 0.2811324065948028,
    "P5": 0.4809487205115057,
    "median": 0.8534208812359183,
    "P95": 0.9629895327607898,
    "N_low": 0,
    "low_fraction": 0.0
  },
  "wall": {
    "max_m": 8.447435580352994e-05,
    "P95_m": 8.306199290944664e-06,
    "RMS_m": 4.153360209329418e-06,
    "max_over_h_wall": 0.42237177901764966,
    "forward_sample_count": 108436,
    "backward_sample_count": 151655,
    "method": "Every vertex and triangle centroid to the other triangle surface; sampled bidirectional distance"
  },
  "volume_relative_error": 0.009413276481133595,
  "ports": {
    "OUTLET_03": {
      "area_relative_error": 0.011949754851123958,
      "normal_dot": 1.0
    },
    "OUTLET_01": {
      "area_relative_error": 0.006218477182861459,
      "normal_dot": 1.0
    },
    "INLET": {
      "area_relative_error": 0.013317028175383641,
      "normal_dot": 1.0
    },
    "OUTLET_02": {
      "area_relative_error": 0.009314209085523257,
      "normal_dot": 1.0
    }
  }
}
