No plugins installed for current SimVascular installed version.
!Mon Sep 28 22:01:48 2026 
0.289! WARNING: In load_impl at /usr/local/sv/ext/2019.06/release/gl2/src/mitk-2018.04.2/Modules/CppMicroServices/core/src/util/usUtils.cpp:76 : libicuuc.so.66: cannot open shared object file: No such file or directory
!0.290! WARNING: In AutoLoadModulesFromPath at /usr/local/sv/ext/2019.06/release/gl2/src/mitk-2018.04.2/Modules/CppMicroServices/core/src/util/usUtils.cpp:176 : Auto-loading of module /home/lzy/projects/formal_3D_flow_solver/FEM_SimVascular/external/SimVascularDistribution/usr/local/sv/simvascular/2023-05-31/svExternals/lib/MitkCore/libMitkDICOMQIIO.so failed.
!0.295! WARNING: In load_impl at /usr/local/sv/ext/2019.06/release/gl2/src/mitk-2018.04.2/Modules/CppMicroServices/core/src/util/usUtils.cpp:76 : libicuuc.so.66: cannot open shared object file: No such file or directory
!0.295! WARNING: In AutoLoadModulesFromPath at /usr/local/sv/ext/2019.06/release/gl2/src/mitk-2018.04.2/Modules/CppMicroServices/core/src/util/usUtils.cpp:176 : Auto-loading of module /home/lzy/projects/formal_3D_flow_solver/FEM_SimVascular/external/SimVascularDistribution/usr/local/sv/simvascular/2023-05-31/svExternals/lib/MitkCore/libMitkCESTIO.so failed.
!0.297! WARNING: In load_impl at /usr/local/sv/ext/2019.06/release/gl2/src/mitk-2018.04.2/Modules/CppMicroServices/core/src/util/usUtils.cpp:76 : libicuuc.so.66: cannot open shared object file: No such file or directory
!0.297! WARNING: In AutoLoadModulesFromPath at /usr/local/sv/ext/2019.06/release/gl2/src/mitk-2018.04.2/Modules/CppMicroServices/core/src/util/usUtils.cpp:176 : Auto-loading of module /home/lzy/projects/formal_3D_flow_solver/FEM_SimVascular/external/SimVascularDistribution/usr/local/sv/simvascular/2023-05-31/svExternals/lib/MitkCore/libMitkDICOMReaderServices.so failed.
!0.298! WARNING: In load_impl at /usr/local/sv/ext/2019.06/release/gl2/src/mitk-2018.04.2/Modules/CppMicroServices/core/src/util/usUtils.cpp:76 : libicuuc.so.66: cannot open shared object file: No such file or directory
!0.298! WARNING: In AutoLoadModulesFromPath at /usr/local/sv/ext/2019.06/release/gl2/src/mitk-2018.04.2/Modules/CppMicroServices/core/src/util/usUtils.cpp:176 : Auto-loading of module /home/lzy/projects/formal_3D_flow_solver/FEM_SimVascular/external/SimVascularDistribution/usr/local/sv/simvascular/2023-05-31/svExternals/lib/MitkCore/libMitkMultilabelIO.so failed.
!0.300! WARNING: In load_impl at /usr/local/sv/ext/2019.06/release/gl2/src/mitk-2018.04.2/Modules/CppMicroServices/core/src/util/usUtils.cpp:76 : libicuuc.so.66: cannot open shared object file: No such file or directory
!0.300! WARNING: In AutoLoadModulesFromPath at /usr/local/sv/ext/2019.06/release/gl2/src/mitk-2018.04.2/Modules/CppMicroServices/core/src/util/usUtils.cpp:176 : Auto-loading of module /home/lzy/projects/formal_3D_flow_solver/FEM_SimVascular/external/SimVascularDistribution/usr/local/sv/simvascular/2023-05-31/svExternals/lib/MitkCore/libMitkDicomRTIO.so failed.


SimVascular Python Shell
Copyright (c) Stanford University, The Regents of the University
              of California, and others.  All Rights Reserved.

Iteration 1/10
Iteration 2/10
Iteration 3/10
Iteration 4/10
Iteration 5/10
Iteration 6/10
Iteration 7/10
Iteration 8/10
Iteration 9/10
Iteration 10/10
Final mesh improvement
Checking surface mesh
Regions: 1
Number of Free Edges on Surface: 92
Number of Non-Manifold Edges on Surface: 0
Iteration 1/10
Iteration 2/10
Iteration 3/10
Iteration 4/10
Iteration 5/10
Iteration 6/10
Iteration 7/10
Iteration 8/10
Iteration 9/10
Iteration 10/10
Final mesh improvement
Converting to TetGen...
Adding Facet Markers...
MESH_GENERATION={"boundary_layers": false, "status": "GENERATED_PENDING_AUDIT", "points": 135852, "elapsed_s": 96.33945941925049, "global_edge_size_m": 0.0002, "cells": 692313, "generator": "SimVascular 2023-05-31 sv.meshing.TetGen"}
TetGen Meshing Started...
Delaunizing vertices...
Delaunay seconds:  0.315415
Creating surface mesh ...
Surface mesh seconds:  0.112211
Recovering boundaries...
Boundary recovery seconds:  0.358435
Removing exterior tetrahedra ...
Exterior tets removal seconds:  0.135731
Recovering Delaunayness...
Delaunay recovery seconds:  0.122525
Refining mesh...
Refinement seconds:  1.89858
Optimizing mesh...
Optimization seconds:  0.190763

Writing nodes.
Writing elements.
Writing faces.
Writing edges.
Writing neighbors.

Output seconds:  0.081715
Total running seconds:  3.21665

Statistics:

  Input points: 50730
  Input facets: 101456
  Input holes: 0
  Input regions: 0

  Mesh points: 135852
  Mesh tetrahedra: 692313
  Mesh faces: 1435354
  Mesh faces on facets: 101456
  Mesh edges on segments: 152184
  Steiner points inside domain: 85122

TetGen Meshing Finished...
