Traceback (most recent call last):
  File "/workspace/brava_flow_roi_18mlmin_20260928/scripts/run_microbubble_sequence.py", line 62, in <module>
    try:main()
        ~~~~^^
  File "/workspace/brava_flow_roi_18mlmin_20260928/scripts/run_microbubble_sequence.py", line 49, in main
    if not (MB/'data/cohort.json').exists():run('01_source',scripts/'campaign.py','prepare')
                                            ~~~^^^^^^^^^^^^^^^^^^^^^^^^^^^^^^^^^^^^^^^^^^^^^
  File "/workspace/brava_flow_roi_18mlmin_20260928/scripts/run_microbubble_sequence.py", line 18, in run
    dump(MB/'data/SEQUENCE_PROGRESS.json',state)
    ~~~~^^^^^^^^^^^^^^^^^^^^^^^^^^^^^^^^^^^^^^^^
  File "/workspace/brava_flow_roi_18mlmin_20260928/scripts/run_microbubble_sequence.py", line 14, in dump
    p.write_text(json.dumps(v,indent=2,ensure_ascii=False)+'\n')
    ~~~~~~~~~~~~^^^^^^^^^^^^^^^^^^^^^^^^^^^^^^^^^^^^^^^^^^^^^^^^
  File "/.uv/python_install/cpython-3.13.15-linux-x86_64-gnu/lib/python3.13/pathlib/_local.py", line 555, in write_text
    return PathBase.write_text(self, data, encoding, errors, newline)
           ~~~~~~~~~~~~~~~~~~~^^^^^^^^^^^^^^^^^^^^^^^^^^^^^^^^^^^^^^^
  File "/.uv/python_install/cpython-3.13.15-linux-x86_64-gnu/lib/python3.13/pathlib/_abc.py", line 651, in write_text
    with self.open(mode='w', encoding=encoding, errors=errors, newline=newline) as f:
         ~~~~~~~~~^^^^^^^^^^^^^^^^^^^^^^^^^^^^^^^^^^^^^^^^^^^^^^^^^^^^^^^^^^^^^
  File "/.uv/python_install/cpython-3.13.15-linux-x86_64-gnu/lib/python3.13/pathlib/_local.py", line 537, in open
    return io.open(self, mode, buffering, encoding, errors, newline)
           ~~~~~~~^^^^^^^^^^^^^^^^^^^^^^^^^^^^^^^^^^^^^^^^^^^^^^^^^^
FileNotFoundError: [Errno 2] No such file or directory: '/workspace/brava_flow_roi_18mlmin_20260928/microbubble/data/SEQUENCE_PROGRESS.json'

During handling of the above exception, another exception occurred:

Traceback (most recent call last):
  File "/workspace/brava_flow_roi_18mlmin_20260928/scripts/run_microbubble_sequence.py", line 64, in <module>
    dump(MB/'data/SEQUENCE_FAILURE.json',dict(status='FAILED',traceback=traceback.format_exc(),time_unix=time.time()))
    ~~~~^^^^^^^^^^^^^^^^^^^^^^^^^^^^^^^^^^^^^^^^^^^^^^^^^^^^^^^^^^^^^^^^^^^^^^^^^^^^^^^^^^^^^^^^^^^^^^^^^^^^^^^^^^^^^^
  File "/workspace/brava_flow_roi_18mlmin_20260928/scripts/run_microbubble_sequence.py", line 14, in dump
    p.write_text(json.dumps(v,indent=2,ensure_ascii=False)+'\n')
    ~~~~~~~~~~~~^^^^^^^^^^^^^^^^^^^^^^^^^^^^^^^^^^^^^^^^^^^^^^^^
  File "/.uv/python_install/cpython-3.13.15-linux-x86_64-gnu/lib/python3.13/pathlib/_local.py", line 555, in write_text
    return PathBase.write_text(self, data, encoding, errors, newline)
           ~~~~~~~~~~~~~~~~~~~^^^^^^^^^^^^^^^^^^^^^^^^^^^^^^^^^^^^^^^
  File "/.uv/python_install/cpython-3.13.15-linux-x86_64-gnu/lib/python3.13/pathlib/_abc.py", line 651, in write_text
    with self.open(mode='w', encoding=encoding, errors=errors, newline=newline) as f:
         ~~~~~~~~~^^^^^^^^^^^^^^^^^^^^^^^^^^^^^^^^^^^^^^^^^^^^^^^^^^^^^^^^^^^^^
  File "/.uv/python_install/cpython-3.13.15-linux-x86_64-gnu/lib/python3.13/pathlib/_local.py", line 537, in open
    return io.open(self, mode, buffering, encoding, errors, newline)
           ~~~~~~~^^^^^^^^^^^^^^^^^^^^^^^^^^^^^^^^^^^^^^^^^^^^^^^^^^
FileNotFoundError: [Errno 2] No such file or directory: '/workspace/brava_flow_roi_18mlmin_20260928/microbubble/data/SEQUENCE_FAILURE.json'
01_source COMPLETE
02_cuda_mesh COMPLETE
03_reference_pilot COMPLETE
04_native_parity COMPLETE
05_exact_parity COMPLETE
