["/root/particle8_2_runs/env/bin/python", "-B", "/workspace/brava_flow_roi_18mlmin_20260928/scripts/prepare_flow_visualization.py"]
STREAMLINES 32 {None: 6, 'OUTLET_02': 15, 'OUTLET_03': 2, 'OUTLET_01': 9}
STREAMLINES 64 {None: 15, 'OUTLET_02': 23, 'OUTLET_03': 11, 'OUTLET_01': 15}
STREAMLINES 96 {None: 26, 'OUTLET_02': 34, 'OUTLET_03': 13, 'OUTLET_01': 23}
STREAMLINES 128 {None: 35, 'OUTLET_02': 44, 'OUTLET_03': 21, 'OUTLET_01': 28}
STREAMLINES 160 {None: 47, 'OUTLET_02': 50, 'OUTLET_03': 28, 'OUTLET_01': 35}
STREAMLINES 192 {None: 53, 'OUTLET_02': 64, 'OUTLET_03': 35, 'OUTLET_01': 40}
Traceback (most recent call last):
  File "/workspace/brava_flow_roi_18mlmin_20260928/scripts/prepare_flow_visualization.py", line 48, in <module>
    assert error<1e-5,(row,error)
           ^^^^^^^^^^
AssertionError: ({'seed_id': 1, 'outlet': 'OUTLET_02', 'transit_s': 0.9427933327569711}, 1.2667808177665018e-05)
STREAMLINES 32 {None: 6, 'OUTLET_02': 15, 'OUTLET_03': 2, 'OUTLET_01': 9}
STREAMLINES 64 {None: 15, 'OUTLET_02': 23, 'OUTLET_03': 11, 'OUTLET_01': 15}
STREAMLINES 96 {None: 26, 'OUTLET_02': 34, 'OUTLET_03': 13, 'OUTLET_01': 23}
STREAMLINES 128 {None: 35, 'OUTLET_02': 44, 'OUTLET_03': 21, 'OUTLET_01': 28}
STREAMLINES 160 {None: 47, 'OUTLET_02': 50, 'OUTLET_03': 28, 'OUTLET_01': 35}
STREAMLINES 192 {None: 55, 'OUTLET_02': 64, 'OUTLET_03': 33, 'OUTLET_01': 40}
{
  "data_sha256": {
    "streamlines_si.vtp": "e23fbfe5f76ce5a96ae144e91b8d54e9d9b7fa686a524c987bcad319a012270a",
    "velocity_samples_si.vtp": "3652bb286ff0ea0ce987b7ce3f2bd335e2c6abacac03b701fa272eb7616d2eb2"
  },
  "refinement_comparisons": [
    {
      "seed_id": 3,
      "outlet": "OUTLET_01",
      "maximum_path_difference_m": 4.944396019195627e-07
    },
    {
      "seed_id": 5,
      "outlet": "OUTLET_01",
      "maximum_path_difference_m": 7.24426149588437e-08
    },
    {
      "seed_id": 12,
      "outlet": "OUTLET_01",
      "maximum_path_difference_m": 2.803175566300894e-07
    },
    {
      "seed_id": 1,
      "outlet": "OUTLET_02",
      "maximum_path_difference_m": 4.7379210345250106e-07
    },
    {
      "seed_id": 4,
      "outlet": "OUTLET_02",
      "maximum_path_difference_m": 5.107235710629942e-07
    },
    {
      "seed_id": 7,
      "outlet": "OUTLET_02",
      "maximum_path_difference_m": 8.625704619794991e-07
    },
    {
      "seed_id": 2,
      "outlet": "OUTLET_03",
      "maximum_path_difference_m": 2.7011862809803846e-06
    },
    {
      "seed_id": 31,
      "outlet": "OUTLET_03",
      "maximum_path_difference_m": 3.688266784176722e-07
    },
    {
      "seed_id": 32,
      "outlet": "OUTLET_03",
      "maximum_path_difference_m": 1.8013187594887147e-06
    }
  ],
  "source_flow_sha256": "73228d094c253cec75dbb0030476b687171d0d0fef7816a845392dad220285dc",
  "candidate_count": 192,
  "candidate_outcomes": {
    "None": 55,
    "OUTLET_02": 64,
    "OUTLET_03": 33,
    "OUTLET_01": 40
  },
  "streamline_semantics": "P1 RK23 massless flow lines, not finite-size microbubble dynamics; line counts are not flow fractions",
  "step_m": 2.5e-05,
  "local_error_m": 2.5e-09,
  "selection": "First 96 naturally completed source-order seeds; no path steering or extension",
  "branch_focus_m": [
    0.03038465198484761,
    0.004945821722055769,
    0.0016358169762001184
  ],
  "bifurcations_m": [
    [
      0.03038465198484761,
      0.004945821722055769,
      0.0016358169762001184
    ],
    [
      -0.007146991586500775,
      0.027522936088611404,
      0.015339031632201888
    ]
  ],
  "glyph_count": 113,
  "glyph_direction": "P1 velocity averaged at actual tetrahedron centroid",
  "terminal_streamline_color": "If exact cap crossing is outside the locator, repeat last interior speed for endpoint color only; path endpoint is unchanged"
}
