2026-09-28 20:06:45,101 CRIT Supervisor is running as root.  Privileges were not dropped because no user is specified in the config file.  If you intend to run as root, you can set user=root in the config file to avoid this message.
2026-09-28 20:06:45,102 INFO RPC interface 'supervisor' initialized
2026-09-28 20:06:45,102 CRIT Server 'unix_http_server' running without any HTTP authentication checking
2026-09-28 20:06:45,103 INFO daemonizing the supervisord process
2026-09-28 20:06:45,103 INFO supervisord started with pid 654687
2026-09-28 20:06:45,157 INFO spawned: 'brava_calibration_gpu' with pid 654689
2026-09-28 20:06:46,159 INFO success: brava_calibration_gpu entered RUNNING state, process has stayed up for > than 1 seconds (startsecs)
2026-09-28 20:10:01,965 INFO spawned: 'brava_calibration_reorth_gpu' with pid 654896
2026-09-28 20:10:02,966 INFO success: brava_calibration_reorth_gpu entered RUNNING state, process has stayed up for > than 1 seconds (startsecs)
2026-09-28 20:10:04,319 WARN exited: brava_calibration_gpu (exit status 1; not expected)
2026-09-28 20:10:44,614 WARN exited: brava_calibration_reorth_gpu (exit status 1; not expected)
2026-09-28 20:11:49,834 INFO spawned: 'brava_calibration_fgmres_gpu' with pid 655009
2026-09-28 20:11:50,835 INFO success: brava_calibration_fgmres_gpu entered RUNNING state, process has stayed up for > than 1 seconds (startsecs)
2026-09-28 20:12:52,625 INFO exited: brava_calibration_fgmres_gpu (exit status 0; expected)
2026-09-28 20:14:55,828 INFO spawned: 'brava_calibration_gpu8_lu_gpu' with pid 655147
2026-09-28 20:14:56,830 INFO success: brava_calibration_gpu8_lu_gpu entered RUNNING state, process has stayed up for > than 1 seconds (startsecs)
2026-09-28 20:18:16,128 INFO spawned: 'brava_calibration_gpu8_fresh_gpu' with pid 655385
2026-09-28 20:18:17,130 INFO success: brava_calibration_gpu8_fresh_gpu entered RUNNING state, process has stayed up for > than 1 seconds (startsecs)
2026-09-28 20:18:20,658 INFO exited: brava_calibration_gpu8_lu_gpu (exit status 0; expected)
2026-09-28 20:21:04,472 INFO spawned: 'brava_calibration_gpu8_small_dt_gpu' with pid 655574
2026-09-28 20:21:05,473 INFO success: brava_calibration_gpu8_small_dt_gpu entered RUNNING state, process has stayed up for > than 1 seconds (startsecs)
2026-09-28 20:21:10,210 INFO exited: brava_calibration_gpu8_fresh_gpu (exit status 0; expected)
2026-09-28 20:21:46,407 INFO spawned: 'brava_diagnostic_cpu8_dt0p0002_gpu' with pid 655686
2026-09-28 20:21:47,423 INFO success: brava_diagnostic_cpu8_dt0p0002_gpu entered RUNNING state, process has stayed up for > than 1 seconds (startsecs)
2026-09-28 20:24:17,131 INFO exited: brava_calibration_gpu8_small_dt_gpu (exit status 0; expected)
2026-09-28 20:24:55,023 INFO spawned: 'brava_diagnostic_first_correction_gpu' with pid 655977
2026-09-28 20:24:56,025 INFO success: brava_diagnostic_first_correction_gpu entered RUNNING state, process has stayed up for > than 1 seconds (startsecs)
2026-09-28 20:26:10,135 INFO exited: brava_diagnostic_first_correction_gpu (exit status 0; expected)
2026-09-28 20:28:22,895 INFO exited: brava_diagnostic_cpu8_dt0p0002_gpu (exit status 0; expected)
2026-09-28 20:29:35,954 INFO spawned: 'brava_diagnostic_gpu8_host_sync_gpu' with pid 656406
2026-09-28 20:29:36,956 INFO success: brava_diagnostic_gpu8_host_sync_gpu entered RUNNING state, process has stayed up for > than 1 seconds (startsecs)
2026-09-28 20:32:17,038 INFO spawned: 'brava_flow_sequence' with pid 656622
2026-09-28 20:32:18,039 INFO success: brava_flow_sequence entered RUNNING state, process has stayed up for > than 1 seconds (startsecs)
2026-09-28 20:33:46,268 INFO exited: brava_diagnostic_gpu8_host_sync_gpu (exit status 0; expected)
2026-09-28 20:37:34,942 INFO waiting for brava_flow_sequence to stop
2026-09-28 20:37:34,944 WARN stopped: brava_flow_sequence (terminated by SIGTERM)
2026-09-28 20:37:35,162 INFO spawned: 'brava_flow_sequence' with pid 656894
2026-09-28 20:37:36,163 INFO success: brava_flow_sequence entered RUNNING state, process has stayed up for > than 1 seconds (startsecs)
2026-09-28 21:51:21,371 INFO exited: brava_flow_sequence (exit status 0; expected)
2026-09-28 21:59:51,248 INFO spawned: 'brava_flow_render' with pid 660145
2026-09-28 21:59:51,248 INFO success: brava_flow_render entered RUNNING state, process has stayed up for > than 0 seconds (startsecs)
2026-09-28 22:02:43,251 INFO exited: brava_flow_render (exit status 0; expected)
2026-09-28 22:03:55,793 INFO spawned: 'brava_microbubble_sequence' with pid 661047
2026-09-28 22:03:55,793 INFO success: brava_microbubble_sequence entered RUNNING state, process has stayed up for > than 0 seconds (startsecs)
2026-09-28 22:03:55,864 WARN exited: brava_microbubble_sequence (exit status 1; not expected)
2026-09-28 22:05:29,442 INFO spawned: 'brava_microbubble_sequence' with pid 661123
2026-09-28 22:05:29,442 INFO success: brava_microbubble_sequence entered RUNNING state, process has stayed up for > than 0 seconds (startsecs)
2026-09-28 22:21:49,744 INFO waiting for brava_microbubble_sequence to stop
2026-09-28 22:21:49,749 WARN stopped: brava_microbubble_sequence (terminated by SIGTERM)
