-----------------------------------------------------------------------------------
 Eq      N-i            T    dB      Ri/R1      Ri/R0       R/Ri    lsIt   dB   %t
-----------------------------------------------------------------------------------
 <PETSC_INITIALIZE>: use linear solver config. from svFSI input.
Mat Object: 1 MPI process
  type: preallocator
  rows=12428, cols=12428, bs=4
Mat Object: 1 MPI process
  type: seqaijcusparse
  rows=12428, cols=12428, bs=4
  total: nonzeros=600272, allocated nonzeros=600272
  total number of mallocs used during MatSetValues calls=0
    not using I-node routines
[0]PETSC ERROR: --------------------- Error Message --------------------------------------------------------------
[0]PETSC ERROR: Invalid argument
[0]PETSC ERROR: Vector is not ghosted
[0]PETSC ERROR: WARNING! There are option(s) set that were not used! Could be the program crashed before they were used or a spelling mistake, etc!
[0]PETSC ERROR:   Option left: name:-ksp_converged_reason (no value) source: environment
[0]PETSC ERROR: Vec Object: 1 MPI process
  type: seqcuda
  length=12428, bs=4
  Option left: name:-options_left (no value) source: environment
[0]PETSC ERROR:   Option left: name:-options_view (no value) source: environment
[0]PETSC ERROR:   Option left: name:-skip_petscrc (no value) source: environment
[0]PETSC ERROR:   Option left: name:-sub_ksp_type value: preonly source: environment
[0]PETSC ERROR:   Option left: name:-sub_pc_factor_levels value: 2 source: environment
[0]PETSC ERROR:   Option left: name:-sub_pc_type value: ilu source: environment
[0]PETSC ERROR: See https://petsc.org/release/faq/ for trouble shooting.
[0]PETSC ERROR: Petsc Release Version 3.19.6, Sep 28, 2023 
[0]PETSC ERROR: Unknown Name on a  named f7c62a262077 by root Sat Sep 19 15:26:22 2026
[0]PETSC ERROR: Configure options --prefix=/workspace/formal_3D_flow_solver_FEM_SimVascular_lzy/sv1_3l/external/compat_cuda/petsc-cuda123-mpif PETSC_ARCH=arch-sv13l-cuda123-mpif --with-cc=/workspace/formal_3D_flow_solver_FEM_SimVascular_lzy/sv1_3l/external/gpu_mpi_fortran/bin/mpicc --with-cxx=/workspace/formal_3D_flow_solver_FEM_SimVascular_lzy/sv1_3l/external/gpu_mpi_fortran/bin/mpicxx --with-mpiexec=/workspace/formal_3D_flow_solver_FEM_SimVascular_lzy/sv1_3l/scripts/run_gpu_mpi_fortran.sh --with-fc=0 --with-fortran-bindings=0 --with-debugging=0 --with-shared-libraries=1 --with-scalar-type=real --with-precision=double --with-64-bit-indices=0 --with-blaslapack-lib="[/workspace/formal_3D_flow_solver_FEM_SimVascular_lzy/sv1_3j/external/compat_cuda/system-lib/liblapack.so,/workspace/formal_3D_flow_solver_FEM_SimVascular_lzy/sv1_3j/external/compat_cuda/system-lib/libblas.so]" --with-x=0 --with-cuda=1 --with-cudac=/workspace/formal_3D_flow_solver_FEM_SimVascular_lzy/sv1_3j/external/compat_cuda/cuda-12.3.2/bin/nvcc --with-cuda-include=/workspace/formal_3D_flow_solver_FEM_SimVascular_lzy/sv1_3j/external/compat_cuda/cuda-12.3.2/include --with-cuda-lib="[/workspace/formal_3D_flow_solver_FEM_SimVascular_lzy/sv1_3j/external/compat_cuda/cuda-12.3.2/lib64/libcudart.so,/workspace/formal_3D_flow_solver_FEM_SimVascular_lzy/sv1_3j/external/compat_cuda/cuda-12.3.2/lib64/libcufft.so,/workspace/formal_3D_flow_solver_FEM_SimVascular_lzy/sv1_3j/external/compat_cuda/cuda-12.3.2/lib64/libcublas.so,/workspace/formal_3D_flow_solver_FEM_SimVascular_lzy/sv1_3j/external/compat_cuda/cuda-12.3.2/lib64/libcusparse.so,/workspace/formal_3D_flow_solver_FEM_SimVascular_lzy/sv1_3j/external/compat_cuda/cuda-12.3.2/lib64/libcusolver.so,/workspace/formal_3D_flow_solver_FEM_SimVascular_lzy/sv1_3j/external/compat_cuda/cuda-12.3.2/lib64/libcurand.so,/workspace/formal_3D_flow_solver_FEM_SimVascular_lzy/sv1_3j/external/compat_cuda/cuda-12.3.2/lib64/libnvToolsExt.so]" --with-cuda-arch=89 --with-cxx-dialect=C++17 --with-cuda-dialect=C++17 --with-hip=0 --with-opencl=0
[0]PETSC ERROR: #1 VecGhostUpdateBegin() at /workspace/formal_3D_flow_solver_FEM_SimVascular_lzy/sv1_3l/external/compat_cuda/petsc-3.19.6-cuda123-mpif/src/vec/vec/impls/mpi/commonmpvec.c:216
[0]PETSC ERROR: #2 petsc_set_vec() at /workspace/formal_3D_flow_solver_FEM_SimVascular_lzy/sv1_3l/external/solver-inputs/svMultiPhysics/Code/Source/solver/petsc_impl.cpp:669
Mat Object: 1 MPI process
  type: seqaijcusparse
  rows=12428, cols=12428, bs=4
  total: nonzeros=600272, allocated nonzeros=600272
  total number of mallocs used during MatSetValues calls=0
    not using I-node routines
Mat Object: 1 MPI process
  type: seqaijcusparse
  rows=12428, cols=12428, bs=4
  total: nonzeros=600272, allocated nonzeros=600272
  total number of mallocs used during MatSetValues calls=0
    not using I-node routines
Mat Object: 1 MPI process
  type: seqaijcusparse
  rows=12428, cols=12428, bs=4
  total: nonzeros=600272, allocated nonzeros=600272
  total number of mallocs used during MatSetValues calls=0
    not using I-node routines
  0 KSP unpreconditioned resid norm 5.126040811758e+01 true resid norm 5.126040811758e+01 ||r(i)||/||b|| 1.000000000000e+00
  1 KSP unpreconditioned resid norm 3.014985311490e+01 true resid norm 3.014985311490e+01 ||r(i)||/||b|| 5.881703681669e-01
  2 KSP unpreconditioned resid norm 2.250701597095e+01 true resid norm 2.250701597095e+01 ||r(i)||/||b|| 4.390721181798e-01
  3 KSP unpreconditioned resid norm 2.007048003240e+01 true resid norm 2.007048003240e+01 ||r(i)||/||b|| 3.915396066758e-01
  4 KSP unpreconditioned resid norm 1.749330333261e+01 true resid norm 1.749330333261e+01 ||r(i)||/||b|| 3.412634423917e-01
  5 KSP unpreconditioned resid norm 1.591655663224e+01 true resid norm 1.591655663224e+01 ||r(i)||/||b|| 3.105038999246e-01
  6 KSP unpreconditioned resid norm 1.443206240737e+01 true resid norm 1.443206240737e+01 ||r(i)||/||b|| 2.815440402710e-01
  7 KSP unpreconditioned resid norm 1.084253872995e+01 true resid norm 1.084253872995e+01 ||r(i)||/||b|| 2.115187749788e-01
  8 KSP unpreconditioned resid norm 3.243727040160e+00 true resid norm 3.243727040160e+00 ||r(i)||/||b|| 6.327938382231e-02
  9 KSP unpreconditioned resid norm 3.848037365658e-01 true resid norm 3.848037365658e-01 ||r(i)||/||b|| 7.506841063050e-03
 10 KSP unpreconditioned resid norm 4.088510372034e-02 true resid norm 4.088510372029e-02 ||r(i)||/||b|| 7.975961413829e-04
 11 KSP unpreconditioned resid norm 6.169742921943e-03 true resid norm 6.169742921914e-03 ||r(i)||/||b|| 1.203607842482e-04
 12 KSP unpreconditioned resid norm 9.291480161686e-04 true resid norm 9.291480161931e-04 ||r(i)||/||b|| 1.812603625905e-05
 13 KSP unpreconditioned resid norm 1.153678222157e-04 true resid norm 1.153678221169e-04 ||r(i)||/||b|| 2.250622387794e-06
 14 KSP unpreconditioned resid norm 1.713700989539e-05 true resid norm 1.713700988987e-05 ||r(i)||/||b|| 3.343127867917e-07
 15 KSP unpreconditioned resid norm 2.156367587698e-06 true resid norm 2.156367337762e-06 ||r(i)||/||b|| 4.206691707985e-08
 16 KSP unpreconditioned resid norm 3.192608702713e-07 true resid norm 3.192609452320e-07 ||r(i)||/||b|| 6.228216999359e-09
 17 KSP unpreconditioned resid norm 3.763422240680e-08 true resid norm 3.763415999952e-08 ||r(i)||/||b|| 7.341759728717e-10
 18 KSP unpreconditioned resid norm 5.036790697253e-09 true resid norm 5.036872806985e-09 ||r(i)||/||b|| 9.826048976106e-11
Linear solve converged due to CONVERGED_RTOL iterations 18
Mat Object: 1 MPI process
  type: seqaijcusparse
  rows=12428, cols=12428, bs=4
  total: nonzeros=600272, allocated nonzeros=600272
  total number of mallocs used during MatSetValues calls=0
    not using I-node routines
Vec Object: 1 MPI process
  type: seqcuda
  length=12428, bs=4
Vec Object: 1 MPI process
  type: seqcuda
  length=12428, bs=4
KSP Object: 1 MPI process
  type: gmres
    restart=100, using Classical (unmodified) Gram-Schmidt Orthogonalization with no iterative refinement
    happy breakdown tolerance 1e-30
  maximum iterations=2000, initial guess is zero
  tolerances:  relative=1e-10, absolute=1e-24, divergence=10000.
  right preconditioning
  diagonally scaled system
  using UNPRECONDITIONED norm type for convergence test
PC Object: 1 MPI process
  type: asm
    total subdomain blocks = 1, amount of overlap = 2
    restriction/interpolation type - RESTRICT
    Local solver information for first block is in the following KSP and PC objects on rank 0:
    Use -ksp_view ::ascii_info_detail to display information for all blocks
  KSP Object: (sub_) 1 MPI process
    type: preonly
    maximum iterations=10000, initial guess is zero
    tolerances:  relative=1e-05, absolute=1e-50, divergence=10000.
    left preconditioning
    using NONE norm type for convergence test
  PC Object: (sub_) 1 MPI process
    type: ilu
      out-of-place factorization
      2 levels of fill
      tolerance for zero pivot 2.22045e-14
      matrix ordering: natural
      factor fill ratio given 1., needed 3.47264
        Factored matrix follows:
          Mat Object: (sub_) 1 MPI process
            type: seqaijcusparse
            rows=12428, cols=12428, bs=4
            package used to perform factorization: cusparse
            total: nonzeros=2084528, allocated nonzeros=2084528
              using I-node routines: found 3107 nodes, limit used is 5
    linear system matrix = precond matrix:
    Mat Object: (sub_) 1 MPI process
      type: seqaijcusparse
      rows=12428, cols=12428, bs=4
      total: nonzeros=600272, allocated nonzeros=600272
      total number of mallocs used during MatSetValues calls=0
        not using I-node routines
  linear system matrix = precond matrix:
  Mat Object: 1 MPI process
    type: seqaijcusparse
    rows=12428, cols=12428, bs=4
    total: nonzeros=600272, allocated nonzeros=600272
    total number of mallocs used during MatSetValues calls=0
      not using I-node routines
[0]PETSC ERROR: --------------------- Error Message --------------------------------------------------------------
[0]PETSC ERROR: Invalid argument
[0]PETSC ERROR: Vector is not ghosted
[0]PETSC ERROR: WARNING! There are option(s) set that were not used! Could be the program crashed before they were used or a spelling mistake, etc!
[0]PETSC ERROR:   Option left: name:-options_left (no value) source: environment
[0]PETSC ERROR:   Option left: name:-options_view (no value) source: environment
[0]PETSC ERROR:   Option left: name:-skip_petscrc (no value) source: environment
[0]PETSC ERROR: See https://petsc.org/release/faq/ for trouble shooting.
[0]PETSC ERROR: Petsc Release Version 3.19.6, Sep 28, 2023 
[0]PETSC ERROR: Unknown Name on a  named f7c62a262077 by root Sat Sep 19 15:26:22 2026
[0]PETSC ERROR: Configure options --prefix=/workspace/formal_3D_flow_solver_FEM_SimVascular_lzy/sv1_3l/external/compat_cuda/petsc-cuda123-mpif PETSC_ARCH=arch-sv13l-cuda123-mpif --with-cc=/workspace/formal_3D_flow_solver_FEM_SimVascular_lzy/sv1_3l/external/gpu_mpi_fortran/bin/mpicc --with-cxx=/workspace/formal_3D_flow_solver_FEM_SimVascular_lzy/sv1_3l/external/gpu_mpi_fortran/bin/mpicxx --with-mpiexec=/workspace/formal_3D_flow_solver_FEM_SimVascular_lzy/sv1_3l/scripts/run_gpu_mpi_fortran.sh --with-fc=0 --with-fortran-bindings=0 --with-debugging=0 --with-shared-libraries=1 --with-scalar-type=real --with-precision=double --with-64-bit-indices=0 --with-blaslapack-lib="[/workspace/formal_3D_flow_solver_FEM_SimVascular_lzy/sv1_3j/external/compat_cuda/system-lib/liblapack.so,/workspace/formal_3D_flow_solver_FEM_SimVascular_lzy/sv1_3j/external/compat_cuda/system-lib/libblas.so]" --with-x=0 --with-cuda=1 --with-cudac=/workspace/formal_3D_flow_solver_FEM_SimVascular_lzy/sv1_3j/external/compat_cuda/cuda-12.3.2/bin/nvcc --with-cuda-include=/workspace/formal_3D_flow_solver_FEM_SimVascular_lzy/sv1_3j/external/compat_cuda/cuda-12.3.2/include --with-cuda-lib="[/workspace/formal_3D_flow_solver_FEM_SimVascular_lzy/sv1_3j/external/compat_cuda/cuda-12.3.2/lib64/libcudart.so,/workspace/formal_3D_flow_solver_FEM_SimVascular_lzy/sv1_3j/external/compat_cuda/cuda-12.3.2/lib64/libcufft.so,/workspace/formal_3D_flow_solver_FEM_SimVascular_lzy/sv1_3j/external/compat_cuda/cuda-12.3.2/lib64/libcublas.so,/workspace/formal_3D_flow_solver_FEM_SimVascular_lzy/sv1_3j/external/compat_cuda/cuda-12.3.2/lib64/libcusparse.so,/workspace/formal_3D_flow_solver_FEM_SimVascular_lzy/sv1_3j/external/compat_cuda/cuda-12.3.2/lib64/libcusolver.so,/workspace/formal_3D_flow_solver_FEM_SimVascular_lzy/sv1_3j/external/compat_cuda/cuda-12.3.2/lib64/libcurand.so,/workspace/formal_3D_flow_solver_FEM_SimVascular_lzy/sv1_3j/external/compat_cuda/cuda-12.3.2/lib64/libnvToolsExt.so]" --with-cuda-arch=89 --with-cxx-dialect=C++17 --with-cuda-dialect=C++17 --with-hip=0 --with-opencl=0
[0]PETSC ERROR: #1 VecGhostUpdateBegin() at /workspace/formal_3D_flow_solver_FEM_SimVascular_lzy/sv1_3l/external/compat_cuda/petsc-3.19.6-cuda123-mpif/src/vec/vec/impls/mpi/commonmpvec.c:216
[0]PETSC ERROR: ------------------------------------------------------------------------
[0]PETSC ERROR: Caught signal number 11 SEGV: Segmentation Violation, probably memory access out of range
[0]PETSC ERROR: Try option -start_in_debugger or -on_error_attach_debugger
[0]PETSC ERROR: or see https://petsc.org/release/faq/#valgrind and https://petsc.org/release/faq/
[0]PETSC ERROR: or try https://docs.nvidia.com/cuda/cuda-memcheck/index.html on NVIDIA CUDA systems to find memory corruption errors
[0]PETSC ERROR: configure using --with-debugging=yes, recompile, link, and run 
[0]PETSC ERROR: to get more information on the crash.
[0]PETSC ERROR: Run with -malloc_debug to check if memory corruption is causing the crash.
--------------------------------------------------------------------------
MPI_ABORT was invoked on rank 0 in communicator MPI_COMM_WORLD
with errorcode 59.

NOTE: invoking MPI_ABORT causes Open MPI to kill all MPI processes.
You may or may not see output from other processes, depending on
exactly when Open MPI kills them.
--------------------------------------------------------------------------
mpiexec: abort is already in progress...hit ctrl-c again to forcibly terminate

[f7c62a262077:480464] *** Process received signal ***
[f7c62a262077:480464] Signal: Segmentation fault (11)
[f7c62a262077:480464] Signal code: Address not mapped (1)
[f7c62a262077:480464] Failing at address: 0x30
[f7c62a262077:480464] [ 0] /usr/lib/x86_64-linux-gnu/libc.so.6(+0x45330)[0x7ff9c110c330]
[f7c62a262077:480464] [ 1] /workspace/formal_3D_flow_solver_FEM_SimVascular_lzy/sv1_3l/external/gpu_mpi_fortran/lib/openmpi/mca_pmix_pmix3x.so(PMIx_Finalize+0x538)[0x7ff9c0e709b8]
[f7c62a262077:480464] [ 2] /workspace/formal_3D_flow_solver_FEM_SimVascular_lzy/sv1_3l/external/gpu_mpi_fortran/lib/openmpi/mca_pmix_pmix3x.so(pmix3x_client_finalize+0x39a)[0x7ff9c0e3899a]
[f7c62a262077:480464] [ 3] /workspace/formal_3D_flow_solver_FEM_SimVascular_lzy/sv1_3l/external/gpu_mpi_fortran/lib/openmpi/mca_ess_hnp.so(+0x4d36)[0x7ff9c0f90d36]
[f7c62a262077:480464] [ 4] /workspace/formal_3D_flow_solver_FEM_SimVascular_lzy/sv1_3l/external/gpu_mpi_fortran/lib/openmpi/mca_ess_hnp.so(+0x4dd5)[0x7ff9c0f90dd5]
[f7c62a262077:480464] [ 5] /workspace/formal_3D_flow_solver_FEM_SimVascular_lzy/sv1_3l/external/gpu_mpi_fortran/lib/libopen-pal.so.40(opal_libevent2022_event_base_loop+0x4ba)[0x7ff9c136dc2a]
[f7c62a262077:480464] [ 6] /workspace/formal_3D_flow_solver_FEM_SimVascular_lzy/sv1_3l/external/gpu_mpi_fortran/bin/mpiexec(+0x14a1)[0x56522ada24a1]
[f7c62a262077:480464] [ 7] /usr/lib/x86_64-linux-gnu/libc.so.6(+0x2a1ca)[0x7ff9c10f11ca]
[f7c62a262077:480464] [ 8] /usr/lib/x86_64-linux-gnu/libc.so.6(__libc_start_main+0x8b)[0x7ff9c10f128b]
[f7c62a262077:480464] [ 9] /workspace/formal_3D_flow_solver_FEM_SimVascular_lzy/sv1_3l/external/gpu_mpi_fortran/bin/mpiexec(+0x11f5)[0x56522ada21f5]
[f7c62a262077:480464] *** End of error message ***
