[localhost:00850] mca_base_component_repository_open: unable to open mca_btl_openib: librdmacm.so.1: cannot open shared object file: No such file or directory (ignored)
[localhost:00854] mca_base_component_repository_open: unable to open mca_btl_openib: librdmacm.so.1: cannot open shared object file: No such file or directory (ignored)
[localhost:00848] mca_base_component_repository_open: unable to open mca_btl_openib: librdmacm.so.1: cannot open shared object file: No such file or directory (ignored)
[localhost:00851] mca_base_component_repository_open: unable to open mca_btl_openib: librdmacm.so.1: cannot open shared object file: No such file or directory (ignored)
[localhost:00853] mca_base_component_repository_open: unable to open mca_btl_openib: librdmacm.so.1: cannot open shared object file: No such file or directory (ignored)
[localhost:00847] mca_base_component_repository_open: unable to open mca_btl_openib: librdmacm.so.1: cannot open shared object file: No such file or directory (ignored)
[localhost:00849] mca_base_component_repository_open: unable to open mca_btl_openib: librdmacm.so.1: cannot open shared object file: No such file or directory (ignored)
[localhost:00852] mca_base_component_repository_open: unable to open mca_btl_openib: librdmacm.so.1: cannot open shared object file: No such file or directory (ignored)
--------------------------------------------------------------------------
WARNING: Linux kernel CMA support was requested via the
btl_vader_single_copy_mechanism MCA variable, but CMA support is
not available due to restrictive ptrace settings.

The vader shared memory BTL will fall back on another single-copy
mechanism if one is available. This may result in lower performance.

  Local host: localhost
--------------------------------------------------------------------------
At line 427 of file /home/lzy/apes-worktrees/musubi_mcclure_adaptive_flux_20260829_1300/tem/source/libharvesting/hvs_ascii_module.f90
Fortran runtime error: End of record

Error termination. Backtrace:
#0  0x7d32130f1af4 in formatted_transfer_scalar_write
	at ../../../libgfortran/io/transfer.c:2380
#1  0x7d32130f1de4 in formatted_transfer
	at ../../../libgfortran/io/transfer.c:2625
#2  0x6094ba47f457 in ???
#3  0x6094ba481400 in ???
#4  0x6094ba4842f9 in ???
#5  0x6094ba34cd42 in ???
#6  0x6094ba5ff7da in ???
#7  0x6094ba5503a0 in ???
#8  0x6094ba9528c2 in ???
#9  0x6094ba260ce4 in ???
#10  0x6094ba25fd7e in ???
#11  0x7d321282a1c9 in ???
#12  0x7d321282a28a in ???
#13  0x6094ba25fdb4 in ???
#14  0xffffffffffffffff in ???
--------------------------------------------------------------------------
Primary job  terminated normally, but 1 process returned
a non-zero exit code. Per user-direction, the job has been aborted.
--------------------------------------------------------------------------
--------------------------------------------------------------------------
mpirun detected that one or more processes exited with non-zero status, thus causing
the job to be terminated. The first process to do so was:

  Process name: [[54217,1],0]
  Exit code:    2
--------------------------------------------------------------------------
[localhost:00838] 7 more processes have sent help message help-btl-vader.txt / cma-permission-denied
[localhost:00838] Set MCA parameter "orte_base_help_aggregate" to 0 to see all help / error messages
