table 1000 wall_s 21.399152278900146
table 2000 wall_s 42.302438497543335
table 3000 wall_s 64.37351417541504
table 4000 wall_s 87.31220936775208
table 5000 wall_s 111.61427974700928
table 6000 wall_s 136.73200154304504
table 7000 wall_s 163.0269913673401
table 8000 wall_s 190.21544408798218
table DONE 8211
d10 1000 wall_s 226.1363718509674
d10 2000 wall_s 256.84848070144653
d10 3000 wall_s 289.2610960006714
d10 4000 wall_s 323.09544610977173
d10 5000 wall_s 357.8824460506439
d10 DONE 5500
d50 1000 wall_s 413.0675120353699
d50 2000 wall_s 451.76103615760803
d50 3000 wall_s 492.8557913303375
d50 4000 wall_s 535.0397114753723
d50 5000 wall_s 578.3709480762482
d50 DONE 5500
d90 1000 wall_s 646.4445750713348
d90 2000 wall_s 693.3825192451477
d90 3000 wall_s 741.6399033069611
d90 4000 wall_s 790.70037150383
d90 5000 wall_s 842.5656559467316
d90 DONE 5500
OFFLINE_REFERENCE_COMPLETE 869.1663634777069
