COPY_VERIFY hemocell_gpu_poc/20260913_183657/provenance/nvhpc_download.json
COPY_VERIFY hemocell_gpu_poc/20260914_stage3_sustained/STAGE3_EXECUTION_AND_ANALYSIS_CONTRACT.json
COPY_VERIFY hemocell_gpu_poc/20260914_stage4_batch_dispatch/source
COPY_VERIFY hemocell_gpu_poc/20260914_stage4_batch_dispatch/upstream/palabos
COPY_VERIFY hemocell_gpu_poc/20260913_183657/upstream/palabos
COPY_VERIFY hemocell_gpu_poc/20260913_183657/frozen_bundle
COPY_VERIFY hemocell_gpu_poc/20260913_183657/nvhpc/tbb/prefix
COPY_VERIFY hemocell_gpu_poc/20260914_stage4_batch_dispatch/runs/batch_correctness
COPY_VERIFY hemocell_gpu_poc/20260914_stage4_batch_dispatch/runs/batch_1000_r1
COPY_VERIFY hemocell_gpu_poc/20260914_stage4_batch_dispatch/runs/batch_5000_r1
COPY_VERIFY hemocell_gpu_poc/20260914_stage3_sustained/runs/cpu_5000_r1
COPY_VERIFY hemocell_gpu_poc/20260914_stage4_batch_dispatch/runs/cpu_sanity
COPY_VERIFY hemocell_gpu_poc/20260914_stage3_sustained/runs/cpu_1000_r1
COPY_VERIFY hemocell_gpu_poc/20260914_stage4_batch_dispatch/verification/GPU_NUMERICAL_COMPARISON_CONTRACT.json
COPY_VERIFY hemocell_gpu_poc/20260914_stage4_batch_dispatch/scripts/evaluate_case.py
COPY_VERIFY hemocell_gpu_poc/20260914_stage4_batch_dispatch/scripts/runtime_support.py
COPY_VERIFY hemocell_gpu_poc/20260914_stage4_batch_dispatch/scripts/run_case.py
COPY_VERIFY hemocell_gpu_poc/20260914_stage4_batch_dispatch/STAGE4_PATCH.diff
COPY_VERIFY hemocell_gpu_poc/20260914_stage4_batch_dispatch/STAGE4_EXECUTION_CONTRACT.json
COPY_VERIFY hemocell_gpu_poc/20260914_stage4_batch_dispatch/provenance/execution_hashes.json
COPY_VERIFY hemocell_gpu_poc/20260914_stage4_batch_dispatch/provenance/STATIC_MATH_REUSE_PROOF.json
COPY_VERIFY hemocell_gpu_poc/20260914_stage4_batch_dispatch/provenance/gpu_configure.log
COPY_VERIFY hemocell_gpu_poc/20260914_stage4_batch_dispatch/provenance/gpu_build_attempt2.log
COPY_VERIFY hemocell_gpu_poc/20260913_183657/provenance/official_build_receipt.json
COPY_VERIFY hemocell_gpu_poc/20260914_stage4_batch_dispatch/GPU_STAGE4_REPORT.md
COPY_VERIFY hemocell_gpu_poc/20260914_stage4_batch_dispatch/FINAL_GPU_SELECTION.json
COPY_VERIFY hemocell_gpu_poc/20260914_stage3_sustained/GPU_STAGE3_REPORT.md
COPY_VERIFY hemocell_gpu_poc/formal_step3c_gpu_recovery_20260914_183542/FORMAL_STEP3C_GPU_FREEZE.json
RESTORE_INPUTS_PASS 5655
RUNTIME_CONTRACT_BYTES_PASS
