CMake Deprecation Warning at CMakeLists.txt:30 (cmake_minimum_required):
  Compatibility with CMake < 3.5 will be removed from a future version of
  CMake.

  Update the VERSION argument <min> value or use a ...<max> suffix to tell
  CMake that the project does not need compatibility with older versions.


-- The C compiler identification is NVHPC 26.5.0
-- The CXX compiler identification is NVHPC 26.5.0
-- Detecting C compiler ABI info
-- Detecting C compiler ABI info - done
-- Check for working C compiler: /workspace/hemocell_restore/toolchains/nvhpc_26_5/Linux_x86_64/26.5/compilers/bin/nvc - skipped
-- Detecting C compile features
-- Detecting C compile features - done
-- Detecting CXX compiler ABI info
-- Detecting CXX compiler ABI info - done
-- Check for working CXX compiler: /workspace/hemocell_restore/toolchains/nvhpc_26_5/Linux_x86_64/26.5/compilers/bin/nvc++ - skipped
-- Detecting CXX compile features
-- Detecting CXX compile features - done
Generated with config types: 
Release
nvc++
Enabling MPI
-- Found MPI_C: /usr/lib/x86_64-linux-gnu/openmpi/lib/libmpi.so (found version "3.1") 
-- Found MPI_CXX: /usr/lib/x86_64-linux-gnu/openmpi/lib/libmpi_cxx.so (found version "3.1") 
-- Found MPI: TRUE (found version "3.1")  
Enabling POSIX
-- Configuring done (3.5s)
-- Generating done (0.0s)
-- Build files have been written to: /workspace/hemocell_restore/work/stage4_restore_20260915_150938/build/official
