START stage4_200_actual_run
PASS stage4_200_actual_run
START stage4_200_compare
PASS stage4_200_compare
START stage4_1000_actual_run
PASS stage4_1000_actual_run
START stage4_1000_compare
PASS stage4_1000_compare
START stage4_5000_actual_run
PASS stage4_5000_actual_run
START stage4_5000_compare
PASS stage4_5000_compare
VALIDATION_TERMINAL {"state": "PASS", "phase": "ALL_REQUESTED_RUNS_TERMINAL", "unix": 1789488024.6083455, "pid": 4705, "run_id": "stage4_restore_20260915_150938", "automatic_solver_retries": 0, "official_smoke_repeated": false}
{
  "VAST4090_RESTORE_STATUS": "PASS",
  "MINIMAL_RESTORE_ARCHIVE": "/workspace/hemocell_restore/archive/minimal_restore_20260915_143631",
  "MINIMAL_RESTORE_INTEGRITY": "PASS",
  "CRITICAL_RESTORE_INPUTS": "PASS",
  "PATH_REMAP_STATUS": "PASS",
  "WORKING_COPY_SOURCE_INTEGRITY": "PASS",
  "GPU_MODEL": "NVIDIA GeForce RTX 4090",
  "GPU_VRAM_MIB": 24564,
  "GPU_DRIVER": "595.84",
  "GPU_COMPUTE_CAPABILITY": "8.9",
  "NVHPC_VERSION": "26.5",
  "NVHPC_26_5_READY": "PASS",
  "CUDA_COMPONENT_VERSION": "13.2",
  "MPI_VERSION": "mpirun (Open MPI) 4.1.6",
  "CMAKE_VERSION": "cmake version 3.28.3",
  "PALABOS_GPU_COMMIT": "4127697e90169bbef982295f1d1c933cf6e90caa",
  "OFFICIAL_PALABOS_GPU_BUILD": "PASS",
  "OFFICIAL_PALABOS_GPU_RUN": "PASS",
  "GPU_KERNEL_ACTIVITY": "VERIFIED",
  "VAST4090_STAGE4_BUILD": "PASS",
  "SOURCE_DIFF_FROM_FROZEN_STAGE4": "NONE",
  "GPU_ARCH_BUILD_TARGET": "cc89",
  "STAGE4_200_CORRECTNESS": "PASS",
  "STAGE4_1000_CORRECTNESS": "PASS",
  "STAGE4_5000_CORRECTNESS": "PASS",
  "CPU_GPU_RHO_COMPARISON": "PASS",
  "CPU_GPU_VELOCITY_COMPARISON": "PASS",
  "CPU_GPU_FLUX_COMPARISON": "PASS",
  "CPU_GPU_MASS_COMPARISON": "PASS",
  "NONFINITE_COUNT": 0,
  "NUMERICAL_DIVERGENCE_TREND": "STABLE",
  "RTX4090_INITIALIZATION_SECONDS": 327.7845909539901,
  "RTX4090_STEPS_PER_SEC": 104.48132366098025,
  "RTX4090_5000_STEPS_PER_SEC": 109.77304257495182,
  "RTX4090_END_TO_END_SECONDS": 339.9944589170045,
  "GPU_UTIL_MEDIAN": 66.0,
  "GPU_UTIL_MEAN": 58.25,
  "GPU_UTIL_PEAK": 67.0,
  "GPU_VRAM_PEAK_MIB": 2106.0,
  "GPU_MEMORY_GROWTH": "STABLE",
  "PERFORMANCE_STABILITY": "STABLE",
  "RTX5090_REFERENCE_STEPS_PER_SEC": 125.880863,
  "RTX4090_VS_RTX5090_RATIO": 0.8720391643243803,
  "CPU_MPI12_REFERENCE_STEPS_PER_SEC": 17.692465,
  "RTX4090_VS_CPU_MPI12_SPEEDUP": 6.204508109805605,
  "NEW_VAST4090_PURE_FLUID_BASELINE": "PASS",
  "PBS_BSA_RUNTIME_SMOKE": "NOT_RUN",
  "RBC_STAGE1": "NOT_RUN",
  "RBC_TIMESTEPS": 0,
  "MICROBUBBLE": "OFF",
  "FORMAL_SCIENCE_BASELINE_MODIFIED": "NO",
  "LONG_RUN": "NO",
  "VAST4090_TO_WSL_RESULT_INTEGRITY": "NOT_YET_TRANSFERRED",
  "INCOMPLETE_FULL_UPLOAD_EXISTS": "YES",
  "INCOMPLETE_FULL_UPLOAD_DELETED": "NO",
  "REMOTE_RESULT_DIR": "/workspace/hemocell_restore/results/stage4_restore_20260915_150938",
  "LOCAL_RESULT_DIR": "/home/lzy/projects/compre_output/vast4090_stage4_restore/20260915_150938",
  "VAST4090_STAGE4_RESTORE_REPORT": "/home/lzy/projects/compre_output/vast4090_stage4_restore/20260915_150938/VAST4090_STAGE4_RESTORE_REPORT.md",
  "NEXT_STEP": "PURE_FLUID_NEW_MEDIUM_SMOKE"
}
