Change Dir: '/workspace/hemocell_restore/work/stage4_restore_20260915_150938/build/stage4'

Run Build Command(s): /usr/bin/cmake -E env VERBOSE=1 /usr/bin/gmake -f Makefile -j1
/usr/bin/cmake -S/workspace/hemocell_restore/work/stage4_restore_20260915_150938/scripts/recipe -B/workspace/hemocell_restore/work/stage4_restore_20260915_150938/build/stage4 --check-build-system CMakeFiles/Makefile.cmake 0
/usr/bin/cmake -E cmake_progress_start /workspace/hemocell_restore/work/stage4_restore_20260915_150938/build/stage4/CMakeFiles /workspace/hemocell_restore/work/stage4_restore_20260915_150938/build/stage4//CMakeFiles/progress.marks
/usr/bin/gmake  -f CMakeFiles/Makefile2 all
gmake[1]: Entering directory '/workspace/hemocell_restore/work/stage4_restore_20260915_150938/build/stage4'
/usr/bin/gmake  -f CMakeFiles/vascularPoC.dir/build.make CMakeFiles/vascularPoC.dir/depend
gmake[2]: Entering directory '/workspace/hemocell_restore/work/stage4_restore_20260915_150938/build/stage4'
cd /workspace/hemocell_restore/work/stage4_restore_20260915_150938/build/stage4 && /usr/bin/cmake -E cmake_depends "Unix Makefiles" /workspace/hemocell_restore/work/stage4_restore_20260915_150938/scripts/recipe /workspace/hemocell_restore/work/stage4_restore_20260915_150938/scripts/recipe /workspace/hemocell_restore/work/stage4_restore_20260915_150938/build/stage4 /workspace/hemocell_restore/work/stage4_restore_20260915_150938/build/stage4 /workspace/hemocell_restore/work/stage4_restore_20260915_150938/build/stage4/CMakeFiles/vascularPoC.dir/DependInfo.cmake "--color="
gmake[2]: Leaving directory '/workspace/hemocell_restore/work/stage4_restore_20260915_150938/build/stage4'
/usr/bin/gmake  -f CMakeFiles/vascularPoC.dir/build.make CMakeFiles/vascularPoC.dir/build
gmake[2]: Entering directory '/workspace/hemocell_restore/work/stage4_restore_20260915_150938/build/stage4'
[ 50%] Building CXX object CMakeFiles/vascularPoC.dir/workspace/hemocell_restore/work/stage4_restore_20260915_150938/source/vascularPoC.cpp.o
/workspace/hemocell_restore/toolchains/nvhpc_26_5/Linux_x86_64/26.5/compilers/bin/nvc++ -DGPU_POC -DOMPI_SKIP_MPICXX -DPLB_MPI_PARALLEL -DPLB_USE_POSIX -DUSE_CUDA_MALLOC -I/workspace/hemocell_restore/work/stage4_restore_20260915_150938/palabos/src -I/workspace/hemocell_restore/work/stage4_restore_20260915_150938/palabos/externalLibraries -I/workspace/hemocell_restore/work/stage4_restore_20260915_150938/palabos/externalLibraries/Eigen3 -isystem /usr/lib/x86_64-linux-gnu/openmpi/include -isystem /usr/lib/x86_64-linux-gnu/openmpi/include/openmpi -isystem /workspace/hemocell_restore/work/stage4_restore_20260915_150938/tbb/usr/include -fast -O3 -DNDEBUG -std=gnu++20 -stdpar -Kieee -gpu=cc89,nofma -fopenmp -O3 -MD -MT CMakeFiles/vascularPoC.dir/workspace/hemocell_restore/work/stage4_restore_20260915_150938/source/vascularPoC.cpp.o -MF CMakeFiles/vascularPoC.dir/workspace/hemocell_restore/work/stage4_restore_20260915_150938/source/vascularPoC.cpp.o.d -o CMakeFiles/vascularPoC.dir/workspace/hemocell_restore/work/stage4_restore_20260915_150938/source/vascularPoC.cpp.o -c /workspace/hemocell_restore/work/stage4_restore_20260915_150938/source/vascularPoC.cpp
"/workspace/hemocell_restore/work/stage4_restore_20260915_150938/source/vascularPoC.cpp", line 347: warning: reference is to variable "g" (declared at line 311) -- under old for-init scoping rules it would have been variable "g" (declared at line 332) [hidden_by_old_for_init]
                  history<<','<<g.rmin<<','<<g.rmax<<','<<g.umax/std::sqrt(DESCRIPTOR<T>::cs2)<<'\n';history.flush();require(bool(history),"History write failure");}
                                ^

Remark: individual warnings can be suppressed with "--diag_suppress <warning-name>"

"/workspace/hemocell_restore/work/stage4_restore_20260915_150938/source/vascularPoC.cpp", line 347: warning: reference is to variable "g" (declared at line 311) -- under old for-init scoping rules it would have been variable "g" (declared at line 332) [hidden_by_old_for_init]
                  history<<','<<g.rmin<<','<<g.rmax<<','<<g.umax/std::sqrt(DESCRIPTOR<T>::cs2)<<'\n';history.flush();require(bool(history),"History write failure");}
                                             ^

"/workspace/hemocell_restore/work/stage4_restore_20260915_150938/source/vascularPoC.cpp", line 347: warning: reference is to variable "g" (declared at line 311) -- under old for-init scoping rules it would have been variable "g" (declared at line 332) [hidden_by_old_for_init]
                  history<<','<<g.rmin<<','<<g.rmax<<','<<g.umax/std::sqrt(DESCRIPTOR<T>::cs2)<<'\n';history.flush();require(bool(history),"History write failure");}
                                                          ^

[100%] Linking CXX executable vascularPoC
/usr/bin/cmake -E cmake_link_script CMakeFiles/vascularPoC.dir/link.txt --verbose=1
/workspace/hemocell_restore/toolchains/nvhpc_26_5/Linux_x86_64/26.5/compilers/bin/nvc++ -fast -O3 -DNDEBUG -L/workspace/hemocell_restore/work/stage4_restore_20260915_150938/tbb/usr/lib/x86_64-linux-gnu -stdpar -Kieee -gpu=cc89,nofma -fopenmp CMakeFiles/vascularPoC.dir/workspace/hemocell_restore/work/stage4_restore_20260915_150938/source/vascularPoC.cpp.o -o vascularPoC  -Wl,-rpath,/usr/lib/x86_64-linux-gnu/openmpi/lib /workspace/hemocell_restore/work/stage4_restore_20260915_150938/build/official/libpalabos.a /workspace/hemocell_restore/work/stage4_restore_20260915_150938/tbb/usr/lib/x86_64-linux-gnu/libtbb.so.12.11 /usr/lib/x86_64-linux-gnu/openmpi/lib/libmpi_cxx.so /usr/lib/x86_64-linux-gnu/openmpi/lib/libmpi.so 
gmake[2]: Leaving directory '/workspace/hemocell_restore/work/stage4_restore_20260915_150938/build/stage4'
[100%] Built target vascularPoC
gmake[1]: Leaving directory '/workspace/hemocell_restore/work/stage4_restore_20260915_150938/build/stage4'
/usr/bin/cmake -E cmake_progress_start /workspace/hemocell_restore/work/stage4_restore_20260915_150938/build/stage4/CMakeFiles 0

