....................................................................F    [100%]
=================================== FAILURES ===================================
______ test_random_ellipsoid_separation_against_independent_convex_primal ______

    def test_random_ellipsoid_separation_against_independent_convex_primal():
        from scipy.optimize import minimize
        rng=np.random.default_rng(30303)
        for _ in range(24):
            rotation=rotation_matrix(quaternion_from_short_axis(rng.normal(size=3)))
            shape=Ellipsoid(rng.normal(size=3)*.2,[2.,1.3,.45],rotation)
            tri=rng.normal(size=(3,3))*.3+np.array([4.,1.,1.])
            transform=rotation@np.diag(shape.axes_m)
            def residual(x):return shape.center_m+transform@x[:3]-(x[3:]@tri)
            matrix=np.column_stack((transform,-tri.T))
            result=minimize(lambda x:residual(x)@residual(x),np.r_[np.zeros(3),[1/3]*3],method='SLSQP',
                jac=lambda x:2*matrix.T@residual(x),
                constraints=[{'type':'ineq','fun':lambda x:1-x[:3]@x[:3],'jac':lambda x:np.r_[-2*x[:3],np.zeros(3)]},
                             {'type':'eq','fun':lambda x:x[3:].sum()-1,'jac':lambda x:np.r_[np.zeros(3),np.ones(3)]}],
                bounds=[(None,None)]*3+[(0,1)]*3,options={'ftol':1e-13,'maxiter':400})
            # Certify the reference by matching independent convex primal/dual
            # bounds; an optimizer status string is not a numerical certificate.
            z=result.x[:3]/max(1.,np.linalg.norm(result.x[:3]));weights=np.maximum(result.x[3:],0);weights/=weights.sum()
            delta=shape.center_m+transform@z-weights@tri;upper=np.linalg.norm(delta);n=delta/upper
            lower=n@shape.center_m-np.linalg.norm(transform.T@n)-np.max(tri@n)
>           assert upper-lower<2e-10,(result.message,upper-lower)
E           AssertionError: ('Optimization terminated successfully', np.float64(6.520659567854636e-10))
E           assert (np.float64(2.6197012786696634) - np.float64(2.6197012780175974)) < 2e-10

particle_3d/tests/particle3/test_support_feature_consistency.py:59: AssertionError
=========================== short test summary info ============================
FAILED particle_3d/tests/particle3/test_support_feature_consistency.py::test_random_ellipsoid_separation_against_independent_convex_primal
1 failed, 68 passed in 18.95s
