{
  "counts": {
    "P65": {
      "COMPLETED": 5,
      "SUBDIVISION_STOP": 7
    },
    "P9A": {
      "INLET_ESCAPE": 2,
      "COMPLETED": 5,
      "SUBDIVISION_STOP": 4,
      "TIME_LIMIT": 1
    }
  },
  "inlet": [
    {
      "particle_id": 3,
      "P65_outcome": "COMPLETED",
      "P9A_outcome": "INLET_ESCAPE",
      "first_velocity_divergence_evaluation_time_s": 0.0,
      "first_position_divergence_time_s": 0.00025,
      "first_velocity_difference_m_s": 0.002401932018464879,
      "first_position_difference_m": 6.204936924835069e-07,
      "position_comparison_role": "P65_PIECEWISE_EULER_PATH_AT_FIRST_P9A_SAVED_ENDPOINT",
      "cap_crossing_triangle_id": 105,
      "cap_crossing_segment_fraction": 1.386787179014573e-09,
      "inlet_cap_origin_m": [
        0.00010311592632206157,
        5.811173832626082e-05,
        0.00015831906057428569
      ],
      "inlet_cap_inward_normal": [
        -0.025193081000623528,
        -0.6720725854842727,
        -0.7400565846678083
      ],
      "P65_inward_velocity_m_s": 0.0024019306239187414,
      "P9A_inward_velocity_m_s": -1.3933600867325287e-09,
      "P9A_last_signed_distance_m": -3.483400224426012e-13,
      "P65_first_signed_distance_m": 1.5012066399492283e-07,
      "FEM_inward_velocity_m_s": 0.0024019306251406728,
      "bulk_t_speed": 0.0024019306249630926,
      "linear_shear_speed": 1.1823655546386664e-08,
      "wall_weight": 1.0,
      "nearest_wall_feature": "EDGE",
      "gap_ratio": 0.010290828603179836,
      "distance_to_inlet_plane_m": 4.764560328305439e-22,
      "wall_triangle_touches_inlet_rim": true,
      "wall_inlet_normal_angle_deg": 90.00139009933861,
      "wall_point_distance_to_inlet_rim_m": 7.794442809552166e-21,
      "target_tangential_speed": 7.109878968983674e-09,
      "tangential_speed": 7.109878969032879e-09,
      "closure_angle_deg": 101.30278023641802,
      "closure_relative_mismatch": 1.0000009648031813,
      "nearest_wall_triangle_id": 35011,
      "wall_target_velocity_xyz": [
        -6.379889586941007e-09,
        -9.728405686077373e-10,
        2.9834491851058937e-09
      ],
      "blended_target_velocity_xyz": [
        -6.379889586941007e-09,
        -9.728405686077373e-10,
        2.9834491851058937e-09
      ],
      "blended_target_inward_m_s": -1.393372663112392e-09
    },
    {
      "particle_id": 15,
      "P65_outcome": "SUBDIVISION_STOP",
      "P9A_outcome": "INLET_ESCAPE",
      "first_velocity_divergence_evaluation_time_s": 0.0,
      "first_position_divergence_time_s": 0.00025,
      "first_velocity_difference_m_s": 0.0024019408805627733,
      "first_position_difference_m": 6.00485220140704e-07,
      "position_comparison_role": "P65_PIECEWISE_EULER_PATH_AT_FIRST_P9A_SAVED_ENDPOINT",
      "cap_crossing_triangle_id": 158,
      "cap_crossing_segment_fraction": 1.112541193732051e-09,
      "inlet_cap_origin_m": [
        0.00010366749484091997,
        5.758593397331424e-05,
        0.00015877782425377518
      ],
      "inlet_cap_inward_normal": [
        -0.025142300619792186,
        -0.6721001174158188,
        -0.7400333079593017
      ],
      "P65_inward_velocity_m_s": 0.002401930623895937,
      "P9A_inward_velocity_m_s": -1.0254429270514068e-08,
      "P9A_last_signed_distance_m": -2.5636073207634356e-12,
      "P65_first_signed_distance_m": 6.004826559739917e-07,
      "FEM_inward_velocity_m_s": 0.002401930623895937,
      "bulk_t_speed": 0.0024019306253607424,
      "linear_shear_speed": 1.634332599462465e-08,
      "wall_weight": 1.0,
      "nearest_wall_feature": "EDGE",
      "gap_ratio": 0.07793659876544486,
      "distance_to_inlet_plane_m": 2.8455013071824152e-21,
      "wall_triangle_touches_inlet_rim": true,
      "wall_inlet_normal_angle_deg": 90.0007599451412,
      "wall_point_distance_to_inlet_rim_m": 3.0049904000028222e-21,
      "target_tangential_speed": 1.4583076982412008e-08,
      "tangential_speed": 1.4583076982157531e-08,
      "closure_angle_deg": 134.68629655635397,
      "closure_relative_mismatch": 1.000004784925171,
      "nearest_wall_triangle_id": 32812,
      "wall_target_velocity_xyz": [
        7.259455626919333e-09,
        1.1142551494574563e-09,
        1.2598606023590534e-08
      ],
      "blended_target_velocity_xyz": [
        7.259455626919333e-09,
        1.1142551494574563e-09,
        1.2598606023590534e-08
      ],
      "blended_target_inward_m_s": -1.0254798523803272e-08
    }
  ],
  "stall": [
    {
      "particle_id": 7,
      "P65_outcome": "SUBDIVISION_STOP",
      "P9A_outcome": "SUBDIVISION_STOP",
      "checkpoint_time_s": 0.0535,
      "P9A_last100": {
        "trials": 100,
        "accepted": 50,
        "rejections": {
          "HANDOFF_ENDPOINT_BELOW_LOWER": 47,
          "HANDOFF_SWEEP_NOT_CERTIFIED": 2,
          "EXCESSIVE_SUBDIVISION_PROGRESS_GUARD_64_STEPS_BELOW_1_PERCENT_NOMINAL_DT": 1
        },
        "handoff_activity_groups": {
          "False": {
            "count": 55,
            "rejected": 47,
            "min_start_g_nf_m": 2.37562479302121e-17,
            "max_start_g_nf_m": 4.247358243317864e-15,
            "normal_speed_after_min_m_s": -6.765803796165349e-07,
            "normal_speed_after_max_m_s": -6.741788505378731e-07,
            "feature_counts": {
              "EDGE": 55
            }
          },
          "True": {
            "count": 44,
            "rejected": 2,
            "min_start_g_nf_m": -1.653435651359639e-17,
            "max_start_g_nf_m": 1.5997214375125895e-17,
            "normal_speed_after_min_m_s": -6.768618145673164e-07,
            "normal_speed_after_max_m_s": 1.3040356210360032e-19,
            "feature_counts": {
              "EDGE": 44
            }
          }
        },
        "maximum_contact_kkt_condition": 11949322962741.77,
        "maximum_contact_velocity_budget_m_s": 0.033228052221116876,
        "maximum_scaled_resistance_backward_residual": 5.2799411999629796e-17,
        "minimum_scaled_resistance_eigenvalue": 0.9999999999999991,
        "triangle_switch_count": 0,
        "maximum_normal_change_deg": 0.005836328988965088,
        "normal_angle_counts_descriptive_only": {
          "10": 0,
          "45": 0,
          "90": 0
        },
        "handoff_active_trials": 44,
        "handoff_activation_deactivation_count": 11,
        "minimum_start_g_nf_m": -1.653435651359639e-17,
        "minimum_rejected_certificate_g_nf_m": -9.262911992912564e-14,
        "condition_min": 408.8055181113383,
        "condition_max": 408.80638415940314,
        "max_depth": 24,
        "accepted_physical_time_s": 1.3637542724265206e-07,
        "nominal_requested_dt_s": 0.0002500000000000002,
        "accepted_time_over_one_nominal_dt": 0.0005455017089706078,
        "min_normal_velocity_before_constraint": -6.768618145673164e-07,
        "max_abs_normal_velocity_after_constraint": 6.768618145673164e-07
      },
      "P9A_all": {
        "trials": 553,
        "accepted": 377,
        "rejections": {
          "HANDOFF_SWEEP_NOT_CERTIFIED": 43,
          "HANDOFF_ENDPOINT_BELOW_LOWER": 132,
          "EXCESSIVE_SUBDIVISION_PROGRESS_GUARD_64_STEPS_BELOW_1_PERCENT_NOMINAL_DT": 1
        },
        "handoff_activity_groups": {
          "False": {
            "count": 438,
            "rejected": 154,
            "min_start_g_nf_m": 2.37562479302121e-17,
            "max_start_g_nf_m": 5.388159096213983e-07,
            "normal_speed_after_min_m_s": -0.00025226284436471015,
            "normal_speed_after_max_m_s": 0.0002999440075429756,
            "feature_counts": {
              "EDGE": 267,
              "FACE": 171
            }
          },
          "True": {
            "count": 114,
            "rejected": 21,
            "min_start_g_nf_m": -1.653435651359639e-17,
            "max_start_g_nf_m": 1.7318162256368976e-17,
            "normal_speed_after_min_m_s": -6.768618145673164e-07,
            "normal_speed_after_max_m_s": 3.9024837537397095e-09,
            "feature_counts": {
              "FACE": 36,
              "EDGE": 78
            }
          }
        },
        "maximum_contact_kkt_condition": 11949322962741.77,
        "maximum_contact_velocity_budget_m_s": 0.033228052221116876,
        "maximum_scaled_resistance_backward_residual": 1.5577087090612965e-16,
        "minimum_scaled_resistance_eigenvalue": 0.9999999999999989,
        "triangle_switch_count": 128,
        "maximum_normal_change_deg": 28.08838714250064,
        "normal_angle_counts_descriptive_only": {
          "10": 41,
          "45": 0,
          "90": 0
        },
        "handoff_active_trials": 114,
        "handoff_activation_deactivation_count": 22,
        "minimum_start_g_nf_m": -1.653435651359639e-17,
        "minimum_rejected_certificate_g_nf_m": -1.60171381270666e-08,
        "condition_min": 1.224803067959679,
        "condition_max": 408.80638415940314,
        "max_depth": 24,
        "accepted_physical_time_s": 0.053529327392578124,
        "nominal_requested_dt_s": 0.0002500000000000002,
        "accepted_time_over_one_nominal_dt": 214.1173095703123,
        "min_normal_velocity_before_constraint": -0.00025226284436471015,
        "max_abs_normal_velocity_after_constraint": 0.0002999440075429756
      },
      "minimum_accepted_g_nf_m": -1.653435651359639e-17,
      "first_rejected_trial_time_s": 0.049,
      "first_depth_ge_7_time_s": 0.05347265625,
      "checkpoint_P65_outcome": "SUBDIVISION_STOP",
      "checkpoint_prefix_bitwise_equal": true,
      "checkpoint_prefix_samples": 282,
      "checkpoint_P65_final_time_s": 0.05350702881813049,
      "checkpoint_P65_last100": {
        "trials": 100,
        "accepted": 50,
        "rejections": {
          "HANDOFF_ENDPOINT_BELOW_LOWER": 48,
          "HANDOFF_SWEEP_NOT_CERTIFIED": 1,
          "EXCESSIVE_SUBDIVISION_PROGRESS_GUARD_64_STEPS_BELOW_1_PERCENT_NOMINAL_DT": 1
        },
        "handoff_activity_groups": {
          "False": {
            "count": 59,
            "rejected": 49,
            "min_start_g_nf_m": 2.264123493427022e-17,
            "max_start_g_nf_m": 2.545754789140875e-16,
            "normal_speed_after_min_m_s": -6.810797386435874e-07,
            "normal_speed_after_max_m_s": -6.789065578138126e-07,
            "feature_counts": {
              "EDGE": 59
            }
          },
          "True": {
            "count": 40,
            "rejected": 0,
            "min_start_g_nf_m": -1.7792623956742655e-17,
            "max_start_g_nf_m": 1.9686042860418373e-17,
            "normal_speed_after_min_m_s": -6.735285992702365e-19,
            "normal_speed_after_max_m_s": 3.95467446093368e-19,
            "feature_counts": {
              "EDGE": 40
            }
          }
        },
        "maximum_contact_kkt_condition": 1.0,
        "maximum_contact_velocity_budget_m_s": 2.787487634840297e-15,
        "maximum_scaled_resistance_backward_residual": 9.457826498908954e-17,
        "minimum_scaled_resistance_eigenvalue": 0.9999999999999337,
        "triangle_switch_count": 0,
        "maximum_normal_change_deg": 0.0014209630347413638,
        "normal_angle_counts_descriptive_only": {
          "10": 0,
          "45": 0,
          "90": 0
        },
        "handoff_active_trials": 40,
        "handoff_activation_deactivation_count": 17,
        "minimum_start_g_nf_m": -1.7792623956742655e-17,
        "minimum_rejected_certificate_g_nf_m": -6.293718922245714e-15,
        "condition_min": 408.80633225066094,
        "condition_max": 408.80638415942957,
        "max_depth": 22,
        "accepted_physical_time_s": 2.8848648081503114e-08,
        "nominal_requested_dt_s": 0.0002500000000000002,
        "accepted_time_over_one_nominal_dt": 0.00011539459232601235,
        "min_normal_velocity_before_constraint": -6.810797386435874e-07,
        "max_abs_normal_velocity_after_constraint": 6.810797386435874e-07
      },
      "checkpoint_snapshot": {
        "time_s": 0.0535,
        "position": [
          9.207432705212243e-05,
          4.8350967101940484e-05,
          0.00011129967924966215
        ],
        "velocity": [
          -0.0005835884898184466,
          0.0005276110108044874,
          -0.0010287290305395149
        ],
        "omega": [
          874.6818098508452,
          475.49871481041487,
          -252.32677529186495
        ],
        "q": [
          -0.3236347810707232,
          -0.7205605740634269,
          0.01433048243418696,
          -0.6130641278527831
        ],
        "accepted_prefix_samples": 282,
        "switch": "DIAGNOSTIC_ONLY_P9A_TO_P65"
      }
    },
    {
      "particle_id": 12,
      "P65_outcome": "SUBDIVISION_STOP",
      "P9A_outcome": "SUBDIVISION_STOP",
      "checkpoint_time_s": 0.02625,
      "P9A_last100": {
        "trials": 100,
        "accepted": 50,
        "rejections": {
          "HANDOFF_ENDPOINT_BELOW_LOWER": 49,
          "EXCESSIVE_SUBDIVISION_PROGRESS_GUARD_64_STEPS_BELOW_1_PERCENT_NOMINAL_DT": 1
        },
        "handoff_activity_groups": {
          "False": {
            "count": 55,
            "rejected": 49,
            "min_start_g_nf_m": 2.048405377585033e-17,
            "max_start_g_nf_m": 3.600339143544362e-17,
            "normal_speed_after_min_m_s": -7.544343695136724e-07,
            "normal_speed_after_max_m_s": -7.525847207486005e-07,
            "feature_counts": {
              "EDGE": 55
            }
          },
          "True": {
            "count": 44,
            "rejected": 0,
            "min_start_g_nf_m": -1.6665434862183994e-17,
            "max_start_g_nf_m": 8.142995492591988e-18,
            "normal_speed_after_min_m_s": -3.61625284026018e-21,
            "normal_speed_after_max_m_s": 3.2317460574507703e-21,
            "feature_counts": {
              "EDGE": 44
            }
          }
        },
        "maximum_contact_kkt_condition": 1.0,
        "maximum_contact_velocity_budget_m_s": 3.0243587113964577e-15,
        "maximum_scaled_resistance_backward_residual": 4.165420609153837e-18,
        "minimum_scaled_resistance_eigenvalue": 0.9999999999999993,
        "triangle_switch_count": 0,
        "maximum_normal_change_deg": 0.0005497491525583048,
        "normal_angle_counts_descriptive_only": {
          "10": 0,
          "45": 0,
          "90": 0
        },
        "handoff_active_trials": 44,
        "handoff_activation_deactivation_count": 12,
        "minimum_start_g_nf_m": -1.6665434862183994e-17,
        "minimum_rejected_certificate_g_nf_m": -3.8829228937689206e-14,
        "condition_min": 302.6614021814708,
        "condition_max": 302.66140761188797,
        "max_depth": 23,
        "accepted_physical_time_s": 4.5776367182948086e-08,
        "nominal_requested_dt_s": 0.0002500000000000002,
        "accepted_time_over_one_nominal_dt": 0.00018310546873179218,
        "min_normal_velocity_before_constraint": -7.544343695136724e-07,
        "max_abs_normal_velocity_after_constraint": 7.544343695136724e-07
      },
      "P9A_all": {
        "trials": 534,
        "accepted": 315,
        "rejections": {
          "HANDOFF_SWEEP_NOT_CERTIFIED": 67,
          "HANDOFF_ENDPOINT_BELOW_LOWER": 151,
          "EXCESSIVE_SUBDIVISION_PROGRESS_GUARD_64_STEPS_BELOW_1_PERCENT_NOMINAL_DT": 1
        },
        "handoff_activity_groups": {
          "False": {
            "count": 406,
            "rejected": 204,
            "min_start_g_nf_m": 2.014852284961922e-17,
            "max_start_g_nf_m": 5.511894077074013e-07,
            "normal_speed_after_min_m_s": -0.0002725256444932068,
            "normal_speed_after_max_m_s": 0.0005007675221116261,
            "feature_counts": {
              "EDGE": 160,
              "FACE": 246
            }
          },
          "True": {
            "count": 127,
            "rejected": 14,
            "min_start_g_nf_m": -1.9276308042976968e-17,
            "max_start_g_nf_m": 1.977508719899848e-17,
            "normal_speed_after_min_m_s": -4.319015616108643e-21,
            "normal_speed_after_max_m_s": 1.1049000874228047e-08,
            "feature_counts": {
              "FACE": 32,
              "EDGE": 95
            }
          }
        },
        "maximum_contact_kkt_condition": 30502.02147853025,
        "maximum_contact_velocity_budget_m_s": 9.225000113372443e-11,
        "maximum_scaled_resistance_backward_residual": 1.673211063578332e-16,
        "minimum_scaled_resistance_eigenvalue": 0.9999999999999986,
        "triangle_switch_count": 139,
        "maximum_normal_change_deg": 21.01136409117244,
        "normal_angle_counts_descriptive_only": {
          "10": 25,
          "45": 0,
          "90": 0
        },
        "handoff_active_trials": 127,
        "handoff_activation_deactivation_count": 30,
        "minimum_start_g_nf_m": -1.9276308042976968e-17,
        "minimum_rejected_certificate_g_nf_m": -2.113166703787153e-08,
        "condition_min": 1.0141593090670753,
        "condition_max": 302.66140761188797,
        "max_depth": 23,
        "accepted_physical_time_s": 0.026433189392089843,
        "nominal_requested_dt_s": 0.0002500000000000002,
        "accepted_time_over_one_nominal_dt": 105.73275756835928,
        "min_normal_velocity_before_constraint": -0.0002725256444932068,
        "max_abs_normal_velocity_after_constraint": 0.0005007675221116261
      },
      "minimum_accepted_g_nf_m": -1.9276308042976968e-17,
      "first_rejected_trial_time_s": 0.02,
      "first_depth_ge_7_time_s": 0.026328125,
      "checkpoint_P65_outcome": "COMPLETED",
      "checkpoint_prefix_bitwise_equal": true,
      "checkpoint_prefix_samples": 174,
      "checkpoint_P65_final_time_s": 0.028750679967103756,
      "checkpoint_P65_last100": {
        "trials": 100,
        "accepted": 57,
        "rejections": {
          "HANDOFF_SWEEP_NOT_CERTIFIED": 43
        },
        "handoff_activity_groups": {
          "False": {
            "count": 100,
            "rejected": 43,
            "min_start_g_nf_m": 5.808507310666989e-10,
            "max_start_g_nf_m": 4.087680087260801e-08,
            "normal_speed_after_min_m_s": -0.0005339222510542647,
            "normal_speed_after_max_m_s": 0.000248902468888026,
            "feature_counts": {
              "FACE": 90,
              "EDGE": 10
            }
          }
        },
        "maximum_contact_kkt_condition": null,
        "maximum_contact_velocity_budget_m_s": null,
        "maximum_scaled_resistance_backward_residual": 5.921993704702243e-17,
        "minimum_scaled_resistance_eigenvalue": 0.9999999999999485,
        "triangle_switch_count": 46,
        "maximum_normal_change_deg": 13.014404779342927,
        "normal_angle_counts_descriptive_only": {
          "10": 5,
          "45": 0,
          "90": 0
        },
        "handoff_active_trials": 0,
        "handoff_activation_deactivation_count": 0,
        "minimum_start_g_nf_m": 5.808507310666989e-10,
        "minimum_rejected_certificate_g_nf_m": null,
        "condition_min": 1.0000000000000002,
        "condition_max": 234.7689692632594,
        "max_depth": 6,
        "accepted_physical_time_s": 0.002445992467103756,
        "nominal_requested_dt_s": 0.0002500000000000002,
        "accepted_time_over_one_nominal_dt": 9.783969868415015,
        "min_normal_velocity_before_constraint": -0.0005339222510542647,
        "max_abs_normal_velocity_after_constraint": 0.0005339222510542647
      },
      "checkpoint_snapshot": {
        "time_s": 0.02625,
        "position": [
          9.044781979213055e-05,
          4.81966514665417e-05,
          0.00011040647958842164
        ],
        "velocity": [
          -0.0018157200910909476,
          -0.000638560127995381,
          -0.00022941252750744586
        ],
        "omega": [
          -560.7711789624045,
          1989.0522970272882,
          -1093.736513668486
        ],
        "q": [
          -0.1744022669350458,
          0.61655229427852,
          0.7543807218006483,
          0.14267741336085182
        ],
        "accepted_prefix_samples": 174,
        "switch": "DIAGNOSTIC_ONLY_P9A_TO_P65"
      }
    },
    {
      "particle_id": 14,
      "P65_outcome": "COMPLETED",
      "P9A_outcome": "SUBDIVISION_STOP",
      "checkpoint_time_s": 0.02125,
      "P9A_last100": {
        "trials": 100,
        "accepted": 50,
        "rejections": {
          "HANDOFF_ENDPOINT_BELOW_LOWER": 49,
          "EXCESSIVE_SUBDIVISION_PROGRESS_GUARD_64_STEPS_BELOW_1_PERCENT_NOMINAL_DT": 1
        },
        "handoff_activity_groups": {
          "False": {
            "count": 53,
            "rejected": 49,
            "min_start_g_nf_m": 2.026954268195818e-17,
            "max_start_g_nf_m": 8.683373272105578e-17,
            "normal_speed_after_min_m_s": -3.1052510756620886e-06,
            "normal_speed_after_max_m_s": -3.104013563766785e-06,
            "feature_counts": {
              "EDGE": 53
            }
          },
          "True": {
            "count": 46,
            "rejected": 0,
            "min_start_g_nf_m": -8.506389997756946e-18,
            "max_start_g_nf_m": 1.9563964236895347e-17,
            "normal_speed_after_min_m_s": -2.0436892152818246e-20,
            "normal_speed_after_max_m_s": 1.961602103298527e-20,
            "feature_counts": {
              "EDGE": 46
            }
          }
        },
        "maximum_contact_kkt_condition": 1.0,
        "maximum_contact_velocity_budget_m_s": 3.012615461141764e-15,
        "maximum_scaled_resistance_backward_residual": 1.669890994669333e-17,
        "minimum_scaled_resistance_eigenvalue": 0.9999999999999992,
        "triangle_switch_count": 0,
        "maximum_normal_change_deg": 0.000757555684311634,
        "normal_angle_counts_descriptive_only": {
          "10": 0,
          "45": 0,
          "90": 0
        },
        "handoff_active_trials": 46,
        "handoff_activation_deactivation_count": 9,
        "minimum_start_g_nf_m": -8.506389997756946e-18,
        "minimum_rejected_certificate_g_nf_m": -1.8519299486040258e-13,
        "condition_min": 384.86432968680185,
        "condition_max": 384.8643463529888,
        "max_depth": 25,
        "accepted_physical_time_s": 6.09755516044197e-08,
        "nominal_requested_dt_s": 0.0002500000000000002,
        "accepted_time_over_one_nominal_dt": 0.00024390220641767857,
        "min_normal_velocity_before_constraint": -3.1054264450189444e-06,
        "max_abs_normal_velocity_after_constraint": 3.1052510756620886e-06
      },
      "P9A_all": {
        "trials": 426,
        "accepted": 248,
        "rejections": {
          "HANDOFF_SWEEP_NOT_CERTIFIED": 38,
          "HANDOFF_ENDPOINT_BELOW_LOWER": 139,
          "EXCESSIVE_SUBDIVISION_PROGRESS_GUARD_64_STEPS_BELOW_1_PERCENT_NOMINAL_DT": 1
        },
        "handoff_activity_groups": {
          "False": {
            "count": 309,
            "rejected": 164,
            "min_start_g_nf_m": 2.026954268195818e-17,
            "max_start_g_nf_m": 7.068669007081207e-07,
            "normal_speed_after_min_m_s": -0.00044865160657469184,
            "normal_speed_after_max_m_s": 0.000304523632430273,
            "feature_counts": {
              "EDGE": 152,
              "FACE": 157
            }
          },
          "True": {
            "count": 116,
            "rejected": 13,
            "min_start_g_nf_m": -8.506389997756946e-18,
            "max_start_g_nf_m": 1.9563964236895347e-17,
            "normal_speed_after_min_m_s": -2.1198765665137283e-20,
            "normal_speed_after_max_m_s": 3.463086957929929e-09,
            "feature_counts": {
              "FACE": 28,
              "EDGE": 88
            }
          }
        },
        "maximum_contact_kkt_condition": 76822.14675320665,
        "maximum_contact_velocity_budget_m_s": 2.3142645045628255e-10,
        "maximum_scaled_resistance_backward_residual": 1.4482730464830362e-16,
        "minimum_scaled_resistance_eigenvalue": 0.9999999999999987,
        "triangle_switch_count": 109,
        "maximum_normal_change_deg": 41.30111315766662,
        "normal_angle_counts_descriptive_only": {
          "10": 34,
          "45": 0,
          "90": 0
        },
        "handoff_active_trials": 116,
        "handoff_activation_deactivation_count": 20,
        "minimum_start_g_nf_m": -8.506389997756946e-18,
        "minimum_rejected_certificate_g_nf_m": -8.860464185926417e-09,
        "condition_min": 1.0120906270113421,
        "condition_max": 384.8643463529888,
        "max_depth": 25,
        "accepted_physical_time_s": 0.021322494506835942,
        "nominal_requested_dt_s": 0.0002500000000000002,
        "accepted_time_over_one_nominal_dt": 85.2899780273437,
        "min_normal_velocity_before_constraint": -0.00044865160657469184,
        "max_abs_normal_velocity_after_constraint": 0.00044865160657469184
      },
      "minimum_accepted_g_nf_m": -8.506389997756946e-18,
      "first_rejected_trial_time_s": 0.01675,
      "first_depth_ge_7_time_s": 0.02125,
      "checkpoint_P65_outcome": "SUBDIVISION_STOP",
      "checkpoint_prefix_bitwise_equal": true,
      "checkpoint_prefix_samples": 120,
      "checkpoint_P65_final_time_s": 0.021272405624389652,
      "checkpoint_P65_last100": {
        "trials": 100,
        "accepted": 49,
        "rejections": {
          "HANDOFF_ENDPOINT_BELOW_LOWER": 50,
          "EXCESSIVE_SUBDIVISION_PROGRESS_GUARD_64_STEPS_BELOW_1_PERCENT_NOMINAL_DT": 1
        },
        "handoff_activity_groups": {
          "False": {
            "count": 56,
            "rejected": 50,
            "min_start_g_nf_m": 2.6358862539769344e-17,
            "max_start_g_nf_m": 1.7276871923091197e-16,
            "normal_speed_after_min_m_s": -3.0593267769555893e-06,
            "normal_speed_after_max_m_s": -3.057914908526348e-06,
            "feature_counts": {
              "EDGE": 56
            }
          },
          "True": {
            "count": 43,
            "rejected": 0,
            "min_start_g_nf_m": -1.9214051121353777e-17,
            "max_start_g_nf_m": 1.5775291742945268e-17,
            "normal_speed_after_min_m_s": -3.8019304225891707e-20,
            "normal_speed_after_max_m_s": 5.389274464835405e-20,
            "feature_counts": {
              "EDGE": 43
            }
          }
        },
        "maximum_contact_kkt_condition": 1.0,
        "maximum_contact_velocity_budget_m_s": 3.029935555699627e-15,
        "maximum_scaled_resistance_backward_residual": 1.3394424970476704e-17,
        "minimum_scaled_resistance_eigenvalue": 0.9999999999998983,
        "triangle_switch_count": 0,
        "maximum_normal_change_deg": 0.0012020826106727569,
        "normal_angle_counts_descriptive_only": {
          "10": 0,
          "45": 0,
          "90": 0
        },
        "handoff_active_trials": 43,
        "handoff_activation_deactivation_count": 12,
        "minimum_start_g_nf_m": -1.9214051121353777e-17,
        "minimum_rejected_certificate_g_nf_m": -1.4312405204949286e-13,
        "condition_min": 384.86431319311635,
        "condition_max": 384.86434635302777,
        "max_depth": 24,
        "accepted_physical_time_s": 2.479553222467512e-08,
        "nominal_requested_dt_s": 0.0002500000000000002,
        "accepted_time_over_one_nominal_dt": 9.91821288987004e-05,
        "min_normal_velocity_before_constraint": -3.0596088207202238e-06,
        "max_abs_normal_velocity_after_constraint": 3.0593267769555893e-06
      },
      "checkpoint_snapshot": {
        "time_s": 0.02125,
        "position": [
          9.120842322476856e-05,
          4.8662639716460715e-05,
          0.00011059233958647118
        ],
        "velocity": [
          -0.0009284887243677179,
          -6.930785766290369e-05,
          2.653696651917231e-06
        ],
        "omega": [
          -53.85096604187971,
          749.6724644616844,
          362.66988804093666
        ],
        "q": [
          0.18714509831600565,
          0.14037180026073592,
          -0.2235286864339392,
          -0.9462068464183561
        ],
        "accepted_prefix_samples": 120,
        "switch": "DIAGNOSTIC_ONLY_P9A_TO_P65"
      }
    },
    {
      "particle_id": 17,
      "P65_outcome": "SUBDIVISION_STOP",
      "P9A_outcome": "SUBDIVISION_STOP",
      "checkpoint_time_s": 0.18125,
      "P9A_last100": {
        "trials": 100,
        "accepted": 52,
        "rejections": {
          "HANDOFF_ENDPOINT_BELOW_LOWER": 47,
          "EXCESSIVE_SUBDIVISION_PROGRESS_GUARD_64_STEPS_BELOW_1_PERCENT_NOMINAL_DT": 1
        },
        "handoff_activity_groups": {
          "False": {
            "count": 52,
            "rejected": 47,
            "min_start_g_nf_m": 2.63207460571429e-17,
            "max_start_g_nf_m": 9.974473829869786e-17,
            "normal_speed_after_min_m_s": -3.370601358524068e-06,
            "normal_speed_after_max_m_s": -3.369426532461758e-06,
            "feature_counts": {
              "EDGE": 52
            }
          },
          "True": {
            "count": 47,
            "rejected": 0,
            "min_start_g_nf_m": -2.007749533196113e-17,
            "max_start_g_nf_m": 1.869014387268413e-17,
            "normal_speed_after_min_m_s": -1.7177999552600933e-20,
            "normal_speed_after_max_m_s": 1.908383643957339e-20,
            "feature_counts": {
              "EDGE": 47
            }
          }
        },
        "maximum_contact_kkt_condition": 1.0,
        "maximum_contact_velocity_budget_m_s": 2.4251268618138403e-15,
        "maximum_scaled_resistance_backward_residual": 1.1872954288354298e-17,
        "minimum_scaled_resistance_eigenvalue": 0.9999999999999991,
        "triangle_switch_count": 0,
        "maximum_normal_change_deg": 0.001998040829919003,
        "normal_angle_counts_descriptive_only": {
          "10": 0,
          "45": 0,
          "90": 0
        },
        "handoff_active_trials": 47,
        "handoff_activation_deactivation_count": 9,
        "minimum_start_g_nf_m": -2.007749533196113e-17,
        "minimum_rejected_certificate_g_nf_m": -2.0045166321267605e-13,
        "condition_min": 266.6447089562272,
        "condition_max": 266.6447222045584,
        "max_depth": 25,
        "accepted_physical_time_s": 6.10351562624345e-08,
        "nominal_requested_dt_s": 0.0002500000000000002,
        "accepted_time_over_one_nominal_dt": 0.0002441406250497378,
        "min_normal_velocity_before_constraint": -3.370601358524068e-06,
        "max_abs_normal_velocity_after_constraint": 3.370601358524068e-06
      },
      "P9A_all": {
        "trials": 1066,
        "accepted": 891,
        "rejections": {
          "HANDOFF_SWEEP_NOT_CERTIFIED": 37,
          "HANDOFF_ENDPOINT_BELOW_LOWER": 137,
          "EXCESSIVE_SUBDIVISION_PROGRESS_GUARD_64_STEPS_BELOW_1_PERCENT_NOMINAL_DT": 1
        },
        "handoff_activity_groups": {
          "False": {
            "count": 898,
            "rejected": 116,
            "min_start_g_nf_m": 2.63207460571429e-17,
            "max_start_g_nf_m": 4.4496086331725115e-07,
            "normal_speed_after_min_m_s": -0.0004984968541223944,
            "normal_speed_after_max_m_s": 0.0003979411092810009,
            "feature_counts": {
              "EDGE": 711,
              "FACE": 187
            }
          },
          "True": {
            "count": 167,
            "rejected": 58,
            "min_start_g_nf_m": -2.007749533196113e-17,
            "max_start_g_nf_m": 1.869014387268413e-17,
            "normal_speed_after_min_m_s": -1.7177999552600933e-20,
            "normal_speed_after_max_m_s": 3.744214089339776e-06,
            "feature_counts": {
              "FACE": 120,
              "EDGE": 47
            }
          }
        },
        "maximum_contact_kkt_condition": 33957.938195415416,
        "maximum_contact_velocity_budget_m_s": 8.235110797378394e-11,
        "maximum_scaled_resistance_backward_residual": 1.876341448723806e-16,
        "minimum_scaled_resistance_eigenvalue": 0.9999999999999988,
        "triangle_switch_count": 121,
        "maximum_normal_change_deg": 20.009843314732727,
        "normal_angle_counts_descriptive_only": {
          "10": 15,
          "45": 0,
          "90": 0
        },
        "handoff_active_trials": 167,
        "handoff_activation_deactivation_count": 11,
        "minimum_start_g_nf_m": -2.007749533196113e-17,
        "minimum_rejected_certificate_g_nf_m": -3.264798010450179e-08,
        "condition_min": 1.0503099636513489,
        "condition_max": 266.64472220455843,
        "max_depth": 29,
        "accepted_physical_time_s": 0.18126644897460936,
        "nominal_requested_dt_s": 0.0002500000000000002,
        "accepted_time_over_one_nominal_dt": 725.0657958984368,
        "min_normal_velocity_before_constraint": -0.0004984968541223944,
        "max_abs_normal_velocity_after_constraint": 0.0004984968541223944
      },
      "minimum_accepted_g_nf_m": -2.007749533196113e-17,
      "first_rejected_trial_time_s": 0.1765,
      "first_depth_ge_7_time_s": 0.181203125,
      "checkpoint_P65_outcome": "SUBDIVISION_STOP",
      "checkpoint_prefix_bitwise_equal": true,
      "checkpoint_prefix_samples": 815,
      "checkpoint_P65_final_time_s": 0.18125702857971193,
      "checkpoint_P65_last100": {
        "trials": 100,
        "accepted": 48,
        "rejections": {
          "HANDOFF_SWEEP_NOT_CERTIFIED": 3,
          "HANDOFF_ENDPOINT_BELOW_LOWER": 48,
          "EXCESSIVE_SUBDIVISION_PROGRESS_GUARD_64_STEPS_BELOW_1_PERCENT_NOMINAL_DT": 1
        },
        "handoff_activity_groups": {
          "False": {
            "count": 56,
            "rejected": 48,
            "min_start_g_nf_m": 2.1756720779099917e-17,
            "max_start_g_nf_m": 7.249959784789709e-16,
            "normal_speed_after_min_m_s": -3.3730727422700053e-06,
            "normal_speed_after_max_m_s": -3.3711891779170364e-06,
            "feature_counts": {
              "EDGE": 56
            }
          },
          "True": {
            "count": 43,
            "rejected": 3,
            "min_start_g_nf_m": -3.357594348753275e-18,
            "max_start_g_nf_m": 1.995709340353975e-17,
            "normal_speed_after_min_m_s": -1.111339282111017e-19,
            "normal_speed_after_max_m_s": 3.744489950309937e-09,
            "feature_counts": {
              "FACE": 6,
              "EDGE": 37
            }
          }
        },
        "maximum_contact_kkt_condition": 117837.4996331671,
        "maximum_contact_velocity_budget_m_s": 2.8647909697411945e-10,
        "maximum_scaled_resistance_backward_residual": 2.1566905115192666e-17,
        "minimum_scaled_resistance_eigenvalue": 0.9999999999999428,
        "triangle_switch_count": 1,
        "maximum_normal_change_deg": 0.002953041196341067,
        "normal_angle_counts_descriptive_only": {
          "10": 0,
          "45": 0,
          "90": 0
        },
        "handoff_active_trials": 43,
        "handoff_activation_deactivation_count": 11,
        "minimum_start_g_nf_m": -3.357594348753275e-18,
        "minimum_rejected_certificate_g_nf_m": -1.5975421359770826e-13,
        "condition_min": 266.64462590892254,
        "condition_max": 266.6447222045648,
        "max_depth": 25,
        "accepted_physical_time_s": 4.005432130416153e-08,
        "nominal_requested_dt_s": 0.0002500000000000002,
        "accepted_time_over_one_nominal_dt": 0.000160217285216646,
        "min_normal_velocity_before_constraint": -3.3732298356883524e-06,
        "max_abs_normal_velocity_after_constraint": 3.3730727422700053e-06
      },
      "checkpoint_snapshot": {
        "time_s": 0.18125,
        "position": [
          9.112258789748814e-05,
          4.853662837990194e-05,
          0.00011035474397504258
        ],
        "velocity": [
          -0.0015324806145537006,
          -0.00048692807641962147,
          6.363719276939436e-05
        ],
        "omega": [
          -543.4549715492802,
          1837.4652258864292,
          972.3747458652736
        ],
        "q": [
          -0.032406544042297765,
          0.26044687059478694,
          0.7142762492555682,
          0.6487886275590952
        ],
        "accepted_prefix_samples": 815,
        "switch": "DIAGNOSTIC_ONLY_P9A_TO_P65"
      }
    }
  ],
  "time_limit": [
    {
      "particle_id": 22,
      "model": "P65",
      "outcome": "SUBDIVISION_STOP",
      "elapsed_time_s": 0.009449680328369143,
      "path_length_m": 2.038784531289698e-05,
      "mean_speed_m_s": 0.00215751693225961,
      "last_10percent_time_mean_speed_m_s": 0.0019429916493921857,
      "minimum_gap_m": 1.999999981303486e-09,
      "maximum_gap_m": 2.833531302308598e-08,
      "handoff_active_time_fraction": 0.015703838482272584,
      "fully_weighted_wall_time_fraction": 1.0,
      "final_speed_m_s": 0.001969275344467673,
      "final_position_m": [
        0.00010402938123647098,
        4.4286422174388516e-05,
        0.00014334237663517395
      ]
    },
    {
      "particle_id": 22,
      "model": "P9A",
      "outcome": "TIME_LIMIT",
      "elapsed_time_s": 1.5,
      "path_length_m": 2.425997548140713e-08,
      "mean_speed_m_s": 1.6173316987604755e-08,
      "last_10percent_time_mean_speed_m_s": 1.751517354537643e-08,
      "minimum_gap_m": 7.881034616332917e-09,
      "maximum_gap_m": 1.0052164416111423e-08,
      "handoff_active_time_fraction": 0.0,
      "fully_weighted_wall_time_fraction": 1.0,
      "final_speed_m_s": 2.0755895238270828e-08,
      "final_position_m": [
        0.00010467836637960058,
        5.777464126070104e-05,
        0.00015857204297946116
      ]
    }
  ],
  "closure_groups": {
    "INLET_ESCAPE": {
      "n": 2,
      "median_speed_ratio": 5.863404472545583e-06,
      "min_speed_ratio": 4.922563301164597e-06,
      "max_speed_ratio": 6.804245643926569e-06,
      "median_mismatch": 1.000002874864176,
      "max_angle_deg": 134.68629655635397
    },
    "COMPLETED": {
      "n": 125,
      "median_speed_ratio": 0.5979420584088159,
      "min_speed_ratio": 2.666620334609647e-06,
      "max_speed_ratio": 1.1624354635987164,
      "median_mismatch": 0.40211299782008614,
      "max_angle_deg": 179.45016480821874
    },
    "SUBDIVISION_STOP": {
      "n": 100,
      "median_speed_ratio": 0.5515525147719185,
      "min_speed_ratio": 2.112698865068395e-06,
      "max_speed_ratio": 0.8738016774134978,
      "median_mismatch": 0.4722484218973493,
      "max_angle_deg": 158.61672723602143
    },
    "TIME_LIMIT": {
      "n": 25,
      "median_speed_ratio": 1.0110501573972466e-05,
      "min_speed_ratio": 1.0006635110598641e-05,
      "max_speed_ratio": 1.2810422784092105e-05,
      "median_mismatch": 1.0000000001466847,
      "max_angle_deg": 90.00055703465328
    }
  },
  "all_original_p9a_bitwise_equal": true
}
