WSL source hashes verified
{"log_dir": "/workspace/formal_3D_flow_solver_FEM_lzy/logs/stage02/20260917T201758_882199441_pipe_coarse_mesh", "returncode": 0, "wall_time_s": 1.4057151980232447}
Info    : Meshing 1D...
Info    : [  0%] Meshing curve 1 (Circle)
Info    : [ 40%] Meshing curve 2 (Line)
Info    : [ 70%] Meshing curve 3 (Circle)
Info    : Done meshing 1D (Wall 0.000163585s, CPU 9.1e-05s)
Info    : Meshing 2D...
Info    : [  0%] Meshing surface 1 (Cylinder, Frontal-Delaunay)
Info    : [  0%] Meshing surface 1 (Cylinder, MeshAdapt)
Info    : [ 40%] Meshing surface 2 (Plane, Frontal-Delaunay)
Info    : [ 70%] Meshing surface 3 (Plane, Frontal-Delaunay)
Info    : Done meshing 2D (Wall 0.126755s, CPU 0.126714s)
Info    : Meshing 3D...
Info    : 3D Meshing 1 volume with 1 connected component
Info    : Tetrahedrizing 1027 nodes...
Info    : Done tetrahedrizing 1035 nodes (Wall 0.00705752s, CPU 0.007057s)
Info    : Reconstructing mesh...
Info    :  - Creating surface mesh
Info    :  - Identifying boundary edges
Info    :  - Recovering boundary
Info    : Done reconstructing mesh (Wall 0.0170244s, CPU 0.017025s)
Info    : Found volume 1
Info    : It. 0 - 0 nodes created - worst tet radius 3.72353 (nodes removed 0 0)
Info    : It. 500 - 500 nodes created - worst tet radius 1.00509 (nodes removed 0 0)
Info    : 3D refinement terminated (1537 nodes total):
Info    :  - 0 Delaunay cavities modified for star shapeness
Info    :  - 0 nodes could not be inserted
Info    :  - 6156 tetrahedra created in 0.014824 sec. (415273 tets/s)
Info    : 0 node relocations
Info    : Done meshing 3D (Wall 0.0464339s, CPU 0.046435s)
Info    : Optimizing mesh...
Info    : Optimizing volume 1
Info    : Optimization starts (volume = 3.88522e-15) with worst = 0.0105617 / average = 0.748912:
Info    : 0.00 < quality < 0.10 :        24 elements
Info    : 0.10 < quality < 0.20 :        49 elements
Info    : 0.20 < quality < 0.30 :        82 elements
Info    : 0.30 < quality < 0.40 :       112 elements
Info    : 0.40 < quality < 0.50 :       177 elements
Info    : 0.50 < quality < 0.60 :       354 elements
Info    : 0.60 < quality < 0.70 :       902 elements
Info    : 0.70 < quality < 0.80 :      1764 elements
Info    : 0.80 < quality < 0.90 :      1939 elements
Info    : 0.90 < quality < 1.00 :       753 elements
Info    : 153 edge swaps, 3 node relocations (volume = 3.88522e-15): worst = 0.195746 / average = 0.764436 (Wall 0.00114645s, CPU 0.001146s)
Info    : 155 edge swaps, 5 node relocations (volume = 3.88522e-15): worst = 0.233455 / average = 0.764639 (Wall 0.00131708s, CPU 0.001317s)
Info    : 156 edge swaps, 6 node relocations (volume = 3.88522e-15): worst = 0.278281 / average = 0.764674 (Wall 0.00147806s, CPU 0.001478s)
Info    : 158 edge swaps, 6 node relocations (volume = 3.88522e-15): worst = 0.300139 / average = 0.764903 (Wall 0.00164563s, CPU 0.001645s)
Info    : No ill-shaped tets in the mesh :-)
Info    : 0.00 < quality < 0.10 :         0 elements
Info    : 0.10 < quality < 0.20 :         0 elements
Info    : 0.20 < quality < 0.30 :         0 elements
Info    : 0.30 < quality < 0.40 :       105 elements
Info    : 0.40 < quality < 0.50 :       170 elements
Info    : 0.50 < quality < 0.60 :       344 elements
Info    : 0.60 < quality < 0.70 :       912 elements
Info    : 0.70 < quality < 0.80 :      1755 elements
Info    : 0.80 < quality < 0.90 :      1964 elements
Info    : 0.90 < quality < 1.00 :       764 elements
Info    : Done optimizing mesh (Wall 0.00459546s, CPU 0.004595s)
Info    : 1537 nodes 8142 elements
Info    : Meshing order 2 (curvilinear on)...
Info    : [  0%] Meshing curve 1 order 2
Info    : [ 20%] Meshing curve 2 order 2
Info    : [ 30%] Meshing curve 3 order 2
Info    : [ 50%] Meshing surface 1 order 2
Info    : [ 60%] Meshing surface 2 order 2
Info    : [ 80%] Meshing surface 3 order 2
Info    : [ 90%] Meshing volume 1 order 2
Info    : Surface mesh: worst distortion = 0.985492 (0 elements in ]0, 0.2]); worst gamma = 0.646662
Info    : Volume mesh: worst distortion = 0.77384 (0 elements in ]0, 0.2])
Info    : Done meshing order 2 (Wall 0.0171493s, CPU 0.017149s)
Info    : Writing '/workspace/formal_3D_flow_solver_FEM_lzy/outputs/stage02/meshes/pipe_coarse/pipe.msh'...
Info    : Done writing '/workspace/formal_3D_flow_solver_FEM_lzy/outputs/stage02/meshes/pipe_coarse/pipe.msh'
{
  "status": "PASS",
  "purpose": "SYNTHETIC NUMERICAL BENCHMARK",
  "experimental_condition": false,
  "profile": "pipe_coarse",
  "timestamp": "2026-09-17T20:18:03.488266+00:00",
  "hostname": "f7c62a262077",
  "run_id": "20260917T201758_882199441_pipe_coarse_mesh",
  "geometry": {
    "kind": "analytic_circular_pipe",
    "origin_m": [
      0.0,
      0.0,
      0.0
    ],
    "axis": [
      0.0,
      0.0,
      1.0
    ],
    "radius_m": 5e-06,
    "length_m": 5e-05,
    "coordinate_degree": 2
  },
  "target_size_m": 1.5e-06,
  "units": "SI",
  "mesh_coordinate_degree": 2,
  "tetrahedron_count": 6014,
  "geometry_node_count": 10112,
  "boundary_tags": {
    "WALL": 1,
    "OUTLET": 2,
    "INLET": 4
  },
  "cell_tags": {
    "FLUID": 100
  },
  "tag_contract": "synthetic pipe only; NOT Stage 1 vascular tag contract",
  "areas_m2": {
    "WALL": 1.5707891208587596e-09,
    "OUTLET": 7.85385085623678e-11,
    "INLET": 7.853850856236812e-11
  },
  "area_relative_errors": {
    "WALL": 4.587441423356861e-06,
    "OUTLET": 1.665113872151771e-05,
    "INLET": 1.665113871740365e-05
  },
  "volume_m3": 3.92695464215158e-15,
  "volume_relative_error": 9.211846257812388e-06,
  "axial_bounds_m": [
    0.0,
    5e-05
  ],
  "maximum_nodal_radius_m": 5.000000000000001e-06,
  "normal_dot_axis": {
    "INLET": -1.0,
    "OUTLET": 1.0
  },
  "minimum_jacobian_determinant_m3": 8.528761764893563e-19,
  "wall_time_s": 0.9558213980053551,
  "peak_rss_kib": 192476,
  "gmsh_version": "4.15.2",
  "dolfinx_version": "0.11.0",
  "mpi_ranks": 1,
  "threads": 1,
  "gpu_used": false,
  "config_sha256": "b931fb0aac798445811541794b409856377228be8b2cb51621f613077dee0a0a",
  "msh_sha256": "f9f18000eeeb7ca775959dd62738b5764f71c6fcb49aa21a24058534db10d58b",
  "xdmf_sha256": "02d7ee35c622c2f15d19dcd1b544c3a2fc58c7927d4fd63f96dde7f98f96e38c",
  "hdf5_sha256": "895952d4dbd5fb6b43397939763859cf3e5f275215b1f7904665fade4cabd5cc",
  "pde_solved": false
}


