{
  "status": "PASS",
  "proxy": {
    "N_vertex": 43178,
    "N_edge": 224998,
    "N_tetra": 147948,
    "N_P2_scalar_proxy": 268176,
    "N_P2_velocity_proxy": 804528,
    "N_P1_pressure_proxy": 43178
  },
  "quality": {
    "min_sicn": {
      "minimum": 0.06238017030953989,
      "P1": 0.35134323343940277,
      "P5": 0.4856705783671268,
      "median": 0.7218556061894749,
      "P95": 0.9293127193055747,
      "maximum": 0.9995865387339077
    },
    "total_below_0_1": 3,
    "cap_adjacent_below_0_1": 0,
    "low_quality_nearest_boundary_counts": {
      "WALL": 3,
      "OUTLET_03": 0,
      "OUTLET_01": 0,
      "INLET": 0,
      "OUTLET_02": 0
    },
    "metric": "Gmsh minSICN; same API as Stage 1/1.7",
    "location_method": "Nearest exterior triangle center, as in Stage 1.7",
    "nonfinite_quality_count": 0,
    "nonpositive_quality_count": 0
  },
  "validity": {
    "zero_volume": 0,
    "negative_volume": 0,
    "nonfinite_volume": 0
  }
}
