{
  "counts": {
    "P65": {
      "COMPLETED": 5,
      "SUBDIVISION_STOP": 7
    },
    "P9A": {
      "OUTSIDE_OTHER_UNRESOLVED": 2,
      "COMPLETED": 5,
      "SUBDIVISION_STOP": 4,
      "TIME_LIMIT": 1
    }
  },
  "inlet": [
    {
      "particle_id": 3,
      "P65_outcome": "COMPLETED",
      "P9A_outcome": "OUTSIDE_OTHER_UNRESOLVED",
      "first_velocity_divergence_evaluation_time_s": 0.0,
      "first_position_divergence_time_s": 0.00025,
      "first_velocity_difference_m_s": 0.002401932018464879,
      "first_position_difference_m": 1.501210124432653e-07,
      "P65_inward_velocity_m_s": 0.0024019306249407095,
      "P9A_inward_velocity_m_s": -1.3934626563396844e-09,
      "P9A_last_signed_distance_m": 2.133465649615273e-12,
      "P65_first_signed_distance_m": 1.5012314589011026e-07,
      "FEM_inward_velocity_m_s": 0.0024019306250299146,
      "bulk_t_speed": 0.0024019306249630926,
      "linear_shear_speed": 1.1823655546386664e-08,
      "wall_weight": 1.0,
      "nearest_wall_feature": "EDGE",
      "gap_ratio": 0.010290828603179836,
      "distance_to_inlet_plane_m": 2.4818313149125487e-12,
      "wall_triangle_touches_inlet_rim": true,
      "wall_inlet_normal_angle_deg": 90.00010146716482,
      "wall_point_distance_to_inlet_rim_m": 7.794442809552166e-21,
      "target_tangential_speed": 7.109878968983674e-09,
      "tangential_speed": 7.109878969032879e-09,
      "closure_angle_deg": 101.30278023641802,
      "closure_relative_mismatch": 1.0000009648031813,
      "nearest_wall_triangle_id": 35011,
      "wall_target_velocity_xyz": [
        -6.379889586941007e-09,
        -9.728405686077373e-10,
        2.9834491851058937e-09
      ],
      "blended_target_velocity_xyz": [
        -6.379889586941007e-09,
        -9.728405686077373e-10,
        2.9834491851058937e-09
      ],
      "blended_target_inward_m_s": -1.3934635741891713e-09
    },
    {
      "particle_id": 15,
      "P65_outcome": "SUBDIVISION_STOP",
      "P9A_outcome": "OUTSIDE_OTHER_UNRESOLVED",
      "first_velocity_divergence_evaluation_time_s": 0.0,
      "first_position_divergence_time_s": 0.00025,
      "first_velocity_difference_m_s": 0.0024019408805627733,
      "first_position_difference_m": 6.00485220140704e-07,
      "P65_inward_velocity_m_s": 0.002401930625466504,
      "P9A_inward_velocity_m_s": -1.0255027293949933e-08,
      "P9A_last_signed_distance_m": -1.0987876734248838e-11,
      "P65_first_signed_distance_m": 6.004742322467258e-07,
      "FEM_inward_velocity_m_s": 0.0024019306254665037,
      "bulk_t_speed": 0.0024019306253607424,
      "linear_shear_speed": 1.634332599462465e-08,
      "wall_weight": 1.0,
      "nearest_wall_feature": "EDGE",
      "gap_ratio": 0.07793659876544486,
      "distance_to_inlet_plane_m": -8.42411990477289e-12,
      "wall_triangle_touches_inlet_rim": true,
      "wall_inlet_normal_angle_deg": 90.00028303874127,
      "wall_point_distance_to_inlet_rim_m": 3.0049904000028222e-21,
      "target_tangential_speed": 1.4583076982412008e-08,
      "tangential_speed": 1.4583076982157531e-08,
      "closure_angle_deg": 134.68629655635397,
      "closure_relative_mismatch": 1.000004784925171,
      "nearest_wall_triangle_id": 32812,
      "wall_target_velocity_xyz": [
        7.259455626919333e-09,
        1.1142551494574563e-09,
        1.2598606023590534e-08
      ],
      "blended_target_velocity_xyz": [
        7.259455626919333e-09,
        1.1142551494574563e-09,
        1.2598606023590534e-08
      ],
      "blended_target_inward_m_s": -1.0255164821051688e-08
    }
  ],
  "stall": [
    {
      "particle_id": 7,
      "P65_outcome": "SUBDIVISION_STOP",
      "P9A_outcome": "SUBDIVISION_STOP",
      "checkpoint_time_s": 0.0535,
      "P9A_last100": {
        "trials": 100,
        "accepted": 50,
        "rejections": {
          "HANDOFF_ENDPOINT_BELOW_LOWER": 47,
          "HANDOFF_SWEEP_NOT_CERTIFIED": 2,
          "EXCESSIVE_SUBDIVISION_PROGRESS_GUARD_64_STEPS_BELOW_1_PERCENT_NOMINAL_DT": 1
        },
        "triangle_switch_count": 0,
        "maximum_normal_change_deg": 0.005836328988965088,
        "normal_angle_counts_descriptive_only": {
          "10": 0,
          "45": 0,
          "90": 0
        },
        "handoff_active_trials": 44,
        "handoff_activation_deactivation_count": 11,
        "minimum_start_g_nf_m": -1.653435651359639e-17,
        "minimum_rejected_certificate_g_nf_m": -9.262911992912564e-14,
        "condition_min": 408.8055181113383,
        "condition_max": 408.80638415940314,
        "max_depth": 24,
        "accepted_physical_time_s": 1.3637542724265206e-07,
        "nominal_requested_dt_s": 0.0002500000000000002,
        "accepted_time_over_one_nominal_dt": 0.0005455017089706078,
        "min_normal_velocity_before_constraint": -6.768618145673164e-07,
        "max_abs_normal_velocity_after_constraint": 6.768618145673164e-07
      },
      "P9A_all": {
        "trials": 553,
        "accepted": 377,
        "rejections": {
          "HANDOFF_SWEEP_NOT_CERTIFIED": 43,
          "HANDOFF_ENDPOINT_BELOW_LOWER": 132,
          "EXCESSIVE_SUBDIVISION_PROGRESS_GUARD_64_STEPS_BELOW_1_PERCENT_NOMINAL_DT": 1
        },
        "triangle_switch_count": 128,
        "maximum_normal_change_deg": 28.08838714250064,
        "normal_angle_counts_descriptive_only": {
          "10": 41,
          "45": 0,
          "90": 0
        },
        "handoff_active_trials": 114,
        "handoff_activation_deactivation_count": 22,
        "minimum_start_g_nf_m": -1.653435651359639e-17,
        "minimum_rejected_certificate_g_nf_m": -1.60171381270666e-08,
        "condition_min": 1.224803067959679,
        "condition_max": 408.80638415940314,
        "max_depth": 24,
        "accepted_physical_time_s": 0.053529327392578124,
        "nominal_requested_dt_s": 0.0002500000000000002,
        "accepted_time_over_one_nominal_dt": 214.1173095703123,
        "min_normal_velocity_before_constraint": -0.00025226284436471015,
        "max_abs_normal_velocity_after_constraint": 0.0002999440075429756
      },
      "minimum_accepted_g_nf_m": -1.653435651359639e-17,
      "first_rejected_trial_time_s": 0.049,
      "first_depth_ge_7_time_s": 0.05347265625
    },
    {
      "particle_id": 12,
      "P65_outcome": "SUBDIVISION_STOP",
      "P9A_outcome": "SUBDIVISION_STOP",
      "checkpoint_time_s": 0.02625,
      "P9A_last100": {
        "trials": 100,
        "accepted": 50,
        "rejections": {
          "HANDOFF_ENDPOINT_BELOW_LOWER": 49,
          "EXCESSIVE_SUBDIVISION_PROGRESS_GUARD_64_STEPS_BELOW_1_PERCENT_NOMINAL_DT": 1
        },
        "triangle_switch_count": 0,
        "maximum_normal_change_deg": 0.0005497491525583048,
        "normal_angle_counts_descriptive_only": {
          "10": 0,
          "45": 0,
          "90": 0
        },
        "handoff_active_trials": 44,
        "handoff_activation_deactivation_count": 12,
        "minimum_start_g_nf_m": -1.6665434862183994e-17,
        "minimum_rejected_certificate_g_nf_m": -3.8829228937689206e-14,
        "condition_min": 302.6614021814708,
        "condition_max": 302.66140761188797,
        "max_depth": 23,
        "accepted_physical_time_s": 4.5776367182948086e-08,
        "nominal_requested_dt_s": 0.0002500000000000002,
        "accepted_time_over_one_nominal_dt": 0.00018310546873179218,
        "min_normal_velocity_before_constraint": -7.544343695136724e-07,
        "max_abs_normal_velocity_after_constraint": 7.544343695136724e-07
      },
      "P9A_all": {
        "trials": 534,
        "accepted": 315,
        "rejections": {
          "HANDOFF_SWEEP_NOT_CERTIFIED": 67,
          "HANDOFF_ENDPOINT_BELOW_LOWER": 151,
          "EXCESSIVE_SUBDIVISION_PROGRESS_GUARD_64_STEPS_BELOW_1_PERCENT_NOMINAL_DT": 1
        },
        "triangle_switch_count": 139,
        "maximum_normal_change_deg": 21.01136409117244,
        "normal_angle_counts_descriptive_only": {
          "10": 25,
          "45": 0,
          "90": 0
        },
        "handoff_active_trials": 127,
        "handoff_activation_deactivation_count": 30,
        "minimum_start_g_nf_m": -1.9276308042976968e-17,
        "minimum_rejected_certificate_g_nf_m": -2.113166703787153e-08,
        "condition_min": 1.0141593090670753,
        "condition_max": 302.66140761188797,
        "max_depth": 23,
        "accepted_physical_time_s": 0.026433189392089843,
        "nominal_requested_dt_s": 0.0002500000000000002,
        "accepted_time_over_one_nominal_dt": 105.73275756835928,
        "min_normal_velocity_before_constraint": -0.0002725256444932068,
        "max_abs_normal_velocity_after_constraint": 0.0005007675221116261
      },
      "minimum_accepted_g_nf_m": -1.9276308042976968e-17,
      "first_rejected_trial_time_s": 0.02,
      "first_depth_ge_7_time_s": 0.026328125
    },
    {
      "particle_id": 14,
      "P65_outcome": "COMPLETED",
      "P9A_outcome": "SUBDIVISION_STOP",
      "checkpoint_time_s": 0.02125,
      "P9A_last100": {
        "trials": 100,
        "accepted": 50,
        "rejections": {
          "HANDOFF_ENDPOINT_BELOW_LOWER": 49,
          "EXCESSIVE_SUBDIVISION_PROGRESS_GUARD_64_STEPS_BELOW_1_PERCENT_NOMINAL_DT": 1
        },
        "triangle_switch_count": 0,
        "maximum_normal_change_deg": 0.000757555684311634,
        "normal_angle_counts_descriptive_only": {
          "10": 0,
          "45": 0,
          "90": 0
        },
        "handoff_active_trials": 46,
        "handoff_activation_deactivation_count": 9,
        "minimum_start_g_nf_m": -8.506389997756946e-18,
        "minimum_rejected_certificate_g_nf_m": -1.8519299486040258e-13,
        "condition_min": 384.86432968680185,
        "condition_max": 384.8643463529888,
        "max_depth": 25,
        "accepted_physical_time_s": 6.09755516044197e-08,
        "nominal_requested_dt_s": 0.0002500000000000002,
        "accepted_time_over_one_nominal_dt": 0.00024390220641767857,
        "min_normal_velocity_before_constraint": -3.1054264450189444e-06,
        "max_abs_normal_velocity_after_constraint": 3.1052510756620886e-06
      },
      "P9A_all": {
        "trials": 426,
        "accepted": 248,
        "rejections": {
          "HANDOFF_SWEEP_NOT_CERTIFIED": 38,
          "HANDOFF_ENDPOINT_BELOW_LOWER": 139,
          "EXCESSIVE_SUBDIVISION_PROGRESS_GUARD_64_STEPS_BELOW_1_PERCENT_NOMINAL_DT": 1
        },
        "triangle_switch_count": 109,
        "maximum_normal_change_deg": 41.30111315766662,
        "normal_angle_counts_descriptive_only": {
          "10": 34,
          "45": 0,
          "90": 0
        },
        "handoff_active_trials": 116,
        "handoff_activation_deactivation_count": 20,
        "minimum_start_g_nf_m": -8.506389997756946e-18,
        "minimum_rejected_certificate_g_nf_m": -8.860464185926417e-09,
        "condition_min": 1.0120906270113421,
        "condition_max": 384.8643463529888,
        "max_depth": 25,
        "accepted_physical_time_s": 0.021322494506835942,
        "nominal_requested_dt_s": 0.0002500000000000002,
        "accepted_time_over_one_nominal_dt": 85.2899780273437,
        "min_normal_velocity_before_constraint": -0.00044865160657469184,
        "max_abs_normal_velocity_after_constraint": 0.00044865160657469184
      },
      "minimum_accepted_g_nf_m": -8.506389997756946e-18,
      "first_rejected_trial_time_s": 0.01675,
      "first_depth_ge_7_time_s": 0.02125
    },
    {
      "particle_id": 17,
      "P65_outcome": "SUBDIVISION_STOP",
      "P9A_outcome": "SUBDIVISION_STOP",
      "checkpoint_time_s": 0.18125,
      "P9A_last100": {
        "trials": 100,
        "accepted": 52,
        "rejections": {
          "HANDOFF_ENDPOINT_BELOW_LOWER": 47,
          "EXCESSIVE_SUBDIVISION_PROGRESS_GUARD_64_STEPS_BELOW_1_PERCENT_NOMINAL_DT": 1
        },
        "triangle_switch_count": 0,
        "maximum_normal_change_deg": 0.001998040829919003,
        "normal_angle_counts_descriptive_only": {
          "10": 0,
          "45": 0,
          "90": 0
        },
        "handoff_active_trials": 47,
        "handoff_activation_deactivation_count": 9,
        "minimum_start_g_nf_m": -2.007749533196113e-17,
        "minimum_rejected_certificate_g_nf_m": -2.0045166321267605e-13,
        "condition_min": 266.6447089562272,
        "condition_max": 266.6447222045584,
        "max_depth": 25,
        "accepted_physical_time_s": 6.10351562624345e-08,
        "nominal_requested_dt_s": 0.0002500000000000002,
        "accepted_time_over_one_nominal_dt": 0.0002441406250497378,
        "min_normal_velocity_before_constraint": -3.370601358524068e-06,
        "max_abs_normal_velocity_after_constraint": 3.370601358524068e-06
      },
      "P9A_all": {
        "trials": 1066,
        "accepted": 891,
        "rejections": {
          "HANDOFF_SWEEP_NOT_CERTIFIED": 37,
          "HANDOFF_ENDPOINT_BELOW_LOWER": 137,
          "EXCESSIVE_SUBDIVISION_PROGRESS_GUARD_64_STEPS_BELOW_1_PERCENT_NOMINAL_DT": 1
        },
        "triangle_switch_count": 121,
        "maximum_normal_change_deg": 20.009843314732727,
        "normal_angle_counts_descriptive_only": {
          "10": 15,
          "45": 0,
          "90": 0
        },
        "handoff_active_trials": 167,
        "handoff_activation_deactivation_count": 11,
        "minimum_start_g_nf_m": -2.007749533196113e-17,
        "minimum_rejected_certificate_g_nf_m": -3.264798010450179e-08,
        "condition_min": 1.0503099636513489,
        "condition_max": 266.64472220455843,
        "max_depth": 29,
        "accepted_physical_time_s": 0.18126644897460936,
        "nominal_requested_dt_s": 0.0002500000000000002,
        "accepted_time_over_one_nominal_dt": 725.0657958984368,
        "min_normal_velocity_before_constraint": -0.0004984968541223944,
        "max_abs_normal_velocity_after_constraint": 0.0004984968541223944
      },
      "minimum_accepted_g_nf_m": -2.007749533196113e-17,
      "first_rejected_trial_time_s": 0.1765,
      "first_depth_ge_7_time_s": 0.181203125
    }
  ],
  "time_limit": [
    {
      "particle_id": 22,
      "model": "P65",
      "outcome": "SUBDIVISION_STOP",
      "elapsed_time_s": 0.009449680328369143,
      "path_length_m": 2.038784531289698e-05,
      "mean_speed_m_s": 0.00215751693225961,
      "last_10percent_time_mean_speed_m_s": 0.0019429916493921857,
      "minimum_gap_m": 1.999999981303486e-09,
      "maximum_gap_m": 2.833531302308598e-08,
      "handoff_active_time_fraction": 0.015703838482272584,
      "fully_weighted_wall_time_fraction": 1.0,
      "final_speed_m_s": 0.001969275344467673,
      "final_position_m": [
        0.00010402938123647098,
        4.4286422174388516e-05,
        0.00014334237663517395
      ]
    },
    {
      "particle_id": 22,
      "model": "P9A",
      "outcome": "TIME_LIMIT",
      "elapsed_time_s": 1.5,
      "path_length_m": 2.425997548140713e-08,
      "mean_speed_m_s": 1.6173316987604755e-08,
      "last_10percent_time_mean_speed_m_s": 1.751517354537643e-08,
      "minimum_gap_m": 7.881034616332917e-09,
      "maximum_gap_m": 1.0052164416111423e-08,
      "handoff_active_time_fraction": 0.0,
      "fully_weighted_wall_time_fraction": 1.0,
      "final_speed_m_s": 2.0755895238270828e-08,
      "final_position_m": [
        0.00010467836637960058,
        5.777464126070104e-05,
        0.00015857204297946116
      ]
    }
  ],
  "closure_groups": {
    "INLET_ESCAPE": {
      "n": 2,
      "median_speed_ratio": 5.863404472545583e-06,
      "min_speed_ratio": 4.922563301164597e-06,
      "max_speed_ratio": 6.804245643926569e-06,
      "median_mismatch": 1.000002874864176,
      "max_angle_deg": 134.68629655635397
    },
    "COMPLETED": {
      "n": 125,
      "median_speed_ratio": 0.5979420584088159,
      "min_speed_ratio": 2.666620334609647e-06,
      "max_speed_ratio": 1.1624354635987164,
      "median_mismatch": 0.40211299782008614,
      "max_angle_deg": 179.45016480821874
    },
    "SUBDIVISION_STOP": {
      "n": 100,
      "median_speed_ratio": 0.5515525147719185,
      "min_speed_ratio": 2.112698865068395e-06,
      "max_speed_ratio": 0.8738016774134978,
      "median_mismatch": 0.4722484218973493,
      "max_angle_deg": 158.61672723602143
    },
    "TIME_LIMIT": {
      "n": 25,
      "median_speed_ratio": 1.0110501573972466e-05,
      "min_speed_ratio": 1.0006635110598641e-05,
      "max_speed_ratio": 1.2810422784092105e-05,
      "median_mismatch": 1.0000000001466847,
      "max_angle_deg": 90.00055703465328
    }
  },
  "all_original_p9a_bitwise_equal": true
}
