COMMAND ['/usr/bin/python3', '-B', '/home/lzy/projects/hemocell_starter/test_code/step2_vascular_voxelization_smoke/verify_artifacts.py', '/home/lzy/projects/compre_output/step2/20260912_225418']
[0m[31m2026-09-12 23:05:29.411 (   0.146s) [        D5C56080]       vtkXMLParser.cxx:375    ERR| vtkXMLDataParser (0x149e0790): Error parsing XML in stream at line 14, column 0, byte index 796: junk after document element[0m
[0m[31m2026-09-12 23:05:29.411 (   0.146s) [        D5C56080]       vtkXMLReader.cxx:520    ERR| vtkXMLImageDataReader (0x1517f1f0): Error parsing input file.  ReadXMLInformation aborting.[0m
[0m[31m2026-09-12 23:05:29.411 (   0.146s) [        D5C56080]       vtkExecutive.cxx:740    ERR| vtkCompositeDataPipeline (0x147a2b60): Algorithm vtkXMLImageDataReader (0x1517f1f0) returned failure for request: vtkInformation (0x15182370)
  Debug: Off
  Modified Time: 92
  Reference Count: 1
  Registered Events: (none)
  Request: REQUEST_INFORMATION
  ALGORITHM_AFTER_FORWARD: 1
  FORWARD_DIRECTION: 0

[0m
Traceback (most recent call last):
  File "/home/lzy/projects/hemocell_starter/test_code/step2_vascular_voxelization_smoke/verify_artifacts.py", line 115, in <module>
    p=argparse.ArgumentParser();p.add_argument('run',type=Path);a=p.parse_args();verify(a.run,Path(__file__).resolve().parent)
                                                                                 ^^^^^^^^^^^^^^^^^^^^^^^^^^^^^^^^^^^^^^^^^^^^^
  File "/home/lzy/projects/hemocell_starter/test_code/step2_vascular_voxelization_smoke/verify_artifacts.py", line 34, in verify
    arr=vtk_to_numpy(data.GetCellData().GetArray(field)).reshape(shape)
        ^^^^^^^^^^^^^^^^^^^^^^^^^^^^^^^^^^^^^^^^^^^^^^^^
  File "/usr/lib/python3/dist-packages/vtkmodules/util/numpy_support.py", line 215, in vtk_to_numpy
    typ = vtk_array.GetDataType()
          ^^^^^^^^^^^^^^^^^^^^^
AttributeError: 'NoneType' object has no attribute 'GetDataType'
