COMMAND ['/usr/bin/cmake', '--build', '/home/lzy/projects/compre_output/step2/20260912_225418/build', '--parallel', '1']
[ 50%] Building CXX object CMakeFiles/closed_voxelizer.dir/closedVascularVoxelizer.cpp.o
In file included from /home/lzy/projects/hemocell_starter/palabos/src/gridRefinement/octreeGridGenerator.hh:47,
                 from /home/lzy/projects/hemocell_starter/palabos/src/gridRefinement/headers3D.hh:46,
                 from /home/lzy/projects/hemocell_starter/palabos/src/palabos3D.hh:43,
                 from /home/lzy/projects/hemocell_starter/test_code/step2_vascular_voxelization_smoke/closedVascularVoxelizer.cpp:5:
/home/lzy/projects/hemocell_starter/palabos/src/offLattice/triangleSet.hh: In member function ‘bool plb::TriangleSet<T>::isAsciiSTL(FILE*) [with T = double]’:
/home/lzy/projects/hemocell_starter/palabos/src/offLattice/triangleSet.hh:265:16: warning: ignoring return value of ‘size_t fread(void*, size_t, size_t, FILE*)’ declared with attribute ‘warn_unused_result’ [-Wunused-result]
  265 |     (void)fread(buf, sizeof(char), PLB_CBUFSIZ, fp);  // TODO: (void) does not suppress warning. We
      |           ~~~~~^~~~~~~~~~~~~~~~~~~~~~~~~~~~~~~~~~~~
/home/lzy/projects/hemocell_starter/palabos/src/offLattice/triangleSet.hh:288:16: warning: ignoring return value of ‘size_t fread(void*, size_t, size_t, FILE*)’ declared with attribute ‘warn_unused_result’ [-Wunused-result]
  288 |     (void)fread(buf, sizeof(char), PLB_CBUFSIZ, fp);  // TODO: (void) does not suppress warning. We
      |           ~~~~~^~~~~~~~~~~~~~~~~~~~~~~~~~~~~~~~~~~~
/home/lzy/projects/hemocell_starter/palabos/src/offLattice/triangleSet.hh: In member function ‘void plb::TriangleSet<T>::readAsciiSTL(FILE*, plb::TriangleSelector<T>*) [with T = double]’:
/home/lzy/projects/hemocell_starter/palabos/src/offLattice/triangleSet.hh:310:16: warning: ignoring return value of ‘char* fgets(char*, int, FILE*)’ declared with attribute ‘warn_unused_result’ [-Wunused-result]
  310 |     (void)fgets(buf, PLB_CBUFSIZ, fp);  // TODO: (void) does not suppress warning. We should alway
      |           ~~~~~^~~~~~~~~~~~~~~~~~~~~~
/home/lzy/projects/hemocell_starter/palabos/src/offLattice/triangleSet.hh: In member function ‘void plb::TriangleSet<T>::readOFF(std::string, plb::TriangleSelector<T>*) [with T = double]’:
/home/lzy/projects/hemocell_starter/palabos/src/offLattice/triangleSet.hh:504:16: warning: ignoring return value of ‘char* fgets(char*, int, FILE*)’ declared with attribute ‘warn_unused_result’ [-Wunused-result]
  504 |     (void)fgets(buf, PLB_CBUFSIZ, fp);  // TODO: (void) does not suppress warning. We should alway
      |           ~~~~~^~~~~~~~~~~~~~~~~~~~~~
[100%] Linking CXX executable closed_voxelizer
[100%] Built target closed_voxelizer
