COMMAND ['/usr/bin/time', '-v', '/usr/bin/mpirun', '-np', '1', '/home/lzy/projects/compre_output/step2/20260912_225418/build/closed_voxelizer', '/home/lzy/projects/compre_output/step1/20260912_215759/geometry_contract/geometry/cfd_surface_axis_aligned_inlet_m.stl', '1', '494', '/home/lzy/projects/compre_output/step2/20260912_225418']
GEOMETRY_ONLY refDir=1 refDirN=494 dx=1.9989918081065344e-07 margin=1 extraLayer=0 inflate_lu=0.001
CLOSED_VOXELIZATION_COMPLETE shape=493,497,280 fluid=182694 inner_border=68733 FLUID_TIMESTEPS_RUN=0
	Command being timed: "/usr/bin/mpirun -np 1 /home/lzy/projects/compre_output/step2/20260912_225418/build/closed_voxelizer /home/lzy/projects/compre_output/step1/20260912_215759/geometry_contract/geometry/cfd_surface_axis_aligned_inlet_m.stl 1 494 /home/lzy/projects/compre_output/step2/20260912_225418"
	User time (seconds): 46.95
	System time (seconds): 2.28
	Percent of CPU this job got: 98%
	Elapsed (wall clock) time (h:mm:ss or m:ss): 0:49.75
	Average shared text size (kbytes): 0
	Average unshared data size (kbytes): 0
	Average stack size (kbytes): 0
	Average total size (kbytes): 0
	Maximum resident set size (kbytes): 1970328
	Average resident set size (kbytes): 0
	Major (requiring I/O) page faults: 354
	Minor (reclaiming a frame) page faults: 1088103
	Voluntary context switches: 1665
	Involuntary context switches: 131
	Swaps: 0
	File system inputs: 39328
	File system outputs: 269792
	Socket messages sent: 0
	Socket messages received: 0
	Signals delivered: 0
	Page size (bytes): 4096
	Exit status: 0
