Change Dir: '/workspace/hemocell_gpu_poc/20260914_stage4_batch_dispatch/build_gpu/vascular'

Run Build Command(s): /usr/bin/cmake -E env VERBOSE=1 /usr/bin/gmake -f Makefile -j1
/usr/bin/cmake -S/workspace/hemocell_gpu_poc/20260914_stage4_batch_dispatch/source -B/workspace/hemocell_gpu_poc/20260914_stage4_batch_dispatch/build_gpu/vascular --check-build-system CMakeFiles/Makefile.cmake 0
/usr/bin/cmake -E cmake_progress_start /workspace/hemocell_gpu_poc/20260914_stage4_batch_dispatch/build_gpu/vascular/CMakeFiles /workspace/hemocell_gpu_poc/20260914_stage4_batch_dispatch/build_gpu/vascular//CMakeFiles/progress.marks
/usr/bin/gmake  -f CMakeFiles/Makefile2 all
gmake[1]: Entering directory '/workspace/hemocell_gpu_poc/20260914_stage4_batch_dispatch/build_gpu/vascular'
/usr/bin/gmake  -f CMakeFiles/vascularPoC.dir/build.make CMakeFiles/vascularPoC.dir/depend
gmake[2]: Entering directory '/workspace/hemocell_gpu_poc/20260914_stage4_batch_dispatch/build_gpu/vascular'
cd /workspace/hemocell_gpu_poc/20260914_stage4_batch_dispatch/build_gpu/vascular && /usr/bin/cmake -E cmake_depends "Unix Makefiles" /workspace/hemocell_gpu_poc/20260914_stage4_batch_dispatch/source /workspace/hemocell_gpu_poc/20260914_stage4_batch_dispatch/source /workspace/hemocell_gpu_poc/20260914_stage4_batch_dispatch/build_gpu/vascular /workspace/hemocell_gpu_poc/20260914_stage4_batch_dispatch/build_gpu/vascular /workspace/hemocell_gpu_poc/20260914_stage4_batch_dispatch/build_gpu/vascular/CMakeFiles/vascularPoC.dir/DependInfo.cmake "--color="
Dependencies file "CMakeFiles/vascularPoC.dir/vascularPoC.cpp.o.d" is newer than depends file "/workspace/hemocell_gpu_poc/20260914_stage4_batch_dispatch/build_gpu/vascular/CMakeFiles/vascularPoC.dir/compiler_depend.internal".
Consolidate compiler generated dependencies of target vascularPoC
gmake[2]: Leaving directory '/workspace/hemocell_gpu_poc/20260914_stage4_batch_dispatch/build_gpu/vascular'
/usr/bin/gmake  -f CMakeFiles/vascularPoC.dir/build.make CMakeFiles/vascularPoC.dir/build
gmake[2]: Entering directory '/workspace/hemocell_gpu_poc/20260914_stage4_batch_dispatch/build_gpu/vascular'
[ 50%] Building CXX object CMakeFiles/vascularPoC.dir/vascularPoC.cpp.o
/workspace/hemocell_gpu_poc/toolchains/nvhpc/Linux_x86_64/26.5/compilers/bin/nvc++ -DGPU_POC -DOMPI_SKIP_MPICXX -DPLB_MPI_PARALLEL -DPLB_USE_POSIX -DUSE_CUDA_MALLOC -I/workspace/hemocell_gpu_poc/20260914_stage4_batch_dispatch/source/../upstream/palabos/src -I/workspace/hemocell_gpu_poc/20260914_stage4_batch_dispatch/source/../upstream/palabos/externalLibraries -I/workspace/hemocell_gpu_poc/20260914_stage4_batch_dispatch/source/../upstream/palabos/externalLibraries/Eigen3 -isystem /usr/lib/x86_64-linux-gnu/openmpi/include -isystem /usr/lib/x86_64-linux-gnu/openmpi/include/openmpi -isystem /workspace/hemocell_gpu_poc/20260914_stage4_batch_dispatch/nvhpc/tbb/prefix/usr/include -fast -O3 -DNDEBUG -std=gnu++20 -stdpar -Kieee -gpu=cc120,nofma -fopenmp -O3 -MD -MT CMakeFiles/vascularPoC.dir/vascularPoC.cpp.o -MF CMakeFiles/vascularPoC.dir/vascularPoC.cpp.o.d -o CMakeFiles/vascularPoC.dir/vascularPoC.cpp.o -c /workspace/hemocell_gpu_poc/20260914_stage4_batch_dispatch/source/vascularPoC.cpp
"/workspace/hemocell_gpu_poc/20260914_stage4_batch_dispatch/source/vascularPoC.cpp", line 347: warning: reference is to variable "g" (declared at line 311) -- under old for-init scoping rules it would have been variable "g" (declared at line 332) [hidden_by_old_for_init]
                  history<<','<<g.rmin<<','<<g.rmax<<','<<g.umax/std::sqrt(DESCRIPTOR<T>::cs2)<<'\n';history.flush();require(bool(history),"History write failure");}
                                ^

Remark: individual warnings can be suppressed with "--diag_suppress <warning-name>"

"/workspace/hemocell_gpu_poc/20260914_stage4_batch_dispatch/source/vascularPoC.cpp", line 347: warning: reference is to variable "g" (declared at line 311) -- under old for-init scoping rules it would have been variable "g" (declared at line 332) [hidden_by_old_for_init]
                  history<<','<<g.rmin<<','<<g.rmax<<','<<g.umax/std::sqrt(DESCRIPTOR<T>::cs2)<<'\n';history.flush();require(bool(history),"History write failure");}
                                             ^

"/workspace/hemocell_gpu_poc/20260914_stage4_batch_dispatch/source/vascularPoC.cpp", line 347: warning: reference is to variable "g" (declared at line 311) -- under old for-init scoping rules it would have been variable "g" (declared at line 332) [hidden_by_old_for_init]
                  history<<','<<g.rmin<<','<<g.rmax<<','<<g.umax/std::sqrt(DESCRIPTOR<T>::cs2)<<'\n';history.flush();require(bool(history),"History write failure");}
                                                          ^

[100%] Linking CXX executable vascularPoC
/usr/bin/cmake -E cmake_link_script CMakeFiles/vascularPoC.dir/link.txt --verbose=1
/workspace/hemocell_gpu_poc/toolchains/nvhpc/Linux_x86_64/26.5/compilers/bin/nvc++ -fast -O3 -DNDEBUG -stdpar -Kieee -gpu=cc120,nofma -fopenmp CMakeFiles/vascularPoC.dir/vascularPoC.cpp.o -o vascularPoC  -Wl,-rpath,/workspace/hemocell_gpu_poc/20260914_stage4_batch_dispatch/nvhpc/tbb/prefix/usr/lib/x86_64-linux-gnu:/usr/lib/x86_64-linux-gnu/openmpi/lib /workspace/hemocell_gpu_poc/20260914_stage4_batch_dispatch/source/../build_gpu/official/libpalabos.a /workspace/hemocell_gpu_poc/20260914_stage4_batch_dispatch/nvhpc/tbb/prefix/usr/lib/x86_64-linux-gnu/libtbb.so.12.11 /usr/lib/x86_64-linux-gnu/openmpi/lib/libmpi_cxx.so /usr/lib/x86_64-linux-gnu/openmpi/lib/libmpi.so 
gmake[2]: Leaving directory '/workspace/hemocell_gpu_poc/20260914_stage4_batch_dispatch/build_gpu/vascular'
[100%] Built target vascularPoC
gmake[1]: Leaving directory '/workspace/hemocell_gpu_poc/20260914_stage4_batch_dispatch/build_gpu/vascular'
/usr/bin/cmake -E cmake_progress_start /workspace/hemocell_gpu_poc/20260914_stage4_batch_dispatch/build_gpu/vascular/CMakeFiles 0

