(HemoCell) (Config) reading config.xml
 _   _   ____   __  __   _____    ___   ____   __     __ 
( )_( ) ( ___) (  \/  ) (  _  )  / __) ( ___) (  )   (  )
 ) _ (   )__)   )    (   )(_)(  ( (__   )__)   )(__   )(__ 
(_) (_) (____) (_/\/\_) (_____)  \___) (____) (____) (____) 
                         v.2.8

(Hemocell) (HemoCellFields) (Init) particle envelope: 24 [lu]
[localhost:33627] *** Process received signal ***
[localhost:33627] Signal: Segmentation fault (11)
[localhost:33627] Signal code: Address not mapped (1)
[localhost:33627] Failing at address: 0x38
[localhost:33627] [ 0] /lib/x86_64-linux-gnu/libc.so.6(+0x45330)[0x74786de45330]
[localhost:33627] [ 1] /home/lzy/projects/hemocell_starter/build/single_rbc_shear_benchmark/single_rbc_shear_benchmark(+0x188028)[0x5b9992ed2028]
[localhost:33627] [ 2] /home/lzy/projects/hemocell_starter/build/single_rbc_shear_benchmark/single_rbc_shear_benchmark(+0xe847c)[0x5b9992e3247c]
[localhost:33627] [ 3] /home/lzy/projects/hemocell_starter/build/single_rbc_shear_benchmark/single_rbc_shear_benchmark(+0xe856b)[0x5b9992e3256b]
[localhost:33627] [ 4] /home/lzy/projects/hemocell_starter/build/single_rbc_shear_benchmark/single_rbc_shear_benchmark(+0xf7cd3)[0x5b9992e41cd3]
[localhost:33627] [ 5] /home/lzy/projects/hemocell_starter/build/single_rbc_shear_benchmark/single_rbc_shear_benchmark(+0x10d031)[0x5b9992e57031]
[localhost:33627] [ 6] /home/lzy/projects/hemocell_starter/build/single_rbc_shear_benchmark/single_rbc_shear_benchmark(+0x5edba)[0x5b9992da8dba]
[localhost:33627] [ 7] /lib/x86_64-linux-gnu/libc.so.6(+0x2a1ca)[0x74786de2a1ca]
[localhost:33627] [ 8] /lib/x86_64-linux-gnu/libc.so.6(__libc_start_main+0x8b)[0x74786de2a28b]
[localhost:33627] [ 9] /home/lzy/projects/hemocell_starter/build/single_rbc_shear_benchmark/single_rbc_shear_benchmark(+0x628c5)[0x5b9992dac8c5]
[localhost:33627] *** End of error message ***
--------------------------------------------------------------------------
Primary job  terminated normally, but 1 process returned
a non-zero exit code. Per user-direction, the job has been aborted.
--------------------------------------------------------------------------
--------------------------------------------------------------------------
mpirun.openmpi noticed that process rank 0 with PID 0 on node localhost exited on signal 11 (Segmentation fault).
--------------------------------------------------------------------------
