Directory ownership check passed
.d..t...... ./
.d..t...... logs/stage00/
cd+++++++++ logs/stage00/20260917T172550_305325420_remote_fem_environment/
>f+++++++++ logs/stage00/20260917T172550_305325420_remote_fem_environment/metadata.json
>f+++++++++ logs/stage00/20260917T172550_305325420_remote_fem_environment/stderr.log
>f+++++++++ logs/stage00/20260917T172550_305325420_remote_fem_environment/stdout.log
cd+++++++++ logs/stage00/20260917T172559_751103382_input_roundtrip/
>f+++++++++ logs/stage00/20260917T172559_751103382_input_roundtrip/metadata.json
>f+++++++++ logs/stage00/20260917T172559_751103382_input_roundtrip/stderr.log
>f+++++++++ logs/stage00/20260917T172559_751103382_input_roundtrip/stdout.log
cd+++++++++ logs/stage00/20260917T172606_789272141_smoke_matrix/
>f+++++++++ logs/stage00/20260917T172606_789272141_smoke_matrix/metadata.json
>f+++++++++ logs/stage00/20260917T172606_789272141_smoke_matrix/stderr.log
>f+++++++++ logs/stage00/20260917T172606_789272141_smoke_matrix/stdout.log
cd+++++++++ logs/stage00/20260917T172610_143421959_dolfinx_smoke_r1/
>f+++++++++ logs/stage00/20260917T172610_143421959_dolfinx_smoke_r1/metadata.json
>f+++++++++ logs/stage00/20260917T172610_143421959_dolfinx_smoke_r1/stderr.log
>f+++++++++ logs/stage00/20260917T172610_143421959_dolfinx_smoke_r1/stdout.log
cd+++++++++ logs/stage00/20260917T172614_396473984_dolfinx_smoke_r2/
>f+++++++++ logs/stage00/20260917T172614_396473984_dolfinx_smoke_r2/metadata.json
>f+++++++++ logs/stage00/20260917T172614_396473984_dolfinx_smoke_r2/stderr.log
>f+++++++++ logs/stage00/20260917T172614_396473984_dolfinx_smoke_r2/stdout.log
cd+++++++++ logs/stage00/20260917T172618_175933420_dolfinx_smoke_r4/
>f+++++++++ logs/stage00/20260917T172618_175933420_dolfinx_smoke_r4/metadata.json
>f+++++++++ logs/stage00/20260917T172618_175933420_dolfinx_smoke_r4/stderr.log
>f+++++++++ logs/stage00/20260917T172618_175933420_dolfinx_smoke_r4/stdout.log
.d..t...... outputs/stage00/
>f+++++++++ outputs/stage00/roundtrip_result.json
>f+++++++++ outputs/stage00/smoke_matrix.json
>f+++++++++ outputs/stage00/smoke_r1.json
>f+++++++++ outputs/stage00/smoke_r1_launch.json
>f+++++++++ outputs/stage00/smoke_r2.json
>f+++++++++ outputs/stage00/smoke_r2_launch.json
>f+++++++++ outputs/stage00/smoke_r4.json
>f+++++++++ outputs/stage00/smoke_r4_launch.json
cd+++++++++ outputs/stage00/cache/
cd+++++++++ outputs/stage00/cache/fenics/
>f+++++++++ outputs/stage00/cache/fenics/libffcx_forms_3eb235b0df090b15dce159a92d4827dad71bbe55.c
>f+++++++++ outputs/stage00/cache/fenics/libffcx_forms_3eb235b0df090b15dce159a92d4827dad71bbe55.c.cached
>f+++++++++ outputs/stage00/cache/fenics/libffcx_forms_3eb235b0df090b15dce159a92d4827dad71bbe55.cpython-312-x86_64-linux-gnu.so
>f+++++++++ outputs/stage00/cache/fenics/libffcx_forms_3eb235b0df090b15dce159a92d4827dad71bbe55.o
>f+++++++++ outputs/stage00/cache/fenics/libffcx_forms_5143d5505d628eb5ca5ac3edc520b2de28b51186.c
>f+++++++++ outputs/stage00/cache/fenics/libffcx_forms_5143d5505d628eb5ca5ac3edc520b2de28b51186.c.cached
>f+++++++++ outputs/stage00/cache/fenics/libffcx_forms_5143d5505d628eb5ca5ac3edc520b2de28b51186.cpython-312-x86_64-linux-gnu.so
>f+++++++++ outputs/stage00/cache/fenics/libffcx_forms_5143d5505d628eb5ca5ac3edc520b2de28b51186.o
cd+++++++++ outputs/stage00/jit_cache/
>f+++++++++ outputs/stage00/jit_cache/libffcx_forms_0123d55d7bd865b54a91f04907741f8dddf9be56.c
>f+++++++++ outputs/stage00/jit_cache/libffcx_forms_0123d55d7bd865b54a91f04907741f8dddf9be56.c.cached
>f+++++++++ outputs/stage00/jit_cache/libffcx_forms_0123d55d7bd865b54a91f04907741f8dddf9be56.cpython-312-x86_64-linux-gnu.so
>f+++++++++ outputs/stage00/jit_cache/libffcx_forms_0123d55d7bd865b54a91f04907741f8dddf9be56.o
>f+++++++++ outputs/stage00/jit_cache/libffcx_forms_4e899966005f7276ef05f56b0eb7a0d7fc998340.c
>f+++++++++ outputs/stage00/jit_cache/libffcx_forms_4e899966005f7276ef05f56b0eb7a0d7fc998340.c.cached
>f+++++++++ outputs/stage00/jit_cache/libffcx_forms_4e899966005f7276ef05f56b0eb7a0d7fc998340.cpython-312-x86_64-linux-gnu.so
>f+++++++++ outputs/stage00/jit_cache/libffcx_forms_4e899966005f7276ef05f56b0eb7a0d7fc998340.o
cd+++++++++ reports/
cd+++++++++ reports/stage00/
>f+++++++++ reports/stage00/remote_fem_environment.json
>f+++++++++ reports/stage00/remote_fem_environment.txt
