(HemoCell) (Config) reading config.xml
 _   _   ____   __  __   _____    ___   ____   __     __ 
( )_( ) ( ___) (  \/  ) (  _  )  / __) ( ___) (  )   (  )
 ) _ (   )__)   )    (   )(_)(  ( (__   )__)   )(__   )(__ 
(_) (_) (____) (_/\/\_) (_____)  \___) (____) (____) (____) 
                         v.2.8

(Hemocell) (HemoCellFields) (Init) particle envelope: 24 [lu]
Cellfield  (+ material model) of RBC
  Volume :90 µm³ VolumeFraction of lsp per fluid node: 1.1215 %
  Nvertex: 642
(Cell-mechanics model) High Order model parameters for RBC cellfield
	 k_link:   0.0137174
	 k_area:   0.00685871
	 k_bend: : 0.0109739
	 k_volume: 0.000274348
	 eta_m:    0
	 mean_edge:1.00019
	 N faces:  1280
(HemoCell) (Timescale Seperation) Setting seperation of RBC to 1 timesteps
(HemoCell) (Timescale separation) Setting update separation of all particles to 1 timesteps
(HemoCell) (CellField) Loading particle positions 
(readPositionsBloodCells) Reading particle positions...
(readPositionsBloodCells) Particle count in file (RBC): 1.
(HemoCell) (SanityCheck) Performing Sanity check on simulation parameters and setup
(HemoCell) (SanityCheck) WARNING: Envelope width is very small: 24 (1.2e-05µm) Instead of 25!
(HemoCell) WARNING: Force limit active at 50 pN. Results can be inaccurate due to force capping.
Size of the multi-block:     48-by-48-by-49
Number of atomic-blocks:     2
Smallest atomic-block:       48-by-48-by-24
Largest atomic-block:        48-by-48-by-25
Number of allocated cells:   0.112896 million
Fraction of allocated domain: 100 percent
(SanityCheck) one of the dimensions of the largest atomic block is more than 25.
  This can be inefficient. The best performance is below 26x26x26 blocks.
  It is recommended to adjust the number of processors or the sparseBlockStructure accordingly.
