Stats at timestep 1 (simulation time 0.000500):
	One timestep takes 242.81 ms	Number of particles (total, min/proc, max/proc): 110592,  110592,  110592
	Average momentum: [-1.208255e-03 1.388625e-04 -7.050520e-04]
	Max velocity magnitude: 5.064888
	Temperature: 1.0024

Stats at timestep 1 (simulation time 0.000500):
	One timestep takes 242.81 ms	Number of particles (total, min/proc, max/proc): 109950,  109950,  109950
	Average momentum: [-1.292612e-03 1.118417e-04 -5.914572e-04]
	Max velocity magnitude: 5.064888
	Temperature: 1.0022

Stats at timestep 1 (simulation time 0.000500):
	One timestep takes 242.81 ms	Number of particles (total, min/proc, max/proc): 642,  642,  642
	Average momentum: [1.323895e-02 4.766504e-03 -2.015949e-02]
	Max velocity magnitude: 4.047058
	Temperature: 1.0305

Stats at timestep 1 (simulation time 0.000500):
	One timestep takes 242.87 ms	Number of particles (total, min/proc, max/proc): 642,  642,  642
	Average momentum: [-5.866599e-04 1.143177e-02 1.171464e-02]
	Max velocity magnitude: 0.654334
	Temperature: 0.0291

Stats at timestep 1001 (simulation time 0.500500):
	One timestep takes 0.75 ms	Number of particles (total, min/proc, max/proc): 110592,  110592,  110592
	Average momentum: [-1.376203e-03 -9.019656e-04 -3.615859e-03]
	Max velocity magnitude: 6.169138
	Temperature: 1.0359

Stats at timestep 1001 (simulation time 0.500500):
	One timestep takes 0.75 ms	Number of particles (total, min/proc, max/proc): 109950,  109950,  109950
	Average momentum: [-1.837583e-03 -1.169989e-03 -3.822636e-03]
	Max velocity magnitude: 5.725307
	Temperature: 1.0357

Stats at timestep 1001 (simulation time 0.500500):
	One timestep takes 0.75 ms	Number of particles (total, min/proc, max/proc): 642,  642,  642
	Average momentum: [7.764054e-02 4.500022e-02 3.179713e-02]
	Max velocity magnitude: 6.169138
	Temperature: 1.0735

Stats at timestep 1001 (simulation time 0.500500):
	One timestep takes 0.75 ms	Number of particles (total, min/proc, max/proc): 642,  642,  642
	Average momentum: [-5.010169e-02 -1.334259e-02 -1.863008e-02]
	Max velocity magnitude: 4.025142
	Temperature: 1.0143

Stats at timestep 2001 (simulation time 1.000500):
	One timestep takes 0.75 ms	Number of particles (total, min/proc, max/proc): 110592,  110592,  110592
	Average momentum: [-8.734127e-04 -1.570509e-03 -3.019133e-03]
	Max velocity magnitude: 5.120225
	Temperature: 0.9617

Stats at timestep 2001 (simulation time 1.000500):
	One timestep takes 0.75 ms	Number of particles (total, min/proc, max/proc): 109950,  109950,  109950
	Average momentum: [-9.325784e-04 -1.587548e-03 -2.533500e-03]
	Max velocity magnitude: 5.120225
	Temperature: 0.9614

Stats at timestep 2001 (simulation time 1.000500):
	One timestep takes 0.75 ms	Number of particles (total, min/proc, max/proc): 642,  642,  642
	Average momentum: [9.259412e-03 1.347518e-03 -8.618943e-02]
	Max velocity magnitude: 3.726476
	Temperature: 1.0187

Stats at timestep 2001 (simulation time 1.000500):
	One timestep takes 0.75 ms	Number of particles (total, min/proc, max/proc): 642,  642,  642
	Average momentum: [4.009847e-02 3.941117e-02 -3.120660e-02]
	Max velocity magnitude: 4.687585
	Temperature: 1.0609

Stats at timestep 3001 (simulation time 1.500500):
	One timestep takes 0.76 ms	Number of particles (total, min/proc, max/proc): 110592,  110592,  110592
	Average momentum: [-8.407436e-04 -2.808729e-04 -3.932665e-03]
	Max velocity magnitude: 5.157712
	Temperature: 1.0015

Stats at timestep 3001 (simulation time 1.500500):
	One timestep takes 0.76 ms	Number of particles (total, min/proc, max/proc): 109950,  109950,  109950
	Average momentum: [-6.406774e-04 -1.353177e-04 -3.934904e-03]
	Max velocity magnitude: 5.157712
	Temperature: 1.0012

Stats at timestep 3001 (simulation time 1.500500):
	One timestep takes 0.76 ms	Number of particles (total, min/proc, max/proc): 642,  642,  642
	Average momentum: [-3.510442e-02 -2.520891e-02 -3.549123e-03]
	Max velocity magnitude: 4.635532
	Temperature: 1.0492

Stats at timestep 3001 (simulation time 1.500500):
	One timestep takes 0.76 ms	Number of particles (total, min/proc, max/proc): 642,  642,  642
	Average momentum: [7.884356e-03 -4.575905e-04 6.963724e-03]
	Max velocity magnitude: 4.199922
	Temperature: 1.0444

Stats at timestep 4001 (simulation time 2.000500):
	One timestep takes 0.76 ms	Number of particles (total, min/proc, max/proc): 110592,  110592,  110592
	Average momentum: [5.833946e-04 1.391949e-04 -2.008800e-03]
	Max velocity magnitude: 6.064286
	Temperature: 1.0157

Stats at timestep 4001 (simulation time 2.000500):
	One timestep takes 0.76 ms	Number of particles (total, min/proc, max/proc): 109950,  109950,  109950
	Average momentum: [2.933131e-04 -7.199115e-06 -1.699313e-03]
	Max velocity magnitude: 5.738469
	Temperature: 1.0156

Stats at timestep 4001 (simulation time 2.000500):
	One timestep takes 0.76 ms	Number of particles (total, min/proc, max/proc): 642,  642,  642
	Average momentum: [5.026323e-02 2.521088e-02 -5.501208e-02]
	Max velocity magnitude: 6.064286
	Temperature: 1.0294

Stats at timestep 4001 (simulation time 2.000500):
	One timestep takes 0.76 ms	Number of particles (total, min/proc, max/proc): 642,  642,  642
	Average momentum: [-1.119008e-01 -4.062622e-02 3.724018e-02]
	Max velocity magnitude: 4.045801
	Temperature: 1.0779

Stats at timestep 5001 (simulation time 2.500500):
	One timestep takes 0.76 ms	Number of particles (total, min/proc, max/proc): 110592,  110592,  110592
	Average momentum: [-9.059936e-04 7.285821e-04 -2.184337e-03]
	Max velocity magnitude: 5.516408
	Temperature: 1.0478

Stats at timestep 5001 (simulation time 2.500500):
	One timestep takes 0.76 ms	Number of particles (total, min/proc, max/proc): 109950,  109950,  109950
	Average momentum: [-5.039653e-04 4.391620e-04 -2.129477e-03]
	Max velocity magnitude: 5.516408
	Temperature: 1.0476

Stats at timestep 5001 (simulation time 2.500500):
	One timestep takes 0.76 ms	Number of particles (total, min/proc, max/proc): 642,  642,  642
	Average momentum: [-6.975802e-02 5.029516e-02 -1.157988e-02]
	Max velocity magnitude: 4.852381
	Temperature: 1.0811

Stats at timestep 5001 (simulation time 2.500500):
	One timestep takes 0.76 ms	Number of particles (total, min/proc, max/proc): 642,  642,  642
	Average momentum: [7.679263e-02 2.851276e-03 1.029676e-02]
	Max velocity magnitude: 3.846646
	Temperature: 1.0790

Stats at timestep 6001 (simulation time 3.000500):
	One timestep takes 0.76 ms	Number of particles (total, min/proc, max/proc): 110592,  110592,  110592
	Average momentum: [-1.006841e-03 -1.076240e-03 -1.116603e-03]
	Max velocity magnitude: 4.924248
	Temperature: 1.0518

Stats at timestep 6001 (simulation time 3.000500):
	One timestep takes 0.76 ms	Number of particles (total, min/proc, max/proc): 109950,  109950,  109950
	Average momentum: [-8.374113e-04 -1.312109e-03 -1.141046e-03]
	Max velocity magnitude: 4.924248
	Temperature: 1.0521

Stats at timestep 6001 (simulation time 3.000500):
	One timestep takes 0.76 ms	Number of particles (total, min/proc, max/proc): 642,  642,  642
	Average momentum: [-3.002357e-02 3.931915e-02 3.069489e-03]
	Max velocity magnitude: 3.823683
	Temperature: 0.9995

Stats at timestep 6001 (simulation time 3.000500):
	One timestep takes 0.76 ms	Number of particles (total, min/proc, max/proc): 642,  642,  642
	Average momentum: [5.127516e-02 3.947162e-03 -9.443122e-02]
	Max velocity magnitude: 4.107120
	Temperature: 1.0571

Stats at timestep 7001 (simulation time 3.500500):
	One timestep takes 0.76 ms	Number of particles (total, min/proc, max/proc): 110592,  110592,  110592
	Average momentum: [1.044874e-03 6.416515e-05 -8.703138e-04]
	Max velocity magnitude: 5.686415
	Temperature: 0.9851

Stats at timestep 7001 (simulation time 3.500500):
	One timestep takes 0.76 ms	Number of particles (total, min/proc, max/proc): 109950,  109950,  109950
	Average momentum: [1.044638e-03 4.477450e-04 -9.198506e-04]
	Max velocity magnitude: 5.686415
	Temperature: 0.9848

Stats at timestep 7001 (simulation time 3.500500):
	One timestep takes 0.76 ms	Number of particles (total, min/proc, max/proc): 642,  642,  642
	Average momentum: [1.085352e-03 -6.562837e-02 7.613448e-03]
	Max velocity magnitude: 4.084874
	Temperature: 1.0319

Stats at timestep 7001 (simulation time 3.500500):
	One timestep takes 0.76 ms	Number of particles (total, min/proc, max/proc): 642,  642,  642
	Average momentum: [-6.000502e-02 4.138227e-02 -3.595470e-02]
	Max velocity magnitude: 4.472234
	Temperature: 1.0128

Stats at timestep 8001 (simulation time 4.000500):
	One timestep takes 0.76 ms	Number of particles (total, min/proc, max/proc): 110592,  110592,  110592
	Average momentum: [1.526641e-03 -4.593502e-04 1.795887e-03]
	Max velocity magnitude: 5.371713
	Temperature: 1.0216

Stats at timestep 8001 (simulation time 4.000500):
	One timestep takes 0.76 ms	Number of particles (total, min/proc, max/proc): 109950,  109950,  109950
	Average momentum: [1.819279e-03 -5.692540e-04 1.441193e-03]
	Max velocity magnitude: 5.371713
	Temperature: 1.0216

Stats at timestep 8001 (simulation time 4.000500):
	One timestep takes 0.76 ms	Number of particles (total, min/proc, max/proc): 642,  642,  642
	Average momentum: [-4.859095e-02 1.836295e-02 6.254130e-02]
	Max velocity magnitude: 3.671671
	Temperature: 1.0157

Stats at timestep 8001 (simulation time 4.000500):
	One timestep takes 0.76 ms	Number of particles (total, min/proc, max/proc): 642,  642,  642
	Average momentum: [-6.016199e-04 2.958957e-02 1.834088e-02]
	Max velocity magnitude: 5.162691
	Temperature: 1.0365

Stats at timestep 9001 (simulation time 4.500500):
	One timestep takes 0.76 ms	Number of particles (total, min/proc, max/proc): 110592,  110592,  110592
	Average momentum: [1.598640e-03 -2.487299e-04 3.179944e-03]
	Max velocity magnitude: 4.959316
	Temperature: 1.0118

Stats at timestep 9001 (simulation time 4.500500):
	One timestep takes 0.76 ms	Number of particles (total, min/proc, max/proc): 109950,  109950,  109950
	Average momentum: [1.249608e-03 -4.973172e-04 3.061948e-03]
	Max velocity magnitude: 4.959316
	Temperature: 1.0115

Stats at timestep 9001 (simulation time 4.500500):
	One timestep takes 0.76 ms	Number of particles (total, min/proc, max/proc): 642,  642,  642
	Average momentum: [6.137452e-02 4.232476e-02 2.338804e-02]
	Max velocity magnitude: 4.376167
	Temperature: 1.0552

Stats at timestep 9001 (simulation time 4.500500):
	One timestep takes 0.76 ms	Number of particles (total, min/proc, max/proc): 642,  642,  642
	Average momentum: [-4.339574e-02 4.683039e-02 -8.874281e-02]
	Max velocity magnitude: 5.669109
	Temperature: 1.0857

Stats at timestep 10001 (simulation time 5.000500):
	One timestep takes 0.76 ms	Number of particles (total, min/proc, max/proc): 110592,  110592,  110592
	Average momentum: [8.551622e-04 -2.734159e-04 2.713511e-03]
	Max velocity magnitude: 5.150085
	Temperature: 0.9834

Stats at timestep 10001 (simulation time 5.000500):
	One timestep takes 0.76 ms	Number of particles (total, min/proc, max/proc): 109950,  109950,  109950
	Average momentum: [4.922116e-04 -5.180800e-04 2.890366e-03]
	Max velocity magnitude: 5.150085
	Temperature: 0.9829

Stats at timestep 10001 (simulation time 5.000500):
	One timestep takes 0.76 ms	Number of particles (total, min/proc, max/proc): 642,  642,  642
	Average momentum: [6.301471e-02 4.162818e-02 -2.757507e-02]
	Max velocity magnitude: 4.585189
	Temperature: 1.0745

Stats at timestep 10001 (simulation time 5.000500):
	One timestep takes 0.76 ms	Number of particles (total, min/proc, max/proc): 642,  642,  642
	Average momentum: [-5.172230e-03 -1.511245e-02 7.812288e-04]
	Max velocity magnitude: 3.979719
	Temperature: 1.0274

Stats at timestep 11001 (simulation time 5.500500):
	One timestep takes 0.76 ms	Number of particles (total, min/proc, max/proc): 110592,  110592,  110592
	Average momentum: [1.035461e-03 -6.139801e-04 9.729127e-04]
	Max velocity magnitude: 5.248531
	Temperature: 1.0349

Stats at timestep 11001 (simulation time 5.500500):
	One timestep takes 0.76 ms	Number of particles (total, min/proc, max/proc): 109950,  109950,  109950
	Average momentum: [8.993003e-04 -6.990949e-04 5.427483e-04]
	Max velocity magnitude: 5.248531
	Temperature: 1.0350

Stats at timestep 11001 (simulation time 5.500500):
	One timestep takes 0.76 ms	Number of particles (total, min/proc, max/proc): 642,  642,  642
	Average momentum: [2.435459e-02 1.396292e-02 7.464358e-02]
	Max velocity magnitude: 4.081182
	Temperature: 1.0161

Stats at timestep 11001 (simulation time 5.500500):
	One timestep takes 0.76 ms	Number of particles (total, min/proc, max/proc): 642,  642,  642
	Average momentum: [9.965061e-04 -1.852909e-02 -3.294312e-02]
	Max velocity magnitude: 3.988626
	Temperature: 1.0594

Stats at timestep 12001 (simulation time 6.000500):
	One timestep takes 0.76 ms	Number of particles (total, min/proc, max/proc): 110592,  110592,  110592
	Average momentum: [-1.034029e-03 -2.533456e-03 -3.504935e-04]
	Max velocity magnitude: 5.158886
	Temperature: 0.9988

Stats at timestep 12001 (simulation time 6.000500):
	One timestep takes 0.76 ms	Number of particles (total, min/proc, max/proc): 109950,  109950,  109950
	Average momentum: [-1.068098e-03 -2.687508e-03 -2.938454e-04]
	Max velocity magnitude: 5.158886
	Temperature: 0.9982

Stats at timestep 12001 (simulation time 6.000500):
	One timestep takes 0.76 ms	Number of particles (total, min/proc, max/proc): 642,  642,  642
	Average momentum: [4.800680e-03 2.384978e-02 -1.005215e-02]
	Max velocity magnitude: 4.973189
	Temperature: 1.0978

Stats at timestep 12001 (simulation time 6.000500):
	One timestep takes 0.76 ms	Number of particles (total, min/proc, max/proc): 642,  642,  642
	Average momentum: [-1.875798e-02 -3.308496e-02 -2.142186e-02]
	Max velocity magnitude: 4.155596
	Temperature: 1.0146

Stats at timestep 13001 (simulation time 6.500500):
	One timestep takes 0.76 ms	Number of particles (total, min/proc, max/proc): 110592,  110592,  110592
	Average momentum: [2.398871e-04 -2.596648e-03 2.199761e-03]
	Max velocity magnitude: 6.187374
	Temperature: 1.0208

Stats at timestep 13001 (simulation time 6.500500):
	One timestep takes 0.76 ms	Number of particles (total, min/proc, max/proc): 109950,  109950,  109950
	Average momentum: [4.321568e-04 -2.688341e-03 2.174277e-03]
	Max velocity magnitude: 6.187374
	Temperature: 1.0206

Stats at timestep 13001 (simulation time 6.500500):
	One timestep takes 0.76 ms	Number of particles (total, min/proc, max/proc): 642,  642,  642
	Average momentum: [-3.268855e-02 1.310693e-02 6.564235e-03]
	Max velocity magnitude: 4.345088
	Temperature: 1.0572

Stats at timestep 13001 (simulation time 6.500500):
	One timestep takes 0.76 ms	Number of particles (total, min/proc, max/proc): 642,  642,  642
	Average momentum: [3.532306e-02 2.678527e-02 2.617680e-02]
	Max velocity magnitude: 5.218934
	Temperature: 1.0895

Stats at timestep 14001 (simulation time 7.000500):
	One timestep takes 0.76 ms	Number of particles (total, min/proc, max/proc): 110592,  110592,  110592
	Average momentum: [1.400769e-03 -1.450500e-04 3.543450e-03]
	Max velocity magnitude: 5.279177
	Temperature: 0.9888

Stats at timestep 14001 (simulation time 7.000500):
	One timestep takes 0.76 ms	Number of particles (total, min/proc, max/proc): 109950,  109950,  109950
	Average momentum: [1.945734e-03 -3.228953e-04 3.577828e-03]
	Max velocity magnitude: 5.279177
	Temperature: 0.9884

Stats at timestep 14001 (simulation time 7.000500):
	One timestep takes 0.76 ms	Number of particles (total, min/proc, max/proc): 642,  642,  642
	Average momentum: [-9.193079e-02 3.031303e-02 -2.344178e-03]
	Max velocity magnitude: 3.966009
	Temperature: 1.0516

Stats at timestep 14001 (simulation time 7.000500):
	One timestep takes 0.76 ms	Number of particles (total, min/proc, max/proc): 642,  642,  642
	Average momentum: [2.077634e-02 1.564951e-02 5.417253e-04]
	Max velocity magnitude: 4.525460
	Temperature: 0.9745

Stats at timestep 15001 (simulation time 7.500500):
	One timestep takes 0.76 ms	Number of particles (total, min/proc, max/proc): 110592,  110592,  110592
	Average momentum: [3.657544e-03 -1.204792e-03 3.743589e-03]
	Max velocity magnitude: 5.466642
	Temperature: 0.9778

Stats at timestep 15001 (simulation time 7.500500):
	One timestep takes 0.76 ms	Number of particles (total, min/proc, max/proc): 109950,  109950,  109950
	Average momentum: [3.536675e-03 -1.210734e-03 3.713421e-03]
	Max velocity magnitude: 5.466642
	Temperature: 0.9777

Stats at timestep 15001 (simulation time 7.500500):
	One timestep takes 0.76 ms	Number of particles (total, min/proc, max/proc): 642,  642,  642
	Average momentum: [2.435785e-02 -1.870334e-04 8.910219e-03]
	Max velocity magnitude: 4.281914
	Temperature: 1.0024

Stats at timestep 15001 (simulation time 7.500500):
	One timestep takes 0.76 ms	Number of particles (total, min/proc, max/proc): 642,  642,  642
	Average momentum: [-1.598412e-02 -5.569720e-03 -2.738111e-02]
	Max velocity magnitude: 4.033562
	Temperature: 1.0844

Stats at timestep 16001 (simulation time 8.000500):
	One timestep takes 0.76 ms	Number of particles (total, min/proc, max/proc): 110592,  110592,  110592
	Average momentum: [2.674905e-03 -5.495231e-04 6.949464e-03]
	Max velocity magnitude: 5.422114
	Temperature: 1.0016

Stats at timestep 16001 (simulation time 8.000500):
	One timestep takes 0.76 ms	Number of particles (total, min/proc, max/proc): 109950,  109950,  109950
	Average momentum: [3.009980e-03 -7.633504e-04 7.345130e-03]
	Max velocity magnitude: 5.422114
	Temperature: 1.0014

Stats at timestep 16001 (simulation time 8.000500):
	One timestep takes 0.76 ms	Number of particles (total, min/proc, max/proc): 642,  642,  642
	Average momentum: [-5.471056e-02 3.607089e-02 -6.081298e-02]
	Max velocity magnitude: 3.723137
	Temperature: 1.0323

Stats at timestep 16001 (simulation time 8.000500):
	One timestep takes 0.76 ms	Number of particles (total, min/proc, max/proc): 642,  642,  642
	Average momentum: [6.770948e-02 3.930506e-02 -1.366781e-02]
	Max velocity magnitude: 4.281734
	Temperature: 1.0394

Stats at timestep 17001 (simulation time 8.500500):
	One timestep takes 0.76 ms	Number of particles (total, min/proc, max/proc): 110592,  110592,  110592
	Average momentum: [2.166714e-03 -1.976287e-03 3.594558e-03]
	Max velocity magnitude: 4.986722
	Temperature: 1.0108

Stats at timestep 17001 (simulation time 8.500500):
	One timestep takes 0.76 ms	Number of particles (total, min/proc, max/proc): 109950,  109950,  109950
	Average momentum: [2.305315e-03 -2.228015e-03 3.848687e-03]
	Max velocity magnitude: 4.986722
	Temperature: 1.0109

Stats at timestep 17001 (simulation time 8.500500):
	One timestep takes 0.76 ms	Number of particles (total, min/proc, max/proc): 642,  642,  642
	Average momentum: [-2.157029e-02 4.113513e-02 -3.992811e-02]
	Max velocity magnitude: 3.691881
	Temperature: 0.9822

Stats at timestep 17001 (simulation time 8.500500):
	One timestep takes 0.76 ms	Number of particles (total, min/proc, max/proc): 642,  642,  642
	Average momentum: [2.427310e-02 8.071447e-02 1.806840e-02]
	Max velocity magnitude: 4.719071
	Temperature: 1.0432

Stats at timestep 18001 (simulation time 9.000500):
	One timestep takes 0.76 ms	Number of particles (total, min/proc, max/proc): 110592,  110592,  110592
	Average momentum: [2.707205e-03 3.173570e-04 1.714901e-03]
	Max velocity magnitude: 4.889510
	Temperature: 1.0282

Stats at timestep 18001 (simulation time 9.000500):
	One timestep takes 0.76 ms	Number of particles (total, min/proc, max/proc): 109950,  109950,  109950
	Average momentum: [2.504390e-03 2.270708e-04 1.695243e-03]
	Max velocity magnitude: 4.889510
	Temperature: 1.0280

Stats at timestep 18001 (simulation time 9.000500):
	One timestep takes 0.76 ms	Number of particles (total, min/proc, max/proc): 642,  642,  642
	Average momentum: [3.744175e-02 1.577992e-02 5.081529e-03]
	Max velocity magnitude: 3.921642
	Temperature: 1.0701

Stats at timestep 18001 (simulation time 9.000500):
	One timestep takes 0.76 ms	Number of particles (total, min/proc, max/proc): 642,  642,  642
	Average momentum: [2.548916e-02 -6.400033e-02 -1.694964e-02]
	Max velocity magnitude: 3.803539
	Temperature: 1.0076

Stats at timestep 19001 (simulation time 9.500500):
	One timestep takes 0.76 ms	Number of particles (total, min/proc, max/proc): 110592,  110592,  110592
	Average momentum: [4.092031e-03 -7.319049e-04 -3.461139e-03]
	Max velocity magnitude: 6.178772
	Temperature: 0.9673

Stats at timestep 19001 (simulation time 9.500500):
	One timestep takes 0.76 ms	Number of particles (total, min/proc, max/proc): 109950,  109950,  109950
	Average momentum: [4.142728e-03 -7.246203e-04 -3.412126e-03]
	Max velocity magnitude: 5.669503
	Temperature: 0.9669

Stats at timestep 19001 (simulation time 9.500500):
	One timestep takes 0.76 ms	Number of particles (total, min/proc, max/proc): 642,  642,  642
	Average momentum: [-4.590547e-03 -1.979476e-03 -1.185510e-02]
	Max velocity magnitude: 6.178772
	Temperature: 1.0238

Stats at timestep 19001 (simulation time 9.500500):
	One timestep takes 0.76 ms	Number of particles (total, min/proc, max/proc): 642,  642,  642
	Average momentum: [-4.464663e-02 2.193941e-02 4.268380e-02]
	Max velocity magnitude: 4.716958
	Temperature: 1.0151

Stats at timestep 20001 (simulation time 10.000500):
	One timestep takes 0.76 ms	Number of particles (total, min/proc, max/proc): 110592,  110592,  110592
	Average momentum: [2.182545e-03 -1.219478e-04 -2.953084e-03]
	Max velocity magnitude: 5.356588
	Temperature: 0.9779

Stats at timestep 20001 (simulation time 10.000500):
	One timestep takes 0.76 ms	Number of particles (total, min/proc, max/proc): 109950,  109950,  109950
	Average momentum: [2.605757e-03 -8.178417e-05 -2.835849e-03]
	Max velocity magnitude: 5.356588
	Temperature: 0.9779

Stats at timestep 20001 (simulation time 10.000500):
	One timestep takes 0.76 ms	Number of particles (total, min/proc, max/proc): 642,  642,  642
	Average momentum: [-7.029751e-02 -7.000437e-03 -2.303088e-02]
	Max velocity magnitude: 4.281095
	Temperature: 0.9773

Stats at timestep 20001 (simulation time 10.000500):
	One timestep takes 0.76 ms	Number of particles (total, min/proc, max/proc): 642,  642,  642
	Average momentum: [-1.472784e-02 9.785662e-02 -1.193554e-02]
	Max velocity magnitude: 4.521040
	Temperature: 1.0007

Stats at timestep 21001 (simulation time 10.500500):
	One timestep takes 0.76 ms	Number of particles (total, min/proc, max/proc): 110592,  110592,  110592
	Average momentum: [2.127975e-03 9.339962e-04 -4.193380e-03]
	Max velocity magnitude: 4.880374
	Temperature: 0.9948

Stats at timestep 21001 (simulation time 10.500500):
	One timestep takes 0.76 ms	Number of particles (total, min/proc, max/proc): 109950,  109950,  109950
	Average momentum: [2.146611e-03 7.968827e-04 -4.161982e-03]
	Max velocity magnitude: 4.880374
	Temperature: 0.9946

Stats at timestep 21001 (simulation time 10.500500):
	One timestep takes 0.76 ms	Number of particles (total, min/proc, max/proc): 642,  642,  642
	Average momentum: [-1.063772e-03 2.441629e-02 -9.570688e-03]
	Max velocity magnitude: 4.386718
	Temperature: 1.0220

Stats at timestep 21001 (simulation time 10.500500):
	One timestep takes 0.76 ms	Number of particles (total, min/proc, max/proc): 642,  642,  642
	Average momentum: [-3.345196e-02 1.057041e-01 6.377101e-02]
	Max velocity magnitude: 6.033452
	Temperature: 1.1010

Stats at timestep 22001 (simulation time 11.000501):
	One timestep takes 0.76 ms	Number of particles (total, min/proc, max/proc): 110592,  110592,  110592
	Average momentum: [2.515167e-03 1.864203e-03 -3.552809e-03]
	Max velocity magnitude: 5.625935
	Temperature: 1.0183

Stats at timestep 22001 (simulation time 11.000501):
	One timestep takes 0.76 ms	Number of particles (total, min/proc, max/proc): 109950,  109950,  109950
	Average momentum: [2.331064e-03 1.770592e-03 -3.841787e-03]
	Max velocity magnitude: 5.625935
	Temperature: 1.0182

Stats at timestep 22001 (simulation time 11.000501):
	One timestep takes 0.76 ms	Number of particles (total, min/proc, max/proc): 642,  642,  642
	Average momentum: [3.404502e-02 1.789607e-02 4.593800e-02]
	Max velocity magnitude: 4.147648
	Temperature: 1.0450

Stats at timestep 22001 (simulation time 11.000501):
	One timestep takes 0.76 ms	Number of particles (total, min/proc, max/proc): 642,  642,  642
	Average momentum: [-4.678650e-02 5.230721e-02 -8.012990e-02]
	Max velocity magnitude: 4.097362
	Temperature: 1.0529

Stats at timestep 23001 (simulation time 11.500501):
	One timestep takes 0.76 ms	Number of particles (total, min/proc, max/proc): 110592,  110592,  110592
	Average momentum: [1.932181e-03 9.960573e-04 -4.751406e-03]
	Max velocity magnitude: 4.986871
	Temperature: 0.9777

Stats at timestep 23001 (simulation time 11.500501):
	One timestep takes 0.76 ms	Number of particles (total, min/proc, max/proc): 109950,  109950,  109950
	Average momentum: [2.133904e-03 6.861641e-04 -4.676916e-03]
	Max velocity magnitude: 4.986871
	Temperature: 0.9774

Stats at timestep 23001 (simulation time 11.500501):
	One timestep takes 0.76 ms	Number of particles (total, min/proc, max/proc): 642,  642,  642
	Average momentum: [-3.261532e-02 5.406888e-02 -1.750882e-02]
	Max velocity magnitude: 4.271389
	Temperature: 1.0145

Stats at timestep 23001 (simulation time 11.500501):
	One timestep takes 0.76 ms	Number of particles (total, min/proc, max/proc): 642,  642,  642
	Average momentum: [2.486474e-02 3.573559e-02 -3.491225e-03]
	Max velocity magnitude: 3.937775
	Temperature: 1.0069

Stats at timestep 24001 (simulation time 12.000501):
	One timestep takes 0.76 ms	Number of particles (total, min/proc, max/proc): 110592,  110592,  110592
	Average momentum: [2.208367e-03 6.033981e-04 -1.873984e-03]
	Max velocity magnitude: 5.357911
	Temperature: 1.0215

Stats at timestep 24001 (simulation time 12.000501):
	One timestep takes 0.76 ms	Number of particles (total, min/proc, max/proc): 109950,  109950,  109950
	Average momentum: [2.278297e-03 5.151306e-04 -1.766275e-03]
	Max velocity magnitude: 5.357911
	Temperature: 1.0211

Stats at timestep 24001 (simulation time 12.000501):
	One timestep takes 0.76 ms	Number of particles (total, min/proc, max/proc): 642,  642,  642
	Average momentum: [-9.768006e-03 1.572023e-02 -2.032032e-02]
	Max velocity magnitude: 5.101118
	Temperature: 1.0900

Stats at timestep 24001 (simulation time 12.000501):
	One timestep takes 0.76 ms	Number of particles (total, min/proc, max/proc): 642,  642,  642
	Average momentum: [-3.146652e-02 1.703932e-02 -1.430222e-02]
	Max velocity magnitude: 4.112698
	Temperature: 1.0576

Stats at timestep 25001 (simulation time 12.500501):
	One timestep takes 0.76 ms	Number of particles (total, min/proc, max/proc): 110592,  110592,  110592
	Average momentum: [2.573525e-03 9.542657e-04 -3.607778e-03]
	Max velocity magnitude: 5.857425
	Temperature: 1.0412

Stats at timestep 25001 (simulation time 12.500501):
	One timestep takes 0.76 ms	Number of particles (total, min/proc, max/proc): 109950,  109950,  109950
	Average momentum: [2.617134e-03 7.656206e-04 -3.738002e-03]
	Max velocity magnitude: 5.857425
	Temperature: 1.0412

Stats at timestep 25001 (simulation time 12.500501):
	One timestep takes 0.76 ms	Number of particles (total, min/proc, max/proc): 642,  642,  642
	Average momentum: [-4.895052e-03 3.326195e-02 1.869451e-02]
	Max velocity magnitude: 4.319371
	Temperature: 1.0460

Stats at timestep 25001 (simulation time 12.500501):
	One timestep takes 0.76 ms	Number of particles (total, min/proc, max/proc): 642,  642,  642
	Average momentum: [9.489258e-03 3.861371e-02 3.751928e-02]
	Max velocity magnitude: 4.935742
	Temperature: 1.0087

Stats at timestep 26001 (simulation time 13.000501):
	One timestep takes 0.76 ms	Number of particles (total, min/proc, max/proc): 110592,  110592,  110592
	Average momentum: [4.582104e-04 1.227812e-03 -1.864221e-03]
	Max velocity magnitude: 5.220926
	Temperature: 0.9837

Stats at timestep 26001 (simulation time 13.000501):
	One timestep takes 0.76 ms	Number of particles (total, min/proc, max/proc): 109950,  109950,  109950
	Average momentum: [5.699796e-04 1.202568e-03 -1.956435e-03]
	Max velocity magnitude: 5.220926
	Temperature: 0.9835

Stats at timestep 26001 (simulation time 13.000501):
	One timestep takes 0.76 ms	Number of particles (total, min/proc, max/proc): 642,  642,  642
	Average momentum: [-1.868357e-02 5.551101e-03 1.392852e-02]
	Max velocity magnitude: 3.775706
	Temperature: 1.0137

Stats at timestep 26001 (simulation time 13.000501):
	One timestep takes 0.76 ms	Number of particles (total, min/proc, max/proc): 642,  642,  642
	Average momentum: [3.257305e-02 3.318483e-02 2.680834e-02]
	Max velocity magnitude: 4.426704
	Temperature: 1.0348

Stats at timestep 27001 (simulation time 13.500501):
	One timestep takes 0.76 ms	Number of particles (total, min/proc, max/proc): 110592,  110592,  110592
	Average momentum: [1.542313e-03 1.568509e-03 -2.280194e-03]
	Max velocity magnitude: 5.608900
	Temperature: 1.0428

Stats at timestep 27001 (simulation time 13.500501):
	One timestep takes 0.76 ms	Number of particles (total, min/proc, max/proc): 109950,  109950,  109950
	Average momentum: [1.760919e-03 1.356194e-03 -2.549174e-03]
	Max velocity magnitude: 5.608900
	Temperature: 1.0428

Stats at timestep 27001 (simulation time 13.500501):
	One timestep takes 0.76 ms	Number of particles (total, min/proc, max/proc): 642,  642,  642
	Average momentum: [-3.589654e-02 3.792998e-02 4.378576e-02]
	Max velocity magnitude: 4.115821
	Temperature: 1.0380

Stats at timestep 27001 (simulation time 13.500501):
	One timestep takes 0.76 ms	Number of particles (total, min/proc, max/proc): 642,  642,  642
	Average momentum: [-7.304026e-03 1.193857e-02 -2.372623e-02]
	Max velocity magnitude: 4.754069
	Temperature: 0.9932

Stats at timestep 28001 (simulation time 14.000501):
	One timestep takes 0.76 ms	Number of particles (total, min/proc, max/proc): 110592,  110592,  110592
	Average momentum: [1.219914e-03 2.749430e-03 -1.778458e-03]
	Max velocity magnitude: 5.328272
	Temperature: 0.9771

Stats at timestep 28001 (simulation time 14.000501):
	One timestep takes 0.76 ms	Number of particles (total, min/proc, max/proc): 109950,  109950,  109950
	Average momentum: [8.730922e-04 2.541476e-03 -1.621552e-03]
	Max velocity magnitude: 5.328272
	Temperature: 0.9771

Stats at timestep 28001 (simulation time 14.000501):
	One timestep takes 0.76 ms	Number of particles (total, min/proc, max/proc): 642,  642,  642
	Average momentum: [6.061719e-02 3.836391e-02 -2.865053e-02]
	Max velocity magnitude: 4.600098
	Temperature: 0.9829

Stats at timestep 28001 (simulation time 14.000501):
	One timestep takes 0.76 ms	Number of particles (total, min/proc, max/proc): 642,  642,  642
	Average momentum: [-5.016385e-03 1.029651e-02 -3.060248e-02]
	Max velocity magnitude: 4.326073
	Temperature: 1.1342

Stats at timestep 29001 (simulation time 14.500501):
	One timestep takes 0.76 ms	Number of particles (total, min/proc, max/proc): 110592,  110592,  110592
	Average momentum: [9.153828e-05 1.220560e-03 3.341149e-04]
	Max velocity magnitude: 5.596809
	Temperature: 0.9887

Stats at timestep 29001 (simulation time 14.500501):
	One timestep takes 0.76 ms	Number of particles (total, min/proc, max/proc): 109950,  109950,  109950
	Average momentum: [4.405580e-04 1.611636e-03 2.957178e-04]
	Max velocity magnitude: 5.596809
	Temperature: 0.9884

Stats at timestep 29001 (simulation time 14.500501):
	One timestep takes 0.76 ms	Number of particles (total, min/proc, max/proc): 642,  642,  642
	Average momentum: [-5.968216e-02 -6.575591e-02 6.910066e-03]
	Max velocity magnitude: 4.126529
	Temperature: 1.0379

Stats at timestep 29001 (simulation time 14.500501):
	One timestep takes 0.76 ms	Number of particles (total, min/proc, max/proc): 642,  642,  642
	Average momentum: [-1.647627e-02 4.448851e-02 2.576997e-03]
	Max velocity magnitude: 4.109392
	Temperature: 0.9956

Stats at timestep 30001 (simulation time 15.000501):
	One timestep takes 0.76 ms	Number of particles (total, min/proc, max/proc): 110592,  110592,  110592
	Average momentum: [2.360576e-04 1.076126e-03 3.688448e-03]
	Max velocity magnitude: 5.297755
	Temperature: 1.0261

Stats at timestep 30001 (simulation time 15.000501):
	One timestep takes 0.76 ms	Number of particles (total, min/proc, max/proc): 109950,  109950,  109950
	Average momentum: [6.378260e-04 1.119854e-03 3.848001e-03]
	Max velocity magnitude: 5.297755
	Temperature: 1.0262

Stats at timestep 30001 (simulation time 15.000501):
	One timestep takes 0.76 ms	Number of particles (total, min/proc, max/proc): 642,  642,  642
	Average momentum: [-6.857147e-02 -6.412851e-03 -2.363687e-02]
	Max velocity magnitude: 4.605562
	Temperature: 1.0114

Stats at timestep 30001 (simulation time 15.000501):
	One timestep takes 0.76 ms	Number of particles (total, min/proc, max/proc): 642,  642,  642
	Average momentum: [4.187170e-03 4.466390e-02 -4.853051e-02]
	Max velocity magnitude: 4.357330
	Temperature: 1.0310

Stats at timestep 31001 (simulation time 15.500501):
	One timestep takes 0.76 ms	Number of particles (total, min/proc, max/proc): 110592,  110592,  110592
	Average momentum: [6.847372e-05 2.641084e-03 1.936060e-03]
	Max velocity magnitude: 5.737361
	Temperature: 1.0030

Stats at timestep 31001 (simulation time 15.500501):
	One timestep takes 0.76 ms	Number of particles (total, min/proc, max/proc): 109950,  109950,  109950
	Average momentum: [2.331287e-04 2.583310e-03 1.978557e-03]
	Max velocity magnitude: 5.737361
	Temperature: 1.0027

Stats at timestep 31001 (simulation time 15.500501):
	One timestep takes 0.76 ms	Number of particles (total, min/proc, max/proc): 642,  642,  642
	Average momentum: [-2.813062e-02 1.253549e-02 -5.342135e-03]
	Max velocity magnitude: 3.987685
	Temperature: 1.0484

Stats at timestep 31001 (simulation time 15.500501):
	One timestep takes 0.76 ms	Number of particles (total, min/proc, max/proc): 642,  642,  642
	Average momentum: [-1.134294e-02 1.895219e-02 5.888368e-03]
	Max velocity magnitude: 4.142445
	Temperature: 1.0127

Stats at timestep 32001 (simulation time 16.000501):
	One timestep takes 0.76 ms	Number of particles (total, min/proc, max/proc): 110592,  110592,  110592
	Average momentum: [-1.045488e-03 3.334980e-03 1.534028e-03]
	Max velocity magnitude: 5.128502
	Temperature: 0.9863

Stats at timestep 32001 (simulation time 16.000501):
	One timestep takes 0.76 ms	Number of particles (total, min/proc, max/proc): 109950,  109950,  109950
	Average momentum: [-7.099011e-04 3.578208e-03 1.737639e-03]
	Max velocity magnitude: 5.128502
	Temperature: 0.9863

Stats at timestep 32001 (simulation time 16.000501):
	One timestep takes 0.76 ms	Number of particles (total, min/proc, max/proc): 642,  642,  642
	Average momentum: [-5.851865e-02 -3.832057e-02 -3.333676e-02]
	Max velocity magnitude: 5.021948
	Temperature: 1.0007

Stats at timestep 32001 (simulation time 16.000501):
	One timestep takes 0.76 ms	Number of particles (total, min/proc, max/proc): 642,  642,  642
	Average momentum: [9.692804e-03 -1.729775e-02 4.541862e-02]
	Max velocity magnitude: 3.777183
	Temperature: 1.0652

Stats at timestep 33001 (simulation time 16.500501):
	One timestep takes 0.76 ms	Number of particles (total, min/proc, max/proc): 110592,  110592,  110592
	Average momentum: [6.529562e-04 3.081068e-03 5.068945e-04]
	Max velocity magnitude: 5.275786
	Temperature: 1.0354

Stats at timestep 33001 (simulation time 16.500501):
	One timestep takes 0.76 ms	Number of particles (total, min/proc, max/proc): 109950,  109950,  109950
	Average momentum: [7.078508e-04 2.961376e-03 4.576012e-04]
	Max velocity magnitude: 5.275786
	Temperature: 1.0354

Stats at timestep 33001 (simulation time 16.500501):
	One timestep takes 0.76 ms	Number of particles (total, min/proc, max/proc): 642,  642,  642
	Average momentum: [-8.748394e-03 2.357976e-02 8.948943e-03]
	Max velocity magnitude: 4.354579
	Temperature: 1.0432

Stats at timestep 33001 (simulation time 16.500501):
	One timestep takes 0.76 ms	Number of particles (total, min/proc, max/proc): 642,  642,  642
	Average momentum: [-1.944179e-02 -9.338299e-03 -4.947579e-03]
	Max velocity magnitude: 4.356019
	Temperature: 1.0962

Stats at timestep 34001 (simulation time 17.000501):
	One timestep takes 0.76 ms	Number of particles (total, min/proc, max/proc): 110592,  110592,  110592
	Average momentum: [-1.017528e-03 3.755987e-03 -6.966983e-04]
	Max velocity magnitude: 5.593536
	Temperature: 1.0218

Stats at timestep 34001 (simulation time 17.000501):
	One timestep takes 0.76 ms	Number of particles (total, min/proc, max/proc): 109950,  109950,  109950
	Average momentum: [-8.322693e-04 3.644696e-03 -7.082275e-04]
	Max velocity magnitude: 5.593536
	Temperature: 1.0216

Stats at timestep 34001 (simulation time 17.000501):
	One timestep takes 0.76 ms	Number of particles (total, min/proc, max/proc): 642,  642,  642
	Average momentum: [-3.274521e-02 2.281586e-02 1.277808e-03]
	Max velocity magnitude: 4.236842
	Temperature: 1.0540

Stats at timestep 34001 (simulation time 17.000501):
	One timestep takes 0.76 ms	Number of particles (total, min/proc, max/proc): 642,  642,  642
	Average momentum: [1.257266e-02 5.353264e-02 3.191388e-02]
	Max velocity magnitude: 4.185461
	Temperature: 1.0358

Stats at timestep 35001 (simulation time 17.500501):
	One timestep takes 0.76 ms	Number of particles (total, min/proc, max/proc): 110592,  110592,  110592
	Average momentum: [-2.020642e-03 3.234453e-03 6.932039e-04]
	Max velocity magnitude: 5.134956
	Temperature: 0.9483

Stats at timestep 35001 (simulation time 17.500501):
	One timestep takes 0.76 ms	Number of particles (total, min/proc, max/proc): 109950,  109950,  109950
	Average momentum: [-1.912134e-03 3.315736e-03 9.195015e-04]
	Max velocity magnitude: 5.134956
	Temperature: 0.9478

Stats at timestep 35001 (simulation time 17.500501):
	One timestep takes 0.76 ms	Number of particles (total, min/proc, max/proc): 642,  642,  642
	Average momentum: [-2.060380e-02 -1.068634e-02 -3.806290e-02]
	Max velocity magnitude: 4.038423
	Temperature: 1.0255

Stats at timestep 35001 (simulation time 17.500501):
	One timestep takes 0.76 ms	Number of particles (total, min/proc, max/proc): 642,  642,  642
	Average momentum: [3.643831e-02 -2.059692e-02 -4.850946e-03]
	Max velocity magnitude: 4.262331
	Temperature: 1.0638

Stats at timestep 36001 (simulation time 18.000501):
	One timestep takes 0.76 ms	Number of particles (total, min/proc, max/proc): 110592,  110592,  110592
	Average momentum: [-1.709308e-03 6.274011e-04 1.117136e-03]
	Max velocity magnitude: 5.424326
	Temperature: 0.9993

Stats at timestep 36001 (simulation time 18.000501):
	One timestep takes 0.76 ms	Number of particles (total, min/proc, max/proc): 109950,  109950,  109950
	Average momentum: [-1.854642e-03 5.918462e-04 1.002089e-03]
	Max velocity magnitude: 5.176157
	Temperature: 0.9991

Stats at timestep 36001 (simulation time 18.000501):
	One timestep takes 0.76 ms	Number of particles (total, min/proc, max/proc): 642,  642,  642
	Average momentum: [2.318080e-02 6.716590e-03 2.082016e-02]
	Max velocity magnitude: 5.424326
	Temperature: 1.0439

Stats at timestep 36001 (simulation time 18.000501):
	One timestep takes 0.76 ms	Number of particles (total, min/proc, max/proc): 642,  642,  642
	Average momentum: [-8.699898e-03 3.186895e-02 -1.006906e-01]
	Max velocity magnitude: 4.444669
	Temperature: 1.0654

Stats at timestep 37001 (simulation time 18.500501):
	One timestep takes 0.76 ms	Number of particles (total, min/proc, max/proc): 110592,  110592,  110592
	Average momentum: [-1.431547e-03 2.619642e-03 4.776987e-03]
	Max velocity magnitude: 4.854771
	Temperature: 0.9717

Stats at timestep 37001 (simulation time 18.500501):
	One timestep takes 0.76 ms	Number of particles (total, min/proc, max/proc): 109950,  109950,  109950
	Average momentum: [-1.555773e-03 2.492801e-03 4.616856e-03]
	Max velocity magnitude: 4.854771
	Temperature: 0.9716

Stats at timestep 37001 (simulation time 18.500501):
	One timestep takes 0.76 ms	Number of particles (total, min/proc, max/proc): 642,  642,  642
	Average momentum: [1.984358e-02 2.434265e-02 3.220128e-02]
	Max velocity magnitude: 4.129256
	Temperature: 0.9929

Stats at timestep 37001 (simulation time 18.500501):
	One timestep takes 0.76 ms	Number of particles (total, min/proc, max/proc): 642,  642,  642
	Average momentum: [2.400353e-02 -8.704453e-02 -4.583776e-02]
	Max velocity magnitude: 3.961401
	Temperature: 0.9989

Stats at timestep 38001 (simulation time 19.000501):
	One timestep takes 0.76 ms	Number of particles (total, min/proc, max/proc): 110592,  110592,  110592
	Average momentum: [-1.675425e-03 2.295053e-03 4.389231e-03]
	Max velocity magnitude: 5.467064
	Temperature: 1.0307

Stats at timestep 38001 (simulation time 19.000501):
	One timestep takes 0.76 ms	Number of particles (total, min/proc, max/proc): 109950,  109950,  109950
	Average momentum: [-1.652771e-03 2.300865e-03 4.394351e-03]
	Max velocity magnitude: 5.467064
	Temperature: 1.0305

Stats at timestep 38001 (simulation time 19.000501):
	One timestep takes 0.76 ms	Number of particles (total, min/proc, max/proc): 642,  642,  642
	Average momentum: [-5.555139e-03 1.299611e-03 3.512399e-03]
	Max velocity magnitude: 4.963212
	Temperature: 1.0504

Stats at timestep 38001 (simulation time 19.000501):
	One timestep takes 0.76 ms	Number of particles (total, min/proc, max/proc): 642,  642,  642
	Average momentum: [1.702953e-02 -8.404205e-03 -6.958674e-02]
	Max velocity magnitude: 3.780547
	Temperature: 1.0993

Stats at timestep 39001 (simulation time 19.500501):
	One timestep takes 0.76 ms	Number of particles (total, min/proc, max/proc): 110592,  110592,  110592
	Average momentum: [-2.534544e-03 3.080509e-03 1.176146e-03]
	Max velocity magnitude: 5.009694
	Temperature: 1.0049

Stats at timestep 39001 (simulation time 19.500501):
	One timestep takes 0.76 ms	Number of particles (total, min/proc, max/proc): 109950,  109950,  109950
	Average momentum: [-2.927898e-03 3.170038e-03 1.216285e-03]
	Max velocity magnitude: 5.009694
	Temperature: 1.0051

Stats at timestep 39001 (simulation time 19.500501):
	One timestep takes 0.76 ms	Number of particles (total, min/proc, max/proc): 642,  642,  642
	Average momentum: [6.483197e-02 -1.225232e-02 -5.697996e-03]
	Max velocity magnitude: 4.920822
	Temperature: 0.9629

Stats at timestep 39001 (simulation time 19.500501):
	One timestep takes 0.76 ms	Number of particles (total, min/proc, max/proc): 642,  642,  642
	Average momentum: [2.190492e-02 1.352972e-02 -4.137663e-03]
	Max velocity magnitude: 3.722859
	Temperature: 0.9352

Stats at timestep 40001 (simulation time 20.000501):
	One timestep takes 0.76 ms	Number of particles (total, min/proc, max/proc): 110592,  110592,  110592
	Average momentum: [-2.139536e-03 1.907929e-03 1.416648e-03]
	Max velocity magnitude: 4.852655
	Temperature: 1.0018

Stats at timestep 40001 (simulation time 20.000501):
	One timestep takes 0.76 ms	Number of particles (total, min/proc, max/proc): 109950,  109950,  109950
	Average momentum: [-2.051040e-03 1.972664e-03 1.479485e-03]
	Max velocity magnitude: 4.852655
	Temperature: 1.0015

Stats at timestep 40001 (simulation time 20.000501):
	One timestep takes 0.76 ms	Number of particles (total, min/proc, max/proc): 642,  642,  642
	Average momentum: [-1.729559e-02 -9.178731e-03 -9.344906e-03]
	Max velocity magnitude: 3.847976
	Temperature: 1.0531

Stats at timestep 40001 (simulation time 20.000501):
	One timestep takes 0.76 ms	Number of particles (total, min/proc, max/proc): 642,  642,  642
	Average momentum: [7.867783e-03 4.242779e-02 -7.014378e-03]
	Max velocity magnitude: 3.842878
	Temperature: 0.9826

Stats at timestep 41001 (simulation time 20.500501):
	One timestep takes 0.76 ms	Number of particles (total, min/proc, max/proc): 110592,  110592,  110592
	Average momentum: [-1.447503e-04 3.286227e-03 1.195441e-04]
	Max velocity magnitude: 5.291678
	Temperature: 1.0387

Stats at timestep 41001 (simulation time 20.500501):
	One timestep takes 0.76 ms	Number of particles (total, min/proc, max/proc): 109950,  109950,  109950
	Average momentum: [-2.592226e-04 3.315767e-03 2.567072e-04]
	Max velocity magnitude: 5.291678
	Temperature: 1.0387

Stats at timestep 41001 (simulation time 20.500501):
	One timestep takes 0.76 ms	Number of particles (total, min/proc, max/proc): 642,  642,  642
	Average momentum: [1.945997e-02 -1.772919e-03 -2.337125e-02]
	Max velocity magnitude: 5.249050
	Temperature: 1.0345

Stats at timestep 41001 (simulation time 20.500501):
	One timestep takes 0.76 ms	Number of particles (total, min/proc, max/proc): 642,  642,  642
	Average momentum: [-4.229051e-02 -4.549110e-02 -3.318963e-03]
	Max velocity magnitude: 5.108813
	Temperature: 1.0611

Stats at timestep 42001 (simulation time 21.000501):
	One timestep takes 0.76 ms	Number of particles (total, min/proc, max/proc): 110592,  110592,  110592
	Average momentum: [-2.803852e-04 2.942530e-03 -2.839408e-03]
	Max velocity magnitude: 5.159043
	Temperature: 1.0015

Stats at timestep 42001 (simulation time 21.000501):
	One timestep takes 0.76 ms	Number of particles (total, min/proc, max/proc): 109950,  109950,  109950
	Average momentum: [-1.941912e-04 3.437708e-03 -2.806269e-03]
	Max velocity magnitude: 5.159043
	Temperature: 1.0014

Stats at timestep 42001 (simulation time 21.000501):
	One timestep takes 0.76 ms	Number of particles (total, min/proc, max/proc): 642,  642,  642
	Average momentum: [-1.504212e-02 -8.186235e-02 -8.514734e-03]
	Max velocity magnitude: 3.803797
	Temperature: 1.0045

Stats at timestep 42001 (simulation time 21.000501):
	One timestep takes 0.76 ms	Number of particles (total, min/proc, max/proc): 642,  642,  642
	Average momentum: [-5.762270e-02 8.395482e-03 6.500319e-02]
	Max velocity magnitude: 4.653659
	Temperature: 1.0023

Stats at timestep 43001 (simulation time 21.500501):
	One timestep takes 0.76 ms	Number of particles (total, min/proc, max/proc): 110592,  110592,  110592
	Average momentum: [-2.855806e-04 4.706687e-03 -3.188654e-03]
	Max velocity magnitude: 5.245229
	Temperature: 1.0053

Stats at timestep 43001 (simulation time 21.500501):
	One timestep takes 0.76 ms	Number of particles (total, min/proc, max/proc): 109950,  109950,  109950
	Average momentum: [-3.084564e-04 4.736321e-03 -2.924845e-03]
	Max velocity magnitude: 5.245229
	Temperature: 1.0051

Stats at timestep 43001 (simulation time 21.500501):
	One timestep takes 0.76 ms	Number of particles (total, min/proc, max/proc): 642,  642,  642
	Average momentum: [3.632172e-03 -3.685175e-04 -4.836902e-02]
	Max velocity magnitude: 4.832170
	Temperature: 1.0499

Stats at timestep 43001 (simulation time 21.500501):
	One timestep takes 0.76 ms	Number of particles (total, min/proc, max/proc): 642,  642,  642
	Average momentum: [1.507422e-05 -9.207061e-04 5.843553e-02]
	Max velocity magnitude: 3.901453
	Temperature: 1.0364

Stats at timestep 44001 (simulation time 22.000501):
	One timestep takes 0.76 ms	Number of particles (total, min/proc, max/proc): 110592,  110592,  110592
	Average momentum: [-3.752492e-04 4.475489e-03 -2.340634e-04]
	Max velocity magnitude: 5.091253
	Temperature: 0.9791

Stats at timestep 44001 (simulation time 22.000501):
	One timestep takes 0.76 ms	Number of particles (total, min/proc, max/proc): 109950,  109950,  109950
	Average momentum: [-4.417097e-04 4.516018e-03 -1.256836e-04]
	Max velocity magnitude: 5.091253
	Temperature: 0.9790

Stats at timestep 44001 (simulation time 22.000501):
	One timestep takes 0.76 ms	Number of particles (total, min/proc, max/proc): 642,  642,  642
	Average momentum: [1.100689e-02 -2.465482e-03 -1.879538e-02]
	Max velocity magnitude: 4.192923
	Temperature: 1.0009

Stats at timestep 44001 (simulation time 22.000501):
	One timestep takes 0.76 ms	Number of particles (total, min/proc, max/proc): 642,  642,  642
	Average momentum: [-5.723144e-02 -3.709295e-02 -9.747835e-03]
	Max velocity magnitude: 3.930877
	Temperature: 1.0348

Stats at timestep 45001 (simulation time 22.500501):
	One timestep takes 0.76 ms	Number of particles (total, min/proc, max/proc): 110592,  110592,  110592
	Average momentum: [-3.617056e-04 4.709963e-03 -1.571361e-03]
	Max velocity magnitude: 94.261368
	Temperature: 1.0297

Stats at timestep 45001 (simulation time 22.500501):
	One timestep takes 0.76 ms	Number of particles (total, min/proc, max/proc): 109950,  109950,  109950
	Average momentum: [1.461294e-04 5.123850e-03 -7.048142e-04]
	Max velocity magnitude: 4.974329
	Temperature: 1.0027

Stats at timestep 45001 (simulation time 22.500501):
	One timestep takes 0.76 ms	Number of particles (total, min/proc, max/proc): 642,  642,  642
	Average momentum: [-8.733438e-02 -6.617304e-02 -1.499777e-01]
	Max velocity magnitude: 94.261368
	Temperature: 5.6578

Stats at timestep 45001 (simulation time 22.500501):
	One timestep takes 0.76 ms	Number of particles (total, min/proc, max/proc): 642,  642,  642
	Average momentum: [9.206924e-02 -3.688590e-02 1.374726e-01]
	Max velocity magnitude: 59.152096
	Temperature: 5.0097

Traceback (most recent call last):
  File "/workspace/bloodflow/cloud_runs/cloud-rbc-full-20260911T000225Z/tools/rbc_full_worker.py", line 251, in <module>
    if __name__=='__main__':main()
                            ^^^^^^
  File "/workspace/bloodflow/cloud_runs/cloud-rbc-full-20260911T000225Z/tools/rbc_full_worker.py", line 220, in main
    state,done=stage('relaxation',prep,s['prep_sample_steps'],0.,None)
               ^^^^^^^^^^^^^^^^^^^^^^^^^^^^^^^^^^^^^^^^^^^^^^^^^^^^^^^
  File "/workspace/bloodflow/cloud_runs/cloud-rbc-full-20260911T000225Z/tools/rbc_full_worker.py", line 194, in stage
    done=evolve_stage(u,count,dt,sample);sync()
         ^^^^^^^^^^^^^^^^^^^^^^^^^^^^^^^
  File "/workspace/bloodflow/uploads/20260910T212439Z/source/mirheo_starter/py_scripts/single_rbc_repair/continuous_protocol.py", line 12, in evolve_stage
    coordinator.run(count, dt=dt)
  File "/workspace/bloodflow/.venv/lib/python3.12/site-packages/mirheo/__init__.py", line 100, in wrapper
    return o(*args, **kwargs)
           ^^^^^^^^^^^^^^^^^^
RuntimeError: Mirheo has encountered a fatal error and will quit now.
The error message follows, and more details can be found in the log
***************************************
	Found too many triangle collision candidates (coarse) (18074, max 6400) in bouncer 'membrane_bounce_outer'; phase_step_zero_based=45040 pv=outer locality=local.
***************************************
--------------------------------------------------------------------------
MPI_ABORT was invoked on rank 0 in communicator MPI_COMM_WORLD
with errorcode -1.

NOTE: invoking MPI_ABORT causes Open MPI to kill all MPI processes.
You may or may not see output from other processes, depending on
exactly when Open MPI kills them.
--------------------------------------------------------------------------
