BUILD_PROVENANCE.json: OK
BUILD_STATE.json: OK
FINAL_SUMMARY.json: OK
FINAL_TERMINAL_SUMMARY.txt: OK
NEW_MEDIUM_FINAL_AUDIT.json: OK
NEW_MEDIUM_FLUX_HISTORY.csv: OK
NEW_MEDIUM_MASS_HISTORY.csv: OK
NEW_MEDIUM_NUMERICS_CONTRACT.json: OK
NEW_MEDIUM_RUNTIME_HISTORY.csv: OK
OUTPUT_SIZE.json: OK
PURE_FLUID_NEW_MEDIUM_SMOKE_REPORT.md: OK
SMOKE_STARTED.json: OK
SMOKE_STATE.json: OK
contracts/NEW_MEDIUM_NUMERICS_CONTRACT.json: OK
contracts/SMOKE_SAFETY_CONTRACT.json: OK
contracts/control_volume_indices.txt: OK
contracts/multiplane_quadrature.tsv: OK
contracts/solver_parameters.txt: OK
inputs/NUMERICS_INPUT.json: OK
inputs/OLD_SOLVER_PARAMETERS.txt: OK
logs/build_supervisor.err: OK
logs/build_supervisor.log: OK
logs/compile.log: OK
logs/configure.log: OK
logs/smoke_supervisor.err: OK
logs/smoke_supervisor.log: OK
logs/supervisord.log: OK
provenance/DRIVER_ADAPTATION.diff: OK
provenance/DRIVER_STATIC_PROOF.json: OK
provenance/EXECUTION_ENV.json: OK
provenance/EXECUTION_SHA256.json: OK
provenance/NUMERICS_GENERATION_RECEIPT.json: OK
provenance/ORIGINAL_NUMERICS_INPUT.json: OK
provenance/ORIGINAL_PREPARE_NUMERICS.py: OK
provenance/PREPARATION_COMPLETE.json: OK
provenance/PRE_AUDIT_RECEIPT_FIX_contract.json: OK
provenance/PRE_AUDIT_RECEIPT_FIX_prepare_numerics.py: OK
provenance/PRE_AUDIT_RECEIPT_FIX_receipt.json: OK
provenance/PRE_RUN_PROVENANCE_CORRECTION.json: OK
provenance/PROTECTED_BASELINE_SHA256.json: OK
provenance/SOLVER_PARAMETER_GENERATION.json: OK
provenance/STEP3_PREPARE_NUMERICS.py: OK
provenance/USER_REQUEST.txt: OK
provenance/command_compile.json: OK
provenance/command_configure.json: OK
provenance/generate_driver.py: OK
provenance/run_5000_preflight.json: OK
provenance/run_500_preflight.json: OK
run_500/RUN_PID.json: OK
run_500/RUN_STARTED.json: OK
run_500/RUN_TERMINAL.json: OK
run_500/diagnostics/ACTUAL_NUMERICS_READBACK.json: OK
run_500/diagnostics/NEW_MEDIUM_FLUX_HISTORY.csv: OK
run_500/diagnostics/NEW_MEDIUM_MASS_HISTORY.csv: OK
run_500/diagnostics/NEW_MEDIUM_RUNTIME_HISTORY.csv: OK
run_500/diagnostics/batch_metadata.json: OK
run_500/diagnostics/control_volume_ownership_check.json: OK
run_500/diagnostics/field_samples/fields_0.bin: OK
run_500/diagnostics/field_samples/samples_0.bin: OK
run_500/diagnostics/gpu_address_inventory.csv: OK
run_500/diagnostics/gpu_block_distribution.csv: OK
run_500/diagnostics/gpu_static_inventory.json: OK
run_500/diagnostics/guo_boundary_inventory.csv: OK
run_500/diagnostics/halo_plan_inventory.json: OK
run_500/diagnostics/host_stage_ranges.csv: OK
run_500/diagnostics/initialization_timing.json: OK
run_500/diagnostics/inlet_command.json: OK
run_500/diagnostics/iteration_windows.csv: OK
run_500/diagnostics/lbm_runtime_compatibility.csv: OK
run_500/diagnostics/metadata_residency_advice.csv: OK
run_500/diagnostics/native_cap_area.csv: OK
run_500/diagnostics/quadrature_ownership_check.json: OK
run_500/diagnostics/runtime_geometry_check.json: OK
run_500/diagnostics/safety_counts.csv: OK
run_500/diagnostics/snapshot_events.csv: OK
run_500/diagnostics/solver_status.json: OK
run_500/diagnostics/solver_timing.json: OK
run_500/logs/solver.log: OK
run_500/provenance/resource_trace.csv: OK
run_5000/RUN_PID.json: OK
run_5000/RUN_STARTED.json: OK
run_5000/RUN_TERMINAL.json: OK
run_5000/diagnostics/ACTUAL_NUMERICS_READBACK.json: OK
run_5000/diagnostics/NEW_MEDIUM_FLUX_HISTORY.csv: OK
run_5000/diagnostics/NEW_MEDIUM_MASS_HISTORY.csv: OK
run_5000/diagnostics/NEW_MEDIUM_RUNTIME_HISTORY.csv: OK
run_5000/diagnostics/batch_metadata.json: OK
run_5000/diagnostics/control_volume_ownership_check.json: OK
run_5000/diagnostics/field_samples/fields_0.bin: OK
run_5000/diagnostics/field_samples/fields_5000.bin: OK
run_5000/diagnostics/field_samples/samples_0.bin: OK
run_5000/diagnostics/field_samples/samples_5000.bin: OK
run_5000/diagnostics/gpu_address_inventory.csv: OK
run_5000/diagnostics/gpu_block_distribution.csv: OK
run_5000/diagnostics/gpu_static_inventory.json: OK
run_5000/diagnostics/guo_boundary_inventory.csv: OK
run_5000/diagnostics/halo_plan_inventory.json: OK
run_5000/diagnostics/host_stage_ranges.csv: OK
run_5000/diagnostics/initialization_timing.json: OK
run_5000/diagnostics/inlet_command.json: OK
run_5000/diagnostics/iteration_windows.csv: OK
run_5000/diagnostics/lbm_runtime_compatibility.csv: OK
run_5000/diagnostics/metadata_residency_advice.csv: OK
run_5000/diagnostics/native_cap_area.csv: OK
run_5000/diagnostics/quadrature_ownership_check.json: OK
run_5000/diagnostics/runtime_geometry_check.json: OK
run_5000/diagnostics/safety_counts.csv: OK
run_5000/diagnostics/snapshot_events.csv: OK
run_5000/diagnostics/solver_status.json: OK
run_5000/diagnostics/solver_timing.json: OK
run_5000/logs/solver.log: OK
run_5000/provenance/resource_trace.csv: OK
scripts/build.py: OK
scripts/evaluate_smoke.py: OK
scripts/finalize_smoke.py: OK
scripts/orchestrate.py: OK
scripts/package_result.py: OK
scripts/prepare_numerics.py: OK
scripts/prepare_work.py: OK
scripts/recipe/CMakeLists.txt: OK
scripts/run_smoke.py: OK
source/CMakeLists.txt: OK
source/generate_poc.py: OK
source/gpu_adapter.hpp: OK
source/mpi_support.hpp: OK
source/official_cavity_step_cap.diff: OK
source/stage2_profile.hpp: OK
source/stage4_lbm_batch.hpp: OK
source/vascularPoC.cpp: OK
source/vascular_adapter.diff: OK
verification/NUMERICS_STATIC_CHECK.json: OK
verification/QUICK_SMOKE_500_GATE.json: OK
verification/SMOKE_5000_AUDIT.json: OK
verification/SMOKE_500_AUDIT.json: OK
verification/SOURCE_AND_INPUT_FINAL_AUDIT.json: OK
verification/SUSTAINED_SMOKE_5000_GATE.json: OK
