[ 50%] Built target Externals
[ 56%] Performing configure step for 'svMultiPhysics'
loading initial cache file /home/lzy/projects/formal_3D_flow_solver/FEM_SimVascular/external/build/native/svMultiPhysics-prefix/tmp/svMultiPhysics-cache-Release.cmake
-- SimVascular Version: simvascular 2026-09-18
-- Could NOT find Doxygen (missing: DOXYGEN_EXECUTABLE) 
-- PKG MPI found!
--     ThreeDSolver Components
--         linear_solver
--         solver
-- Found BLAS: /lib/x86_64-linux-gnu/libblas.so.3  
-- Found LAPACK: /lib/x86_64-linux-gnu/liblapack.so.3  
CMake Error at Source/solver/CMakeLists.txt:145 (find_package):
  By not providing "FindVTK.cmake" in CMAKE_MODULE_PATH this project has
  asked CMake to find a package configuration file provided by "VTK", but
  CMake did not find one.

  Could not find a package configuration file provided by "VTK" with any of
  the following names:

    VTKConfig.cmake
    vtk-config.cmake

  Add the installation prefix of "VTK" to CMAKE_PREFIX_PATH or set "VTK_DIR"
  to a directory containing one of the above files.  If "VTK" provides a
  separate development package or SDK, be sure it has been installed.


-- Configuring incomplete, errors occurred!
gmake[2]: *** [CMakeFiles/svMultiPhysics.dir/build.make:94: svMultiPhysics-prefix/src/svMultiPhysics-stamp/svMultiPhysics-configure] Error 1
gmake[1]: *** [CMakeFiles/Makefile2:111: CMakeFiles/svMultiPhysics.dir/all] Error 2
gmake: *** [Makefile:91: all] Error 2
