[  6%] Creating directories for 'Externals'
[ 12%] No download step for 'Externals'
[ 18%] No update step for 'Externals'
[ 25%] No patch step for 'Externals'
[ 31%] Performing configure step for 'Externals'
loading initial cache file /home/lzy/projects/formal_3D_flow_solver/FEM_SimVascular/external/build/native/Externals-prefix/tmp/Externals-cache-Release.cmake
-- The C compiler identification is GNU 13.3.0
-- The CXX compiler identification is GNU 13.3.0
-- Detecting C compiler ABI info
-- Detecting C compiler ABI info - done
-- Check for working C compiler: /usr/bin/gcc - skipped
-- Detecting C compile features
-- Detecting C compile features - done
-- Detecting CXX compiler ABI info
-- Detecting CXX compiler ABI info - done
-- Check for working CXX compiler: /usr/bin/g++ - skipped
-- Detecting CXX compile features
-- Detecting CXX compile features - done
-- SimVascular Version: simvascular 2026-09-18
-- Configuring done (0.2s)
-- Generating done (0.0s)
-- Build files have been written to: /home/lzy/projects/formal_3D_flow_solver/FEM_SimVascular/external/build/native/Externals-build
[ 37%] Performing build step for 'Externals'
[ 43%] No install step for 'Externals'
[ 50%] Completed 'Externals'
[ 50%] Built target Externals
[ 56%] Creating directories for 'svMultiPhysics'
[ 62%] No download step for 'svMultiPhysics'
[ 68%] No update step for 'svMultiPhysics'
[ 75%] No patch step for 'svMultiPhysics'
[ 81%] Performing configure step for 'svMultiPhysics'
loading initial cache file /home/lzy/projects/formal_3D_flow_solver/FEM_SimVascular/external/build/native/svMultiPhysics-prefix/tmp/svMultiPhysics-cache-Release.cmake
-- The C compiler identification is GNU 13.3.0
-- The CXX compiler identification is GNU 13.3.0
-- Detecting C compiler ABI info
-- Detecting C compiler ABI info - done
-- Check for working C compiler: /usr/bin/gcc - skipped
-- Detecting C compile features
-- Detecting C compile features - done
-- Detecting CXX compiler ABI info
-- Detecting CXX compiler ABI info - done
-- Check for working CXX compiler: /usr/bin/g++ - skipped
-- Detecting CXX compile features
-- Detecting CXX compile features - done
-- SimVascular Version: simvascular 2026-09-18
-- Could NOT find Doxygen (missing: DOXYGEN_EXECUTABLE) 
-- Found MPI_C: /usr/lib/x86_64-linux-gnu/openmpi/lib/libmpi.so (found version "3.1") 
-- Found MPI_CXX: /usr/lib/x86_64-linux-gnu/openmpi/lib/libmpi_cxx.so (found version "3.1") 
-- Found MPI: TRUE (found version "3.1")  
-- PKG MPI found!
--     ThreeDSolver Components
--         linear_solver
--         solver
-- Looking for sgemm_
-- Looking for sgemm_ - not found
-- Performing Test CMAKE_HAVE_LIBC_PTHREAD
-- Performing Test CMAKE_HAVE_LIBC_PTHREAD - Success
-- Found Threads: TRUE  
CMake Error at /usr/share/cmake-3.28/Modules/FindPackageHandleStandardArgs.cmake:230 (message):
  Could NOT find BLAS (missing: BLAS_LIBRARIES)
Call Stack (most recent call first):
  /usr/share/cmake-3.28/Modules/FindPackageHandleStandardArgs.cmake:600 (_FPHSA_FAILURE_MESSAGE)
  /usr/share/cmake-3.28/Modules/FindBLAS.cmake:1383 (find_package_handle_standard_args)
  Source/solver/CMakeLists.txt:138 (find_package)


-- Configuring incomplete, errors occurred!
gmake[2]: *** [CMakeFiles/svMultiPhysics.dir/build.make:94: svMultiPhysics-prefix/src/svMultiPhysics-stamp/svMultiPhysics-configure] Error 1
gmake[1]: *** [CMakeFiles/Makefile2:111: CMakeFiles/svMultiPhysics.dir/all] Error 2
gmake: *** [Makefile:91: all] Error 2
