No plugins installed for current SimVascular installed version.
!Fri Sep 18 18:48:59 2026 
0.178! WARNING: In load_impl at /usr/local/sv/ext/2019.06/release/gl2/src/mitk-2018.04.2/Modules/CppMicroServices/core/src/util/usUtils.cpp:76 : libicuuc.so.66: cannot open shared object file: No such file or directory
!0.178! WARNING: In AutoLoadModulesFromPath at /usr/local/sv/ext/2019.06/release/gl2/src/mitk-2018.04.2/Modules/CppMicroServices/core/src/util/usUtils.cpp:176 : Auto-loading of module /home/lzy/projects/formal_3D_flow_solver/FEM_SimVascular/external/SimVascularDistribution/usr/local/sv/simvascular/2023-05-31/svExternals/lib/MitkCore/libMitkDICOMQIIO.so failed.
!0.182! WARNING: In load_impl at /usr/local/sv/ext/2019.06/release/gl2/src/mitk-2018.04.2/Modules/CppMicroServices/core/src/util/usUtils.cpp:76 : libicuuc.so.66: cannot open shared object file: No such file or directory
!0.182! WARNING: In AutoLoadModulesFromPath at /usr/local/sv/ext/2019.06/release/gl2/src/mitk-2018.04.2/Modules/CppMicroServices/core/src/util/usUtils.cpp:176 : Auto-loading of module /home/lzy/projects/formal_3D_flow_solver/FEM_SimVascular/external/SimVascularDistribution/usr/local/sv/simvascular/2023-05-31/svExternals/lib/MitkCore/libMitkCESTIO.so failed.
!0.183! WARNING: In load_impl at /usr/local/sv/ext/2019.06/release/gl2/src/mitk-2018.04.2/Modules/CppMicroServices/core/src/util/usUtils.cpp:76 : libicuuc.so.66: cannot open shared object file: No such file or directory
!0.183! WARNING: In AutoLoadModulesFromPath at /usr/local/sv/ext/2019.06/release/gl2/src/mitk-2018.04.2/Modules/CppMicroServices/core/src/util/usUtils.cpp:176 : Auto-loading of module /home/lzy/projects/formal_3D_flow_solver/FEM_SimVascular/external/SimVascularDistribution/usr/local/sv/simvascular/2023-05-31/svExternals/lib/MitkCore/libMitkDICOMReaderServices.so failed.
!0.184! WARNING: In load_impl at /usr/local/sv/ext/2019.06/release/gl2/src/mitk-2018.04.2/Modules/CppMicroServices/core/src/util/usUtils.cpp:76 : libicuuc.so.66: cannot open shared object file: No such file or directory
!0.184! WARNING: In AutoLoadModulesFromPath at /usr/local/sv/ext/2019.06/release/gl2/src/mitk-2018.04.2/Modules/CppMicroServices/core/src/util/usUtils.cpp:176 : Auto-loading of module /home/lzy/projects/formal_3D_flow_solver/FEM_SimVascular/external/SimVascularDistribution/usr/local/sv/simvascular/2023-05-31/svExternals/lib/MitkCore/libMitkMultilabelIO.so failed.
!0.185! WARNING: In load_impl at /usr/local/sv/ext/2019.06/release/gl2/src/mitk-2018.04.2/Modules/CppMicroServices/core/src/util/usUtils.cpp:76 : libicuuc.so.66: cannot open shared object file: No such file or directory
!0.185! WARNING: In AutoLoadModulesFromPath at /usr/local/sv/ext/2019.06/release/gl2/src/mitk-2018.04.2/Modules/CppMicroServices/core/src/util/usUtils.cpp:176 : Auto-loading of module /home/lzy/projects/formal_3D_flow_solver/FEM_SimVascular/external/SimVascularDistribution/usr/local/sv/simvascular/2023-05-31/svExternals/lib/MitkCore/libMitkDicomRTIO.so failed.


SimVascular Python Shell
Copyright (c) Stanford University, The Regents of the University
              of California, and others.  All Rights Reserved.

Iteration 1/10
Iteration 2/10
Iteration 3/10
Iteration 4/10
Iteration 5/10
Iteration 6/10
Iteration 7/10
Iteration 8/10
Iteration 9/10
Iteration 10/10
Final mesh improvement
Checking surface mesh
Regions: 1
Number of Free Edges on Surface: 93
Number of Non-Manifold Edges on Surface: 0
Iteration 1/10
Iteration 2/10
Iteration 3/10
Iteration 4/10
Iteration 5/10
Iteration 6/10
Iteration 7/10
Iteration 8/10
Iteration 9/10
Iteration 10/10
Final mesh improvement
Converting to TetGen...
Adding Facet Markers...
SV1_MESH_GENERATION={"points": 70363, "elapsed_s": 66.40643239021301, "edge_factor": 1.0, "surface_meshing": true, "volume_meshing": true, "generator": "sv.meshing.TetGen", "global_edge_size_m": 3.917947590640251e-07, "status": "PASS", "attempt": "primary", "cells": 371402}
TetGen Meshing Started...
Delaunizing vertices...
Delaunay seconds:  0.107947
Creating surface mesh ...
Surface mesh seconds:  0.058895
Recovering boundaries...
Boundary recovery seconds:  0.116074
Removing exterior tetrahedra ...
Exterior tets removal seconds:  0.053089
Recovering Delaunayness...
Delaunay recovery seconds:  0.037986
Refining mesh...
Refinement seconds:  0.912147
Optimizing mesh...
Optimization seconds:  0.09299

Writing nodes.
Writing elements.
Writing faces.
Writing edges.
Writing neighbors.

Output seconds:  0.033251
Total running seconds:  1.41279

Statistics:

  Input points: 22854
  Input facets: 45704
  Input holes: 0
  Input regions: 0

  Mesh points: 70363
  Mesh tetrahedra: 371402
  Mesh faces: 765656
  Mesh faces on facets: 45704
  Mesh edges on segments: 68556
  Steiner points inside domain: 47509

TetGen Meshing Finished...
