-- The C compiler identification is GNU 13.3.0
-- The CXX compiler identification is GNU 13.3.0
-- Detecting C compiler ABI info
-- Detecting C compiler ABI info - done
-- Check for working C compiler: /usr/bin/gcc - skipped
-- Detecting C compile features
-- Detecting C compile features - done
-- Detecting CXX compiler ABI info
-- Detecting CXX compiler ABI info - done
-- Check for working CXX compiler: /usr/bin/g++ - skipped
-- Detecting CXX compile features
-- Detecting CXX compile features - done
-- Could not use git to determine source version, using version 
-- Performing Test HAVE_GCC_ERROR_RETURN_TYPE
-- Performing Test HAVE_GCC_ERROR_RETURN_TYPE - Success
-- Performing Test vtk_have_compiler_flag_Weverything
-- Performing Test vtk_have_compiler_flag_Weverything - Failed
-- Performing Test vtk_have_compiler_flag-CXX--wd4251
-- Performing Test vtk_have_compiler_flag-CXX--wd4251 - Failed
-- Performing Test vtk_have_compiler_flag-CXX--EHsc
-- Performing Test vtk_have_compiler_flag-CXX--EHsc - Failed
-- Performing Test VTK_REQUIRE_LARGE_FILE_SUPPORT
-- Performing Test VTK_REQUIRE_LARGE_FILE_SUPPORT - Success
-- Performing Test COMPILER_HAS_HIDDEN_VISIBILITY
-- Performing Test COMPILER_HAS_HIDDEN_VISIBILITY - Success
-- Performing Test COMPILER_HAS_HIDDEN_INLINE_VISIBILITY
-- Performing Test COMPILER_HAS_HIDDEN_INLINE_VISIBILITY - Success
-- Performing Test COMPILER_HAS_DEPRECATED_ATTR
-- Performing Test COMPILER_HAS_DEPRECATED_ATTR - Success
-- Looking for <cxxabi.h>
-- Looking for <cxxabi.h> - not found
-- Looking for <dlfcn.h>
-- Looking for <dlfcn.h> - not found
-- Looking for <execinfo.h>
-- Looking for <execinfo.h> - not found
-- Performing Test CMAKE_HAVE_LIBC_PTHREAD
-- Performing Test CMAKE_HAVE_LIBC_PTHREAD - Success
-- Found Threads: TRUE  
-- Checking whether wstring is available
-- Checking whether wstring is available - yes
-- Checking whether C compiler has ptrdiff_t in stddef.h
-- Checking whether C compiler has ptrdiff_t in stddef.h - yes
-- Checking whether C compiler has ssize_t in unistd.h
-- Checking whether C compiler has ssize_t in unistd.h - yes
-- Checking whether C compiler has clock_gettime
-- Checking whether C compiler has clock_gettime - yes
-- Checking whether CXX compiler has setenv
-- Checking whether CXX compiler has setenv - yes
-- Checking whether CXX compiler has unsetenv
-- Checking whether CXX compiler has unsetenv - yes
-- Checking whether CXX compiler has environ in stdlib.h
-- Checking whether CXX compiler has environ in stdlib.h - no
-- Checking whether CXX compiler has utimes
-- Checking whether CXX compiler has utimes - yes
-- Checking whether CXX compiler has utimensat
-- Checking whether CXX compiler has utimensat - yes
-- Checking whether CXX compiler struct stat has st_mtim member
-- Checking whether CXX compiler struct stat has st_mtim member - yes
-- Checking whether CXX compiler struct stat has st_mtimespec member
-- Checking whether CXX compiler struct stat has st_mtimespec member - no
-- Looking for include files sys/types.h, ifaddrs.h
-- Looking for include files sys/types.h, ifaddrs.h - found
-- Checking whether CXX compiler has rlimit64
-- Checking whether CXX compiler has rlimit64 - yes
-- Looking for C++ include execinfo.h
-- Looking for C++ include execinfo.h - found
-- Checking whether backtrace works with this C++ compiler
-- Checking whether backtrace works with this C++ compiler - yes
-- Looking for C++ include dlfcn.h
-- Looking for C++ include dlfcn.h - found
-- Checking whether dladdr works with this C++ compiler
-- Checking whether dladdr works with this C++ compiler - yes
-- Looking for C++ include cxxabi.h
-- Looking for C++ include cxxabi.h - found
-- Checking whether cxxabi works with this C++ compiler
-- Checking whether cxxabi works with this C++ compiler - yes
-- Checking whether CXX compiler has getloadavg
-- Checking whether CXX compiler has getloadavg - yes
-- Checking whether <ext/stdio_filebuf.h> is available
-- Checking whether <ext/stdio_filebuf.h> is available - yes
-- Checking for builtin __atomic_add_fetch
-- Checking for builtin __atomic_add_fetch -- success
-- Performing Test VTK_HAS_STD_ISNAN
-- Performing Test VTK_HAS_STD_ISNAN - Success
-- Performing Test VTK_HAS_STD_ISINF
-- Performing Test VTK_HAS_STD_ISINF - Success
-- Performing Test VTK_HAS_STD_ISFINITE
-- Performing Test VTK_HAS_STD_ISFINITE - Success
-- Looking for isnan
-- Looking for isnan - found
-- Looking for isinf
-- Looking for isinf - found
-- Looking for isfinite
-- Looking for isfinite - found
-- Looking for finite
-- Looking for finite - found
-- Looking for fenv.h
-- Looking for fenv.h - found
-- Looking for feenableexcept
-- Looking for feenableexcept - found
-- Looking for C++ include cxxabi.h
-- Looking for C++ include cxxabi.h - found
-- Looking for abi::__cxa_demangle
-- Looking for abi::__cxa_demangle - found
-- Looking for getsockname in socket
-- Looking for getsockname in socket - not found
-- Checking for getsockname with socklen_t
-- Checking for getsockname with socklen_t -- 1
-- Looking for SO_REUSEADDR
-- Looking for SO_REUSEADDR - found
-- Looking for strings.h
-- Looking for strings.h - found
-- Looking for byteswap.h
-- Looking for byteswap.h - found
-- Looking for sys/endian.h
-- Looking for sys/endian.h - not found
-- Looking for HAVE_BSWAP_16
-- Looking for HAVE_BSWAP_16 - not found
-- Looking for HAVE_BSWAP_32
-- Looking for HAVE_BSWAP_32 - not found
-- Looking for HAVE_BSWAP_64
-- Looking for HAVE_BSWAP_64 - not found
-- Looking for stdint.h
-- Looking for stdint.h - found
-- Looking for inttypes.h
-- Looking for inttypes.h - found
-- Looking for limits.h
-- Looking for limits.h - found
-- Looking for stdbool.h
-- Looking for stdbool.h - found
-- Looking for string.h
-- Looking for string.h - found
-- Looking for memory.h
-- Looking for memory.h - found
-- Looking for sys/types.h
-- Looking for sys/types.h - found
-- Looking for stddef.h
-- Looking for stddef.h - found
-- Check size of int16_t
-- Check size of int16_t - done
-- Check size of int32_t
-- Check size of int32_t - done
-- Check size of int64_t
-- Check size of int64_t - done
-- Check size of intmax_t
-- Check size of intmax_t - done
-- Check size of uint8_t
-- Check size of uint8_t - done
-- Check size of uint16_t
-- Check size of uint16_t - done
-- Check size of uint32_t
-- Check size of uint32_t - done
-- Check size of uint64_t
-- Check size of uint64_t - done
-- Check size of uintmax_t
-- Check size of uintmax_t - done
-- Check size of short
-- Check size of short - done
-- Check size of int
-- Check size of int - done
-- Check size of long
-- Check size of long - done
-- Check size of long long
-- Check size of long long - done
-- Check size of unsigned short
-- Check size of unsigned short - done
-- Check size of unsigned
-- Check size of unsigned - done
-- Check size of unsigned long
-- Check size of unsigned long - done
-- Check size of unsigned long long
-- Check size of unsigned long long - done
-- Check size of size_t
-- Check size of size_t - done
-- Check size of __int64
-- Check size of __int64 - failed
-- Check size of unsigned __int64
-- Check size of unsigned __int64 - failed
-- Check size of uintptr_t
-- Check size of uintptr_t - done
-- Check size of off64_t
-- Check size of off64_t - done
-- Looking for unistd.h
-- Looking for unistd.h - found
-- Looking for dlfcn.h
-- Looking for dlfcn.h - found
-- Looking for fcntl.h
-- Looking for fcntl.h - found
-- Looking for stdlib.h
-- Looking for stdlib.h - found
-- Looking for sys/stat.h
-- Looking for sys/stat.h - found
-- Looking for unistd.h
-- Looking for unistd.h - found
-- Looking for getpagesize
-- Looking for getpagesize - found
-- Looking for mmap
-- Looking for mmap - found
-- Looking for getrandom
-- Looking for getrandom - found
-- Looking for arc4random_buf
-- Looking for arc4random_buf - found
-- Looking for 4 include files stdlib.h, ..., float.h
-- Looking for 4 include files stdlib.h, ..., float.h - found
-- Looking for off_t
-- Looking for off_t - not found
-- Looking for size_t
-- Looking for size_t - not found
-- Performing Test HAVE_SYSCALL_GETRANDOM
-- Performing Test HAVE_SYSCALL_GETRANDOM - Success
-- Performing Test FLAG_NO_STRICT_ALIASING
-- Performing Test FLAG_NO_STRICT_ALIASING - Success
-- Performing Test FLAG_VISIBILITY
-- Performing Test FLAG_VISIBILITY - Success
-- Looking for cos in m
-- Looking for cos in m - found
-- Configuring done (5.3s)
-- Generating done (0.1s)
-- Build files have been written to: /home/lzy/projects/formal_3D_flow_solver/FEM_SimVascular/external/build/vtk
