{
  "ellipse": [
    {
      "scale": 0.5,
      "selected_trial": "trial_07",
      "H": 0.7887664249663772,
      "triangles": 130
    },
    {
      "scale": 1.0,
      "selected_trial": "trial_07",
      "H": 1.5775328499327543,
      "triangles": 130
    },
    {
      "scale": 4.0,
      "selected_trial": "trial_07",
      "H": 6.310131399731017,
      "triangles": 130
    }
  ],
  "mild_irregular_convex_polygon": [
    {
      "scale": 0.5,
      "selected_trial": "trial_07",
      "H": 0.9396139179133539,
      "triangles": 126
    },
    {
      "scale": 1.0,
      "selected_trial": "trial_07",
      "H": 1.8792278358267078,
      "triangles": 126
    },
    {
      "scale": 4.0,
      "selected_trial": "trial_07",
      "H": 7.516911343306831,
      "triangles": 126
    }
  ]
}
