RUN_START run_500 2026-09-15T16:38:14.758769+00:00
RUN_PROGRESS run_500 elapsed 0.0 step 0 GPU 0.0 RSS_GiB 0.0
RUN_PROGRESS run_500 elapsed 15.4 step 0 GPU 0.0 RSS_GiB 0.0
RUN_PROGRESS run_500 elapsed 30.9 step 0 GPU 0.0 RSS_GiB 0.0
RUN_PROGRESS run_500 elapsed 46.4 step 0 GPU 0.0 RSS_GiB 0.0
RUN_PROGRESS run_500 elapsed 61.8 step 0 GPU 0.0 RSS_GiB 0.0
RUN_PROGRESS run_500 elapsed 77.1 step 0 GPU 0.0 RSS_GiB 0.0
RUN_PROGRESS run_500 elapsed 92.4 step 0 GPU 0.0 RSS_GiB 0.0
RUN_PROGRESS run_500 elapsed 107.9 step 0 GPU 0.0 RSS_GiB 0.0
RUN_PROGRESS run_500 elapsed 123.2 step 0 GPU 0.0 RSS_GiB 0.13
RUN_PROGRESS run_500 elapsed 138.6 step 0 GPU 0.0 RSS_GiB 0.13
RUN_PROGRESS run_500 elapsed 154.0 step 0 GPU 0.0 RSS_GiB 0.13
RUN_PROGRESS run_500 elapsed 169.3 step 0 GPU 0.0 RSS_GiB 0.13
RUN_PROGRESS run_500 elapsed 184.6 step 0 GPU 0.0 RSS_GiB 2.23
RUN_PROGRESS run_500 elapsed 199.9 step 0 GPU 0.0 RSS_GiB 1.07
RUN_PROGRESS run_500 elapsed 215.3 step 0 GPU 0.0 RSS_GiB 1.1
RUN_PROGRESS run_500 elapsed 230.6 step 0 GPU 0.0 RSS_GiB 1.16
RUN_PROGRESS run_500 elapsed 245.8 step 0 GPU 0.0 RSS_GiB 1.18
RUN_PROGRESS run_500 elapsed 261.1 step 0 GPU 0.0 RSS_GiB 1.25
RUN_PROGRESS run_500 elapsed 276.5 step 0 GPU 0.0 RSS_GiB 1.25
RUN_PROGRESS run_500 elapsed 291.8 step 0 GPU 0.0 RSS_GiB 3.41
RUN_PROGRESS run_500 elapsed 307.2 step 0 GPU 0.0 RSS_GiB 5.87
RUN_PROGRESS run_500 elapsed 322.5 step 0 GPU 1.0 RSS_GiB 8.16
RUN_TERMINAL {"name": "run_500", "status": "PASS", "returncode": 0, "completed_steps": 500, "initialization_seconds": 330.290893664991, "end_to_end_seconds": 335.8464555340179, "solver_timing": {"warmup_steps": 50, "timed_steps": 450, "timed_seconds": 2.731544621000001, "steps_per_second": 164.74195462172528, "full_iteration_steps": 500, "full_iteration_seconds": 3.1267817989999998, "full_iteration_steps_per_second": 159.9088238776076}, "binding_status": "PASS", "gpu_vram_peak_MiB": 2106.0}
{
  "horizon": 500,
  "checks": {
    "process": "PASS",
    "runtime_status": "PASS",
    "static": "PASS",
    "contract_sha256": "PASS",
    "actual_dt": "PASS",
    "actual_outlet_rho": "PASS",
    "actual_units_and_inputs": "PASS",
    "independent_dt_formula": "PASS",
    "independent_pressure_unit": "PASS",
    "independent_pressure_conversion": "PASS",
    "safety_cadence": "PASS",
    "safety_finite": "PASS",
    "runtime_cadence": "PASS",
    "runtime_finite": "PASS",
    "runtime_physical_time": "PASS",
    "flux_cadence": "PASS",
    "flux_finite": "PASS",
    "flux_physical_time": "PASS",
    "mass_cadence": "PASS",
    "mass_finite": "PASS",
    "mass_physical_time": "PASS",
    "nonfinite": "PASS",
    "density": "PASS",
    "Mach_safety_margin": "PASS",
    "mass_drift_identity": "PASS",
    "mass_stability": "PASS",
    "no_fast_monotonic_mass_growth": "PASS",
    "CV_balance_identity": "PASS",
    "CV_balance": "PASS",
    "flux_sanity": "PASS",
    "backflow_record_identity": "PASS",
    "ownership": "PASS",
    "snapshot_schedule": "PASS",
    "snapshot_files_schedule": "PASS",
    "initial_condition": "PASS",
    "initial_mass_identity": "PASS",
    "initial_sample_velocity": "PASS",
    "GPU_memory_stability": "NOT_APPLICABLE_SHORT_WINDOW"
  },
  "nonfinite_count": 0,
  "snapshot_files": [
    "diagnostics/field_samples/fields_0.bin",
    "diagnostics/field_samples/samples_0.bin"
  ],
  "quick_memory_limit": "5000-step gate supplies sustained-thirds evidence",
  "rho_min": 0.9999504812820089,
  "rho_max": 1.000477243174689,
  "max_mach": 0.000495550987291592,
  "total_mass_drift": 2.5207918098664118e-05,
  "max_abs_mass_drift": 2.5207918098664118e-05,
  "max_mass_jump_per50_fraction": 4.632535680934869e-06,
  "CV_interval_balance_max_fraction": 3.8114908974310578e-06,
  "CV_cumulative_balance_max_fraction": 3.8114908974310578e-06,
  "final_flux_m3_s": {
    "Qin": 2.671695778908941e-15,
    "Qout01": -4.836086372896839e-16,
    "Qout02": -5.438497885823107e-15,
    "Qout03": 6.806459344758593e-16
  },
  "max_abs_flux_over_Qtarget": 4.086220633293507,
  "backflow": {
    "Qout01": {
      "count": 5,
      "iterations": [
        100,
        200,
        300,
        400,
        500
      ]
    },
    "Qout02": {
      "count": 5,
      "iterations": [
        100,
        200,
        300,
        400,
        500
      ]
    },
    "Qout03": {
      "count": 0,
      "iterations": []
    }
  },
  "transient_backflow": true,
  "resource_thirds": [
    {
      "samples": 2,
      "vram_median_MiB": 2106.0,
      "RSS_median_MiB": 7500.255859375
    },
    {
      "samples": 2,
      "vram_median_MiB": 2106.0,
      "RSS_median_MiB": 7500.19140625
    },
    {
      "samples": 1,
      "vram_median_MiB": 2106.0,
      "RSS_median_MiB": 7500.1796875
    }
  ],
  "memory_growth": {},
  "gpu_steps_per_second": 164.74195462172528,
  "end_to_end_seconds": 335.8464555340179,
  "initialization_seconds": 330.290893664991,
  "gpu_vram_peak_MiB": 2106.0,
  "gpu_utilization_timed_median": 52.0,
  "status": "PASS",
  "SOLVER_FINALIZER_IDENTITY": "PASS"
}
RUN_START run_5000 2026-09-15T16:43:51.389663+00:00
RUN_PROGRESS run_5000 elapsed 0.0 step 0 GPU 0.0 RSS_GiB 0.0
RUN_PROGRESS run_5000 elapsed 15.4 step 0 GPU 0.0 RSS_GiB 0.0
RUN_PROGRESS run_5000 elapsed 30.4 step 0 GPU 0.0 RSS_GiB 0.0
RUN_PROGRESS run_5000 elapsed 45.9 step 0 GPU 0.0 RSS_GiB 0.0
RUN_PROGRESS run_5000 elapsed 61.1 step 0 GPU 0.0 RSS_GiB 0.0
RUN_PROGRESS run_5000 elapsed 76.5 step 0 GPU 0.0 RSS_GiB 0.0
RUN_PROGRESS run_5000 elapsed 92.0 step 0 GPU 0.0 RSS_GiB 0.0
RUN_PROGRESS run_5000 elapsed 107.4 step 0 GPU 0.0 RSS_GiB 0.0
RUN_PROGRESS run_5000 elapsed 122.8 step 0 GPU 0.0 RSS_GiB 0.13
RUN_PROGRESS run_5000 elapsed 138.2 step 0 GPU 0.0 RSS_GiB 0.13
RUN_PROGRESS run_5000 elapsed 153.6 step 0 GPU 0.0 RSS_GiB 0.13
RUN_PROGRESS run_5000 elapsed 169.0 step 0 GPU 0.0 RSS_GiB 0.13
RUN_PROGRESS run_5000 elapsed 184.4 step 0 GPU 0.0 RSS_GiB 2.23
RUN_PROGRESS run_5000 elapsed 199.7 step 0 GPU 0.0 RSS_GiB 0.93
RUN_PROGRESS run_5000 elapsed 214.9 step 0 GPU 0.0 RSS_GiB 1.1
RUN_PROGRESS run_5000 elapsed 230.1 step 0 GPU 0.0 RSS_GiB 1.16
RUN_PROGRESS run_5000 elapsed 245.6 step 0 GPU 0.0 RSS_GiB 1.16
RUN_PROGRESS run_5000 elapsed 261.0 step 0 GPU 0.0 RSS_GiB 1.25
RUN_PROGRESS run_5000 elapsed 276.4 step 0 GPU 0.0 RSS_GiB 1.25
RUN_PROGRESS run_5000 elapsed 291.7 step 0 GPU 0.0 RSS_GiB 3.23
RUN_PROGRESS run_5000 elapsed 307.1 step 0 GPU 0.0 RSS_GiB 5.86
RUN_PROGRESS run_5000 elapsed 322.4 step 0 GPU 1.0 RSS_GiB 7.97
RUN_PROGRESS run_5000 elapsed 337.9 step 1154 GPU 53.0 RSS_GiB 7.32
RUN_PROGRESS run_5000 elapsed 353.2 step 3693 GPU 54.0 RSS_GiB 7.32
RUN_TERMINAL {"name": "run_5000", "status": "PASS", "returncode": 0, "completed_steps": 5000, "initialization_seconds": 330.6619134609937, "end_to_end_seconds": 363.9784238199936, "solver_timing": {"warmup_steps": 500, "timed_steps": 4500, "timed_seconds": 27.468648228, "steps_per_second": 163.82313256365316, "full_iteration_steps": 5000, "full_iteration_seconds": 30.613998664, "full_iteration_steps_per_second": 163.32397655323814}, "binding_status": "PASS", "gpu_vram_peak_MiB": 2106.0}
{
  "horizon": 5000,
  "checks": {
    "process": "PASS",
    "runtime_status": "PASS",
    "static": "PASS",
    "contract_sha256": "PASS",
    "actual_dt": "PASS",
    "actual_outlet_rho": "PASS",
    "actual_units_and_inputs": "PASS",
    "independent_dt_formula": "PASS",
    "independent_pressure_unit": "PASS",
    "independent_pressure_conversion": "PASS",
    "safety_cadence": "PASS",
    "safety_finite": "PASS",
    "runtime_cadence": "PASS",
    "runtime_finite": "PASS",
    "runtime_physical_time": "PASS",
    "flux_cadence": "PASS",
    "flux_finite": "PASS",
    "flux_physical_time": "PASS",
    "mass_cadence": "PASS",
    "mass_finite": "PASS",
    "mass_physical_time": "PASS",
    "nonfinite": "PASS",
    "density": "PASS",
    "Mach_safety_margin": "PASS",
    "mass_drift_identity": "PASS",
    "mass_stability": "PASS",
    "no_fast_monotonic_mass_growth": "PASS",
    "CV_balance_identity": "PASS",
    "CV_balance": "PASS",
    "flux_sanity": "PASS",
    "backflow_record_identity": "PASS",
    "ownership": "PASS",
    "snapshot_schedule": "PASS",
    "snapshot_files_schedule": "PASS",
    "initial_condition": "PASS",
    "initial_mass_identity": "PASS",
    "initial_sample_velocity": "PASS",
    "snapshot_geometry_and_CV": "PASS",
    "snapshot_density_identity": "PASS",
    "snapshot_velocity_identity": "PASS",
    "snapshot_mass_identity": "PASS",
    "snapshot_all24_flux_identity": "PASS",
    "GPU_memory_stability": "PASS"
  },
  "nonfinite_count": 0,
  "snapshot_files": [
    "diagnostics/field_samples/fields_0.bin",
    "diagnostics/field_samples/samples_0.bin",
    "diagnostics/field_samples/fields_5000.bin",
    "diagnostics/field_samples/samples_5000.bin"
  ],
  "independent_final_snapshot": {
    "rho_min": 0.9999537290825751,
    "rho_max": 1.0004428567952495,
    "rho_mean": 1.0001407007007121,
    "Mach_max": 4.979223842033565e-05,
    "total_mass_kg": 1.4595481572505346e-12,
    "CV_mass_kg": 1.4423621668241672e-12,
    "all24flux_max_error_over_Qtarget": 4.611682351951423e-15,
    "all24massflux_max_error_over_rho_Qtarget": 5.60780573997293e-15
  },
  "rho_min": 0.9999504812820089,
  "rho_max": 1.000477243174689,
  "max_mach": 0.000495550987291592,
  "total_mass_drift": 0.00014070070071214286,
  "max_abs_mass_drift": 0.00014070070071214286,
  "max_mass_jump_per50_fraction": 4.632535680934869e-06,
  "CV_interval_balance_max_fraction": 3.8114908974310578e-06,
  "CV_cumulative_balance_max_fraction": 3.8114908974310578e-06,
  "final_flux_m3_s": {
    "Qin": 2.686280389327215e-15,
    "Qout01": -1.2964489132866903e-16,
    "Qout02": -1.856687265880749e-15,
    "Qout03": 5.6906761302776e-16
  },
  "max_abs_flux_over_Qtarget": 4.086220633293507,
  "backflow": {
    "Qout01": {
      "count": 50,
      "iterations": [
        100,
        200,
        300,
        400,
        500,
        600,
        700,
        800,
        900,
        1000,
        1100,
        1200,
        1300,
        1400,
        1500,
        1600,
        1700,
        1800,
        1900,
        2000,
        2100,
        2200,
        2300,
        2400,
        2500,
        2600,
        2700,
        2800,
        2900,
        3000,
        3100,
        3200,
        3300,
        3400,
        3500,
        3600,
        3700,
        3800,
        3900,
        4000,
        4100,
        4200,
        4300,
        4400,
        4500,
        4600,
        4700,
        4800,
        4900,
        5000
      ]
    },
    "Qout02": {
      "count": 50,
      "iterations": [
        100,
        200,
        300,
        400,
        500,
        600,
        700,
        800,
        900,
        1000,
        1100,
        1200,
        1300,
        1400,
        1500,
        1600,
        1700,
        1800,
        1900,
        2000,
        2100,
        2200,
        2300,
        2400,
        2500,
        2600,
        2700,
        2800,
        2900,
        3000,
        3100,
        3200,
        3300,
        3400,
        3500,
        3600,
        3700,
        3800,
        3900,
        4000,
        4100,
        4200,
        4300,
        4400,
        4500,
        4600,
        4700,
        4800,
        4900,
        5000
      ]
    },
    "Qout03": {
      "count": 0,
      "iterations": []
    }
  },
  "transient_backflow": true,
  "resource_thirds": [
    {
      "samples": 17,
      "vram_median_MiB": 2106.0,
      "RSS_median_MiB": 7498.11328125
    },
    {
      "samples": 16,
      "vram_median_MiB": 2106.0,
      "RSS_median_MiB": 7498.12890625
    },
    {
      "samples": 17,
      "vram_median_MiB": 2106.0,
      "RSS_median_MiB": 7498.1171875
    }
  ],
  "memory_growth": {
    "vram_median_MiB": {
      "delta": 0.0,
      "limit": 256.0,
      "growing": false
    },
    "RSS_median_MiB": {
      "delta": 0.00390625,
      "limit": 512.0,
      "growing": false
    }
  },
  "gpu_steps_per_second": 163.82313256365316,
  "end_to_end_seconds": 363.9784238199936,
  "initialization_seconds": 330.6619134609937,
  "gpu_vram_peak_MiB": 2106.0,
  "gpu_utilization_timed_median": 53.0,
  "status": "PASS",
  "SOLVER_FINALIZER_IDENTITY": "PASS"
}
