........................................................................ [ 92%]
.....F                                                                   [100%]
=================================== FAILURES ===================================
_________ test_exact_replay_returns_saved_endpoints_and_never_overlaps _________

    def test_exact_replay_returns_saved_endpoints_and_never_overlaps():
>       from render_rbc_mb_interaction import Replay

particle_3d/tests/rbc_mb_interaction/test_encounter.py:99: 
_ _ _ _ _ _ _ _ _ _ _ _ _ _ _ _ _ _ _ _ _ _ _ _ _ _ _ _ _ _ _ _ _ _ _ _ _ _ _ _ 

    """Replay saved, finite-size P4 encounter; match the black FEM presentation style."""
    from pathlib import Path
    import argparse,hashlib,json,os,sys,time
    os.environ.setdefault('LP_NUM_THREADS','2');os.environ.setdefault('VTK_SMP_MAX_THREADS','2')
    import numpy as np
    import pyvista as pv
    from PIL import Image,ImageDraw,ImageFont
    import imageio_ffmpeg
    from simulate_rbc_mb_interaction import ROOT,CASE,OUT,sha,initial_shapes
    from particle_3d.particle3_cases import write_json
    from particle_3d.pair_geometry import pair_gap
    from particle_3d.rbc_mb_encounter import advance_encounter,capsule_sphere_gap
    sys.path.insert(0,str(CASE.parents[1]/'scripts/flow_2mmps'))
>   from render import CMAP,camera
E   ModuleNotFoundError: No module named 'render'

particle_3d/scripts/render_rbc_mb_interaction.py:14: ModuleNotFoundError
=============================== warnings summary ===============================
tests/particle9a5_formal_trajectories/test_extended_trajectory_preserves_old_prefix.py: 575 warnings
tests/particle9a4_population_inlet/test_flux_position_sampler_unchanged.py: 564 warnings
tests/particle9a4_population_inlet/test_inlet_cap_not_solid.py: 2 warnings
tests/particle9a4_population_inlet/test_old_method_b_replay_unchanged.py: 2 warnings
tests/particle9a4_population_inlet/test_old_method_c_replay_unchanged.py: 2 warnings
tests/rbc_mb_normal/test_normal_encounter.py: 1 warning
tests/rbc_mb_interaction/test_encounter.py: 4 warnings
  /home/lzy/projects/ulm_particle_3d_particle0/.venv/lib/python3.13/site-packages/vtkmodules/util/numpy_support.py:244: DeprecationWarning: Setting the shape on a NumPy array has been deprecated in NumPy 2.5.
  As an alternative, you can create a new view using np.reshape (with copy=False if needed).
    result.shape = shape

-- Docs: https://docs.pytest.org/en/stable/how-to/capture-warnings.html
=========================== short test summary info ============================
FAILED particle_3d/tests/rbc_mb_interaction/test_encounter.py::test_exact_replay_returns_saved_endpoints_and_never_overlaps
1 failed, 77 passed, 2 deselected, 1150 warnings in 52.48s
