
**************************************************
*                Mirheo v1.6.2                   *
* 8fa67b9aaa7f04c9de2d74a335c9c8c4665068cf       *
**************************************************

Stats at timestep 1 (simulation time 0.001000):
	One timestep takes 18.21 ms	Number of particles (total, min/proc, max/proc): 30720,  30720,  30720
	Average momentum: [2.944338e-10 -3.734992e-10 2.143982e-10]
	Max velocity magnitude: 1.204987
	Temperature: 0.0533

Stats at timestep 501 (simulation time 0.501000):
	One timestep takes 0.66 ms	Number of particles (total, min/proc, max/proc): 30720,  30720,  30720
	Average momentum: [1.358082e-04 7.894899e-09 8.527422e-09]
	Max velocity magnitude: 4.914744
	Temperature: 1.0975

Stats at timestep 1001 (simulation time 1.001000):
	One timestep takes 0.71 ms	Number of particles (total, min/proc, max/proc): 30720,  30720,  30720
	Average momentum: [-2.751280e-04 1.431908e-08 3.460445e-09]
	Max velocity magnitude: 5.367244
	Temperature: 1.2754

Stats at timestep 1501 (simulation time 1.501000):
	One timestep takes 0.71 ms	Number of particles (total, min/proc, max/proc): 30720,  30720,  30720
	Average momentum: [-4.319648e-04 4.441245e-09 1.631949e-08]
	Max velocity magnitude: 5.715698
	Temperature: 1.5828

Stats at timestep 2001 (simulation time 2.001000):
	One timestep takes 0.71 ms	Number of particles (total, min/proc, max/proc): 30720,  30720,  30720
	Average momentum: [8.001359e-05 -2.364783e-08 2.541735e-08]
	Max velocity magnitude: 6.217717
	Temperature: 1.8454

Stats at timestep 2501 (simulation time 2.501000):
	One timestep takes 0.68 ms	Number of particles (total, min/proc, max/proc): 30720,  30720,  30720
	Average momentum: [1.730382e-05 -7.990942e-09 2.638165e-08]
	Max velocity magnitude: 6.270543
	Temperature: 2.1717

Stats at timestep 3001 (simulation time 3.001000):
	One timestep takes 0.70 ms	Number of particles (total, min/proc, max/proc): 30720,  30720,  30720
	Average momentum: [-8.685675e-04 -2.391171e-08 3.172706e-08]
	Max velocity magnitude: 6.288743
	Temperature: 2.5534

Stats at timestep 3501 (simulation time 3.501000):
	One timestep takes 0.71 ms	Number of particles (total, min/proc, max/proc): 30720,  30720,  30720
	Average momentum: [-1.735546e-03 -2.591599e-08 2.361000e-08]
	Max velocity magnitude: 7.353979
	Temperature: 2.9180

Stats at timestep 4001 (simulation time 4.001000):
	One timestep takes 0.72 ms	Number of particles (total, min/proc, max/proc): 30720,  30720,  30720
	Average momentum: [-1.618899e-03 -2.197727e-08 3.024082e-08]
	Max velocity magnitude: 7.352655
	Temperature: 3.4247

Stats at timestep 4501 (simulation time 4.501000):
	One timestep takes 0.74 ms	Number of particles (total, min/proc, max/proc): 30720,  30720,  30720
	Average momentum: [-3.087855e-04 -2.961800e-08 1.841011e-08]
	Max velocity magnitude: 7.938298
	Temperature: 3.7544

Stats at timestep 5001 (simulation time 5.001000):
	One timestep takes 0.72 ms	Number of particles (total, min/proc, max/proc): 30720,  30720,  30720
	Average momentum: [1.015031e-03 -3.554354e-08 5.832408e-09]
	Max velocity magnitude: 7.902811
	Temperature: 4.1744

	Command being timed: "/usr/bin/mpirun.openmpi --bind-to none -np 2 /home/lzy/projects/mirheo_starter/.venv/bin/python -u basic.py"
	User time (seconds): 7.19
	System time (seconds): 0.71
	Percent of CPU this job got: 154%
	Elapsed (wall clock) time (h:mm:ss or m:ss): 0:05.10
	Average shared text size (kbytes): 0
	Average unshared data size (kbytes): 0
	Average stack size (kbytes): 0
	Average total size (kbytes): 0
	Maximum resident set size (kbytes): 148888
	Average resident set size (kbytes): 0
	Major (requiring I/O) page faults: 250
	Minor (reclaiming a frame) page faults: 37092
	Voluntary context switches: 3766
	Involuntary context switches: 76
	Swaps: 0
	File system inputs: 23072
	File system outputs: 920
	Socket messages sent: 0
	Socket messages received: 0
	Signals delivered: 0
	Page size (bytes): 4096
	Exit status: 0
