accepted=500 time=0.05 active=0 admitted=0 pending=0
accepted=1000 time=0.1 active=0 admitted=0 pending=0
accepted=1500 time=0.15 active=0 admitted=0 pending=0
accepted=2000 time=0.197688 active=1 admitted=1 pending=0
accepted=2500 time=0.247688 active=1 admitted=1 pending=0
accepted=3000 time=0.297688 active=1 admitted=1 pending=0
accepted=3500 time=0.346431 active=2 admitted=2 pending=0
accepted=4000 time=0.396106 active=2 admitted=2 pending=0
accepted=4500 time=0.446031 active=2 admitted=2 pending=0
accepted=5000 time=0.488992 active=2 admitted=2 pending=0
accepted=5500 time=0.489188 active=2 admitted=2 pending=0
accepted=6000 time=0.489383 active=2 admitted=2 pending=0
accepted=6500 time=0.489578 active=2 admitted=2 pending=0
accepted=7000 time=0.489774 active=2 admitted=2 pending=0
accepted=7500 time=0.489969 active=2 admitted=2 pending=0
accepted=8000 time=0.490164 active=2 admitted=2 pending=0
accepted=8500 time=0.490359 active=2 admitted=2 pending=0
accepted=9000 time=0.490555 active=2 admitted=2 pending=0
accepted=9500 time=0.49075 active=2 admitted=2 pending=0
accepted=10000 time=0.490945 active=2 admitted=2 pending=0
accepted=10500 time=0.491141 active=2 admitted=2 pending=0
accepted=11000 time=0.491336 active=2 admitted=2 pending=0
accepted=11500 time=0.491531 active=2 admitted=2 pending=0
accepted=12000 time=0.491727 active=2 admitted=2 pending=0
accepted=12500 time=0.491922 active=2 admitted=2 pending=0
accepted=13000 time=0.492117 active=2 admitted=2 pending=0
accepted=13500 time=0.492313 active=2 admitted=2 pending=0
accepted=14000 time=0.492508 active=2 admitted=2 pending=0
accepted=14500 time=0.492703 active=2 admitted=2 pending=0
accepted=15000 time=0.492899 active=2 admitted=2 pending=0
accepted=15500 time=0.493094 active=2 admitted=2 pending=0
accepted=16000 time=0.493289 active=2 admitted=2 pending=0
accepted=16500 time=0.493484 active=2 admitted=2 pending=0
accepted=17000 time=0.49368 active=2 admitted=2 pending=0
accepted=17500 time=0.493875 active=2 admitted=2 pending=0
accepted=18000 time=0.49407 active=2 admitted=2 pending=0
WORKFLOW_FAILED STOP_WALL_NORMAL_AMBIGUITY
WORKFLOW_FAILED STOP_WALL_NORMAL_AMBIGUITY
WORKFLOW_FAILED STOP_WALL_NORMAL_AMBIGUITY
--------------------------------------------------------------------------
MPI_ABORT was invoked on rank 1 in communicator MPI_COMM_WORLD
with errorcode 2.

NOTE: invoking MPI_ABORT causes Open MPI to kill all MPI processes.
You may or may not see output from other processes, depending on
exactly when Open MPI kills them.
--------------------------------------------------------------------------
WORKFLOW_FAILED STOP_WALL_NORMAL_AMBIGUITY
[f7c62a262077:115475] 3 more processes have sent help message help-mpi-api.txt / mpi-abort
[f7c62a262077:115475] Set MCA parameter "orte_base_help_aggregate" to 0 to see all help / error messages
