BENCHMARK 10 / 32 seconds 2.1
BENCHMARK 20 / 32 seconds 3.85
BENCHMARK 30 / 32 seconds 6.92
BENCHMARK 32 / 32 seconds 7.75
BENCHMARK 10 / 32 seconds 0.74
BENCHMARK 20 / 32 seconds 1.99
BENCHMARK 30 / 32 seconds 3.57
BENCHMARK 32 / 32 seconds 4.15
BENCHMARK 10 / 32 seconds 0.39
BENCHMARK 20 / 32 seconds 1.03
BENCHMARK 30 / 32 seconds 1.87
BENCHMARK 32 / 32 seconds 2.22
BENCHMARK 10 / 32 seconds 0.3
BENCHMARK 20 / 32 seconds 0.69
BENCHMARK 30 / 32 seconds 1.14
BENCHMARK 32 / 32 seconds 1.56
BENCHMARK 10 / 32 seconds 0.52
BENCHMARK 20 / 32 seconds 1.29
BENCHMARK 30 / 32 seconds 1.91
BENCHMARK 32 / 32 seconds 1.95
TRAJECTORY_SCALING 18 / 18 {'INTEGRATION_SAFETY_STOP': 7, 'OUTLET_02': 11}
TRAJECTORY_SCALING 18 / 18 {'OUTLET_02': 11, 'INTEGRATION_SAFETY_STOP': 7}
TRAJECTORY_SCALING 18 / 18 {'OUTLET_02': 11, 'INTEGRATION_SAFETY_STOP': 7}
TRAJECTORY_SCALING 18 / 18 {'OUTLET_02': 11, 'INTEGRATION_SAFETY_STOP': 7}
TRAJECTORY_SCALING 18 / 18 {'OUTLET_02': 11, 'INTEGRATION_SAFETY_STOP': 7}
FORMAL_TRAJECTORIES 32 / 15000 {'OUTLET_02': 22, 'INTEGRATION_SAFETY_STOP': 10}
FORMAL_TRAJECTORIES 64 / 15000 {'OUTLET_02': 41, 'INTEGRATION_SAFETY_STOP': 23}
FORMAL_TRAJECTORIES 96 / 15000 {'OUTLET_02': 61, 'INTEGRATION_SAFETY_STOP': 35}
FORMAL_TRAJECTORIES 128 / 15000 {'OUTLET_02': 76, 'INTEGRATION_SAFETY_STOP': 52}
FORMAL_TRAJECTORIES 160 / 15000 {'OUTLET_02': 96, 'INTEGRATION_SAFETY_STOP': 64}
FORMAL_TRAJECTORIES 192 / 15000 {'OUTLET_02': 119, 'INTEGRATION_SAFETY_STOP': 73}
FORMAL_TRAJECTORIES 224 / 15000 {'OUTLET_02': 131, 'INTEGRATION_SAFETY_STOP': 93}
FORMAL_TRAJECTORIES 256 / 15000 {'OUTLET_02': 149, 'INTEGRATION_SAFETY_STOP': 107}
FORMAL_TRAJECTORIES 288 / 15000 {'OUTLET_02': 170, 'INTEGRATION_SAFETY_STOP': 118}
Terminated
