Reading package lists...
Building dependency tree...
Reading state information...
The following additional packages will be installed:
  cpp-12 gcc-12-base libgcc-12-dev libstdc++-12-dev
Suggested packages:
  gcc-12-locales cpp-12-doc g++-12-multilib gcc-12-doc gcc-12-multilib
  libstdc++-12-doc
The following NEW packages will be installed:
  cpp-12 g++-12 gcc-12 gcc-12-base libgcc-12-dev libstdc++-12-dev
0 upgraded, 6 newly installed, 0 to remove and 30 not upgraded.
Inst gcc-12-base (12.4.0-2ubuntu1~24.04.1 Ubuntu:24.04/noble-updates, Ubuntu:24.04/noble-security [amd64])
Inst cpp-12 (12.4.0-2ubuntu1~24.04.1 Ubuntu:24.04/noble-updates, Ubuntu:24.04/noble-security [amd64])
Inst libgcc-12-dev (12.4.0-2ubuntu1~24.04.1 Ubuntu:24.04/noble-updates, Ubuntu:24.04/noble-security [amd64])
Inst gcc-12 (12.4.0-2ubuntu1~24.04.1 Ubuntu:24.04/noble-updates, Ubuntu:24.04/noble-security [amd64])
Inst libstdc++-12-dev (12.4.0-2ubuntu1~24.04.1 Ubuntu:24.04/noble-updates, Ubuntu:24.04/noble-security [amd64])
Inst g++-12 (12.4.0-2ubuntu1~24.04.1 Ubuntu:24.04/noble-updates, Ubuntu:24.04/noble-security [amd64])
Conf gcc-12-base (12.4.0-2ubuntu1~24.04.1 Ubuntu:24.04/noble-updates, Ubuntu:24.04/noble-security [amd64])
Conf cpp-12 (12.4.0-2ubuntu1~24.04.1 Ubuntu:24.04/noble-updates, Ubuntu:24.04/noble-security [amd64])
Conf libgcc-12-dev (12.4.0-2ubuntu1~24.04.1 Ubuntu:24.04/noble-updates, Ubuntu:24.04/noble-security [amd64])
Conf gcc-12 (12.4.0-2ubuntu1~24.04.1 Ubuntu:24.04/noble-updates, Ubuntu:24.04/noble-security [amd64])
Conf libstdc++-12-dev (12.4.0-2ubuntu1~24.04.1 Ubuntu:24.04/noble-updates, Ubuntu:24.04/noble-security [amd64])
Conf g++-12 (12.4.0-2ubuntu1~24.04.1 Ubuntu:24.04/noble-updates, Ubuntu:24.04/noble-security [amd64])
