Iteration 1/10
Iteration 2/10
Iteration 3/10
Iteration 4/10
Iteration 5/10
Iteration 6/10
Iteration 7/10
Iteration 8/10
Iteration 9/10
Iteration 10/10
Final mesh improvement
{
  "status": "PASS",
  "python": "3.10.16 | packaged by conda-forge | (main, Apr  3 2025, 14:14:45) [MSC v.1943 64 bit (AMD64)]",
  "python_executable": "D:\\anaconda3\\envs\\vmtk-env\\python.exe",
  "vmtk_package_version": "1.5.0",
  "vtk_version": "9.2.6",
  "official_flow_filter": "vtkvmtkPolyDataFlowExtensionsFilter",
  "official_remesher": "vmtkscripts.vmtkSurfaceRemeshing",
  "official_capper": "vmtkscripts.vmtkSurfaceCapper",
  "input_points": 23056,
  "input_cells": 45874,
  "raw_points": 48002,
  "raw_cells": 95766,
  "remeshed_open_points": 192859,
  "remeshed_open_cells": 101105,
  "capped_points": 192859,
  "capped_cells": 101290,
  "cell_entity_ids": [
    1,
    2,
    3,
    4,
    5
  ],
  "wall_entity_id": 1,
  "cap_entity_ids": [
    2,
    3,
    4,
    5
  ],
  "parameters": {
    "project_extension_definition": "5D",
    "verified_vmtk_length_definition": "AdaptiveExtensionLength: extensionLength = meanRadius * ExtensionRatio",
    "verified_official_source_line": "vtkvmtkPolyDataFlowExtensionsFilter.cxx:437-440",
    "interpolation_mode": "thinplatespline",
    "preserve_cross_section_shape": false,
    "extension_mode": "centerlinedirection",
    "sigma": 1.0,
    "transition_ratio": 0.5,
    "adaptive_extension_length": true,
    "extension_ratio": 10.0,
    "adaptive_extension_radius": true,
    "adaptive_boundary_points": true,
    "remesh_after_extension": true,
    "automatic_fallback": false,
    "parameter_sweep": false,
    "custom_tps_implementation": false
  },
  "remesh": {
    "element_size_mode": "edgelength",
    "target_edge_length_um": 0.25913916380971913,
    "preserve_boundary_edges": true,
    "parameter_sweep_count": 0,
    "target_size_count": 1
  },
  "cap": {
    "method": "simple",
    "cell_entity_ids_array_name": "CellEntityIds",
    "cell_entity_id_offset": 1
  },
  "custom_tps_implementation": false,
  "preserve_cross_section_shape_api_available": false,
  "preserve_cross_section_shape_effective": false,
  "preserve_cross_section_shape_compatibility": "official v1.5.0 behavior always transitions the source profile to the target circle"
}
