Loaded 4.446497634984553 tetra 371402
20 0.005 0.6823848789790645 position [0.000103413470171405, 5.537573038638835e-05, 0.00015689296797528166] event ACTIVE
40 0.01 1.3755842979880981 position [0.00010333079348800252, 5.3156806820705986e-05, 0.00015444212436015767] event ACTIVE
60 0.015 2.3330949830124155 position [0.00010324569569846106, 5.093097857441044e-05, 0.0001519976630179121] event ACTIVE
80 0.02 2.915460695978254 position [0.00010316680321583055, 4.870615114088532e-05, 0.00014955220620426537] event ACTIVE
100 0.025 3.792366496985778 position [0.00010308351970793384, 4.6487468658467724e-05, 0.000147112954262835] event ACTIVE
120 0.03 4.468206087010913 position [0.00010294983482649359, 4.437523496641375e-05, 0.0001446932675541843] event ACTIVE
140 0.035 5.362487367005087 position [0.00010226964497136318, 4.3117770069589666e-05, 0.00014195062859292834] event ACTIVE
160 0.04 6.19017618597718 position [0.00010127569609230258, 4.2554098445017884e-05, 0.00013902839165112215] event ACTIVE
180 0.045 7.072455235000234 position [0.000100178876151013, 4.2368155086522975e-05, 0.00013617732502988576] event ACTIVE
200 0.05 7.915303563000634 position [9.904324744846769e-05, 4.239532244652764e-05, 0.00013327133477267957] event ACTIVE
220 0.055 8.905388753977604 position [9.79152742365985e-05, 4.254737992584609e-05, 0.00013038848125324347] event ACTIVE
240 0.06 9.603666147973854 position [9.683878323232017e-05, 4.28266568287535e-05, 0.00012741790415542387] event ACTIVE
260 0.065 10.600228072027676 position [9.584322924049976e-05, 4.3192499268461645e-05, 0.0001242039555924741] event ACTIVE
280 0.07 11.250594455981627 position [9.474837490689075e-05, 4.380800932998898e-05, 0.00012076960992822697] event ACTIVE
300 0.075 12.0934453009977 position [9.344330711000491e-05, 4.513739512768254e-05, 0.000117026113127781] event ACTIVE
320 0.08 13.456094902008772 position [9.227772680340634e-05, 4.764162259343574e-05, 0.0001127895121943809] event ACTIVE
340 0.085 14.556704438989982 position [8.869737790060196e-05, 4.7559190149664416e-05, 0.00011073079141110282] event ACTIVE
360 0.09 15.552519324002787 position [8.389121233637513e-05, 4.534622223178361e-05, 0.00011048823151531984] event ACTIVE
         21683153 function calls (21681951 primitive calls) in 16.175 seconds

   Ordered by: cumulative time
   List reduced from 336 to 20 due to restriction <20>

   ncalls  tottime  percall  cumtime  percall filename:lineno(function)
      379    0.003    0.000   16.202    0.043 /home/lzy/projects/ulm_particle_3d_particle0/particle_3d/src/particle_3d/particle65_motion.py:109(step_to)
  405/379    0.005    0.000   13.700    0.036 /home/lzy/projects/ulm_particle_3d_particle0/particle_3d/src/particle_3d/physical_time_refinement.py:27(refine_interval)
      405    0.024    0.000   13.694    0.034 /home/lzy/projects/ulm_particle_3d_particle0/particle_3d/src/particle_3d/particle65_motion.py:47(trial)
     1581    0.273    0.000    5.961    0.004 /home/lzy/projects/ulm_particle_3d_particle0/particle_3d/src/particle_3d/wall_gap.py:24(wall_gap)
     3188    0.088    0.000    4.276    0.001 /home/lzy/projects/ulm_particle_3d_particle0/particle_3d/src/particle_3d/wall_geometry.py:44(candidates)
     8728    1.893    0.000    4.079    0.000 /home/lzy/projects/ulm_particle_3d_particle0/particle_3d/src/particle_3d/convex_triangle.py:34(triangle_closest_many)
     3985    0.458    0.000    3.406    0.001 /home/lzy/projects/ulm_particle_3d_particle0/particle_3d/src/particle_3d/convex_triangle.py:228(capsule_triangle_many)
      810    0.009    0.000    3.120    0.004 /home/lzy/projects/ulm_particle_3d_particle0/particle_3d/src/particle_3d/nearfield_handoff.py:23(exact_interactions)
      405    0.642    0.002    2.509    0.006 /home/lzy/projects/ulm_particle_3d_particle0/particle_3d/src/particle_3d/nearfield_handoff.py:80(wall_handoff_certificate)
      379    0.005    0.000    2.489    0.007 /home/lzy/projects/ulm_particle_3d_particle0/particle_3d/src/particle_3d/particle4_motion.py:134(initial_world)
      392    0.331    0.001    2.358    0.006 /home/lzy/projects/ulm_particle_3d_particle0/particle_3d/src/particle_3d/physical_time_refinement.py:93(swept_clearance_certificate)
     4377    2.324    0.001    2.324    0.001 {method 'FindCellsWithinBounds' of 'vtkmodules.vtkCommonDataModel.vtkStaticCellLocator' objects}
      405    0.020    0.000    2.239    0.006 /home/lzy/projects/ulm_particle_3d_particle0/particle_3d/src/particle_3d/nearfield_handoff.py:44(handoff_constraints)
      784    0.003    0.000    2.210    0.003 <stdin>:17(provider)
      784    0.017    0.000    2.207    0.003 /home/lzy/projects/ulm_particle_3d_particle0/particle_3d/src/particle_3d/field.py:110(sample)
      784    0.313    0.000    2.182    0.003 /home/lzy/projects/ulm_particle_3d_particle0/particle_3d/src/particle_3d/field.py:92(locate)
   319312    2.057    0.000    2.057    0.000 {method 'reduce' of 'numpy.ufunc' objects}
    27439    0.701    0.000    2.018    0.000 {built-in method builtins.sorted}
    11942    0.031    0.000    1.872    0.000 /home/lzy/projects/ulm_particle_3d_particle0/particle_3d/src/particle_3d/particle_shapes.py:21(roundoff_length)
    61658    0.031    0.000    1.822    0.000 {built-in method builtins.max}


Traceback (most recent call last):
  File "<stdin>", line 30, in <module>
  File "/home/lzy/projects/ulm_particle_3d_particle0/particle_3d/src/particle_3d/particle8_replay.py", line 47, in write
    path.write_text(json.dumps(value, ensure_ascii=False, indent=2, allow_nan=False) + '\n')
                    ~~~~~~~~~~^^^^^^^^^^^^^^^^^^^^^^^^^^^^^^^^^^^^^^^^^^^^^^^^^^^^^^
  File "/home/lzy/miniconda3/lib/python3.13/json/__init__.py", line 242, in dumps
    **kw).encode(obj)
          ~~~~~~^^^^^
  File "/home/lzy/miniconda3/lib/python3.13/json/encoder.py", line 202, in encode
    chunks = self.iterencode(o, _one_shot=True)
  File "/home/lzy/miniconda3/lib/python3.13/json/encoder.py", line 263, in iterencode
    return _iterencode(o, 0)
  File "/home/lzy/miniconda3/lib/python3.13/json/encoder.py", line 182, in default
    raise TypeError(f'Object of type {o.__class__.__name__} '
                    f'is not JSON serializable')
TypeError: Object of type ndarray is not JSON serializable
