01_full_vessel_replay 0 / 260
01_full_vessel_replay 60 / 260
01_full_vessel_replay 120 / 260
01_full_vessel_replay 180 / 260
01_full_vessel_replay 240 / 260
WRITTEN particle8_1_anim_01_full_vessel_replay
02_accumulation 0 / 240
02_accumulation 60 / 240
02_accumulation 120 / 240
02_accumulation 180 / 240
WRITTEN particle8_1_anim_02_accumulation
03_single_journeys 0 / 336
03_single_journeys 60 / 336
03_single_journeys 120 / 336
03_single_journeys 180 / 336
03_single_journeys 240 / 336
03_single_journeys 300 / 336
WRITTEN particle8_1_anim_03_single_journeys
04_outlet_ensemble 0 / 260
04_outlet_ensemble 60 / 260
04_outlet_ensemble 120 / 260
04_outlet_ensemble 180 / 260
04_outlet_ensemble 240 / 260
WRITTEN particle8_1_anim_04_outlet_ensemble
