long 10000 MB 9 elapsed_s 13.3
long 20000 MB 18 elapsed_s 27.0
long 30000 MB 27 elapsed_s 40.9
long 40000 MB 36 elapsed_s 54.2
long 50000 MB 45 elapsed_s 68.0
long 60000 MB 54 elapsed_s 81.6
long 70000 MB 63 elapsed_s 95.7
long 80000 MB 72 elapsed_s 109.1
long 90000 MB 81 elapsed_s 122.1
long 100000 MB 90 elapsed_s 135.4
long 110000 MB 99 elapsed_s 149.7
long 120000 MB 108 elapsed_s 164.6
long 130000 MB 117 elapsed_s 178.7
long 140000 MB 126 elapsed_s 192.7
long 150000 MB 135 elapsed_s 206.2
long 160000 MB 144 elapsed_s 219.6
long 170000 MB 153 elapsed_s 233.3
long 180000 MB 162 elapsed_s 247.3
long 190000 MB 171 elapsed_s 262.0
long 200000 MB 180 elapsed_s 276.1
long 210000 MB 189 elapsed_s 290.4
long 220000 MB 198 elapsed_s 304.1
long 230000 MB 207 elapsed_s 317.2
long 240000 MB 216 elapsed_s 331.7
long 250000 MB 225 elapsed_s 345.4
long 260000 MB 234 elapsed_s 359.5
long 270000 MB 243 elapsed_s 373.2
long 280000 MB 252 elapsed_s 387.0
long 290000 MB 262 elapsed_s 400.9
long 300000 MB 271 elapsed_s 414.7
long 310000 MB 280 elapsed_s 427.7
long 320000 MB 289 elapsed_s 441.8
long 330000 MB 298 elapsed_s 455.8
long 340000 MB 307 elapsed_s 469.5
long 350000 MB 316 elapsed_s 483.3
long 360000 MB 325 elapsed_s 496.0
long 370000 MB 334 elapsed_s 510.3
long 380000 MB 343 elapsed_s 524.2
long 390000 MB 352 elapsed_s 538.5
Traceback (most recent call last):
  File "/home/lzy/projects/ulm_particle_3d_particle0/particle_3d/scripts/run_particle7_long.py", line 7, in <module>
    a=p.parse_args(); print(run_long(a.output,a.mb_target),flush=True)
                            ~~~~~~~~^^^^^^^^^^^^^^^^^^^^^^
  File "/home/lzy/projects/ulm_particle_3d_particle0/particle_3d/src/particle_3d/particle7_long.py", line 49, in run_long
    p,status,detail=admission.check(e,point,near)
                    ~~~~~~~~~~~~~~~^^^^^^^^^^^^^^
  File "/home/lzy/projects/ulm_particle_3d_particle0/particle_3d/src/particle_3d/injection_admission.py", line 65, in check
    g=pair_gap(shape,other,event['particle_id'],tag)
  File "/home/lzy/projects/ulm_particle_3d_particle0/particle_3d/src/particle_3d/pair_geometry.py", line 207, in pair_gap
    r = _ordered_gap(shape_j, shape_i, j, i)
  File "/home/lzy/projects/ulm_particle_3d_particle0/particle_3d/src/particle_3d/pair_geometry.py", line 179, in _ordered_gap
    normals, count = _stationary(adjusted, matrices, radius, basis, full_seeds if exhaustive else seeds)
                     ~~~~~~~~~~~^^^^^^^^^^^^^^^^^^^^^^^^^^^^^^^^^^^^^^^^^^^^^^^^^^^^^^^^^^^^^^^^^^^^^^^^
  File "/home/lzy/projects/ulm_particle_3d_particle0/particle_3d/src/particle_3d/pair_geometry.py", line 115, in _stationary
    result = minimize(lambda v: evaluate(v)[0], x, jac=lambda v: evaluate(v)[1],
                      method='SLSQP', constraints={'type': 'eq', 'fun': lambda v: v@v-1,
                      'jac': lambda v: 2*v}, options={'ftol': 8*EPS, 'maxiter': 100})
  File "/home/lzy/projects/formal_3D_flow_solver/FEM_SimVascular/.venv/lib/python3.13/site-packages/scipy/optimize/_minimize.py", line 796, in minimize
    res = _minimize_slsqp(fun, x0, args, jac, bounds,
                          constraints, callback=callback, **options)
  File "/home/lzy/projects/formal_3D_flow_solver/FEM_SimVascular/.venv/lib/python3.13/site-packages/scipy/optimize/_slsqp_py.py", line 529, in _minimize_slsqp
    fx = sf.fun(x)
  File "/home/lzy/projects/formal_3D_flow_solver/FEM_SimVascular/.venv/lib/python3.13/site-packages/scipy/optimize/_differentiable_functions.py", line 392, in fun
    if not np.array_equal(x, self.x):
           ~~~~~~~~~~~~~~^^^^^^^^^^^
  File "/home/lzy/projects/formal_3D_flow_solver/FEM_SimVascular/.venv/lib/python3.13/site-packages/numpy/_core/numeric.py", line 2452, in _array_equal_dispatcher
    def _array_equal_dispatcher(a1, a2, equal_nan=None):
    
KeyboardInterrupt
