--------------------------------------------------------------------------
WARNING: Open MPI tried to bind a process but failed.  This is a
warning only; your job will continue, though performance may
be degraded.

  Local host:        756bc5de7d05
  Application name:  /workspace/hemocell_gpu_poc/20260914_stage3_sustained/build_cpu/vascular/vascularPoC
  Error message:     failed to bind memory
  Location:          ../../../../../../orte/mca/rtc/hwloc/rtc_hwloc.c:447

--------------------------------------------------------------------------
[756bc5de7d05:70528] MCW rank 8 bound to socket 0[core 8[hwt 0-1]]: [../../../../../../../../BB/../../../../../../..]
[756bc5de7d05:70528] MCW rank 9 bound to socket 0[core 9[hwt 0-1]]: [../../../../../../../../../BB/../../../../../..]
[756bc5de7d05:70528] MCW rank 10 bound to socket 0[core 10[hwt 0-1]]: [../../../../../../../../../../BB/../../../../..]
[756bc5de7d05:70528] MCW rank 11 bound to socket 0[core 11[hwt 0-1]]: [../../../../../../../../../../../BB/../../../..]
[756bc5de7d05:70528] MCW rank 0 bound to socket 0[core 0[hwt 0-1]]: [BB/../../../../../../../../../../../../../../..]
[756bc5de7d05:70528] MCW rank 1 bound to socket 0[core 1[hwt 0-1]]: [../BB/../../../../../../../../../../../../../..]
[756bc5de7d05:70528] MCW rank 2 bound to socket 0[core 2[hwt 0-1]]: [../../BB/../../../../../../../../../../../../..]
[756bc5de7d05:70528] MCW rank 3 bound to socket 0[core 3[hwt 0-1]]: [../../../BB/../../../../../../../../../../../..]
[756bc5de7d05:70528] MCW rank 4 bound to socket 0[core 4[hwt 0-1]]: [../../../../BB/../../../../../../../../../../..]
[756bc5de7d05:70528] MCW rank 5 bound to socket 0[core 5[hwt 0-1]]: [../../../../../BB/../../../../../../../../../..]
[756bc5de7d05:70528] MCW rank 6 bound to socket 0[core 6[hwt 0-1]]: [../../../../../../BB/../../../../../../../../..]
[756bc5de7d05:70528] MCW rank 7 bound to socket 0[core 7[hwt 0-1]]: [../../../../../../../BB/../../../../../../../..]
[756bc5de7d05:70528] 11 more processes have sent help message help-orte-odls-default.txt / memory not bound
[756bc5de7d05:70528] Set MCA parameter "orte_base_help_aggregate" to 0 to see all help / error messages
NATIVE_CAP_TAGS_PASS triangles=191 profile_integral_error=0
STAGE 0 safe=1 Qin=-0 CV_mass=1.5229218438986982e-12
GPU_POC_STAGE3_COMPLETE timesteps=200 auto_converged=0 CELL_COUNT=0
