{
  "status": "PASS",
  "python": "3.10.20 | packaged by Anaconda, Inc. | (main, Jun 11 2026, 15:13:20) [MSC v.1942 64 bit (AMD64)]",
  "python_executable": "D:\\anaconda3\\envs\\pmp\\python.exe",
  "vmtk_package_version": "1.5.0",
  "vtk_version": "9.2.6",
  "custom_tps_implementation": false,
  "operation": "cap_only",
  "official_capper": "vmtkscripts.vmtkSurfaceCapper",
  "surface_remesher_called": false,
  "global_surface_remeshing_performed": false,
  "raw_points": 46312,
  "raw_cells": 92386,
  "capped_points": 46312,
  "capped_cells": 92620,
  "cell_entity_ids": [
    1,
    2,
    3,
    4,
    5
  ],
  "wall_entity_id": 1,
  "cap_entity_ids": [
    2,
    3,
    4,
    5
  ],
  "cap": {
    "method": "simple",
    "interactive": false,
    "triangle_output": true,
    "cell_entity_ids_array_name": "CellEntityIds",
    "cell_entity_id_offset": 1
  }
}
