2026-09-27 23:53:53,063 CRIT Supervisor is running as root.  Privileges were not dropped because no user is specified in the config file.  If you intend to run as root, you can set user=root in the config file to avoid this message.
2026-09-27 23:53:53,065 INFO RPC interface 'supervisor' initialized
2026-09-27 23:53:53,065 CRIT Server 'unix_http_server' running without any HTTP authentication checking
2026-09-27 23:53:53,066 INFO daemonizing the supervisord process
2026-09-27 23:53:53,066 INFO supervisord started with pid 621123
2026-09-27 23:53:54,068 INFO spawned: 'prepare_and_pilot' with pid 621124
2026-09-27 23:53:55,069 INFO success: prepare_and_pilot entered RUNNING state, process has stayed up for > than 0 seconds (startsecs)
2026-09-27 23:56:04,650 INFO exited: prepare_and_pilot (exit status 0; expected)
2026-09-27 23:59:25,372 INFO spawned: 'resources' with pid 621540
2026-09-27 23:59:25,373 INFO success: resources entered RUNNING state, process has stayed up for > than 0 seconds (startsecs)
2026-09-27 23:59:27,054 INFO spawned: 'production' with pid 621556
2026-09-27 23:59:27,054 INFO success: production entered RUNNING state, process has stayed up for > than 0 seconds (startsecs)
2026-09-28 00:02:15,686 INFO spawned: 'delivery' with pid 622042
2026-09-28 00:02:15,686 INFO success: delivery entered RUNNING state, process has stayed up for > than 0 seconds (startsecs)
2026-09-28 00:07:49,631 INFO waiting for delivery to stop
2026-09-28 00:07:49,633 WARN stopped: delivery (terminated by SIGTERM)
2026-09-28 00:07:49,634 INFO spawned: 'delivery' with pid 622937
2026-09-28 00:07:49,634 INFO success: delivery entered RUNNING state, process has stayed up for > than 0 seconds (startsecs)
2026-09-28 01:37:23,983 INFO exited: production (exit status 0; expected)
2026-09-28 01:37:24,430 INFO exited: resources (exit status 0; expected)
2026-09-28 01:37:33,804 INFO exited: delivery (exit status 0; expected)
