 Starting up Musubi with nprocs:            4

 .___  ___.  __    __       _______. __    __  .______    __  
 |   \/   | |  |  |  |     /       ||  |  |  | |   _  \  |  | 
 |  \  /  | |  |  |  |    |   (----`|  |  |  | |  |_)  | |  | 
 |  |\/|  | |  |  |  |     \   \    |  |  |  | |   _  <  |  | 
 |  |  |  | |  `--'  | .----)   |   |  `--'  | |  |_)  | |  | 
 |__|  |__|  \______/  |_______/     \______/  |______/  |_v2.0.0-4-g4e8b27

 (C) 2012 German Research School for Simulation Sciences
 (C) 2013-2020 University Siegen
 (C) 2021 German Aerospace Center (DLR) -
          Institute of Software Methods for Product Virtualization
 
--------------------------------------------------------------------------------
 | INFORMATION ON THE EXECUTABLE
 | Revision of the code in this executable: 81f8c4f13772+
 |
 | Compiled with GFORTRAN in version 13.4.0
 | Using the command /home/lzy/.local/bin/mpif90
 | And the following flags:
 | -O3 -march=native -Wall -Wno-maybe-uninitialized -Werror -Wno-unused-dum
 | my-argument -fmax-stack-var-size=131072 -std=f2008 -pedantic-errors -O3
 | -march=native -Wall -Wno-maybe-uninitialized -Werror
 |
 | Build date: 2026-08-29
--------------------------------------------------------------------------------
--------------------------------------------------------------------------------
 | PRE-PROCESSING SETTINGS:
 | Using AOS (array of structures data layout)
 | Using PULL for streaming
--------------------------------------------------------------------------------

Run at: 2026-09-01 21:03 UTC+02:00

 Loading configuration file: musubi.lua
--------------------------------------------------------------------------------
--------------------------------------------------------------------------------
--------------------------------------------------------------------------------
Loading general parameters:
Using /dev/null as null device.
Will print run time info in the end
(/proc/self/status).
Size of the IO Buffer (MB): 8
Simulation Name: tau1_reference_scaled_coarse
 +-------------------------------------------+
  - Now:
  iterations:            0
  simTime   :    0.0000000000000000     
  wallClock :    9.5757500000000001E-004
 
  - Time Control:
 +-------------------------------------------+
Iterations between trigger checks: 1
  - Min:
  iterations:            0
  simTime   :    0.0000000000000000     
 
  - Max:
  iterations:       354295
 
  - Interval:
  iterations:          708
 +-------------------------------------------+
 
  - Abort Criteria:
  stop_file: /home/lzy/u3da/tau1_reference_scaled_cbf_20260901/coarse/stop
  steady_state:  F
 
  - Status:
 +-------------------------------------------+
 Using global alltoall
 Loading communication pattern:
 isend_irecv
Write timings to: tracking/timing.res
--------------------------------------------------------------------------------
 Loading general solver params: 
 Choosing Control Routine: standard
 Setting SCALING to:diffusive
Solid elements will be removed from BC list
Block size (elements): 576
--------------------------------------------------------------------------------
--------------------------------------------------------------------------------
 Loading restart ...
 *****************************
 Restart read parameters: 
   filename : /home/lzy/u3da/tau1_reference_scaled_cbf_20260901/coarse/restart/tau1_reference_scaled_coarse_header_283436.lua
 Opening Restart Header /home/lzy/u3da/tau1_reference_scaled_cbf_20260901/coarse/restart/tau1_reference_scaled_coarse_header_283436.lua
 Solver: Musubi_v2.0.0-4-g4e8b27
--------------------------------------------------------------------------------
 Load mesh header from file: /mnt/e/ULM/hatimb-particle_flow_simulator/ulm_3D_vascular/outputs/cfd_flow/healthy_mouse_capillary_tau1_reference_scaled_grid_convergence_anchor003274_20260901/coarse/seeder/mesh/header.lua
 The real bounding cube is...
   min:    8.0422771579034588E-005   5.5896359424537687E-005   1.1160639894086849E-004
   max:    1.7844277157903459E-004   1.5469635942453770E-004   1.6698639894086848E-004
 Load mesh from file: /mnt/e/ULM/hatimb-particle_flow_simulator/ulm_3D_vascular/outputs/cfd_flow/healthy_mouse_capillary_tau1_reference_scaled_grid_convergence_anchor003274_20260901/coarse/seeder/mesh/elemlist.lsb
 using one process to read and broadcast
 Done, reading the mesh!
 NO BALANCING!
 Done loading weights.
 Got a mesh with following properties:
                 Mesh name: fluidTree
  Total number of elements: 82957
  Local number of elements: 20740
      Number of properties: 2
      Number of partitions: 4
             Minimum level: 9
             Maximum level: 9
       Bounding Box Origin:     0.0001    0.0001    0.0001
       Bounding Box Length:     0.0001
     Coarsest element size:     0.0000
       Finest element size:     0.0000
  Number of boundary elements: 11748
      Number of qVal elements: 11702
--------------------------------------------------------------------------------
 Restarting from point in time:
  iterations:       283436
  simTime   :    9.7656848114753211E-004
  wallClock :    1252.5787495430000     
 Loading varsys table 
 Syshandle            1
 *****************************
 
 *****************************
 Restart write parameters: 
   prefix   : /home/lzy/u3da/tau1_reference_scaled_cbf_20260901/coarse/restart/
 +-------------------------------------------+
Iterations between trigger checks: 1
  - Min:
  iterations:       354295
 
  - Max:
  iterations:       354295
 
  - Interval:
  iterations:        70859
 +-------------------------------------------+
 *****************************
 
--------------------------------------------------------------------------------
 Load boundary ID from file: /mnt/e/ULM/hatimb-particle_flow_simulator/ulm_3D_vascular/outputs/cfd_flow/healthy_mouse_capillary_tau1_reference_scaled_grid_convergence_anchor003274_20260901/coarse/seeder/mesh/bnd.lsb
 read on a single process
Loading qVal data from directory: /mnt/e/ULM/hatimb-particle_flow_simulator/ulm_3D_vascular/outputs/cfd_flow/healthy_mouse_capillary_tau1_reference_scaled_grid_convergence_anchor003274_20260901/coarse/seeder/mesh/
 Load hasQVal from file: /mnt/e/ULM/hatimb-particle_flow_simulator/ulm_3D_vascular/outputs/cfd_flow/healthy_mouse_capillary_tau1_reference_scaled_grid_convergence_anchor003274_20260901/coarse/seeder/mesh/qval.lsb
 Done, reading the qVal!
 No IBM found!
--------------------------------------------------------------------------------
Lattice dx and dt on each level
level=9, dxL=   1.00000, dtL=   1.00000
--------------------------------------------------------------------------------
--------------------------------------------------------------------------------
  Loading physics table ...
  Physics table is defined.
  All values are expressed in physical units.
 Speed of sound (cs) is not defined.
 Attempting to load time step dt on coarsest level:
   cs =   43.568E+00
   dt =    3.445E-09
 WARNING: No value given for coulomb0
 WARNING: Reference coulomb0 is not found. 
 Setting reference coulomb0 to fundamental electrical charge.
Reference physical quantities:
  rho0       =    1.056E+03
  mass0      =   18.560E-18
  mole0      =    1.661E-24
  moleDens0  =   94.478E-06
  molWeight0 =   11.177E+06
  Temp0      =    1.000E+00
  coulomb0   =  160.218E-21
Conversion factors on level: 9
  dx            =  260.000E-09
  dt            =    3.445E-09
  pressure      =    6.013E+06
  velocity      =   75.462E+00
  kine. visc.   =   19.620E-06
  dyn. visc.    =   20.719E-03
  acceleration  =   21.902E+09
  force         =  406.501E-09
  body force    =   23.128E+12
  strain rate   =  290.237E+06
  energy        =  105.690E-15
  moleFlux      =    7.129E-03
  chargeDens    =    9.116E+00
  currentDens   =  687.885E+00
  massflux      =   79.687E+03
  diffusivity   =   19.620E-06
  faraday       =   96.485E+03
  gasConst      =   63.648E+09
  potential     =  659.667E+03

Over level scale factor: 
    pressure:    1.000E+00
    velocity:    1.000E+00
 strain rate:    1.000E+00
--------------------------------------------------------------------------------
--------------------------------------------------------------------------------
Loading Scheme identify table: 
kind: fluid
Layout: d3q19
relaxation: bgk
  variant: standard
--------------------------------------------------------------------------------
 Creating stencil kind: d3q19
--------------------------------------------------------------------------------
 Loading the field base info ...
 No field table defined.
 Assuming single field and label = "".
--------------------------------------------------------------------------------
 Initializing global variable system for scheme kind: fluid
 Appending state variables 
--------------------------------------------------------------------------------
Interpolation:
  method: quadratic
   order:  2
  weights_method: linear_distance
  inverse distance powefac:  6
--------------------------------------------------------------------------------
 No possible transport variable defined for scheme kind: fluid
--------------------------------------------------------------------------------
 Loading the fields ...
 Number of fields to load:            1
 No field table and scheme table are defined.Loading field data from config
 Loading field: 
 Loading the fluid properties.
 Loading fluid informations
 loading space time function from key: kinematic_viscosity
 Spacetime function is a const value:    3.2700000000000000E-006
 St-fun is not a table, thus setting global shape.
 No nonNewtonian table defined
 No turbulence table defined
--------------------------------------------------------------------------------
--------------------------------------------------------------------------------
  Loading initial conditions
Loading spatial for pressure
 Load spatial as single constant
   Spatial for pressure is a defined as const
value =    2.004E+06
Loading spatial for velocityX
 Load spatial as single constant
   Spatial for velocityX is a defined as const
value =    0.000E+00
Loading spatial for velocityY
 Load spatial as single constant
   Spatial for velocityY is a defined as const
value =    0.000E+00
Loading spatial for velocityZ
 Load spatial as single constant
   Spatial for velocityZ is a defined as const
value =    0.000E+00
Loading spatial for Sxx
 Load spatial as single constant
 ERROR: Fatal error occured in loading scalar constants
 WARNING: variable is non-existent!
 Setting kind to be "none" and value =    0.000E+00 for all 1 components
   Spatial for Sxx is a defined as none
Loading spatial for Syy
 Load spatial as single constant
 ERROR: Fatal error occured in loading scalar constants
 WARNING: variable is non-existent!
 Setting kind to be "none" and value =    0.000E+00 for all 1 components
   Spatial for Syy is a defined as none
Loading spatial for Szz
 Load spatial as single constant
 ERROR: Fatal error occured in loading scalar constants
 WARNING: variable is non-existent!
 Setting kind to be "none" and value =    0.000E+00 for all 1 components
   Spatial for Szz is a defined as none
Loading spatial for Sxy
 Load spatial as single constant
 ERROR: Fatal error occured in loading scalar constants
 WARNING: variable is non-existent!
 Setting kind to be "none" and value =    0.000E+00 for all 1 components
   Spatial for Sxy is a defined as none
Loading spatial for Syz
 Load spatial as single constant
 ERROR: Fatal error occured in loading scalar constants
 WARNING: variable is non-existent!
 Setting kind to be "none" and value =    0.000E+00 for all 1 components
   Spatial for Syz is a defined as none
Loading spatial for Sxz
 Load spatial as single constant
 ERROR: Fatal error occured in loading scalar constants
 WARNING: variable is non-existent!
 Setting kind to be "none" and value =    0.000E+00 for all 1 components
   Spatial for Sxz is a defined as none
--------------------------------------------------------------------------------
  Loading BC header
   Found BC wall of kind wall_libb
   Found BC inlet of kind adaptive_flux_pressure
   Found BC outlet_01 of kind pressure_eq
   Found BC outlet_02 of kind pressure_eq
   Found BC outlet_03 of kind pressure_eq
 matching boundary defination in lua to mesh
 Number of Boundaries: 5
--------------------------------------------------------------------------------
 Loading boundary definition for nBCs: 5
   Boundary: 1
    Curved:  F
     Wall LIBB treatment: wall
    Default qVal:   0.50000000000000000     
   required neighbors: 0
   Boundary: 2
    Curved:  F
    Adaptive global flux/pressure treatment for inlet
  Loading bc state for mass_flowrate
 Expected variable mass_flowrate is defined
 Did not find a variable name for mass_flowrate
 Trying to load it as an anonymous space time function
 loading space time function from key: mass_flowrate
 Spacetime function is a const value:    2.8901803804796421E-012
 St-fun is not a table, thus setting global shape.
 Found a spacetime function for mass_flowrate
    Default qVal:   0.50000000000000000     
   required neighbors: 2
   Boundary: 3
    Curved:  F
     Outlet pressure equilibrium type for outlet_01
  Loading bc state for pressure
 Expected variable pressure is defined
 Did not find a variable name for pressure
 Trying to load it as an anonymous space time function
 loading space time function from key: pressure
 St-fun is not a table, thus setting global shape.
 Found a spacetime function for pressure
    Default qVal:   0.50000000000000000     
   required neighbors: 2
   Boundary: 4
    Curved:  F
     Outlet pressure equilibrium type for outlet_02
  Loading bc state for pressure
 Expected variable pressure is defined
 Did not find a variable name for pressure
 Trying to load it as an anonymous space time function
 loading space time function from key: pressure
 St-fun is not a table, thus setting global shape.
 Found a spacetime function for pressure
    Default qVal:   0.50000000000000000     
   required neighbors: 2
   Boundary: 5
    Curved:  F
     Outlet pressure equilibrium type for outlet_03
  Loading bc state for pressure
 Expected variable pressure is defined
 Did not find a variable name for pressure
 Trying to load it as an anonymous space time function
 loading space time function from key: pressure
 St-fun is not a table, thus setting global shape.
 Found a spacetime function for pressure
    Default qVal:   0.50000000000000000     
   required neighbors: 2
--------------------------------------------------------------------------------
 Loading the mappings from table: source
 Table source could not be opened for reading variable mappings!
--------------------------------------------------------------------------------
 Loading the mappings from table: glob_source
 Table glob_source could not be opened for reading variable mappings!
 Loading transport variables
--------------------------------------------------------------------------------
 Variable table not defined with key: variable
--------------------------------------------------------------------------------
 No Tracking entities found!
--------------------------------------------------------------------------------
--------------------------------------------------------------------------------
 NO particle modelling
--------------------------------------------------------------------------------
--------------------------------------------------------------------------------
 Initializing musubi ...
 Initializing the scheme ...
 Map stencil to treelm definition and vice versa ...
Initializing the moment matrix by stencil: d3q19
 Building variable system for scheme kind: fluid
 Appending auxiliary variables 
 Current append variable wave loop:            1
 Append derive variables to varSys
 Variable pressure_deviation cant be added due to missing input variable pressure_reference
 Error: variable pressure_deviation is not added to variable system
 Appending boundary variables 
 Append derive physical variables to varSys
 Append meshInfo variables to varSys
 Current append variable wave loop:            2
 Append derive variables to varSys
 Appending boundary variables 
 Append derive physical variables to varSys
 Append meshInfo variables to varSys
 Current append variable wave loop:            3
 Append derive variables to varSys
 Appending boundary variables 
 Append derive physical variables to varSys
 Append meshInfo variables to varSys
 Done appending variables to varSys
 Storing state variable position 
 Storing derive variable position 
--------------------------------------------------------------------------------
 Starting to initialize the geometry
--------------------------------------------------------------------------------
 Creating boundary lists ...
BC: wall, iBnd: 1, normal:   0 -1  1, Ind: 8
BC: outlet_02, iBnd: 2, normal:   1  0  1, Ind: 14
BC: outlet_03, iBnd: 3, normal:  -1  0  0, Ind: 1
BC: inlet, iBnd: 4, normal:   0  0 -1, Ind: 3
BC: outlet_01, iBnd: 5, normal:   0 -1 -1, Ind: 7
 Set BC stencil: outlet_02
 Set BC stencil: outlet_03
 Set BC stencil: inlet
 Set BC stencil: outlet_01
 Finalizing stencils...
 Total Number of stencils: 5
 iStencil:  1, label: d3q19
 nElems: 82957
 iStencil:  2, label: outlet_02_TE2TE3_QQN2
 nElems: 98
 iStencil:  3, label: outlet_03_WW2_QQN2
 nElems: 105
 iStencil:  4, label: inlet_BB2_QQN2
 nElems: 136
 iStencil:  5, label: outlet_01_BS2BS3_QQN2
 nElems: 103
 Allocating level Descriptor ...
 Searching the neighbors for each element ...
 Finished searching the neighbors ID for each fluid.
 Creating level descriptor ...
 Building up the element and total list.
 Building level-wise fluid list ...
--------------------------------------------------------------------------------
 Communicating elements ...
Halo count exchange iteration: 1
 Starting all-to-all exchange of halo counts
Finished all-to-all exchanging number of elements
All to all cost: 0.591271E-02
  Finished counting valid procs and nElemsProcs.
   Done communicating nElems to Transfer
  Requesting remote halos on level 9
   Received requested halo elements successfully.
 Finished requesting remote halos
   Done requesting remote halos.
   Identifying lists
 Done exchanging number of elements to communicate.
Return halo counts and Redefine halos ...
  Returning halo counts on level 9
   Redefining halos ... 
   Done communicating stencil buffer
   Done communicating stencil buffer
   Done communicating stencil buffer
 Done with communication of elements. 
--------------------------------------------------------------------------------

--------------------------------------------------------------------------------
 Communicating elements ...
Halo count exchange iteration: 1
 Starting all-to-all exchange of halo counts
Finished all-to-all exchanging number of elements
All to all cost: 0.285208E-03
  Finished counting valid procs and nElemsProcs.
   Done communicating nElems to Transfer
  Requesting remote halos on level 9
   Received requested halo elements successfully.
 Finished requesting remote halos
   Done requesting remote halos.
   Identifying lists
 Done exchanging number of elements to communicate.
Return halo counts and Redefine halos ...
  Returning halo counts on level 9
   Redefining halos ... 
   Done communicating stencil buffer
   Done communicating stencil buffer
   Done communicating stencil buffer
 Done with communication of elements. 
--------------------------------------------------------------------------------

 Assembling total list ...
     Level: 9
    nElems: 21495
       fluid: 20740
gFromCoarser: 0
  gFromFiner: 0
        halo: 755
 Updating dependencies ...
 Updating the stencil entries
  Updating entries in the element stencils...
 Finished building up element and total list. 
Build neighbor array for stencil: 1
 level:  9, nElems to treat: 21495
Build neighbor array for stencil: 2
 level:  9, nElems to treat: 98
--------------------------------------------------------------------------------

Try to remove solid from BC: outlet_02
 Removed 23 elements on level 9
Try to remove solid from BC: outlet_03
Try to remove solid from BC: inlet
Try to remove solid from BC: outlet_01
 Build vertical dep ...
 Total number of elements on Level: 9
   Fluid:   82957
 Global Elements information:
   nElems overall: 87297
   nElems ghost from finer: 0
   nElems ghost from coarser: 0
 
Start filling field BC neighbor list 
 Allocating PDF state, neighbor and bcBuffer array
 nSize of state array: 21496
 Building state array connectivity ...
 Done with state array connectivity.
Set halo elements comm links
Amount of message per proc: 13858
Communication amount compressed to [%]: 67.22

--------------------------------------------------------------------------------
Done initializing geometry. Took [s]      0.14
--------------------------------------------------------------------------------

 Simulation time homogenize:
  iterations:       283436
  simTime   :    9.7656848114169217E-004
  wallClock :    5.4653242999999997E-002
 Time control homogenize:
 +-------------------------------------------+
Iterations between trigger checks: 1
  - Min:
  iterations:       283436
 
  - Max:
  iterations:       354295
 
  - Interval:
  iterations:          708
 +-------------------------------------------+
Initialize fluid
  Set relaxation parameter from kinematic viscosity
Fluid properties:
  Reference density rho0:  1.0000000
  Kinematic viscosity STfun kind: const
Kinematic viscosity, (min, max) on level: 9
  Physical: ( 0.0000033, 0.0000033)
  Lattice: ( 0.1666667, 0.1666667)
  Kinematic omega (min,max):( 1.0000000, 1.0000000)
 viscBulk lattice and omega: 
  viscBulk:   0.1111111
  omegaBulk:  1.0000000
Magic lambda for TRT:  0.2500000
HRR sigma:  0.9800000
DRT tauN:  0.7000000
No nonNewtonian table defined.
--------------------------------------------------------------------------------
 Allocate gradient data ...
 Filling gradient data ...
--------------------------------------------------------------------------------
 Create subtree for all space time functions stored 
 in linked list of spacetime function
 Done creating subtree for   0 spacetime functions
--------------------------------------------------------------------------------
--------------------------------------------------------------------------------
 Initializing Source terms ...
 No active source terms
--------------------------------------------------------------------------------
 Initializing transport variables ...
 No active transport variables
  Pulling pdfs from neighbor elements before collision
 Initializing restart...
 Time control homogenize:
 +-------------------------------------------+
Iterations between trigger checks: 1
  - Min:
  iterations:       354295
 
  - Max:
  iterations:       354295
 
  - Interval:
  iterations:        70859
 +-------------------------------------------+
 Auxiliary field halo communication DEACTIVATED.
Initialize BndForce
 Initializing IBM surface data
--------------------------------------------------------------------------------

 Reading restart...
  Open read... 
  Closed Read.
 Done reading restart.
 Initialize compute kernel for scheme kind: fluid
 Choosing fluid relaxation model: bgk for layout d3q19
 mus_load_particles: no particle table found
Initialize 5 boundary conditions
 Initializing BC: wall
 Initializing BC: outlet_02
 Initializing BC: outlet_03
 Initializing BC: inlet
 Initializing BC: outlet_01
--------------------------------------------------------------------------------
 Starting Musubi MAIN loop with time control:
 +-------------------------------------------+
Iterations between trigger checks: 1
  - Min:
  iterations:       283436
 
  - Max:
  iterations:       354295
 
  - Interval:
  iterations:          708
 +-------------------------------------------+
Select fast single level control routine.
Particulate flow simulations disabled!
--------------------------------------------------------------------------------
  iterations:       283436
  simTime   :    9.7656848114169217E-004
  wallClock :    5.4653242999999997E-002
      field |       total density
          1 |   82.9639613770E+03

  iterations:       284144
  simTime   :    9.7900786952092624E-004
  wallClock :    5.9540537330000003     
      field |       total density
          1 |   82.9639613770E+03

  iterations:       284852
  simTime   :    9.8144725790016030E-004
  wallClock :    11.578238846000000     
      field |       total density
          1 |   82.9639613770E+03

  iterations:       285560
  simTime   :    9.8388664627939437E-004
  wallClock :    17.242042990000002     
      field |       total density
          1 |   82.9639613770E+03

  iterations:       286268
  simTime   :    9.8632603465862844E-004
  wallClock :    23.046949054999999     
      field |       total density
          1 |   82.9639613770E+03

  iterations:       286976
  simTime   :    9.8876542303786251E-004
  wallClock :    29.156095638000000     
      field |       total density
          1 |   82.9639613770E+03

  iterations:       287684
  simTime   :    9.9120481141709658E-004
  wallClock :    35.466247885999998     
      field |       total density
          1 |   82.9639613770E+03

  iterations:       288392
  simTime   :    9.9364419979633065E-004
  wallClock :    42.418153197000002     
      field |       total density
          1 |   82.9639613770E+03

  iterations:       289100
  simTime   :    9.9608358817556471E-004
  wallClock :    49.067612717000003     
      field |       total density
          1 |   82.9639613770E+03

  iterations:       289808
  simTime   :    9.9852297655479878E-004
  wallClock :    56.071270052999999     
      field |       total density
          1 |   82.9639613770E+03

  iterations:       290516
  simTime   :    1.0009623649340329E-003
  wallClock :    62.386565359000002     
      field |       total density
          1 |   82.9639613770E+03

  iterations:       291224
  simTime   :    1.0034017533132669E-003
  wallClock :    68.168600424000005     
      field |       total density
          1 |   82.9639613770E+03

  iterations:       291932
  simTime   :    1.0058411416925010E-003
  wallClock :    73.845635439999995     
      field |       total density
          1 |   82.9639613770E+03

  iterations:       292640
  simTime   :    1.0082805300717351E-003
  wallClock :    79.924577146999994     
      field |       total density
          1 |   82.9639613770E+03

  iterations:       293348
  simTime   :    1.0107199184509691E-003
  wallClock :    85.929904820000004     
      field |       total density
          1 |   82.9639613770E+03

  iterations:       294056
  simTime   :    1.0131593068302032E-003
  wallClock :    91.986352342000004     
      field |       total density
          1 |   82.9639613770E+03

  iterations:       294764
  simTime   :    1.0155986952094373E-003
  wallClock :    99.018717444999993     
      field |       total density
          1 |   82.9639613770E+03

  iterations:       295472
  simTime   :    1.0180380835886713E-003
  wallClock :    105.48845368100000     
      field |       total density
          1 |   82.9639613770E+03

  iterations:       296180
  simTime   :    1.0204774719679054E-003
  wallClock :    111.50796416500000     
      field |       total density
          1 |   82.9639613770E+03

  iterations:       296888
  simTime   :    1.0229168603471395E-003
  wallClock :    119.37955942400001     
      field |       total density
          1 |   82.9639613770E+03

  iterations:       297596
  simTime   :    1.0253562487263735E-003
  wallClock :    129.04460927000000     
      field |       total density
          1 |   82.9639613770E+03

  iterations:       298304
  simTime   :    1.0277956371056076E-003
  wallClock :    136.30636753100001     
      field |       total density
          1 |   82.9639613770E+03

  iterations:       299012
  simTime   :    1.0302350254848417E-003
  wallClock :    142.79592530299999     
      field |       total density
          1 |   82.9639613770E+03

  iterations:       299720
  simTime   :    1.0326744138640757E-003
  wallClock :    149.65377252100001     
      field |       total density
          1 |   82.9639613770E+03

  iterations:       300428
  simTime   :    1.0351138022433098E-003
  wallClock :    158.08471786199999     
      field |       total density
          1 |   82.9639613770E+03

  iterations:       301136
  simTime   :    1.0375531906225439E-003
  wallClock :    167.09072225800000     
      field |       total density
          1 |   82.9639613770E+03

  iterations:       301844
  simTime   :    1.0399925790017779E-003
  wallClock :    174.92474483199999     
      field |       total density
          1 |   82.9639613770E+03

  iterations:       302552
  simTime   :    1.0424319673810120E-003
  wallClock :    182.72375343900001     
      field |       total density
          1 |   82.9639613770E+03

  iterations:       303260
  simTime   :    1.0448713557602461E-003
  wallClock :    190.02390634500000     
      field |       total density
          1 |   82.9639613770E+03

  iterations:       303968
  simTime   :    1.0473107441394802E-003
  wallClock :    196.34418858300000     
      field |       total density
          1 |   82.9639613770E+03

  iterations:       304676
  simTime   :    1.0497501325187142E-003
  wallClock :    202.24110789200000     
      field |       total density
          1 |   82.9639613770E+03

  iterations:       305384
  simTime   :    1.0521895208979483E-003
  wallClock :    208.83352266300000     
      field |       total density
          1 |   82.9639613770E+03

  iterations:       306092
  simTime   :    1.0546289092771824E-003
  wallClock :    216.00183242599999     
      field |       total density
          1 |   82.9639613770E+03

  iterations:       306800
  simTime   :    1.0570682976564164E-003
  wallClock :    223.87729992999999     
      field |       total density
          1 |   82.9639613770E+03

  iterations:       307508
  simTime   :    1.0595076860356505E-003
  wallClock :    231.53232110400000     
      field |       total density
          1 |   82.9639613770E+03

  iterations:       308216
  simTime   :    1.0619470744148846E-003
  wallClock :    238.15645680099999     
      field |       total density
          1 |   82.9639613770E+03

  iterations:       308924
  simTime   :    1.0643864627941186E-003
  wallClock :    244.68873161200000     
      field |       total density
          1 |   82.9639613770E+03

  iterations:       309632
  simTime   :    1.0668258511733527E-003
  wallClock :    250.95785705200001     
      field |       total density
          1 |   82.9639613770E+03

  iterations:       310340
  simTime   :    1.0692652395525868E-003
  wallClock :    257.63508203100002     
      field |       total density
          1 |   82.9639613770E+03

  iterations:       311048
  simTime   :    1.0717046279318208E-003
  wallClock :    264.73987055200001     
      field |       total density
          1 |   82.9639613770E+03

  iterations:       311756
  simTime   :    1.0741440163110549E-003
  wallClock :    273.17575583299998     
      field |       total density
          1 |   82.9639613770E+03

  iterations:       312464
  simTime   :    1.0765834046902890E-003
  wallClock :    281.16612436700001     
      field |       total density
          1 |   82.9639613770E+03

  iterations:       313172
  simTime   :    1.0790227930695230E-003
  wallClock :    288.24125366400000     
      field |       total density
          1 |   82.9639613770E+03

  iterations:       313880
  simTime   :    1.0814621814487571E-003
  wallClock :    295.42137680700000     
      field |       total density
          1 |   82.9639613770E+03

  iterations:       314588
  simTime   :    1.0839015698279912E-003
  wallClock :    301.80833579599999     
      field |       total density
          1 |   82.9639613770E+03

  iterations:       315296
  simTime   :    1.0863409582072252E-003
  wallClock :    309.42781731600002     
      field |       total density
          1 |   82.9639613770E+03

  iterations:       316004
  simTime   :    1.0887803465864593E-003
  wallClock :    315.59571634899999     
      field |       total density
          1 |   82.9639613770E+03

  iterations:       316712
  simTime   :    1.0912197349656934E-003
  wallClock :    322.01758145700001     
      field |       total density
          1 |   82.9639613770E+03

  iterations:       317420
  simTime   :    1.0936591233449275E-003
  wallClock :    328.84067773499999     
      field |       total density
          1 |   82.9639613770E+03

  iterations:       318128
  simTime   :    1.0960985117241615E-003
  wallClock :    337.27780085199998     
      field |       total density
          1 |   82.9639613770E+03

  iterations:       318836
  simTime   :    1.0985379001033956E-003
  wallClock :    346.95575616600001     
      field |       total density
          1 |   82.9639613770E+03

  iterations:       319544
  simTime   :    1.1009772884826297E-003
  wallClock :    353.84235626999998     
      field |       total density
          1 |   82.9639613770E+03

  iterations:       320252
  simTime   :    1.1034166768618637E-003
  wallClock :    360.33474769700001     
      field |       total density
          1 |   82.9639613770E+03

  iterations:       320960
  simTime   :    1.1058560652410978E-003
  wallClock :    366.79885138100002     
      field |       total density
          1 |   82.9639613770E+03

  iterations:       321668
  simTime   :    1.1082954536203319E-003
  wallClock :    373.00547026499999     
      field |       total density
          1 |   82.9639613770E+03

  iterations:       322376
  simTime   :    1.1107348419995659E-003
  wallClock :    379.45076863200001     
      field |       total density
          1 |   82.9639613770E+03

  iterations:       323084
  simTime   :    1.1131742303788000E-003
  wallClock :    386.50536058699998     
      field |       total density
          1 |   82.9639613770E+03

  iterations:       323792
  simTime   :    1.1156136187580341E-003
  wallClock :    392.58414301599998     
      field |       total density
          1 |   82.9639613770E+03

  iterations:       324500
  simTime   :    1.1180530071372681E-003
  wallClock :    398.66424228099999     
      field |       total density
          1 |   82.9639613770E+03

  iterations:       325208
  simTime   :    1.1204923955165022E-003
  wallClock :    404.85205987900002     
      field |       total density
          1 |   82.9639613770E+03

  iterations:       325916
  simTime   :    1.1229317838957363E-003
  wallClock :    411.17922496500000     
      field |       total density
          1 |   82.9639613770E+03

  iterations:       326624
  simTime   :    1.1253711722749703E-003
  wallClock :    418.70720770200001     
      field |       total density
          1 |   82.9639613770E+03

  iterations:       327332
  simTime   :    1.1278105606542044E-003
  wallClock :    424.79158430799998     
      field |       total density
          1 |   82.9639613770E+03

  iterations:       328040
  simTime   :    1.1302499490334385E-003
  wallClock :    430.77208768800000     
      field |       total density
          1 |   82.9639613770E+03

  iterations:       328748
  simTime   :    1.1326893374126725E-003
  wallClock :    436.85450880500002     
      field |       total density
          1 |   82.9639613770E+03

  iterations:       329456
  simTime   :    1.1351287257919066E-003
  wallClock :    442.82263702600000     
      field |       total density
          1 |   82.9639613770E+03

  iterations:       330164
  simTime   :    1.1375681141711407E-003
  wallClock :    449.42438230699997     
      field |       total density
          1 |   82.9639613770E+03

  iterations:       330872
  simTime   :    1.1400075025503748E-003
  wallClock :    456.50135952800002     
      field |       total density
          1 |   82.9639613770E+03

  iterations:       331580
  simTime   :    1.1424468909296088E-003
  wallClock :    464.04748071400002     
      field |       total density
          1 |   82.9639613770E+03

  iterations:       332288
  simTime   :    1.1448862793088429E-003
  wallClock :    472.88598205199997     
      field |       total density
          1 |   82.9639613770E+03

  iterations:       332996
  simTime   :    1.1473256676880770E-003
  wallClock :    480.37760534799997     
      field |       total density
          1 |   82.9639613770E+03

  iterations:       333704
  simTime   :    1.1497650560673110E-003
  wallClock :    486.87837984499998     
      field |       total density
          1 |   82.9639613770E+03

  iterations:       334412
  simTime   :    1.1522044444465451E-003
  wallClock :    494.52150869600001     
      field |       total density
          1 |   82.9639613770E+03

  iterations:       335120
  simTime   :    1.1546438328257792E-003
  wallClock :    503.29458376899998     
      field |       total density
          1 |   82.9639613770E+03

  iterations:       335828
  simTime   :    1.1570832212050132E-003
  wallClock :    510.28678177699999     
      field |       total density
          1 |   82.9639613770E+03

  iterations:       336536
  simTime   :    1.1595226095842473E-003
  wallClock :    517.27911886499999     
      field |       total density
          1 |   82.9639613770E+03

  iterations:       337244
  simTime   :    1.1619619979634814E-003
  wallClock :    523.80458180799997     
      field |       total density
          1 |   82.9639613770E+03

  iterations:       337952
  simTime   :    1.1644013863427154E-003
  wallClock :    529.71284835799997     
      field |       total density
          1 |   82.9639613770E+03

  iterations:       338660
  simTime   :    1.1668407747219495E-003
  wallClock :    536.39248659999998     
      field |       total density
          1 |   82.9639613770E+03

  iterations:       339368
  simTime   :    1.1692801631011836E-003
  wallClock :    542.41210782300004     
      field |       total density
          1 |   82.9639613770E+03

  iterations:       340076
  simTime   :    1.1717195514804176E-003
  wallClock :    548.34561256799998     
      field |       total density
          1 |   82.9639613770E+03

  iterations:       340784
  simTime   :    1.1741589398596517E-003
  wallClock :    554.23286089400005     
      field |       total density
          1 |   82.9639613770E+03

  iterations:       341492
  simTime   :    1.1765983282388858E-003
  wallClock :    560.21006372900001     
      field |       total density
          1 |   82.9639613770E+03

  iterations:       342200
  simTime   :    1.1790377166181198E-003
  wallClock :    566.03435090400001     
      field |       total density
          1 |   82.9639613770E+03

  iterations:       342908
  simTime   :    1.1814771049973539E-003
  wallClock :    571.82568343599996     
      field |       total density
          1 |   82.9639613770E+03

  iterations:       343616
  simTime   :    1.1839164933765880E-003
  wallClock :    577.67203932899997     
      field |       total density
          1 |   82.9639613770E+03

  iterations:       344324
  simTime   :    1.1863558817558221E-003
  wallClock :    584.20731654999997     
      field |       total density
          1 |   82.9639613770E+03

  iterations:       345032
  simTime   :    1.1887952701350561E-003
  wallClock :    590.38118957999995     
      field |       total density
          1 |   82.9639613770E+03

  iterations:       345740
  simTime   :    1.1912346585142902E-003
  wallClock :    597.10410096400005     
      field |       total density
          1 |   82.9639613770E+03

  iterations:       346448
  simTime   :    1.1936740468935243E-003
  wallClock :    604.23270326900001     
      field |       total density
          1 |   82.9639613770E+03

  iterations:       347156
  simTime   :    1.1961134352727583E-003
  wallClock :    611.37380305399995     
      field |       total density
          1 |   82.9639613770E+03

  iterations:       347864
  simTime   :    1.1985528236519924E-003
  wallClock :    619.09857554600001     
      field |       total density
          1 |   82.9639613770E+03

  iterations:       348572
  simTime   :    1.2009922120312265E-003
  wallClock :    625.65460292199998     
      field |       total density
          1 |   82.9639613770E+03

  iterations:       349280
  simTime   :    1.2034316004104605E-003
  wallClock :    632.54850481899996     
      field |       total density
          1 |   82.9639613770E+03

  iterations:       349988
  simTime   :    1.2058709887896946E-003
  wallClock :    639.02090753799996     
      field |       total density
          1 |   82.9639613770E+03

  iterations:       350696
  simTime   :    1.2083103771689287E-003
  wallClock :    646.19568773499998     
      field |       total density
          1 |   82.9639613770E+03

  iterations:       351404
  simTime   :    1.2107497655481627E-003
  wallClock :    653.88491786400004     
      field |       total density
          1 |   82.9639613770E+03

  iterations:       352112
  simTime   :    1.2131891539273968E-003
  wallClock :    660.77362935700000     
      field |       total density
          1 |   82.9639613770E+03

  iterations:       352820
  simTime   :    1.2156285423066309E-003
  wallClock :    667.25083305400005     
      field |       total density
          1 |   82.9639613770E+03

  iterations:       353528
  simTime   :    1.2180679306858649E-003
  wallClock :    673.26668447500003     
      field |       total density
          1 |   82.9639613770E+03

  iterations:       354236
  simTime   :    1.2205073190650990E-003
  wallClock :    679.51983862500003     
      field |       total density
          1 |   82.9639613770E+03

ADAPTIVE_FLUX_PRESSURE iter=354295 target_lattice= 5.3652341392036740E-004 controlled_lattice= 5.3652341392172558E-004 relative_error= 2.5314460212433098E-012 rho_boundary= 1.0002669458180777E+000 pressure_pa= 2.0049792910179859E+006 max_lattice_velocity= 1.0915134567534280E-005 minimum_pdf= 2.7784274911100418E-002 globBC_count=136
  Writing restart at:
  iterations:       354295
  simTime   :    1.2207106014300352E-003
  wallClock :    680.14377509400003     
 Done writing

SUCCESSFUL run!
 Status of the simulation now:
 +--------------------------------------------+
 STATUS:
  * Reached maximal number of iterations
 +--------------------------------------------+

  iterations:       354295
  simTime   :    1.2207106014300352E-003
  wallClock :    680.14377509400003     
      field |       total density
          1 |   82.9639613770E+03

--------------------------------------------------------------------------------
 Load balance evaluation:
  max CPU cost:    647.22 (s)
  ave CPU cost:    643.17 (s)
 imbalance (i.e. max/ave):    100.63%
--------------------------------------------------------------------------------
--------------------------------------------------------------------------------
Boundary timing information:
        wall, min time:   134.90, max time:   150.51
   outlet_02, min time:     0.71, max time:     4.86
   outlet_03, min time:     0.18, max time:     5.67
       inlet, min time:    19.47, max time:    46.01
   outlet_01, min time:     0.20, max time:     3.60
--------------------------------------------------------------------------------
Name:	musubi_adaptive
Umask:	0022
State:	R (running)
Tgid:	3559
Ngid:	0
Pid:	3559
PPid:	3554
TracerPid:	0
Uid:	1000	1000	1000	1000
Gid:	1000	1000	1000	1000
FDSize:	64
Groups:	4 24 27 30 46 100 1000 1001
NStgid:	3559
NSpid:	3559
NSpgid:	3559
NSsid:	3552
Kthread:	0
VmPeak:	  413032 kB
VmSize:	  380248 kB
VmLck:	       0 kB
VmPin:	       0 kB
VmHWM:	   79136 kB
VmRSS:	   66848 kB
RssAnon:	   50720 kB
RssFile:	   15744 kB
RssShmem:	     384 kB
VmData:	   68552 kB
VmStk:	     172 kB
VmExe:	    7440 kB
VmLib:	   10244 kB
VmPTE:	     256 kB
VmSwap:	       0 kB
HugetlbPages:	       0 kB
CoreDumping:	0
THP_enabled:	1
untag_mask:	0xffffffffffffffff
Threads:	3
SigQ:	1/31177
SigPnd:	0000000000000000
ShdPnd:	0000000000000000
SigBlk:	0000000000000000
SigIgn:	0000000000000000
SigCgt:	00000001418004fc
CapInh:	0000000000000000
CapPrm:	0000000000000000
CapEff:	0000000000000000
CapBnd:	000001ffffffffff
CapAmb:	0000000000000000
NoNewPrivs:	0
Seccomp:	2
Seccomp_filters:	1
Speculation_Store_Bypass:	thread vulnerable
SpeculationIndirectBranch:	conditional enabled
Cpus_allowed:	000003
Cpus_allowed_list:	0-1
Mems_allowed:	00000000,00000000,00000000,00000000,00000000,00000000,00000000,00000000,00000000,00000000,00000000,00000000,000000
Mems_allowed_list:	0
voluntary_ctxt_switches:	508
nonvoluntary_ctxt_switches:	571

 Done with Musubi in     680.19 s
ADAPTIVE_FLUX_PRESSURE iter=354295 target_lattice= 5.3652341392036740E-004 controlled_lattice= 5.3652341392172558E-004 relative_error= 2.5314460212433098E-012 rho_boundary= 1.0002669458180777E+000 pressure_pa= 2.0049792910179859E+006 max_lattice_velocity= 1.0915134567534280E-005 minimum_pdf= 2.7784274911100418E-002 globBC_count=136
