Directory ownership check passed
<f.st...... README.md
.d..t...... inputs/
cd+++++++++ inputs/stage01_7/
<f+++++++++ inputs/stage01_7/acceptance_policy.json
<f+++++++++ inputs/stage01_7/baseline_recomputed.json
<f+++++++++ inputs/stage01_7/freeze_lock.json
<f+++++++++ inputs/stage01_7/planar_port_contract_v2.json
<f.st...... remote/source_manifest.json
.d..t...... scripts/
<f+++++++++ scripts/build_stage016_report.py
<f+++++++++ scripts/check_stage016_integrity.py
<f+++++++++ scripts/collect_stage016.py
<f+++++++++ scripts/freeze_stage017_policy.py
<f+++++++++ scripts/mesh_stage016.py
<f+++++++++ scripts/recompute_stage017_baseline.py
<f.st...... scripts/record_run.py
<f.st...... scripts/remote_control.py
<f+++++++++ scripts/render_stage016.py
<f+++++++++ scripts/select_stage016.py
<f+++++++++ scripts/synthetic_stage017.py
.d..t...... src/fem3d/
<f+++++++++ src/fem3d/adaptive_port.py
<f+++++++++ src/fem3d/adaptive_qc.py
<f+++++++++ src/fem3d/adaptive_surface.py
<f+++++++++ src/fem3d/adaptive_volume.py
<f+++++++++ src/fem3d/sparse_volume.py
.d..t...... tests/
<f+++++++++ tests/stage016_helpers.py
<f+++++++++ tests/test_stage016_cap_density_budget.py
<f+++++++++ tests/test_stage016_cap_quality.py
<f+++++++++ tests/test_stage016_contract_revision.py
<f+++++++++ tests/test_stage016_cost_budget.py
<f+++++++++ tests/test_stage016_history_preservation.py
<f+++++++++ tests/test_stage016_legacy_area_provenance.py
<f+++++++++ tests/test_stage016_p2_dof_proxy.py
<f+++++++++ tests/test_stage016_polygon_coverage.py
<f+++++++++ tests/test_stage016_projected_area.py
<f+++++++++ tests/test_stage016_projected_centroid.py
<f+++++++++ tests/test_stage016_rim_invariance.py
<f+++++++++ tests/test_stage016_roundtrip.py
<f+++++++++ tests/test_stage016_selection.py
<f+++++++++ tests/test_stage016_sparse_candidates.py
<f+++++++++ tests/test_stage016_surface_topology.py
<f+++++++++ tests/test_stage016_tetra_quality.py
<f+++++++++ tests/test_stage016_vector_area.py
<f+++++++++ tests/test_stage016_visual_artifacts.py
<f+++++++++ tests/test_stage016_volume_mesh.py
<f+++++++++ tests/test_stage016_wall_invariance.py
