[localhost:04286] MCW rank 0 bound to socket 0[core 0[hwt 0-1]]: [BB/../../../../../../../../../../..]
[localhost:04286] MCW rank 1 bound to socket 0[core 1[hwt 0-1]]: [../BB/../../../../../../../../../..]
[localhost:04286] MCW rank 2 bound to socket 0[core 2[hwt 0-1]]: [../../BB/../../../../../../../../..]
[localhost:04286] MCW rank 3 bound to socket 0[core 3[hwt 0-1]]: [../../../BB/../../../../../../../..]
[localhost:04286] MCW rank 4 bound to socket 0[core 4[hwt 0-1]]: [../../../../BB/../../../../../../..]
[localhost:04286] MCW rank 5 bound to socket 0[core 5[hwt 0-1]]: [../../../../../BB/../../../../../..]
[localhost:04286] MCW rank 6 bound to socket 0[core 6[hwt 0-1]]: [../../../../../../BB/../../../../..]
[localhost:04286] MCW rank 7 bound to socket 0[core 7[hwt 0-1]]: [../../../../../../../BB/../../../..]
[localhost:04307] mca_base_component_repository_open: unable to open mca_btl_openib: librdmacm.so.1: cannot open shared object file: No such file or directory (ignored)
[localhost:04304] mca_base_component_repository_open: unable to open mca_btl_openib: librdmacm.so.1: cannot open shared object file: No such file or directory (ignored)
[localhost:04296] mca_base_component_repository_open: unable to open mca_btl_openib: librdmacm.so.1: cannot open shared object file: No such file or directory (ignored)
[localhost:04297] mca_base_component_repository_open: unable to open mca_btl_openib: librdmacm.so.1: cannot open shared object file: No such file or directory (ignored)
[localhost:04295] mca_base_component_repository_open: unable to open mca_btl_openib: librdmacm.so.1: cannot open shared object file: No such file or directory (ignored)
[localhost:04298] mca_base_component_repository_open: unable to open mca_btl_openib: librdmacm.so.1: cannot open shared object file: No such file or directory (ignored)
[localhost:04302] mca_base_component_repository_open: unable to open mca_btl_openib: librdmacm.so.1: cannot open shared object file: No such file or directory (ignored)
[localhost:04300] mca_base_component_repository_open: unable to open mca_btl_openib: librdmacm.so.1: cannot open shared object file: No such file or directory (ignored)
--------------------------------------------------------------------------
WARNING: Linux kernel CMA support was requested via the
btl_vader_single_copy_mechanism MCA variable, but CMA support is
not available due to restrictive ptrace settings.

The vader shared memory BTL will fall back on another single-copy
mechanism if one is available. This may result in lower performance.

  Local host: localhost
--------------------------------------------------------------------------
[localhost:04286] 7 more processes have sent help message help-btl-vader.txt / cma-permission-denied
[localhost:04286] Set MCA parameter "orte_base_help_aggregate" to 0 to see all help / error messages
