WSL source hashes verified
{"log_dir": "/workspace/formal_3D_flow_solver_FEM_lzy/logs/stage01/20260917T191843_230215145_coarse_meshing", "returncode": 0, "wall_time_s": 4.449487634003162}
sion__', 'version attribute unavailable'))"
        ],
        "returncode": 0,
        "stdout": "0.11.0\n",
        "stderr": ""
      },
      "petsc4py": {
        "command": [
          "/workspace/formal_3D_flow_solver_FEM_lzy/remote/.env/bin/python",
          "-B",
          "-c",
          "import importlib; m=importlib.import_module('petsc4py'); print(getattr(m, '__version__', 'version attribute unavailable'))"
        ],
        "returncode": 0,
        "stdout": "3.25.5\n",
        "stderr": ""
      },
      "mpi4py": {
        "command": [
          "/workspace/formal_3D_flow_solver_FEM_lzy/remote/.env/bin/python",
          "-B",
          "-c",
          "import importlib; m=importlib.import_module('mpi4py'); print(getattr(m, '__version__', 'version attribute unavailable'))"
        ],
        "returncode": 0,
        "stdout": "4.1.2\n",
        "stderr": ""
      },
      "basix": {
        "command": [
          "/workspace/formal_3D_flow_solver_FEM_lzy/remote/.env/bin/python",
          "-B",
          "-c",
          "import importlib; m=importlib.import_module('basix'); print(getattr(m, '__version__', 'version attribute unavailable'))"
        ],
        "returncode": 0,
        "stdout": "0.11.0\n",
        "stderr": ""
      },
      "ufl": {
        "command": [
          "/workspace/formal_3D_flow_solver_FEM_lzy/remote/.env/bin/python",
          "-B",
          "-c",
          "import importlib; m=importlib.import_module('ufl'); print(getattr(m, '__version__', 'version attribute unavailable'))"
        ],
        "returncode": 0,
        "stdout": "2026.1.0\n",
        "stderr": ""
      },
      "ffcx": {
        "command": [
          "/workspace/formal_3D_flow_solver_FEM_lzy/remote/.env/bin/python",
          "-B",
          "-c",
          "import importlib; m=importlib.import_module('ffcx'); print(getattr(m, '__version__', 'version attribute unavailable'))"
        ],
        "returncode": 0,
        "stdout": "0.11.0\n",
        "stderr": ""
      },
      "gmsh": {
        "command": [
          "/workspace/formal_3D_flow_solver_FEM_lzy/remote/.env/bin/python",
          "-B",
          "-c",
          "import importlib; m=importlib.import_module('gmsh'); print(getattr(m, '__version__', 'version attribute unavailable'))"
        ],
        "returncode": 0,
        "stdout": "4.15.2\n",
        "stderr": ""
      },
      "numpy": {
        "command": [
          "/workspace/formal_3D_flow_solver_FEM_lzy/remote/.env/bin/python",
          "-B",
          "-c",
          "import importlib; m=importlib.import_module('numpy'); print(getattr(m, '__version__', 'version attribute unavailable'))"
        ],
        "returncode": 0,
        "stdout": "2.5.3\n",
        "stderr": ""
      },
      "scipy": {
        "command": [
          "/workspace/formal_3D_flow_solver_FEM_lzy/remote/.env/bin/python",
          "-B",
          "-c",
          "import importlib; m=importlib.import_module('scipy'); print(getattr(m, '__version__', 'version attribute unavailable'))"
        ],
        "returncode": 0,
        "stdout": "1.18.1\n",
        "stderr": ""
      },
      "pyvista": {
        "command": [
          "/workspace/formal_3D_flow_solver_FEM_lzy/remote/.env/bin/python",
          "-B",
          "-c",
          "import importlib; m=importlib.import_module('pyvista'); print(getattr(m, '__version__', 'version attribute unavailable'))"
        ],
        "returncode": 1,
        "stdout": "",
        "stderr": "Traceback (most recent call last):\n  File \"<string>\", line 1, in <module>\n  File \"/workspace/formal_3D_flow_solver_FEM_lzy/remote/.env/lib/python3.12/importlib/__init__.py\", line 90, in import_module\n    return _bootstrap._gcd_import(name[level:], package, level)\n           ^^^^^^^^^^^^^^^^^^^^^^^^^^^^^^^^^^^^^^^^^^^^^^^^^^^^\n  File \"<frozen importlib._bootstrap>\", line 1387, in _gcd_import\n  File \"<frozen importlib._bootstrap>\", line 1360, in _find_and_load\n  File \"<frozen importlib._bootstrap>\", line 1324, in _find_and_load_unlocked\nModuleNotFoundError: No module named 'pyvista'\n"
      },
      "vtk": {
        "command": [
          "/workspace/formal_3D_flow_solver_FEM_lzy/remote/.env/bin/python",
          "-B",
          "-c",
          "import importlib; m=importlib.import_module('vtk'); print(getattr(m, '__version__', 'version attribute unavailable'))"
        ],
        "returncode": 1,
        "stdout": "",
        "stderr": "Traceback (most recent call last):\n  File \"<string>\", line 1, in <module>\n  File \"/workspace/formal_3D_flow_solver_FEM_lzy/remote/.env/lib/python3.12/importlib/__init__.py\", line 90, in import_module\n    return _bootstrap._gcd_import(name[level:], package, level)\n           ^^^^^^^^^^^^^^^^^^^^^^^^^^^^^^^^^^^^^^^^^^^^^^^^^^^^\n  File \"<frozen importlib._bootstrap>\", line 1387, in _gcd_import\n  File \"<frozen importlib._bootstrap>\", line 1360, in _find_and_load\n  File \"<frozen importlib._bootstrap>\", line 1324, in _find_and_load_unlocked\nModuleNotFoundError: No module named 'vtk'\n"
      },
      "pytest": {
        "command": [
          "/workspace/formal_3D_flow_solver_FEM_lzy/remote/.env/bin/python",
          "-B",
          "-c",
          "import importlib; m=importlib.import_module('pytest'); print(getattr(m, '__version__', 'version attribute unavailable'))"
        ],
        "returncode": 0,
        "stdout": "9.1.1\n",
        "stderr": ""
      },
      "yaml": {
        "command": [
          "/workspace/formal_3D_flow_solver_FEM_lzy/remote/.env/bin/python",
          "-B",
          "-c",
          "import importlib; m=importlib.import_module('yaml'); print(getattr(m, '__version__', 'version attribute unavailable'))"
        ],
        "returncode": 1,
        "stdout": "",
        "stderr": "Traceback (most recent call last):\n  File \"<string>\", line 1, in <module>\n  File \"/workspace/formal_3D_flow_solver_FEM_lzy/remote/.env/lib/python3.12/importlib/__init__.py\", line 90, in import_module\n    return _bootstrap._gcd_import(name[level:], package, level)\n           ^^^^^^^^^^^^^^^^^^^^^^^^^^^^^^^^^^^^^^^^^^^^^^^^^^^^\n  File \"<frozen importlib._bootstrap>\", line 1387, in _gcd_import\n  File \"<frozen importlib._bootstrap>\", line 1360, in _find_and_load\n  File \"<frozen importlib._bootstrap>\", line 1324, in _find_and_load_unlocked\nModuleNotFoundError: No module named 'yaml'\n"
      },
      "matplotlib": {
        "command": [
          "/workspace/formal_3D_flow_solver_FEM_lzy/remote/.env/bin/python",
          "-B",
          "-c",
          "import importlib; m=importlib.import_module('matplotlib'); print(getattr(m, '__version__', 'version attribute unavailable'))"
        ],
        "returncode": 1,
        "stdout": "",
        "stderr": "Traceback (most recent call last):\n  File \"<string>\", line 1, in <module>\n  File \"/workspace/formal_3D_flow_solver_FEM_lzy/remote/.env/lib/python3.12/importlib/__init__.py\", line 90, in import_module\n    return _bootstrap._gcd_import(name[level:], package, level)\n           ^^^^^^^^^^^^^^^^^^^^^^^^^^^^^^^^^^^^^^^^^^^^^^^^^^^^\n  File \"<frozen importlib._bootstrap>\", line 1387, in _gcd_import\n  File \"<frozen importlib._bootstrap>\", line 1360, in _find_and_load\n  File \"<frozen importlib._bootstrap>\", line 1324, in _find_and_load_unlocked\nModuleNotFoundError: No module named 'matplotlib'\n"
      }
    },
    "petsc": {
      "command": [
        "/workspace/formal_3D_flow_solver_FEM_lzy/remote/.env/bin/python",
        "-B",
        "-c",
        "from petsc4py import PETSc; print('PETSc',PETSc.Sys.getVersion()); print('CUDA',PETSc.Sys.hasExternalPackage('cuda')); print('scalar',PETSc.ScalarType); print('MUMPS',PETSc.Sys.hasExternalPackage('mumps'))"
      ],
      "returncode": 0,
      "stdout": "PETSc (3, 25, 5)\nCUDA False\nscalar <class 'numpy.float64'>\nMUMPS True\n",
      "stderr": ""
    },
    "mpi_library": {
      "command": [
        "/workspace/formal_3D_flow_solver_FEM_lzy/remote/.env/bin/python",
        "-B",
        "-c",
        "from mpi4py import MPI; print(MPI.Get_library_version())"
      ],
      "returncode": 0,
      "stdout": "MPICH Version:      5.0.1\nMPICH Release date: Fri Apr 10 09:45:31 AM CDT 2026\nMPICH ABI:          18:1:6\nMPICH Device:       ch4:ucx ofi\nMPICH configure:    --prefix=/workspace/formal_3D_flow_solver_FEM_lzy/remote/.env --disable-doc --disable-dependency-tracking --enable-cxx --enable-fortran --enable-f08 --enable-mpi-abi --with-wrapper-dl-type=none --disable-static --with-device=ch4:ucx,ofi --with-ucx=/workspace/formal_3D_flow_solver_FEM_lzy/remote/.env --with-libfabric=/workspace/formal_3D_flow_solver_FEM_lzy/remote/.env --with-hwloc=/workspace/formal_3D_flow_solver_FEM_lzy/remote/.env --with-yaksa=embedded --with-pm=hydra:gforker\nMPICH CC:           x86_64-conda-linux-gnu-cc -I/workspace/formal_3D_flow_solver_FEM_lzy/remote/.env/include -march=nocona -mtune=haswell -ftree-vectorize -fPIC -fstack-protector-strong -fno-plt -O2 -ffunction-sections -pipe -fno-merge-constants -isystem /workspace/formal_3D_flow_solver_FEM_lzy/remote/.env/include -fdebug-prefix-map=/home/conda/feedstock_root/build_artifacts/bld/rattler-build_mpich_1784230131/work=/usr/local/src/conda/mpich-5.0.1 -fdebug-prefix-map=/workspace/formal_3D_flow_solver_FEM_lzy/remote/.env=/usr/local/src/conda-prefix   -O2\nMPICH CXX:          x86_64-conda-linux-gnu-c++ -I/workspace/formal_3D_flow_solver_FEM_lzy/remote/.env/include -fvisibility-inlines-hidden -fmessage-length=0 -march=nocona -mtune=haswell -ftree-vectorize -fPIC -fstack-protector-strong -fno-plt -O2 -ffunction-sections -pipe -fno-merge-constants -isystem /workspace/formal_3D_flow_solver_FEM_lzy/remote/.env/include -fdebug-prefix-map=/home/conda/feedstock_root/build_artifacts/bld/rattler-build_mpich_1784230131/work=/usr/local/src/conda/mpich-5.0.1 -fdebug-prefix-map=/workspace/formal_3D_flow_solver_FEM_lzy/remote/.env=/usr/local/src/conda-prefix -O2\nMPICH F77:          x86_64-conda-linux-gnu-gfortran -I/workspace/formal_3D_flow_solver_FEM_lzy/remote/.env/include -march=nocona -mtune=haswell -ftree-vectorize -fPIC -fstack-protector-strong -fno-plt -O2 -ffunction-sections -pipe -fno-merge-constants -isystem /workspace/formal_3D_flow_solver_FEM_lzy/remote/.env/include -I/home/conda/feedstock_root/build_artifacts/bld/rattler-build_mpich_1784230131/build_env/include -fdebug-prefix-map=/home/conda/feedstock_root/build_artifacts/bld/rattler-build_mpich_1784230131/work=/usr/local/src/conda/mpich-5.0.1 -fdebug-prefix-map=/workspace/formal_3D_flow_solver_FEM_lzy/remote/.env=/usr/local/src/conda-prefix -O2\nMPICH FC:           x86_64-conda-linux-gnu-gfortran -I/workspace/formal_3D_flow_solver_FEM_lzy/remote/.env/include -march=nocona -mtune=haswell -ftree-vectorize -fPIC -fstack-protector-strong -fno-plt -O2 -ffunction-sections -pipe -fno-merge-constants -isystem /workspace/formal_3D_flow_solver_FEM_lzy/remote/.env/include -I/home/conda/feedstock_root/build_artifacts/bld/rattler-build_mpich_1784230131/build_env/include -fdebug-prefix-map=/home/conda/feedstock_root/build_artifacts/bld/rattler-build_mpich_1784230131/work=/usr/local/src/conda/mpich-5.0.1 -fdebug-prefix-map=/workspace/formal_3D_flow_solver_FEM_lzy/remote/.env=/usr/local/src/conda-prefix -O2\nMPICH features:     threadcomm\n\n",
      "stderr": ""
    }
  },
  "gpu_used": false,
  "source_surface_sha256": "8820376703e1c51a5b27bca56f754d7125a524b95c8ad58205e2a185fcc1dc83",
  "source_contract_sha256": "0635c4929d83269a3af6b3758d2a7dbac9ebd6f7d2068c5e21f401c317675721",
  "configuration_sha256": "a607ca3390477b3766bc5b1ed6cad194f08688d8880cc66922da2cd2076c7f49",
  "configuration": {
    "schema_version": 1,
    "input_units": "um",
    "solver_units": "m",
    "profiles": {
      "development_coarse": {
        "bulk_target_size_m": 1e-06,
        "optional_interior_size_control": null
      },
      "development_medium": {
        "bulk_target_size_m": 5e-07,
        "optional_interior_size_control": null
      }
    },
    "gmsh": {
      "algorithm_3d": 1,
      "threads": 1,
      "optimize_interior": true,
      "optimize_netgen": false,
      "mesh_only_empty": true
    },
    "limits": {
      "maximum_tetrahedra": 1500000,
      "maximum_wall_time_s": 300,
      "maximum_rss_gib": 8
    },
    "quality": {
      "advisory_min_sicn_below": 0.1,
      "advisory_threshold_role": "engineering display trigger only, not a convergence or scientific acceptance criterion"
    },
    "fidelity": {
      "roundoff_factor": 512,
      "port_relative_area_tolerance": 1e-11,
      "normal_dot_minimum": 0.999
    },
    "facet_tags": {
      "1": "WALL",
      "2": "OUTLET_03",
      "3": "OUTLET_01",
      "4": "INLET",
      "5": "OUTLET_02"
    },
    "cell_tags": {
      "100": "FLUID"
    }
  },
  "requested_mesh_controls": {
    "bulk_target_size_m": 1e-06,
    "optional_interior_size_control": null
  },
  "gmsh_version": "4.15.2",
  "python_version": "3.12.13 | packaged by conda-forge | (main, Mar  5 2026, 16:50:00) [GCC 14.3.0]",
  "units": {
    "coordinates": "m",
    "length": "m",
    "volume": "m^3"
  },
  "mesh_profile": "development_coarse",
  "facet_tag_meanings": {
    "1": "WALL",
    "2": "OUTLET_03",
    "3": "OUTLET_01",
    "4": "INLET",
    "5": "OUTLET_02"
  },
  "cell_tag_meanings": {
    "100": "FLUID"
  },
  "threads": 1,
  "mpi_ranks": 1,
  "stdout_path": "/workspace/formal_3D_flow_solver_FEM_lzy/logs/stage01/20260917T191843_230215145_coarse_meshing/stdout.log",
  "stderr_path": "/workspace/formal_3D_flow_solver_FEM_lzy/logs/stage01/20260917T191843_230215145_coarse_meshing/stderr.log",
  "run_metadata_path": "/workspace/formal_3D_flow_solver_FEM_lzy/logs/stage01/20260917T191843_230215145_coarse_meshing/metadata.json",
  "input_topology": {
    "boundary_edges": 0,
    "nonmanifold_edges": 0,
    "inconsistent_oriented_edges": 0,
    "connected_surface_components": 1
  },
  "exit_status": 0,
  "effective_gmsh_options": {
    "General.NumThreads": 1,
    "Mesh.MaxNumThreads1D": 1,
    "Mesh.MaxNumThreads2D": 1,
    "Mesh.MaxNumThreads3D": 1,
    "Mesh.Algorithm3D": 1,
    "Mesh.MeshOnlyEmpty": 1,
    "Mesh.MeshSizeFromPoints": 0,
    "Mesh.MeshSizeFromCurvature": 0,
    "Mesh.MeshSizeExtendFromBoundary": 0,
    "Mesh.MeshSizeMin": 1e-06,
    "Mesh.MeshSizeMax": 1e-06,
    "Mesh.Optimize": 1,
    "Mesh.OptimizeNetgen": 0,
    "Mesh.ElementOrder": 1,
    "Mesh.MshFileVersion": 4.1,
    "Mesh.Binary": 1
  },
  "discrete_topology": {
    "surface_entities": [
      [
        2,
        1
      ],
      [
        2,
        2
      ],
      [
        2,
        3
      ],
      [
        2,
        4
      ],
      [
        2,
        5
      ]
    ],
    "volume_entities": [
      [
        3,
        1
      ]
    ],
    "volume_boundary": [
      [
        2,
        1
      ],
      [
        2,
        2
      ],
      [
        2,
        3
      ],
      [
        2,
        4
      ],
      [
        2,
        5
      ]
    ],
    "method": "5 premeshed discrete surfaces; one built-in surface loop and volume; MeshOnlyEmpty=1; no surface parametrization/remeshing"
  },
  "actual_tetra_count": 105979,
  "actual_vertex_count": 37224,
  "boundary_facet_count": 67262,
  "boundary_counts": {
    "WALL": 67071,
    "OUTLET_03": 49,
    "OUTLET_01": 44,
    "INLET": 56,
    "OUTLET_02": 42
  },
  "physical_groups": [
    {
      "dim": 2,
      "tag": 1,
      "name": "WALL"
    },
    {
      "dim": 2,
      "tag": 2,
      "name": "OUTLET_03"
    },
    {
      "dim": 2,
      "tag": 3,
      "name": "OUTLET_01"
    },
    {
      "dim": 2,
      "tag": 4,
      "name": "INLET"
    },
    {
      "dim": 2,
      "tag": 5,
      "name": "OUTLET_02"
    },
    {
      "dim": 3,
      "tag": 100,
      "name": "FLUID"
    }
  ],
  "wall_time_s": 2.1951145110069774,
  "peak_rss_kib": 280964,
  "memory_limit_scope": "8 GiB virtual address-space upper bound (stricter than RSS)"
}


