 Starting up Musubi with nprocs:            4

 .___  ___.  __    __       _______. __    __  .______    __  
 |   \/   | |  |  |  |     /       ||  |  |  | |   _  \  |  | 
 |  \  /  | |  |  |  |    |   (----`|  |  |  | |  |_)  | |  | 
 |  |\/|  | |  |  |  |     \   \    |  |  |  | |   _  <  |  | 
 |  |  |  | |  `--'  | .----)   |   |  `--'  | |  |_)  | |  | 
 |__|  |__|  \______/  |_______/     \______/  |______/  |_v2.0.0-4-g4e8b27

 (C) 2012 German Research School for Simulation Sciences
 (C) 2013-2020 University Siegen
 (C) 2021 German Aerospace Center (DLR) -
          Institute of Software Methods for Product Virtualization
 
--------------------------------------------------------------------------------
 | INFORMATION ON THE EXECUTABLE
 | Revision of the code in this executable: 81f8c4f13772+
 |
 | Compiled with GFORTRAN in version 13.4.0
 | Using the command /home/lzy/.local/bin/mpif90
 | And the following flags:
 | -O3 -march=native -Wall -Wno-maybe-uninitialized -Werror -Wno-unused-dum
 | my-argument -fmax-stack-var-size=131072 -std=f2008 -pedantic-errors -O3
 | -march=native -Wall -Wno-maybe-uninitialized -Werror
 |
 | Build date: 2026-08-29
--------------------------------------------------------------------------------
--------------------------------------------------------------------------------
 | PRE-PROCESSING SETTINGS:
 | Using AOS (array of structures data layout)
 | Using PULL for streaming
--------------------------------------------------------------------------------

Run at: 2026-08-31 01:42 UTC+02:00

 Loading configuration file: musubi.lua
--------------------------------------------------------------------------------
--------------------------------------------------------------------------------
--------------------------------------------------------------------------------
Loading general parameters:
Using /dev/null as null device.
Will print run time info in the end
(/proc/self/status).
Size of the IO Buffer (MB): 8
Simulation Name: tau1_base
 +-------------------------------------------+
  - Now:
  iterations:            0
  simTime   :    0.0000000000000000     
  wallClock :    2.1408429999999999E-003
 
  - Time Control:
 +-------------------------------------------+
Iterations between trigger checks: 1
  - Min:
  iterations:            0
  simTime   :    0.0000000000000000     
 
  - Max:
  iterations:      6131250
  wallClock :    7200.0000000000000     
 
  - Interval:
  iterations:         1198
 +-------------------------------------------+
 
  - Abort Criteria:
  stop_file: /home/lzy/u3da/tau1_base_20260830/stop
  steady_state:  F
 
  - Status:
 +-------------------------------------------+
 Using global alltoall
 Loading communication pattern:
 isend_irecv
Write timings to: tracking/timing.res
--------------------------------------------------------------------------------
 Loading general solver params: 
 Choosing Control Routine: standard
 Setting SCALING to:diffusive
Solid elements will be removed from BC list
Block size (elements): 576
--------------------------------------------------------------------------------
--------------------------------------------------------------------------------
 Loading restart ...
 *****************************
 Restart read parameters: 
   filename : /home/lzy/u3da/tau1_base_20260830/restart/tau1_base_header_1.465E-03.lua
 Opening Restart Header /home/lzy/u3da/tau1_base_20260830/restart/tau1_base_header_1.465E-03.lua
 Solver: Musubi_v2.0.0-4-g4e8b27
--------------------------------------------------------------------------------
 Load mesh header from file: /mnt/e/ULM/hatimb-particle_flow_simulator/ulm_3D_vascular/outputs/cfd_flow/healthy_mouse_capillary_dimensionless_qvalue_base_preflight_anchor003274_20260830/seeder/mesh/header.lua
 The real bounding cube is...
   min:    8.0282771579034593E-005   5.5876359424537691E-005   1.1160639894086849E-004
   max:    1.7828277157903459E-004   1.5467635942453768E-004   1.6700639894086849E-004
 Load mesh from file: /mnt/e/ULM/hatimb-particle_flow_simulator/ulm_3D_vascular/outputs/cfd_flow/healthy_mouse_capillary_dimensionless_qvalue_base_preflight_anchor003274_20260830/seeder/mesh/elemlist.lsb
 using one process to read and broadcast
 Done, reading the mesh!
 NO BALANCING!
 Done loading weights.
 Got a mesh with following properties:
                 Mesh name: fluidTree
  Total number of elements: 182320
  Local number of elements: 45580
      Number of properties: 2
      Number of partitions: 4
             Minimum level: 9
             Maximum level: 9
       Bounding Box Origin:     0.0001    0.0001    0.0001
       Bounding Box Length:     0.0001
     Coarsest element size:     0.0000
       Finest element size:     0.0000
  Number of boundary elements: 17907
      Number of qVal elements: 17820
--------------------------------------------------------------------------------
 Restarting from point in time:
  iterations:       718506
  simTime   :    1.4648440366843421E-003
  wallClock :    3948.1604595459999     
 Loading varsys table 
 Syshandle            1
 *****************************
 
 *****************************
 Restart write parameters: 
   prefix   : /home/lzy/u3da/tau1_base_20260830/restart/
 +-------------------------------------------+
Iterations between trigger checks: 1
  - Min:
  iterations:       838257
 
  - Max:
  iterations:      6131250
 
  - Interval:
  iterations:       119751
 +-------------------------------------------+
 *****************************
 
--------------------------------------------------------------------------------
 Load boundary ID from file: /mnt/e/ULM/hatimb-particle_flow_simulator/ulm_3D_vascular/outputs/cfd_flow/healthy_mouse_capillary_dimensionless_qvalue_base_preflight_anchor003274_20260830/seeder/mesh/bnd.lsb
 read with MPI
Loading qVal data from directory: /mnt/e/ULM/hatimb-particle_flow_simulator/ulm_3D_vascular/outputs/cfd_flow/healthy_mouse_capillary_dimensionless_qvalue_base_preflight_anchor003274_20260830/seeder/mesh/
 Load hasQVal from file: /mnt/e/ULM/hatimb-particle_flow_simulator/ulm_3D_vascular/outputs/cfd_flow/healthy_mouse_capillary_dimensionless_qvalue_base_preflight_anchor003274_20260830/seeder/mesh/qval.lsb
 Done, reading the qVal!
 No IBM found!
--------------------------------------------------------------------------------
Lattice dx and dt on each level
level=9, dxL=   1.00000, dtL=   1.00000
--------------------------------------------------------------------------------
--------------------------------------------------------------------------------
  Loading physics table ...
  Physics table is defined.
  All values are expressed in physical units.
 Speed of sound (cs) is not defined.
 Attempting to load time step dt on coarsest level:
   cs =   56.638E+00
   dt =    2.039E-09
 WARNING: No value given for coulomb0
 WARNING: Reference coulomb0 is not found. 
 Setting reference coulomb0 to fundamental electrical charge.
Reference physical quantities:
  rho0       =    1.056E+03
  mass0      =    8.448E-18
  mole0      =    1.661E-24
  moleDens0  =  207.567E-06
  molWeight0 =    5.088E+06
  Temp0      =    1.000E+00
  coulomb0   =  160.218E-21
Conversion factors on level: 9
  dx            =  200.000E-09
  dt            =    2.039E-09
  pressure      =   10.163E+06
  velocity      =   98.100E+00
  kine. visc.   =   19.620E-06
  dyn. visc.    =   20.719E-03
  acceleration  =   48.118E+09
  force         =  406.501E-09
  body force    =   50.813E+12
  strain rate   =  490.500E+06
  energy        =   81.300E-15
  moleFlux      =   20.362E-03
  chargeDens    =   20.027E+00
  currentDens   =    1.965E+03
  massflux      =  103.594E+03
  diffusivity   =   19.620E-06
  faraday       =   96.485E+03
  gasConst      =   48.960E+09
  potential     =  507.436E+03

Over level scale factor: 
    pressure:    1.000E+00
    velocity:    1.000E+00
 strain rate:    1.000E+00
--------------------------------------------------------------------------------
--------------------------------------------------------------------------------
Loading Scheme identify table: 
kind: fluid
Layout: d3q19
relaxation: bgk
  variant: standard
--------------------------------------------------------------------------------
 Creating stencil kind: d3q19
--------------------------------------------------------------------------------
 Loading the field base info ...
 No field table defined.
 Assuming single field and label = "".
--------------------------------------------------------------------------------
 Initializing global variable system for scheme kind: fluid
 Appending state variables 
--------------------------------------------------------------------------------
Interpolation:
  method: quadratic
   order:  2
  weights_method: linear_distance
  inverse distance powefac:  6
--------------------------------------------------------------------------------
 No possible transport variable defined for scheme kind: fluid
--------------------------------------------------------------------------------
 Loading the fields ...
 Number of fields to load:            1
 No field table and scheme table are defined.Loading field data from config
 Loading field: 
 Loading the fluid properties.
 Loading fluid informations
 loading space time function from key: kinematic_viscosity
 Spacetime function is a const value:    3.2700000000000000E-006
 St-fun is not a table, thus setting global shape.
 No nonNewtonian table defined
 No turbulence table defined
--------------------------------------------------------------------------------
--------------------------------------------------------------------------------
  Loading initial conditions
Loading spatial for pressure
 Load spatial as single constant
   Spatial for pressure is a defined as const
value =   23.622E+03
Loading spatial for velocityX
 Load spatial as single constant
   Spatial for velocityX is a defined as const
value =    0.000E+00
Loading spatial for velocityY
 Load spatial as single constant
   Spatial for velocityY is a defined as const
value =    0.000E+00
Loading spatial for velocityZ
 Load spatial as single constant
   Spatial for velocityZ is a defined as const
value =    0.000E+00
Loading spatial for Sxx
 Load spatial as single constant
 ERROR: Fatal error occured in loading scalar constants
 WARNING: variable is non-existent!
 Setting kind to be "none" and value =    0.000E+00 for all 1 components
   Spatial for Sxx is a defined as none
Loading spatial for Syy
 Load spatial as single constant
 ERROR: Fatal error occured in loading scalar constants
 WARNING: variable is non-existent!
 Setting kind to be "none" and value =    0.000E+00 for all 1 components
   Spatial for Syy is a defined as none
Loading spatial for Szz
 Load spatial as single constant
 ERROR: Fatal error occured in loading scalar constants
 WARNING: variable is non-existent!
 Setting kind to be "none" and value =    0.000E+00 for all 1 components
   Spatial for Szz is a defined as none
Loading spatial for Sxy
 Load spatial as single constant
 ERROR: Fatal error occured in loading scalar constants
 WARNING: variable is non-existent!
 Setting kind to be "none" and value =    0.000E+00 for all 1 components
   Spatial for Sxy is a defined as none
Loading spatial for Syz
 Load spatial as single constant
 ERROR: Fatal error occured in loading scalar constants
 WARNING: variable is non-existent!
 Setting kind to be "none" and value =    0.000E+00 for all 1 components
   Spatial for Syz is a defined as none
Loading spatial for Sxz
 Load spatial as single constant
 ERROR: Fatal error occured in loading scalar constants
 WARNING: variable is non-existent!
 Setting kind to be "none" and value =    0.000E+00 for all 1 components
   Spatial for Sxz is a defined as none
--------------------------------------------------------------------------------
  Loading BC header
   Found BC wall of kind wall_libb
   Found BC inlet of kind adaptive_flux_pressure
   Found BC outlet_01 of kind pressure_eq
   Found BC outlet_02 of kind pressure_eq
   Found BC outlet_03 of kind pressure_eq
 matching boundary defination in lua to mesh
 Number of Boundaries: 5
--------------------------------------------------------------------------------
 Loading boundary definition for nBCs: 5
   Boundary: 1
    Curved:  F
     Wall LIBB treatment: wall
    Default qVal:   0.50000000000000000     
   required neighbors: 0
   Boundary: 2
    Curved:  F
    Adaptive global flux/pressure treatment for inlet
  Loading bc state for mass_flowrate
 Expected variable mass_flowrate is defined
 Did not find a variable name for mass_flowrate
 Trying to load it as an anonymous space time function
 loading space time function from key: mass_flowrate
 Spacetime function is a const value:    2.8901803804796421E-012
 St-fun is not a table, thus setting global shape.
 Found a spacetime function for mass_flowrate
    Default qVal:   0.50000000000000000     
   required neighbors: 2
   Boundary: 3
    Curved:  F
     Outlet pressure equilibrium type for outlet_01
  Loading bc state for pressure
 Expected variable pressure is defined
 Did not find a variable name for pressure
 Trying to load it as an anonymous space time function
 loading space time function from key: pressure
 St-fun is not a table, thus setting global shape.
 Found a spacetime function for pressure
    Default qVal:   0.50000000000000000     
   required neighbors: 2
   Boundary: 4
    Curved:  F
     Outlet pressure equilibrium type for outlet_02
  Loading bc state for pressure
 Expected variable pressure is defined
 Did not find a variable name for pressure
 Trying to load it as an anonymous space time function
 loading space time function from key: pressure
 St-fun is not a table, thus setting global shape.
 Found a spacetime function for pressure
    Default qVal:   0.50000000000000000     
   required neighbors: 2
   Boundary: 5
    Curved:  F
     Outlet pressure equilibrium type for outlet_03
  Loading bc state for pressure
 Expected variable pressure is defined
 Did not find a variable name for pressure
 Trying to load it as an anonymous space time function
 loading space time function from key: pressure
 St-fun is not a table, thus setting global shape.
 Found a spacetime function for pressure
    Default qVal:   0.50000000000000000     
   required neighbors: 2
--------------------------------------------------------------------------------
 Loading the mappings from table: source
 Table source could not be opened for reading variable mappings!
--------------------------------------------------------------------------------
 Loading the mappings from table: glob_source
 Table glob_source could not be opened for reading variable mappings!
 Loading transport variables
--------------------------------------------------------------------------------
 Variable table not defined with key: variable
--------------------------------------------------------------------------------
 Loading tracking ...
Number of Tracking entities: 2
Loading tracker: 1
 Tracking label: p
 +-------------------------------------------+
Iterations between trigger checks: 1
  - Min:
  iterations:            0
 
  - Max:
  iterations:      6131250
 
  - Interval:
  iterations:        59875
 +-------------------------------------------+
  Number of reductions loaded: 1
  their reduceTypes are:
    average
   Loading output table ...
   Output format: ascii
  Loading shape kind: all
  Inverted shape:  F
Done tracker 1
Loading tracker: 2
 Tracking label: u
 +-------------------------------------------+
Iterations between trigger checks: 1
  - Min:
  iterations:            0
 
  - Max:
  iterations:      6131250
 
  - Interval:
  iterations:        59875
 +-------------------------------------------+
  Number of reductions loaded: 1
  their reduceTypes are:
    average
   Loading output table ...
   Output format: ascii
  Loading shape kind: all
  Inverted shape:  F
Done tracker 2
--------------------------------------------------------------------------------
--------------------------------------------------------------------------------
 NO particle modelling
--------------------------------------------------------------------------------
--------------------------------------------------------------------------------
 Initializing musubi ...
 Initializing the scheme ...
 Map stencil to treelm definition and vice versa ...
Initializing the moment matrix by stencil: d3q19
 Building variable system for scheme kind: fluid
 Appending auxiliary variables 
 Current append variable wave loop:            1
 Append derive variables to varSys
 Variable pressure_deviation cant be added due to missing input variable pressure_reference
 Error: variable pressure_deviation is not added to variable system
 Appending boundary variables 
 Append derive physical variables to varSys
 Append meshInfo variables to varSys
 Current append variable wave loop:            2
 Append derive variables to varSys
 Appending boundary variables 
 Append derive physical variables to varSys
 Append meshInfo variables to varSys
 Current append variable wave loop:            3
 Append derive variables to varSys
 Appending boundary variables 
 Append derive physical variables to varSys
 Append meshInfo variables to varSys
 Done appending variables to varSys
 Storing state variable position 
 Storing derive variable position 
--------------------------------------------------------------------------------
 Starting to initialize the geometry
--------------------------------------------------------------------------------
 Creating boundary lists ...
BC: wall, iBnd: 1, normal:   0 -1  1, Ind: 8
BC: outlet_02, iBnd: 2, normal:   1  0  1, Ind: 14
BC: outlet_03, iBnd: 3, normal:  -1  0  0, Ind: 1
BC: inlet, iBnd: 4, normal:   0  0 -1, Ind: 3
BC: outlet_01, iBnd: 5, normal:   0 -1 -1, Ind: 7
 Set BC stencil: outlet_02
 Set BC stencil: outlet_03
 Set BC stencil: inlet
 Set BC stencil: outlet_01
 Finalizing stencils...
 Total Number of stencils: 5
 iStencil:  1, label: d3q19
 nElems: 182320
 iStencil:  2, label: outlet_02_TE2TE3_QQN2
 nElems: 158
 iStencil:  3, label: outlet_03_WW2_QQN2
 nElems: 175
 iStencil:  4, label: inlet_BB2_QQN2
 nElems: 223
 iStencil:  5, label: outlet_01_BS2BS3_QQN2
 nElems: 167
 Allocating level Descriptor ...
 Searching the neighbors for each element ...
 Finished searching the neighbors ID for each fluid.
 Creating level descriptor ...
 Building up the element and total list.
 Building level-wise fluid list ...
--------------------------------------------------------------------------------
 Communicating elements ...
Halo count exchange iteration: 1
 Starting all-to-all exchange of halo counts
Finished all-to-all exchanging number of elements
All to all cost: 0.332112E-02
  Finished counting valid procs and nElemsProcs.
   Done communicating nElems to Transfer
  Requesting remote halos on level 9
   Received requested halo elements successfully.
 Finished requesting remote halos
   Done requesting remote halos.
   Identifying lists
 Done exchanging number of elements to communicate.
Return halo counts and Redefine halos ...
  Returning halo counts on level 9
   Redefining halos ... 
   Done communicating stencil buffer
   Done communicating stencil buffer
   Done communicating stencil buffer
 Done with communication of elements. 
--------------------------------------------------------------------------------

--------------------------------------------------------------------------------
 Communicating elements ...
Halo count exchange iteration: 1
 Starting all-to-all exchange of halo counts
Finished all-to-all exchanging number of elements
All to all cost: 0.480144E-03
  Finished counting valid procs and nElemsProcs.
   Done communicating nElems to Transfer
  Requesting remote halos on level 9
   Received requested halo elements successfully.
 Finished requesting remote halos
   Done requesting remote halos.
   Identifying lists
 Done exchanging number of elements to communicate.
Return halo counts and Redefine halos ...
  Returning halo counts on level 9
   Redefining halos ... 
   Done communicating stencil buffer
   Done communicating stencil buffer
   Done communicating stencil buffer
 Done with communication of elements. 
--------------------------------------------------------------------------------

 Assembling total list ...
     Level: 9
    nElems: 45980
       fluid: 45580
gFromCoarser: 0
  gFromFiner: 0
        halo: 400
 Updating dependencies ...
 Updating the stencil entries
  Updating entries in the element stencils...
 Finished building up element and total list. 
Build neighbor array for stencil: 1
 level:  9, nElems to treat: 45980
Build neighbor array for stencil: 2
 level:  9, nElems to treat: 158
--------------------------------------------------------------------------------

Try to remove solid from BC: outlet_02
 Removed 28 elements on level 9
Try to remove solid from BC: outlet_03
Try to remove solid from BC: inlet
Try to remove solid from BC: outlet_01
 Build vertical dep ...
 Total number of elements on Level: 9
   Fluid:   182320
 Global Elements information:
   nElems overall: 185060
   nElems ghost from finer: 0
   nElems ghost from coarser: 0
 
Start filling field BC neighbor list 
 Allocating PDF state, neighbor and bcBuffer array
 nSize of state array: 45980
 Building state array connectivity ...
 Done with state array connectivity.
Set halo elements comm links
Amount of message per proc: 7914
Communication amount compressed to [%]: 60.81

--------------------------------------------------------------------------------
Done initializing geometry. Took [s]      0.22
--------------------------------------------------------------------------------

 Simulation time homogenize:
  iterations:       718506
  simTime   :    1.4648440366972478E-003
  wallClock :    6.9533643000000006E-002
 Time control homogenize:
 +-------------------------------------------+
Iterations between trigger checks: 1
  - Min:
  iterations:       718506
 
  - Max:
  iterations:      6131250
  wallClock :    7200.0000000000000     
 
  - Interval:
  iterations:         1198
 +-------------------------------------------+
Initialize fluid
  Set relaxation parameter from kinematic viscosity
Fluid properties:
  Reference density rho0:  1.0000000
  Kinematic viscosity STfun kind: const
Kinematic viscosity, (min, max) on level: 9
  Physical: ( 0.0000033, 0.0000033)
  Lattice: ( 0.1666667, 0.1666667)
  Kinematic omega (min,max):( 1.0000000, 1.0000000)
 viscBulk lattice and omega: 
  viscBulk:   0.1111111
  omegaBulk:  1.0000000
Magic lambda for TRT:  0.2500000
HRR sigma:  0.9800000
DRT tauN:  0.7000000
No nonNewtonian table defined.
--------------------------------------------------------------------------------
 Allocate gradient data ...
 Filling gradient data ...
--------------------------------------------------------------------------------
 Create subtree for all space time functions stored 
 in linked list of spacetime function
 Done creating subtree for   0 spacetime functions
--------------------------------------------------------------------------------
--------------------------------------------------------------------------------
 Initializing Source terms ...
 No active source terms
--------------------------------------------------------------------------------
 Initializing transport variables ...
 No active transport variables
  Pulling pdfs from neighbor elements before collision
 Initializing restart...
 Time control homogenize:
 +-------------------------------------------+
Iterations between trigger checks: 1
  - Min:
  iterations:       838257
 
  - Max:
  iterations:      6131250
 
  - Interval:
  iterations:       119751
 +-------------------------------------------+
 Initializing tracker...
--------------------------------------------------------------------------------
 Initialize tracking subTree to remove empty objects
--------------------------------------------------------------------------------
 Creating subTree for tracking object p
 Subtree encompasses all fluid elements
Found corresponding nElems: 182320
--------------------------------------------------------------------------------
 Creating subTree for tracking object u
 Subtree encompasses all fluid elements
Found corresponding nElems: 182320
--------------------------------------------------------------------------------
 Time control homogenize:
 +-------------------------------------------+
Iterations between trigger checks: 1
  - Min:
  iterations:            0
 
  - Max:
  iterations:      6131250
 
  - Interval:
  iterations:        59875
 +-------------------------------------------+
 Time control homogenize:
 +-------------------------------------------+
Iterations between trigger checks: 1
  - Min:
  iterations:            0
 
  - Max:
  iterations:      6131250
 
  - Interval:
  iterations:        59875
 +-------------------------------------------+
--------------------------------------------------------------------------------
 Initialize tracking objects
--------------------------------------------------------------------------------
Track object: 1, label: p
 Initializing reduction ...
Track object: 2, label: u
 Initializing reduction ...
 Auxiliary field halo communication DEACTIVATED.
Initialize BndForce
 Initializing IBM surface data
--------------------------------------------------------------------------------

 Reading restart...
  Open read... 
  Closed Read.
 Done reading restart.
 Initialize compute kernel for scheme kind: fluid
 Choosing fluid relaxation model: bgk for layout d3q19
 mus_load_particles: no particle table found
Initialize 5 boundary conditions
 Initializing BC: wall
 Initializing BC: outlet_02
 Initializing BC: outlet_03
 Initializing BC: inlet
 Initializing BC: outlet_01
--------------------------------------------------------------------------------
 Starting Musubi MAIN loop with time control:
 +-------------------------------------------+
Iterations between trigger checks: 1
  - Min:
  iterations:       718506
 
  - Max:
  iterations:      6131250
  wallClock :    7200.0000000000000     
 
  - Interval:
  iterations:         1198
 +-------------------------------------------+
Select fast single level control routine.
Particulate flow simulations disabled!
--------------------------------------------------------------------------------
  iterations:       718506
  simTime   :    1.4648440366972478E-003
  wallClock :    6.9533643000000006E-002
      field |       total density
          1 |    1.2803708439E+03

  iterations:       719704
  simTime   :    1.4672864424056440E-003
  wallClock :    16.216953272000001     
      field |       total density
          1 |    1.2803708439E+03

  iterations:       720902
  simTime   :    1.4697288481140402E-003
  wallClock :    31.733659490000001     
      field |       total density
          1 |    1.2803708439E+03

  iterations:       722100
  simTime   :    1.4721712538224364E-003
  wallClock :    49.419910963000000     
      field |       total density
          1 |    1.2803708439E+03

  iterations:       723298
  simTime   :    1.4746136595308326E-003
  wallClock :    67.758620094999998     
      field |       total density
          1 |    1.2803708439E+03

  iterations:       724496
  simTime   :    1.4770560652392288E-003
  wallClock :    86.269719154000001     
      field |       total density
          1 |    1.2803708439E+03

  iterations:       725694
  simTime   :    1.4794984709476250E-003
  wallClock :    105.00382793100000     
      field |       total density
          1 |    1.2803708439E+03

  iterations:       726892
  simTime   :    1.4819408766560212E-003
  wallClock :    123.50706464600000     
      field |       total density
          1 |    1.2803708439E+03

  iterations:       728090
  simTime   :    1.4843832823644174E-003
  wallClock :    142.15941871800001     
      field |       total density
          1 |    1.2803708439E+03

  iterations:       729288
  simTime   :    1.4868256880728136E-003
  wallClock :    160.69012957600000     
      field |       total density
          1 |    1.2803708439E+03

  iterations:       730486
  simTime   :    1.4892680937812098E-003
  wallClock :    179.32910384600001     
      field |       total density
          1 |    1.2803708439E+03

  iterations:       731684
  simTime   :    1.4917104994896060E-003
  wallClock :    197.83134419600000     
      field |       total density
          1 |    1.2803708439E+03

  iterations:       732882
  simTime   :    1.4941529051980022E-003
  wallClock :    217.26091176599999     
      field |       total density
          1 |    1.2803708439E+03

  iterations:       734080
  simTime   :    1.4965953109063984E-003
  wallClock :    236.66327276999999     
      field |       total density
          1 |    1.2803708439E+03

  iterations:       735278
  simTime   :    1.4990377166147946E-003
  wallClock :    255.43752238499999     
      field |       total density
          1 |    1.2803708439E+03

  iterations:       736476
  simTime   :    1.5014801223231908E-003
  wallClock :    274.84167028299998     
      field |       total density
          1 |    1.2803708439E+03

  iterations:       737674
  simTime   :    1.5039225280315870E-003
  wallClock :    294.48572547300000     
      field |       total density
          1 |    1.2803708439E+03

  iterations:       738872
  simTime   :    1.5063649337399832E-003
  wallClock :    314.35613902099999     
      field |       total density
          1 |    1.2803708439E+03

  iterations:       740070
  simTime   :    1.5088073394483794E-003
  wallClock :    334.00297900300001     
      field |       total density
          1 |    1.2803708439E+03

  iterations:       741268
  simTime   :    1.5112497451567756E-003
  wallClock :    352.68218335400002     
      field |       total density
          1 |    1.2803708439E+03

  iterations:       742466
  simTime   :    1.5136921508651718E-003
  wallClock :    371.44282254600000     
      field |       total density
          1 |    1.2803708439E+03

  iterations:       743664
  simTime   :    1.5161345565735680E-003
  wallClock :    389.91341601699997     
      field |       total density
          1 |    1.2803708439E+03

  iterations:       744862
  simTime   :    1.5185769622819642E-003
  wallClock :    408.63167780900000     
      field |       total density
          1 |    1.2803708439E+03

  iterations:       746060
  simTime   :    1.5210193679903604E-003
  wallClock :    427.43236389999998     
      field |       total density
          1 |    1.2803708439E+03

  iterations:       747258
  simTime   :    1.5234617736987566E-003
  wallClock :    445.99526691500000     
      field |       total density
          1 |    1.2803708439E+03

  iterations:       748456
  simTime   :    1.5259041794071528E-003
  wallClock :    464.68285031400001     
      field |       total density
          1 |    1.2803708439E+03

  iterations:       749654
  simTime   :    1.5283465851155490E-003
  wallClock :    483.25901212399998     
      field |       total density
          1 |    1.2803708439E+03

  iterations:       750852
  simTime   :    1.5307889908239452E-003
  wallClock :    501.95273794000002     
      field |       total density
          1 |    1.2803708439E+03

  iterations:       752050
  simTime   :    1.5332313965323414E-003
  wallClock :    520.66980905900004     
      field |       total density
          1 |    1.2803708439E+03

  iterations:       753248
  simTime   :    1.5356738022407376E-003
  wallClock :    539.42785183599995     
      field |       total density
          1 |    1.2803708439E+03

  iterations:       754446
  simTime   :    1.5381162079491338E-003
  wallClock :    558.13593901599995     
      field |       total density
          1 |    1.2803708439E+03

  iterations:       755644
  simTime   :    1.5405586136575300E-003
  wallClock :    576.77706184099998     
      field |       total density
          1 |    1.2803708439E+03

  iterations:       756842
  simTime   :    1.5430010193659262E-003
  wallClock :    595.58281138300003     
      field |       total density
          1 |    1.2803708439E+03

  iterations:       758040
  simTime   :    1.5454434250743224E-003
  wallClock :    614.19142324799998     
      field |       total density
          1 |    1.2803708439E+03

  iterations:       759238
  simTime   :    1.5478858307827186E-003
  wallClock :    632.79886728800000     
      field |       total density
          1 |    1.2803708439E+03

  iterations:       760436
  simTime   :    1.5503282364911148E-003
  wallClock :    651.51849990200003     
      field |       total density
          1 |    1.2803708439E+03

  iterations:       761634
  simTime   :    1.5527706421995110E-003
  wallClock :    670.06854638699997     
      field |       total density
          1 |    1.2803708439E+03

  iterations:       762832
  simTime   :    1.5552130479079072E-003
  wallClock :    688.67685100799997     
      field |       total density
          1 |    1.2803708439E+03

  iterations:       764030
  simTime   :    1.5576554536163034E-003
  wallClock :    707.42876391300001     
      field |       total density
          1 |    1.2803708439E+03

  iterations:       765228
  simTime   :    1.5600978593246996E-003
  wallClock :    726.14425204800000     
      field |       total density
          1 |    1.2803708439E+03

  iterations:       766426
  simTime   :    1.5625402650330958E-003
  wallClock :    744.81433414799994     
      field |       total density
          1 |    1.2803708439E+03

  iterations:       767624
  simTime   :    1.5649826707414920E-003
  wallClock :    763.72192262600004     
      field |       total density
          1 |    1.2803708439E+03

  iterations:       768822
  simTime   :    1.5674250764498882E-003
  wallClock :    782.24967051099998     
      field |       total density
          1 |    1.2803708439E+03

  iterations:       770020
  simTime   :    1.5698674821582844E-003
  wallClock :    801.00683373100003     
      field |       total density
          1 |    1.2803708439E+03

  iterations:       771218
  simTime   :    1.5723098878666806E-003
  wallClock :    819.94506864599998     
      field |       total density
          1 |    1.2803708439E+03

  iterations:       772416
  simTime   :    1.5747522935750768E-003
  wallClock :    838.42158082799995     
      field |       total density
          1 |    1.2803708439E+03

  iterations:       773614
  simTime   :    1.5771946992834730E-003
  wallClock :    857.04354987399995     
      field |       total density
          1 |    1.2803708439E+03

  iterations:       774812
  simTime   :    1.5796371049918692E-003
  wallClock :    875.87714372200003     
      field |       total density
          1 |    1.2803708439E+03

  iterations:       776010
  simTime   :    1.5820795107002654E-003
  wallClock :    894.55958779100001     
      field |       total density
          1 |    1.2803708439E+03

  iterations:       777208
  simTime   :    1.5845219164086616E-003
  wallClock :    913.80494555899998     
      field |       total density
          1 |    1.2803708439E+03

ADAPTIVE_FLUX_PRESSURE iter=778375 target_lattice= 6.9748043809647912E-004 controlled_lattice= 6.9748043809647945E-004 relative_error= 4.6633659380230475E-016 rho_boundary= 7.1302311822118679E-003 pressure_pa= 2.4153734565820971E+004 max_lattice_velocity= 1.1601463213839393E-003 minimum_pdf= 1.9737262253266823E-004 globBC_count=223
  iterations:       778406
  simTime   :    1.5869643221170578E-003
  wallClock :    932.71851059300002     
      field |       total density
          1 |    1.2803708439E+03

  iterations:       779604
  simTime   :    1.5894067278254540E-003
  wallClock :    951.74852916400005     
      field |       total density
          1 |    1.2803708439E+03

  iterations:       780802
  simTime   :    1.5918491335338502E-003
  wallClock :    970.47941532400000     
      field |       total density
          1 |    1.2803708439E+03

  iterations:       782000
  simTime   :    1.5942915392422464E-003
  wallClock :    989.21785465899995     
      field |       total density
          1 |    1.2803708439E+03

  iterations:       783198
  simTime   :    1.5967339449506426E-003
  wallClock :    1007.8838156690000     
      field |       total density
          1 |    1.2803708439E+03

  iterations:       784396
  simTime   :    1.5991763506590388E-003
  wallClock :    1026.5400569710000     
      field |       total density
          1 |    1.2803708439E+03

  iterations:       785594
  simTime   :    1.6016187563674350E-003
  wallClock :    1045.3220347460001     
      field |       total density
          1 |    1.2803708439E+03

  iterations:       786792
  simTime   :    1.6040611620758312E-003
  wallClock :    1063.8814358370000     
      field |       total density
          1 |    1.2803708439E+03

  iterations:       787990
  simTime   :    1.6065035677842274E-003
  wallClock :    1082.5051588040001     
      field |       total density
          1 |    1.2803708439E+03

  iterations:       789188
  simTime   :    1.6089459734926236E-003
  wallClock :    1101.1718951390001     
      field |       total density
          1 |    1.2803708439E+03

  iterations:       790386
  simTime   :    1.6113883792010198E-003
  wallClock :    1119.8516737330001     
      field |       total density
          1 |    1.2803708439E+03

  iterations:       791584
  simTime   :    1.6138307849094160E-003
  wallClock :    1138.5834356410001     
      field |       total density
          1 |    1.2803708439E+03

  iterations:       792782
  simTime   :    1.6162731906178122E-003
  wallClock :    1157.6796610150000     
      field |       total density
          1 |    1.2803708439E+03

  iterations:       793980
  simTime   :    1.6187155963262084E-003
  wallClock :    1176.2150649309999     
      field |       total density
          1 |    1.2803708439E+03

  iterations:       795178
  simTime   :    1.6211580020346046E-003
  wallClock :    1194.7164277970001     
      field |       total density
          1 |    1.2803708439E+03

  iterations:       796376
  simTime   :    1.6236004077430008E-003
  wallClock :    1213.3837806140000     
      field |       total density
          1 |    1.2803708439E+03

  iterations:       797574
  simTime   :    1.6260428134513970E-003
  wallClock :    1231.9696255419999     
      field |       total density
          1 |    1.2803708439E+03

  iterations:       798772
  simTime   :    1.6284852191597932E-003
  wallClock :    1250.5783541200001     
      field |       total density
          1 |    1.2803708439E+03

  iterations:       799970
  simTime   :    1.6309276248681894E-003
  wallClock :    1269.3289738480000     
      field |       total density
          1 |    1.2803708439E+03

  iterations:       801168
  simTime   :    1.6333700305765856E-003
  wallClock :    1287.8240318720000     
      field |       total density
          1 |    1.2803708439E+03

  iterations:       802366
  simTime   :    1.6358124362849818E-003
  wallClock :    1306.4541751910001     
      field |       total density
          1 |    1.2803708439E+03

  iterations:       803564
  simTime   :    1.6382548419933780E-003
  wallClock :    1325.0887543970000     
      field |       total density
          1 |    1.2803708439E+03

  iterations:       804762
  simTime   :    1.6406972477017742E-003
  wallClock :    1343.8074375829999     
      field |       total density
          1 |    1.2803708439E+03

  iterations:       805960
  simTime   :    1.6431396534101704E-003
  wallClock :    1362.2586655980001     
      field |       total density
          1 |    1.2803708439E+03

  iterations:       807158
  simTime   :    1.6455820591185666E-003
  wallClock :    1380.9244361340000     
      field |       total density
          1 |    1.2803708439E+03

  iterations:       808356
  simTime   :    1.6480244648269628E-003
  wallClock :    1399.5230461300000     
      field |       total density
          1 |    1.2803708439E+03

  iterations:       809554
  simTime   :    1.6504668705353590E-003
  wallClock :    1418.0038091770000     
      field |       total density
          1 |    1.2803708439E+03

  iterations:       810752
  simTime   :    1.6529092762437552E-003
  wallClock :    1436.7622171450000     
      field |       total density
          1 |    1.2803708439E+03

  iterations:       811950
  simTime   :    1.6553516819521514E-003
  wallClock :    1455.2667825070000     
      field |       total density
          1 |    1.2803708439E+03

  iterations:       813148
  simTime   :    1.6577940876605476E-003
  wallClock :    1473.9597155280001     
      field |       total density
          1 |    1.2803708439E+03

  iterations:       814346
  simTime   :    1.6602364933689438E-003
  wallClock :    1492.7979489530001     
      field |       total density
          1 |    1.2803708439E+03

  iterations:       815544
  simTime   :    1.6626788990773400E-003
  wallClock :    1511.2398056190000     
      field |       total density
          1 |    1.2803708439E+03

  iterations:       816742
  simTime   :    1.6651213047857362E-003
  wallClock :    1529.7934954130001     
      field |       total density
          1 |    1.2803708439E+03

  iterations:       817940
  simTime   :    1.6675637104941324E-003
  wallClock :    1548.4159092059999     
      field |       total density
          1 |    1.2803708439E+03

  iterations:       819138
  simTime   :    1.6700061162025286E-003
  wallClock :    1566.9026476520000     
      field |       total density
          1 |    1.2803708439E+03

  iterations:       820336
  simTime   :    1.6724485219109248E-003
  wallClock :    1585.3589299710000     
      field |       total density
          1 |    1.2803708439E+03

  iterations:       821534
  simTime   :    1.6748909276193210E-003
  wallClock :    1604.1082054609999     
      field |       total density
          1 |    1.2803708439E+03

  iterations:       822732
  simTime   :    1.6773333333277172E-003
  wallClock :    1622.7536953690001     
      field |       total density
          1 |    1.2803708439E+03

  iterations:       823930
  simTime   :    1.6797757390361134E-003
  wallClock :    1641.5185591219999     
      field |       total density
          1 |    1.2803708439E+03

  iterations:       825128
  simTime   :    1.6822181447445096E-003
  wallClock :    1660.2596481940000     
      field |       total density
          1 |    1.2803708439E+03

  iterations:       826326
  simTime   :    1.6846605504529058E-003
  wallClock :    1678.7804893909999     
      field |       total density
          1 |    1.2803708439E+03

  iterations:       827524
  simTime   :    1.6871029561613020E-003
  wallClock :    1697.5512831640001     
      field |       total density
          1 |    1.2803708439E+03

  iterations:       828722
  simTime   :    1.6895453618696982E-003
  wallClock :    1716.2066101969999     
      field |       total density
          1 |    1.2803708439E+03

  iterations:       829920
  simTime   :    1.6919877675780944E-003
  wallClock :    1734.7484450259999     
      field |       total density
          1 |    1.2803708439E+03

  iterations:       831118
  simTime   :    1.6944301732864907E-003
  wallClock :    1753.3094818540001     
      field |       total density
          1 |    1.2803708439E+03

  iterations:       832316
  simTime   :    1.6968725789948869E-003
  wallClock :    1771.9407532289999     
      field |       total density
          1 |    1.2803708439E+03

  iterations:       833514
  simTime   :    1.6993149847032831E-003
  wallClock :    1790.4474033370000     
      field |       total density
          1 |    1.2803708439E+03

  iterations:       834712
  simTime   :    1.7017573904116793E-003
  wallClock :    1809.0191480989999     
      field |       total density
          1 |    1.2803708439E+03

  iterations:       835910
  simTime   :    1.7041997961200755E-003
  wallClock :    1828.2436145590000     
      field |       total density
          1 |    1.2803708439E+03

  iterations:       837108
  simTime   :    1.7066422018284717E-003
  wallClock :    1846.8009042690001     
      field |       total density
          1 |    1.2803708439E+03

ADAPTIVE_FLUX_PRESSURE iter=838250 target_lattice= 6.9748043809647912E-004 controlled_lattice= 6.9748043809648682E-004 relative_error= 1.1036632719987878E-014 rho_boundary= 7.1302311822118705E-003 pressure_pa= 2.4153734565820982E+004 max_lattice_velocity= 1.1601463213838327E-003 minimum_pdf= 1.9737262253266829E-004 globBC_count=223
  Writing restart at:
  iterations:       838257
  simTime   :    1.7089847094736697E-003
  wallClock :    1864.5527193539999     
 Done writing
  iterations:       838306
  simTime   :    1.7090846075368679E-003
  wallClock :    1865.3231476630001     
      field |       total density
          1 |    1.2803708439E+03

  iterations:       839504
  simTime   :    1.7115270132452641E-003
  wallClock :    1884.7398598140001     
      field |       total density
          1 |    1.2803708439E+03

  iterations:       840702
  simTime   :    1.7139694189536603E-003
  wallClock :    1903.5340258690001     
      field |       total density
          1 |    1.2803708439E+03

  iterations:       841900
  simTime   :    1.7164118246620565E-003
  wallClock :    1922.2181564210000     
      field |       total density
          1 |    1.2803708439E+03

  iterations:       843098
  simTime   :    1.7188542303704527E-003
  wallClock :    1941.1985772460000     
      field |       total density
          1 |    1.2803708439E+03

  iterations:       844296
  simTime   :    1.7212966360788489E-003
  wallClock :    1960.0833310930000     
      field |       total density
          1 |    1.2803708439E+03

  iterations:       845494
  simTime   :    1.7237390417872451E-003
  wallClock :    1978.7672631670000     
      field |       total density
          1 |    1.2803708439E+03

  iterations:       846692
  simTime   :    1.7261814474956413E-003
  wallClock :    1998.0048211010001     
      field |       total density
          1 |    1.2803708439E+03

  iterations:       847890
  simTime   :    1.7286238532040375E-003
  wallClock :    2017.0586257610000     
      field |       total density
          1 |    1.2803708439E+03

  iterations:       849088
  simTime   :    1.7310662589124337E-003
  wallClock :    2036.1543960460001     
      field |       total density
          1 |    1.2803708439E+03

  iterations:       850286
  simTime   :    1.7335086646208299E-003
  wallClock :    2054.9315215870001     
      field |       total density
          1 |    1.2803708439E+03

  iterations:       851484
  simTime   :    1.7359510703292261E-003
  wallClock :    2073.8122471540000     
      field |       total density
          1 |    1.2803708439E+03

  iterations:       852682
  simTime   :    1.7383934760376223E-003
  wallClock :    2092.5512051090000     
      field |       total density
          1 |    1.2803708439E+03

  iterations:       853880
  simTime   :    1.7408358817460185E-003
  wallClock :    2111.1491407919998     
      field |       total density
          1 |    1.2803708439E+03

  iterations:       855078
  simTime   :    1.7432782874544147E-003
  wallClock :    2129.7846008749998     
      field |       total density
          1 |    1.2803708439E+03

  iterations:       856276
  simTime   :    1.7457206931628109E-003
  wallClock :    2149.9097873259998     
      field |       total density
          1 |    1.2803708439E+03

  iterations:       857474
  simTime   :    1.7481630988712071E-003
  wallClock :    2168.4325729420002     
      field |       total density
          1 |    1.2803708439E+03

  iterations:       858672
  simTime   :    1.7506055045796033E-003
  wallClock :    2187.3801781749999     
      field |       total density
          1 |    1.2803708439E+03

  iterations:       859870
  simTime   :    1.7530479102879995E-003
  wallClock :    2206.1692944360002     
      field |       total density
          1 |    1.2803708439E+03

  iterations:       861068
  simTime   :    1.7554903159963957E-003
  wallClock :    2225.1175905089999     
      field |       total density
          1 |    1.2803708439E+03

  iterations:       862266
  simTime   :    1.7579327217047919E-003
  wallClock :    2244.0214470960000     
      field |       total density
          1 |    1.2803708439E+03

  iterations:       863464
  simTime   :    1.7603751274131881E-003
  wallClock :    2262.6743357430000     
      field |       total density
          1 |    1.2803708439E+03

  iterations:       864662
  simTime   :    1.7628175331215843E-003
  wallClock :    2281.4476346340002     
      field |       total density
          1 |    1.2803708439E+03

  iterations:       865860
  simTime   :    1.7652599388299805E-003
  wallClock :    2300.3788719429999     
      field |       total density
          1 |    1.2803708439E+03

  iterations:       867058
  simTime   :    1.7677023445383767E-003
  wallClock :    2319.1214714200000     
      field |       total density
          1 |    1.2803708439E+03

  iterations:       868256
  simTime   :    1.7701447502467729E-003
  wallClock :    2337.9623186320000     
      field |       total density
          1 |    1.2803708439E+03

  iterations:       869454
  simTime   :    1.7725871559551691E-003
  wallClock :    2356.7554150709998     
      field |       total density
          1 |    1.2803708439E+03

  iterations:       870652
  simTime   :    1.7750295616635653E-003
  wallClock :    2375.6116613919999     
      field |       total density
          1 |    1.2803708439E+03

  iterations:       871850
  simTime   :    1.7774719673719615E-003
  wallClock :    2394.4164333929998     
      field |       total density
          1 |    1.2803708439E+03

  iterations:       873048
  simTime   :    1.7799143730803577E-003
  wallClock :    2413.2882946479999     
      field |       total density
          1 |    1.2803708439E+03

  iterations:       874246
  simTime   :    1.7823567787887539E-003
  wallClock :    2432.1003840180001     
      field |       total density
          1 |    1.2803708439E+03

  iterations:       875444
  simTime   :    1.7847991844971501E-003
  wallClock :    2450.9174379910000     
      field |       total density
          1 |    1.2803708439E+03

  iterations:       876642
  simTime   :    1.7872415902055463E-003
  wallClock :    2469.9936461200000     
      field |       total density
          1 |    1.2803708439E+03

  iterations:       877840
  simTime   :    1.7896839959139425E-003
  wallClock :    2488.7500734569999     
      field |       total density
          1 |    1.2803708439E+03

  iterations:       879038
  simTime   :    1.7921264016223387E-003
  wallClock :    2507.7871974069999     
      field |       total density
          1 |    1.2803708439E+03

  iterations:       880236
  simTime   :    1.7945688073307349E-003
  wallClock :    2526.7837002169999     
      field |       total density
          1 |    1.2803708439E+03

  iterations:       881434
  simTime   :    1.7970112130391311E-003
  wallClock :    2545.5928232719998     
      field |       total density
          1 |    1.2803708439E+03

  iterations:       882632
  simTime   :    1.7994536187475273E-003
  wallClock :    2564.6994068810000     
      field |       total density
          1 |    1.2803708439E+03

  iterations:       883830
  simTime   :    1.8018960244559235E-003
  wallClock :    2583.3143054699999     
      field |       total density
          1 |    1.2803708439E+03

  iterations:       885028
  simTime   :    1.8043384301643197E-003
  wallClock :    2602.1422237180000     
      field |       total density
          1 |    1.2803708439E+03

  iterations:       886226
  simTime   :    1.8067808358727159E-003
  wallClock :    2620.9133001559999     
      field |       total density
          1 |    1.2803708439E+03

  iterations:       887424
  simTime   :    1.8092232415811121E-003
  wallClock :    2639.7246552520000     
      field |       total density
          1 |    1.2803708439E+03

  iterations:       888622
  simTime   :    1.8116656472895083E-003
  wallClock :    2658.4136535329999     
      field |       total density
          1 |    1.2803708439E+03

  iterations:       889820
  simTime   :    1.8141080529979045E-003
  wallClock :    2677.2080883019999     
      field |       total density
          1 |    1.2803708439E+03

  iterations:       891018
  simTime   :    1.8165504587063007E-003
  wallClock :    2696.0570444720001     
      field |       total density
          1 |    1.2803708439E+03

  iterations:       892216
  simTime   :    1.8189928644146969E-003
  wallClock :    2714.8463207300001     
      field |       total density
          1 |    1.2803708439E+03

  iterations:       893414
  simTime   :    1.8214352701230931E-003
  wallClock :    2734.4234614140000     
      field |       total density
          1 |    1.2803708439E+03

  iterations:       894612
  simTime   :    1.8238776758314893E-003
  wallClock :    2753.1624341410002     
      field |       total density
          1 |    1.2803708439E+03

  iterations:       895810
  simTime   :    1.8263200815398855E-003
  wallClock :    2771.7766663620000     
      field |       total density
          1 |    1.2803708439E+03

  iterations:       897008
  simTime   :    1.8287624872482817E-003
  wallClock :    2790.9887125579999     
      field |       total density
          1 |    1.2803708439E+03

ADAPTIVE_FLUX_PRESSURE iter=898125 target_lattice= 6.9748043809647912E-004 controlled_lattice= 6.9748043809648845E-004 relative_error= 1.3368315688999402E-014 rho_boundary= 7.1302311822118722E-003 pressure_pa= 2.4153734565820985E+004 max_lattice_velocity= 1.1601463213838095E-003 minimum_pdf= 1.9737262253266831E-004 globBC_count=223
  iterations:       898206
  simTime   :    1.8312048929566779E-003
  wallClock :    2809.8591348079999     
      field |       total density
          1 |    1.2803708439E+03

  iterations:       899404
  simTime   :    1.8336472986650741E-003
  wallClock :    2828.9245248020002     
      field |       total density
          1 |    1.2803708439E+03

  iterations:       900602
  simTime   :    1.8360897043734703E-003
  wallClock :    2847.8090116240000     
      field |       total density
          1 |    1.2803708439E+03

  iterations:       901800
  simTime   :    1.8385321100818665E-003
  wallClock :    2866.5125423479999     
      field |       total density
          1 |    1.2803708439E+03

  iterations:       902998
  simTime   :    1.8409745157902627E-003
  wallClock :    2885.1883195109999     
      field |       total density
          1 |    1.2803708439E+03

  iterations:       904196
  simTime   :    1.8434169214986589E-003
  wallClock :    2903.9966231620001     
      field |       total density
          1 |    1.2803708439E+03

  iterations:       905394
  simTime   :    1.8458593272070551E-003
  wallClock :    2922.9778993460000     
      field |       total density
          1 |    1.2803708439E+03

  iterations:       906592
  simTime   :    1.8483017329154513E-003
  wallClock :    2941.7139759410002     
      field |       total density
          1 |    1.2803708439E+03

  iterations:       907790
  simTime   :    1.8507441386238475E-003
  wallClock :    2960.3795917170000     
      field |       total density
          1 |    1.2803708439E+03

  iterations:       908988
  simTime   :    1.8531865443322437E-003
  wallClock :    2979.3216852830001     
      field |       total density
          1 |    1.2803708439E+03

  iterations:       910186
  simTime   :    1.8556289500406399E-003
  wallClock :    2997.7875159910000     
      field |       total density
          1 |    1.2803708439E+03

  iterations:       911384
  simTime   :    1.8580713557490361E-003
  wallClock :    3016.5147952590000     
      field |       total density
          1 |    1.2803708439E+03

  iterations:       912582
  simTime   :    1.8605137614574323E-003
  wallClock :    3034.9922559410002     
      field |       total density
          1 |    1.2803708439E+03

  iterations:       913780
  simTime   :    1.8629561671658285E-003
  wallClock :    3053.7593100399999     
      field |       total density
          1 |    1.2803708439E+03

  iterations:       914978
  simTime   :    1.8653985728742247E-003
  wallClock :    3072.3700891489998     
      field |       total density
          1 |    1.2803708439E+03

  iterations:       916176
  simTime   :    1.8678409785826209E-003
  wallClock :    3091.1527798030002     
      field |       total density
          1 |    1.2803708439E+03

  iterations:       917374
  simTime   :    1.8702833842910171E-003
  wallClock :    3109.8386785040002     
      field |       total density
          1 |    1.2803708439E+03

  iterations:       918572
  simTime   :    1.8727257899994133E-003
  wallClock :    3128.4371806810000     
      field |       total density
          1 |    1.2803708439E+03

  iterations:       919770
  simTime   :    1.8751681957078095E-003
  wallClock :    3147.2717725839998     
      field |       total density
          1 |    1.2803708439E+03

  iterations:       920968
  simTime   :    1.8776106014162057E-003
  wallClock :    3165.8914516499999     
      field |       total density
          1 |    1.2803708439E+03

  iterations:       922166
  simTime   :    1.8800530071246019E-003
  wallClock :    3184.6620494760000     
      field |       total density
          1 |    1.2803708439E+03

  iterations:       923364
  simTime   :    1.8824954128329981E-003
  wallClock :    3203.4971132619999     
      field |       total density
          1 |    1.2803708439E+03

  iterations:       924562
  simTime   :    1.8849378185413943E-003
  wallClock :    3222.0420870210000     
      field |       total density
          1 |    1.2803708439E+03

  iterations:       925760
  simTime   :    1.8873802242497905E-003
  wallClock :    3240.6888511160000     
      field |       total density
          1 |    1.2803708439E+03

  iterations:       926958
  simTime   :    1.8898226299581867E-003
  wallClock :    3259.2458037890001     
      field |       total density
          1 |    1.2803708439E+03

  iterations:       928156
  simTime   :    1.8922650356665829E-003
  wallClock :    3278.1123874400000     
      field |       total density
          1 |    1.2803708439E+03

  iterations:       929354
  simTime   :    1.8947074413749791E-003
  wallClock :    3296.7030519800001     
      field |       total density
          1 |    1.2803708439E+03

  iterations:       930552
  simTime   :    1.8971498470833753E-003
  wallClock :    3315.4355294239999     
      field |       total density
          1 |    1.2803708439E+03

  iterations:       931750
  simTime   :    1.8995922527917715E-003
  wallClock :    3334.1387735510002     
      field |       total density
          1 |    1.2803708439E+03

  iterations:       932948
  simTime   :    1.9020346585001677E-003
  wallClock :    3352.8464081620000     
      field |       total density
          1 |    1.2803708439E+03

  iterations:       934146
  simTime   :    1.9044770642085639E-003
  wallClock :    3371.6464171920002     
      field |       total density
          1 |    1.2803708439E+03

  iterations:       935344
  simTime   :    1.9069194699169601E-003
  wallClock :    3390.1861199360001     
      field |       total density
          1 |    1.2803708439E+03

  iterations:       936542
  simTime   :    1.9093618756253563E-003
  wallClock :    3408.9752890159998     
      field |       total density
          1 |    1.2803708439E+03

  iterations:       937740
  simTime   :    1.9118042813337525E-003
  wallClock :    3427.9162594099998     
      field |       total density
          1 |    1.2803708439E+03

  iterations:       938938
  simTime   :    1.9142466870421487E-003
  wallClock :    3446.6029373820002     
      field |       total density
          1 |    1.2803708439E+03

  iterations:       940136
  simTime   :    1.9166890927505449E-003
  wallClock :    3465.4631558269998     
      field |       total density
          1 |    1.2803708439E+03

  iterations:       941334
  simTime   :    1.9191314984589411E-003
  wallClock :    3484.0820590779999     
      field |       total density
          1 |    1.2803708439E+03

  iterations:       942532
  simTime   :    1.9215739041673373E-003
  wallClock :    3502.7968482570000     
      field |       total density
          1 |    1.2803708439E+03

  iterations:       943730
  simTime   :    1.9240163098757335E-003
  wallClock :    3521.6333226649999     
      field |       total density
          1 |    1.2803708439E+03

  iterations:       944928
  simTime   :    1.9264587155841297E-003
  wallClock :    3540.2825996329998     
      field |       total density
          1 |    1.2803708439E+03

  iterations:       946126
  simTime   :    1.9289011212925259E-003
  wallClock :    3558.8879419109999     
      field |       total density
          1 |    1.2803708439E+03

  iterations:       947324
  simTime   :    1.9313435270009221E-003
  wallClock :    3577.5058274550001     
      field |       total density
          1 |    1.2803708439E+03

  iterations:       948522
  simTime   :    1.9337859327093183E-003
  wallClock :    3596.1634217010001     
      field |       total density
          1 |    1.2803708439E+03

  iterations:       949720
  simTime   :    1.9362283384177145E-003
  wallClock :    3614.6656146340001     
      field |       total density
          1 |    1.2803708439E+03

  iterations:       950918
  simTime   :    1.9386707441261107E-003
  wallClock :    3634.0883727440000     
      field |       total density
          1 |    1.2803708439E+03

  iterations:       952116
  simTime   :    1.9411131498345070E-003
  wallClock :    3652.7895544660000     
      field |       total density
          1 |    1.2803708439E+03

  iterations:       953314
  simTime   :    1.9435555555429032E-003
  wallClock :    3671.5542176939998     
      field |       total density
          1 |    1.2803708439E+03

  iterations:       954512
  simTime   :    1.9459979612512994E-003
  wallClock :    3690.6872582340002     
      field |       total density
          1 |    1.2803708439E+03

  iterations:       955710
  simTime   :    1.9484403669596956E-003
  wallClock :    3709.2875807710002     
      field |       total density
          1 |    1.2803708439E+03

  iterations:       956908
  simTime   :    1.9508827726680918E-003
  wallClock :    3727.9705619739998     
      field |       total density
          1 |    1.2803708439E+03

ADAPTIVE_FLUX_PRESSURE iter=958000 target_lattice= 6.9748043809647912E-004 controlled_lattice= 6.9748043809648031E-004 relative_error= 1.7099008439417840E-015 rho_boundary= 7.1302311822118688E-003 pressure_pa= 2.4153734565820974E+004 max_lattice_velocity= 1.1601463213837262E-003 minimum_pdf= 1.9737262253266837E-004 globBC_count=223
  Writing restart at:
  iterations:       958008
  simTime   :    1.9531253822500918E-003
  wallClock :    3745.3114408370002     
 Done writing
  iterations:       958106
  simTime   :    1.9533251783765094E-003
  wallClock :    3746.9547023350001     
      field |       total density
          1 |    1.2803708439E+03

  iterations:       959304
  simTime   :    1.9557675840851654E-003
  wallClock :    3766.1467579979999     
      field |       total density
          1 |    1.2803708439E+03

  iterations:       960502
  simTime   :    1.9582099897938214E-003
  wallClock :    3785.3593067870002     
      field |       total density
          1 |    1.2803708439E+03

  iterations:       961700
  simTime   :    1.9606523955024774E-003
  wallClock :    3803.9792184710000     
      field |       total density
          1 |    1.2803708439E+03

  iterations:       962898
  simTime   :    1.9630948012111333E-003
  wallClock :    3823.0652528599999     
      field |       total density
          1 |    1.2803708439E+03

  iterations:       964096
  simTime   :    1.9655372069197893E-003
  wallClock :    3842.3206467370001     
      field |       total density
          1 |    1.2803708439E+03

  iterations:       965294
  simTime   :    1.9679796126284453E-003
  wallClock :    3861.0392387810002     
      field |       total density
          1 |    1.2803708439E+03

  iterations:       966492
  simTime   :    1.9704220183371013E-003
  wallClock :    3879.9499340689999     
      field |       total density
          1 |    1.2803708439E+03

  iterations:       967690
  simTime   :    1.9728644240457572E-003
  wallClock :    3899.3093306979999     
      field |       total density
          1 |    1.2803708439E+03

  iterations:       968888
  simTime   :    1.9753068297544132E-003
  wallClock :    3918.0373870379999     
      field |       total density
          1 |    1.2803708439E+03

  iterations:       970086
  simTime   :    1.9777492354630692E-003
  wallClock :    3936.6737077690000     
      field |       total density
          1 |    1.2803708439E+03

  iterations:       971284
  simTime   :    1.9801916411717252E-003
  wallClock :    3955.3035169760001     
      field |       total density
          1 |    1.2803708439E+03

  iterations:       972482
  simTime   :    1.9826340468803811E-003
  wallClock :    3973.8158609540001     
      field |       total density
          1 |    1.2803708439E+03

  iterations:       973680
  simTime   :    1.9850764525890371E-003
  wallClock :    3992.4452831220001     
      field |       total density
          1 |    1.2803708439E+03

  iterations:       974878
  simTime   :    1.9875188582976931E-003
  wallClock :    4011.1554982020002     
      field |       total density
          1 |    1.2803708439E+03

  iterations:       976076
  simTime   :    1.9899612640063491E-003
  wallClock :    4030.0589689630001     
      field |       total density
          1 |    1.2803708439E+03

  iterations:       977274
  simTime   :    1.9924036697150050E-003
  wallClock :    4049.2163232510002     
      field |       total density
          1 |    1.2803708439E+03

  iterations:       978472
  simTime   :    1.9948460754236610E-003
  wallClock :    4067.8218133939999     
      field |       total density
          1 |    1.2803708439E+03

  iterations:       979670
  simTime   :    1.9972884811323170E-003
  wallClock :    4086.5002689769999     
      field |       total density
          1 |    1.2803708439E+03

  iterations:       980868
  simTime   :    1.9997308868409730E-003
  wallClock :    4105.2608670930003     
      field |       total density
          1 |    1.2803708439E+03

  iterations:       982066
  simTime   :    2.0021732925496289E-003
  wallClock :    4123.7730551949999     
      field |       total density
          1 |    1.2803708439E+03

  iterations:       983264
  simTime   :    2.0046156982582849E-003
  wallClock :    4142.3727675099999     
      field |       total density
          1 |    1.2803708439E+03

  iterations:       984462
  simTime   :    2.0070581039669409E-003
  wallClock :    4160.9435651639997     
      field |       total density
          1 |    1.2803708439E+03

  iterations:       985660
  simTime   :    2.0095005096755969E-003
  wallClock :    4179.5961418699999     
      field |       total density
          1 |    1.2803708439E+03

  iterations:       986858
  simTime   :    2.0119429153842528E-003
  wallClock :    4198.2196370060001     
      field |       total density
          1 |    1.2803708439E+03

  iterations:       988056
  simTime   :    2.0143853210929088E-003
  wallClock :    4216.9547592239996     
      field |       total density
          1 |    1.2803708439E+03

  iterations:       989254
  simTime   :    2.0168277268015648E-003
  wallClock :    4235.6363905449998     
      field |       total density
          1 |    1.2803708439E+03

  iterations:       990452
  simTime   :    2.0192701325102208E-003
  wallClock :    4255.4493688479997     
      field |       total density
          1 |    1.2803708439E+03

  iterations:       991650
  simTime   :    2.0217125382188767E-003
  wallClock :    4275.4034889450004     
      field |       total density
          1 |    1.2803708439E+03

  iterations:       992848
  simTime   :    2.0241549439275327E-003
  wallClock :    4294.9633082219998     
      field |       total density
          1 |    1.2803708439E+03

  iterations:       994046
  simTime   :    2.0265973496361887E-003
  wallClock :    4314.7830424479998     
      field |       total density
          1 |    1.2803708439E+03

  iterations:       995244
  simTime   :    2.0290397553448447E-003
  wallClock :    4334.4328929359999     
      field |       total density
          1 |    1.2803708439E+03

  iterations:       996442
  simTime   :    2.0314821610535006E-003
  wallClock :    4353.3498410680004     
      field |       total density
          1 |    1.2803708439E+03

  iterations:       997640
  simTime   :    2.0339245667621566E-003
  wallClock :    4372.1044432939998     
      field |       total density
          1 |    1.2803708439E+03

  iterations:       998838
  simTime   :    2.0363669724708126E-003
  wallClock :    4390.6896005409999     
      field |       total density
          1 |    1.2803708439E+03

  iterations:      1000036
  simTime   :    2.0388093781794686E-003
  wallClock :    4409.4211944870003     
      field |       total density
          1 |    1.2803708439E+03

  iterations:      1001234
  simTime   :    2.0412517838881246E-003
  wallClock :    4428.0432045240004     
      field |       total density
          1 |    1.2803708439E+03

  iterations:      1002432
  simTime   :    2.0436941895967805E-003
  wallClock :    4446.6800130290003     
      field |       total density
          1 |    1.2803708439E+03

  iterations:      1003630
  simTime   :    2.0461365953054365E-003
  wallClock :    4465.2497618360003     
      field |       total density
          1 |    1.2803708439E+03

  iterations:      1004828
  simTime   :    2.0485790010140925E-003
  wallClock :    4483.6770076290004     
      field |       total density
          1 |    1.2803708439E+03

  iterations:      1006026
  simTime   :    2.0510214067227485E-003
  wallClock :    4502.6726289139997     
      field |       total density
          1 |    1.2803708439E+03

  iterations:      1007224
  simTime   :    2.0534638124314044E-003
  wallClock :    4521.1055936330004     
      field |       total density
          1 |    1.2803708439E+03

  iterations:      1008422
  simTime   :    2.0559062181400604E-003
  wallClock :    4540.2898842080003     
      field |       total density
          1 |    1.2803708439E+03

  iterations:      1009620
  simTime   :    2.0583486238487164E-003
  wallClock :    4559.0657110430002     
      field |       total density
          1 |    1.2803708439E+03

  iterations:      1010818
  simTime   :    2.0607910295573724E-003
  wallClock :    4577.4006670689996     
      field |       total density
          1 |    1.2803708439E+03

  iterations:      1012016
  simTime   :    2.0632334352660283E-003
  wallClock :    4596.1297129969998     
      field |       total density
          1 |    1.2803708439E+03

  iterations:      1013214
  simTime   :    2.0656758409746843E-003
  wallClock :    4614.9044262629996     
      field |       total density
          1 |    1.2803708439E+03

  iterations:      1014412
  simTime   :    2.0681182466833403E-003
  wallClock :    4633.7816703460003     
      field |       total density
          1 |    1.2803708439E+03

  iterations:      1015610
  simTime   :    2.0705606523919963E-003
  wallClock :    4652.3733023850000     
      field |       total density
          1 |    1.2803708439E+03

  iterations:      1016808
  simTime   :    2.0730030581006522E-003
  wallClock :    4671.5388929070004     
      field |       total density
          1 |    1.2803708439E+03

ADAPTIVE_FLUX_PRESSURE iter=1017875 target_lattice= 6.9748043809647912E-004 controlled_lattice= 6.9748043809648031E-004 relative_error= 1.7099008439417840E-015 rho_boundary= 7.1302311822118688E-003 pressure_pa= 2.4153734565820974E+004 max_lattice_velocity= 1.1601463213837373E-003 minimum_pdf= 1.9737262253266834E-004 globBC_count=223
  iterations:      1018006
  simTime   :    2.0754454638093082E-003
  wallClock :    4690.2175044269998     
      field |       total density
          1 |    1.2803708439E+03

  iterations:      1019204
  simTime   :    2.0778878695179642E-003
  wallClock :    4708.7966198410004     
      field |       total density
          1 |    1.2803708439E+03

  iterations:      1020402
  simTime   :    2.0803302752266202E-003
  wallClock :    4727.7370537520001     
      field |       total density
          1 |    1.2803708439E+03

  iterations:      1021600
  simTime   :    2.0827726809352761E-003
  wallClock :    4746.2003483979997     
      field |       total density
          1 |    1.2803708439E+03

  iterations:      1022798
  simTime   :    2.0852150866439321E-003
  wallClock :    4764.8059911950004     
      field |       total density
          1 |    1.2803708439E+03

  iterations:      1023996
  simTime   :    2.0876574923525881E-003
  wallClock :    4783.7002519560001     
      field |       total density
          1 |    1.2803708439E+03

  iterations:      1025194
  simTime   :    2.0900998980612441E-003
  wallClock :    4802.4715427960000     
      field |       total density
          1 |    1.2803708439E+03

  iterations:      1026392
  simTime   :    2.0925423037699000E-003
  wallClock :    4821.0393827589996     
      field |       total density
          1 |    1.2803708439E+03

  iterations:      1027590
  simTime   :    2.0949847094785560E-003
  wallClock :    4839.5737527040001     
      field |       total density
          1 |    1.2803708439E+03

  iterations:      1028788
  simTime   :    2.0974271151872120E-003
  wallClock :    4858.5282199470003     
      field |       total density
          1 |    1.2803708439E+03

  iterations:      1029986
  simTime   :    2.0998695208958680E-003
  wallClock :    4877.1838163640004     
      field |       total density
          1 |    1.2803708439E+03

  iterations:      1031184
  simTime   :    2.1023119266045239E-003
  wallClock :    4895.8195681529996     
      field |       total density
          1 |    1.2803708439E+03

  iterations:      1032382
  simTime   :    2.1047543323131799E-003
  wallClock :    4914.7475906079999     
      field |       total density
          1 |    1.2803708439E+03

  iterations:      1033580
  simTime   :    2.1071967380218359E-003
  wallClock :    4933.3877262980004     
      field |       total density
          1 |    1.2803708439E+03

  iterations:      1034778
  simTime   :    2.1096391437304919E-003
  wallClock :    4952.2100673980003     
      field |       total density
          1 |    1.2803708439E+03

  iterations:      1035976
  simTime   :    2.1120815494391479E-003
  wallClock :    4970.9604561019996     
      field |       total density
          1 |    1.2803708439E+03

  iterations:      1037174
  simTime   :    2.1145239551478038E-003
  wallClock :    4989.6809310440003     
      field |       total density
          1 |    1.2803708439E+03

  iterations:      1038372
  simTime   :    2.1169663608564598E-003
  wallClock :    5008.4240549469996     
      field |       total density
          1 |    1.2803708439E+03

  iterations:      1039570
  simTime   :    2.1194087665651158E-003
  wallClock :    5027.2358632340001     
      field |       total density
          1 |    1.2803708439E+03

  iterations:      1040768
  simTime   :    2.1218511722737718E-003
  wallClock :    5045.8935051290000     
      field |       total density
          1 |    1.2803708439E+03

  iterations:      1041966
  simTime   :    2.1242935779824277E-003
  wallClock :    5064.3732358249999     
      field |       total density
          1 |    1.2803708439E+03

  iterations:      1043164
  simTime   :    2.1267359836910837E-003
  wallClock :    5083.1566109960004     
      field |       total density
          1 |    1.2803708439E+03

  iterations:      1044362
  simTime   :    2.1291783893997397E-003
  wallClock :    5101.7328254320000     
      field |       total density
          1 |    1.2803708439E+03

  iterations:      1045560
  simTime   :    2.1316207951083957E-003
  wallClock :    5120.4012653569998     
      field |       total density
          1 |    1.2803708439E+03

  iterations:      1046758
  simTime   :    2.1340632008170516E-003
  wallClock :    5139.3568373799999     
      field |       total density
          1 |    1.2803708439E+03

  iterations:      1047956
  simTime   :    2.1365056065257076E-003
  wallClock :    5157.8586528300002     
      field |       total density
          1 |    1.2803708439E+03

  iterations:      1049154
  simTime   :    2.1389480122343636E-003
  wallClock :    5176.4875218679999     
      field |       total density
          1 |    1.2803708439E+03

  iterations:      1050352
  simTime   :    2.1413904179430196E-003
  wallClock :    5195.2291289200002     
      field |       total density
          1 |    1.2803708439E+03

  iterations:      1051550
  simTime   :    2.1438328236516755E-003
  wallClock :    5214.1164442039999     
      field |       total density
          1 |    1.2803708439E+03

  iterations:      1052748
  simTime   :    2.1462752293603315E-003
  wallClock :    5232.7744453200003     
      field |       total density
          1 |    1.2803708439E+03

  iterations:      1053946
  simTime   :    2.1487176350689875E-003
  wallClock :    5251.5836936980004     
      field |       total density
          1 |    1.2803708439E+03

  iterations:      1055144
  simTime   :    2.1511600407776435E-003
  wallClock :    5270.2461037579997     
      field |       total density
          1 |    1.2803708439E+03

  iterations:      1056342
  simTime   :    2.1536024464862994E-003
  wallClock :    5288.8653316970003     
      field |       total density
          1 |    1.2803708439E+03

  iterations:      1057540
  simTime   :    2.1560448521949554E-003
  wallClock :    5307.8411179209997     
      field |       total density
          1 |    1.2803708439E+03

  iterations:      1058738
  simTime   :    2.1584872579036114E-003
  wallClock :    5326.5610624689998     
      field |       total density
          1 |    1.2803708439E+03

  iterations:      1059936
  simTime   :    2.1609296636122674E-003
  wallClock :    5345.2862468029998     
      field |       total density
          1 |    1.2803708439E+03

  iterations:      1061134
  simTime   :    2.1633720693209233E-003
  wallClock :    5364.1028352390003     
      field |       total density
          1 |    1.2803708439E+03

  iterations:      1062332
  simTime   :    2.1658144750295793E-003
  wallClock :    5382.7233633899996     
      field |       total density
          1 |    1.2803708439E+03

  iterations:      1063530
  simTime   :    2.1682568807382353E-003
  wallClock :    5401.3556428410002     
      field |       total density
          1 |    1.2803708439E+03

  iterations:      1064728
  simTime   :    2.1706992864468913E-003
  wallClock :    5420.0306577450001     
      field |       total density
          1 |    1.2803708439E+03

  iterations:      1065926
  simTime   :    2.1731416921555472E-003
  wallClock :    5439.0054717160001     
      field |       total density
          1 |    1.2803708439E+03

  iterations:      1067124
  simTime   :    2.1755840978642032E-003
  wallClock :    5458.2856746850002     
      field |       total density
          1 |    1.2803708439E+03

  iterations:      1068322
  simTime   :    2.1780265035728592E-003
  wallClock :    5477.0873611400002     
      field |       total density
          1 |    1.2803708439E+03

  iterations:      1069520
  simTime   :    2.1804689092815152E-003
  wallClock :    5495.7363437730000     
      field |       total density
          1 |    1.2803708439E+03

  iterations:      1070718
  simTime   :    2.1829113149901712E-003
  wallClock :    5514.3665518719999     
      field |       total density
          1 |    1.2803708439E+03

  iterations:      1071916
  simTime   :    2.1853537206988271E-003
  wallClock :    5533.2662427400001     
      field |       total density
          1 |    1.2803708439E+03

  iterations:      1073114
  simTime   :    2.1877961264074831E-003
  wallClock :    5551.9213810239999     
      field |       total density
          1 |    1.2803708439E+03

  iterations:      1074312
  simTime   :    2.1902385321161391E-003
  wallClock :    5570.8024661350000     
      field |       total density
          1 |    1.2803708439E+03

  iterations:      1075510
  simTime   :    2.1926809378247951E-003
  wallClock :    5589.5546498009999     
      field |       total density
          1 |    1.2803708439E+03

  iterations:      1076708
  simTime   :    2.1951233435334510E-003
  wallClock :    5608.5475636110004     
      field |       total density
          1 |    1.2803708439E+03

ADAPTIVE_FLUX_PRESSURE iter=1077750 target_lattice= 6.9748043809647912E-004 controlled_lattice= 6.9748043809648107E-004 relative_error= 2.7980195628138283E-015 rho_boundary= 7.1302311822118696E-003 pressure_pa= 2.4153734565820974E+004 max_lattice_velocity= 1.1601463213837943E-003 minimum_pdf= 1.9737262253266834E-004 globBC_count=223
