{
  "status": "PASS",
  "checks": {
    "proxy": true,
    "validity": true,
    "quantiles": true,
    "low_total": true,
    "low_cap": true,
    "boundary_classification": true,
    "all_cell_quality_recomputed": true
  },
  "proxy": {
    "N_vertex": 43178,
    "N_edge": 224998,
    "N_tetra": 147948,
    "N_P2_scalar_proxy": 268176,
    "N_P2_velocity_proxy": 804528,
    "N_P1_pressure_proxy": 43178
  },
  "quality": {
    "minimum": 0.06238017030953989,
    "P1": 0.35134323343940277,
    "P5": 0.4856705783671268,
    "median": 0.7218556061894749,
    "P95": 0.9293127193055747,
    "maximum": 0.9995865387339077
  },
  "low_total": 3,
  "low_cap": 0
}
