[756bc5de7d05:03532] mca: base: components_register: registering framework hwloc components
[756bc5de7d05:03532] mca: base: components_register: found loaded component external
[756bc5de7d05:03532] mca: base: components_register: component external has no register or open function
[756bc5de7d05:03532] mca: base: components_open: opening hwloc components
[756bc5de7d05:03532] mca: base: components_open: found loaded component external
[756bc5de7d05:03532] mca: base: components_open: component external open function successful
[756bc5de7d05:03532] hwloc:base:get_topology
[756bc5de7d05:03532] hwloc:base PMIx not available
[756bc5de7d05:03532] hwloc:base discovering topology
hwloc: Registered discovery component `no_os' phases 0x2 with priority 40 (statically build)
hwloc: Registered discovery component `xml' phases 0x1 with priority 30 (statically build)
hwloc: Registered discovery component `synthetic' phases 0x1 with priority 30 (statically build)
hwloc: Registered discovery component `linux' phases 0x7a with priority 50 (statically build)
hwloc: Registered discovery component `x86' phases 0x2 with priority 45 (statically build)
hwloc: Registered discovery component `gl' phases 0x10 with priority 10 (from plugin /usr/lib/x86_64-linux-gnu/hwloc/hwloc_gl)
hwloc: Registered discovery component `opencl' phases 0x10 with priority 10 (from plugin /usr/lib/x86_64-linux-gnu/hwloc/hwloc_opencl)
hwloc: Registered discovery component `pci' phases 0x48 with priority 20 (from plugin /usr/lib/x86_64-linux-gnu/hwloc/hwloc_pci)
hwloc: Blacklisting component `opencl` phases 0xffffffff
hwloc: Enabling discovery component `linux' with phases 0x7a (among 0x7a)
hwloc: Enabling discovery component `x86' with phases 0x2 (among 0x2)
hwloc: Enabling discovery component `no_os' with phases 0x2 (among 0x2)
hwloc: Excluding discovery component `xml' phases 0x1, conflicts with excludes 0x1
hwloc: Excluding discovery component `synthetic' phases 0x1, conflicts with excludes 0x1
hwloc: Enabling discovery component `pci' with phases 0x48 (among 0x48)
hwloc: Enabling discovery component `gl' with phases 0x10 (among 0x10)
hwloc: Excluding blacklisted discovery component `opencl' phases 0x10
hwloc: Final list of enabled discovery components: linux(0x7a),x86(0x2),no_os(0x2),pci(0x48),gl(0x10)
