WSL source hashes verified
{"log_dir": "/workspace/formal_3D_flow_solver_FEM_lzy/logs/stage03/20260918T133714_536964242_cleanup", "returncode": 0, "wall_time_s": 2.8518496340257116}
{
  "status": "PASS",
  "site": "remote",
  "timestamp": "2026-09-18T13:37:21.749812+00:00",
  "hostname": "f7c62a262077",
  "plan_sha256": "a1945db07351bafc288f3eb84a6295f0e1f6c32f8bc2aa7f13d8c4dbb6006516",
  "deleted": [
    "archive/stage018_residual_v1/archive_manifest.json",
    "archive/stage018_residual_v1/inputs/stage01_8/acceptance_policy.json",
    "archive/stage018_residual_v1/inputs/stage01_8/diagnostic_summary.json",
    "archive/stage018_residual_v1/inputs/stage01_8/freeze_lock.json",
    "archive/stage018_residual_v1/inputs/stage01_8/input_verification.json",
    "archive/stage018_residual_v1/inputs/stage01_8/residual_cells.json",
    "archive/stage018_residual_v1/inputs/stage01_8/stage017_policy.json",
    "archive/stage018_residual_v1/inputs/stage01_8/stage017_selected/mesh/fluid.h5",
    "archive/stage018_residual_v1/inputs/stage01_8/stage017_selected/mesh/fluid.msh",
    "archive/stage018_residual_v1/inputs/stage01_8/stage017_selected/mesh/fluid.xdmf",
    "archive/stage018_residual_v1/inputs/stage01_8/stage017_selected/mesh/volume_mesh.npz",
    "archive/stage018_residual_v1/inputs/stage01_8/stage017_selected/metadata/dolfinx_save.json",
    "archive/stage018_residual_v1/inputs/stage01_8/stage017_selected/metadata/iteration_inputs.json",
    "archive/stage018_residual_v1/inputs/stage01_8/stage017_selected/metadata/meshing.json",
    "archive/stage018_residual_v1/inputs/stage01_8/stage017_selected/metadata/selection.json",
    "archive/stage018_residual_v1/inputs/stage01_8/stage017_selected/planar_port_contract_v2.json",
    "archive/stage018_residual_v1/inputs/stage01_8/stage017_selected/qc/acceptance.json",
    "archive/stage018_residual_v1/inputs/stage01_8/stage017_selected/qc/dolfinx_loadable.json",
    "archive/stage018_residual_v1/inputs/stage01_8/stage017_selected/qc/iteration_result.json",
    "archive/stage018_residual_v1/inputs/stage01_8/stage017_selected/qc/reload_r1.json",
    "archive/stage018_residual_v1/inputs/stage01_8/stage017_selected/qc/reload_r2.json",
    "archive/stage018_residual_v1/inputs/stage01_8/stage017_selected/qc/surface_invariants.json",
    "archive/stage018_residual_v1/inputs/stage01_8/stage017_selected/qc/volume_quality.json",
    "archive/stage018_residual_v1/inputs/stage01_8/stage017_selected/surface/tagged_surface_si.npz",
    "archive/stage018_residual_v1/outputs/stage01_8/baseline/baseline_recomputed.json",
    "archive/stage018_residual_v1/outputs/stage01_8/baseline/min_sicn_recomputed.npy",
    "archive/stage018_residual_v1/outputs/stage01_8/chosen/mesh/fluid.h5",
    "archive/stage018_residual_v1/outputs/stage01_8/chosen/mesh/fluid.msh",
    "archive/stage018_residual_v1/outputs/stage01_8/chosen/mesh/fluid.xdmf",
    "archive/stage018_residual_v1/outputs/stage01_8/chosen/mesh/volume_mesh.npz",
    "archive/stage018_residual_v1/outputs/stage01_8/chosen/metadata/dolfinx_save.json",
    "archive/stage018_residual_v1/outputs/stage01_8/chosen/metadata/selection.json",
    "archive/stage018_residual_v1/outputs/stage01_8/chosen/planar_port_contract_v2.json",
    "archive/stage018_residual_v1/outputs/stage01_8/chosen/qc/reload_r1.json",
    "archive/stage018_residual_v1/outputs/stage01_8/chosen/qc/reload_r2.json",
    "archive/stage018_residual_v1/outputs/stage01_8/chosen/qc/residual_cells.json",
    "archive/stage018_residual_v1/outputs/stage01_8/chosen/qc/volume_quality.json",
    "archive/stage018_residual_v1/outputs/stage01_8/chosen/surface/tagged_surface_si.npz",
    "archive/stage018_residual_v1/outputs/stage01_8/failed_attempts/repair_00_boundary_validator/metadata/attempt.json",
    "archive/stage018_residual_v1/outputs/stage01_8/failed_attempts/repair_00_boundary_validator/metadata/meshing.json",
    "archive/stage018_residual_v1/outputs/stage01_8/failed_attempts/repair_00_boundary_validator/qc/result.json",
    "archive/stage018_residual_v1/outputs/stage01_8/failed_attempts/repair_01_boundary_validator/metadata/attempt.json",
    "archive/stage018_residual_v1/outputs/stage01_8/failed_attempts/repair_01_boundary_validator/metadata/meshing.json",
    "archive/stage018_residual_v1/outputs/stage01_8/failed_attempts/repair_01_boundary_validator/qc/result.json",
    "archive/stage018_residual_v1/outputs/stage01_8/repair_00/mesh/fluid.msh",
    "archive/stage018_residual_v1/outputs/stage01_8/repair_00/mesh/volume_mesh.npz",
    "archive/stage018_residual_v1/outputs/stage01_8/repair_00/metadata/attempt.json",
    "archive/stage018_residual_v1/outputs/stage01_8/repair_00/metadata/meshing.json",
    "archive/stage018_residual_v1/outputs/stage01_8/repair_00/planar_port_contract_v2.json",
    "archive/stage018_residual_v1/outputs/stage01_8/repair_00/qc/dolfinx_loadable.json",
    "archive/stage018_residual_v1/outputs/stage01_8/repair_00/qc/residual_cells.json",
    "archive/stage018_residual_v1/outputs/stage01_8/repair_00/qc/result.json",
    "archive/stage018_residual_v1/outputs/stage01_8/repair_00/qc/volume_quality.json",
    "archive/stage018_residual_v1/outputs/stage01_8/repair_00/surface/tagged_surface_si.npz",
    "archive/stage018_residual_v1/outputs/stage01_8/repair_01/mesh/fluid.msh",
    "archive/stage018_residual_v1/outputs/stage01_8/repair_01/mesh/volume_mesh.npz",
    "archive/stage018_residual_v1/outputs/stage01_8/repair_01/metadata/attempt.json",
    "archive/stage018_residual_v1/outputs/stage01_8/repair_01/metadata/meshing.json",
    "archive/stage018_residual_v1/outputs/stage01_8/repair_01/planar_port_contract_v2.json",
    "archive/stage018_residual_v1/outputs/stage01_8/repair_01/qc/dolfinx_loadable.json",
    "archive/stage018_residual_v1/outputs/stage01_8/repair_01/qc/residual_cells.json",
    "archive/stage018_residual_v1/outputs/stage01_8/repair_01/qc/result.json",
    "archive/stage018_residual_v1/outputs/stage01_8/repair_01/qc/volume_quality.json",
    "archive/stage018_residual_v1/outputs/stage01_8/repair_01/surface/tagged_surface_si.npz",
    "archive/stage018_residual_v1/outputs/stage01_8/repair_02/mesh/fluid.msh",
    "archive/stage018_residual_v1/outputs/stage01_8/repair_02/mesh/volume_mesh.npz",
    "archive/stage018_residual_v1/outputs/stage01_8/repair_02/metadata/attempt.json",
    "archive/stage018_residual_v1/outputs/stage01_8/repair_02/metadata/meshing.json",
    "archive/stage018_residual_v1/outputs/stage01_8/repair_02/planar_port_contract_v2.json",
    "archive/stage018_residual_v1/outputs/stage01_8/repair_02/qc/dolfinx_loadable.json",
    "archive/stage018_residual_v1/outputs/stage01_8/repair_02/qc/residual_cells.json",
    "archive/stage018_residual_v1/outputs/stage01_8/repair_02/qc/result.json",
    "archive/stage018_residual_v1/outputs/stage01_8/repair_02/qc/volume_quality.json",
    "archive/stage018_residual_v1/outputs/stage01_8/repair_02/surface/tagged_surface_si.npz",
    "archive/stage018_residual_v1/outputs/stage01_8/selection.json",
    "archive/stage018_residual_v1/outputs/stage01_8/technical_recovery.json",
    "remote/mesh_tools_environment.yml",
    "remote/mesh_tools_explicit.txt",
    "reports/stage01_8/initial_probe/mmg_help.txt",
    "reports/stage01_8/initial_probe/tetgen_help.txt",
    "reports/stage01_8/initial_probe/tool_probe.json",
    "reports/stage01_8/mmg_help.txt",
    "reports/stage01_8/tetgen_help.txt",
    "reports/stage01_8/tool_manifest.json",
    "reports/stage01_8/tool_probe.json",
    "scripts/adapter_stage018.py",
    "scripts/archive_stage018_remote.py",
    "scripts/audit_stage018_tool_environment.py",
    "scripts/check_stage018_integrity.py",
    "scripts/collect_stage018.py",
    "scripts/dolfinx_stage018.py",
    "scripts/install_stage018_tools.py",
    "scripts/probe_stage018_tools.py",
    "scripts/resolve_stage018_tools.py",
    "scripts/run_stage018_external.py",
    "scripts/run_stage018_mmg.py",
    "scripts/run_stage018_tetgen.py",
    "scripts/select_stage018_production.py",
    "scripts/smoke_stage018_mmg.py",
    "scripts/smoke_stage018_tetgen.py",
    "scripts/verify_stage018_baseline.py",
    "src/fem3d/mature_adapters.py",
    "src/fem3d/mature_metric.py",
    "src/fem3d/mature_selection.py",
    "src/fem3d/residual_meshing.py",
    "src/fem3d/residual_repair.py",
    "tests/stage018_helpers.py",
    "tests/stage018_mature_helpers.py",
    "tests/test_stage018_boundary_lock.py",
    "tests/test_stage018_cost_budget.py",
    "tests/test_stage018_cost_proxy.py",
    "tests/test_stage018_history_preservation.py",
    "tests/test_stage018_keep_stage017.py",
    "tests/test_stage018_local_neighborhood.py",
    "tests/test_stage018_mmg_adapter.py",
    "tests/test_stage018_mmg_boundary_lock.py",
    "tests/test_stage018_mmg_metric.py",
    "tests/test_stage018_production_selection.py",
    "tests/test_stage018_quality_comparison.py",
    "tests/test_stage018_reason_classification.py",
    "tests/test_stage018_repair00_optimizer.py",
    "tests/test_stage018_repair01_local_refinement.py",
    "tests/test_stage018_repair02_combined.py",
    "tests/test_stage018_residual_detection.py",
    "tests/test_stage018_roundtrip.py",
    "tests/test_stage018_selected_baseline.py",
    "tests/test_stage018_selection.py",
    "tests/test_stage018_tetgen_adapter.py",
    "tests/test_stage018_tetgen_boundary_lock.py",
    "tests/test_stage018_tetgen_boundary_markers.py",
    "tests/test_stage018_tetgen_interpretation.py",
    "tests/test_stage018_tool_probe.py",
    "tests/test_stage018_visual_artifacts.py",
    "tests/test_stage018_wall_triangle_diagnostics.py",
    "inputs/stage01_8",
    "outputs/stage01_8",
    "logs/stage01_8",
    "remote/.mesh_tools_env",
    "remote/.mesh_tools_cache"
  ],
  "all_planned_paths_absent": true,
  "production_environment_tool_dependencies_absent": true,
  "fem_environment_unchanged": true,
  "fem_fingerprint_count": 198,
  "fem_fingerprint_sha256": "351ce1f04b2f0d2154e458c17a068a879f2557f947fbd0fd0e27554f7331f45b",
  "no_code_backups_created": true
}


