
**************************************************
*                Mirheo v1.6.2                   *
* 8fa67b9aaa7f04c9de2d74a335c9c8c4665068cf       *
**************************************************

Stats at timestep 1 (simulation time 0.001000):
	One timestep takes 5.34 ms	Number of particles (total, min/proc, max/proc): 26744,  26744,  26744
	Average momentum: [7.675395e-05 2.650528e-04 -3.655881e-04]
	Max velocity magnitude: 1.247084
	Temperature: 0.0394

Stats at timestep 501 (simulation time 0.501000):
	One timestep takes 0.68 ms	Number of particles (total, min/proc, max/proc): 26744,  26744,  26744
	Average momentum: [-4.249032e-04 -1.742515e-03 4.048529e-03]
	Max velocity magnitude: 4.731654
	Temperature: 0.8223

Stats at timestep 1001 (simulation time 1.001000):
	One timestep takes 0.64 ms	Number of particles (total, min/proc, max/proc): 26744,  26744,  26744
	Average momentum: [-5.609836e-04 -2.994883e-03 5.848598e-04]
	Max velocity magnitude: 5.064543
	Temperature: 0.7789

Stats at timestep 1501 (simulation time 1.501000):
	One timestep takes 0.68 ms	Number of particles (total, min/proc, max/proc): 26744,  26744,  26744
	Average momentum: [2.335475e-03 -1.673994e-03 1.857534e-03]
	Max velocity magnitude: 4.963865
	Temperature: 0.7593

Stats at timestep 2001 (simulation time 2.001000):
	One timestep takes 0.68 ms	Number of particles (total, min/proc, max/proc): 26744,  26744,  26744
	Average momentum: [-1.373669e-03 -1.839829e-03 2.771764e-03]
	Max velocity magnitude: 4.980261
	Temperature: 0.7500

Stats at timestep 2501 (simulation time 2.501000):
	One timestep takes 0.70 ms	Number of particles (total, min/proc, max/proc): 26744,  26744,  26744
	Average momentum: [-1.738272e-03 3.598861e-03 -1.388897e-03]
	Max velocity magnitude: 4.734801
	Temperature: 0.7352

Stats at timestep 3001 (simulation time 3.001000):
	One timestep takes 0.74 ms	Number of particles (total, min/proc, max/proc): 26744,  26744,  26744
	Average momentum: [-3.019563e-03 5.765920e-03 8.658166e-03]
	Max velocity magnitude: 4.847054
	Temperature: 0.7987

Stats at timestep 3501 (simulation time 3.501000):
	One timestep takes 0.72 ms	Number of particles (total, min/proc, max/proc): 26744,  26744,  26744
	Average momentum: [-1.563741e-03 -1.182759e-03 7.783970e-03]
	Max velocity magnitude: 4.826961
	Temperature: 0.7446

Stats at timestep 4001 (simulation time 4.001000):
	One timestep takes 0.69 ms	Number of particles (total, min/proc, max/proc): 26744,  26744,  26744
	Average momentum: [3.110995e-03 -5.325392e-03 -3.427194e-03]
	Max velocity magnitude: 4.916529
	Temperature: 0.7598

Stats at timestep 4501 (simulation time 4.501000):
	One timestep takes 0.70 ms	Number of particles (total, min/proc, max/proc): 26744,  26744,  26744
	Average momentum: [2.636067e-03 -5.247509e-03 -7.549409e-03]
	Max velocity magnitude: 4.628467
	Temperature: 0.7426

Stats at timestep 5001 (simulation time 5.001000):
	One timestep takes 0.73 ms	Number of particles (total, min/proc, max/proc): 26744,  26744,  26744
	Average momentum: [2.912358e-03 -4.014645e-03 -5.350590e-03]
	Max velocity magnitude: 4.662840
	Temperature: 0.7062

	Command being timed: "/usr/bin/mpirun.openmpi --bind-to none -np 2 /home/lzy/projects/mirheo_starter/.venv/bin/python -u walls.py"
	User time (seconds): 8.15
	System time (seconds): 0.83
	Percent of CPU this job got: 162%
	Elapsed (wall clock) time (h:mm:ss or m:ss): 0:05.51
	Average shared text size (kbytes): 0
	Average unshared data size (kbytes): 0
	Average stack size (kbytes): 0
	Average total size (kbytes): 0
	Maximum resident set size (kbytes): 161060
	Average resident set size (kbytes): 0
	Major (requiring I/O) page faults: 171
	Minor (reclaiming a frame) page faults: 40106
	Voluntary context switches: 3563
	Involuntary context switches: 104
	Swaps: 0
	File system inputs: 15800
	File system outputs: 19440
	Socket messages sent: 0
	Socket messages received: 0
	Signals delivered: 0
	Page size (bytes): 4096
	Exit status: 0
