14:29:02:150  Rank 0001    INFO at /home/lzy/projects/mirheo_starter/vendor/Mirheo/src/mirheo/core/logger.cpp:100 Compiled with maximum debug level 10
14:29:02:150  Rank 0001    INFO at /home/lzy/projects/mirheo_starter/vendor/Mirheo/src/mirheo/core/logger.cpp:102 Debug level requested 3, set to 3
14:29:02:150  Rank 0001    INFO at /home/lzy/projects/mirheo_starter/vendor/Mirheo/src/mirheo/core/mirheo.cpp:110 Program started, splitting communicator
14:29:02:152  Rank 0001    INFO at /home/lzy/projects/mirheo_starter/vendor/Mirheo/src/mirheo/core/postproc.cpp:24 Postprocessing initialized
14:29:02:152  Rank 0001    INFO at /home/lzy/projects/mirheo_starter/vendor/Mirheo/src/mirheo/core/postproc.cpp:31 New plugin registered: stats
14:29:02:152  Rank 0001    INFO at /home/lzy/projects/mirheo_starter/vendor/Mirheo/src/mirheo/core/postproc.cpp:31 New plugin registered: part_dump
14:29:02:152  Rank 0001    INFO at /home/lzy/projects/mirheo_starter/vendor/Mirheo/src/mirheo/core/postproc.cpp:31 New plugin registered: part_dump_wall
14:29:03:170  Rank 0001    INFO at /home/lzy/projects/mirheo_starter/vendor/Mirheo/src/mirheo/core/postproc.cpp:111 Postprocess is listening to messages now
14:29:03:173  Rank 0001    INFO at /home/lzy/projects/mirheo_starter/vendor/Mirheo/src/mirheo/core/xdmf/xdmf.cpp:26 Writing XDMF data to h5/solvent_particles-00000[.h5,.xmf]
14:29:03:178  Rank 0001    INFO at /home/lzy/projects/mirheo_starter/vendor/Mirheo/src/mirheo/core/xdmf/xdmf.cpp:32 Writing took 5.081246 ms
14:29:03:179  Rank 0001    INFO at /home/lzy/projects/mirheo_starter/vendor/Mirheo/src/mirheo/core/xdmf/xdmf.cpp:26 Writing XDMF data to h5/wall_particles-00000[.h5,.xmf]
14:29:03:182  Rank 0001    INFO at /home/lzy/projects/mirheo_starter/vendor/Mirheo/src/mirheo/core/xdmf/xdmf.cpp:32 Writing took 2.920142 ms
14:29:03:509  Rank 0001    INFO at /home/lzy/projects/mirheo_starter/vendor/Mirheo/src/mirheo/core/xdmf/xdmf.cpp:26 Writing XDMF data to h5/solvent_particles-00001[.h5,.xmf]
14:29:03:513  Rank 0001    INFO at /home/lzy/projects/mirheo_starter/vendor/Mirheo/src/mirheo/core/xdmf/xdmf.cpp:32 Writing took 4.088248 ms
14:29:03:513  Rank 0001    INFO at /home/lzy/projects/mirheo_starter/vendor/Mirheo/src/mirheo/core/xdmf/xdmf.cpp:26 Writing XDMF data to h5/wall_particles-00001[.h5,.xmf]
14:29:03:514  Rank 0001    INFO at /home/lzy/projects/mirheo_starter/vendor/Mirheo/src/mirheo/core/xdmf/xdmf.cpp:32 Writing took 1.286287 ms
14:29:03:829  Rank 0001    INFO at /home/lzy/projects/mirheo_starter/vendor/Mirheo/src/mirheo/core/xdmf/xdmf.cpp:26 Writing XDMF data to h5/solvent_particles-00002[.h5,.xmf]
14:29:03:831  Rank 0001    INFO at /home/lzy/projects/mirheo_starter/vendor/Mirheo/src/mirheo/core/xdmf/xdmf.cpp:32 Writing took 2.197059 ms
14:29:03:831  Rank 0001    INFO at /home/lzy/projects/mirheo_starter/vendor/Mirheo/src/mirheo/core/xdmf/xdmf.cpp:26 Writing XDMF data to h5/wall_particles-00002[.h5,.xmf]
14:29:03:832  Rank 0001    INFO at /home/lzy/projects/mirheo_starter/vendor/Mirheo/src/mirheo/core/xdmf/xdmf.cpp:32 Writing took 0.853650 ms
14:29:04:170  Rank 0001    INFO at /home/lzy/projects/mirheo_starter/vendor/Mirheo/src/mirheo/core/xdmf/xdmf.cpp:26 Writing XDMF data to h5/solvent_particles-00003[.h5,.xmf]
14:29:04:171  Rank 0001    INFO at /home/lzy/projects/mirheo_starter/vendor/Mirheo/src/mirheo/core/xdmf/xdmf.cpp:32 Writing took 1.372368 ms
14:29:04:171  Rank 0001    INFO at /home/lzy/projects/mirheo_starter/vendor/Mirheo/src/mirheo/core/xdmf/xdmf.cpp:26 Writing XDMF data to h5/wall_particles-00003[.h5,.xmf]
14:29:04:172  Rank 0001    INFO at /home/lzy/projects/mirheo_starter/vendor/Mirheo/src/mirheo/core/xdmf/xdmf.cpp:32 Writing took 0.853838 ms
14:29:04:511  Rank 0001    INFO at /home/lzy/projects/mirheo_starter/vendor/Mirheo/src/mirheo/core/xdmf/xdmf.cpp:26 Writing XDMF data to h5/solvent_particles-00004[.h5,.xmf]
14:29:04:512  Rank 0001    INFO at /home/lzy/projects/mirheo_starter/vendor/Mirheo/src/mirheo/core/xdmf/xdmf.cpp:32 Writing took 1.105957 ms
14:29:04:512  Rank 0001    INFO at /home/lzy/projects/mirheo_starter/vendor/Mirheo/src/mirheo/core/xdmf/xdmf.cpp:26 Writing XDMF data to h5/wall_particles-00004[.h5,.xmf]
14:29:04:514  Rank 0001    INFO at /home/lzy/projects/mirheo_starter/vendor/Mirheo/src/mirheo/core/xdmf/xdmf.cpp:32 Writing took 1.670851 ms
14:29:04:861  Rank 0001    INFO at /home/lzy/projects/mirheo_starter/vendor/Mirheo/src/mirheo/core/xdmf/xdmf.cpp:26 Writing XDMF data to h5/solvent_particles-00005[.h5,.xmf]
14:29:04:862  Rank 0001    INFO at /home/lzy/projects/mirheo_starter/vendor/Mirheo/src/mirheo/core/xdmf/xdmf.cpp:32 Writing took 1.085208 ms
14:29:04:862  Rank 0001    INFO at /home/lzy/projects/mirheo_starter/vendor/Mirheo/src/mirheo/core/xdmf/xdmf.cpp:26 Writing XDMF data to h5/wall_particles-00005[.h5,.xmf]
14:29:04:864  Rank 0001    INFO at /home/lzy/projects/mirheo_starter/vendor/Mirheo/src/mirheo/core/xdmf/xdmf.cpp:32 Writing took 1.727456 ms
14:29:05:232  Rank 0001    INFO at /home/lzy/projects/mirheo_starter/vendor/Mirheo/src/mirheo/core/xdmf/xdmf.cpp:26 Writing XDMF data to h5/solvent_particles-00006[.h5,.xmf]
14:29:05:233  Rank 0001    INFO at /home/lzy/projects/mirheo_starter/vendor/Mirheo/src/mirheo/core/xdmf/xdmf.cpp:32 Writing took 1.354956 ms
14:29:05:234  Rank 0001    INFO at /home/lzy/projects/mirheo_starter/vendor/Mirheo/src/mirheo/core/xdmf/xdmf.cpp:26 Writing XDMF data to h5/wall_particles-00006[.h5,.xmf]
14:29:05:234  Rank 0001    INFO at /home/lzy/projects/mirheo_starter/vendor/Mirheo/src/mirheo/core/xdmf/xdmf.cpp:32 Writing took 0.715826 ms
14:29:05:590  Rank 0001    INFO at /home/lzy/projects/mirheo_starter/vendor/Mirheo/src/mirheo/core/xdmf/xdmf.cpp:26 Writing XDMF data to h5/solvent_particles-00007[.h5,.xmf]
14:29:05:591  Rank 0001    INFO at /home/lzy/projects/mirheo_starter/vendor/Mirheo/src/mirheo/core/xdmf/xdmf.cpp:32 Writing took 1.404324 ms
14:29:05:591  Rank 0001    INFO at /home/lzy/projects/mirheo_starter/vendor/Mirheo/src/mirheo/core/xdmf/xdmf.cpp:26 Writing XDMF data to h5/wall_particles-00007[.h5,.xmf]
14:29:05:593  Rank 0001    INFO at /home/lzy/projects/mirheo_starter/vendor/Mirheo/src/mirheo/core/xdmf/xdmf.cpp:32 Writing took 1.804120 ms
14:29:05:934  Rank 0001    INFO at /home/lzy/projects/mirheo_starter/vendor/Mirheo/src/mirheo/core/xdmf/xdmf.cpp:26 Writing XDMF data to h5/solvent_particles-00008[.h5,.xmf]
14:29:05:938  Rank 0001    INFO at /home/lzy/projects/mirheo_starter/vendor/Mirheo/src/mirheo/core/xdmf/xdmf.cpp:32 Writing took 3.478981 ms
14:29:05:938  Rank 0001    INFO at /home/lzy/projects/mirheo_starter/vendor/Mirheo/src/mirheo/core/xdmf/xdmf.cpp:26 Writing XDMF data to h5/wall_particles-00008[.h5,.xmf]
14:29:05:939  Rank 0001    INFO at /home/lzy/projects/mirheo_starter/vendor/Mirheo/src/mirheo/core/xdmf/xdmf.cpp:32 Writing took 1.237641 ms
14:29:06:282  Rank 0001    INFO at /home/lzy/projects/mirheo_starter/vendor/Mirheo/src/mirheo/core/xdmf/xdmf.cpp:26 Writing XDMF data to h5/solvent_particles-00009[.h5,.xmf]
14:29:06:283  Rank 0001    INFO at /home/lzy/projects/mirheo_starter/vendor/Mirheo/src/mirheo/core/xdmf/xdmf.cpp:32 Writing took 1.175739 ms
14:29:06:283  Rank 0001    INFO at /home/lzy/projects/mirheo_starter/vendor/Mirheo/src/mirheo/core/xdmf/xdmf.cpp:26 Writing XDMF data to h5/wall_particles-00009[.h5,.xmf]
14:29:06:284  Rank 0001    INFO at /home/lzy/projects/mirheo_starter/vendor/Mirheo/src/mirheo/core/xdmf/xdmf.cpp:32 Writing took 0.696364 ms
14:29:06:646  Rank 0001    INFO at /home/lzy/projects/mirheo_starter/vendor/Mirheo/src/mirheo/core/xdmf/xdmf.cpp:26 Writing XDMF data to h5/solvent_particles-00010[.h5,.xmf]
14:29:06:647  Rank 0001    INFO at /home/lzy/projects/mirheo_starter/vendor/Mirheo/src/mirheo/core/xdmf/xdmf.cpp:32 Writing took 1.215338 ms
14:29:06:647  Rank 0001    INFO at /home/lzy/projects/mirheo_starter/vendor/Mirheo/src/mirheo/core/xdmf/xdmf.cpp:26 Writing XDMF data to h5/wall_particles-00010[.h5,.xmf]
14:29:06:648  Rank 0001    INFO at /home/lzy/projects/mirheo_starter/vendor/Mirheo/src/mirheo/core/xdmf/xdmf.cpp:32 Writing took 0.972519 ms
14:29:06:648  Rank 0001    INFO at /home/lzy/projects/mirheo_starter/vendor/Mirheo/src/mirheo/core/postproc.cpp:122 Postprocess got a stopping message and will stop now
