14:29:02:152  Rank 0000    INFO at /home/lzy/projects/mirheo_starter/vendor/Mirheo/src/mirheo/core/logger.cpp:100 Compiled with maximum debug level 10
14:29:02:152  Rank 0000    INFO at /home/lzy/projects/mirheo_starter/vendor/Mirheo/src/mirheo/core/logger.cpp:102 Debug level requested 3, set to 3
14:29:02:152  Rank 0000    INFO at /home/lzy/projects/mirheo_starter/vendor/Mirheo/src/mirheo/core/mirheo.cpp:110 Program started, splitting communicator
14:29:02:152  Rank 0000    INFO at /home/lzy/projects/mirheo_starter/vendor/Mirheo/src/mirheo/core/mirheo.cpp:56 Detected 1 ranks per node, my intra-node ID will be 0
14:29:02:309  Rank 0000    INFO at /home/lzy/projects/mirheo_starter/vendor/Mirheo/src/mirheo/core/mirheo.cpp:63 Found 1 GPUs per node, will use GPU 0
14:29:02:471  Rank 0000    INFO at /home/lzy/projects/mirheo_starter/vendor/Mirheo/src/mirheo/core/simulation.cpp:161 Simulation initialized, subdomain size is [16.000000 16.000000 16.000000], subdomain starts at [0.000000 0.000000 0.000000]
14:29:02:471  Rank 0000    INFO at /home/lzy/projects/mirheo_starter/vendor/Mirheo/src/mirheo/core/pvs/data_manager.h:125 Creating new channel 'positions' of type '6float4'
14:29:02:471  Rank 0000    INFO at /home/lzy/projects/mirheo_starter/vendor/Mirheo/src/mirheo/core/pvs/data_manager.h:125 Creating new channel 'velocities' of type '6float4'
14:29:02:471  Rank 0000    INFO at /home/lzy/projects/mirheo_starter/vendor/Mirheo/src/mirheo/core/pvs/data_manager.h:125 Creating new channel '__forces' of type 'N6mirheo5ForceE'
14:29:02:471  Rank 0000    INFO at /home/lzy/projects/mirheo_starter/vendor/Mirheo/src/mirheo/core/pvs/data_manager.h:125 Creating new channel 'positions' of type '6float4'
14:29:02:471  Rank 0000    INFO at /home/lzy/projects/mirheo_starter/vendor/Mirheo/src/mirheo/core/pvs/data_manager.h:125 Creating new channel 'velocities' of type '6float4'
14:29:02:471  Rank 0000    INFO at /home/lzy/projects/mirheo_starter/vendor/Mirheo/src/mirheo/core/pvs/data_manager.h:125 Creating new channel '__forces' of type 'N6mirheo5ForceE'
14:29:02:471  Rank 0000    INFO at /home/lzy/projects/mirheo_starter/vendor/Mirheo/src/mirheo/core/pvs/data_manager.h:125 Creating new channel 'old_positions' of type '6float4'
14:29:02:471  Rank 0000    INFO at /home/lzy/projects/mirheo_starter/vendor/Mirheo/src/mirheo/core/pvs/data_manager.h:125 Creating new channel 'old_positions' of type '6float4'
14:29:02:481  Rank 0000    INFO at /home/lzy/projects/mirheo_starter/vendor/Mirheo/src/mirheo/core/simulation.cpp:313 Registered particle vector 'pv', 32768 particles
14:29:02:481  Rank 0000    INFO at /home/lzy/projects/mirheo_starter/vendor/Mirheo/src/mirheo/core/walls/simple_stationary_wall.cu:287 Setting up wall cylinder
14:29:02:481  Rank 0000    INFO at /home/lzy/projects/mirheo_starter/vendor/Mirheo/src/mirheo/core/simulation.cpp:332 Registered wall 'cylinder'
14:29:02:481  Rank 0000    INFO at /home/lzy/projects/mirheo_starter/vendor/Mirheo/src/mirheo/core/mirheo.cpp:425 Generating frozen particles for walls
14:29:02:481  Rank 0000    INFO at /home/lzy/projects/mirheo_starter/vendor/Mirheo/src/mirheo/core/mirheo.cpp:439 Working with wall 'cylinder'
14:29:02:481  Rank 0000    INFO at /home/lzy/projects/mirheo_starter/vendor/Mirheo/src/mirheo/core/simulation.cpp:161 Simulation initialized, subdomain size is [16.000000 16.000000 16.000000], subdomain starts at [0.000000 0.000000 0.000000]
14:29:02:481  Rank 0000    INFO at /home/lzy/projects/mirheo_starter/vendor/Mirheo/src/mirheo/core/pvs/data_manager.h:125 Creating new channel 'positions' of type '6float4'
14:29:02:481  Rank 0000    INFO at /home/lzy/projects/mirheo_starter/vendor/Mirheo/src/mirheo/core/pvs/data_manager.h:125 Creating new channel 'velocities' of type '6float4'
14:29:02:481  Rank 0000    INFO at /home/lzy/projects/mirheo_starter/vendor/Mirheo/src/mirheo/core/pvs/data_manager.h:125 Creating new channel '__forces' of type 'N6mirheo5ForceE'
14:29:02:481  Rank 0000    INFO at /home/lzy/projects/mirheo_starter/vendor/Mirheo/src/mirheo/core/pvs/data_manager.h:125 Creating new channel 'positions' of type '6float4'
14:29:02:481  Rank 0000    INFO at /home/lzy/projects/mirheo_starter/vendor/Mirheo/src/mirheo/core/pvs/data_manager.h:125 Creating new channel 'velocities' of type '6float4'
14:29:02:481  Rank 0000    INFO at /home/lzy/projects/mirheo_starter/vendor/Mirheo/src/mirheo/core/pvs/data_manager.h:125 Creating new channel '__forces' of type 'N6mirheo5ForceE'
14:29:02:481  Rank 0000    INFO at /home/lzy/projects/mirheo_starter/vendor/Mirheo/src/mirheo/core/pvs/data_manager.h:125 Creating new channel 'old_positions' of type '6float4'
14:29:02:481  Rank 0000    INFO at /home/lzy/projects/mirheo_starter/vendor/Mirheo/src/mirheo/core/pvs/data_manager.h:125 Creating new channel 'old_positions' of type '6float4'
14:29:02:486  Rank 0000    INFO at /home/lzy/projects/mirheo_starter/vendor/Mirheo/src/mirheo/core/simulation.cpp:313 Registered particle vector 'wall', 32768 particles
14:29:02:486  Rank 0000    INFO at /home/lzy/projects/mirheo_starter/vendor/Mirheo/src/mirheo/core/simulation.cpp:1311 Simulation initiated
14:29:02:486  Rank 0000    INFO at /home/lzy/projects/mirheo_starter/vendor/Mirheo/src/mirheo/core/simulation.cpp:579 Preparing cell-lists
14:29:02:486  Rank 0000    INFO at /home/lzy/projects/mirheo_starter/vendor/Mirheo/src/mirheo/core/pvs/data_manager.h:125 Creating new channel 'positions' of type '6float4'
14:29:02:486  Rank 0000    INFO at /home/lzy/projects/mirheo_starter/vendor/Mirheo/src/mirheo/core/pvs/data_manager.h:125 Creating new channel 'velocities' of type '6float4'
14:29:02:486  Rank 0000    INFO at /home/lzy/projects/mirheo_starter/vendor/Mirheo/src/mirheo/core/pvs/data_manager.h:125 Creating new channel '__forces' of type 'N6mirheo5ForceE'
14:29:02:486  Rank 0000    INFO at /home/lzy/projects/mirheo_starter/vendor/Mirheo/src/mirheo/core/simulation.cpp:653 Preparing interactions
14:29:02:486  Rank 0000    INFO at /home/lzy/projects/mirheo_starter/vendor/Mirheo/src/mirheo/core/simulation.cpp:687 Preparing object bouncers
14:29:02:486  Rank 0000    INFO at /home/lzy/projects/mirheo_starter/vendor/Mirheo/src/mirheo/core/simulation.cpp:716 Preparing walls
14:29:02:486  Rank 0000    INFO at /home/lzy/projects/mirheo_starter/vendor/Mirheo/src/mirheo/core/simulation.cpp:746 Preparing plugins
14:29:02:486  Rank 0000    INFO at /home/lzy/projects/mirheo_starter/vendor/Mirheo/src/mirheo/core/simulation.cpp:752 done Preparing plugins
14:29:02:486  Rank 0000    INFO at /home/lzy/projects/mirheo_starter/vendor/Mirheo/src/mirheo/core/exchangers/particle_redistributor.cu:159 Particle redistributor takes pv 'wall'
14:29:02:486  Rank 0000    INFO at /home/lzy/projects/mirheo_starter/vendor/Mirheo/src/mirheo/core/exchangers/particle_halo_exchanger.cu:170 Particle halo exchanger takes pv 'wall' with celllist of rc = 1, with channels: 'positions' 'velocities' 
14:29:02:486  Rank 0000    INFO at /home/lzy/projects/mirheo_starter/vendor/Mirheo/src/mirheo/core/simulation.cpp:1326 Time-step is set to 0.001000
14:29:02:486  Rank 0000    INFO at /home/lzy/projects/mirheo_starter/vendor/Mirheo/src/mirheo/core/simulation.cpp:909 Splitting particle vectors with respect to object belonging
14:29:02:486  Rank 0000    INFO at /home/lzy/projects/mirheo_starter/vendor/Mirheo/src/mirheo/core/simulation.cpp:1344 Will run 1000 iterations now
14:29:03:153  Rank 0000    INFO at /home/lzy/projects/mirheo_starter/vendor/Mirheo/src/mirheo/core/simulation.cpp:1360 Finished with 1000 iterations
14:29:03:154  Rank 0000    INFO at /home/lzy/projects/mirheo_starter/vendor/Mirheo/src/mirheo/core/mirheo.cpp:471 wall thickness is set to 1.2
14:29:03:157  Rank 0000    INFO at /home/lzy/projects/mirheo_starter/vendor/Mirheo/src/mirheo/core/walls/wall_helpers.cu:106 Freezing 7044 particles
14:29:03:157  Rank 0000    INFO at /home/lzy/projects/mirheo_starter/vendor/Mirheo/src/mirheo/core/mirheo.cpp:474 

14:29:03:157  Rank 0000    INFO at /home/lzy/projects/mirheo_starter/vendor/Mirheo/src/mirheo/core/simulation.cpp:313 Registered particle vector 'wall', 7044 particles
14:29:03:157  Rank 0000    INFO at /home/lzy/projects/mirheo_starter/vendor/Mirheo/src/mirheo/core/walls/simple_stationary_wall.cu:307 Wall 'cylinder' will treat particle vector 'wall' as frozen
14:29:03:157  Rank 0000    INFO at /home/lzy/projects/mirheo_starter/vendor/Mirheo/src/mirheo/core/mirheo.cpp:368 Dumping SDF into XDMF:

14:29:03:161  Rank 0000    INFO at /home/lzy/projects/mirheo_starter/vendor/Mirheo/src/mirheo/core/xdmf/xdmf.cpp:26 Writing XDMF data to h5/wall[.h5,.xmf]
14:29:03:165  Rank 0000    INFO at /home/lzy/projects/mirheo_starter/vendor/Mirheo/src/mirheo/core/xdmf/xdmf.cpp:32 Writing took 4.045119 ms
14:29:03:165  Rank 0000    INFO at /home/lzy/projects/mirheo_starter/vendor/Mirheo/src/mirheo/core/simulation.cpp:1311 Simulation initiated
14:29:03:165  Rank 0000    INFO at /home/lzy/projects/mirheo_starter/vendor/Mirheo/src/mirheo/core/simulation.cpp:579 Preparing cell-lists
14:29:03:165  Rank 0000    INFO at /home/lzy/projects/mirheo_starter/vendor/Mirheo/src/mirheo/core/pvs/data_manager.h:125 Creating new channel 'positions' of type '6float4'
14:29:03:165  Rank 0000    INFO at /home/lzy/projects/mirheo_starter/vendor/Mirheo/src/mirheo/core/pvs/data_manager.h:125 Creating new channel 'velocities' of type '6float4'
14:29:03:165  Rank 0000    INFO at /home/lzy/projects/mirheo_starter/vendor/Mirheo/src/mirheo/core/pvs/data_manager.h:125 Creating new channel '__forces' of type 'N6mirheo5ForceE'
14:29:03:165  Rank 0000    INFO at /home/lzy/projects/mirheo_starter/vendor/Mirheo/src/mirheo/core/pvs/data_manager.h:125 Creating new channel 'positions' of type '6float4'
14:29:03:165  Rank 0000    INFO at /home/lzy/projects/mirheo_starter/vendor/Mirheo/src/mirheo/core/pvs/data_manager.h:125 Creating new channel 'velocities' of type '6float4'
14:29:03:165  Rank 0000    INFO at /home/lzy/projects/mirheo_starter/vendor/Mirheo/src/mirheo/core/pvs/data_manager.h:125 Creating new channel '__forces' of type 'N6mirheo5ForceE'
14:29:03:165  Rank 0000    INFO at /home/lzy/projects/mirheo_starter/vendor/Mirheo/src/mirheo/core/simulation.cpp:653 Preparing interactions
14:29:03:165  Rank 0000    INFO at /home/lzy/projects/mirheo_starter/vendor/Mirheo/src/mirheo/core/simulation.cpp:687 Preparing object bouncers
14:29:03:165  Rank 0000    INFO at /home/lzy/projects/mirheo_starter/vendor/Mirheo/src/mirheo/core/simulation.cpp:716 Preparing walls
14:29:03:165  Rank 0000    INFO at /home/lzy/projects/mirheo_starter/vendor/Mirheo/src/mirheo/core/walls/simple_stationary_wall.cu:455 Removing 13068 out of 32768 'pv' particles from walls 'cylinder'
14:29:03:165  Rank 0000    INFO at /home/lzy/projects/mirheo_starter/vendor/Mirheo/src/mirheo/core/walls/simple_stationary_wall.cu:473 Wall 'cylinder' has removed inner entities of pv 'pv', keeping 19700 out of 32768 particles
14:29:03:165  Rank 0000 WARNING at /home/lzy/projects/mirheo_starter/vendor/Mirheo/src/mirheo/core/walls/simple_stationary_wall.cu:383 Particle Vector 'wall' declared as frozen for the wall 'cylinder'. Will not remove any particles from there
14:29:03:165  Rank 0000    INFO at /home/lzy/projects/mirheo_starter/vendor/Mirheo/src/mirheo/core/simulation.cpp:746 Preparing plugins
14:29:03:165  Rank 0000    INFO at /home/lzy/projects/mirheo_starter/vendor/Mirheo/src/mirheo/plugins/dump_particles.cu:66 Plugin part_dump initialized for the following particle vector: pv
14:29:03:166  Rank 0000    INFO at /home/lzy/projects/mirheo_starter/vendor/Mirheo/src/mirheo/plugins/dump_particles.cu:66 Plugin part_dump_wall initialized for the following particle vector: wall
14:29:03:166  Rank 0000    INFO at /home/lzy/projects/mirheo_starter/vendor/Mirheo/src/mirheo/core/simulation.cpp:752 done Preparing plugins
14:29:03:166  Rank 0000    INFO at /home/lzy/projects/mirheo_starter/vendor/Mirheo/src/mirheo/core/exchangers/particle_redistributor.cu:159 Particle redistributor takes pv 'pv'
14:29:03:166  Rank 0000    INFO at /home/lzy/projects/mirheo_starter/vendor/Mirheo/src/mirheo/core/exchangers/particle_halo_exchanger.cu:170 Particle halo exchanger takes pv 'pv' with celllist of rc = 1, with channels: 'positions' 'velocities' 
14:29:03:166  Rank 0000    INFO at /home/lzy/projects/mirheo_starter/vendor/Mirheo/src/mirheo/core/exchangers/particle_redistributor.cu:159 Particle redistributor takes pv 'wall'
14:29:03:166  Rank 0000    INFO at /home/lzy/projects/mirheo_starter/vendor/Mirheo/src/mirheo/core/exchangers/particle_halo_exchanger.cu:170 Particle halo exchanger takes pv 'wall' with celllist of rc = 1, with channels: 'positions' 'velocities' 
14:29:03:166  Rank 0000    INFO at /home/lzy/projects/mirheo_starter/vendor/Mirheo/src/mirheo/core/simulation.cpp:1326 Time-step is set to 0.001000
14:29:03:166  Rank 0000    INFO at /home/lzy/projects/mirheo_starter/vendor/Mirheo/src/mirheo/core/simulation.cpp:909 Splitting particle vectors with respect to object belonging
14:29:03:166  Rank 0000    INFO at /home/lzy/projects/mirheo_starter/vendor/Mirheo/src/mirheo/core/simulation.cpp:1344 Will run 5002 iterations now
14:29:06:647  Rank 0000    INFO at /home/lzy/projects/mirheo_starter/vendor/Mirheo/src/mirheo/core/simulation.cpp:1360 Finished with 5002 iterations
