Host: localhost
UTC: 2026-09-17T17:09:17.296847+00:00
Probe Python: /home/lzy/miniconda3/bin/python
Python: 3.13.11 | packaged by Anaconda, Inc. | (main, Dec 10 2025, 21:28:48) [GCC 14.3.0]

$ uname -a
exit=0
Linux localhost 6.6.87.2-microsoft-standard-WSL2 #1 SMP PREEMPT_DYNAMIC Thu Jun  5 18:30:46 UTC 2025 x86_64 x86_64 x86_64 GNU/Linux



$ cat /etc/os-release
exit=0
PRETTY_NAME="Ubuntu 24.04.2 LTS"
NAME="Ubuntu"
VERSION_ID="24.04"
VERSION="24.04.2 LTS (Noble Numbat)"
VERSION_CODENAME=noble
ID=ubuntu
ID_LIKE=debian
HOME_URL="https://www.ubuntu.com/"
SUPPORT_URL="https://help.ubuntu.com/"
BUG_REPORT_URL="https://bugs.launchpad.net/ubuntu/"
PRIVACY_POLICY_URL="https://www.ubuntu.com/legal/terms-and-policies/privacy-policy"
UBUNTU_CODENAME=noble
LOGO=ubuntu-logo



$ lscpu
exit=0
Architecture:                         x86_64
CPU op-mode(s):                       32-bit, 64-bit
Address sizes:                        39 bits physical, 48 bits virtual
Byte Order:                           Little Endian
CPU(s):                               24
On-line CPU(s) list:                  0-23
Vendor ID:                            GenuineIntel
Model name:                           13th Gen Intel(R) Core(TM) i7-13700HX
CPU family:                           6
Model:                                191
Thread(s) per core:                   2
Core(s) per socket:                   12
Socket(s):                            1
Stepping:                             2
BogoMIPS:                             4607.99
Flags:                                fpu vme de pse tsc msr pae mce cx8 apic sep mtrr pge mca cmov pat pse36 clflush mmx fxsr sse sse2 ss ht syscall nx pdpe1gb rdtscp lm constant_tsc rep_good nopl xtopology tsc_reliable nonstop_tsc cpuid tsc_known_freq pni pclmulqdq vmx ssse3 fma cx16 pcid sse4_1 sse4_2 x2apic movbe popcnt tsc_deadline_timer aes xsave avx f16c rdrand hypervisor lahf_lm abm 3dnowprefetch ssbd ibrs ibpb stibp ibrs_enhanced tpr_shadow ept vpid ept_ad fsgsbase tsc_adjust bmi1 avx2 smep bmi2 erms invpcid rdseed adx smap clflushopt clwb sha_ni xsaveopt xsavec xgetbv1 xsaves avx_vnni vnmi umip waitpkg gfni vaes vpclmulqdq rdpid movdiri movdir64b fsrm md_clear serialize flush_l1d arch_capabilities
Virtualization:                       VT-x
Hypervisor vendor:                    Microsoft
Virtualization type:                  full
L1d cache:                            576 KiB (12 instances)
L1i cache:                            384 KiB (12 instances)
L2 cache:                             15 MiB (12 instances)
L3 cache:                             30 MiB (1 instance)
NUMA node(s):                         1
NUMA node0 CPU(s):                    0-23
Vulnerability Gather data sampling:   Not affected
Vulnerability Itlb multihit:          Not affected
Vulnerability L1tf:                   Not affected
Vulnerability Mds:                    Not affected
Vulnerability Meltdown:               Not affected
Vulnerability Mmio stale data:        Not affected
Vulnerability Reg file data sampling: Mitigation; Clear Register File
Vulnerability Retbleed:               Mitigation; Enhanced IBRS
Vulnerability Spec rstack overflow:   Not affected
Vulnerability Spec store bypass:      Mitigation; Speculative Store Bypass disabled via prctl
Vulnerability Spectre v1:             Mitigation; usercopy/swapgs barriers and __user pointer sanitization
Vulnerability Spectre v2:             Mitigation; Enhanced / Automatic IBRS; IBPB conditional; RSB filling; PBRSB-eIBRS SW sequence; BHI BHI_DIS_S
Vulnerability Srbds:                  Not affected
Vulnerability Tsx async abort:        Not affected



$ free -h
exit=0
               total        used        free      shared  buff/cache   available
Mem:           7.6Gi       2.4Gi       120Mi       3.3Mi       5.3Gi       5.2Gi
Swap:          2.0Gi       1.3Mi       2.0Gi



$ df -h
exit=0
Filesystem      Size  Used Avail Use% Mounted on
/dev/sdd       1007G  133G  824G  14% /
rootfs          3.9G  2.7M  3.9G   1% /init
none            3.9G     0  3.9G   0% /dev/shm
none            3.9G  608K  3.9G   1% /run
none            3.9G     0  3.9G   0% /run/lock
none            3.9G   84K  3.9G   1% /run/user
tmpfs           3.9G   16K  3.9G   1% /run/user/1000
drivers         301G  257G   44G  86% /usr/lib/wsl/drivers
none            3.9G     0  3.9G   0% /usr/lib/wsl/lib
none            3.9G  4.0K  3.9G   1% /mnt/wsl
none            3.9G   76K  3.9G   1% /mnt/wslg/versions.txt
none            3.9G   76K  3.9G   1% /mnt/wslg/doc
none            3.9G     0  3.9G   0% /usr/lib/modules/6.6.87.2-microsoft-standard-WSL2
C:\             301G  257G   44G  86% /mnt/c
D:\             453G  370G   84G  82% /mnt/d
E:\             200G  155G   46G  78% /mnt/e
F:\             954G  243G  712G  26% /mnt/f



$ nvidia-smi
exit=0
Thu Sep 17 19:09:17 2026       
+-----------------------------------------------------------------------------------------+
| NVIDIA-SMI 570.133.07             Driver Version: 572.83         CUDA Version: 12.8     |
|-----------------------------------------+------------------------+----------------------+
| GPU  Name                 Persistence-M | Bus-Id          Disp.A | Volatile Uncorr. ECC |
| Fan  Temp   Perf          Pwr:Usage/Cap |           Memory-Usage | GPU-Util  Compute M. |
|                                         |                        |               MIG M. |
|=========================================+========================+======================|
|   0  NVIDIA GeForce RTX 4060 ...    On  |   00000000:01:00.0  On |                  N/A |
| N/A   61C    P8              8W /  140W |    1792MiB /   8188MiB |     15%      Default |
|                                         |                        |                  N/A |
+-----------------------------------------+------------------------+----------------------+
                                                                                         
+-----------------------------------------------------------------------------------------+
| Processes:                                                                              |
|  GPU   GI   CI              PID   Type   Process name                        GPU Memory |
|        ID   ID                                                               Usage      |
|=========================================================================================|
|  No running processes found                                                             |
+-----------------------------------------------------------------------------------------+



$ nvcc --version
exit=None

[Errno 2] No such file or directory: 'nvcc'

$ mpirun --version
exit=0
mpirun (Open MPI) 4.1.6

Report bugs to http://www.open-mpi.org/community/help/



$ python --version
exit=0
Python 3.13.11



$ /home/lzy/miniconda3/bin/python --version
exit=0
Python 3.13.11



$ /home/lzy/miniconda3/bin/python -B -c import importlib; m=importlib.import_module('dolfinx'); print(getattr(m, '__version__', 'version attribute unavailable'))
exit=1

Traceback (most recent call last):
  File "<string>", line 1, in <module>
    import importlib; m=importlib.import_module('dolfinx'); print(getattr(m, '__version__', 'version attribute unavailable'))
                        ~~~~~~~~~~~~~~~~~~~~~~~^^^^^^^^^^^
  File "/home/lzy/miniconda3/lib/python3.13/importlib/__init__.py", line 88, in import_module
    return _bootstrap._gcd_import(name[level:], package, level)
           ~~~~~~~~~~~~~~~~~~~~~~^^^^^^^^^^^^^^^^^^^^^^^^^^^^^^
  File "<frozen importlib._bootstrap>", line 1387, in _gcd_import
  File "<frozen importlib._bootstrap>", line 1360, in _find_and_load
  File "<frozen importlib._bootstrap>", line 1324, in _find_and_load_unlocked
ModuleNotFoundError: No module named 'dolfinx'


$ /home/lzy/miniconda3/bin/python -B -c import importlib; m=importlib.import_module('petsc4py'); print(getattr(m, '__version__', 'version attribute unavailable'))
exit=1

Traceback (most recent call last):
  File "<string>", line 1, in <module>
    import importlib; m=importlib.import_module('petsc4py'); print(getattr(m, '__version__', 'version attribute unavailable'))
                        ~~~~~~~~~~~~~~~~~~~~~~~^^^^^^^^^^^^
  File "/home/lzy/miniconda3/lib/python3.13/importlib/__init__.py", line 88, in import_module
    return _bootstrap._gcd_import(name[level:], package, level)
           ~~~~~~~~~~~~~~~~~~~~~~^^^^^^^^^^^^^^^^^^^^^^^^^^^^^^
  File "<frozen importlib._bootstrap>", line 1387, in _gcd_import
  File "<frozen importlib._bootstrap>", line 1360, in _find_and_load
  File "<frozen importlib._bootstrap>", line 1324, in _find_and_load_unlocked
ModuleNotFoundError: No module named 'petsc4py'


$ /home/lzy/miniconda3/bin/python -B -c import importlib; m=importlib.import_module('mpi4py'); print(getattr(m, '__version__', 'version attribute unavailable'))
exit=1

Traceback (most recent call last):
  File "<string>", line 1, in <module>
    import importlib; m=importlib.import_module('mpi4py'); print(getattr(m, '__version__', 'version attribute unavailable'))
                        ~~~~~~~~~~~~~~~~~~~~~~~^^^^^^^^^^
  File "/home/lzy/miniconda3/lib/python3.13/importlib/__init__.py", line 88, in import_module
    return _bootstrap._gcd_import(name[level:], package, level)
           ~~~~~~~~~~~~~~~~~~~~~~^^^^^^^^^^^^^^^^^^^^^^^^^^^^^^
  File "<frozen importlib._bootstrap>", line 1387, in _gcd_import
  File "<frozen importlib._bootstrap>", line 1360, in _find_and_load
  File "<frozen importlib._bootstrap>", line 1324, in _find_and_load_unlocked
ModuleNotFoundError: No module named 'mpi4py'


$ /home/lzy/miniconda3/bin/python -B -c import importlib; m=importlib.import_module('basix'); print(getattr(m, '__version__', 'version attribute unavailable'))
exit=1

Traceback (most recent call last):
  File "<string>", line 1, in <module>
    import importlib; m=importlib.import_module('basix'); print(getattr(m, '__version__', 'version attribute unavailable'))
                        ~~~~~~~~~~~~~~~~~~~~~~~^^^^^^^^^
  File "/home/lzy/miniconda3/lib/python3.13/importlib/__init__.py", line 88, in import_module
    return _bootstrap._gcd_import(name[level:], package, level)
           ~~~~~~~~~~~~~~~~~~~~~~^^^^^^^^^^^^^^^^^^^^^^^^^^^^^^
  File "<frozen importlib._bootstrap>", line 1387, in _gcd_import
  File "<frozen importlib._bootstrap>", line 1360, in _find_and_load
  File "<frozen importlib._bootstrap>", line 1324, in _find_and_load_unlocked
ModuleNotFoundError: No module named 'basix'


$ /home/lzy/miniconda3/bin/python -B -c import importlib; m=importlib.import_module('ufl'); print(getattr(m, '__version__', 'version attribute unavailable'))
exit=1

Traceback (most recent call last):
  File "<string>", line 1, in <module>
    import importlib; m=importlib.import_module('ufl'); print(getattr(m, '__version__', 'version attribute unavailable'))
                        ~~~~~~~~~~~~~~~~~~~~~~~^^^^^^^
  File "/home/lzy/miniconda3/lib/python3.13/importlib/__init__.py", line 88, in import_module
    return _bootstrap._gcd_import(name[level:], package, level)
           ~~~~~~~~~~~~~~~~~~~~~~^^^^^^^^^^^^^^^^^^^^^^^^^^^^^^
  File "<frozen importlib._bootstrap>", line 1387, in _gcd_import
  File "<frozen importlib._bootstrap>", line 1360, in _find_and_load
  File "<frozen importlib._bootstrap>", line 1324, in _find_and_load_unlocked
ModuleNotFoundError: No module named 'ufl'


$ /home/lzy/miniconda3/bin/python -B -c import importlib; m=importlib.import_module('ffcx'); print(getattr(m, '__version__', 'version attribute unavailable'))
exit=1

Traceback (most recent call last):
  File "<string>", line 1, in <module>
    import importlib; m=importlib.import_module('ffcx'); print(getattr(m, '__version__', 'version attribute unavailable'))
                        ~~~~~~~~~~~~~~~~~~~~~~~^^^^^^^^
  File "/home/lzy/miniconda3/lib/python3.13/importlib/__init__.py", line 88, in import_module
    return _bootstrap._gcd_import(name[level:], package, level)
           ~~~~~~~~~~~~~~~~~~~~~~^^^^^^^^^^^^^^^^^^^^^^^^^^^^^^
  File "<frozen importlib._bootstrap>", line 1387, in _gcd_import
  File "<frozen importlib._bootstrap>", line 1360, in _find_and_load
  File "<frozen importlib._bootstrap>", line 1324, in _find_and_load_unlocked
ModuleNotFoundError: No module named 'ffcx'


$ /home/lzy/miniconda3/bin/python -B -c import importlib; m=importlib.import_module('gmsh'); print(getattr(m, '__version__', 'version attribute unavailable'))
exit=1

Traceback (most recent call last):
  File "<string>", line 1, in <module>
    import importlib; m=importlib.import_module('gmsh'); print(getattr(m, '__version__', 'version attribute unavailable'))
                        ~~~~~~~~~~~~~~~~~~~~~~~^^^^^^^^
  File "/home/lzy/miniconda3/lib/python3.13/importlib/__init__.py", line 88, in import_module
    return _bootstrap._gcd_import(name[level:], package, level)
           ~~~~~~~~~~~~~~~~~~~~~~^^^^^^^^^^^^^^^^^^^^^^^^^^^^^^
  File "<frozen importlib._bootstrap>", line 1387, in _gcd_import
  File "<frozen importlib._bootstrap>", line 1360, in _find_and_load
  File "<frozen importlib._bootstrap>", line 1324, in _find_and_load_unlocked
ModuleNotFoundError: No module named 'gmsh'


$ /home/lzy/miniconda3/bin/python -B -c import importlib; m=importlib.import_module('numpy'); print(getattr(m, '__version__', 'version attribute unavailable'))
exit=1

Traceback (most recent call last):
  File "<string>", line 1, in <module>
    import importlib; m=importlib.import_module('numpy'); print(getattr(m, '__version__', 'version attribute unavailable'))
                        ~~~~~~~~~~~~~~~~~~~~~~~^^^^^^^^^
  File "/home/lzy/miniconda3/lib/python3.13/importlib/__init__.py", line 88, in import_module
    return _bootstrap._gcd_import(name[level:], package, level)
           ~~~~~~~~~~~~~~~~~~~~~~^^^^^^^^^^^^^^^^^^^^^^^^^^^^^^
  File "<frozen importlib._bootstrap>", line 1387, in _gcd_import
  File "<frozen importlib._bootstrap>", line 1360, in _find_and_load
  File "<frozen importlib._bootstrap>", line 1324, in _find_and_load_unlocked
ModuleNotFoundError: No module named 'numpy'


$ /home/lzy/miniconda3/bin/python -B -c import importlib; m=importlib.import_module('scipy'); print(getattr(m, '__version__', 'version attribute unavailable'))
exit=1

Traceback (most recent call last):
  File "<string>", line 1, in <module>
    import importlib; m=importlib.import_module('scipy'); print(getattr(m, '__version__', 'version attribute unavailable'))
                        ~~~~~~~~~~~~~~~~~~~~~~~^^^^^^^^^
  File "/home/lzy/miniconda3/lib/python3.13/importlib/__init__.py", line 88, in import_module
    return _bootstrap._gcd_import(name[level:], package, level)
           ~~~~~~~~~~~~~~~~~~~~~~^^^^^^^^^^^^^^^^^^^^^^^^^^^^^^
  File "<frozen importlib._bootstrap>", line 1387, in _gcd_import
  File "<frozen importlib._bootstrap>", line 1360, in _find_and_load
  File "<frozen importlib._bootstrap>", line 1324, in _find_and_load_unlocked
ModuleNotFoundError: No module named 'scipy'


$ /home/lzy/miniconda3/bin/python -B -c import importlib; m=importlib.import_module('pyvista'); print(getattr(m, '__version__', 'version attribute unavailable'))
exit=1

Traceback (most recent call last):
  File "<string>", line 1, in <module>
    import importlib; m=importlib.import_module('pyvista'); print(getattr(m, '__version__', 'version attribute unavailable'))
                        ~~~~~~~~~~~~~~~~~~~~~~~^^^^^^^^^^^
  File "/home/lzy/miniconda3/lib/python3.13/importlib/__init__.py", line 88, in import_module
    return _bootstrap._gcd_import(name[level:], package, level)
           ~~~~~~~~~~~~~~~~~~~~~~^^^^^^^^^^^^^^^^^^^^^^^^^^^^^^
  File "<frozen importlib._bootstrap>", line 1387, in _gcd_import
  File "<frozen importlib._bootstrap>", line 1360, in _find_and_load
  File "<frozen importlib._bootstrap>", line 1324, in _find_and_load_unlocked
ModuleNotFoundError: No module named 'pyvista'


$ /home/lzy/miniconda3/bin/python -B -c import importlib; m=importlib.import_module('vtk'); print(getattr(m, '__version__', 'version attribute unavailable'))
exit=1

Traceback (most recent call last):
  File "<string>", line 1, in <module>
    import importlib; m=importlib.import_module('vtk'); print(getattr(m, '__version__', 'version attribute unavailable'))
                        ~~~~~~~~~~~~~~~~~~~~~~~^^^^^^^
  File "/home/lzy/miniconda3/lib/python3.13/importlib/__init__.py", line 88, in import_module
    return _bootstrap._gcd_import(name[level:], package, level)
           ~~~~~~~~~~~~~~~~~~~~~~^^^^^^^^^^^^^^^^^^^^^^^^^^^^^^
  File "<frozen importlib._bootstrap>", line 1387, in _gcd_import
  File "<frozen importlib._bootstrap>", line 1360, in _find_and_load
  File "<frozen importlib._bootstrap>", line 1324, in _find_and_load_unlocked
ModuleNotFoundError: No module named 'vtk'


$ /home/lzy/miniconda3/bin/python -B -c import importlib; m=importlib.import_module('pytest'); print(getattr(m, '__version__', 'version attribute unavailable'))
exit=1

Traceback (most recent call last):
  File "<string>", line 1, in <module>
    import importlib; m=importlib.import_module('pytest'); print(getattr(m, '__version__', 'version attribute unavailable'))
                        ~~~~~~~~~~~~~~~~~~~~~~~^^^^^^^^^^
  File "/home/lzy/miniconda3/lib/python3.13/importlib/__init__.py", line 88, in import_module
    return _bootstrap._gcd_import(name[level:], package, level)
           ~~~~~~~~~~~~~~~~~~~~~~^^^^^^^^^^^^^^^^^^^^^^^^^^^^^^
  File "<frozen importlib._bootstrap>", line 1387, in _gcd_import
  File "<frozen importlib._bootstrap>", line 1360, in _find_and_load
  File "<frozen importlib._bootstrap>", line 1324, in _find_and_load_unlocked
ModuleNotFoundError: No module named 'pytest'


$ /home/lzy/miniconda3/bin/python -B -c import importlib; m=importlib.import_module('yaml'); print(getattr(m, '__version__', 'version attribute unavailable'))
exit=1

Traceback (most recent call last):
  File "<string>", line 1, in <module>
    import importlib; m=importlib.import_module('yaml'); print(getattr(m, '__version__', 'version attribute unavailable'))
                        ~~~~~~~~~~~~~~~~~~~~~~~^^^^^^^^
  File "/home/lzy/miniconda3/lib/python3.13/importlib/__init__.py", line 88, in import_module
    return _bootstrap._gcd_import(name[level:], package, level)
           ~~~~~~~~~~~~~~~~~~~~~~^^^^^^^^^^^^^^^^^^^^^^^^^^^^^^
  File "<frozen importlib._bootstrap>", line 1387, in _gcd_import
  File "<frozen importlib._bootstrap>", line 1360, in _find_and_load
  File "<frozen importlib._bootstrap>", line 1324, in _find_and_load_unlocked
ModuleNotFoundError: No module named 'yaml'


$ /home/lzy/miniconda3/bin/python -B -c import importlib; m=importlib.import_module('matplotlib'); print(getattr(m, '__version__', 'version attribute unavailable'))
exit=1

Traceback (most recent call last):
  File "<string>", line 1, in <module>
    import importlib; m=importlib.import_module('matplotlib'); print(getattr(m, '__version__', 'version attribute unavailable'))
                        ~~~~~~~~~~~~~~~~~~~~~~~^^^^^^^^^^^^^^
  File "/home/lzy/miniconda3/lib/python3.13/importlib/__init__.py", line 88, in import_module
    return _bootstrap._gcd_import(name[level:], package, level)
           ~~~~~~~~~~~~~~~~~~~~~~^^^^^^^^^^^^^^^^^^^^^^^^^^^^^^
  File "<frozen importlib._bootstrap>", line 1387, in _gcd_import
  File "<frozen importlib._bootstrap>", line 1360, in _find_and_load
  File "<frozen importlib._bootstrap>", line 1324, in _find_and_load_unlocked
ModuleNotFoundError: No module named 'matplotlib'


$ /home/lzy/miniconda3/bin/python -B -c from petsc4py import PETSc; print('PETSc',PETSc.Sys.getVersion()); print('CUDA',PETSc.Sys.hasExternalPackage('cuda')); print('scalar',PETSc.ScalarType); print('MUMPS',PETSc.Sys.hasExternalPackage('mumps'))
exit=1

Traceback (most recent call last):
  File "<string>", line 1, in <module>
    from petsc4py import PETSc; print('PETSc',PETSc.Sys.getVersion()); print('CUDA',PETSc.Sys.hasExternalPackage('cuda')); print('scalar',PETSc.ScalarType); print('MUMPS',PETSc.Sys.hasExternalPackage('mumps'))
    ^^^^^^^^^^^^^^^^^^^^^^^^^^
ModuleNotFoundError: No module named 'petsc4py'


$ /home/lzy/miniconda3/bin/python -B -c from mpi4py import MPI; print(MPI.Get_library_version())
exit=1

Traceback (most recent call last):
  File "<string>", line 1, in <module>
    from mpi4py import MPI; print(MPI.Get_library_version())
    ^^^^^^^^^^^^^^^^^^^^^^
ModuleNotFoundError: No module named 'mpi4py'

