 Starting up Musubi with nprocs:            8

 .___  ___.  __    __       _______. __    __  .______    __  
 |   \/   | |  |  |  |     /       ||  |  |  | |   _  \  |  | 
 |  \  /  | |  |  |  |    |   (----`|  |  |  | |  |_)  | |  | 
 |  |\/|  | |  |  |  |     \   \    |  |  |  | |   _  <  |  | 
 |  |  |  | |  `--'  | .----)   |   |  `--'  | |  |_)  | |  | 
 |__|  |__|  \______/  |_______/     \______/  |______/  |_v2.0.0-4-g4e8b27

 (C) 2012 German Research School for Simulation Sciences
 (C) 2013-2020 University Siegen
 (C) 2021 German Aerospace Center (DLR) -
          Institute of Software Methods for Product Virtualization
 
--------------------------------------------------------------------------------
 | INFORMATION ON THE EXECUTABLE
 | Revision of the code in this executable: 81f8c4f13772
 |
 | Compiled with GFORTRAN in version 13.4.0
 | Using the command mpif90
 | And the following flags:
 | -O3 -march=native -Wall -Wno-maybe-uninitialized -Werror -Wno-unused-dum
 | my-argument -fmax-stack-var-size=131072 -std=f2008 -pedantic-errors -O3
 | -march=native -Wall -Wno-maybe-uninitialized -Werror
 |
 | Build date: 2026-08-28
--------------------------------------------------------------------------------
--------------------------------------------------------------------------------
 | PRE-PROCESSING SETTINGS:
 | Using AOS (array of structures data layout)
 | Using PULL for streaming
--------------------------------------------------------------------------------

Run at: 2026-08-28 22:32 UTC+02:00

 Loading configuration file: /mnt/e/ULM/hatimb-particle_flow_simulator/ulm_3D_vascular/outputs/cfd_flow/musubi_official_equivalent_probe_anchor003274_20260828_223213/diagnostic_musubi.lua
--------------------------------------------------------------------------------
--------------------------------------------------------------------------------
--------------------------------------------------------------------------------
Loading general parameters:
Using /dev/null as null device.
Will print run time info in the end
(/proc/self/status).
Size of the IO Buffer (MB): 8
Simulation Name: roi003274_steady_lbm
 Loading convergence for steady state...
 Convergence is a single table
 +-------------------------------------------+
Iterations between trigger checks: 1
  - Min:
  iterations:            0
 
  - Max:
  iterations:       173464
 
  - Interval:
  iterations:          100
 +-------------------------------------------+
  Loading shape kind: all
  Inverted shape:  F
  Number of reductions loaded: 2
  their reduceTypes are:
    average
    average
 loaded convergence with nConditions=2
     Norm : average
     absolute error
    nVal : 100
--------------------------------------------------------------------------------
 +-------------------------------------------+
  - Now:
  iterations:            0
  simTime   :    0.0000000000000000     
  wallClock :    1.6810710000000000E-002
 
  - Time Control:
 +-------------------------------------------+
Iterations between trigger checks: 1
  - Min:
  iterations:            0
  simTime   :    0.0000000000000000     
 
  - Max:
  iterations:       173464
 
  - Interval:
  iterations:          100
 +-------------------------------------------+
 
  - Abort Criteria:
  stop_file: stop
  steady_state:  T
 
  - Status:
 +-------------------------------------------+
 Using global alltoall
 Loading communication pattern:
 isend_irecv
Write timings to: /tmp/u3d/timing.res
--------------------------------------------------------------------------------
 Loading general solver params: 
 Choosing Control Routine: standard
 Setting SCALING to:diffusive
Solid elements will be removed from BC list
Block size (elements): 576
--------------------------------------------------------------------------------
--------------------------------------------------------------------------------
 Loading restart ...
 *****************************
 Restart read parameters: 
   filename : /mnt/e/ULM/hatimb-particle_flow_simulator/ulm_3D_vascular/outputs/cfd_flow/musubi_convergence_probe_anchor003274_20260828_210236/restart/roi003274_steady_lbm_lastHeader.lua
 Opening Restart Header /mnt/e/ULM/hatimb-particle_flow_simulator/ulm_3D_vascular/outputs/cfd_flow/musubi_convergence_probe_anchor003274_20260828_210236/restart/roi003274_steady_lbm_lastHeader.lua
 Solver: Musubi_v2.0.0-4-g4e8b27
--------------------------------------------------------------------------------
 Load mesh header from file: ../../musubi_recovery_anchor003274_20260828_162530/seeder/mesh/header.lua
 The real bounding cube is...
   min:    7.9044779968261700E-005   4.1095733261108400E-005   7.9823280334472647E-005
   max:    1.7684477996826169E-004   1.3389573326110839E-004   1.5982328033447264E-004
 Load mesh from file: ../../musubi_recovery_anchor003274_20260828_162530/seeder/mesh/elemlist.lsb
 using one process to read and broadcast
 Done, reading the mesh!
 NO BALANCING!
 Done loading weights.
 Got a mesh with following properties:
                 Mesh name: fluidTree
  Total number of elements: 221109
  Local number of elements: 27639
      Number of properties: 2
      Number of partitions: 8
             Minimum level: 9
             Maximum level: 9
       Bounding Box Origin:     0.0001    0.0000    0.0001
       Bounding Box Length:     0.0001
     Coarsest element size:     0.0000
       Finest element size:     0.0000
  Number of boundary elements: 11060
      Number of qVal elements: 10949
--------------------------------------------------------------------------------
 Restarting from point in time:
  iterations:       167464
  simTime   :    4.0884765624997141E-003
  wallClock :    109.30800013400000     
 Loading varsys table 
 Syshandle            1
 *****************************
 
 *****************************
 Restart write parameters: 
   prefix   : /mnt/e/ULM/hatimb-particle_flow_simulator/ulm_3D_vascular/outputs/cfd_flow/musubi_official_equivalent_probe_anchor003274_20260828_223213/restart/
 +-------------------------------------------+
Iterations between trigger checks: 1
  - Min:
 
  - Max:
 
  - Interval:
 +-------------------------------------------+
 *****************************
 
--------------------------------------------------------------------------------
 Load boundary ID from file: ../../musubi_recovery_anchor003274_20260828_162530/seeder/mesh/bnd.lsb
 read with MPI
Loading qVal data from directory: ../../musubi_recovery_anchor003274_20260828_162530/seeder/mesh/
 Load hasQVal from file: ../../musubi_recovery_anchor003274_20260828_162530/seeder/mesh/qval.lsb
 Done, reading the qVal!
 No IBM found!
--------------------------------------------------------------------------------
Lattice dx and dt on each level
level=9, dxL=   1.00000, dtL=   1.00000
--------------------------------------------------------------------------------
--------------------------------------------------------------------------------
  Loading physics table ...
  Physics table is defined.
  All values are expressed in physical units.
 Speed of sound (cs) is not defined.
 Attempting to load time step dt on coarsest level:
   cs =    4.730E+00
   dt =   24.414E-09
 WARNING: No value given for coulomb0
 WARNING: Reference coulomb0 is not found. 
 Setting reference coulomb0 to fundamental electrical charge.
Reference physical quantities:
  rho0       =    1.056E+03
  mass0      =    8.448E-18
  mole0      =    1.661E-24
  moleDens0  =  207.567E-06
  molWeight0 =    5.088E+06
  Temp0      =    1.000E+00
  coulomb0   =  160.218E-21
Conversion factors on level: 9
  dx            =  200.000E-09
  dt            =   24.414E-09
  pressure      =   70.867E+03
  velocity      =    8.192E+00
  kine. visc.   =    1.638E-06
  dyn. visc.    =    1.730E-03
  acceleration  =  335.544E+06
  force         =    2.835E-09
  body force    =  354.335E+09
  strain rate   =   40.960E+06
  energy        =  566.936E-18
  moleFlux      =    1.700E-03
  chargeDens    =   20.027E+00
  currentDens   =  164.063E+00
  massflux      =    8.651E+03
  diffusivity   =    1.638E-06
  faraday       =   96.485E+03
  gasConst      =  341.417E+06
  potential     =    3.539E+03

Over level scale factor: 
    pressure:    1.000E+00
    velocity:    1.000E+00
 strain rate:    1.000E+00
--------------------------------------------------------------------------------
--------------------------------------------------------------------------------
Loading Scheme identify table: 
kind: fluid
Layout: d3q19
relaxation: bgk
  variant: standard
--------------------------------------------------------------------------------
 Creating stencil kind: d3q19
--------------------------------------------------------------------------------
 Loading the field base info ...
 No field table defined.
 Assuming single field and label = "".
--------------------------------------------------------------------------------
 Initializing global variable system for scheme kind: fluid
 Appending state variables 
--------------------------------------------------------------------------------
Interpolation:
  method: quadratic
   order:  2
  weights_method: linear_distance
  inverse distance powefac:  6
--------------------------------------------------------------------------------
 No possible transport variable defined for scheme kind: fluid
--------------------------------------------------------------------------------
 Loading the fields ...
 Number of fields to load:            1
 No field table and scheme table are defined.Loading field data from config
 Loading field: 
 Loading the fluid properties.
 Loading fluid informations
 loading space time function from key: kinematic_viscosity
 Spacetime function is a const value:    3.2700000000000000E-006
 St-fun is not a table, thus setting global shape.
 No nonNewtonian table defined
 No turbulence table defined
--------------------------------------------------------------------------------
--------------------------------------------------------------------------------
  Loading initial conditions
Loading spatial for pressure
 Load spatial as single constant
   Spatial for pressure is a defined as const
value =   23.622E+03
Loading spatial for velocityX
 Load spatial as single constant
   Spatial for velocityX is a defined as const
value =    0.000E+00
Loading spatial for velocityY
 Load spatial as single constant
   Spatial for velocityY is a defined as const
value =    0.000E+00
Loading spatial for velocityZ
 Load spatial as single constant
   Spatial for velocityZ is a defined as const
value =    0.000E+00
Loading spatial for Sxx
 Load spatial as single constant
 ERROR: Fatal error occured in loading scalar constants
 WARNING: variable is non-existent!
 Setting kind to be "none" and value =    0.000E+00 for all 1 components
   Spatial for Sxx is a defined as none
Loading spatial for Syy
 Load spatial as single constant
 ERROR: Fatal error occured in loading scalar constants
 WARNING: variable is non-existent!
 Setting kind to be "none" and value =    0.000E+00 for all 1 components
   Spatial for Syy is a defined as none
Loading spatial for Szz
 Load spatial as single constant
 ERROR: Fatal error occured in loading scalar constants
 WARNING: variable is non-existent!
 Setting kind to be "none" and value =    0.000E+00 for all 1 components
   Spatial for Szz is a defined as none
Loading spatial for Sxy
 Load spatial as single constant
 ERROR: Fatal error occured in loading scalar constants
 WARNING: variable is non-existent!
 Setting kind to be "none" and value =    0.000E+00 for all 1 components
   Spatial for Sxy is a defined as none
Loading spatial for Syz
 Load spatial as single constant
 ERROR: Fatal error occured in loading scalar constants
 WARNING: variable is non-existent!
 Setting kind to be "none" and value =    0.000E+00 for all 1 components
   Spatial for Syz is a defined as none
Loading spatial for Sxz
 Load spatial as single constant
 ERROR: Fatal error occured in loading scalar constants
 WARNING: variable is non-existent!
 Setting kind to be "none" and value =    0.000E+00 for all 1 components
   Spatial for Sxz is a defined as none
--------------------------------------------------------------------------------
  Loading BC header
   Found BC wall of kind wall_libb
   Found BC inlet of kind mfr_eq
   Found BC outlet_01 of kind pressure_eq
   Found BC outlet_02 of kind pressure_eq
   Found BC outlet_03 of kind pressure_eq
 matching boundary defination in lua to mesh
 Number of Boundaries: 5
--------------------------------------------------------------------------------
 Loading boundary definition for nBCs: 5
   Boundary: 1
    Curved:  F
     Wall LIBB treatment: wall
    Default qVal:   0.50000000000000000     
   required neighbors: 0
   Boundary: 2
    Curved:  F
    mfr_eq treatment for inlet
  Loading bc state for mass_flowrate
 Expected variable mass_flowrate is defined
 Did not find a variable name for mass_flowrate
 Trying to load it as an anonymous space time function
 loading space time function from key: mass_flowrate
 Spacetime function is a const value:    8.1243449501691230E-013
 St-fun is not a table, thus setting global shape.
 Found a spacetime function for mass_flowrate
    Default qVal:   0.50000000000000000     
   required neighbors: 1
   Boundary: 3
    Curved:  F
     Outlet pressure equilibrium type for outlet_01
  Loading bc state for pressure
 Expected variable pressure is defined
 Did not find a variable name for pressure
 Trying to load it as an anonymous space time function
 loading space time function from key: pressure
 St-fun is not a table, thus setting global shape.
 Found a spacetime function for pressure
    Default qVal:   0.50000000000000000     
   required neighbors: 2
   Boundary: 4
    Curved:  F
     Outlet pressure equilibrium type for outlet_02
  Loading bc state for pressure
 Expected variable pressure is defined
 Did not find a variable name for pressure
 Trying to load it as an anonymous space time function
 loading space time function from key: pressure
 St-fun is not a table, thus setting global shape.
 Found a spacetime function for pressure
    Default qVal:   0.50000000000000000     
   required neighbors: 2
   Boundary: 5
    Curved:  F
     Outlet pressure equilibrium type for outlet_03
  Loading bc state for pressure
 Expected variable pressure is defined
 Did not find a variable name for pressure
 Trying to load it as an anonymous space time function
 loading space time function from key: pressure
 St-fun is not a table, thus setting global shape.
 Found a spacetime function for pressure
    Default qVal:   0.50000000000000000     
   required neighbors: 2
--------------------------------------------------------------------------------
 Loading the mappings from table: source
 Table source could not be opened for reading variable mappings!
--------------------------------------------------------------------------------
 Loading the mappings from table: glob_source
 Table glob_source could not be opened for reading variable mappings!
 Loading transport variables
--------------------------------------------------------------------------------
 Variable table not defined with key: variable
--------------------------------------------------------------------------------
 Loading tracking ...
Number of Tracking entities: 2
Loading tracker: 1
 Tracking label: p
 +-------------------------------------------+
Iterations between trigger checks: 1
  - Min:
  iterations:       167464
 
  - Max:
  iterations:       173464
 
  - Interval:
  iterations:          100
 +-------------------------------------------+
  Number of reductions loaded: 1
  their reduceTypes are:
    average
   Loading output table ...
   Output format: ascii
  Loading shape kind: all
  Inverted shape:  F
Done tracker 1
Loading tracker: 2
 Tracking label: u
 +-------------------------------------------+
Iterations between trigger checks: 1
  - Min:
  iterations:       167464
 
  - Max:
  iterations:       173464
 
  - Interval:
  iterations:          100
 +-------------------------------------------+
  Number of reductions loaded: 1
  their reduceTypes are:
    average
   Loading output table ...
   Output format: ascii
  Loading shape kind: all
  Inverted shape:  F
Done tracker 2
--------------------------------------------------------------------------------
--------------------------------------------------------------------------------
 NO particle modelling
--------------------------------------------------------------------------------
--------------------------------------------------------------------------------
 Initializing musubi ...
 Initializing the scheme ...
 Map stencil to treelm definition and vice versa ...
Initializing the moment matrix by stencil: d3q19
 Building variable system for scheme kind: fluid
 Appending auxiliary variables 
 Current append variable wave loop:            1
 Append derive variables to varSys
 Variable pressure_deviation cant be added due to missing input variable pressure_reference
 Error: variable pressure_deviation is not added to variable system
 Appending boundary variables 
 Append derive physical variables to varSys
 Append meshInfo variables to varSys
 Current append variable wave loop:            2
 Append derive variables to varSys
 Appending boundary variables 
 Append derive physical variables to varSys
 Append meshInfo variables to varSys
 Current append variable wave loop:            3
 Append derive variables to varSys
 Appending boundary variables 
 Append derive physical variables to varSys
 Append meshInfo variables to varSys
 Done appending variables to varSys
 Storing state variable position 
 Storing derive variable position 
--------------------------------------------------------------------------------
 Starting to initialize the geometry
--------------------------------------------------------------------------------
 Creating boundary lists ...
BC: wall, iBnd: 1, normal:   0 -1 -1, Ind: 7
BC: outlet_02, iBnd: 2, normal:   1  1  0, Ind: 18
BC: outlet_01, iBnd: 3, normal:   0 -1  0, Ind: 2
BC: outlet_03, iBnd: 4, normal:  -1  0  0, Ind: 1
BC: inlet, iBnd: 5, normal:   0 -1 -1, Ind: 7
 Set BC stencil: outlet_02
 Set BC stencil: outlet_01
 Set BC stencil: outlet_03
 Set BC stencil: inlet
 Finalizing stencils...
 Total Number of stencils: 5
 iStencil:  1, label: d3q19
 nElems: 221109
 iStencil:  2, label: outlet_02_NE2NE3_QQN2
 nElems: 179
 iStencil:  3, label: outlet_01_SS2_QQN2
 nElems: 169
 iStencil:  4, label: outlet_03_WW2_QQN2
 nElems: 201
 iStencil:  5, label: inlet_BS2_QQN1
 nElems: 311
 Allocating level Descriptor ...
 Searching the neighbors for each element ...
 Finished searching the neighbors ID for each fluid.
 Creating level descriptor ...
 Building up the element and total list.
 Building level-wise fluid list ...
--------------------------------------------------------------------------------
 Communicating elements ...
Halo count exchange iteration: 1
 Starting all-to-all exchange of halo counts
Finished all-to-all exchanging number of elements
All to all cost: 0.425971E-01
  Finished counting valid procs and nElemsProcs.
   Done communicating nElems to Transfer
  Requesting remote halos on level 9
   Received requested halo elements successfully.
 Finished requesting remote halos
   Done requesting remote halos.
   Identifying lists
 Done exchanging number of elements to communicate.
Return halo counts and Redefine halos ...
  Returning halo counts on level 9
   Redefining halos ... 
   Done communicating stencil buffer
   Done communicating stencil buffer
   Done communicating stencil buffer
 Done with communication of elements. 
--------------------------------------------------------------------------------

--------------------------------------------------------------------------------
 Communicating elements ...
Halo count exchange iteration: 1
 Starting all-to-all exchange of halo counts
Finished all-to-all exchanging number of elements
All to all cost: 0.122760E-04
  Finished counting valid procs and nElemsProcs.
   Done communicating nElems to Transfer
  Requesting remote halos on level 9
   Received requested halo elements successfully.
 Finished requesting remote halos
   Done requesting remote halos.
   Identifying lists
 Done exchanging number of elements to communicate.
Return halo counts and Redefine halos ...
  Returning halo counts on level 9
   Redefining halos ... 
   Done communicating stencil buffer
   Done communicating stencil buffer
   Done communicating stencil buffer
 Done with communication of elements. 
--------------------------------------------------------------------------------

 Assembling total list ...
     Level: 9
    nElems: 29938
       fluid: 27639
gFromCoarser: 0
  gFromFiner: 0
        halo: 2299
 Updating dependencies ...
 Updating the stencil entries
  Updating entries in the element stencils...
 Finished building up element and total list. 
Build neighbor array for stencil: 1
 level:  9, nElems to treat: 29938
Build neighbor array for stencil: 2
 level:  9, nElems to treat: 179
--------------------------------------------------------------------------------

Try to remove solid from BC: outlet_02
 Removed 6 elements on level 9
Try to remove solid from BC: outlet_01
Try to remove solid from BC: outlet_03
Try to remove solid from BC: inlet
 Build vertical dep ...
 Total number of elements on Level: 9
   Fluid:   221109
 Global Elements information:
   nElems overall: 236883
   nElems ghost from finer: 0
   nElems ghost from coarser: 0
 
Start filling field BC neighbor list 
 Allocating PDF state, neighbor and bcBuffer array
 nSize of state array: 29940
 Building state array connectivity ...
 Done with state array connectivity.
Set halo elements comm links
Amount of message per proc: 21206
Communication amount compressed to [%]: 56.61

--------------------------------------------------------------------------------
Done initializing geometry. Took [s]      0.30
--------------------------------------------------------------------------------

 Simulation time homogenize:
  iterations:       167464
  simTime   :    4.0884765624999986E-003
  wallClock :   0.16833820999999999     
 Time control homogenize:
 +-------------------------------------------+
Iterations between trigger checks: 1
  - Min:
  iterations:       167464
 
  - Max:
  iterations:       173464
 
  - Interval:
  iterations:          100
 +-------------------------------------------+
Initialize fluid
  Set relaxation parameter from kinematic viscosity
Fluid properties:
  Reference density rho0:  1.0000000
  Kinematic viscosity STfun kind: const
Kinematic viscosity, (min, max) on level: 9
  Physical: ( 0.0000033, 0.0000033)
  Lattice: ( 1.9958496, 1.9958496)
  Kinematic omega (min,max):( 0.1541414, 0.1541414)
 viscBulk lattice and omega: 
  viscBulk:   1.3305664
  omegaBulk:  0.1541414
Magic lambda for TRT:  0.2500000
HRR sigma:  0.9800000
DRT tauN:  0.7000000
No nonNewtonian table defined.
--------------------------------------------------------------------------------
 Allocate gradient data ...
 Filling gradient data ...
--------------------------------------------------------------------------------
 Create subtree for all space time functions stored 
 in linked list of spacetime function
 Done creating subtree for   0 spacetime functions
--------------------------------------------------------------------------------
--------------------------------------------------------------------------------
 Initializing Source terms ...
 No active source terms
--------------------------------------------------------------------------------
 Initializing transport variables ...
 No active transport variables
  Pulling pdfs from neighbor elements before collision
 Initializing restart...
 Time control homogenize:
 +-------------------------------------------+
Iterations between trigger checks: 1
  - Min:
 
  - Max:
 
  - Interval:
 +-------------------------------------------+
 Initializing tracker...
--------------------------------------------------------------------------------
 Initialize tracking subTree to remove empty objects
--------------------------------------------------------------------------------
 Creating subTree for tracking object p
 Subtree encompasses all fluid elements
Found corresponding nElems: 221109
--------------------------------------------------------------------------------
 Creating subTree for tracking object u
 Subtree encompasses all fluid elements
Found corresponding nElems: 221109
--------------------------------------------------------------------------------
 Time control homogenize:
 +-------------------------------------------+
Iterations between trigger checks: 1
  - Min:
  iterations:       167464
 
  - Max:
  iterations:       173464
 
  - Interval:
  iterations:          100
 +-------------------------------------------+
 Time control homogenize:
 +-------------------------------------------+
Iterations between trigger checks: 1
  - Min:
  iterations:       167464
 
  - Max:
  iterations:       173464
 
  - Interval:
  iterations:          100
 +-------------------------------------------+
--------------------------------------------------------------------------------
 Initialize tracking objects
--------------------------------------------------------------------------------
Track object: 1, label: p
 Initializing reduction ...
Track object: 2, label: u
 Initializing reduction ...
 Auxiliary field halo communication DEACTIVATED.
 Initializing convergence...
 Time control homogenize:
 +-------------------------------------------+
Iterations between trigger checks: 1
  - Min:
  iterations:            0
 
  - Max:
  iterations:       173464
 
  - Interval:
  iterations:          100
 +-------------------------------------------+
--------------------------------------------------------------------------------
 Setting up the convergence infrastructure
 Subtree encompasses all fluid elements
Found corresponding nElems: 221109
--------------------------------------------------------------------------------
 Initializing reduction ...
--------------------------------------------------------------------------------
Initialize BndForce
 Initializing IBM surface data
--------------------------------------------------------------------------------

 Reading restart...
  Open read... 
  Closed Read.
 Done reading restart.
 Initialize compute kernel for scheme kind: fluid
 Choosing fluid relaxation model: bgk for layout d3q19
 mus_load_particles: no particle table found
Initialize 5 boundary conditions
 Initializing BC: wall
 Initializing BC: outlet_02
 Initializing BC: outlet_01
 Initializing BC: outlet_03
 Initializing BC: inlet
--------------------------------------------------------------------------------
 Starting Musubi MAIN loop with time control:
 +-------------------------------------------+
Iterations between trigger checks: 1
  - Min:
  iterations:       167464
 
  - Max:
  iterations:       173464
 
  - Interval:
  iterations:          100
 +-------------------------------------------+
Select fast single level control routine.
Particulate flow simulations disabled!
--------------------------------------------------------------------------------
  iterations:       167464
  simTime   :    4.0884765624999986E-003
  wallClock :   0.16833820999999999     
      field |       total density
          1 |  221.6692386118E+03

  iterations:       167564
  simTime   :    4.0909179687499929E-003
  wallClock :    3.4368087859999998     
      field |       total density
          1 |  221.6692690658E+03

  iterations:       167664
  simTime   :    4.0933593749999872E-003
  wallClock :    5.3336555890000001     
      field |       total density
          1 |  221.6692994517E+03

  iterations:       167764
  simTime   :    4.0958007812499815E-003
  wallClock :    7.2939588039999999     
      field |       total density
          1 |  221.6693297696E+03

  iterations:       167864
  simTime   :    4.0982421874999758E-003
  wallClock :    9.2615504929999997     
      field |       total density
          1 |  221.6693600197E+03

  iterations:       167964
  simTime   :    4.1006835937499701E-003
  wallClock :    11.287998264000001     
      field |       total density
          1 |  221.6693902021E+03

  iterations:       168064
  simTime   :    4.1031249999999644E-003
  wallClock :    13.365932356000000     
      field |       total density
          1 |  221.6694203170E+03

  iterations:       168164
  simTime   :    4.1055664062499587E-003
  wallClock :    15.254130255000000     
      field |       total density
          1 |  221.6694503646E+03

  iterations:       168264
  simTime   :    4.1080078124999531E-003
  wallClock :    17.238929957000000     
      field |       total density
          1 |  221.6694803449E+03

  iterations:       168364
  simTime   :    4.1104492187499474E-003
  wallClock :    19.208123827000001     
      field |       total density
          1 |  221.6695102582E+03

  iterations:       168464
  simTime   :    4.1128906249999417E-003
  wallClock :    21.105110754999998     
      field |       total density
          1 |  221.6695401045E+03

  iterations:       168564
  simTime   :    4.1153320312499360E-003
  wallClock :    23.104205767000000     
      field |       total density
          1 |  221.6695698841E+03

  iterations:       168664
  simTime   :    4.1177734374999303E-003
  wallClock :    24.990806138000000     
      field |       total density
          1 |  221.6695995971E+03

  iterations:       168764
  simTime   :    4.1202148437499246E-003
  wallClock :    26.931819996000002     
      field |       total density
          1 |  221.6696292436E+03

  iterations:       168864
  simTime   :    4.1226562499999189E-003
  wallClock :    28.988742620000000     
      field |       total density
          1 |  221.6696588237E+03

  iterations:       168964
  simTime   :    4.1250976562499132E-003
  wallClock :    30.873814488000001     
      field |       total density
          1 |  221.6696883377E+03

  iterations:       169064
  simTime   :    4.1275390624999075E-003
  wallClock :    32.900569943000001     
      field |       total density
          1 |  221.6697177857E+03

  iterations:       169164
  simTime   :    4.1299804687499019E-003
  wallClock :    34.887470149000002     
      field |       total density
          1 |  221.6697471678E+03

  iterations:       169264
  simTime   :    4.1324218749998962E-003
  wallClock :    36.856350444999997     
      field |       total density
          1 |  221.6697764841E+03

  iterations:       169364
  simTime   :    4.1348632812498905E-003
  wallClock :    38.822896835999998     
      field |       total density
          1 |  221.6698057349E+03

  iterations:       169464
  simTime   :    4.1373046874998848E-003
  wallClock :    40.847724473000000     
      field |       total density
          1 |  221.6698349202E+03

  iterations:       169564
  simTime   :    4.1397460937498791E-003
  wallClock :    42.701328965999998     
      field |       total density
          1 |  221.6698640402E+03

  iterations:       169664
  simTime   :    4.1421874999998734E-003
  wallClock :    44.665565805999996     
      field |       total density
          1 |  221.6698930950E+03

  iterations:       169764
  simTime   :    4.1446289062498677E-003
  wallClock :    46.680949976000001     
      field |       total density
          1 |  221.6699220849E+03

  iterations:       169864
  simTime   :    4.1470703124998620E-003
  wallClock :    48.630583002000002     
      field |       total density
          1 |  221.6699510099E+03

  iterations:       169964
  simTime   :    4.1495117187498563E-003
  wallClock :    50.608006144999997     
      field |       total density
          1 |  221.6699798701E+03

  iterations:       170064
  simTime   :    4.1519531249998506E-003
  wallClock :    52.487589466000003     
      field |       total density
          1 |  221.6700086658E+03

  iterations:       170164
  simTime   :    4.1543945312498450E-003
  wallClock :    54.436952345999998     
      field |       total density
          1 |  221.6700373971E+03

  iterations:       170264
  simTime   :    4.1568359374998393E-003
  wallClock :    56.443630859999999     
      field |       total density
          1 |  221.6700660641E+03

  iterations:       170364
  simTime   :    4.1592773437498336E-003
  wallClock :    58.450607507999997     
      field |       total density
          1 |  221.6700946669E+03

  iterations:       170464
  simTime   :    4.1617187499998279E-003
  wallClock :    60.742590354000001     
      field |       total density
          1 |  221.6701232057E+03

  iterations:       170564
  simTime   :    4.1641601562498222E-003
  wallClock :    63.105772887000001     
      field |       total density
          1 |  221.6701516807E+03

  iterations:       170664
  simTime   :    4.1666015624998165E-003
  wallClock :    65.487142845999998     
      field |       total density
          1 |  221.6701800919E+03

  iterations:       170764
  simTime   :    4.1690429687498108E-003
  wallClock :    67.821962658999993     
      field |       total density
          1 |  221.6702084396E+03

  iterations:       170864
  simTime   :    4.1714843749998051E-003
  wallClock :    70.444456607000006     
      field |       total density
          1 |  221.6702367238E+03

  iterations:       170964
  simTime   :    4.1739257812497994E-003
  wallClock :    72.959560683000007     
      field |       total density
          1 |  221.6702649447E+03

  iterations:       171064
  simTime   :    4.1763671874997937E-003
  wallClock :    75.536814148999994     
      field |       total density
          1 |  221.6702931025E+03

  iterations:       171164
  simTime   :    4.1788085937497881E-003
  wallClock :    78.043849793000007     
      field |       total density
          1 |  221.6703211972E+03

  iterations:       171264
  simTime   :    4.1812499999997824E-003
  wallClock :    80.583508519999995     
      field |       total density
          1 |  221.6703492291E+03

  iterations:       171364
  simTime   :    4.1836914062497767E-003
  wallClock :    82.853364377999995     
      field |       total density
          1 |  221.6703771983E+03

  iterations:       171464
  simTime   :    4.1861328124997710E-003
  wallClock :    85.330228609000002     
      field |       total density
          1 |  221.6704051049E+03

  iterations:       171564
  simTime   :    4.1885742187497653E-003
  wallClock :    87.659353189000001     
      field |       total density
          1 |  221.6704329490E+03

  iterations:       171664
  simTime   :    4.1910156249997596E-003
  wallClock :    90.094472541000002     
      field |       total density
          1 |  221.6704607308E+03

  iterations:       171764
  simTime   :    4.1934570312497539E-003
  wallClock :    92.489737618999996     
      field |       total density
          1 |  221.6704884504E+03

  iterations:       171864
  simTime   :    4.1958984374997482E-003
  wallClock :    95.111118176000005     
      field |       total density
          1 |  221.6705161079E+03

  iterations:       171964
  simTime   :    4.1983398437497425E-003
  wallClock :    97.515855545999997     
      field |       total density
          1 |  221.6705437036E+03

  iterations:       172064
  simTime   :    4.2007812499997368E-003
  wallClock :    99.967760749999997     
      field |       total density
          1 |  221.6705712375E+03

  iterations:       172164
  simTime   :    4.2032226562497312E-003
  wallClock :    102.27982624500000     
      field |       total density
          1 |  221.6705987098E+03

  iterations:       172264
  simTime   :    4.2056640624997255E-003
  wallClock :    104.79667370999999     
      field |       total density
          1 |  221.6706261206E+03

  iterations:       172364
  simTime   :    4.2081054687497198E-003
  wallClock :    107.16554658900000     
      field |       total density
          1 |  221.6706534701E+03

  iterations:       172464
  simTime   :    4.2105468749997141E-003
  wallClock :    109.55609815699999     
      field |       total density
          1 |  221.6706807583E+03

  iterations:       172564
  simTime   :    4.2129882812497084E-003
  wallClock :    111.83431330000001     
      field |       total density
          1 |  221.6707079854E+03

  iterations:       172664
  simTime   :    4.2154296874997027E-003
  wallClock :    114.32818827900000     
      field |       total density
          1 |  221.6707351517E+03

  iterations:       172764
  simTime   :    4.2178710937496970E-003
  wallClock :    116.68627967099999     
      field |       total density
          1 |  221.6707622571E+03

  iterations:       172864
  simTime   :    4.2203124999996913E-003
  wallClock :    119.14156976800000     
      field |       total density
          1 |  221.6707893018E+03

  iterations:       172964
  simTime   :    4.2227539062496856E-003
  wallClock :    121.39372903800000     
      field |       total density
          1 |  221.6708162860E+03

  iterations:       173064
  simTime   :    4.2251953124996799E-003
  wallClock :    123.90970505200001     
      field |       total density
          1 |  221.6708432098E+03

  iterations:       173164
  simTime   :    4.2276367187496743E-003
  wallClock :    126.30970872899999     
      field |       total density
          1 |  221.6708700733E+03

  iterations:       173264
  simTime   :    4.2300781249996686E-003
  wallClock :    128.91158231899999     
      field |       total density
          1 |  221.6708968767E+03

  iterations:       173364
  simTime   :    4.2325195312496629E-003
  wallClock :    131.39041190300000     
      field |       total density
          1 |  221.6709236201E+03

  iterations:       173464
  simTime   :    4.2349609374996572E-003
  wallClock :    133.86478426100001     
      field |       total density
          1 |  221.6709503036E+03


SUCCESSFUL run!
 Status of the simulation now:
 +--------------------------------------------+
 STATUS:
  * Status Interval is reached
  * Reached maximal number of iterations
 +--------------------------------------------+

  iterations:       173464
  simTime   :    4.2349609374996572E-003
  wallClock :    133.86478426100001     
      field |       total density
          1 |  221.6709503036E+03

 Writing restart at final time:
  iterations:       173464
  simTime   :    4.2349609374996572E-003
  wallClock :    133.86478426100001     
 Done writing
--------------------------------------------------------------------------------
 Load balance evaluation:
  max CPU cost:    123.67 (s)
  ave CPU cost:    117.83 (s)
 imbalance (i.e. max/ave):    104.95%
--------------------------------------------------------------------------------
--------------------------------------------------------------------------------
Boundary timing information:
        wall, min time:    17.49, max time:    30.70
   outlet_02, min time:     0.13, max time:     1.40
   outlet_01, min time:     0.03, max time:     1.39
   outlet_03, min time:     0.03, max time:     1.18
       inlet, min time:     0.03, max time:     0.67
--------------------------------------------------------------------------------
Name:	musubi
Umask:	0022
State:	R (running)
Tgid:	507
Ngid:	0
Pid:	507
PPid:	498
TracerPid:	0
Uid:	1000	1000	1000	1000
Gid:	1000	1000	1000	1000
FDSize:	64
Groups:	4 24 27 30 46 100 1000 1001
NStgid:	507
NSpid:	507
NSpgid:	507
NSsid:	498
Kthread:	0
VmPeak:	  435664 kB
VmSize:	  402880 kB
VmLck:	       0 kB
VmPin:	       0 kB
VmHWM:	  106460 kB
VmRSS:	   73848 kB
RssAnon:	   58488 kB
RssFile:	   14400 kB
RssShmem:	     960 kB
VmData:	   76732 kB
VmStk:	     176 kB
VmExe:	    6044 kB
VmLib:	   10156 kB
VmPTE:	     320 kB
VmSwap:	       0 kB
HugetlbPages:	       0 kB
CoreDumping:	0
THP_enabled:	1
untag_mask:	0xffffffffffffffff
Threads:	4
SigQ:	1/31177
SigPnd:	0000000000000000
ShdPnd:	0000000000000000
SigBlk:	0000000000000000
SigIgn:	0000000000000000
SigCgt:	00000001418004fc
CapInh:	0000000000000000
CapPrm:	0000000000000000
CapEff:	0000000000000000
CapBnd:	000001ffffffffff
CapAmb:	0000000000000000
NoNewPrivs:	0
Seccomp:	2
Seccomp_filters:	1
Speculation_Store_Bypass:	thread vulnerable
SpeculationIndirectBranch:	conditional enabled
Cpus_allowed:	ffffff
Cpus_allowed_list:	0-23
Mems_allowed:	00000000,00000000,00000000,00000000,00000000,00000000,00000000,00000000,00000000,00000000,00000000,00000000,000000
Mems_allowed_list:	0
voluntary_ctxt_switches:	14543
nonvoluntary_ctxt_switches:	59

 Done with Musubi in     134.36 s
