-- The C compiler identification is GNU 13.3.0
-- The CXX compiler identification is GNU 13.3.0
-- Detecting C compiler ABI info
-- Detecting C compiler ABI info - done
-- Check for working C compiler: /usr/bin/gcc - skipped
-- Detecting C compile features
-- Detecting C compile features - done
-- Detecting CXX compiler ABI info
-- Detecting CXX compiler ABI info - done
-- Check for working CXX compiler: /usr/bin/g++ - skipped
-- Detecting CXX compile features
-- Detecting CXX compile features - done
-- Found MPI_C: /usr/lib/x86_64-linux-gnu/openmpi/lib/libmpi.so (found version "3.1") 
-- Found MPI_CXX: /usr/lib/x86_64-linux-gnu/openmpi/lib/libmpi_cxx.so (found version "3.1") 
-- Found MPI: TRUE (found version "3.1")  
-- Found HDF5: /usr/lib/x86_64-linux-gnu/hdf5/openmpi/libhdf5.so;/usr/lib/x86_64-linux-gnu/libcrypto.so;/usr/lib/x86_64-linux-gnu/libcurl.so;/usr/lib/x86_64-linux-gnu/libsz.so;/usr/lib/x86_64-linux-gnu/libz.so;/usr/lib/x86_64-linux-gnu/libdl.a;/usr/lib/x86_64-linux-gnu/libm.so (found version "1.10.10") found components: C HL 
-- Configuring done (24.4s)
-- Generating done (0.0s)
-- Build files have been written to: /home/lzy/projects/hemocell_starter/build/benchmark
[ 50%] Building CXX object CMakeFiles/pure_fluid_benchmark.dir/benchmark.cpp.o
/home/lzy/projects/hemocell_starter/cases/pure_fluid_benchmark/benchmark.cpp: In lambda function:
/home/lzy/projects/hemocell_starter/cases/pure_fluid_benchmark/benchmark.cpp:93:74: error: ‘class plb::Cell<double, plb::descriptors::ForcedD3Q19Descriptor>’ has no member named ‘computeMomentum’; did you mean ‘computeMoment’?
   93 |    int j=y*bins/N;plb::Array<T,3>u,momentum;cell.computeVelocity(u);cell.computeMomentum(momentum);
      |                                                                          ^~~~~~~~~~~~~~~
      |                                                                          computeMoment
gmake[3]: *** [CMakeFiles/pure_fluid_benchmark.dir/build.make:76: CMakeFiles/pure_fluid_benchmark.dir/benchmark.cpp.o] Error 1
gmake[2]: *** [CMakeFiles/Makefile2:83: CMakeFiles/pure_fluid_benchmark.dir/all] Error 2
gmake[1]: *** [CMakeFiles/Makefile2:90: CMakeFiles/pure_fluid_benchmark.dir/rule] Error 2
gmake: *** [Makefile:124: pure_fluid_benchmark] Error 2
