-- The CXX compiler identification is GNU 13.3.0
-- The C compiler identification is GNU 13.3.0
-- Detecting CXX compiler ABI info
-- Detecting CXX compiler ABI info - done
-- Check for working CXX compiler: /usr/bin/g++ - skipped
-- Detecting CXX compile features
-- Detecting CXX compile features - done
-- Detecting C compiler ABI info
-- Detecting C compiler ABI info - done
-- Check for working C compiler: /usr/bin/gcc - skipped
-- Detecting C compile features
-- Detecting C compile features - done
-- HEMOCELL_DIR: .
-- PALABOS_DIR : ./palabos
-- parmetis: PARMETIS_INCLUDE_DIR-NOTFOUND
-- parmetis: PARMETIS_LIBRARY-NOTFOUND
-- metis: METIS_INCLUDE_DIR-NOTFOUND
-- metis: METIS_LIBRARY-NOTFOUND
-- Found MPI_C: /usr/lib/x86_64-linux-gnu/openmpi/lib/libmpi.so (found version "3.1") 
-- Found MPI_CXX: /usr/lib/x86_64-linux-gnu/openmpi/lib/libmpi_cxx.so (found version "3.1") 
-- Found MPI: TRUE (found version "3.1")  
-- Found HDF5: /usr/lib/x86_64-linux-gnu/hdf5/openmpi/libhdf5.so;/usr/lib/x86_64-linux-gnu/libcrypto.so;/usr/lib/x86_64-linux-gnu/libcurl.so;/usr/lib/x86_64-linux-gnu/libsz.so;/usr/lib/x86_64-linux-gnu/libz.so;/usr/lib/x86_64-linux-gnu/libdl.a;/usr/lib/x86_64-linux-gnu/libm.so (found version "1.10.10") found components: C HL 
-- Compiler: /usr/bin/mpicxx.openmpi, GNU, 13.3.0.
-- Configuring done (19.6s)
CMake Warning (dev) at examples/capillary/CMakeLists.txt:10 (add_executable):
  Policy CMP0115 is not set: Source file extensions must be explicit.  Run
  "cmake --help-policy CMP0115" for policy details.  Use the cmake_policy
  command to set the policy and suppress this warning.

  File:

    /home/lzy/projects/hemocell_starter/vendor/HemoCell/examples/capillary/bifurcation.cpp
This warning is for project developers.  Use -Wno-dev to suppress it.

CMake Warning (dev) at examples/capillary/CMakeLists.txt:10 (add_executable):
  Policy CMP0115 is not set: Source file extensions must be explicit.  Run
  "cmake --help-policy CMP0115" for policy details.  Use the cmake_policy
  command to set the policy and suppress this warning.

  File:

    /home/lzy/projects/hemocell_starter/vendor/HemoCell/examples/capillary/wedge.cpp
This warning is for project developers.  Use -Wno-dev to suppress it.

-- Generating done (0.1s)
-- Build files have been written to: /home/lzy/projects/hemocell_starter/build/upstream
