patching file src/atomicBlock/atomicBlock3D.h
patching file src/atomicBlock/blockLattice3D.h
patching file src/atomicBlock/blockLattice3D.hh
patching file src/basicDynamics/dynamicsProcessor3D.hh
patching file src/core/cell.h
patching file src/core/dynamics.h
patching file src/core/globalDefs.h
patching file src/core/plbInit.cpp
patching file src/dataProcessors/dataAnalysisFunctional3D.hh
patching file src/dataProcessors/dataInitializerFunctional2D.h
patching file src/dataProcessors/dataInitializerFunctional3D.h
patching file src/latticeBoltzmann/latticeTemplates.h
patching file src/latticeBoltzmann/latticeTemplates3D.h
patching file src/multiBlock/localMultiBlockInfo3D.cpp
patching file src/multiBlock/localMultiBlockInfo3D.h
patching file src/multiBlock/multiBlock3D.cpp
patching file src/multiBlock/multiBlock3D.h
patching file src/multiBlock/multiBlockManagement3D.cpp
patching file src/multiBlock/multiDataField3D.hh
patching file src/multiBlock/sparseBlockStructure3D.cpp
patching file src/multiBlock/sparseBlockStructure3D.h
patching file src/multiGrid/multiGridParameterManager.hh
patching file src/parallelism/parallelBlockCommunicator3D.cpp
patching file src/parallelism/parallelBlockCommunicator3D.h
patching file src/parallelism/sendRecvPool.cpp
patching file src/parallelism/sendRecvPool.h
patching file src/particles/particleField3D.h
patching file src/particles/particleField3D.hh
patching file src/particles/particleProcessingFunctional3D.h
