checking file src/atomicBlock/atomicBlock3D.h
checking file src/atomicBlock/blockLattice3D.h
checking file src/atomicBlock/blockLattice3D.hh
checking file src/basicDynamics/dynamicsProcessor3D.hh
checking file src/core/cell.h
checking file src/core/dynamics.h
checking file src/core/globalDefs.h
checking file src/core/plbInit.cpp
checking file src/dataProcessors/dataAnalysisFunctional3D.hh
checking file src/dataProcessors/dataInitializerFunctional2D.h
checking file src/dataProcessors/dataInitializerFunctional3D.h
checking file src/latticeBoltzmann/latticeTemplates.h
checking file src/latticeBoltzmann/latticeTemplates3D.h
checking file src/multiBlock/localMultiBlockInfo3D.cpp
checking file src/multiBlock/localMultiBlockInfo3D.h
checking file src/multiBlock/multiBlock3D.cpp
checking file src/multiBlock/multiBlock3D.h
checking file src/multiBlock/multiBlockManagement3D.cpp
checking file src/multiBlock/multiDataField3D.hh
checking file src/multiBlock/sparseBlockStructure3D.cpp
checking file src/multiBlock/sparseBlockStructure3D.h
checking file src/multiGrid/multiGridParameterManager.hh
checking file src/parallelism/parallelBlockCommunicator3D.cpp
checking file src/parallelism/parallelBlockCommunicator3D.h
checking file src/parallelism/sendRecvPool.cpp
checking file src/parallelism/sendRecvPool.h
checking file src/particles/particleField3D.h
checking file src/particles/particleField3D.hh
checking file src/particles/particleProcessingFunctional3D.h
