Breakpoint 1 at 0x174f30
warning: Error disabling address space randomization: Operation not permitted
[Thread debugging using libthread_db enabled]
Using host libthread_db library "/usr/lib/x86_64-linux-gnu/libthread_db.so.1".
[New Thread 0x7ffb6c333000 (LWP 604687)]
[New Thread 0x7ffb6b944000 (LWP 604688)]
[Detaching after vfork from child process 604689]
-----------------------------------------------------------------------------------
 Eq      N-i            T    dB      Ri/R1      Ri/R0       R/Ri    lsIt   dB   %t
-----------------------------------------------------------------------------------
[New Thread 0x7ffb6a5e8000 (LWP 604693)]
 <PETSC_INITIALIZE>: use linear solver config. from svFSI input.
TH_RUNTIME mesh_eNoN=10 nFs=2 mesh_eType=110 velocity_eNoN=10 pressure_eNoN=4 velocity_eType=110 pressure_eType=109 vmsStab=0 option=1
[New Thread 0x7ffb68bc6000 (LWP 604710)]
[New Thread 0x7ffb620af000 (LWP 604711)]
[New Thread 0x7ffb6093f000 (LWP 604712)]
Mat Object: 1 MPI process
  type: preallocator
  rows=2139916, cols=2139916, bs=4
Mat Object: 1 MPI process
  type: seqaijcusparse
  rows=2139916, cols=2139916, bs=4
  total: nonzeros=235823344, allocated nonzeros=235823344
  total number of mallocs used during MatSetValues calls=0
    not using I-node routines
Vec Object: 1 MPI process
  type: seqcuda
  length=2139916, bs=4
Mat Object: 1 MPI process
  type: seqaijcusparse
  rows=2139916, cols=2139916, bs=4
  total: nonzeros=235823344, allocated nonzeros=235823344
  total number of mallocs used during MatSetValues calls=0
    not using I-node routines
Mat Object: 1 MPI process
  type: seqaijcusparse
  rows=2139916, cols=2139916, bs=4
  total: nonzeros=235823344, allocated nonzeros=235823344
  total number of mallocs used during MatSetValues calls=0
    not using I-node routines
SV13Q_BEGIN logical=1 attempt=0 step=1 equation=0 policy=RA reuse=0 age=0 ref=0 rebuild_reason=FIRST_SOLVE builds=1 attempts=1 ksp=0x561b7ce90900 pc=0x561b7ce75ad0
Mat Object: 1 MPI process
  type: seqaijcusparse
  rows=2139916, cols=2139916, bs=4
  total: nonzeros=235823344, allocated nonzeros=235823344
  total number of mallocs used during MatSetValues calls=0
    not using I-node routines
  0 KSP unpreconditioned resid norm 8.609957980237e-02 true resid norm 8.609957980237e-02 ||r(i)||/||b|| 1.000000000000e+00
  1 KSP unpreconditioned resid norm 1.686708579887e-02 true resid norm 1.686708579887e-02 ||r(i)||/||b|| 1.959020687160e-01
  2 KSP unpreconditioned resid norm 4.414387031686e-03 true resid norm 4.414387031686e-03 ||r(i)||/||b|| 5.127071516282e-02
  3 KSP unpreconditioned resid norm 1.076547095329e-03 true resid norm 1.076547095329e-03 ||r(i)||/||b|| 1.250351160598e-02
  4 KSP unpreconditioned resid norm 2.395439916245e-04 true resid norm 2.395439916245e-04 ||r(i)||/||b|| 2.782173759435e-03
  5 KSP unpreconditioned resid norm 5.981845838744e-05 true resid norm 5.981845838745e-05 ||r(i)||/||b|| 6.947590049191e-04
  6 KSP unpreconditioned resid norm 1.358508511745e-05 true resid norm 1.358508511745e-05 ||r(i)||/||b|| 1.577834078707e-04
  7 KSP unpreconditioned resid norm 3.205331012316e-06 true resid norm 3.205331012318e-06 ||r(i)||/||b|| 3.722818415230e-05
  8 KSP unpreconditioned resid norm 7.807587369555e-07 true resid norm 7.807587369576e-07 ||r(i)||/||b|| 9.068089980807e-06
  9 KSP unpreconditioned resid norm 2.079144988979e-07 true resid norm 2.079144988983e-07 ||r(i)||/||b|| 2.414814327498e-06
 10 KSP unpreconditioned resid norm 5.502930130840e-08 true resid norm 5.502930130616e-08 ||r(i)||/||b|| 6.391355385528e-07
 11 KSP unpreconditioned resid norm 1.388636735507e-08 true resid norm 1.388636735379e-08 ||r(i)||/||b|| 1.612826379137e-07
 12 KSP unpreconditioned resid norm 3.587809448445e-09 true resid norm 3.587809447984e-09 ||r(i)||/||b|| 4.167046408611e-08
 13 KSP unpreconditioned resid norm 8.051343650109e-10 true resid norm 8.051343657584e-10 ||r(i)||/||b|| 9.351199710922e-09
 14 KSP unpreconditioned resid norm 1.852640287413e-10 true resid norm 1.852640306131e-10 ||r(i)||/||b|| 2.151741402669e-09
 15 KSP unpreconditioned resid norm 4.277123731157e-11 true resid norm 4.277123728187e-11 ||r(i)||/||b|| 4.967647621516e-10
 16 KSP unpreconditioned resid norm 1.211311352256e-11 true resid norm 1.211311665060e-11 ||r(i)||/||b|| 1.406872911390e-10
 17 KSP unpreconditioned resid norm 3.784367404870e-12 true resid norm 3.784370003369e-12 ||r(i)||/||b|| 4.395340850739e-11
  Linear solve converged due to CONVERGED_RTOL iterations 17
Mat Object: 1 MPI process
  type: seqaijcusparse
  rows=2139916, cols=2139916, bs=4
  total: nonzeros=235823344, allocated nonzeros=235823344
  total number of mallocs used during MatSetValues calls=0
    not using I-node routines
Vec Object: 1 MPI process
  type: seqcuda
  length=2139916, bs=4
Vec Object: 1 MPI process
  type: seqcuda
  length=2139916, bs=4
KSP Object: 1 MPI process
  type: gmres
    restart=100, using classical (unmodified) Gram-Schmidt orthogonalization with no iterative refinement
    happy breakdown tolerance=1e-30
  maximum iterations=2000, initial guess is zero
  tolerances: relative=1e-10, absolute=1e-24, divergence=10000.
  right preconditioning
  diagonally scaled system
  using UNPRECONDITIONED norm type for convergence test
PC Object: 1 MPI process
  type: asm
    total subdomain blocks = 1, amount of overlap = 2
    restriction/interpolation type - RESTRICT
    Local solver information for first block is in the following KSP and PC objects on rank 0:
    Use -ksp_view ::ascii_info_detail to display information for all blocks
    KSP Object: (sub_) 1 MPI process
      type: preonly
      maximum iterations=10000, initial guess is zero
      tolerances: relative=1e-05, absolute=1e-50, divergence=10000.
      left preconditioning
      not checking for convergence
    PC Object: (sub_) 1 MPI process
      type: ilu
        out-of-place factorization
        1 level of fill
        tolerance for zero pivot 2.22045e-14
        using diagonal shift on blocks to prevent zero pivot [INBLOCKS]
        matrix ordering: rcm
        factor fill ratio given 1., needed 2.22337
          Factored matrix:
            Mat Object: (sub_) 1 MPI process
              type: seqaijcusparse
              rows=2139916, cols=2139916, bs=4
              package used to perform factorization: cusparse
              total: nonzeros=524322192, allocated nonzeros=524322192
                using I-node routines: found 534979 nodes, limit used is 5
      linear system matrix, which is also used to construct the preconditioner:
      Mat Object: (sub_) 1 MPI process
        type: seqaijcusparse
        rows=2139916, cols=2139916, bs=4
        total: nonzeros=235823344, allocated nonzeros=235823344
        total number of mallocs used during MatSetValues calls=0
          not using I-node routines
  linear system matrix, which is also used to construct the preconditioner:
  Mat Object: 1 MPI process
    type: seqaijcusparse
    rows=2139916, cols=2139916, bs=4
    total: nonzeros=235823344, allocated nonzeros=235823344
    total number of mallocs used during MatSetValues calls=0
      not using I-node routines
SV13Q_END logical=1 attempt=0 step=1 reason=2 iterations=17 healthy=1 ref=17 ratio=1 pending=0 recovery=NONE
 NS      1-1s   1.573e+02 [   0  1.000e+00  1.000e+00  4.395e-11] [   17 -238   76]
[Detaching after vfork from child process 604834]
#PETSc Option Table entries:
-ksp_atol 1e-24 # (source: environment)
-ksp_converged_reason # (source: environment)
-ksp_diagonal_scale # (source: environment)
-ksp_diagonal_scale_fix # (source: environment)
-ksp_gmres_restart 100 # (source: environment)
-ksp_max_it 2000 # (source: environment)
-ksp_monitor_true_residual # (source: environment)
-ksp_norm_type unpreconditioned # (source: environment)
-ksp_pc_side right # (source: environment)
-ksp_rtol 1e-10 # (source: environment)
-ksp_type gmres # (source: environment)
-ksp_view # (source: environment)
-ksp_view_mat ::ascii_info # (source: environment)
-ksp_view_rhs ::ascii_info # (source: environment)
-ksp_view_solution ::ascii_info # (source: environment)
-log_view :petsc_profile.txt # (source: environment)
-log_view_gpu_time # (source: environment)
-mat_type aijcusparse # (source: environment)
-mat_view ::ascii_info # (source: environment)
-options_left # (source: environment)
-options_view # (source: environment)
-pc_asm_overlap 2 # (source: environment)
-pc_type asm # (source: environment)
-skip_petscrc # (source: environment)
-sub_ksp_type preonly # (source: environment)
-sub_pc_factor_levels 1 # (source: environment)
-sub_pc_factor_mat_ordering_type rcm # (source: environment)
-sub_pc_factor_shift_amount 1e-6 # (source: environment)
-sub_pc_factor_shift_type nonzero # (source: environment)
-sub_pc_type ilu # (source: environment)
-sv_pc_adaptive_rebuild true # (source: environment)
-use_gpu_aware_mpi 0 # (source: environment)
-vec_type cuda # (source: environment)
-vec_view ::ascii_info # (source: environment)
#End of PETSc Option Table entries
WARNING! There are options you set that were not used!
WARNING! could be spelling mistake, etc!
There is one unused database option. It is:
Option left: name:-skip_petscrc (no value) source: environment
[Thread 0x7ffb6b944000 (LWP 604688) exited]
[Thread 0x7ffb6c333000 (LWP 604687) exited]
[Thread 0x7ffb6093f000 (LWP 604712) exited]
[Thread 0x7ffb620af000 (LWP 604711) exited]
[Thread 0x7ffb68bc6000 (LWP 604710) exited]
[Thread 0x7ffb6a5e8000 (LWP 604693) exited]
[Inferior 1 (process 604684) exited normally]
