Directory ownership check passed
.d..t...... configs/
<f+++++++++ configs/meshing.json
<f+++++++++ configs/stage01_source_lock.json
.d..t...... inputs/
cd+++++++++ inputs/stage01/
<f+++++++++ inputs/stage01/source_contract.json
<f+++++++++ inputs/stage01/surface_adapter.json
<f+++++++++ inputs/stage01/tagged_surface_si.npz
<f.st...... remote/source_manifest.json
.d..t...... scripts/
<f+++++++++ scripts/mesh_stage01.py
<f+++++++++ scripts/prepare_stage01_surface.py
<f.st...... scripts/record_run.py
<f.st...... scripts/remote_control.py
.d..t...... src/fem3d/
<f+++++++++ src/fem3d/mesh_input.py
.d..t...... tests/
<f+++++++++ tests/test_stage01_source_contract.py
<f+++++++++ tests/test_stage01_vertex_welding.py
