ORIENTATION SEARCH START
ORIENTATION SEARCH END 201 candidates
BAMBU SLICE START orientation_candidate_01
BAMBU SLICE END orientation_candidate_01 BAMBU_SLICED
BAMBU SLICE START orientation_candidate_02
BAMBU SLICE END orientation_candidate_02 BAMBU_SLICED
BAMBU SLICE START orientation_candidate_03
BAMBU SLICE END orientation_candidate_03 BAMBU_SLICED
BAMBU SLICE START orientation_candidate_04
BAMBU SLICE END orientation_candidate_04 BAMBU_SLICED
BAMBU SLICE START orientation_candidate_05
BAMBU SLICE END orientation_candidate_05 BAMBU_SLICED
Traceback (most recent call last):
  File "/home/lzy/projects/ulm_3D_vascular/tools/manufacture_bg001_rmca.py", line 138, in <module>
    main()
    ~~~~^^
  File "/home/lzy/projects/ulm_3D_vascular/tools/manufacture_bg001_rmca.py", line 134, in main
    finish(output)
    ~~~~~~^^^^^^^^
  File "/home/lzy/projects/ulm_3D_vascular/vascular_processing/manufacturing_finish.py", line 129, in finish
    write_figures(output/'QC',m,core,original,compgraph,surface)
    ~~~~~~~~~~~~~^^^^^^^^^^^^^^^^^^^^^^^^^^^^^^^^^^^^^^^^^^^^^^^
  File "/home/lzy/projects/ulm_3D_vascular/vascular_processing/manufacturing_qc.py", line 75, in write_figures
    centerline_figure(output/'01_semantic_core.png',core,nodes,'Immutable anatomical / semantic MeVO core')
    ~~~~~~~~~~~~~~~~~^^^^^^^^^^^^^^^^^^^^^^^^^^^^^^^^^^^^^^^^^^^^^^^^^^^^^^^^^^^^^^^^^^^^^^^^^^^^^^^^^^^^^^
  File "/home/lzy/projects/ulm_3D_vascular/vascular_processing/manufacturing_qc.py", line 21, in centerline_figure
    ax.add_collection3d(Line3DCollection(segments,colors=color,linewidths=2))
    ~~~~~~~~~~~~~~~~~~~^^^^^^^^^^^^^^^^^^^^^^^^^^^^^^^^^^^^^^^^^^^^^^^^^^^^^^
  File "/home/lzy/projects/formal_3D_flow_solver/FEM_SimVascular/.venv/lib/python3.13/site-packages/mpl_toolkits/mplot3d/axes3d.py", line 3152, in add_collection3d
    all_points = np.concatenate(col._segments3d)
ValueError: need at least one array to concatenate
