 Starting up Seeder with nprocs:            1
                                              
                               _              
             ___  ___  ___  __| | ___ _ __    
            / __|/ _ \/ _ \/ _` |/ _ \ '__|   
            \__ \  __/  __/ (_| |  __/ |      
            |___/\___|\___|\__,_|\___|_v1.6.2-1-g667109
                                              
  (C) 2012 German Research School for Simulation Sciences
  (C) 2013 University of Siegen               
                                              
--------------------------------------------------------------------------------
 | INFORMATION ON THE EXECUTABLE
 | Revision of the code in this executable: 3b3e344aec0a
 |
 | Compiled with GFORTRAN in version 13.4.0
 | Using the command /home/lzy/.local/bin/mpif90
 | And the following flags:
 | -O3 -march=native -Wall -Wno-maybe-uninitialized -Werror -Wno-unused-dum
 | my-argument -std=f2008 -pedantic-errors -O3 -march=native -Wall -Wno-may
 | be-uninitialized -Werror
 |
 | Build date: 2026-08-30
--------------------------------------------------------------------------------
                                              
                                              
--------------------------------------------------------------------------------
--------------------------------------------------------------------------------
Loading general parameters:
Using /dev/null as null device.
Will print run time info in the end
(/proc/self/status).
Size of the IO Buffer (MB): 8
Simulation Name: simulation
 +-------------------------------------------+
  - Now:
  iterations:            0
  simTime   :    0.0000000000000000     
  wallClock :    4.8437576000000003E-002
 
  - Time Control:
 +-------------------------------------------+
Iterations between trigger checks: 1
  - Min:
  iterations:            0
  simTime   :    0.0000000000000000     
 
  - Max:
 
  - Interval:
 +-------------------------------------------+
 
  - Abort Criteria:
  stop_file: 
  steady_state:  F
 
  - Status:
 +-------------------------------------------+
 Using global alltoall
 Loading communication pattern:
 isend_irecv
Write timings to: seeder_timing.res
--------------------------------------------------------------------------------
 Comment in the file: axis_n27; wall_libb continuous q; periodic axial direction
 Mesh folder: mesh/
 minlevel:            8
 Loading bounding cube:
  Cube origin:    0.0000000000000000        0.0000000000000000        0.0000000000000000     
  Cube length:    2.9917669035428923E-005
 Smoothed refinement towards boundaries.
 Smoothed levels with level jump = 1.
--------------------------------------------------------------------------------
 Loading attribute
 This is a new attribute and was added at            1
           kind: seed
          label: sdr_nolabel
          color: none
          level: 0
 Unique identifier position of this attribute:           1
 Loading geometry 
--------------------------------------------------------------------------------
 Loading attribute
 Loading distance_refine
 This is a new attribute and was added at            2
           kind: boundary
          label: wall
          color: none
          level: 8
   subresolution:  F
   calc distance:  T
   store normal :  F
  flood diagonal:  F
 Added a new unique label to the the list of kind "boundary":
 wall
 Unique identifier position of this attribute:           1
 Loading geometry 
       STL file: geometry/wall.stl
         format: binary
  Reading in STL Headers ...
  Reading in STL Files ...
  Done.
--------------------------------------------------------------------------------
 Loading attribute
 Loading distance_refine
 This is a new attribute and was added at            3
           kind: periodic
          label: sdr_nolabel
          color: none
          level: 0
   subresolution:  F
   calc distance:  F
   store normal :  F
 Loading geometry 
 Loading periodic geometry :
 Plane 1 :

 Plane 2 :
 
Total number of spatial objs created:259
Total number of boundaries defined:1
There are 1 unique boundaries defined:
 * wall
 
 This is a single color mesh.
 
--------------------------------------------------------------------------------
 Building preliminary tree ...
 current Level            1
   * nodes on this level:            8
 
 current Level            2
   * nodes on this level:           64
 
 current Level            3
   * nodes on this level:          128
 
 current Level            4
   * nodes on this level:          192
 
 current Level            5
   * nodes on this level:          384
 
 current Level            6
   * nodes on this level:         2176
 
 current Level            7
   * nodes on this level:         9984
 
 current Level            8
   * nodes on this level:        37376
 
 current Level            9
   * nodes on this level:            0
 
                           ... done with level:            8
 Number of leaves:             44024
 Total number of nodes:        50313
 Number of flooded leaves while building tree:            1
 Memory unused in parent intersected_object:         8175
 
Flooding tree ... 
               ... done with nWaves = 16
Number of Flooded leaves: 10408
Flooding periphery (calc_dist active) ... 
 ... Done flooding the periphery!
Number of Flooded leaves in periphery: 5832
Final number of Flooded leaves: 16240
--------------------------------------------------------------------------------
 Refining preliminary tree ...
current level: 1
current level: 2
current level: 3
current level: 4
current level: 5
current level: 6
current level: 7
current level: 8
current level: 9
--------------------------------------------------------------------------------
 Smooth levels ...
 current wave 1
 done in nWaves 1
 Creating treelmesh ...
                       done
 Total number of fluids:        90720
 
 dumping treelmesh to dir: mesh/
 Seeder created mesh successfully!
Name:	seeder
Umask:	0022
State:	R (running)
Tgid:	32857
Ngid:	0
Pid:	32857
PPid:	32843
TracerPid:	0
Uid:	1000	1000	1000	1000
Gid:	1000	1000	1000	1000
FDSize:	256
Groups:	4 24 27 30 46 100 1000 1001
NStgid:	32857
NSpid:	32857
NSpgid:	32843
NSsid:	495
Kthread:	0
VmPeak:	  233664 kB
VmSize:	  201200 kB
VmLck:	       0 kB
VmPin:	       0 kB
VmHWM:	   33052 kB
VmRSS:	   33052 kB
RssAnon:	   21724 kB
RssFile:	   11328 kB
RssShmem:	       0 kB
VmData:	   41652 kB
VmStk:	     136 kB
VmExe:	    4256 kB
VmLib:	    9796 kB
VmPTE:	     164 kB
VmSwap:	       0 kB
HugetlbPages:	       0 kB
CoreDumping:	0
THP_enabled:	1
untag_mask:	0xffffffffffffffff
Threads:	3
SigQ:	1/31177
SigPnd:	0000000000000000
ShdPnd:	0000000000000000
SigBlk:	0000000000000000
SigIgn:	0000000000000000
SigCgt:	00000001418004fc
CapInh:	0000000000000000
CapPrm:	0000000000000000
CapEff:	0000000000000000
CapBnd:	000001ffffffffff
CapAmb:	0000000000000000
NoNewPrivs:	0
Seccomp:	2
Seccomp_filters:	1
Speculation_Store_Bypass:	thread vulnerable
SpeculationIndirectBranch:	conditional enabled
Cpus_allowed:	ffffff
Cpus_allowed_list:	0-23
Mems_allowed:	00000000,00000000,00000000,00000000,00000000,00000000,00000000,00000000,00000000,00000000,00000000,00000000,000000
Mems_allowed_list:	0
voluntary_ctxt_switches:	631
nonvoluntary_ctxt_switches:	0

 Done with Seeder in       0.73 s
