/home/lzy/projects/ulm_particle_3d_particle0/.venv/lib/python3.13/site-packages/trimesh/triangles.py:302: RuntimeWarning: invalid value encountered in divide
  center_mass = integrated[1:4] / volume
BAMBU SLICE START orientation_candidate_00
BAMBU SLICE END orientation_candidate_00 BAMBU_SLICED
BAMBU SLICE START orientation_candidate_00
BAMBU SLICE END orientation_candidate_00 BAMBU_SLICED
BAMBU SLICE START orientation_candidate_01
BAMBU SLICE END orientation_candidate_01 BAMBU_SLICED
BAMBU SLICE START orientation_candidate_01
BAMBU SLICE END orientation_candidate_01 BAMBU_SLICED
BAMBU SLICE START orientation_candidate_02
BAMBU SLICE END orientation_candidate_02 BAMBU_SLICED
BAMBU SLICE START orientation_candidate_02
BAMBU SLICE END orientation_candidate_02 BAMBU_SLICED
BAMBU SLICE START orientation_candidate_03
BAMBU SLICE END orientation_candidate_03 BAMBU_SLICED
BAMBU SLICE START orientation_candidate_03
BAMBU SLICE END orientation_candidate_03 BAMBU_SLICED
BAMBU SLICE START orientation_candidate_04
BAMBU SLICE END orientation_candidate_04 BAMBU_SLICED
BAMBU SLICE START orientation_candidate_04
BAMBU SLICE END orientation_candidate_04 BAMBU_SLICED
NEEDS_ADJUSTMENT
