 Starting up Musubi with nprocs:            2

 .___  ___.  __    __       _______. __    __  .______    __  
 |   \/   | |  |  |  |     /       ||  |  |  | |   _  \  |  | 
 |  \  /  | |  |  |  |    |   (----`|  |  |  | |  |_)  | |  | 
 |  |\/|  | |  |  |  |     \   \    |  |  |  | |   _  <  |  | 
 |  |  |  | |  `--'  | .----)   |   |  `--'  | |  |_)  | |  | 
 |__|  |__|  \______/  |_______/     \______/  |______/  |_v2.0.0-4-g4e8b27

 (C) 2012 German Research School for Simulation Sciences
 (C) 2013-2020 University Siegen
 (C) 2021 German Aerospace Center (DLR) -
          Institute of Software Methods for Product Virtualization
 
--------------------------------------------------------------------------------
 | INFORMATION ON THE EXECUTABLE
 | Revision of the code in this executable: 81f8c4f13772+
 |
 | Compiled with GFORTRAN in version 13.4.0
 | Using the command /home/lzy/.local/bin/mpif90
 | And the following flags:
 | -O3 -march=native -Wall -Wno-maybe-uninitialized -Werror -Wno-unused-dum
 | my-argument -fmax-stack-var-size=131072 -std=f2008 -pedantic-errors -O3
 | -march=native -Wall -Wno-maybe-uninitialized -Werror
 |
 | Build date: 2026-08-29
--------------------------------------------------------------------------------
--------------------------------------------------------------------------------
 | PRE-PROCESSING SETTINGS:
 | Using AOS (array of structures data layout)
 | Using PULL for streaming
--------------------------------------------------------------------------------

Run at: 2026-08-30 17:41 UTC+02:00

 Loading configuration file: musubi.lua
--------------------------------------------------------------------------------
--------------------------------------------------------------------------------
--------------------------------------------------------------------------------
Loading general parameters:
Using /dev/null as null device.
Will print run time info in the end
(/proc/self/status).
Size of the IO Buffer (MB): 8
Simulation Name: periodic_pipe_force_axis_n16
 +-------------------------------------------+
  - Now:
  iterations:            0
  simTime   :    0.0000000000000000     
  wallClock :    2.6186999999999998E-002
 
  - Time Control:
 +-------------------------------------------+
Iterations between trigger checks: 1
  - Min:
  iterations:            0
  simTime   :    0.0000000000000000     
 
  - Max:
  iterations:         2000
 
  - Interval:
  iterations:           50
 +-------------------------------------------+
 
  - Abort Criteria:
  stop_file: stop
  steady_state:  F
 
  - Status:
 +-------------------------------------------+
 Using global alltoall
 Loading communication pattern:
 isend_irecv
Write timings to: tracking/musubi_timing.res
--------------------------------------------------------------------------------
 Loading general solver params: 
 Choosing Control Routine: standard
 Setting SCALING to:diffusive
Solid elements will be removed from BC list
Block size (elements): 576
--------------------------------------------------------------------------------
 No read restart given. Loading mesh file
 Obtaining HEADER of the configured mesh
 Load mesh header from file: mesh/header.lua
 The real bounding cube is...
   min:    2.3665343670602957E-005   2.3665343670602957E-005   1.5776895780401969E-005
   max:    2.6820722826683352E-005   2.6820722826683352E-005   3.4709170716884330E-005
--------------------------------------------------------------------------------
 Load mesh header from file: mesh/header.lua
 The real bounding cube is...
   min:    2.3665343670602957E-005   2.3665343670602957E-005   1.5776895780401969E-005
   max:    2.6820722826683352E-005   2.6820722826683352E-005   3.4709170716884330E-005
 Load mesh from file: mesh/elemlist.lsb
 using one process to read and broadcast
 Done, reading the mesh!
 NO BALANCING!
 Done loading weights.
 Got a mesh with following properties:
                 Mesh name: fluidTree
  Total number of elements: 19968
  Local number of elements: 9984
      Number of properties: 2
      Number of partitions: 2
             Minimum level: 8
             Maximum level: 8
       Bounding Box Origin:     0.0000    0.0000    0.0000
       Bounding Box Length:     0.0001
     Coarsest element size:     0.0000
       Finest element size:     0.0000
  Number of boundary elements: 3028
      Number of qVal elements: 2880
--------------------------------------------------------------------------------
 Load boundary ID from file: mesh/bnd.lsb
 read on a single process
Loading qVal data from directory: mesh/
 Load hasQVal from file: mesh/qval.lsb
 Done, reading the qVal!
 No IBM found!
--------------------------------------------------------------------------------
Lattice dx and dt on each level
level=8, dxL=   1.00000, dtL=   1.00000
--------------------------------------------------------------------------------
--------------------------------------------------------------------------------
  Loading physics table ...
  Physics table is defined.
  All values are expressed in physical units.
 Speed of sound (cs) is not defined.
 Attempting to load time step dt on coarsest level:
   cs =    4.797E+00
   dt =   23.738E-09
 WARNING: No value given for coulomb0
 WARNING: Reference coulomb0 is not found. 
 Setting reference coulomb0 to fundamental electrical charge.
Reference physical quantities:
  rho0       =    1.056E+03
  mass0      =    8.100E-18
  mole0      =    1.661E-24
  moleDens0  =  216.498E-06
  molWeight0 =    4.878E+06
  Temp0      =    1.000E+00
  coulomb0   =  160.218E-21
Conversion factors on level: 8
  dx            =  197.211E-09
  dt            =   23.738E-09
  pressure      =   72.885E+03
  velocity      =    8.308E+00
  kine. visc.   =    1.638E-06
  dyn. visc.    =    1.730E-03
  acceleration  =  349.982E+06
  force         =    2.835E-09
  body force    =  369.581E+09
  strain rate   =   42.127E+06
  energy        =  559.030E-18
  moleFlux      =    1.799E-03
  chargeDens    =   20.889E+00
  currentDens   =  173.542E+00
  massflux      =    8.773E+03
  diffusivity   =    1.638E-06
  faraday       =   96.485E+03
  gasConst      =  336.656E+06
  potential     =    3.489E+03

Over level scale factor: 
    pressure:    1.000E+00
    velocity:    1.000E+00
 strain rate:    1.000E+00
--------------------------------------------------------------------------------
--------------------------------------------------------------------------------
Loading Scheme identify table: 
kind: fluid
Layout: d3q19
relaxation: bgk
  variant: standard
--------------------------------------------------------------------------------
 Creating stencil kind: d3q19
--------------------------------------------------------------------------------
 Loading the field base info ...
 No field table defined.
 Assuming single field and label = "".
--------------------------------------------------------------------------------
 Initializing global variable system for scheme kind: fluid
 Appending state variables 
--------------------------------------------------------------------------------
Interpolation:
  method: quadratic
   order:  2
  weights_method: linear_distance
  inverse distance powefac:  6
--------------------------------------------------------------------------------
 No possible transport variable defined for scheme kind: fluid
--------------------------------------------------------------------------------
 Loading the fields ...
 Number of fields to load:            1
 No field table and scheme table are defined.Loading field data from config
 Loading field: 
 Loading the fluid properties.
 Loading fluid informations
 loading space time function from key: kinematic_viscosity
 Spacetime function is a const value:    3.2700000000000000E-006
 St-fun is not a table, thus setting global shape.
 No nonNewtonian table defined
 No turbulence table defined
--------------------------------------------------------------------------------
--------------------------------------------------------------------------------
  Loading initial conditions
Loading spatial for pressure
 Load spatial as single constant
   Spatial for pressure is a defined as const
value =   23.622E+03
Loading spatial for velocityX
   Spatial for velocityX is a defined as lua_fun
Loading spatial for velocityY
   Spatial for velocityY is a defined as lua_fun
Loading spatial for velocityZ
   Spatial for velocityZ is a defined as lua_fun
Loading spatial for Sxx
 Load spatial as single constant
 ERROR: Fatal error occured in loading scalar constants
 WARNING: variable is non-existent!
 Setting kind to be "none" and value =    0.000E+00 for all 1 components
   Spatial for Sxx is a defined as none
Loading spatial for Syy
 Load spatial as single constant
 ERROR: Fatal error occured in loading scalar constants
 WARNING: variable is non-existent!
 Setting kind to be "none" and value =    0.000E+00 for all 1 components
   Spatial for Syy is a defined as none
Loading spatial for Szz
 Load spatial as single constant
 ERROR: Fatal error occured in loading scalar constants
 WARNING: variable is non-existent!
 Setting kind to be "none" and value =    0.000E+00 for all 1 components
   Spatial for Szz is a defined as none
Loading spatial for Sxy
 Load spatial as single constant
 ERROR: Fatal error occured in loading scalar constants
 WARNING: variable is non-existent!
 Setting kind to be "none" and value =    0.000E+00 for all 1 components
   Spatial for Sxy is a defined as none
Loading spatial for Syz
 Load spatial as single constant
 ERROR: Fatal error occured in loading scalar constants
 WARNING: variable is non-existent!
 Setting kind to be "none" and value =    0.000E+00 for all 1 components
   Spatial for Syz is a defined as none
Loading spatial for Sxz
 Load spatial as single constant
 ERROR: Fatal error occured in loading scalar constants
 WARNING: variable is non-existent!
 Setting kind to be "none" and value =    0.000E+00 for all 1 components
   Spatial for Sxz is a defined as none
--------------------------------------------------------------------------------
  Loading BC header
   Found BC wall of kind wall_libb
 matching boundary defination in lua to mesh
 Number of Boundaries: 1
--------------------------------------------------------------------------------
 Loading boundary definition for nBCs: 1
   Boundary: 1
    Curved:  F
     Wall LIBB treatment: wall
    Default qVal:   0.50000000000000000     
   required neighbors: 0
--------------------------------------------------------------------------------
 Loading the mappings from table: source
 Table source could not be opened for reading variable mappings!
--------------------------------------------------------------------------------
 Loading the mappings from table: glob_source
 Expected variable force is defined
 Did not find a variable name for force
 Trying to load it as an anonymous space time function
 loading space time function from key: force
 Spacetime function is a const value:    0.0000000000000000        0.0000000000000000        3884423.6432636492     
 St-fun is not a table, thus setting global shape.
 Found a spacetime function for force
 Expected variable turb_channel_force_accel is NOT defined
 Expected variable absorb_layer is NOT defined
 Expected variable absorb_layer_inlet is NOT defined
 Expected variable absorb_layer_outlet is NOT defined
 Expected variable hrr_correction is NOT defined
 Expected variable brinkman is NOT defined
 Order of approximation for force: 2
 Loading transport variables
--------------------------------------------------------------------------------
--------------------------------------------------------------------------------
 Loading variable vel_analy
   nComponents            1
 loading the spacetime functions for variable vel_analy
 loading space time function from key: st_fun
 St-fun is not a table, thus setting global shape.
 Space-time function for key st_fun:
       pos            1  is defined as lua_fun
--------------------------------------------------------------------------------
 Loading variable vel_error
   nComponents            1
   Loading operation table 
     kind = difference
     input_varname:
                  1 vel_mag_phy
                  2 vel_analy
--------------------------------------------------------------------------------
 Loading tracking ...
Number of Tracking entities: 3
Loading tracker: 1
 Tracking label: mean_velocity
 +-------------------------------------------+
Iterations between trigger checks: 1
  - Min:
  iterations:            0
 
  - Max:
  iterations:         2000
 
  - Interval:
  iterations:           50
 +-------------------------------------------+
  Number of reductions loaded: 1
  their reduceTypes are:
    average
   Loading output table ...
   Output format: ascii
  Loading shape kind: all
  Inverted shape:  F
Done tracker 1
Loading tracker: 2
 Tracking label: profile
 +-------------------------------------------+
Iterations between trigger checks: 1
  - Min:
  iterations:            0
 
  - Max:
  iterations:         2000
 
  - Interval:
  iterations:           50
 +-------------------------------------------+
  Number of reductions loaded: 2
  their reduceTypes are:
    l2norm
    l2norm
   Loading output table ...
   Output format: ascii
  Loading shape kind: all
  Inverted shape:  F
Done tracker 2
Loading tracker: 3
 Tracking label: safety
 +-------------------------------------------+
Iterations between trigger checks: 1
  - Min:
  iterations:            0
 
  - Max:
  iterations:         2000
 
  - Interval:
  iterations:           50
 +-------------------------------------------+
  Number of reductions loaded: 2
  their reduceTypes are:
    max
    min
   Loading output table ...
   Output format: ascii
  Loading shape kind: all
  Inverted shape:  F
Done tracker 3
--------------------------------------------------------------------------------
--------------------------------------------------------------------------------
 NO particle modelling
--------------------------------------------------------------------------------
--------------------------------------------------------------------------------
 Initializing musubi ...
 Initializing the scheme ...
 Map stencil to treelm definition and vice versa ...
Initializing the moment matrix by stencil: d3q19
 Building variable system for scheme kind: fluid
 Appending auxiliary variables 
 Current append variable wave loop:            1
 Append derive variables to varSys
 Variable pressure_deviation cant be added due to missing input variable pressure_reference
 Error: variable pressure_deviation is not added to variable system
 Appending boundary variables 
 Append derive physical variables to varSys
 Append variables defined in lua file to varSys
Appending variable  1: vel_analy
Appending variable  2: vel_error
 Append meshInfo variables to varSys
 Current append variable wave loop:            2
 Append derive variables to varSys
 Appending boundary variables 
 Append derive physical variables to varSys
 Append variables defined in lua file to varSys
Appending variable  1: vel_analy
 Variable already exists!
Appending variable  2: vel_error
 Variable already exists!
 Append meshInfo variables to varSys
 Current append variable wave loop:            3
 Append derive variables to varSys
 Appending boundary variables 
 Append derive physical variables to varSys
 Append variables defined in lua file to varSys
Appending variable  1: vel_analy
 Variable already exists!
Appending variable  2: vel_error
 Variable already exists!
 Append meshInfo variables to varSys
 Done appending variables to varSys
 Storing state variable position 
 Storing derive variable position 
--------------------------------------------------------------------------------
 Starting to initialize the geometry
--------------------------------------------------------------------------------
 Creating boundary lists ...
BC: wall, iBnd: 1, normal:   0  0  0, Ind: 19
 Finalizing stencils...
 Total Number of stencils: 1
 iStencil:  1, label: d3q19
 nElems: 19968
 Allocating level Descriptor ...
 Searching the neighbors for each element ...
 Finished searching the neighbors ID for each fluid.
 Creating level descriptor ...
 Building up the element and total list.
 Building level-wise fluid list ...
--------------------------------------------------------------------------------
 Communicating elements ...
Halo count exchange iteration: 1
 Starting all-to-all exchange of halo counts
Finished all-to-all exchanging number of elements
All to all cost: 0.458922E-03
  Finished counting valid procs and nElemsProcs.
   Done communicating nElems to Transfer
  Requesting remote halos on level 8
   Received requested halo elements successfully.
 Finished requesting remote halos
   Done requesting remote halos.
   Identifying lists
 Done exchanging number of elements to communicate.
Return halo counts and Redefine halos ...
  Returning halo counts on level 8
   Redefining halos ... 
   Done communicating stencil buffer
   Done communicating stencil buffer
   Done communicating stencil buffer
 Done with communication of elements. 
--------------------------------------------------------------------------------

 Assembling total list ...
     Level: 8
    nElems: 10400
       fluid: 9984
gFromCoarser: 0
  gFromFiner: 0
        halo: 416
 Updating dependencies ...
 Updating the stencil entries
  Updating entries in the element stencils...
 Finished building up element and total list. 
Build neighbor array for stencil: 1
 level:  8, nElems to treat: 10400
--------------------------------------------------------------------------------

 Build vertical dep ...
 Total number of elements on Level: 8
   Fluid:   19968
 Global Elements information:
   nElems overall: 20800
   nElems ghost from finer: 0
   nElems ghost from coarser: 0
 
Start filling field BC neighbor list 
 Allocating PDF state, neighbor and bcBuffer array
 nSize of state array: 10400
 Building state array connectivity ...
 Done with state array connectivity.
Set halo elements comm links
Amount of message per proc: 5000
Communication amount compressed to [%]: 63.26

--------------------------------------------------------------------------------
Done initializing geometry. Took [s]      0.04
--------------------------------------------------------------------------------

 Simulation time homogenize:
  iterations:            0
  simTime   :    0.0000000000000000     
  wallClock :    2.6186999999999998E-002
 Time control homogenize:
 +-------------------------------------------+
Iterations between trigger checks: 1
  - Min:
  iterations:            0
 
  - Max:
  iterations:         2000
 
  - Interval:
  iterations:           50
 +-------------------------------------------+
Initialize fluid
  Set relaxation parameter from kinematic viscosity
Fluid properties:
  Reference density rho0:  1.0000000
  Kinematic viscosity STfun kind: const
Kinematic viscosity, (min, max) on level: 8
  Physical: ( 0.0000033, 0.0000033)
  Lattice: ( 1.9958496, 1.9958496)
  Kinematic omega (min,max):( 0.1541414, 0.1541414)
 viscBulk lattice and omega: 
  viscBulk:   1.3305664
  omegaBulk:  0.1541414
Magic lambda for TRT:  0.2500000
HRR sigma:  0.9800000
DRT tauN:  0.7000000
No nonNewtonian table defined.
--------------------------------------------------------------------------------
 Allocate gradient data ...
 Filling gradient data ...
--------------------------------------------------------------------------------
 Create subtree for all space time functions stored 
 in linked list of spacetime function
 Subtree encompasses all fluid elements
Found corresponding nElems: 19968
--------------------------------------------------------------------------------
 Done creating subtree for   1 spacetime functions
--------------------------------------------------------------------------------
--------------------------------------------------------------------------------
 Initializing Source terms ...
--------------------------------------------------------------------------------
--------------------------------------------------------------------------------
 Initializing transport variables ...
 No active transport variables
  Pulling pdfs from neighbor elements before collision
 Initializing tracker...
--------------------------------------------------------------------------------
 Initialize tracking subTree to remove empty objects
--------------------------------------------------------------------------------
 Creating subTree for tracking object mean_velocity
 Subtree encompasses all fluid elements
Found corresponding nElems: 19968
--------------------------------------------------------------------------------
 Creating subTree for tracking object profile
 Subtree encompasses all fluid elements
Found corresponding nElems: 19968
--------------------------------------------------------------------------------
 Creating subTree for tracking object safety
 Subtree encompasses all fluid elements
Found corresponding nElems: 19968
--------------------------------------------------------------------------------
 Time control homogenize:
 +-------------------------------------------+
Iterations between trigger checks: 1
  - Min:
  iterations:            0
 
  - Max:
  iterations:         2000
 
  - Interval:
  iterations:           50
 +-------------------------------------------+
 Time control homogenize:
 +-------------------------------------------+
Iterations between trigger checks: 1
  - Min:
  iterations:            0
 
  - Max:
  iterations:         2000
 
  - Interval:
  iterations:           50
 +-------------------------------------------+
 Time control homogenize:
 +-------------------------------------------+
Iterations between trigger checks: 1
  - Min:
  iterations:            0
 
  - Max:
  iterations:         2000
 
  - Interval:
  iterations:           50
 +-------------------------------------------+
--------------------------------------------------------------------------------
 Initialize tracking objects
--------------------------------------------------------------------------------
Track object: 1, label: mean_velocity
 Initializing reduction ...
Track object: 2, label: profile
 Initializing reduction ...
Track object: 3, label: safety
 Initializing reduction ...
 Auxiliary field halo communication DEACTIVATED.
Initialize BndForce
 Initializing IBM surface data
--------------------------------------------------------------------------------

--------------------------------------------------------------------------------
Initialize flow
 Initialize compute kernel for scheme kind: fluid
 Choosing fluid relaxation model: bgk for layout d3q19
 mus_load_particles: no particle table found
Initialize 1 boundary conditions
 Initializing BC: wall
--------------------------------------------------------------------------------
 Starting Musubi MAIN loop with time control:
 +-------------------------------------------+
Iterations between trigger checks: 1
  - Min:
  iterations:            0
 
  - Max:
  iterations:         2000
 
  - Interval:
  iterations:           50
 +-------------------------------------------+
Select fast single level control routine.
Particulate flow simulations disabled!
--------------------------------------------------------------------------------
  iterations:            0
  simTime   :    0.0000000000000000     
  wallClock :    2.6186999999999998E-002
      field |       total density
          1 |   19.4150143563E+03

  iterations:           50
  simTime   :    1.1868974707873626E-006
  wallClock :   0.35075127900000003     
      field |       total density
          1 |   19.4150143574E+03

  iterations:          100
  simTime   :    2.3737949415747260E-006
  wallClock :   0.46053610099999998     
      field |       total density
          1 |   19.4150143566E+03

  iterations:          150
  simTime   :    3.5606924123620897E-006
  wallClock :   0.57543249899999993     
      field |       total density
          1 |   19.4150143558E+03

  iterations:          200
  simTime   :    4.7475898831494529E-006
  wallClock :   0.68175307800000007     
      field |       total density
          1 |   19.4150143550E+03

  iterations:          250
  simTime   :    5.9344873539368166E-006
  wallClock :   0.79423483699999997     
      field |       total density
          1 |   19.4150143542E+03

  iterations:          300
  simTime   :    7.1213848247241803E-006
  wallClock :   0.91715576499999996     
      field |       total density
          1 |   19.4150143533E+03

  iterations:          350
  simTime   :    8.3082822955115202E-006
  wallClock :    1.0419438880000000     
      field |       total density
          1 |   19.4150143525E+03

  iterations:          400
  simTime   :    9.4951797662988415E-006
  wallClock :    1.1440956879999999     
      field |       total density
          1 |   19.4150143517E+03

  iterations:          450
  simTime   :    1.0682077237086163E-005
  wallClock :    1.2506043030000000     
      field |       total density
          1 |   19.4150143508E+03

  iterations:          500
  simTime   :    1.1868974707873484E-005
  wallClock :    1.3673328200000001     
      field |       total density
          1 |   19.4150143500E+03

  iterations:          550
  simTime   :    1.3055872178660805E-005
  wallClock :    1.4735502670000000     
      field |       total density
          1 |   19.4150143492E+03

  iterations:          600
  simTime   :    1.4242769649448127E-005
  wallClock :    1.5814980960000000     
      field |       total density
          1 |   19.4150143484E+03

  iterations:          650
  simTime   :    1.5429667120235448E-005
  wallClock :    1.7274493879999999     
      field |       total density
          1 |   19.4150143475E+03

  iterations:          700
  simTime   :    1.6616564591022769E-005
  wallClock :    1.8771110689999999     
      field |       total density
          1 |   19.4150143467E+03

  iterations:          750
  simTime   :    1.7803462061810091E-005
  wallClock :    1.9944265600000000     
      field |       total density
          1 |   19.4150143459E+03

  iterations:          800
  simTime   :    1.8990359532597412E-005
  wallClock :    2.1157731489999998     
      field |       total density
          1 |   19.4150143450E+03

  iterations:          850
  simTime   :    2.0177257003384733E-005
  wallClock :    2.2898443639999999     
      field |       total density
          1 |   19.4150143442E+03

  iterations:          900
  simTime   :    2.1364154474172055E-005
  wallClock :    2.4286248090000000     
      field |       total density
          1 |   19.4150143434E+03

  iterations:          950
  simTime   :    2.2551051944959376E-005
  wallClock :    2.5485582390000001     
      field |       total density
          1 |   19.4150143426E+03

  iterations:         1000
  simTime   :    2.3737949415746697E-005
  wallClock :    2.6511096599999999     
      field |       total density
          1 |   19.4150143417E+03

  iterations:         1050
  simTime   :    2.4924846886534019E-005
  wallClock :    2.8432584080000001     
      field |       total density
          1 |   19.4150143409E+03

  iterations:         1100
  simTime   :    2.6111744357321340E-005
  wallClock :    2.9592424159999999     
      field |       total density
          1 |   19.4150143401E+03

  iterations:         1150
  simTime   :    2.7298641828108661E-005
  wallClock :    3.0723369950000001     
      field |       total density
          1 |   19.4150143392E+03

  iterations:         1200
  simTime   :    2.8485539298895982E-005
  wallClock :    3.1815171449999999     
      field |       total density
          1 |   19.4150143384E+03

  iterations:         1250
  simTime   :    2.9672436769683304E-005
  wallClock :    3.2765810670000000     
      field |       total density
          1 |   19.4150143376E+03

  iterations:         1300
  simTime   :    3.0859334240470672E-005
  wallClock :    3.3628919300000000     
      field |       total density
          1 |   19.4150143367E+03

  iterations:         1350
  simTime   :    3.2046231711258163E-005
  wallClock :    3.5134042079999999     
      field |       total density
          1 |   19.4150143359E+03

  iterations:         1400
  simTime   :    3.3233129182045654E-005
  wallClock :    3.6358047270000000     
      field |       total density
          1 |   19.4150143351E+03

  iterations:         1450
  simTime   :    3.4420026652833145E-005
  wallClock :    3.7542695090000002     
      field |       total density
          1 |   19.4150143343E+03

  iterations:         1500
  simTime   :    3.5606924123620635E-005
  wallClock :    3.8695472550000001     
      field |       total density
          1 |   19.4150143334E+03

  iterations:         1550
  simTime   :    3.6793821594408126E-005
  wallClock :    3.9879847490000002     
      field |       total density
          1 |   19.4150143326E+03

  iterations:         1600
  simTime   :    3.7980719065195617E-005
  wallClock :    4.0946865470000002     
      field |       total density
          1 |   19.4150143318E+03

  iterations:         1650
  simTime   :    3.9167616535983107E-005
  wallClock :    4.1974769109999999     
      field |       total density
          1 |   19.4150143309E+03

  iterations:         1700
  simTime   :    4.0354514006770598E-005
  wallClock :    4.3050136549999998     
      field |       total density
          1 |   19.4150143301E+03

  iterations:         1750
  simTime   :    4.1541411477558089E-005
  wallClock :    4.4112421170000005     
      field |       total density
          1 |   19.4150143293E+03

  iterations:         1800
  simTime   :    4.2728308948345580E-005
  wallClock :    4.5192479209999998     
      field |       total density
          1 |   19.4150143285E+03

  iterations:         1850
  simTime   :    4.3915206419133070E-005
  wallClock :    4.6321067600000001     
      field |       total density
          1 |   19.4150143276E+03

  iterations:         1900
  simTime   :    4.5102103889920561E-005
  wallClock :    4.7711524260000004     
      field |       total density
          1 |   19.4150143268E+03

  iterations:         1950
  simTime   :    4.6289001360708052E-005
  wallClock :    4.9009853789999998     
      field |       total density
          1 |   19.4150143260E+03

  iterations:         2000
  simTime   :    4.7475898831495542E-005
  wallClock :    5.0174775479999996     
      field |       total density
          1 |   19.4150143251E+03


SUCCESSFUL run!
 Status of the simulation now:
 +--------------------------------------------+
 STATUS:
  * Status Interval is reached
  * Reached maximal number of iterations
 +--------------------------------------------+

  iterations:         2000
  simTime   :    4.7475898831495542E-005
  wallClock :    5.0174775479999996     
      field |       total density
          1 |   19.4150143251E+03

--------------------------------------------------------------------------------
 Load balance evaluation:
  max CPU cost:      4.68 (s)
  ave CPU cost:      4.65 (s)
 imbalance (i.e. max/ave):    100.52%
--------------------------------------------------------------------------------
--------------------------------------------------------------------------------
Boundary timing information:
        wall, min time:     0.31, max time:     0.31
--------------------------------------------------------------------------------
Name:	musubi_adaptive
Umask:	0022
State:	R (running)
Tgid:	29909
Ngid:	0
Pid:	29909
PPid:	29905
TracerPid:	0
Uid:	1000	1000	1000	1000
Gid:	1000	1000	1000	1000
FDSize:	64
Groups:	4 24 27 30 46 100 1000 1001
NStgid:	29909
NSpid:	29909
NSpgid:	29909
NSsid:	495
Kthread:	0
VmPeak:	  364580 kB
VmSize:	  353800 kB
VmLck:	       0 kB
VmPin:	       0 kB
VmHWM:	   42708 kB
VmRSS:	   41364 kB
RssAnon:	   25812 kB
RssFile:	   15552 kB
RssShmem:	       0 kB
VmData:	   50308 kB
VmStk:	     168 kB
VmExe:	    7440 kB
VmLib:	   10244 kB
VmPTE:	     192 kB
VmSwap:	       0 kB
HugetlbPages:	       0 kB
CoreDumping:	0
THP_enabled:	1
untag_mask:	0xffffffffffffffff
Threads:	3
SigQ:	1/31177
SigPnd:	0000000000000000
ShdPnd:	0000000000000000
SigBlk:	0000000000000000
SigIgn:	0000000000000000
SigCgt:	00000001418004fc
CapInh:	0000000000000000
CapPrm:	0000000000000000
CapEff:	0000000000000000
CapBnd:	000001ffffffffff
CapAmb:	0000000000000000
NoNewPrivs:	0
Seccomp:	2
Seccomp_filters:	1
Speculation_Store_Bypass:	thread vulnerable
SpeculationIndirectBranch:	conditional enabled
Cpus_allowed:	000003
Cpus_allowed_list:	0-1
Mems_allowed:	00000000,00000000,00000000,00000000,00000000,00000000,00000000,00000000,00000000,00000000,00000000,00000000,000000
Mems_allowed_list:	0
voluntary_ctxt_switches:	4507
nonvoluntary_ctxt_switches:	5

 Done with Musubi in       5.03 s
