{
  "status": "PASS",
  "input_hashes": {
    "SV_MESH/mesh-complete.exterior.vtp": "e49c1bcd14283e8d1476311232f206b45f09695cc562f8db3d3d2d518f5378f5",
    "SV_MESH/mesh-complete.mesh.vtu": "1a7a69dcba52f0475b2280775921e4dedcdfefa67b7965096d86cb9dba38bdf9",
    "SV_MESH/mesh-surfaces/INLET.vtp": "fba5b444da15ebb7b881612acde9de1056395ff4c2903dd0b52e45e57b3fa9f5",
    "SV_MESH/mesh-surfaces/OUTLET_01.vtp": "1a051e6e2313c9be3985b16bd2a060fa111e8e8f8035682ab29eaa1961acdfed",
    "SV_MESH/mesh-surfaces/OUTLET_02.vtp": "7dac9192aafbe935a595f4424c952e6fb6922e879b8e3821e3dc314f5b48cf33",
    "SV_MESH/mesh-surfaces/OUTLET_03.vtp": "9e1d8d387eaff15ea3421c85051dd2f194d8adf57c8a839b4d894c5957e8546e",
    "SV_MESH/mesh-surfaces/WALL.vtp": "06c5d1d1975cf9470096d9b7e560e2173c9733c847d5bc364aab7355ef12a11b",
    "SV_MESH/mesh_arrays.npz": "d0230f39fd4050711dec881244c76c439b21698abb3bbfe8f4c74a80f72adfd2",
    "SV_MESH/wall_distances.npz": "f38eb085502901c6e22f578343a89d4babe575874d6e559a79f6f1364d5a4b82",
    "policy.json": "57e84b20592ca53e2f5892de0ac2cedd9e27aefdea8b23c1c5a8a9f1c7c01b09",
    "run/PETSC_OPTIONS.txt": "818e91d87cf859f8f9591c1693741ba00e073576eb548678b4662d767f3cc445",
    "run/solver.xml": "afe21f47bc4b53990c8f32a3d03044b36dc9a78038e79429eb4966ec2a302388"
  },
  "design_bounds": {
    "s_O1": [
      0.5,
      2.0
    ],
    "s_O2": [
      0.5,
      2.0
    ]
  },
  "best_parameters": {
    "s_O1": 1.9999999999999998,
    "s_O2": 0.8982802241722061
  },
  "fractions_0D": {
    "O1": 0.14961251896016392,
    "O2": 0.3868966709461797,
    "O3": 0.4634908100936319
  },
  "cap_pressures_pa": {
    "O1": 237.6790492788793,
    "O2": 3646.879312073363,
    "O3": 0.0
  },
  "preflight_sha256": "0be59e10769278ca35920dc7ec0a7a7b215372a06b30626f7726056740e893cf",
  "planned_CFD_run_count": 1
}
