{
  "status": "PASS",
  "statistics": [
    {
      "case": "old_H0_3D",
      "region": "whole_wall_including_extensions",
      "face_count": 45221,
      "area_um2": 2024.190790127075,
      "area_mean_Pa": 12.531002489435116,
      "P5_area_Pa": 2.031475755303216,
      "P50_area_Pa": 14.715774290834434,
      "P95_area_Pa": 26.10129357248959,
      "min_Pa": 0.4147671292368573,
      "max_Pa": 46.52023918543966,
      "area_below_1Pa_um2": 0.5375307047180993,
      "area_above_30Pa_um2": 32.72599076695038
    },
    {
      "case": "old_H0_3D",
      "region": "J1_ball_5um",
      "face_count": 2211,
      "area_um2": 98.18095159254642,
      "area_mean_Pa": 23.30549808956416,
      "P5_area_Pa": 15.319861796160007,
      "P50_area_Pa": 20.438503693659886,
      "P95_area_Pa": 35.788111412036905,
      "min_Pa": 2.763474481346192,
      "max_Pa": 46.52023918543966,
      "area_below_1Pa_um2": 0.0,
      "area_above_30Pa_um2": 27.51087899142899
    },
    {
      "case": "old_H0_3D",
      "region": "J2_ball_5um",
      "face_count": 2136,
      "area_um2": 95.8367917533427,
      "area_mean_Pa": 10.689725331672605,
      "P5_area_Pa": 2.0848575612376417,
      "P50_area_Pa": 6.304283548596008,
      "P95_area_Pa": 22.39844147260052,
      "min_Pa": 0.4147671292368573,
      "max_Pa": 30.24111204561644,
      "area_below_1Pa_um2": 0.5375307047180993,
      "area_above_30Pa_um2": 0.048864706337291425
    },
    {
      "case": "best_feasible_3D",
      "region": "whole_wall_including_extensions",
      "face_count": 45221,
      "area_um2": 2024.190790127075,
      "area_mean_Pa": 14.113265499787662,
      "P5_area_Pa": 2.2102226136721392,
      "P50_area_Pa": 14.614606490434918,
      "P95_area_Pa": 30.83957363026628,
      "min_Pa": 0.8114508194192901,
      "max_Pa": 46.26138594389037,
      "area_below_1Pa_um2": 0.25756711665039905,
      "area_above_30Pa_um2": 138.47015950231446
    },
    {
      "case": "best_feasible_3D",
      "region": "J1_ball_5um",
      "face_count": 2211,
      "area_um2": 98.18095159254642,
      "area_mean_Pa": 23.483802741927732,
      "P5_area_Pa": 11.624389629529722,
      "P50_area_Pa": 24.71505422384022,
      "P95_area_Pa": 35.90283632654898,
      "min_Pa": 1.3211267866910752,
      "max_Pa": 46.26138594389037,
      "area_below_1Pa_um2": 0.0,
      "area_above_30Pa_um2": 28.576542173892513
    },
    {
      "case": "best_feasible_3D",
      "region": "J2_ball_5um",
      "face_count": 2136,
      "area_um2": 95.8367917533427,
      "area_mean_Pa": 13.576906238141094,
      "P5_area_Pa": 4.795073992450013,
      "P50_area_Pa": 8.103620781754001,
      "P95_area_Pa": 26.628409959322504,
      "min_Pa": 0.8114508194192901,
      "max_Pa": 36.86075599791037,
      "area_below_1Pa_um2": 0.25756711665039905,
      "area_above_30Pa_um2": 0.8986460949061613
    }
  ]
}
