WSL source hashes verified
{"log_dir": "/workspace/formal_3D_flow_solver_FEM_lzy/logs/stage03/20260918T134307_620521916_resource_probe", "returncode": 0, "wall_time_s": 0.566621087025851}
{
  "timestamp": "2026-09-18T13:43:11.327357+00:00",
  "hostname": "f7c62a262077",
  "cpu": {
    "command": [
      "lscpu"
    ],
    "returncode": 0,
    "stdout": "Architecture:                            x86_64\nCPU op-mode(s):                          32-bit, 64-bit\nAddress sizes:                           48 bits physical, 48 bits virtual\nByte Order:                              Little Endian\nCPU(s):                                  16\nOn-line CPU(s) list:                     0-15\nVendor ID:                               AuthenticAMD\nModel name:                              AMD Ryzen 7 7800X3D 8-Core Processor\nCPU family:                              25\nModel:                                   97\nThread(s) per core:                      2\nCore(s) per socket:                      8\nSocket(s):                               1\nStepping:                                2\nFrequency boost:                         enabled\nCPU(s) scaling MHz:                      68%\nCPU max MHz:                             5050.2251\nCPU min MHz:                             3000.0000\nBogoMIPS:                                8383.85\nFlags:                                   fpu vme de pse tsc msr pae mce cx8 apic sep mtrr pge mca cmov pat pse36 clflush mmx fxsr sse sse2 ht syscall nx mmxext fxsr_opt pdpe1gb rdtscp lm constant_tsc rep_good nopl nonstop_tsc cpuid extd_apicid aperfmperf rapl pni pclmulqdq monitor ssse3 fma cx16 sse4_1 sse4_2 movbe popcnt aes xsave avx f16c rdrand lahf_lm cmp_legacy svm extapic cr8_legacy abm sse4a misalignsse 3dnowprefetch osvw ibs skinit wdt tce topoext perfctr_core perfctr_nb bpext perfctr_llc mwaitx cpb cat_l3 cdp_l3 hw_pstate ssbd mba ibrs ibpb stibp ibrs_enhanced vmmcall fsgsbase bmi1 avx2 smep bmi2 erms invpcid cqm rdt_a avx512f avx512dq rdseed adx smap avx512ifma clflushopt clwb avx512cd sha_ni avx512bw avx512vl xsaveopt xsavec xgetbv1 xsaves cqm_llc cqm_occup_llc cqm_mbm_total cqm_mbm_local avx512_bf16 clzero irperf xsaveerptr rdpru wbnoinvd cppc arat npt lbrv svm_lock nrip_save tsc_scale vmcb_clean flushbyasid decodeassists pausefilter pfthreshold avic vgif v_spec_ctrl avx512vbmi umip pku ospke avx512_vbmi2 gfni vaes vpclmulqdq avx512_vnni avx512_bitalg avx512_vpopcntdq rdpid overflow_recov succor smca fsrm flush_l1d ibpb_exit_to_user\nVirtualization:                          AMD-V\nL1d cache:                               256 KiB (8 instances)\nL1i cache:                               256 KiB (8 instances)\nL2 cache:                                8 MiB (8 instances)\nL3 cache:                                96 MiB (1 instance)\nNUMA node(s):                            1\nNUMA node0 CPU(s):                       0-15\nVulnerability Gather data sampling:      Not affected\nVulnerability Indirect target selection: Not affected\nVulnerability Itlb multihit:             Not affected\nVulnerability L1tf:                      Not affected\nVulnerability Mds:                       Not affected\nVulnerability Meltdown:                  Not affected\nVulnerability Mmio stale data:           Not affected\nVulnerability Reg file data sampling:    Not affected\nVulnerability Retbleed:                  Not affected\nVulnerability Spec rstack overflow:      Mitigation; safe RET\nVulnerability Spec store bypass:         Mitigation; Speculative Store Bypass disabled via prctl and seccomp\nVulnerability Spectre v1:                Mitigation; usercopy/swapgs barriers and __user pointer sanitization\nVulnerability Spectre v2:                Mitigation; Enhanced / Automatic IBRS; IBPB conditional; STIBP always-on; PBRSB-eIBRS Not affected; BHI Not affected\nVulnerability Srbds:                     Not affected\nVulnerability Tsa:                       Mitigation; Clear CPU buffers\nVulnerability Tsx async abort:           Not affected\nVulnerability Vmscape:                   Mitigation; IBPB before exit to userspace\n",
    "stderr": ""
  },
  "affinity_cpu_count": 16,
  "memory_bytes": {
    "MemTotal": 66522726400,
    "MemFree": 11679051776,
    "MemAvailable": 59724939264,
    "Buffers": 180035584,
    "Cached": 47440588800,
    "SwapCached": 9547776,
    "Active": 46873976832,
    "Inactive": 5525938176,
    "Active(anon)": 54353920,
    "Inactive(anon)": 4751261696,
    "Active(file)": 46819622912,
    "Inactive(file)": 774676480,
    "Unevictable": 28151808,
    "Mlocked": 28151808,
    "SwapTotal": 8589930496,
    "SwapFree": 8442343424,
    "Dirty": 303104,
    "Writeback": 0,
    "AnonPages": 4803825664,
    "Mapped": 455065600,
    "Shmem": 16990208,
    "KReclaimable": 1193447424,
    "Slab": 1769914368,
    "SReclaimable": 1190965248,
    "SUnreclaim": 578949120,
    "KernelStack": 12976128,
    "PageTables": 20746240,
    "NFS_Unstable": 0,
    "Bounce": 0,
    "WritebackTmp": 0,
    "CommitLimit": 41851293696,
    "Committed_AS": 12190470144,
    "VmallocTotal": 35184372087808,
    "VmallocUsed": 126951424,
    "VmallocChunk": 0,
    "Percpu": 33292288,
    "HardwareCorrupted": 0,
    "AnonHugePages": 0,
    "ShmemHugePages": 0,
    "ShmemPmdMapped": 0,
    "FileHugePages": 0,
    "FilePmdMapped": 0,
    "Hugepagesize": 2097152,
    "Hugetlb": 0,
    "DirectMap4k": 4553981952,
    "DirectMap2M": 51449430016,
    "DirectMap1G": 12884901888
  },
  "cgroup": {
    "memory.max": "45156925440",
    "memory.current": "7705047040",
    "memory.events": "low 0\nhigh 0\nmax 0\noom 0\noom_kill 0",
    "cpu.max": "768000 100000",
    "cpuset.cpus.effective": "0-15"
  },
  "disk": {
    "total": 322122547200,
    "used": 62079713280,
    "free": 260042833920
  },
  "dolfinx_version": "0.11.0",
  "petsc_version": [
    3,
    25,
    5
  ],
  "mumps_available": true,
  "mpi_library": "MPICH Version:      5.0.1\nMPICH Release date: Fri Apr 10 09:45:31 AM CDT 2026\nMPICH ABI:          18:1:6\nMPICH Device:       ch4:ucx ofi\nMPICH configure:    --prefix=/workspace/formal_3D_flow_solver_FEM_lzy/remote/.env --disable-doc --disable-dependency-tracking --enable-cxx --enable-fortran --enable-f08 --enable-mpi-abi --with-wrapper-dl-type=none --disable-static --with-device=ch4:ucx,ofi --with-ucx=/workspace/formal_3D_flow_solver_FEM_lzy/remote/.env --with-libfabric=/workspace/formal_3D_flow_solver_FEM_lzy/remote/.env --with-hwloc=/workspace/formal_3D_flow_solver_FEM_lzy/remote/.env --with-yaksa=embedded --with-pm=hydra:gforker\nMPICH CC:           x86_64-conda-linux-gnu-cc -I/workspace/formal_3D_flow_solver_FEM_lzy/remote/.env/include -march=nocona -mtune=haswell -ftree-vectorize -fPIC -fstack-protector-strong -fno-plt -O2 -ffunction-sections -pipe -fno-merge-constants -isystem /workspace/formal_3D_flow_solver_FEM_lzy/remote/.env/include -fdebug-prefix-map=/home/conda/feedstock_root/build_artifacts/bld/rattler-build_mpich_1784230131/work=/usr/local/src/conda/mpich-5.0.1 -fdebug-prefix-map=/workspace/formal_3D_flow_solver_FEM_lzy/remote/.env=/usr/local/src/conda-prefix   -O2\nMPICH CXX:          x86_64-conda-linux-gnu-c++ -I/workspace/formal_3D_flow_solver_FEM_lzy/remote/.env/include -fvisibility-inlines-hidden -fmessage-length=0 -march=nocona -mtune=haswell -ftree-vectorize -fPIC -fstack-protector-strong -fno-plt -O2 -ffunction-sections -pipe -fno-merge-constants -isystem /workspace/formal_3D_flow_solver_FEM_lzy/remote/.env/include -fdebug-prefix-map=/home/conda/feedstock_root/build_artifacts/bld/rattler-build_mpich_1784230131/work=/usr/local/src/conda/mpich-5.0.1 -fdebug-prefix-map=/workspace/formal_3D_flow_solver_FEM_lzy/remote/.env=/usr/local/src/conda-prefix -O2\nMPICH F77:          x86_64-conda-linux-gnu-gfortran -I/workspace/formal_3D_flow_solver_FEM_lzy/remote/.env/include -march=nocona -mtune=haswell -ftree-vectorize -fPIC -fstack-protector-strong -fno-plt -O2 -ffunction-sections -pipe -fno-merge-constants -isystem /workspace/formal_3D_flow_solver_FEM_lzy/remote/.env/include -I/home/conda/feedstock_root/build_artifacts/bld/rattler-build_mpich_1784230131/build_env/include -fdebug-prefix-map=/home/conda/feedstock_root/build_artifacts/bld/rattler-build_mpich_1784230131/work=/usr/local/src/conda/mpich-5.0.1 -fdebug-prefix-map=/workspace/formal_3D_flow_solver_FEM_lzy/remote/.env=/usr/local/src/conda-prefix -O2\nMPICH FC:           x86_64-conda-linux-gnu-gfortran -I/workspace/formal_3D_flow_solver_FEM_lzy/remote/.env/include -march=nocona -mtune=haswell -ftree-vectorize -fPIC -fstack-protector-strong -fno-plt -O2 -ffunction-sections -pipe -fno-merge-constants -isystem /workspace/formal_3D_flow_solver_FEM_lzy/remote/.env/include -I/home/conda/feedstock_root/build_artifacts/bld/rattler-build_mpich_1784230131/build_env/include -fdebug-prefix-map=/home/conda/feedstock_root/build_artifacts/bld/rattler-build_mpich_1784230131/work=/usr/local/src/conda/mpich-5.0.1 -fdebug-prefix-map=/workspace/formal_3D_flow_solver_FEM_lzy/remote/.env=/usr/local/src/conda-prefix -O2\nMPICH features:     threadcomm\n",
  "packages": {
    "mpi": "1.0.1",
    "mumps-include": "5.8.2",
    "mpich": "5.0.1",
    "mpi4py": "4.1.2",
    "libadios2": "2.12.1",
    "mumps-mpi": "5.8.2",
    "petsc": "3.25.5",
    "petsc4py": "3.25.5",
    "fenics-libdolfinx": "0.11.0",
    "fenics-dolfinx": "0.11.0"
  },
  "gpu_used": false,
  "time_binary": null,
  "python": "/workspace/formal_3D_flow_solver_FEM_lzy/remote/.env/bin/python",
  "fem_python_sha256": "3c6c88520576c7663375049c0265a6cdfc8f41630d067162a24eb98993f8509a"
}
    def solve(self) -> _Function | Sequence[_Function]:
        """Solve the problem.

        This method updates the solution ``u`` function(s) stored in the
        problem instance.

        Note:
            The user is responsible for asserting convergence of the KSP
            solver e.g. ``problem.solver.getConvergedReason() > 0``.
            Alternatively, pass ``"ksp_error_if_not_converged" : True`` in
            ``petsc_options`` to raise a ``PETScError`` on failure.

        Returns:
            The solution function(s).
        """
        # Assemble lhs
        self.A.zeroEntries()
        assemble_matrix(self.A, self.a, bcs=self.bcs)  # type: ignore[arg-type, misc]
        self.A.assemble()

        # Assemble preconditioner
        if self.P_mat is not None:
            self.P_mat.zeroEntries()
            assemble_matrix(self.P_mat, self.preconditioner, bcs=self.bcs)  # type: ignore[arg-type, misc]
            self.P_mat.assemble()

        # Assemble rhs
        dolfinx.la.petsc._zero_vector(self.b)
        assemble_vector(self.b, self.L)  # type: ignore[arg-type]

        # Apply boundary conditions to the rhs
        if self.bcs is not None:
            if isinstance(self.u, Sequence):  # block or nest
                bcs1 = _bcs_by_block(_extract_function_spaces(self.a, 1), self.bcs)  # type: ignore[arg-type]
                apply_lifting(self.b, self.a, bcs=bcs1)  # type: ignore[arg-type]
                dolfinx.la.petsc._ghost_update(
                    self.b,
                    PETSc.InsertMode.ADD,  # type: ignore[attr-defined]
                    PETSc.ScatterMode.REVERSE,  # type: ignore[attr-defined]
                )
                bcs0 = _bcs_by_block(_extract_function_spaces(self.L), self.bcs)  # type: ignore[arg-type]
                dolfinx.fem.petsc.set_bc(self.b, bcs0)
            else:  # single form
                apply_lifting(self.b, [self.a], bcs=[self.bcs])  # type: ignore[arg-type]
                dolfinx.la.petsc._ghost_update(
                    self.b,
                    PETSc.InsertMode.ADD,  # type: ignore[attr-defined]
                    PETSc.ScatterMode.REVERSE,  # type: ignore[attr-defined]
                )
                for bc in self.bcs:
                    bc.set(self.b.array_w)
        else:
            dolfinx.la.petsc._ghost_update(self.b, PETSc.InsertMode.ADD, PETSc.ScatterMode.REVERSE)  # type: ignore[attr-defined]

        # Solve linear system and update ghost values in the solution
        self.solver.solve(self.b, self.x)
        dolfinx.la.petsc._ghost_update(self.x, PETSc.InsertMode.INSERT, PETSc.ScatterMode.FORWARD)  # type: ignore[attr-defined]
        dolfinx.fem.petsc.assign(self.x, self.u)
        return self.u



