 Starting up Musubi with nprocs:            4

 .___  ___.  __    __       _______. __    __  .______    __  
 |   \/   | |  |  |  |     /       ||  |  |  | |   _  \  |  | 
 |  \  /  | |  |  |  |    |   (----`|  |  |  | |  |_)  | |  | 
 |  |\/|  | |  |  |  |     \   \    |  |  |  | |   _  <  |  | 
 |  |  |  | |  `--'  | .----)   |   |  `--'  | |  |_)  | |  | 
 |__|  |__|  \______/  |_______/     \______/  |______/  |_v2.0.0-4-g4e8b27

 (C) 2012 German Research School for Simulation Sciences
 (C) 2013-2020 University Siegen
 (C) 2021 German Aerospace Center (DLR) -
          Institute of Software Methods for Product Virtualization
 
--------------------------------------------------------------------------------
 | INFORMATION ON THE EXECUTABLE
 | Revision of the code in this executable: 81f8c4f13772+
 |
 | Compiled with GFORTRAN in version 13.4.0
 | Using the command /home/lzy/.local/bin/mpif90
 | And the following flags:
 | -O3 -march=native -Wall -Wno-maybe-uninitialized -Werror -Wno-unused-dum
 | my-argument -fmax-stack-var-size=131072 -std=f2008 -pedantic-errors -O3
 | -march=native -Wall -Wno-maybe-uninitialized -Werror
 |
 | Build date: 2026-08-29
--------------------------------------------------------------------------------
--------------------------------------------------------------------------------
 | PRE-PROCESSING SETTINGS:
 | Using AOS (array of structures data layout)
 | Using PULL for streaming
--------------------------------------------------------------------------------

Run at: 2026-09-01 17:11 UTC+02:00

 Loading configuration file: musubi.lua
--------------------------------------------------------------------------------
--------------------------------------------------------------------------------
--------------------------------------------------------------------------------
Loading general parameters:
Using /dev/null as null device.
Will print run time info in the end
(/proc/self/status).
Size of the IO Buffer (MB): 8
Simulation Name: tau1_reference_scaled_base
 +-------------------------------------------+
  - Now:
  iterations:            0
  simTime   :    0.0000000000000000     
  wallClock :    1.5515629999999999E-003
 
  - Time Control:
 +-------------------------------------------+
Iterations between trigger checks: 1
  - Min:
  iterations:            0
  simTime   :    0.0000000000000000     
 
  - Max:
  iterations:       479004
 
  - Interval:
  iterations:         1198
 +-------------------------------------------+
 
  - Abort Criteria:
  stop_file: /home/lzy/u3da/tau1_reference_scaled_base_20260901/stop
  steady_state:  F
 
  - Status:
 +-------------------------------------------+
 Using global alltoall
 Loading communication pattern:
 isend_irecv
Write timings to: tracking/timing.res
--------------------------------------------------------------------------------
 Loading general solver params: 
 Choosing Control Routine: standard
 Setting SCALING to:diffusive
Solid elements will be removed from BC list
Block size (elements): 576
--------------------------------------------------------------------------------
--------------------------------------------------------------------------------
 Loading restart ...
 *****************************
 Restart read parameters: 
   filename : /home/lzy/u3da/tau1_reference_scaled_base_20260901/restart/tau1_reference_scaled_base_header_239502.lua
 Opening Restart Header /home/lzy/u3da/tau1_reference_scaled_base_20260901/restart/tau1_reference_scaled_base_header_239502.lua
 Solver: Musubi_v2.0.0-4-g4e8b27
--------------------------------------------------------------------------------
 Load mesh header from file: /mnt/e/ULM/hatimb-particle_flow_simulator/ulm_3D_vascular/outputs/cfd_flow/healthy_mouse_capillary_dimensionless_qvalue_base_preflight_anchor003274_20260830/seeder/mesh/header.lua
 The real bounding cube is...
   min:    8.0282771579034593E-005   5.5876359424537691E-005   1.1160639894086849E-004
   max:    1.7828277157903459E-004   1.5467635942453768E-004   1.6700639894086849E-004
 Load mesh from file: /mnt/e/ULM/hatimb-particle_flow_simulator/ulm_3D_vascular/outputs/cfd_flow/healthy_mouse_capillary_dimensionless_qvalue_base_preflight_anchor003274_20260830/seeder/mesh/elemlist.lsb
 using one process to read and broadcast
 Done, reading the mesh!
 NO BALANCING!
 Done loading weights.
 Got a mesh with following properties:
                 Mesh name: fluidTree
  Total number of elements: 182320
  Local number of elements: 45580
      Number of properties: 2
      Number of partitions: 4
             Minimum level: 9
             Maximum level: 9
       Bounding Box Origin:     0.0001    0.0001    0.0001
       Bounding Box Length:     0.0001
     Coarsest element size:     0.0000
       Finest element size:     0.0000
  Number of boundary elements: 17907
      Number of qVal elements: 17820
--------------------------------------------------------------------------------
 Restarting from point in time:
  iterations:       239502
  simTime   :    4.8828134556582652E-004
  wallClock :    4494.5370019610000     
 Loading varsys table 
 Syshandle            1
 *****************************
 
 *****************************
 Restart write parameters: 
   prefix   : /home/lzy/u3da/tau1_reference_scaled_base_20260901/restart/
 +-------------------------------------------+
Iterations between trigger checks: 1
  - Min:
  iterations:       359253
 
  - Max:
  iterations:       479004
 
  - Interval:
  iterations:       119751
 +-------------------------------------------+
 *****************************
 
--------------------------------------------------------------------------------
 Load boundary ID from file: /mnt/e/ULM/hatimb-particle_flow_simulator/ulm_3D_vascular/outputs/cfd_flow/healthy_mouse_capillary_dimensionless_qvalue_base_preflight_anchor003274_20260830/seeder/mesh/bnd.lsb
 read with MPI
Loading qVal data from directory: /mnt/e/ULM/hatimb-particle_flow_simulator/ulm_3D_vascular/outputs/cfd_flow/healthy_mouse_capillary_dimensionless_qvalue_base_preflight_anchor003274_20260830/seeder/mesh/
 Load hasQVal from file: /mnt/e/ULM/hatimb-particle_flow_simulator/ulm_3D_vascular/outputs/cfd_flow/healthy_mouse_capillary_dimensionless_qvalue_base_preflight_anchor003274_20260830/seeder/mesh/qval.lsb
 Done, reading the qVal!
 No IBM found!
--------------------------------------------------------------------------------
Lattice dx and dt on each level
level=9, dxL=   1.00000, dtL=   1.00000
--------------------------------------------------------------------------------
--------------------------------------------------------------------------------
  Loading physics table ...
  Physics table is defined.
  All values are expressed in physical units.
 Speed of sound (cs) is not defined.
 Attempting to load time step dt on coarsest level:
   cs =   56.638E+00
   dt =    2.039E-09
 WARNING: No value given for coulomb0
 WARNING: Reference coulomb0 is not found. 
 Setting reference coulomb0 to fundamental electrical charge.
Reference physical quantities:
  rho0       =    1.056E+03
  mass0      =    8.448E-18
  mole0      =    1.661E-24
  moleDens0  =  207.567E-06
  molWeight0 =    5.088E+06
  Temp0      =    1.000E+00
  coulomb0   =  160.218E-21
Conversion factors on level: 9
  dx            =  200.000E-09
  dt            =    2.039E-09
  pressure      =   10.163E+06
  velocity      =   98.100E+00
  kine. visc.   =   19.620E-06
  dyn. visc.    =   20.719E-03
  acceleration  =   48.118E+09
  force         =  406.501E-09
  body force    =   50.813E+12
  strain rate   =  490.500E+06
  energy        =   81.300E-15
  moleFlux      =   20.362E-03
  chargeDens    =   20.027E+00
  currentDens   =    1.965E+03
  massflux      =  103.594E+03
  diffusivity   =   19.620E-06
  faraday       =   96.485E+03
  gasConst      =   48.960E+09
  potential     =  507.436E+03

Over level scale factor: 
    pressure:    1.000E+00
    velocity:    1.000E+00
 strain rate:    1.000E+00
--------------------------------------------------------------------------------
--------------------------------------------------------------------------------
Loading Scheme identify table: 
kind: fluid
Layout: d3q19
relaxation: bgk
  variant: standard
--------------------------------------------------------------------------------
 Creating stencil kind: d3q19
--------------------------------------------------------------------------------
 Loading the field base info ...
 No field table defined.
 Assuming single field and label = "".
--------------------------------------------------------------------------------
 Initializing global variable system for scheme kind: fluid
 Appending state variables 
--------------------------------------------------------------------------------
Interpolation:
  method: quadratic
   order:  2
  weights_method: linear_distance
  inverse distance powefac:  6
--------------------------------------------------------------------------------
 No possible transport variable defined for scheme kind: fluid
--------------------------------------------------------------------------------
 Loading the fields ...
 Number of fields to load:            1
 No field table and scheme table are defined.Loading field data from config
 Loading field: 
 Loading the fluid properties.
 Loading fluid informations
 loading space time function from key: kinematic_viscosity
 Spacetime function is a const value:    3.2700000000000000E-006
 St-fun is not a table, thus setting global shape.
 No nonNewtonian table defined
 No turbulence table defined
--------------------------------------------------------------------------------
--------------------------------------------------------------------------------
  Loading initial conditions
Loading spatial for pressure
 Load spatial as single constant
   Spatial for pressure is a defined as const
value =    3.388E+06
Loading spatial for velocityX
 Load spatial as single constant
   Spatial for velocityX is a defined as const
value =    0.000E+00
Loading spatial for velocityY
 Load spatial as single constant
   Spatial for velocityY is a defined as const
value =    0.000E+00
Loading spatial for velocityZ
 Load spatial as single constant
   Spatial for velocityZ is a defined as const
value =    0.000E+00
Loading spatial for Sxx
 Load spatial as single constant
 ERROR: Fatal error occured in loading scalar constants
 WARNING: variable is non-existent!
 Setting kind to be "none" and value =    0.000E+00 for all 1 components
   Spatial for Sxx is a defined as none
Loading spatial for Syy
 Load spatial as single constant
 ERROR: Fatal error occured in loading scalar constants
 WARNING: variable is non-existent!
 Setting kind to be "none" and value =    0.000E+00 for all 1 components
   Spatial for Syy is a defined as none
Loading spatial for Szz
 Load spatial as single constant
 ERROR: Fatal error occured in loading scalar constants
 WARNING: variable is non-existent!
 Setting kind to be "none" and value =    0.000E+00 for all 1 components
   Spatial for Szz is a defined as none
Loading spatial for Sxy
 Load spatial as single constant
 ERROR: Fatal error occured in loading scalar constants
 WARNING: variable is non-existent!
 Setting kind to be "none" and value =    0.000E+00 for all 1 components
   Spatial for Sxy is a defined as none
Loading spatial for Syz
 Load spatial as single constant
 ERROR: Fatal error occured in loading scalar constants
 WARNING: variable is non-existent!
 Setting kind to be "none" and value =    0.000E+00 for all 1 components
   Spatial for Syz is a defined as none
Loading spatial for Sxz
 Load spatial as single constant
 ERROR: Fatal error occured in loading scalar constants
 WARNING: variable is non-existent!
 Setting kind to be "none" and value =    0.000E+00 for all 1 components
   Spatial for Sxz is a defined as none
--------------------------------------------------------------------------------
  Loading BC header
   Found BC wall of kind wall_libb
   Found BC inlet of kind adaptive_flux_pressure
   Found BC outlet_01 of kind pressure_eq
   Found BC outlet_02 of kind pressure_eq
   Found BC outlet_03 of kind pressure_eq
 matching boundary defination in lua to mesh
 Number of Boundaries: 5
--------------------------------------------------------------------------------
 Loading boundary definition for nBCs: 5
   Boundary: 1
    Curved:  F
     Wall LIBB treatment: wall
    Default qVal:   0.50000000000000000     
   required neighbors: 0
   Boundary: 2
    Curved:  F
    Adaptive global flux/pressure treatment for inlet
  Loading bc state for mass_flowrate
 Expected variable mass_flowrate is defined
 Did not find a variable name for mass_flowrate
 Trying to load it as an anonymous space time function
 loading space time function from key: mass_flowrate
 Spacetime function is a const value:    2.8901803804796421E-012
 St-fun is not a table, thus setting global shape.
 Found a spacetime function for mass_flowrate
    Default qVal:   0.50000000000000000     
   required neighbors: 2
   Boundary: 3
    Curved:  F
     Outlet pressure equilibrium type for outlet_01
  Loading bc state for pressure
 Expected variable pressure is defined
 Did not find a variable name for pressure
 Trying to load it as an anonymous space time function
 loading space time function from key: pressure
 St-fun is not a table, thus setting global shape.
 Found a spacetime function for pressure
    Default qVal:   0.50000000000000000     
   required neighbors: 2
   Boundary: 4
    Curved:  F
     Outlet pressure equilibrium type for outlet_02
  Loading bc state for pressure
 Expected variable pressure is defined
 Did not find a variable name for pressure
 Trying to load it as an anonymous space time function
 loading space time function from key: pressure
 St-fun is not a table, thus setting global shape.
 Found a spacetime function for pressure
    Default qVal:   0.50000000000000000     
   required neighbors: 2
   Boundary: 5
    Curved:  F
     Outlet pressure equilibrium type for outlet_03
  Loading bc state for pressure
 Expected variable pressure is defined
 Did not find a variable name for pressure
 Trying to load it as an anonymous space time function
 loading space time function from key: pressure
 St-fun is not a table, thus setting global shape.
 Found a spacetime function for pressure
    Default qVal:   0.50000000000000000     
   required neighbors: 2
--------------------------------------------------------------------------------
 Loading the mappings from table: source
 Table source could not be opened for reading variable mappings!
--------------------------------------------------------------------------------
 Loading the mappings from table: glob_source
 Table glob_source could not be opened for reading variable mappings!
 Loading transport variables
--------------------------------------------------------------------------------
 Variable table not defined with key: variable
--------------------------------------------------------------------------------
 No Tracking entities found!
--------------------------------------------------------------------------------
--------------------------------------------------------------------------------
 NO particle modelling
--------------------------------------------------------------------------------
--------------------------------------------------------------------------------
 Initializing musubi ...
 Initializing the scheme ...
 Map stencil to treelm definition and vice versa ...
Initializing the moment matrix by stencil: d3q19
 Building variable system for scheme kind: fluid
 Appending auxiliary variables 
 Current append variable wave loop:            1
 Append derive variables to varSys
 Variable pressure_deviation cant be added due to missing input variable pressure_reference
 Error: variable pressure_deviation is not added to variable system
 Appending boundary variables 
 Append derive physical variables to varSys
 Append meshInfo variables to varSys
 Current append variable wave loop:            2
 Append derive variables to varSys
 Appending boundary variables 
 Append derive physical variables to varSys
 Append meshInfo variables to varSys
 Current append variable wave loop:            3
 Append derive variables to varSys
 Appending boundary variables 
 Append derive physical variables to varSys
 Append meshInfo variables to varSys
 Done appending variables to varSys
 Storing state variable position 
 Storing derive variable position 
--------------------------------------------------------------------------------
 Starting to initialize the geometry
--------------------------------------------------------------------------------
 Creating boundary lists ...
BC: wall, iBnd: 1, normal:   0 -1  1, Ind: 8
BC: outlet_02, iBnd: 2, normal:   1  0  1, Ind: 14
BC: outlet_03, iBnd: 3, normal:  -1  0  0, Ind: 1
BC: inlet, iBnd: 4, normal:   0  0 -1, Ind: 3
BC: outlet_01, iBnd: 5, normal:   0 -1 -1, Ind: 7
 Set BC stencil: outlet_02
 Set BC stencil: outlet_03
 Set BC stencil: inlet
 Set BC stencil: outlet_01
 Finalizing stencils...
 Total Number of stencils: 5
 iStencil:  1, label: d3q19
 nElems: 182320
 iStencil:  2, label: outlet_02_TE2TE3_QQN2
 nElems: 158
 iStencil:  3, label: outlet_03_WW2_QQN2
 nElems: 175
 iStencil:  4, label: inlet_BB2_QQN2
 nElems: 223
 iStencil:  5, label: outlet_01_BS2BS3_QQN2
 nElems: 167
 Allocating level Descriptor ...
 Searching the neighbors for each element ...
 Finished searching the neighbors ID for each fluid.
 Creating level descriptor ...
 Building up the element and total list.
 Building level-wise fluid list ...
--------------------------------------------------------------------------------
 Communicating elements ...
Halo count exchange iteration: 1
 Starting all-to-all exchange of halo counts
Finished all-to-all exchanging number of elements
All to all cost: 0.134857E-02
  Finished counting valid procs and nElemsProcs.
   Done communicating nElems to Transfer
  Requesting remote halos on level 9
   Received requested halo elements successfully.
 Finished requesting remote halos
   Done requesting remote halos.
   Identifying lists
 Done exchanging number of elements to communicate.
Return halo counts and Redefine halos ...
  Returning halo counts on level 9
   Redefining halos ... 
   Done communicating stencil buffer
   Done communicating stencil buffer
   Done communicating stencil buffer
 Done with communication of elements. 
--------------------------------------------------------------------------------

--------------------------------------------------------------------------------
 Communicating elements ...
Halo count exchange iteration: 1
 Starting all-to-all exchange of halo counts
Finished all-to-all exchanging number of elements
All to all cost: 0.581962E-03
  Finished counting valid procs and nElemsProcs.
   Done communicating nElems to Transfer
  Requesting remote halos on level 9
   Received requested halo elements successfully.
 Finished requesting remote halos
   Done requesting remote halos.
   Identifying lists
 Done exchanging number of elements to communicate.
Return halo counts and Redefine halos ...
  Returning halo counts on level 9
   Redefining halos ... 
   Done communicating stencil buffer
   Done communicating stencil buffer
   Done communicating stencil buffer
 Done with communication of elements. 
--------------------------------------------------------------------------------

 Assembling total list ...
     Level: 9
    nElems: 45980
       fluid: 45580
gFromCoarser: 0
  gFromFiner: 0
        halo: 400
 Updating dependencies ...
 Updating the stencil entries
  Updating entries in the element stencils...
 Finished building up element and total list. 
Build neighbor array for stencil: 1
 level:  9, nElems to treat: 45980
Build neighbor array for stencil: 2
 level:  9, nElems to treat: 158
--------------------------------------------------------------------------------

Try to remove solid from BC: outlet_02
 Removed 28 elements on level 9
Try to remove solid from BC: outlet_03
Try to remove solid from BC: inlet
Try to remove solid from BC: outlet_01
 Build vertical dep ...
 Total number of elements on Level: 9
   Fluid:   182320
 Global Elements information:
   nElems overall: 185060
   nElems ghost from finer: 0
   nElems ghost from coarser: 0
 
Start filling field BC neighbor list 
 Allocating PDF state, neighbor and bcBuffer array
 nSize of state array: 45980
 Building state array connectivity ...
 Done with state array connectivity.
Set halo elements comm links
Amount of message per proc: 7914
Communication amount compressed to [%]: 60.81

--------------------------------------------------------------------------------
Done initializing geometry. Took [s]      0.28
--------------------------------------------------------------------------------

 Simulation time homogenize:
  iterations:       239502
  simTime   :    4.8828134556574922E-004
  wallClock :    8.7732235000000047E-002
 Time control homogenize:
 +-------------------------------------------+
Iterations between trigger checks: 1
  - Min:
  iterations:       239502
 
  - Max:
  iterations:       479004
 
  - Interval:
  iterations:         1198
 +-------------------------------------------+
Initialize fluid
  Set relaxation parameter from kinematic viscosity
Fluid properties:
  Reference density rho0:  1.0000000
  Kinematic viscosity STfun kind: const
Kinematic viscosity, (min, max) on level: 9
  Physical: ( 0.0000033, 0.0000033)
  Lattice: ( 0.1666667, 0.1666667)
  Kinematic omega (min,max):( 1.0000000, 1.0000000)
 viscBulk lattice and omega: 
  viscBulk:   0.1111111
  omegaBulk:  1.0000000
Magic lambda for TRT:  0.2500000
HRR sigma:  0.9800000
DRT tauN:  0.7000000
No nonNewtonian table defined.
--------------------------------------------------------------------------------
 Allocate gradient data ...
 Filling gradient data ...
--------------------------------------------------------------------------------
 Create subtree for all space time functions stored 
 in linked list of spacetime function
 Done creating subtree for   0 spacetime functions
--------------------------------------------------------------------------------
--------------------------------------------------------------------------------
 Initializing Source terms ...
 No active source terms
--------------------------------------------------------------------------------
 Initializing transport variables ...
 No active transport variables
  Pulling pdfs from neighbor elements before collision
 Initializing restart...
 Time control homogenize:
 +-------------------------------------------+
Iterations between trigger checks: 1
  - Min:
  iterations:       359253
 
  - Max:
  iterations:       479004
 
  - Interval:
  iterations:       119751
 +-------------------------------------------+
 Auxiliary field halo communication DEACTIVATED.
Initialize BndForce
 Initializing IBM surface data
--------------------------------------------------------------------------------

 Reading restart...
  Open read... 
  Closed Read.
 Done reading restart.
 Initialize compute kernel for scheme kind: fluid
 Choosing fluid relaxation model: bgk for layout d3q19
 mus_load_particles: no particle table found
Initialize 5 boundary conditions
 Initializing BC: wall
 Initializing BC: outlet_02
 Initializing BC: outlet_03
 Initializing BC: inlet
 Initializing BC: outlet_01
--------------------------------------------------------------------------------
 Starting Musubi MAIN loop with time control:
 +-------------------------------------------+
Iterations between trigger checks: 1
  - Min:
  iterations:       239502
 
  - Max:
  iterations:       479004
 
  - Interval:
  iterations:         1198
 +-------------------------------------------+
Select fast single level control routine.
Particulate flow simulations disabled!
--------------------------------------------------------------------------------
  iterations:       239502
  simTime   :    4.8828134556574922E-004
  wallClock :    8.7732235000000047E-002
      field |       total density
          1 |  182.3289883175E+03

  iterations:       240700
  simTime   :    4.9072375127414542E-004
  wallClock :    26.904423350999998     
      field |       total density
          1 |  182.3289883175E+03

  iterations:       241898
  simTime   :    4.9316615698254162E-004
  wallClock :    52.799526477999997     
      field |       total density
          1 |  182.3289883175E+03

  iterations:       243096
  simTime   :    4.9560856269093782E-004
  wallClock :    77.217331653000002     
      field |       total density
          1 |  182.3289883175E+03

  iterations:       244294
  simTime   :    4.9805096839933402E-004
  wallClock :    101.26091915400001     
      field |       total density
          1 |  182.3289883175E+03

  iterations:       245492
  simTime   :    5.0049337410773022E-004
  wallClock :    127.37765907700000     
      field |       total density
          1 |  182.3289883175E+03

  iterations:       246690
  simTime   :    5.0293577981612642E-004
  wallClock :    151.07826883600001     
      field |       total density
          1 |  182.3289883175E+03

  iterations:       247888
  simTime   :    5.0537818552452262E-004
  wallClock :    173.42165552899999     
      field |       total density
          1 |  182.3289883175E+03

  iterations:       249086
  simTime   :    5.0782059123291882E-004
  wallClock :    196.33533651200000     
      field |       total density
          1 |  182.3289883175E+03

  iterations:       250284
  simTime   :    5.1026299694131502E-004
  wallClock :    217.58818805799999     
      field |       total density
          1 |  182.3289883175E+03

  iterations:       251482
  simTime   :    5.1270540264971123E-004
  wallClock :    240.04177854299999     
      field |       total density
          1 |  182.3289883175E+03

  iterations:       252680
  simTime   :    5.1514780835810743E-004
  wallClock :    264.74659017099998     
      field |       total density
          1 |  182.3289883175E+03

  iterations:       253878
  simTime   :    5.1759021406650363E-004
  wallClock :    289.36440019100002     
      field |       total density
          1 |  182.3289883175E+03

  iterations:       255076
  simTime   :    5.2003261977489983E-004
  wallClock :    311.25131521899999     
      field |       total density
          1 |  182.3289883175E+03

  iterations:       256274
  simTime   :    5.2247502548329603E-004
  wallClock :    333.49818897300003     
      field |       total density
          1 |  182.3289883175E+03

  iterations:       257472
  simTime   :    5.2491743119169223E-004
  wallClock :    355.68418234799998     
      field |       total density
          1 |  182.3289883175E+03

  iterations:       258670
  simTime   :    5.2735983690008843E-004
  wallClock :    378.06298760200002     
      field |       total density
          1 |  182.3289883175E+03

  iterations:       259868
  simTime   :    5.2980224260848463E-004
  wallClock :    398.12235448500002     
      field |       total density
          1 |  182.3289883175E+03

  iterations:       261066
  simTime   :    5.3224464831688083E-004
  wallClock :    420.31060713900001     
      field |       total density
          1 |  182.3289883175E+03

  iterations:       262264
  simTime   :    5.3468705402527703E-004
  wallClock :    442.11027501199999     
      field |       total density
          1 |  182.3289883175E+03

  iterations:       263462
  simTime   :    5.3712945973367324E-004
  wallClock :    463.99533169599999     
      field |       total density
          1 |  182.3289883175E+03

  iterations:       264660
  simTime   :    5.3957186544206944E-004
  wallClock :    486.23800865300001     
      field |       total density
          1 |  182.3289883175E+03

  iterations:       265858
  simTime   :    5.4201427115046564E-004
  wallClock :    512.21982030900006     
      field |       total density
          1 |  182.3289883175E+03

  iterations:       267056
  simTime   :    5.4445667685886184E-004
  wallClock :    538.19100379700001     
      field |       total density
          1 |  182.3289883175E+03

  iterations:       268254
  simTime   :    5.4689908256725804E-004
  wallClock :    562.30761631799999     
      field |       total density
          1 |  182.3289883175E+03

  iterations:       269452
  simTime   :    5.4934148827565424E-004
  wallClock :    588.61074931400003     
      field |       total density
          1 |  182.3289883175E+03

  iterations:       270650
  simTime   :    5.5178389398405044E-004
  wallClock :    612.07977689600000     
      field |       total density
          1 |  182.3289883175E+03

  iterations:       271848
  simTime   :    5.5422629969244664E-004
  wallClock :    633.84665106900002     
      field |       total density
          1 |  182.3289883175E+03

  iterations:       273046
  simTime   :    5.5666870540084284E-004
  wallClock :    658.67710943099996     
      field |       total density
          1 |  182.3289883175E+03

  iterations:       274244
  simTime   :    5.5911111110923904E-004
  wallClock :    681.26131043199996     
      field |       total density
          1 |  182.3289883175E+03

  iterations:       275442
  simTime   :    5.6155351681763525E-004
  wallClock :    707.94584604299996     
      field |       total density
          1 |  182.3289883175E+03

  iterations:       276640
  simTime   :    5.6399592252603145E-004
  wallClock :    733.99712016700005     
      field |       total density
          1 |  182.3289883175E+03

  iterations:       277838
  simTime   :    5.6643832823442765E-004
  wallClock :    759.78927928500002     
      field |       total density
          1 |  182.3289883175E+03

  iterations:       279036
  simTime   :    5.6888073394282385E-004
  wallClock :    783.51130132599997     
      field |       total density
          1 |  182.3289883175E+03

  iterations:       280234
  simTime   :    5.7132313965122005E-004
  wallClock :    807.18797677400005     
      field |       total density
          1 |  182.3289883175E+03

  iterations:       281432
  simTime   :    5.7376554535961625E-004
  wallClock :    831.34823726299999     
      field |       total density
          1 |  182.3289883175E+03

  iterations:       282630
  simTime   :    5.7620795106801245E-004
  wallClock :    854.84869637999998     
      field |       total density
          1 |  182.3289883175E+03

  iterations:       283828
  simTime   :    5.7865035677640865E-004
  wallClock :    878.23086214299997     
      field |       total density
          1 |  182.3289883175E+03

  iterations:       285026
  simTime   :    5.8109276248480485E-004
  wallClock :    904.76761790000000     
      field |       total density
          1 |  182.3289883175E+03

  iterations:       286224
  simTime   :    5.8353516819320105E-004
  wallClock :    930.56001926199997     
      field |       total density
          1 |  182.3289883175E+03

  iterations:       287422
  simTime   :    5.8597757390159726E-004
  wallClock :    956.31218878300001     
      field |       total density
          1 |  182.3289883175E+03

  iterations:       288620
  simTime   :    5.8841997960999346E-004
  wallClock :    983.00765868600001     
      field |       total density
          1 |  182.3289883175E+03

  iterations:       289818
  simTime   :    5.9086238531838966E-004
  wallClock :    1006.9928666180000     
      field |       total density
          1 |  182.3289883175E+03

  iterations:       291016
  simTime   :    5.9330479102678586E-004
  wallClock :    1031.1842909200000     
      field |       total density
          1 |  182.3289883175E+03

  iterations:       292214
  simTime   :    5.9574719673518206E-004
  wallClock :    1054.0888068320000     
      field |       total density
          1 |  182.3289883175E+03

  iterations:       293412
  simTime   :    5.9818960244357826E-004
  wallClock :    1078.6645295979999     
      field |       total density
          1 |  182.3289883175E+03

  iterations:       294610
  simTime   :    6.0063200815197446E-004
  wallClock :    1105.7570644570001     
      field |       total density
          1 |  182.3289883175E+03

  iterations:       295808
  simTime   :    6.0307441386037066E-004
  wallClock :    1126.2487929819999     
      field |       total density
          1 |  182.3289883175E+03

  iterations:       297006
  simTime   :    6.0551681956876686E-004
  wallClock :    1149.3382030570001     
      field |       total density
          1 |  182.3289883175E+03

  iterations:       298204
  simTime   :    6.0795922527716306E-004
  wallClock :    1169.2604656560000     
      field |       total density
          1 |  182.3289883175E+03

  iterations:       299402
  simTime   :    6.1040163098555927E-004
  wallClock :    1190.6756093150000     
      field |       total density
          1 |  182.3289883175E+03

  iterations:       300600
  simTime   :    6.1284403669395547E-004
  wallClock :    1212.7117357059999     
      field |       total density
          1 |  182.3289883175E+03

  iterations:       301798
  simTime   :    6.1528644240235167E-004
  wallClock :    1235.9166609080000     
      field |       total density
          1 |  182.3289883175E+03

  iterations:       302996
  simTime   :    6.1772884811074787E-004
  wallClock :    1259.2238543330000     
      field |       total density
          1 |  182.3289883175E+03

  iterations:       304194
  simTime   :    6.2017125381914407E-004
  wallClock :    1281.8352061950000     
      field |       total density
          1 |  182.3289883175E+03

  iterations:       305392
  simTime   :    6.2261365952754027E-004
  wallClock :    1304.3999787700000     
      field |       total density
          1 |  182.3289883175E+03

  iterations:       306590
  simTime   :    6.2505606523593647E-004
  wallClock :    1325.4940019359999     
      field |       total density
          1 |  182.3289883175E+03

  iterations:       307788
  simTime   :    6.2749847094433267E-004
  wallClock :    1346.2234793489999     
      field |       total density
          1 |  182.3289883175E+03

  iterations:       308986
  simTime   :    6.2994087665272887E-004
  wallClock :    1367.1094220650000     
      field |       total density
          1 |  182.3289883175E+03

  iterations:       310184
  simTime   :    6.3238328236112507E-004
  wallClock :    1388.3138433060001     
      field |       total density
          1 |  182.3289883175E+03

  iterations:       311382
  simTime   :    6.3482568806952128E-004
  wallClock :    1408.8830966099999     
      field |       total density
          1 |  182.3289883175E+03

  iterations:       312580
  simTime   :    6.3726809377791748E-004
  wallClock :    1429.3024308820000     
      field |       total density
          1 |  182.3289883175E+03

  iterations:       313778
  simTime   :    6.3971049948631368E-004
  wallClock :    1451.8556810780001     
      field |       total density
          1 |  182.3289883175E+03

  iterations:       314976
  simTime   :    6.4215290519470988E-004
  wallClock :    1472.3959938460000     
      field |       total density
          1 |  182.3289883175E+03

  iterations:       316174
  simTime   :    6.4459531090310608E-004
  wallClock :    1492.9055808460000     
      field |       total density
          1 |  182.3289883175E+03

  iterations:       317372
  simTime   :    6.4703771661150228E-004
  wallClock :    1512.7547383110000     
      field |       total density
          1 |  182.3289883175E+03

  iterations:       318570
  simTime   :    6.4948012231989848E-004
  wallClock :    1532.9842536980000     
      field |       total density
          1 |  182.3289883175E+03

  iterations:       319768
  simTime   :    6.5192252802829468E-004
  wallClock :    1553.5560020260000     
      field |       total density
          1 |  182.3289883175E+03

  iterations:       320966
  simTime   :    6.5436493373669088E-004
  wallClock :    1574.4510991160000     
      field |       total density
          1 |  182.3289883175E+03

  iterations:       322164
  simTime   :    6.5680733944508708E-004
  wallClock :    1596.2459270490001     
      field |       total density
          1 |  182.3289883175E+03

  iterations:       323362
  simTime   :    6.5924974515348329E-004
  wallClock :    1618.7190920170001     
      field |       total density
          1 |  182.3289883175E+03

  iterations:       324560
  simTime   :    6.6169215086187949E-004
  wallClock :    1640.9811940980001     
      field |       total density
          1 |  182.3289883175E+03

  iterations:       325758
  simTime   :    6.6413455657027569E-004
  wallClock :    1663.0215579880000     
      field |       total density
          1 |  182.3289883175E+03

  iterations:       326956
  simTime   :    6.6657696227867189E-004
  wallClock :    1684.2533785030000     
      field |       total density
          1 |  182.3289883175E+03

  iterations:       328154
  simTime   :    6.6901936798706809E-004
  wallClock :    1704.7992615840001     
      field |       total density
          1 |  182.3289883175E+03

  iterations:       329352
  simTime   :    6.7146177369546429E-004
  wallClock :    1725.7056695320000     
      field |       total density
          1 |  182.3289883175E+03

  iterations:       330550
  simTime   :    6.7390417940386049E-004
  wallClock :    1745.8651115539999     
      field |       total density
          1 |  182.3289883175E+03

  iterations:       331748
  simTime   :    6.7634658511225669E-004
  wallClock :    1766.2500331520000     
      field |       total density
          1 |  182.3289883175E+03

  iterations:       332946
  simTime   :    6.7878899082065289E-004
  wallClock :    1788.1502702549999     
      field |       total density
          1 |  182.3289883175E+03

  iterations:       334144
  simTime   :    6.8123139652904909E-004
  wallClock :    1809.5237942450001     
      field |       total density
          1 |  182.3289883175E+03

  iterations:       335342
  simTime   :    6.8367380223744530E-004
  wallClock :    1829.5007848580001     
      field |       total density
          1 |  182.3289883175E+03

  iterations:       336540
  simTime   :    6.8611620794584150E-004
  wallClock :    1849.3926230489999     
      field |       total density
          1 |  182.3289883175E+03

  iterations:       337738
  simTime   :    6.8855861365423770E-004
  wallClock :    1870.2835927399999     
      field |       total density
          1 |  182.3289883175E+03

  iterations:       338936
  simTime   :    6.9100101936263390E-004
  wallClock :    1890.0864730210001     
      field |       total density
          1 |  182.3289883175E+03

  iterations:       340134
  simTime   :    6.9344342507103010E-004
  wallClock :    1910.2930485400000     
      field |       total density
          1 |  182.3289883175E+03

  iterations:       341332
  simTime   :    6.9588583077942630E-004
  wallClock :    1934.4963136310000     
      field |       total density
          1 |  182.3289883175E+03

  iterations:       342530
  simTime   :    6.9832823648782250E-004
  wallClock :    1956.0424158159999     
      field |       total density
          1 |  182.3289883175E+03

  iterations:       343728
  simTime   :    7.0077064219621870E-004
  wallClock :    1976.9198105160001     
      field |       total density
          1 |  182.3289883175E+03

  iterations:       344926
  simTime   :    7.0321304790461490E-004
  wallClock :    1998.5757959660000     
      field |       total density
          1 |  182.3289883175E+03

  iterations:       346124
  simTime   :    7.0565545361301110E-004
  wallClock :    2019.9614515090000     
      field |       total density
          1 |  182.3289883175E+03

  iterations:       347322
  simTime   :    7.0809785932140731E-004
  wallClock :    2042.1465935880001     
      field |       total density
          1 |  182.3289883175E+03

  iterations:       348520
  simTime   :    7.1054026502980351E-004
  wallClock :    2065.0906822980000     
      field |       total density
          1 |  182.3289883175E+03

  iterations:       349718
  simTime   :    7.1298267073819971E-004
  wallClock :    2088.5852348459998     
      field |       total density
          1 |  182.3289883175E+03

  iterations:       350916
  simTime   :    7.1542507644659591E-004
  wallClock :    2111.2617317469999     
      field |       total density
          1 |  182.3289883175E+03

  iterations:       352114
  simTime   :    7.1786748215499211E-004
  wallClock :    2136.6009306490000     
      field |       total density
          1 |  182.3289883175E+03

  iterations:       353312
  simTime   :    7.2030988786338831E-004
  wallClock :    2158.9340356130001     
      field |       total density
          1 |  182.3289883175E+03

  iterations:       354510
  simTime   :    7.2275229357178451E-004
  wallClock :    2179.9006519019999     
      field |       total density
          1 |  182.3289883175E+03

  iterations:       355708
  simTime   :    7.2519469928018071E-004
  wallClock :    2199.4796216830000     
      field |       total density
          1 |  182.3289883175E+03

  iterations:       356906
  simTime   :    7.2763710498857691E-004
  wallClock :    2219.7286527739998     
      field |       total density
          1 |  182.3289883175E+03

  iterations:       358104
  simTime   :    7.3007951069697311E-004
  wallClock :    2240.9181447830001     
      field |       total density
          1 |  182.3289883175E+03

ADAPTIVE_FLUX_PRESSURE iter=359253 target_lattice= 6.9748043809647912E-004 controlled_lattice= 6.9748043810083198E-004 relative_error= 6.2408271893249767E-012 rho_boundary= 1.0001568797830453E+000 pressure_pa= 3.3880421519468166E+006 max_lattice_velocity= 8.2662474983141915E-006 minimum_pdf= 2.7781445775477628E-002 globBC_count=223
  Writing restart at:
  iterations:       359253
  simTime   :    7.3242201834217114E-004
  wallClock :    2259.0881967500000     
 Done writing
  iterations:       359302
  simTime   :    7.3252191640536932E-004
  wallClock :    2259.9383438929999     
      field |       total density
          1 |  182.3289883175E+03

  iterations:       360500
  simTime   :    7.3496432211376552E-004
  wallClock :    2280.5341093170000     
      field |       total density
          1 |  182.3289883175E+03

  iterations:       361698
  simTime   :    7.3740672782216172E-004
  wallClock :    2301.8563607850001     
      field |       total density
          1 |  182.3289883175E+03

  iterations:       362896
  simTime   :    7.3984913353055792E-004
  wallClock :    2321.3219074439999     
      field |       total density
          1 |  182.3289883175E+03

  iterations:       364094
  simTime   :    7.4229153923895412E-004
  wallClock :    2340.7467743200000     
      field |       total density
          1 |  182.3289883175E+03

  iterations:       365292
  simTime   :    7.4473394494735032E-004
  wallClock :    2361.1906511100001     
      field |       total density
          1 |  182.3289883175E+03

  iterations:       366490
  simTime   :    7.4717635065574652E-004
  wallClock :    2382.4728026690000     
      field |       total density
          1 |  182.3289883175E+03

  iterations:       367688
  simTime   :    7.4961875636414272E-004
  wallClock :    2409.0166024050000     
      field |       total density
          1 |  182.3289883175E+03

  iterations:       368886
  simTime   :    7.5206116207253892E-004
  wallClock :    2434.9362165590001     
      field |       total density
          1 |  182.3289883175E+03

  iterations:       370084
  simTime   :    7.5450356778093512E-004
  wallClock :    2462.0139737330001     
      field |       total density
          1 |  182.3289883175E+03

  iterations:       371282
  simTime   :    7.5694597348933133E-004
  wallClock :    2487.6940619950001     
      field |       total density
          1 |  182.3289883175E+03

  iterations:       372480
  simTime   :    7.5938837919772753E-004
  wallClock :    2515.3195786719998     
      field |       total density
          1 |  182.3289883175E+03

  iterations:       373678
  simTime   :    7.6183078490612373E-004
  wallClock :    2546.7521425710001     
      field |       total density
          1 |  182.3289883175E+03

  iterations:       374876
  simTime   :    7.6427319061451993E-004
  wallClock :    2575.3580872319999     
      field |       total density
          1 |  182.3289883175E+03

  iterations:       376074
  simTime   :    7.6671559632291613E-004
  wallClock :    2601.9715019450000     
      field |       total density
          1 |  182.3289883175E+03

  iterations:       377272
  simTime   :    7.6915800203131233E-004
  wallClock :    2626.0404396230001     
      field |       total density
          1 |  182.3289883175E+03

  iterations:       378470
  simTime   :    7.7160040773970853E-004
  wallClock :    2650.6497626430000     
      field |       total density
          1 |  182.3289883175E+03

  iterations:       379668
  simTime   :    7.7404281344810473E-004
  wallClock :    2675.1611224980002     
      field |       total density
          1 |  182.3289883175E+03

  iterations:       380866
  simTime   :    7.7648521915650093E-004
  wallClock :    2699.8660400439999     
      field |       total density
          1 |  182.3289883175E+03

  iterations:       382064
  simTime   :    7.7892762486489713E-004
  wallClock :    2724.4832109399999     
      field |       total density
          1 |  182.3289883175E+03

  iterations:       383262
  simTime   :    7.8137003057329334E-004
  wallClock :    2750.0703308460002     
      field |       total density
          1 |  182.3289883175E+03

  iterations:       384460
  simTime   :    7.8381243628168954E-004
  wallClock :    2774.2644110820002     
      field |       total density
          1 |  182.3289883175E+03

  iterations:       385658
  simTime   :    7.8625484199008574E-004
  wallClock :    2800.8395286260002     
      field |       total density
          1 |  182.3289883175E+03

  iterations:       386856
  simTime   :    7.8869724769848194E-004
  wallClock :    2826.8894059459999     
      field |       total density
          1 |  182.3289883175E+03

  iterations:       388054
  simTime   :    7.9113965340687814E-004
  wallClock :    2854.5193397749999     
      field |       total density
          1 |  182.3289883175E+03

  iterations:       389252
  simTime   :    7.9358205911527434E-004
  wallClock :    2881.1083597390002     
      field |       total density
          1 |  182.3289883175E+03

  iterations:       390450
  simTime   :    7.9602446482367054E-004
  wallClock :    2908.6356503620000     
      field |       total density
          1 |  182.3289883175E+03

  iterations:       391648
  simTime   :    7.9846687053206674E-004
  wallClock :    2933.1234943850000     
      field |       total density
          1 |  182.3289883175E+03

  iterations:       392846
  simTime   :    8.0090927624046294E-004
  wallClock :    2957.4190974049998     
      field |       total density
          1 |  182.3289883175E+03

  iterations:       394044
  simTime   :    8.0335168194885914E-004
  wallClock :    2982.7884461469998     
      field |       total density
          1 |  182.3289883175E+03

  iterations:       395242
  simTime   :    8.0579408765725535E-004
  wallClock :    3007.6102158220001     
      field |       total density
          1 |  182.3289883175E+03

  iterations:       396440
  simTime   :    8.0823649336565155E-004
  wallClock :    3033.4220598890001     
      field |       total density
          1 |  182.3289883175E+03

  iterations:       397638
  simTime   :    8.1067889907404775E-004
  wallClock :    3058.4680263569999     
      field |       total density
          1 |  182.3289883175E+03

  iterations:       398836
  simTime   :    8.1312130478244395E-004
  wallClock :    3082.4798649129998     
      field |       total density
          1 |  182.3289883175E+03

  iterations:       400034
  simTime   :    8.1556371049084015E-004
  wallClock :    3106.3641627699999     
      field |       total density
          1 |  182.3289883175E+03

  iterations:       401232
  simTime   :    8.1800611619923635E-004
  wallClock :    3130.5372175269999     
      field |       total density
          1 |  182.3289883175E+03

  iterations:       402430
  simTime   :    8.2044852190763255E-004
  wallClock :    3155.8808788100000     
      field |       total density
          1 |  182.3289883175E+03

  iterations:       403628
  simTime   :    8.2289092761602875E-004
  wallClock :    3180.3759992880000     
      field |       total density
          1 |  182.3289883175E+03

  iterations:       404826
  simTime   :    8.2533333332442495E-004
  wallClock :    3204.9284004440001     
      field |       total density
          1 |  182.3289883175E+03

  iterations:       406024
  simTime   :    8.2777573903282115E-004
  wallClock :    3228.1430368289998     
      field |       total density
          1 |  182.3289883175E+03

  iterations:       407222
  simTime   :    8.3021814474121736E-004
  wallClock :    3252.8944261659999     
      field |       total density
          1 |  182.3289883175E+03

  iterations:       408420
  simTime   :    8.3266055044961356E-004
  wallClock :    3276.2333269460000     
      field |       total density
          1 |  182.3289883175E+03

  iterations:       409618
  simTime   :    8.3510295615800976E-004
  wallClock :    3299.6689629080001     
      field |       total density
          1 |  182.3289883175E+03

  iterations:       410816
  simTime   :    8.3754536186640596E-004
  wallClock :    3322.8631730379998     
      field |       total density
          1 |  182.3289883175E+03

  iterations:       412014
  simTime   :    8.3998776757480216E-004
  wallClock :    3346.3331375700000     
      field |       total density
          1 |  182.3289883175E+03

  iterations:       413212
  simTime   :    8.4243017328319836E-004
  wallClock :    3371.0134969780001     
      field |       total density
          1 |  182.3289883175E+03

  iterations:       414410
  simTime   :    8.4487257899159456E-004
  wallClock :    3394.2767164779998     
      field |       total density
          1 |  182.3289883175E+03

  iterations:       415608
  simTime   :    8.4731498469999076E-004
  wallClock :    3417.9862447920000     
      field |       total density
          1 |  182.3289883175E+03

  iterations:       416806
  simTime   :    8.4975739040838696E-004
  wallClock :    3443.6340563939998     
      field |       total density
          1 |  182.3289883175E+03

  iterations:       418004
  simTime   :    8.5219979611678316E-004
  wallClock :    3467.0273626479998     
      field |       total density
          1 |  182.3289883175E+03

  iterations:       419202
  simTime   :    8.5464220182517937E-004
  wallClock :    3490.8215611820001     
      field |       total density
          1 |  182.3289883175E+03

  iterations:       420400
  simTime   :    8.5708460753357557E-004
  wallClock :    3516.7980424640000     
      field |       total density
          1 |  182.3289883175E+03

  iterations:       421598
  simTime   :    8.5952701324197177E-004
  wallClock :    3539.9917723640001     
      field |       total density
          1 |  182.3289883175E+03

  iterations:       422796
  simTime   :    8.6196941895036797E-004
  wallClock :    3563.2285358800000     
      field |       total density
          1 |  182.3289883175E+03

  iterations:       423994
  simTime   :    8.6441182465876417E-004
  wallClock :    3588.2206569539999     
      field |       total density
          1 |  182.3289883175E+03

  iterations:       425192
  simTime   :    8.6685423036716037E-004
  wallClock :    3612.7696974410001     
      field |       total density
          1 |  182.3289883175E+03

  iterations:       426390
  simTime   :    8.6929663607555657E-004
  wallClock :    3636.2918795840001     
      field |       total density
          1 |  182.3289883175E+03

  iterations:       427588
  simTime   :    8.7173904178395277E-004
  wallClock :    3659.5207232120001     
      field |       total density
          1 |  182.3289883175E+03

  iterations:       428786
  simTime   :    8.7418144749234897E-004
  wallClock :    3682.6809272710002     
      field |       total density
          1 |  182.3289883175E+03

  iterations:       429984
  simTime   :    8.7662385320074517E-004
  wallClock :    3707.5979788760001     
      field |       total density
          1 |  182.3289883175E+03

  iterations:       431182
  simTime   :    8.7906625890914138E-004
  wallClock :    3730.6625286789999     
      field |       total density
          1 |  182.3289883175E+03

  iterations:       432380
  simTime   :    8.8150866461753758E-004
  wallClock :    3754.7603194610001     
      field |       total density
          1 |  182.3289883175E+03

  iterations:       433578
  simTime   :    8.8395107032593378E-004
  wallClock :    3779.0936008970002     
      field |       total density
          1 |  182.3289883175E+03

  iterations:       434776
  simTime   :    8.8639347603432998E-004
  wallClock :    3803.8455064499999     
      field |       total density
          1 |  182.3289883175E+03

  iterations:       435974
  simTime   :    8.8883588174272618E-004
  wallClock :    3827.4522960089998     
      field |       total density
          1 |  182.3289883175E+03

  iterations:       437172
  simTime   :    8.9127828745112238E-004
  wallClock :    3851.0200809280000     
      field |       total density
          1 |  182.3289883175E+03

  iterations:       438370
  simTime   :    8.9372069315951858E-004
  wallClock :    3876.1829940030002     
      field |       total density
          1 |  182.3289883175E+03

  iterations:       439568
  simTime   :    8.9616309886791478E-004
  wallClock :    3899.7580012550002     
      field |       total density
          1 |  182.3289883175E+03

  iterations:       440766
  simTime   :    8.9860550457631098E-004
  wallClock :    3924.2219262720000     
      field |       total density
          1 |  182.3289883175E+03

  iterations:       441964
  simTime   :    9.0104791028470718E-004
  wallClock :    3947.5159787190000     
      field |       total density
          1 |  182.3289883175E+03

  iterations:       443162
  simTime   :    9.0349031599310339E-004
  wallClock :    3971.4742856240000     
      field |       total density
          1 |  182.3289883175E+03

  iterations:       444360
  simTime   :    9.0593272170149959E-004
  wallClock :    3996.1658670840002     
      field |       total density
          1 |  182.3289883175E+03

  iterations:       445558
  simTime   :    9.0837512740989579E-004
  wallClock :    4019.4277124109999     
      field |       total density
          1 |  182.3289883175E+03

  iterations:       446756
  simTime   :    9.1081753311829199E-004
  wallClock :    4044.4234918789998     
      field |       total density
          1 |  182.3289883175E+03

  iterations:       447954
  simTime   :    9.1325993882668819E-004
  wallClock :    4067.7172674869998     
      field |       total density
          1 |  182.3289883175E+03

  iterations:       449152
  simTime   :    9.1570234453508439E-004
  wallClock :    4090.8665221480001     
      field |       total density
          1 |  182.3289883175E+03

  iterations:       450350
  simTime   :    9.1814475024348059E-004
  wallClock :    4116.9844759170001     
      field |       total density
          1 |  182.3289883175E+03

  iterations:       451548
  simTime   :    9.2058715595187679E-004
  wallClock :    4140.0339606099997     
      field |       total density
          1 |  182.3289883175E+03

  iterations:       452746
  simTime   :    9.2302956166027299E-004
  wallClock :    4163.3430875160002     
      field |       total density
          1 |  182.3289883175E+03

  iterations:       453944
  simTime   :    9.2547196736866919E-004
  wallClock :    4188.0485221589997     
      field |       total density
          1 |  182.3289883175E+03

  iterations:       455142
  simTime   :    9.2791437307706540E-004
  wallClock :    4211.6992827410004     
      field |       total density
          1 |  182.3289883175E+03

  iterations:       456340
  simTime   :    9.3035677878546160E-004
  wallClock :    4234.9045408880002     
      field |       total density
          1 |  182.3289883175E+03

  iterations:       457538
  simTime   :    9.3279918449385780E-004
  wallClock :    4260.0364198489997     
      field |       total density
          1 |  182.3289883175E+03

  iterations:       458736
  simTime   :    9.3524159020225400E-004
  wallClock :    4283.3105256010003     
      field |       total density
          1 |  182.3289883175E+03

  iterations:       459934
  simTime   :    9.3768399591065020E-004
  wallClock :    4306.4976457740004     
      field |       total density
          1 |  182.3289883175E+03

  iterations:       461132
  simTime   :    9.4012640161904640E-004
  wallClock :    4331.4700622890005     
      field |       total density
          1 |  182.3289883175E+03

  iterations:       462330
  simTime   :    9.4256880732744260E-004
  wallClock :    4355.1960242750001     
      field |       total density
          1 |  182.3289883175E+03

  iterations:       463528
  simTime   :    9.4501121303583880E-004
  wallClock :    4378.3550938850003     
      field |       total density
          1 |  182.3289883175E+03

  iterations:       464726
  simTime   :    9.4745361874423500E-004
  wallClock :    4404.6213899530003     
      field |       total density
          1 |  182.3289883175E+03

  iterations:       465924
  simTime   :    9.4989602445263120E-004
  wallClock :    4428.2340176790003     
      field |       total density
          1 |  182.3289883175E+03

  iterations:       467122
  simTime   :    9.5233843016102741E-004
  wallClock :    4451.8199914139996     
      field |       total density
          1 |  182.3289883175E+03

  iterations:       468320
  simTime   :    9.5478083586942361E-004
  wallClock :    4475.3349740220001     
      field |       total density
          1 |  182.3289883175E+03

  iterations:       469518
  simTime   :    9.5722324157781981E-004
  wallClock :    4498.6126639479999     
      field |       total density
          1 |  182.3289883175E+03

  iterations:       470716
  simTime   :    9.5966564728621601E-004
  wallClock :    4524.1896947539999     
      field |       total density
          1 |  182.3289883175E+03

  iterations:       471914
  simTime   :    9.6210805299461221E-004
  wallClock :    4547.5656606230004     
      field |       total density
          1 |  182.3289883175E+03

  iterations:       473112
  simTime   :    9.6455045870300841E-004
  wallClock :    4571.9273229170003     
      field |       total density
          1 |  182.3289883175E+03

  iterations:       474310
  simTime   :    9.6699286441140461E-004
  wallClock :    4597.1635320719997     
      field |       total density
          1 |  182.3289883175E+03

  iterations:       475508
  simTime   :    9.6943527011980081E-004
  wallClock :    4620.7042855689997     
      field |       total density
          1 |  182.3289883175E+03

  iterations:       476706
  simTime   :    9.7187767582819701E-004
  wallClock :    4644.4456637590001     
      field |       total density
          1 |  182.3289883175E+03

  iterations:       477904
  simTime   :    9.7432008153659321E-004
  wallClock :    4669.6002247460001     
      field |       total density
          1 |  182.3289883175E+03

ADAPTIVE_FLUX_PRESSURE iter=479004 target_lattice= 6.9748043809647912E-004 controlled_lattice= 6.9748043809779664E-004 relative_error= 1.8889740959618692E-012 rho_boundary= 1.0001568797830498E+000 pressure_pa= 3.3880421519468320E+006 max_lattice_velocity= 8.2662474982863715E-006 minimum_pdf= 2.7781445775477764E-002 globBC_count=223
  Writing restart at:
  iterations:       479004
  simTime   :    9.7656269111859317E-004
  wallClock :    4691.3429904340001     
 Done writing

SUCCESSFUL run!
 Status of the simulation now:
 +--------------------------------------------+
 STATUS:
  * Reached maximal number of iterations
 +--------------------------------------------+

  iterations:       479004
  simTime   :    9.7656269111859317E-004
  wallClock :    4691.3429904340001     
      field |       total density
          1 |  182.3289883175E+03

--------------------------------------------------------------------------------
 Load balance evaluation:
  max CPU cost:   4581.50 (s)
  ave CPU cost:   4536.68 (s)
 imbalance (i.e. max/ave):    100.99%
--------------------------------------------------------------------------------
--------------------------------------------------------------------------------
Boundary timing information:
        wall, min time:   697.65, max time:  1033.51
   outlet_02, min time:     2.34, max time:    30.51
   outlet_03, min time:     0.48, max time:    29.40
       inlet, min time:    66.35, max time:   546.50
   outlet_01, min time:     0.49, max time:    21.36
--------------------------------------------------------------------------------
Name:	musubi_adaptive
Umask:	0022
State:	R (running)
Tgid:	6203
Ngid:	0
Pid:	6203
PPid:	6198
TracerPid:	0
Uid:	1000	1000	1000	1000
Gid:	1000	1000	1000	1000
FDSize:	64
Groups:	4 24 27 30 46 100 1000 1001
NStgid:	6203
NSpid:	6203
NSpgid:	6203
NSsid:	6191
Kthread:	0
VmPeak:	  448160 kB
VmSize:	  415376 kB
VmLck:	       0 kB
VmPin:	       0 kB
VmHWM:	  129116 kB
VmRSS:	  102256 kB
RssAnon:	   86128 kB
RssFile:	   15744 kB
RssShmem:	     384 kB
VmData:	  103676 kB
VmStk:	     176 kB
VmExe:	    7440 kB
VmLib:	   10244 kB
VmPTE:	     332 kB
VmSwap:	       0 kB
HugetlbPages:	       0 kB
CoreDumping:	0
THP_enabled:	1
untag_mask:	0xffffffffffffffff
Threads:	3
SigQ:	1/31177
SigPnd:	0000000000000000
ShdPnd:	0000000000000000
SigBlk:	0000000000000000
SigIgn:	0000000000000000
SigCgt:	00000001418004fc
CapInh:	0000000000000000
CapPrm:	0000000000000000
CapEff:	0000000000000000
CapBnd:	000001ffffffffff
CapAmb:	0000000000000000
NoNewPrivs:	0
Seccomp:	2
Seccomp_filters:	1
Speculation_Store_Bypass:	thread vulnerable
SpeculationIndirectBranch:	conditional enabled
Cpus_allowed:	000003
Cpus_allowed_list:	0-1
Mems_allowed:	00000000,00000000,00000000,00000000,00000000,00000000,00000000,00000000,00000000,00000000,00000000,00000000,000000
Mems_allowed_list:	0
voluntary_ctxt_switches:	741
nonvoluntary_ctxt_switches:	7739

 Done with Musubi in    4691.45 s
ADAPTIVE_FLUX_PRESSURE iter=479004 target_lattice= 6.9748043809647912E-004 controlled_lattice= 6.9748043809779664E-004 relative_error= 1.8889740959618692E-012 rho_boundary= 1.0001568797830498E+000 pressure_pa= 3.3880421519468320E+006 max_lattice_velocity= 8.2662474982863715E-006 minimum_pdf= 2.7781445775477764E-002 globBC_count=223
