[localhost:33629] MCW rank 0 bound to socket 0[core 0[hwt 0-1]]: [BB/../../../../../../../../../../..]
[localhost:33629] MCW rank 1 bound to socket 0[core 1[hwt 0-1]]: [../BB/../../../../../../../../../..]
[localhost:33629] MCW rank 2 bound to socket 0[core 2[hwt 0-1]]: [../../BB/../../../../../../../../..]
[localhost:33629] MCW rank 3 bound to socket 0[core 3[hwt 0-1]]: [../../../BB/../../../../../../../..]
[localhost:33635] mca_base_component_repository_open: unable to open mca_btl_openib: librdmacm.so.1: cannot open shared object file: No such file or directory (ignored)
[localhost:33636] mca_base_component_repository_open: unable to open mca_btl_openib: librdmacm.so.1: cannot open shared object file: No such file or directory (ignored)
[localhost:33638] mca_base_component_repository_open: unable to open mca_btl_openib: librdmacm.so.1: cannot open shared object file: No such file or directory (ignored)
[localhost:33637] mca_base_component_repository_open: unable to open mca_btl_openib: librdmacm.so.1: cannot open shared object file: No such file or directory (ignored)
--------------------------------------------------------------------------
WARNING: Linux kernel CMA support was requested via the
btl_vader_single_copy_mechanism MCA variable, but CMA support is
not available due to restrictive ptrace settings.

The vader shared memory BTL will fall back on another single-copy
mechanism if one is available. This may result in lower performance.

  Local host: localhost
--------------------------------------------------------------------------
[localhost:33629] 3 more processes have sent help message help-btl-vader.txt / cma-permission-denied
[localhost:33629] Set MCA parameter "orte_base_help_aggregate" to 0 to see all help / error messages
	Command being timed: "/home/lzy/.local/bin/mpirun --bind-to core --map-by core --report-bindings -np 4 /home/lzy/apes-worktrees/musubi_adaptive_target_fixed_20260901/build/musubi musubi.lua"
	User time (seconds): 849.32
	System time (seconds): 2.97
	Percent of CPU this job got: 399%
	Elapsed (wall clock) time (h:mm:ss or m:ss): 3:33.21
	Average shared text size (kbytes): 0
	Average unshared data size (kbytes): 0
	Average stack size (kbytes): 0
	Average total size (kbytes): 0
	Maximum resident set size (kbytes): 200980
	Average resident set size (kbytes): 0
	Major (requiring I/O) page faults: 133
	Minor (reclaiming a frame) page faults: 228321
	Voluntary context switches: 8327
	Involuntary context switches: 505
	Swaps: 0
	File system inputs: 0
	File system outputs: 142512
	Socket messages sent: 0
	Socket messages received: 0
	Signals delivered: 0
	Page size (bytes): 4096
	Exit status: 0
