Summarized 11 native cases; RA trace retained by timestep.
Welcome to vast.ai. If authentication fails, try again after a few seconds, and double check your ssh key.
Have fun!
AI agents: READ /etc/vast-agents-guide.md (also linked as ./AGENTS.md) before acting on or describing this instance: it is the operating guide. ('vast-capabilities' shows live state only, not the guide.)
Native Stage Q preservation and artifact inventory PASS.
Welcome to vast.ai. If authentication fails, try again after a few seconds, and double check your ssh key.
Have fun!
AI agents: READ /etc/vast-agents-guide.md (also linked as ./AGENTS.md) before acting on or describing this instance: it is the operating guide. ('vast-capabilities' shows live state only, not the guide.)
Welcome to vast.ai. If authentication fails, try again after a few seconds, and double check your ssh key.
Have fun!
AI agents: READ /etc/vast-agents-guide.md (also linked as ./AGENTS.md) before acting on or describing this instance: it is the operating guide. ('vast-capabilities' shows live state only, not the guide.)
{"status": "PASS", "timestamp": "2026-09-20T01:52:52.593043+00:00", "historical_entries": 12502, "historical_changes": [], "old_FEM": {"status": "PASS", "modified": [], "added": [], "deleted": [], "git_unchanged": true}, "official_source_unchanged": true, "adopted_source_unexpected_changes": [], "production": "CPU_EARLY_STOP_PRODUCTION", "atime_excluded": true}
Welcome to vast.ai. If authentication fails, try again after a few seconds, and double check your ssh key.
Have fun!
AI agents: READ /etc/vast-agents-guide.md (also linked as ./AGENTS.md) before acting on or describing this instance: it is the operating guide. ('vast-capabilities' shows live state only, not the guide.)
Welcome to vast.ai. If authentication fails, try again after a few seconds, and double check your ssh key.
Have fun!
AI agents: READ /etc/vast-agents-guide.md (also linked as ./AGENTS.md) before acting on or describing this instance: it is the operating guide. ('vast-capabilities' shows live state only, not the guide.)
Welcome to vast.ai. If authentication fails, try again after a few seconds, and double check your ssh key.
Have fun!
AI agents: READ /etc/vast-agents-guide.md (also linked as ./AGENTS.md) before acting on or describing this instance: it is the operating guide. ('vast-capabilities' shows live state only, not the guide.)
Welcome to vast.ai. If authentication fails, try again after a few seconds, and double check your ssh key.
Have fun!
AI agents: READ /etc/vast-agents-guide.md (also linked as ./AGENTS.md) before acting on or describing this instance: it is the operating guide. ('vast-capabilities' shows live state only, not the guide.)
Welcome to vast.ai. If authentication fails, try again after a few seconds, and double check your ssh key.
Have fun!
AI agents: READ /etc/vast-agents-guide.md (also linked as ./AGENTS.md) before acting on or describing this instance: it is the operating guide. ('vast-capabilities' shows live state only, not the guide.)
Native artifacts verified: 5
Figures: 8
ILU_REBUILD_POLICY_WINNER_FOUND
pytest stage exit 0
pytest full exit 1
{
  "status": "PASS",
  "stage_passed": 20,
  "stage_failures": 0,
  "stage_skipped": 0,
  "full_passed": 505,
  "full_failures": 8,
  "full_skipped": 65,
  "historical_failures": [
    "tests.test_sv11_short_run_mass::test_actual_step_ten_mass_strictly_improves",
    "tests.test_sv13h_petsc_build::test_actual_petsc_cuda12_build_acceptance",
    "tests.test_sv13j_svmp_gpu_smoke::test_actual_official_fluid_gpu_smoke_acceptance",
    "tests.test_sv13l_official_gpu_smoke::test_actual_official_gpu_smoke_acceptance",
    "tests.test_sv13m_official_gpu_smoke::test_official_complete_flow",
    "tests.test_sv1_mass_balance::test_actual_field_mass_conservation",
    "tests.test_sv1_solver_result::test_real_solver_converged",
    "tests.test_sv1_solver_result::test_required_steady_intervals_reached"
  ],
  "no_CFD_from_tests": true,
  "historical_failure_set_unchanged": true
}
ILU_REBUILD_POLICY_WINNER_FOUND
Stage SV1.3Q completed.

baseline R1:
    rebuild interval = 1
    late wall = 213.355802 s
    late iterations = 6720
    rebuild count = 10

R2:
    smoke = PASS
    late wall = 184.63424480892718 s
    late iterations = 6542
    rebuild count = 5
    result = USEFUL_GAIN

R3:
    smoke = PASS
    late wall = 178.02873008698225 s
    late iterations = 6454
    rebuild count = 4
    result = USEFUL_GAIN

R5:
    smoke = PASS
    late wall = 171.23851507692598 s
    late iterations = 6961
    rebuild count = 2
    result = USEFUL_GAIN

RA adaptive:
    smoke = PASS
    threshold = 1.5 x I_ref
    max age = 5
    late wall = 158.64834239298943 s
    late iterations = 6455
    rebuild count = 2
    recovery count = 0
    result = STRONG_GAIN

late window ranking:
    1 = RA
    2 = R5

early window:
    candidate 1 = RA
    wall = 302.739226 s (PASS)
    iterations = 15286

    candidate 2 = R5
    wall = 302.022143 s (PASS)
    iterations = 15280

winner:
    name = RA
    policy = RA
    expected gain vs R1 = 17.89611097026539%

full steady:
    status = PASS
    wall = 1571.003470 s
    first steady step = 70
    stop step = 71
    rebuild count = 15
    iterations = 78874
    failures = linear 0, nonlinear 0, recovered 0
    reload = PASS

comparison with Stage P:
    Stage P wall = 1993.867926 s
    Stage Q wall = 1571.0034701200202
    observed speedup = 1.2691683779258094
    label = OBSERVATIONAL DEVELOPMENT SPEEDUP

fallback:
    Stage P winner preserved = YES

STAGE SV1.3Q STATUS:
    ILU_REBUILD_POLICY_WINNER_FOUND

Ready for visual inspection and final delivery freeze.
