Welcome to vast.ai. If authentication fails, try again after a few seconds, and double check your ssh key.
Have fun!
AI agents: READ /etc/vast-agents-guide.md (also linked as ./AGENTS.md) before acting on or describing this instance: it is the operating guide. ('vast-capabilities' shows live state only, not the guide.)
GPU ILU REUSE WINNER step 10: mass=0.000976563, steady=False
Welcome to vast.ai. If authentication fails, try again after a few seconds, and double check your ssh key.
Have fun!
AI agents: READ /etc/vast-agents-guide.md (also linked as ./AGENTS.md) before acting on or describing this instance: it is the operating guide. ('vast-capabilities' shows live state only, not the guide.)
GPU ILU REUSE WINNER step 20: mass=9.53674e-07, steady=False
Welcome to vast.ai. If authentication fails, try again after a few seconds, and double check your ssh key.
Have fun!
AI agents: READ /etc/vast-agents-guide.md (also linked as ./AGENTS.md) before acting on or describing this instance: it is the operating guide. ('vast-capabilities' shows live state only, not the guide.)
GPU ILU REUSE WINNER step 30: mass=9.31323e-10, steady=False
Welcome to vast.ai. If authentication fails, try again after a few seconds, and double check your ssh key.
Have fun!
AI agents: READ /etc/vast-agents-guide.md (also linked as ./AGENTS.md) before acting on or describing this instance: it is the operating guide. ('vast-capabilities' shows live state only, not the guide.)
GPU ILU REUSE WINNER step 40: mass=9.09222e-13, steady=False
Welcome to vast.ai. If authentication fails, try again after a few seconds, and double check your ssh key.
Have fun!
AI agents: READ /etc/vast-agents-guide.md (also linked as ./AGENTS.md) before acting on or describing this instance: it is the operating guide. ('vast-capabilities' shows live state only, not the guide.)
GPU ILU REUSE WINNER step 50: mass=8.6469e-16, steady=False
Welcome to vast.ai. If authentication fails, try again after a few seconds, and double check your ssh key.
Have fun!
AI agents: READ /etc/vast-agents-guide.md (also linked as ./AGENTS.md) before acting on or describing this instance: it is the operating guide. ('vast-capabilities' shows live state only, not the guide.)
GPU ILU REUSE WINNER step 60: mass=1.44115e-16, steady=False
Welcome to vast.ai. If authentication fails, try again after a few seconds, and double check your ssh key.
Have fun!
AI agents: READ /etc/vast-agents-guide.md (also linked as ./AGENTS.md) before acting on or describing this instance: it is the operating guide. ('vast-capabilities' shows live state only, not the guide.)
SAFE_STOP {"steady_detected_timestamp": 1789869056.6543994, "stop_request_timestamp": 1789869058.6346843, "kind": "STEADY", "detail": {"first_full_steady_step": 70, "required_consecutive_intervals": 5, "checkpoint_sha256": "f4c39a9faa0ca8157860f36d01b0fbe18c8870198a1b86e20be80f2af94c63a2", "steady_detected_timestamp": 1789869056.6543994, "transfer_started_timestamp": 1789869047.3075812, "transfer_completed_timestamp": 1789869052.1947806}, "elapsed_s": 1568.8827295619994, "mechanism": "Atomic native STOP_SIM=0; finish current timestep and force final VTU + full native checkpoint", "request_unix_s": 1789869058.6346843, "last_logged_step_at_request": 71}
GPU ILU REUSE WINNER step 70: mass=0, steady=True
Welcome to vast.ai. If authentication fails, try again after a few seconds, and double check your ssh key.
Have fun!
AI agents: READ /etc/vast-agents-guide.md (also linked as ./AGENTS.md) before acting on or describing this instance: it is the operating guide. ('vast-capabilities' shows live state only, not the guide.)
Welcome to vast.ai. If authentication fails, try again after a few seconds, and double check your ssh key.
Have fun!
AI agents: READ /etc/vast-agents-guide.md (also linked as ./AGENTS.md) before acting on or describing this instance: it is the operating guide. ('vast-capabilities' shows live state only, not the guide.)
Welcome to vast.ai. If authentication fails, try again after a few seconds, and double check your ssh key.
Have fun!
AI agents: READ /etc/vast-agents-guide.md (also linked as ./AGENTS.md) before acting on or describing this instance: it is the operating guide. ('vast-capabilities' shows live state only, not the guide.)
REAL_VASCULAR_GPU_ILU_REUSE_WINNER: native result hashes verified
{"name": "REAL_VASCULAR_GPU_ILU_REUSE_WINNER", "status": "PASS", "wall_time_s": 1571.0034701200202, "steps": 71, "statistics": {"KSP_solves": 161, "total_iterations": 78874, "mean_iterations": 489.9006211180124, "max_iterations": 758, "GMRES_cycles": 876, "GMRES_restarts": 715, "cycle_count_source": "Derived from actual iterations and fixed restart length; no extra trace run"}, "errors": []}
Unique optimized full steady run complete; no further CFD.
