Welcome to vast.ai. If authentication fails, try again after a few seconds, and double check your ssh key.
Have fun!
AI agents: READ /etc/vast-agents-guide.md (also linked as ./AGENTS.md) before acting on or describing this instance: it is the operating guide. ('vast-capabilities' shows live state only, not the guide.)
{"name": "R2_SMOKE", "exit_code": 0, "wall_time_s": 122.21972722397186, "monitor_stop": null} saved=1
Welcome to vast.ai. If authentication fails, try again after a few seconds, and double check your ssh key.
Have fun!
AI agents: READ /etc/vast-agents-guide.md (also linked as ./AGENTS.md) before acting on or describing this instance: it is the operating guide. ('vast-capabilities' shows live state only, not the guide.)
Welcome to vast.ai. If authentication fails, try again after a few seconds, and double check your ssh key.
Have fun!
AI agents: READ /etc/vast-agents-guide.md (also linked as ./AGENTS.md) before acting on or describing this instance: it is the operating guide. ('vast-capabilities' shows live state only, not the guide.)
Welcome to vast.ai. If authentication fails, try again after a few seconds, and double check your ssh key.
Have fun!
AI agents: READ /etc/vast-agents-guide.md (also linked as ./AGENTS.md) before acting on or describing this instance: it is the operating guide. ('vast-capabilities' shows live state only, not the guide.)
R2_SMOKE: native result hashes verified
{"name": "R2_SMOKE", "status": "PASS", "wall_time_s": 122.21972722397186, "steps": 3, "statistics": {"KSP_solves": 9, "total_iterations": 5480, "mean_iterations": 608.8888888888889, "max_iterations": 715, "GMRES_cycles": 59, "GMRES_restarts": 50, "cycle_count_source": "Derived from actual iterations and fixed restart length; no extra trace run"}, "errors": []}
R2 smoke PASS 122.21972722397186
Welcome to vast.ai. If authentication fails, try again after a few seconds, and double check your ssh key.
Have fun!
AI agents: READ /etc/vast-agents-guide.md (also linked as ./AGENTS.md) before acting on or describing this instance: it is the operating guide. ('vast-capabilities' shows live state only, not the guide.)
{"name": "R3_SMOKE", "exit_code": 0, "wall_time_s": 116.47403154603671, "monitor_stop": null} saved=1
Welcome to vast.ai. If authentication fails, try again after a few seconds, and double check your ssh key.
Have fun!
AI agents: READ /etc/vast-agents-guide.md (also linked as ./AGENTS.md) before acting on or describing this instance: it is the operating guide. ('vast-capabilities' shows live state only, not the guide.)
Welcome to vast.ai. If authentication fails, try again after a few seconds, and double check your ssh key.
Have fun!
AI agents: READ /etc/vast-agents-guide.md (also linked as ./AGENTS.md) before acting on or describing this instance: it is the operating guide. ('vast-capabilities' shows live state only, not the guide.)
Welcome to vast.ai. If authentication fails, try again after a few seconds, and double check your ssh key.
Have fun!
AI agents: READ /etc/vast-agents-guide.md (also linked as ./AGENTS.md) before acting on or describing this instance: it is the operating guide. ('vast-capabilities' shows live state only, not the guide.)
R3_SMOKE: native result hashes verified
{"name": "R3_SMOKE", "status": "PASS", "wall_time_s": 116.47403154603671, "steps": 3, "statistics": {"KSP_solves": 9, "total_iterations": 5494, "mean_iterations": 610.4444444444445, "max_iterations": 679, "GMRES_cycles": 59, "GMRES_restarts": 50, "cycle_count_source": "Derived from actual iterations and fixed restart length; no extra trace run"}, "errors": []}
R3 smoke PASS 116.47403154603671
Welcome to vast.ai. If authentication fails, try again after a few seconds, and double check your ssh key.
Have fun!
AI agents: READ /etc/vast-agents-guide.md (also linked as ./AGENTS.md) before acting on or describing this instance: it is the operating guide. ('vast-capabilities' shows live state only, not the guide.)
{"name": "R5_SMOKE", "exit_code": 0, "wall_time_s": 117.55777739803307, "monitor_stop": null} saved=1
Welcome to vast.ai. If authentication fails, try again after a few seconds, and double check your ssh key.
Have fun!
AI agents: READ /etc/vast-agents-guide.md (also linked as ./AGENTS.md) before acting on or describing this instance: it is the operating guide. ('vast-capabilities' shows live state only, not the guide.)
Welcome to vast.ai. If authentication fails, try again after a few seconds, and double check your ssh key.
Have fun!
AI agents: READ /etc/vast-agents-guide.md (also linked as ./AGENTS.md) before acting on or describing this instance: it is the operating guide. ('vast-capabilities' shows live state only, not the guide.)
Welcome to vast.ai. If authentication fails, try again after a few seconds, and double check your ssh key.
Have fun!
AI agents: READ /etc/vast-agents-guide.md (also linked as ./AGENTS.md) before acting on or describing this instance: it is the operating guide. ('vast-capabilities' shows live state only, not the guide.)
R5_SMOKE: native result hashes verified
{"name": "R5_SMOKE", "status": "PASS", "wall_time_s": 117.55777739803307, "steps": 3, "statistics": {"KSP_solves": 9, "total_iterations": 5487, "mean_iterations": 609.6666666666666, "max_iterations": 706, "GMRES_cycles": 61, "GMRES_restarts": 52, "cycle_count_source": "Derived from actual iterations and fixed restart length; no extra trace run"}, "errors": []}
R5 smoke PASS 117.55777739803307
Welcome to vast.ai. If authentication fails, try again after a few seconds, and double check your ssh key.
Have fun!
AI agents: READ /etc/vast-agents-guide.md (also linked as ./AGENTS.md) before acting on or describing this instance: it is the operating guide. ('vast-capabilities' shows live state only, not the guide.)
{"name": "RA_SMOKE", "exit_code": 0, "wall_time_s": 115.10651938407682, "monitor_stop": null} saved=1
Welcome to vast.ai. If authentication fails, try again after a few seconds, and double check your ssh key.
Have fun!
AI agents: READ /etc/vast-agents-guide.md (also linked as ./AGENTS.md) before acting on or describing this instance: it is the operating guide. ('vast-capabilities' shows live state only, not the guide.)
Welcome to vast.ai. If authentication fails, try again after a few seconds, and double check your ssh key.
Have fun!
AI agents: READ /etc/vast-agents-guide.md (also linked as ./AGENTS.md) before acting on or describing this instance: it is the operating guide. ('vast-capabilities' shows live state only, not the guide.)
Welcome to vast.ai. If authentication fails, try again after a few seconds, and double check your ssh key.
Have fun!
AI agents: READ /etc/vast-agents-guide.md (also linked as ./AGENTS.md) before acting on or describing this instance: it is the operating guide. ('vast-capabilities' shows live state only, not the guide.)
RA_SMOKE: native result hashes verified
{"name": "RA_SMOKE", "status": "PASS", "wall_time_s": 115.10651938407682, "steps": 3, "statistics": {"KSP_solves": 9, "total_iterations": 5407, "mean_iterations": 600.7777777777778, "max_iterations": 731, "GMRES_cycles": 59, "GMRES_restarts": 50, "cycle_count_source": "Derived from actual iterations and fixed restart length; no extra trace run"}, "errors": []}
RA smoke PASS 115.10651938407682
Welcome to vast.ai. If authentication fails, try again after a few seconds, and double check your ssh key.
Have fun!
AI agents: READ /etc/vast-agents-guide.md (also linked as ./AGENTS.md) before acting on or describing this instance: it is the operating guide. ('vast-capabilities' shows live state only, not the guide.)
{"name": "R2_WINDOW", "exit_code": 0, "wall_time_s": 184.63424480892718, "monitor_stop": null} saved=1
Welcome to vast.ai. If authentication fails, try again after a few seconds, and double check your ssh key.
Have fun!
AI agents: READ /etc/vast-agents-guide.md (also linked as ./AGENTS.md) before acting on or describing this instance: it is the operating guide. ('vast-capabilities' shows live state only, not the guide.)
Welcome to vast.ai. If authentication fails, try again after a few seconds, and double check your ssh key.
Have fun!
AI agents: READ /etc/vast-agents-guide.md (also linked as ./AGENTS.md) before acting on or describing this instance: it is the operating guide. ('vast-capabilities' shows live state only, not the guide.)
Welcome to vast.ai. If authentication fails, try again after a few seconds, and double check your ssh key.
Have fun!
AI agents: READ /etc/vast-agents-guide.md (also linked as ./AGENTS.md) before acting on or describing this instance: it is the operating guide. ('vast-capabilities' shows live state only, not the guide.)
R2_WINDOW: native result hashes verified
{"name": "R2_WINDOW", "status": "PASS", "wall_time_s": 184.63424480892718, "steps": 10, "statistics": {"KSP_solves": 20, "total_iterations": 6542, "mean_iterations": 327.1, "max_iterations": 365, "GMRES_cycles": 77, "GMRES_restarts": 57, "cycle_count_source": "Derived from actual iterations and fixed restart length; no extra trace run"}, "errors": []}
R2 window PASS 184.63424480892718
Welcome to vast.ai. If authentication fails, try again after a few seconds, and double check your ssh key.
Have fun!
AI agents: READ /etc/vast-agents-guide.md (also linked as ./AGENTS.md) before acting on or describing this instance: it is the operating guide. ('vast-capabilities' shows live state only, not the guide.)
{"name": "R3_WINDOW", "exit_code": 0, "wall_time_s": 178.02873008698225, "monitor_stop": null} saved=1
Welcome to vast.ai. If authentication fails, try again after a few seconds, and double check your ssh key.
Have fun!
AI agents: READ /etc/vast-agents-guide.md (also linked as ./AGENTS.md) before acting on or describing this instance: it is the operating guide. ('vast-capabilities' shows live state only, not the guide.)
Welcome to vast.ai. If authentication fails, try again after a few seconds, and double check your ssh key.
Have fun!
AI agents: READ /etc/vast-agents-guide.md (also linked as ./AGENTS.md) before acting on or describing this instance: it is the operating guide. ('vast-capabilities' shows live state only, not the guide.)
Welcome to vast.ai. If authentication fails, try again after a few seconds, and double check your ssh key.
Have fun!
AI agents: READ /etc/vast-agents-guide.md (also linked as ./AGENTS.md) before acting on or describing this instance: it is the operating guide. ('vast-capabilities' shows live state only, not the guide.)
R3_WINDOW: native result hashes verified
{"name": "R3_WINDOW", "status": "PASS", "wall_time_s": 178.02873008698225, "steps": 10, "statistics": {"KSP_solves": 20, "total_iterations": 6454, "mean_iterations": 322.7, "max_iterations": 384, "GMRES_cycles": 73, "GMRES_restarts": 53, "cycle_count_source": "Derived from actual iterations and fixed restart length; no extra trace run"}, "errors": []}
R3 window PASS 178.02873008698225
Welcome to vast.ai. If authentication fails, try again after a few seconds, and double check your ssh key.
Have fun!
AI agents: READ /etc/vast-agents-guide.md (also linked as ./AGENTS.md) before acting on or describing this instance: it is the operating guide. ('vast-capabilities' shows live state only, not the guide.)
{"name": "R5_WINDOW", "exit_code": 0, "wall_time_s": 171.23851507692598, "monitor_stop": null} saved=1
Welcome to vast.ai. If authentication fails, try again after a few seconds, and double check your ssh key.
Have fun!
AI agents: READ /etc/vast-agents-guide.md (also linked as ./AGENTS.md) before acting on or describing this instance: it is the operating guide. ('vast-capabilities' shows live state only, not the guide.)
Welcome to vast.ai. If authentication fails, try again after a few seconds, and double check your ssh key.
Have fun!
AI agents: READ /etc/vast-agents-guide.md (also linked as ./AGENTS.md) before acting on or describing this instance: it is the operating guide. ('vast-capabilities' shows live state only, not the guide.)
Welcome to vast.ai. If authentication fails, try again after a few seconds, and double check your ssh key.
Have fun!
AI agents: READ /etc/vast-agents-guide.md (also linked as ./AGENTS.md) before acting on or describing this instance: it is the operating guide. ('vast-capabilities' shows live state only, not the guide.)
R5_WINDOW: native result hashes verified
{"name": "R5_WINDOW", "status": "PASS", "wall_time_s": 171.23851507692598, "steps": 10, "statistics": {"KSP_solves": 20, "total_iterations": 6961, "mean_iterations": 348.05, "max_iterations": 421, "GMRES_cycles": 80, "GMRES_restarts": 60, "cycle_count_source": "Derived from actual iterations and fixed restart length; no extra trace run"}, "errors": []}
R5 window PASS 171.23851507692598
Welcome to vast.ai. If authentication fails, try again after a few seconds, and double check your ssh key.
Have fun!
AI agents: READ /etc/vast-agents-guide.md (also linked as ./AGENTS.md) before acting on or describing this instance: it is the operating guide. ('vast-capabilities' shows live state only, not the guide.)
{"name": "RA_WINDOW", "exit_code": 0, "wall_time_s": 158.64834239298943, "monitor_stop": null} saved=1
Welcome to vast.ai. If authentication fails, try again after a few seconds, and double check your ssh key.
Have fun!
AI agents: READ /etc/vast-agents-guide.md (also linked as ./AGENTS.md) before acting on or describing this instance: it is the operating guide. ('vast-capabilities' shows live state only, not the guide.)
Welcome to vast.ai. If authentication fails, try again after a few seconds, and double check your ssh key.
Have fun!
AI agents: READ /etc/vast-agents-guide.md (also linked as ./AGENTS.md) before acting on or describing this instance: it is the operating guide. ('vast-capabilities' shows live state only, not the guide.)
Welcome to vast.ai. If authentication fails, try again after a few seconds, and double check your ssh key.
Have fun!
AI agents: READ /etc/vast-agents-guide.md (also linked as ./AGENTS.md) before acting on or describing this instance: it is the operating guide. ('vast-capabilities' shows live state only, not the guide.)
RA_WINDOW: native result hashes verified
{"name": "RA_WINDOW", "status": "PASS", "wall_time_s": 158.64834239298943, "steps": 10, "statistics": {"KSP_solves": 20, "total_iterations": 6455, "mean_iterations": 322.75, "max_iterations": 357, "GMRES_cycles": 77, "GMRES_restarts": 57, "cycle_count_source": "Derived from actual iterations and fixed restart length; no extra trace run"}, "errors": []}
RA window PASS 158.64834239298943
Welcome to vast.ai. If authentication fails, try again after a few seconds, and double check your ssh key.
Have fun!
AI agents: READ /etc/vast-agents-guide.md (also linked as ./AGENTS.md) before acting on or describing this instance: it is the operating guide. ('vast-capabilities' shows live state only, not the guide.)
{"name": "RA_EARLY", "exit_code": 0, "wall_time_s": 302.7392257240135, "monitor_stop": null} saved=1
Welcome to vast.ai. If authentication fails, try again after a few seconds, and double check your ssh key.
Have fun!
AI agents: READ /etc/vast-agents-guide.md (also linked as ./AGENTS.md) before acting on or describing this instance: it is the operating guide. ('vast-capabilities' shows live state only, not the guide.)
Welcome to vast.ai. If authentication fails, try again after a few seconds, and double check your ssh key.
Have fun!
AI agents: READ /etc/vast-agents-guide.md (also linked as ./AGENTS.md) before acting on or describing this instance: it is the operating guide. ('vast-capabilities' shows live state only, not the guide.)
Welcome to vast.ai. If authentication fails, try again after a few seconds, and double check your ssh key.
Have fun!
AI agents: READ /etc/vast-agents-guide.md (also linked as ./AGENTS.md) before acting on or describing this instance: it is the operating guide. ('vast-capabilities' shows live state only, not the guide.)
RA_EARLY: native result hashes verified
{"name": "RA_EARLY", "status": "PASS", "wall_time_s": 302.7392257240135, "steps": 10, "statistics": {"KSP_solves": 29, "total_iterations": 15286, "mean_iterations": 527.1034482758621, "max_iterations": 742, "GMRES_cycles": 167, "GMRES_restarts": 138, "cycle_count_source": "Derived from actual iterations and fixed restart length; no extra trace run"}, "errors": []}
RA early PASS 302.7392257240135
Welcome to vast.ai. If authentication fails, try again after a few seconds, and double check your ssh key.
Have fun!
AI agents: READ /etc/vast-agents-guide.md (also linked as ./AGENTS.md) before acting on or describing this instance: it is the operating guide. ('vast-capabilities' shows live state only, not the guide.)
{"name": "R5_EARLY", "exit_code": 0, "wall_time_s": 302.0221426479984, "monitor_stop": null} saved=1
Welcome to vast.ai. If authentication fails, try again after a few seconds, and double check your ssh key.
Have fun!
AI agents: READ /etc/vast-agents-guide.md (also linked as ./AGENTS.md) before acting on or describing this instance: it is the operating guide. ('vast-capabilities' shows live state only, not the guide.)
Welcome to vast.ai. If authentication fails, try again after a few seconds, and double check your ssh key.
Have fun!
AI agents: READ /etc/vast-agents-guide.md (also linked as ./AGENTS.md) before acting on or describing this instance: it is the operating guide. ('vast-capabilities' shows live state only, not the guide.)
Welcome to vast.ai. If authentication fails, try again after a few seconds, and double check your ssh key.
Have fun!
AI agents: READ /etc/vast-agents-guide.md (also linked as ./AGENTS.md) before acting on or describing this instance: it is the operating guide. ('vast-capabilities' shows live state only, not the guide.)
R5_EARLY: native result hashes verified
{"name": "R5_EARLY", "status": "PASS", "wall_time_s": 302.0221426479984, "steps": 10, "statistics": {"KSP_solves": 29, "total_iterations": 15280, "mean_iterations": 526.8965517241379, "max_iterations": 734, "GMRES_cycles": 169, "GMRES_restarts": 140, "cycle_count_source": "Derived from actual iterations and fixed restart length; no extra trace run"}, "errors": []}
R5 early PASS 302.0221426479984
{"status": "SELECTED", "baseline_total_wall_s": 561.9558020569617, "eligible": [{"candidate": "RA", "observed_total_wall_s": 461.38756811700296, "late_wall_s": 158.64834239298943, "early_wall_s": 302.7392257240135, "improvement": 0.1789611097026539, "PETSC_OPTIONS": "-skip_petscrc -ksp_type gmres -ksp_pc_side right -ksp_norm_type unpreconditioned -ksp_rtol 1e-10 -ksp_atol 1e-24 -ksp_max_it 2000 -ksp_diagonal_scale -ksp_diagonal_scale_fix -ksp_monitor_true_residual -ksp_converged_reason -ksp_view -options_view -options_left -use_gpu_aware_mpi 0 -mat_type aijcusparse -vec_type cuda -vec_view ::ascii_info -mat_view ::ascii_info -ksp_view_mat ::ascii_info -ksp_view_rhs ::ascii_info -ksp_view_solution ::ascii_info -ksp_gmres_restart 100 -pc_type asm -pc_asm_overlap 2 -sub_ksp_type preonly -sub_pc_type ilu -sub_pc_factor_levels 2 -sv_pc_adaptive_rebuild true -log_view :petsc_profile.txt -log_view_gpu_time", "build_report": "svmp_reuse_build"}, {"candidate": "R5", "observed_total_wall_s": 473.2606577249244, "late_wall_s": 171.23851507692598, "early_wall_s": 302.0221426479984, "improvement": 0.15783295413514908, "PETSC_OPTIONS": "-skip_petscrc -ksp_type gmres -ksp_pc_side right -ksp_norm_type unpreconditioned -ksp_rtol 1e-10 -ksp_atol 1e-24 -ksp_max_it 2000 -ksp_diagonal_scale -ksp_diagonal_scale_fix -ksp_monitor_true_residual -ksp_converged_reason -ksp_view -options_view -options_left -use_gpu_aware_mpi 0 -mat_type aijcusparse -vec_type cuda -vec_view ::ascii_info -mat_view ::ascii_info -ksp_view_mat ::ascii_info -ksp_view_rhs ::ascii_info -ksp_view_solution ::ascii_info -ksp_gmres_restart 100 -pc_type asm -pc_asm_overlap 2 -sub_ksp_type preonly -sub_pc_type ilu -sub_pc_factor_levels 2 -sv_pc_rebuild_interval 5 -log_view :petsc_profile.txt -log_view_gpu_time", "build_report": "svmp_reuse_build"}], "rejected": [], "full_required": true, "maximum_full_runs": 1, "observational": true, "early_baseline_limitation": "Historical contiguous interval excludes restart/startup cost, whereas new early windows include them. Single observed comparison, not formal benchmark; no R1 rerun.", "candidate": "RA", "observed_total_wall_s": 461.38756811700296, "late_wall_s": 158.64834239298943, "early_wall_s": 302.7392257240135, "improvement": 0.1789611097026539, "PETSC_OPTIONS": "-skip_petscrc -ksp_type gmres -ksp_pc_side right -ksp_norm_type unpreconditioned -ksp_rtol 1e-10 -ksp_atol 1e-24 -ksp_max_it 2000 -ksp_diagonal_scale -ksp_diagonal_scale_fix -ksp_monitor_true_residual -ksp_converged_reason -ksp_view -options_view -options_left -use_gpu_aware_mpi 0 -mat_type aijcusparse -vec_type cuda -vec_view ::ascii_info -mat_view ::ascii_info -ksp_view_mat ::ascii_info -ksp_view_rhs ::ascii_info -ksp_view_solution ::ascii_info -ksp_gmres_restart 100 -pc_type asm -pc_asm_overlap 2 -sub_ksp_type preonly -sub_pc_type ilu -sub_pc_factor_levels 2 -sv_pc_adaptive_rebuild true -log_view :petsc_profile.txt -log_view_gpu_time", "build_report": "svmp_reuse_build"}
All authorized windows completed. Full run requires separate >=10% gate.
