{
  "status": "PASS",
  "timestamp": "2026-09-17T20:12:50.580270+00:00",
  "mpi_ranks": 1,
  "dolfinx_version": "0.11.0",
  "basix_version": "0.11.0",
  "petsc_version": [
    3,
    25,
    5
  ],
  "gpu_used": false,
  "spaces": {
    "velocity_degree": 2,
    "velocity_components": 3,
    "pressure_degree": 1,
    "velocity_global_dofs": 375,
    "pressure_global_dofs": 27,
    "real_global_dofs": 1
  },
  "real_owned_dofs_per_rank": [
    1
  ],
  "real_ghost_dofs_per_rank": [
    0
  ],
  "block_dimensions": [
    [
      [
        375,
        375
      ],
      [
        375,
        27
      ],
      [
        375,
        1
      ]
    ],
    [
      [
        27,
        375
      ],
      [
        27,
        27
      ],
      null
    ],
    [
      [
        1,
        375
      ],
      null,
      [
        1,
        1
      ]
    ]
  ],
  "monolithic_dimensions": [
    403,
    403
  ],
  "C_nonzero": false,
  "C_transpose_defect": 0.0,
  "unit_velocity_inlet_flux": -1.0000000000000004,
  "real_mass_integral": 1.0000000000000007,
  "shared_real_value": 7.25,
  "pde_solved": false,
  "api": "basix.ufl.real_element + dolfinx.fem.functionspace; ufl.MixedFunctionSpace; dolfinx.fem.petsc.assemble_matrix(kind=nest/mpi)",
  "ownership": "Native DOLFINx index map owns the scalar once globally; other ranks carry ghost copies only"
}
