[INPUT]
Frozen source: /home/lzy/projects/ulm_3D_vascular/outputs/topbrain_brava_transfer/nn_production/BG001/RMCA/compact_manufacturing_roi/BG001_RMCA_BALANCED_print_candidate.stl
Protected files: 1228
[ENDPOINTS]
1 inlet, 3 outlets
[BOX]
Inner mm: [78.29058838 81.84606934 56.39188766]
Outer mm: [84.29058838 87.84606934 59.39188766]
[ROUTING]
I1: 160 candidate routes; 1 retained feasible options
O1: 160 candidate routes; 21 retained feasible options
O2: 161 candidate routes; 20 retained feasible options
O3: 161 candidate routes; 0 retained feasible options
[ORIGINAL VESSEL RESTORATION AUDIT]
O3 / raw node 2127: ORIGINAL_TERMINAL_NO_CONTINUATION; available native arc 0.0000 mm
Last-resort clearance threshold: 1.600 mm; affected endpoints: ['O3']
I1 -> -Y: ROUTE_B_CURVED; 26.39 mm; vessel clearance 4.158 mm; port clearance 42.126 mm
O1 -> +Y: ROUTE_B_CURVED; 41.84 mm; vessel clearance 4.094 mm; port clearance 38.580 mm
O2 -> -X: ROUTE_B_CURVED; 32.55 mm; vessel clearance 4.327 mm; port clearance 4.493 mm
O3 -> +Y: ROUTE_B_CURVED; 29.49 mm; vessel clearance 1.688 mm; port clearance 4.493 mm
O3 attachment: axis error 0.00000000 deg; contour error 2.5868279e-14 mm
[BOOLEAN]
Core union PASS: one connected closed positive-volume body
Box: 4 through holes, 0 open-top crossings; wall mesh closed=True
[QC]
READY_FOR_HUMAN_REVIEW
Protected source hashes unchanged: True
[OUTPUT]
/home/lzy/projects/ulm_3D_vascular/outputs/topbrain_brava_transfer/nn_production/BG001/RMCA/compact_manufacturing_roi/print_fixture_design_aligned
