{
  "status": "PASS",
  "exit_code": 0,
  "wall_time_s": 1633.0773949623108,
  "final_step": 71,
  "final": {
    "Q_target_m3_s": 1.551359160885543e-14,
    "Q_in_m3_s": 1.551359160440232e-14,
    "outlet_flows_m3_s": {
      "OUTLET_01": 5.352760721966124e-15,
      "OUTLET_02": 4.2310048116949704e-15,
      "OUTLET_03": 5.9298260707412234e-15
    },
    "Q_out_total_m3_s": 1.551359160440232e-14,
    "signed_outward_boundary_flows_m3_s": {
      "OUTLET_03": 5.9298260707412234e-15,
      "OUTLET_01": 5.352760721966124e-15,
      "INLET": -1.551359160440232e-14,
      "OUTLET_02": 4.2310048116949704e-15
    },
    "epsilon_Q": 2.8704573743580023e-10,
    "epsilon_mass": 0.0,
    "outlet_fractions": {
      "OUTLET_01": 0.345036846299806,
      "OUTLET_02": 0.27272890247377213,
      "OUTLET_03": 0.38223425122642174
    },
    "area_average_pressure_pa": {
      "OUTLET_03": 857.610950373749,
      "OUTLET_01": 7.892605924809029,
      "INLET": 6416.442972075239,
      "OUTLET_02": 4577.011484294992
    },
    "velocity_L2": 7.464907860580572e-11,
    "velocity_max_m_s": 0.007063045948747865,
    "pressure_range_pa": [
      -1.0179652708523008,
      6445.54752270147
    ],
    "velocity_finite": true,
    "pressure_finite": true,
    "wall_velocity_max_m_s": 0.0,
    "wall_velocity_P95_m_s": 0.0,
    "wall_noslip_tolerance_m_s": 2e-13,
    "wall_noslip_pass": true
  },
  "health_failures": []
}
