Stage SV1.2 completed.

frozen inputs:
    geometry unchanged = True
    mesh unchanged = True
    physics unchanged = True
    BC unchanged = True
    dt unchanged = True
    PETSc_settings unchanged = True
    MPI_OMP unchanged = True

run:
    started from = native restart, step10
    steps completed = 400 (390 newly computed)
    extension used = 0
    physical time = 6.016240366753e-05 s

linear solver:
    failures = 0
    mean iterations = 337.828897338
    median iterations = 326
    P95 iterations = 601.2
    max iterations = 691

nonlinear:
    failures = 0
    mean iterations = 2.02307692308
    max iterations = 3

steady:
    E_u final = 1.88828468347e-15
    E_Q final = 1.44115073498e-16
    consecutive passing intervals = 38
    reached = True

flow:
    Qtarget = 2.73691323909e-15
    Qin = 2.73691323909e-15
    OUTLET_01 = 1.16534178798e-16
    OUTLET_02 = 2.33199206703e-15
    OUTLET_03 = 2.88386993266e-16
    Qout_total = 2.73691323909e-15
    epsilon_Q = 1.29703566149e-15
    epsilon_mass = 0

outlet fractions:
    OUTLET_01 = 0.0425786894279
    OUTLET_02 = 0.852051878634
    OUTLET_03 = 0.105369431938

fields:
    velocity finite = True
    pressure finite = True
    wall max velocity = 0 m/s

resources:
    runtime = 22959.0 s GNU; 22959.92579376501 s Python
    peak RSS = 550916 KiB (single process)

reload:
    PASS

SV1.2 tests:
    passed = 36
    failed = 0
    skipped = 0
    errors = 0

full regression:
    passed = 92
    failed = 4
    skipped = 4
    errors = 0
    historical expected failures = 4

report:
    reports/sv1_2/REPORT.md

human review:
    mass_balance_over_time.png = available
    linear_iterations_over_time.png = available
    nonlinear_convergence.png = available
    steady_convergence.png = available
    velocity_global.png = available
    velocity_slices.png = available
    pressure_global.png = available
    pressure_sections.png = available
    flux_balance.png = available
    outlet_flow_split.png = available
    solver_resource_usage.png = available

STAGE SV1.2 STATUS:
    CONDITIONAL PASS

