--------------------------------------------------------------------------
WARNING: Open MPI tried to bind a process but failed.  This is a
warning only; your job will continue, though performance may
be degraded.

  Local host:        f7c62a262077
  Application name:  /workspace/hemocell_restore/work/new_medium_smoke_20260915_161937/build/vascularPoC
  Error message:     failed to bind memory
  Location:          ../../../../../../orte/mca/rtc/hwloc/rtc_hwloc.c:447

--------------------------------------------------------------------------
[f7c62a262077:08296] MCW rank 0 bound to socket 0[core 0[hwt 0-1]]: [BB/../../../../../../..]
NATIVE_CAP_TAGS_PASS triangles=191 profile_integral_error=5.891301676629205e-17
SMOKE_STEP 0 safe=1 Qin=-0 Qout=0,0,0 Mach=0
SMOKE_STEP 500 safe=1 Qin=2.6716957789089411e-15 Qout=-4.836086372896839e-16,-5.4384978858231068e-15,6.8064593447585929e-16 Mach=0.00014591554502868442
SMOKE_STEP 1000 safe=1 Qin=2.6585974296191955e-15 Qout=-3.3141605909510509e-16,-4.5809127941979967e-15,6.2028426646560132e-16 Mach=0.00012285099173595424
SMOKE_STEP 1500 safe=1 Qin=2.6561398576619569e-15 Qout=-2.6846246924639662e-16,-4.0439613199918788e-15,5.5923796030778154e-16 Mach=0.00010845506525617723
SMOKE_STEP 2000 safe=1 Qin=2.6592685549241465e-15 Qout=-2.3412860526153926e-16,-3.6197098480058849e-15,5.20378957651927e-16 Mach=9.7078011363453345e-05
SMOKE_STEP 2500 safe=1 Qin=2.6638667713134043e-15 Qout=-2.1091367268160307e-16,-3.2528576867544765e-15,5.0163756954455426e-16 Mach=8.7239212972814849e-05
SMOKE_STEP 3000 safe=1 Qin=2.6687426863989347e-15 Qout=-1.9214577738004497e-16,-2.9235246335652866e-15,4.9837884217288861e-16 Mach=7.8406280801653178e-05
SMOKE_STEP 3500 safe=1 Qin=2.6735133582203331e-15 Qout=-1.75345850494605e-16,-2.623105569779822e-15,5.0636769885785898e-16 Mach=7.0348692716374887e-05
SMOKE_STEP 4000 safe=1 Qin=2.6780487803237722e-15 Qout=-1.5956101918792695e-16,-2.347005831284207e-15,5.2231509746841082e-16 Mach=6.2943316288304246e-05
SMOKE_STEP 4500 safe=1 Qin=2.6823070888021113e-15 Qout=-1.4438948344444973e-16,-2.0922620168694779e-15,5.4380020619642406e-16 Mach=5.6110710393249037e-05
SMOKE_STEP 5000 safe=1 Qin=2.6862803893272151e-15 Qout=-1.2964489132866903e-16,-1.8566872658807489e-15,5.6906761302776001e-16 Mach=4.9792238420335653e-05
NEW_MEDIUM_SMOKE_COMPLETE steps=5000 RBC=0
