Stats at timestep 1 (simulation time 0.000001):
	One timestep takes 13.38 ms	Number of particles (total, min/proc, max/proc): 4096,  4096,  4096
	Average momentum: [-1.047738e-09 -1.688022e-09 -9.313226e-10]
	Max velocity magnitude: 4.472370
	Temperature: 0.9975

Stats at timestep 201 (simulation time 0.000201):
	One timestep takes 0.01 ms	Number of particles (total, min/proc, max/proc): 4096,  4096,  4096
	Average momentum: [2.080924e-09 -2.859451e-09 -6.679329e-09]
	Max velocity magnitude: 4.364168
	Temperature: 0.9996

Stats at timestep 401 (simulation time 0.000401):
	One timestep takes 0.01 ms	Number of particles (total, min/proc, max/proc): 4096,  4096,  4096
	Average momentum: [-2.648449e-09 1.242734e-08 -9.240466e-09]
	Max velocity magnitude: 4.326430
	Temperature: 0.9998

Stats at timestep 601 (simulation time 0.000601):
	One timestep takes 0.01 ms	Number of particles (total, min/proc, max/proc): 4096,  4096,  4096
	Average momentum: [-9.560608e-09 9.502401e-09 -9.895302e-09]
	Max velocity magnitude: 4.405587
	Temperature: 1.0000

Stats at timestep 801 (simulation time 0.000801):
	One timestep takes 0.01 ms	Number of particles (total, min/proc, max/proc): 4096,  4096,  4096
	Average momentum: [-1.644366e-09 2.495653e-08 -1.344597e-08]
	Max velocity magnitude: 4.445247
	Temperature: 1.0012

Stats at timestep 1001 (simulation time 0.001001):
	One timestep takes 0.01 ms	Number of particles (total, min/proc, max/proc): 4096,  4096,  4096
	Average momentum: [-5.384209e-10 2.478191e-08 -1.082662e-08]
	Max velocity magnitude: 4.365495
	Temperature: 0.9988

Stats at timestep 1201 (simulation time 0.001201):
	One timestep takes 0.01 ms	Number of particles (total, min/proc, max/proc): 4096,  4096,  4096
	Average momentum: [8.978532e-09 2.224260e-08 1.702574e-09]
	Max velocity magnitude: 4.501649
	Temperature: 1.0021

Stats at timestep 1401 (simulation time 0.001401):
	One timestep takes 0.01 ms	Number of particles (total, min/proc, max/proc): 4096,  4096,  4096
	Average momentum: [5.631591e-09 2.295565e-08 1.455192e-09]
	Max velocity magnitude: 4.359775
	Temperature: 1.0039

Stats at timestep 1601 (simulation time 0.001601):
	One timestep takes 0.01 ms	Number of particles (total, min/proc, max/proc): 4096,  4096,  4096
	Average momentum: [1.426088e-09 2.048182e-08 -8.585630e-10]
	Max velocity magnitude: 4.300177
	Temperature: 1.0076

Stats at timestep 1801 (simulation time 0.001801):
	One timestep takes 0.01 ms	Number of particles (total, min/proc, max/proc): 4096,  4096,  4096
	Average momentum: [1.129229e-08 1.856824e-08 4.074536e-09]
	Max velocity magnitude: 4.416707
	Temperature: 1.0065

Stats at timestep 2001 (simulation time 0.002001):
	One timestep takes 0.01 ms	Number of particles (total, min/proc, max/proc): 4096,  4096,  4096
	Average momentum: [6.170012e-09 2.927845e-08 2.721208e-09]
	Max velocity magnitude: 4.572529
	Temperature: 1.0033

Stats at timestep 2201 (simulation time 0.002201):
	One timestep takes 0.01 ms	Number of particles (total, min/proc, max/proc): 4096,  4096,  4096
	Average momentum: [-2.313755e-09 2.602610e-08 -1.164153e-09]
	Max velocity magnitude: 4.402788
	Temperature: 1.0076

Stats at timestep 2401 (simulation time 0.002401):
	One timestep takes 0.01 ms	Number of particles (total, min/proc, max/proc): 4096,  4096,  4096
	Average momentum: [-3.914465e-09 2.223533e-08 -2.080924e-09]
	Max velocity magnitude: 4.347315
	Temperature: 1.0068

Stats at timestep 2601 (simulation time 0.002601):
	One timestep takes 0.01 ms	Number of particles (total, min/proc, max/proc): 4096,  4096,  4096
	Average momentum: [-1.557055e-09 1.520675e-08 -9.138603e-09]
	Max velocity magnitude: 4.485356
	Temperature: 1.0086

Stats at timestep 2801 (simulation time 0.002801):
	One timestep takes 0.01 ms	Number of particles (total, min/proc, max/proc): 4096,  4096,  4096
	Average momentum: [2.008164e-09 2.156594e-08 -7.887138e-09]
	Max velocity magnitude: 4.484114
	Temperature: 1.0040

Stats at timestep 3001 (simulation time 0.003001):
	One timestep takes 0.01 ms	Number of particles (total, min/proc, max/proc): 4096,  4096,  4096
	Average momentum: [-1.091394e-09 2.128945e-08 -3.914465e-09]
	Max velocity magnitude: 4.693172
	Temperature: 1.0051

Stats at timestep 3201 (simulation time 0.003201):
	One timestep takes 0.01 ms	Number of particles (total, min/proc, max/proc): 4096,  4096,  4096
	Average momentum: [-1.247099e-08 2.176967e-08 -4.583853e-09]
	Max velocity magnitude: 4.675340
	Temperature: 1.0028

Stats at timestep 3401 (simulation time 0.003401):
	One timestep takes 0.01 ms	Number of particles (total, min/proc, max/proc): 4096,  4096,  4096
	Average momentum: [-1.704029e-08 2.047454e-08 -8.643838e-09]
	Max velocity magnitude: 4.573748
	Temperature: 1.0055

Stats at timestep 3601 (simulation time 0.003601):
	One timestep takes 0.01 ms	Number of particles (total, min/proc, max/proc): 4096,  4096,  4096
	Average momentum: [-1.314766e-08 6.431947e-09 2.532033e-09]
	Max velocity magnitude: 4.467214
	Temperature: 1.0050

Stats at timestep 3801 (simulation time 0.003801):
	One timestep takes 0.01 ms	Number of particles (total, min/proc, max/proc): 4096,  4096,  4096
	Average momentum: [-7.843482e-09 1.222361e-09 -3.026798e-09]
	Max velocity magnitude: 4.539434
	Temperature: 1.0040

