tests/particle6/test_checkpoint_manifest.py::test_checkpoint_is_binary_state_with_global_only_sidecar
tests/particle6/test_checkpoint_manifest.py::test_checkpoint_rejects_corruption[binary]
tests/particle6/test_checkpoint_manifest.py::test_checkpoint_rejects_corruption[sidecar]
tests/particle6/test_checkpoint_manifest.py::test_checkpoint_rejects_corruption[schema]
tests/particle6/test_checkpoint_manifest.py::test_checkpoint_rejects_corruption[provenance]
tests/particle6/test_checkpoint_manifest.py::test_checkpoint_rejects_corruption[viscosity]
tests/particle6/test_checkpoint_restart_continuation.py::test_actual_40_destroy_restore_60_matches_continuous[0]
tests/particle6/test_checkpoint_restart_continuation.py::test_actual_40_destroy_restore_60_matches_continuous[1]
tests/particle6/test_custom_properties_restart.py::test_custom_property_binary_restart[0]
tests/particle6/test_custom_properties_restart.py::test_custom_property_binary_restart[1]
tests/particle6/test_lammps_capabilities.py::test_actual_lammps_capabilities
tests/particle6/test_lammps_forces_unused.py::test_force_zero_before_after_every_build
tests/particle6/test_lammps_forces_unused.py::test_poison_is_detected_before_run_can_clear_force
tests/particle6/test_lammps_forces_unused.py::test_physics_adapter_never_extracts_force_mass_torque
tests/particle6/test_lammps_neighbor_pair_parity.py::test_six_shape_pairs_and_exact_filter
tests/particle6/test_lammps_neighbor_pair_parity.py::test_query_cannot_drop_required_physics
tests/particle6/test_lammps_state_roundtrip.py::test_all_state_roundtrip
tests/particle6/test_lammps_torques_unused.py::test_atomic_torque_absent_and_not_a_physics_input
tests/particle6/test_multistep_bridge_parity.py::test_independent_100_steps[0]
tests/particle6/test_multistep_bridge_parity.py::test_independent_100_steps[1]
tests/particle6/test_neighbor_id_order_invariance.py::test_half_full_duplicate_and_stable_ids
tests/particle6/test_neighbor_rebuild_after_position_update.py::test_neighbor_rebuild_after_position_update
tests/particle6/test_no_lammps_dynamics_commands.py::test_forbidden_command_rejected[fix x all nve]
tests/particle6/test_no_lammps_dynamics_commands.py::test_forbidden_command_rejected[fix x all nve/sphere]
tests/particle6/test_no_lammps_dynamics_commands.py::test_forbidden_command_rejected[fix x all nve/asphere]
tests/particle6/test_no_lammps_dynamics_commands.py::test_forbidden_command_rejected[fix x all langevin 1 1 1 1]
tests/particle6/test_no_lammps_dynamics_commands.py::test_forbidden_command_rejected[fix x all brownian 1 1]
tests/particle6/test_no_lammps_dynamics_commands.py::test_forbidden_command_rejected[fix x all viscous 1]
tests/particle6/test_no_lammps_dynamics_commands.py::test_forbidden_command_rejected[fix x all addforce 1 0 0]
tests/particle6/test_no_lammps_dynamics_commands.py::test_forbidden_command_rejected[run 1]
tests/particle6/test_no_lammps_dynamics_commands.py::test_forbidden_command_rejected[run 100]
tests/particle6/test_no_lammps_dynamics_commands.py::test_forbidden_command_rejected[run 0 every 1 "run 1"]
tests/particle6/test_no_lammps_dynamics_commands.py::test_forbidden_command_rejected[pair_style lj/cut 1]
tests/particle6/test_no_lammps_dynamics_commands.py::test_forbidden_command_rejected[velocity all set 1 0 0]
tests/particle6/test_no_lammps_dynamics_commands.py::test_forbidden_command_rejected[mass * 2]
tests/particle6/test_no_lammps_dynamics_commands.py::test_forbidden_command_rejected[include dynamics.in]
tests/particle6/test_no_lammps_dynamics_commands.py::test_forbidden_command_rejected[run 0; run 1]
tests/particle6/test_no_lammps_dynamics_commands.py::test_forbidden_command_rejected[run ${n}]
tests/particle6/test_no_lammps_dynamics_commands.py::test_forbidden_command_rejected[atom_style sphere]
tests/particle6/test_no_lammps_dynamics_commands.py::test_production_command_literals_and_api_audit
tests/particle6/test_one_step_bridge_parity.py::test_one_step_exact[0]
tests/particle6/test_one_step_bridge_parity.py::test_one_step_exact[1]
tests/particle6/test_particle5_dependency_locked.py::test_particle5_dependency_locked
tests/particle6/test_particle6_plot_generation.py::test_reproducible_eleven_figures_from_saved_data
tests/particle6/test_particle6_review_artifacts.py::test_review_scope_and_evidence
tests/particle6/test_particle6_scope.py::test_particle6_scope
tests/particle6/test_particle6_scope.py::test_upstream_binding_is_private
tests/particle6/test_particle6_scope.py::test_policy_rejects_unfrozen_production[0-0-VALIDATION_ONLY]
tests/particle6/test_particle6_scope.py::test_policy_rejects_unfrozen_production[1--1-VALIDATION_ONLY]
tests/particle6/test_particle6_scope.py::test_policy_rejects_unfrozen_production[1-0-PRODUCTION]
tests/particle6/test_particle6_scope.py::test_policy_rejects_unfrozen_production[nan-0-VALIDATION_ONLY]
tests/particle6/test_particle_id_type_roundtrip.py::test_invalid_identity_rejected[particle_id-0]
tests/particle6/test_particle_id_type_roundtrip.py::test_invalid_identity_rejected[particle_id--1]
tests/particle6/test_particle_id_type_roundtrip.py::test_invalid_identity_rejected[particle_id-2147483648]
tests/particle6/test_particle_id_type_roundtrip.py::test_invalid_identity_rejected[mode_code-4]
tests/particle6/test_particle_id_type_roundtrip.py::test_invalid_identity_rejected[type_code-3]
tests/particle6/test_particle_id_type_roundtrip.py::test_duplicate_and_disagreeing_types
tests/particle6/test_real_two_mb_bridge_parity.py::test_actual_full_original_p5_and_lammps_replay
tests/particle6/test_resistance_system_bridge_parity.py::test_resistance_rhs_solution_contact_active_set
tests/particle6/test_shape_metadata_roundtrip.py::test_shape_metadata_roundtrip[1]
tests/particle6/test_shape_metadata_roundtrip.py::test_shape_metadata_roundtrip[2]
tests/particle6/test_shape_metadata_roundtrip.py::test_shape_metadata_roundtrip[3]

62 tests collected in 0.89s
