{
  "automated_checks": "PENDING_FINAL_REGRESSION",
  "git_commit": "c66077bf08875a38475a2b59f25747c217612996",
  "tests": {
    "frozen": {
      "status": "PENDING"
    },
    "particle0": {
      "status": "PENDING"
    },
    "particle1": {
      "status": "PENDING"
    },
    "particle2": {
      "status": "PENDING"
    },
    "particle3": {
      "status": "PENDING"
    },
    "particle4": {
      "status": "PENDING"
    },
    "particle5": {
      "status": "PENDING"
    },
    "particle6": {
      "status": "PENDING"
    }
  }
}
