{
  "true_parameters": {
    "s_O1": 0.92,
    "s_O2": 1.07,
    "mu_pa_s": 0.00345312,
    "distal_reference_pa": 0.0,
    "o3_mode": "legacy_reference",
    "terminal_resistance_O3_pa_s_m3": null
  },
  "fitted_parameters": {
    "s_O1": 0.9199999999999193,
    "s_O2": 1.0699999999999623,
    "mu_pa_s": 0.00345312,
    "distal_reference_pa": 0.0,
    "o3_mode": "legacy_reference",
    "terminal_resistance_O3_pa_s_m3": null
  },
  "initial_residual": [
    3.5221696116064543,
    -13.240942975121328,
    9.718773363509603
  ],
  "final_residual": [
    -6.397660179402465e-13,
    -6.084022174945858e-12,
    7.549516567451064e-13
  ],
  "initial_norm": 16.798297691569896,
  "final_norm": 6.16397423639702e-12,
  "nfev": 6,
  "trace_evaluations": 40,
  "status": "FIT_CONVERGED"
}
