[INPUT]
Frozen source: /home/lzy/projects/ulm_3D_vascular/outputs/topbrain_brava_transfer/nn_production/BG001/RMCA/compact_manufacturing_roi/BG001_RMCA_BALANCED_print_candidate.stl
Protected files: 1157
[ENDPOINTS]
1 inlet, 3 outlets
[BOX]
Inner mm: [78.29058838 81.84606934 56.39188766]
Outer mm: [84.29058838 87.84606934 59.39188766]
[ROUTING]
I1: 160 candidate routes; 1 retained feasible options
O1: 160 candidate routes; 21 retained feasible options
O2: 161 candidate routes; 20 retained feasible options
O3: 160 candidate routes; 0 retained feasible options
I1 -> -Y: ROUTE_B_CURVED; 26.39 mm; vessel clearance 4.158 mm; port clearance 42.126 mm
O1 -> +Y: ROUTE_B_CURVED; 41.84 mm; vessel clearance 4.094 mm; port clearance 38.580 mm
O2 -> -X: ROUTE_B_CURVED; 32.55 mm; vessel clearance 4.327 mm; port clearance 38.580 mm
[BOOLEAN]
Core union PASS: one connected closed positive-volume body
Box: 3 through holes; wall mesh closed=True
[QC]
NEEDS_ADJUSTMENT
Protected source hashes unchanged: True
[OUTPUT]
/home/lzy/projects/ulm_3D_vascular/outputs/topbrain_brava_transfer/nn_production/BG001/RMCA/compact_manufacturing_roi/print_fixture_design
