RUN coarse dt 2e-05 horizon 0.01 initial gap um 0.03500000000001459
ACCEPTED 100 time 0.00198 gap -2.8163845496205486e-20
ACCEPTED 200 time 0.00398 gap -2.4352197233561135e-20
ACCEPTED 300 time 0.00598 gap -1.376428539288238e-19
ACCEPTED 400 time 0.007980000000000001 gap 9.529120656610879e-21
ACCEPTED 500 time 0.009980000000000001 gap 5.52688998083431e-20
{
  "label": "coarse",
  "dt_s": 2e-05,
  "horizon_s": 0.01,
  "final_time_s": 0.01,
  "accepted_intervals": 500,
  "minimum_pair_gap_m": -2.3505164286306834e-19,
  "contact_states": 484,
  "minimum_wall_gap_m": 2.210595381167822e-07,
  "physical_time_coverage_error_s": 0.0,
  "elapsed_seconds": 19.94990587234497,
  "source_npz_sha256": "a2795b9ceed2e54b187f10217a5b18530b90bd7763b79886aaa97fd605714ea2",
  "source_wall_sha256": "06c5d1d1975cf9470096d9b7e560e2173c9733c847d5bc364aab7355ef12a11b",
  "model": "P4_KINEMATIC_HARD_FRICTIONLESS_CONTACT_WITH_FIXED_P3_CAPSULE",
  "RBC_membrane_mechanics": false,
  "nonspherical_lubrication": false,
  "two_way_CFD_coupling": false,
  "shape_during_encounter": "FIXED_VOLUME_AREA_COMPATIBLE_CAPSULE_FIXED_AXIS",
  "population_role": "SELECTED_LOCAL_TWO_BODY_ENCOUNTER_NOT_CONCENTRATION_OR_HEMATOCRIT"
}
