RUN fine dt 1e-05 horizon 0.01 initial gap um 0.03500000000001459
ACCEPTED 100 time 0.00099 gap 1.0185571190732962e-19
ACCEPTED 200 time 0.00199 gap 6.776263578034403e-20
ACCEPTED 300 time 0.00299 gap 2.1535812683940586e-19
ACCEPTED 400 time 0.0039900000000000005 gap 1.683477982667922e-19
ACCEPTED 500 time 0.0049900000000000005 gap 3.1996669582531195e-19
ACCEPTED 600 time 0.0059900000000000005 gap 2.8100318025161414e-19
ACCEPTED 700 time 0.0069900000000000006 gap 2.577097742021209e-19
ACCEPTED 800 time 0.00799 gap 3.7100043089738355e-19
ACCEPTED 900 time 0.008990000000000001 gap 4.2690460541616737e-19
ACCEPTED 1000 time 0.00999 gap 4.760325163569168e-19
{
  "label": "fine",
  "dt_s": 1e-05,
  "horizon_s": 0.01,
  "final_time_s": 0.01,
  "accepted_intervals": 1000,
  "minimum_pair_gap_m": -8.830318475126081e-20,
  "contact_states": 968,
  "minimum_wall_gap_m": 2.213383564100708e-07,
  "physical_time_coverage_error_s": 0.0,
  "elapsed_seconds": 37.23652362823486,
  "source_npz_sha256": "a2795b9ceed2e54b187f10217a5b18530b90bd7763b79886aaa97fd605714ea2",
  "source_wall_sha256": "06c5d1d1975cf9470096d9b7e560e2173c9733c847d5bc364aab7355ef12a11b",
  "model": "P4_KINEMATIC_HARD_FRICTIONLESS_CONTACT_WITH_FIXED_P3_CAPSULE",
  "RBC_membrane_mechanics": false,
  "nonspherical_lubrication": false,
  "two_way_CFD_coupling": false,
  "shape_during_encounter": "FIXED_VOLUME_AREA_COMPATIBLE_CAPSULE_FIXED_AXIS",
  "population_role": "SELECTED_LOCAL_TWO_BODY_ENCOUNTER_NOT_CONCENTRATION_OR_HEMATOCRIT"
}
