{
  "all_pass": true,
  "checked_at_utc": "2026-09-25T08:34:04.513381+00:00",
  "source_field_sha256": "064cbd28f3efa72f426fc946b2f29da21f056c596609095e7283d39070aa55f4",
  "same_authoritative_NEW_H0_field": true,
  "inputs_unchanged": true,
  "renderer_and_gallery_byte_identical": true,
  "pressure_limit_previously_approved_Pa": 5000,
  "camera_and_annotation_checks": {
    "full_vessel_camera.json": "BYTE_IDENTICAL",
    "branch_vectors_camera.json": "BYTE_IDENTICAL",
    "full_vessel_annotations.json": "BYTE_IDENTICAL",
    "branch_vectors_annotations.json": "BYTE_IDENTICAL",
    "surface_fields/pressure_camera.json": "BYTE_IDENTICAL",
    "surface_fields/wss_camera.json": "BYTE_IDENTICAL",
    "surface_fields/pressure_annotations.json": "BYTE_IDENTICAL",
    "surface_fields/wss_annotations.json": "BYTE_IDENTICAL"
  },
  "existing_independent_validators_pass": true,
  "four_4K_stills": [
    "figures/full_vessel_4k.png",
    "figures/branch_vectors_4k.png",
    "surface_fields/figures/pressure_overview_4k.png",
    "surface_fields/figures/wss_overview_4k.png"
  ],
  "relative_links_verified": 16,
  "videos": [
    {
      "path": "results/animations/streamlines_full_vessel_enlarged.mp4",
      "sha256": "6bc7a9e5741802a9cd91e0c4b0b84a05dea1f8a5f265a623de5a024551ee61ca",
      "decoded_frames": 432,
      "fps": 24,
      "duration_s": 18.0,
      "size": [
        1920,
        1080
      ]
    },
    {
      "path": "results/animations/velocity_vectors_branch_detail_enlarged.mp4",
      "sha256": "7f0ff25c92689d7b5974e0ff5af6b89b6e8af1e2cd89a5eee96b69bf7c9da984",
      "decoded_frames": 432,
      "fps": 24,
      "duration_s": 18.0,
      "size": [
        1920,
        1080
      ]
    },
    {
      "path": "results/surface_fields/animations/pressure_full_vessel_enlarged.mp4",
      "sha256": "a8d4f0c57544bf8d5fe4611dfcd9d365b46e3598026797d2a2587d2b21b66384",
      "decoded_frames": 432,
      "fps": 24,
      "duration_s": 18.0,
      "size": [
        1920,
        1080
      ]
    },
    {
      "path": "results/surface_fields/animations/wss_full_vessel_enlarged.mp4",
      "sha256": "f356733543d9611ad12967448199a451dad377863439616e3d75ee3c5d0c9036",
      "decoded_frames": 432,
      "fps": 24,
      "duration_s": 18.0,
      "size": [
        1920,
        1080
      ]
    }
  ],
  "previous_bundle_preserved": "/home/lzy/projects/formal_3D_flow_solver/FEM_SimVascular/rotate_visualization_history/before_refresh_20260925T082616Z",
  "scope": "Fresh render of already-correct NEW H0 inputs; no physics, field values or presentation changes"
}
