Starting meshing_api_naming_check
Finished meshing_api_naming_check exit 0 elapsed 2.02
{
  "timestamp": "2026-09-27T09:55:11.500024+00:00",
  "command": [
    "/home/lzy/projects/formal_3D_flow_solver/FEM_SimVascular/external/SimVascularDistribution/usr/local/sv/simvascular/2023-05-31/simvascular",
    "-python",
    "--",
    "/home/lzy/projects/formal_3D_flow_solver/FEM_SimVascular/mesh_generate/scripts/probe_meshing_api.py"
  ],
  "cwd": "/home/lzy/projects/formal_3D_flow_solver/FEM_SimVascular",
  "exit_code": 0,
  "timed_out": false,
  "elapsed_s": 2.019628012996691,
  "peak_rss_kib": 218040,
  "memory_scope": "GNU time maximum process RSS, not an MPI sum",
  "log": "logs/mesh_and_flow/meshing_api_naming_check.log",
  "resource_log": "logs/mesh_and_flow/meshing_api_naming_check_resources.txt",
  "status": "PASS",
  "result": {
    "actual_mesher_type": "<class 'meshing.TetGen'>",
    "architecture": "x86_64",
    "geometry_loaded": false,
    "mesh_generated": false,
    "meshing_api_present": true,
    "model_type": "<class 'modeling.PolyData'>",
    "options_surface_mesh_flag": true,
    "options_use_mmg": false,
    "options_volume_mesh_flag": true,
    "python": "3.5.5 (default, Jun 10 2021, 09:25:39) \n[GCC 7.5.0]",
    "status": "PASS",
    "sv_module_file": "/home/lzy/projects/formal_3D_flow_solver/FEM_SimVascular/external/SimVascularDistribution/usr/local/sv/simvascular/2023-05-31/Python3.5/site-packages/sv/__init__.py",
    "sv_version": "not exported",
    "vtk_version": "8.1.1"
  },
  "launcher": "/home/lzy/projects/formal_3D_flow_solver/FEM_SimVascular/external/SimVascularDistribution/usr/local/sv/simvascular/2023-05-31/simvascular",
  "launcher_sha256": "27a38ea66289a8ed08cb430f1f15568db95ed7b28f03103fddc7f5d3900cd6b6",
  "package_version": "2023.05.31"
}
