Info    : Meshing 1D...
Info    : [  0%] Meshing curve 1 (Line)
Info    : [ 10%] Meshing curve 2 (Line)
Info    : [ 10%] Meshing curve 3 (Line)
Info    : [ 10%] Meshing curve 4 (Line)
Info    : [ 10%] Meshing curve 5 (Line)
Info    : [ 10%] Meshing curve 6 (Line)
Info    : [ 20%] Meshing curve 7 (Line)
Info    : [ 20%] Meshing curve 8 (Line)
Info    : [ 20%] Meshing curve 9 (Line)
Info    : [ 20%] Meshing curve 10 (Line)
Info    : [ 20%] Meshing curve 11 (Line)
Info    : [ 20%] Meshing curve 12 (Line)
Info    : [ 30%] Meshing curve 13 (Line)
Info    : [ 30%] Meshing curve 14 (Line)
Info    : [ 30%] Meshing curve 15 (Line)
Info    : [ 30%] Meshing curve 16 (Line)
Info    : [ 30%] Meshing curve 17 (Line)
Info    : [ 30%] Meshing curve 18 (Line)
Info    : [ 40%] Meshing curve 19 (Line)
Info    : [ 40%] Meshing curve 20 (Line)
Info    : [ 40%] Meshing curve 21 (Line)
Info    : [ 40%] Meshing curve 22 (Line)
Info    : [ 40%] Meshing curve 23 (Line)
Info    : [ 40%] Meshing curve 24 (Line)
Info    : [ 50%] Meshing curve 25 (Line)
Info    : [ 50%] Meshing curve 26 (Line)
Info    : [ 50%] Meshing curve 27 (Line)
Info    : [ 50%] Meshing curve 28 (Line)
Info    : [ 50%] Meshing curve 29 (Line)
Info    : [ 60%] Meshing curve 30 (Line)
Info    : [ 60%] Meshing curve 31 (Line)
Info    : [ 60%] Meshing curve 32 (Line)
Info    : [ 60%] Meshing curve 33 (Line)
Info    : [ 60%] Meshing curve 34 (Line)
Info    : [ 60%] Meshing curve 35 (Line)
Info    : [ 70%] Meshing curve 36 (Line)
Info    : [ 70%] Meshing curve 37 (Line)
Info    : [ 70%] Meshing curve 38 (Line)
Info    : [ 70%] Meshing curve 39 (Line)
Info    : [ 70%] Meshing curve 40 (Line)
Info    : [ 70%] Meshing curve 41 (Line)
Info    : [ 80%] Meshing curve 42 (Line)
Info    : [ 80%] Meshing curve 43 (Line)
Info    : [ 80%] Meshing curve 44 (Line)
Info    : [ 80%] Meshing curve 45 (Line)
Info    : [ 80%] Meshing curve 46 (Line)
Info    : [ 80%] Meshing curve 47 (Line)
Info    : [ 90%] Meshing curve 48 (Line)
Info    : [ 90%] Meshing curve 49 (Line)
Info    : [ 90%] Meshing curve 50 (Line)
Info    : [ 90%] Meshing curve 51 (Line)
Info    : [ 90%] Meshing curve 52 (Line)
Info    : [ 90%] Meshing curve 53 (Line)
Info    : [100%] Meshing curve 54 (Line)
Info    : [100%] Meshing curve 55 (Line)
Info    : [100%] Meshing curve 56 (Line)
Info    : [100%] Meshing curve 57 (Line)
Info    : [100%] Meshing curve 58 (Line)
Info    : Done meshing 1D (Wall 0.00112521s, CPU 0.000882s)
Info    : Meshing 2D...
Info    : Meshing surface 1 (Plane, Frontal-Delaunay)
Info    : Done meshing 2D (Wall 0.00224194s, CPU 0.002242s)
Info    : 374 nodes 804 elements
candidate_A inlet geometry FAIL area rel 6.299706552043917e-10 triangles 688
Info    : Meshing 1D...
Info    : [  0%] Meshing curve 1 (Line)
Info    : [ 10%] Meshing curve 2 (Line)
Info    : [ 10%] Meshing curve 3 (Line)
Info    : [ 10%] Meshing curve 4 (Line)
Info    : [ 10%] Meshing curve 5 (Line)
Info    : [ 20%] Meshing curve 6 (Line)
Info    : [ 20%] Meshing curve 7 (Line)
Info    : [ 20%] Meshing curve 8 (Line)
Info    : [ 20%] Meshing curve 9 (Line)
Info    : [ 20%] Meshing curve 10 (Line)
Info    : [ 30%] Meshing curve 11 (Line)
Info    : [ 30%] Meshing curve 12 (Line)
Info    : [ 30%] Meshing curve 13 (Line)
Info    : [ 30%] Meshing curve 14 (Line)
Info    : [ 40%] Meshing curve 15 (Line)
Info    : [ 40%] Meshing curve 16 (Line)
Info    : [ 40%] Meshing curve 17 (Line)
Info    : [ 40%] Meshing curve 18 (Line)
Info    : [ 40%] Meshing curve 19 (Line)
Info    : [ 50%] Meshing curve 20 (Line)
Info    : [ 50%] Meshing curve 21 (Line)
Info    : [ 50%] Meshing curve 22 (Line)
Info    : [ 50%] Meshing curve 23 (Line)
Info    : [ 60%] Meshing curve 24 (Line)
Info    : [ 60%] Meshing curve 25 (Line)
Info    : [ 60%] Meshing curve 26 (Line)
Info    : [ 60%] Meshing curve 27 (Line)
Info    : [ 60%] Meshing curve 28 (Line)
Info    : [ 70%] Meshing curve 29 (Line)
Info    : [ 70%] Meshing curve 30 (Line)
Info    : [ 70%] Meshing curve 31 (Line)
Info    : [ 70%] Meshing curve 32 (Line)
Info    : [ 70%] Meshing curve 33 (Line)
Info    : [ 80%] Meshing curve 34 (Line)
Info    : [ 80%] Meshing curve 35 (Line)
Info    : [ 80%] Meshing curve 36 (Line)
Info    : [ 80%] Meshing curve 37 (Line)
Info    : [ 90%] Meshing curve 38 (Line)
Info    : [ 90%] Meshing curve 39 (Line)
Info    : [ 90%] Meshing curve 40 (Line)
Info    : [ 90%] Meshing curve 41 (Line)
Info    : [ 90%] Meshing curve 42 (Line)
Info    : [100%] Meshing curve 43 (Line)
Info    : [100%] Meshing curve 44 (Line)
Info    : [100%] Meshing curve 45 (Line)
Info    : [100%] Meshing curve 46 (Line)
Info    : Done meshing 1D (Wall 0.000893567s, CPU 0.000775s)
Info    : Meshing 2D...
Info    : Meshing surface 1 (Plane, Frontal-Delaunay)
Info    : Done meshing 2D (Wall 0.00219453s, CPU 0.002189s)
Info    : 385 nodes 814 elements
candidate_A outlet_01 geometry FAIL area rel 2.584256933215294e-09 triangles 722
Info    : Meshing 1D...
Info    : [  0%] Meshing curve 1 (Line)
Info    : [ 10%] Meshing curve 2 (Line)
Info    : [ 10%] Meshing curve 3 (Line)
Info    : [ 10%] Meshing curve 4 (Line)
Info    : [ 10%] Meshing curve 5 (Line)
Info    : [ 20%] Meshing curve 6 (Line)
Info    : [ 20%] Meshing curve 7 (Line)
Info    : [ 20%] Meshing curve 8 (Line)
Info    : [ 20%] Meshing curve 9 (Line)
Info    : [ 30%] Meshing curve 10 (Line)
Info    : [ 30%] Meshing curve 11 (Line)
Info    : [ 30%] Meshing curve 12 (Line)
Info    : [ 30%] Meshing curve 13 (Line)
Info    : [ 30%] Meshing curve 14 (Line)
Info    : [ 40%] Meshing curve 15 (Line)
Info    : [ 40%] Meshing curve 16 (Line)
Info    : [ 40%] Meshing curve 17 (Line)
Info    : [ 40%] Meshing curve 18 (Line)
Info    : [ 50%] Meshing curve 19 (Line)
Info    : [ 50%] Meshing curve 20 (Line)
Info    : [ 50%] Meshing curve 21 (Line)
Info    : [ 50%] Meshing curve 22 (Line)
Info    : [ 60%] Meshing curve 23 (Line)
Info    : [ 60%] Meshing curve 24 (Line)
Info    : [ 60%] Meshing curve 25 (Line)
Info    : [ 60%] Meshing curve 26 (Line)
Info    : [ 60%] Meshing curve 27 (Line)
Info    : [ 70%] Meshing curve 28 (Line)
Info    : [ 70%] Meshing curve 29 (Line)
Info    : [ 70%] Meshing curve 30 (Line)
Info    : [ 70%] Meshing curve 31 (Line)
Info    : [ 80%] Meshing curve 32 (Line)
Info    : [ 80%] Meshing curve 33 (Line)
Info    : [ 80%] Meshing curve 34 (Line)
Info    : [ 80%] Meshing curve 35 (Line)
Info    : [ 80%] Meshing curve 36 (Line)
Info    : [ 90%] Meshing curve 37 (Line)
Info    : [ 90%] Meshing curve 38 (Line)
Info    : [ 90%] Meshing curve 39 (Line)
Info    : [ 90%] Meshing curve 40 (Line)
Info    : [100%] Meshing curve 41 (Line)
Info    : [100%] Meshing curve 42 (Line)
Info    : [100%] Meshing curve 43 (Line)
Info    : [100%] Meshing curve 44 (Line)
Info    : Done meshing 1D (Wall 0.000850897s, CPU 0.000852s)
Info    : Meshing 2D...
Info    : Meshing surface 1 (Plane, Frontal-Delaunay)
Info    : Done meshing 2D (Wall 0.00162687s, CPU 0.001627s)
Info    : 299 nodes 640 elements
candidate_A outlet_02 geometry FAIL area rel 7.253053500670895e-10 triangles 552
Info    : Meshing 1D...
Info    : [  0%] Meshing curve 1 (Line)
Info    : [ 10%] Meshing curve 2 (Line)
Info    : [ 10%] Meshing curve 3 (Line)
Info    : [ 10%] Meshing curve 4 (Line)
Info    : [ 10%] Meshing curve 5 (Line)
Info    : [ 10%] Meshing curve 6 (Line)
Info    : [ 20%] Meshing curve 7 (Line)
Info    : [ 20%] Meshing curve 8 (Line)
Info    : [ 20%] Meshing curve 9 (Line)
Info    : [ 20%] Meshing curve 10 (Line)
Info    : [ 20%] Meshing curve 11 (Line)
Info    : [ 30%] Meshing curve 12 (Line)
Info    : [ 30%] Meshing curve 13 (Line)
Info    : [ 30%] Meshing curve 14 (Line)
Info    : [ 30%] Meshing curve 15 (Line)
Info    : [ 30%] Meshing curve 16 (Line)
Info    : [ 40%] Meshing curve 17 (Line)
Info    : [ 40%] Meshing curve 18 (Line)
Info    : [ 40%] Meshing curve 19 (Line)
Info    : [ 40%] Meshing curve 20 (Line)
Info    : [ 40%] Meshing curve 21 (Line)
Info    : [ 50%] Meshing curve 22 (Line)
Info    : [ 50%] Meshing curve 23 (Line)
Info    : [ 50%] Meshing curve 24 (Line)
Info    : [ 50%] Meshing curve 25 (Line)
Info    : [ 50%] Meshing curve 26 (Line)
Info    : [ 60%] Meshing curve 27 (Line)
Info    : [ 60%] Meshing curve 28 (Line)
Info    : [ 60%] Meshing curve 29 (Line)
Info    : [ 60%] Meshing curve 30 (Line)
Info    : [ 60%] Meshing curve 31 (Line)
Info    : [ 70%] Meshing curve 32 (Line)
Info    : [ 70%] Meshing curve 33 (Line)
Info    : [ 70%] Meshing curve 34 (Line)
Info    : [ 70%] Meshing curve 35 (Line)
Info    : [ 70%] Meshing curve 36 (Line)
Info    : [ 80%] Meshing curve 37 (Line)
Info    : [ 80%] Meshing curve 38 (Line)
Info    : [ 80%] Meshing curve 39 (Line)
Info    : [ 80%] Meshing curve 40 (Line)
Info    : [ 80%] Meshing curve 41 (Line)
Info    : [ 90%] Meshing curve 42 (Line)
Info    : [ 90%] Meshing curve 43 (Line)
Info    : [ 90%] Meshing curve 44 (Line)
Info    : [ 90%] Meshing curve 45 (Line)
Info    : [ 90%] Meshing curve 46 (Line)
Info    : [100%] Meshing curve 47 (Line)
Info    : [100%] Meshing curve 48 (Line)
Info    : [100%] Meshing curve 49 (Line)
Info    : [100%] Meshing curve 50 (Line)
Info    : [100%] Meshing curve 51 (Line)
Info    : Done meshing 1D (Wall 0.000984827s, CPU 0.000986s)
Info    : Meshing 2D...
Info    : Meshing surface 1 (Plane, Frontal-Delaunay)
Info    : Done meshing 2D (Wall 0.00176525s, CPU 0.001765s)
Info    : 315 nodes 679 elements
candidate_A outlet_03 geometry FAIL area rel 2.994930492657995e-09 triangles 577
candidate_A : surface geometry FAIL ; volume BLOCKED by unchanged geometry gates
