COMMAND_JSON=["cmake", "--build", "/workspace/lammps_migration/new_20260916_091244/build_cpu", "--parallel", "6"]
[0/2] Re-checking globbed directories...
[1/465] Generating includes/lammps/angle.h
[2/465] Generating includes/lammps/bond.h
[3/465] Generating includes/lammps/citeme.h
[4/465] Generating includes/lammps/comm.h
[5/465] Generating includes/lammps/atom.h
[6/465] Generating includes/lammps/dihedral.h
[7/465] Generating includes/lammps/compute.h
[8/465] Generating includes/lammps/command.h
[9/465] Generating includes/lammps/domain.h
[10/465] cd /workspace/lammps_migration/new_20260916_091244/build_cpu && /usr/bin/cmake -D LAMMPS_DIR="/workspace/lammps_migration/new_20260916_091244/upstream/lammps" -D GIT_EXECUTABLE="/usr/bin/git" -D GIT_FOUND="TRUE" -D LAMMPS_STYLE_HEADERS_DIR="/workspace/lammps_migration/new_20260916_091244/build_cpu/styles" -P /workspace/lammps_migration/new_20260916_091244/upstream/lammps/cmake/Modules/generate_lmpgitversion.cmake
-- Git Directory: /workspace/lammps_migration/new_20260916_091244/upstream/lammps/.git
-- Generating lmpgitversion.h...
[11/465] Generating includes/lammps/error.h
[12/465] Generating includes/lammps/fix.h
[13/465] Generating includes/lammps/exceptions.h
[14/465] Generating includes/lammps/force.h
[15/465] Generating includes/lammps/group.h
[16/465] Generating includes/lammps/improper.h
[17/465] Generating includes/lammps/input.h
[18/465] Generating includes/lammps/info.h
[19/465] Generating includes/lammps/json.h
[20/465] Generating includes/lammps/json_fwd.h
[21/465] Generating includes/lammps/kspace.h
[22/465] Generating includes/lammps/lammps.h
[23/465] Generating includes/lammps/lattice.h
[24/465] Generating includes/lammps/library.h
[25/465] Generating includes/lammps/lmppython.h
[26/465] Generating includes/lammps/lmptype.h
[27/465] Generating includes/lammps/memory.h
[28/465] Generating includes/lammps/modify.h
[29/465] Generating includes/lammps/neighbor.h
[30/465] Generating includes/lammps/neigh_list.h
[31/465] Generating includes/lammps/output.h
[32/465] Generating includes/lammps/pair.h
[33/465] Generating includes/lammps/platform.h
[34/465] Generating includes/lammps/pointers.h
[35/465] Generating includes/lammps/region.h
[36/465] Generating includes/lammps/universe.h
[37/465] Generating includes/lammps/timer.h
[38/465] Generating includes/lammps/update.h
[39/465] Generating includes/lammps/utils.h
[40/465] Generating includes/lammps/variable.h
[41/465] Generating includes/lammps/fmt/core.h
[42/465] Generating includes/lammps/fmt/format.h
[43/465] Generating includes/lammps/nlohmann/json_fwd.hpp
[44/465] Generating includes/lammps/nlohmann/json.hpp
[45/465] Building CXX object CMakeFiles/lammps.dir/workspace/lammps_migration/new_20260916_091244/upstream/lammps/src/arg_info.cpp.o
[46/465] Building CXX object CMakeFiles/lammps.dir/workspace/lammps_migration/new_20260916_091244/upstream/lammps/src/angle_zero.cpp.o
[47/465] Building CXX object CMakeFiles/lammps.dir/workspace/lammps_migration/new_20260916_091244/upstream/lammps/src/angle_deprecated.cpp.o
[48/465] Building CXX object CMakeFiles/lammps.dir/workspace/lammps_migration/new_20260916_091244/upstream/lammps/src/angle.cpp.o
[49/465] Building CXX object CMakeFiles/lammps.dir/workspace/lammps_migration/new_20260916_091244/upstream/lammps/src/angle_write.cpp.o
[50/465] Building CXX object CMakeFiles/lammps.dir/workspace/lammps_migration/new_20260916_091244/upstream/lammps/src/angle_hybrid.cpp.o
[51/465] Building CXX object CMakeFiles/lammps.dir/workspace/lammps_migration/new_20260916_091244/upstream/lammps/src/atom_map.cpp.o
[52/465] Building CXX object CMakeFiles/lammps.dir/workspace/lammps_migration/new_20260916_091244/upstream/lammps/src/atom_vec_atomic.cpp.o
[53/465] Building CXX object CMakeFiles/lammps.dir/workspace/lammps_migration/new_20260916_091244/upstream/lammps/src/atom_vec_charge.cpp.o
[54/465] Building CXX object CMakeFiles/lammps.dir/workspace/lammps_migration/new_20260916_091244/upstream/lammps/src/atom_vec_body.cpp.o
[55/465] Building CXX object CMakeFiles/lammps.dir/workspace/lammps_migration/new_20260916_091244/upstream/lammps/src/atom_vec_hybrid.cpp.o
[56/465] Building CXX object CMakeFiles/lammps.dir/workspace/lammps_migration/new_20260916_091244/upstream/lammps/src/atom_vec_line.cpp.o
[57/465] Building CXX object CMakeFiles/lammps.dir/workspace/lammps_migration/new_20260916_091244/upstream/lammps/src/atom_vec_ellipsoid.cpp.o
[58/465] Building CXX object CMakeFiles/lammps.dir/workspace/lammps_migration/new_20260916_091244/upstream/lammps/src/body.cpp.o
[59/465] Building CXX object CMakeFiles/lammps.dir/workspace/lammps_migration/new_20260916_091244/upstream/lammps/src/atom.cpp.o
[60/465] Building CXX object CMakeFiles/lammps.dir/workspace/lammps_migration/new_20260916_091244/upstream/lammps/src/atom_vec_sphere.cpp.o
[61/465] Building CXX object CMakeFiles/lammps.dir/workspace/lammps_migration/new_20260916_091244/upstream/lammps/src/atom_vec.cpp.o
[62/465] Building CXX object CMakeFiles/lammps.dir/workspace/lammps_migration/new_20260916_091244/upstream/lammps/src/atom_vec_tri.cpp.o
[63/465] Building CXX object CMakeFiles/lammps.dir/workspace/lammps_migration/new_20260916_091244/upstream/lammps/src/bond_deprecated.cpp.o
[64/465] Building CXX object CMakeFiles/lammps.dir/workspace/lammps_migration/new_20260916_091244/upstream/lammps/src/bond_zero.cpp.o
[65/465] Building CXX object CMakeFiles/lammps.dir/workspace/lammps_migration/new_20260916_091244/upstream/lammps/src/bond.cpp.o
[66/465] Building CXX object CMakeFiles/lammps.dir/workspace/lammps_migration/new_20260916_091244/upstream/lammps/src/balance.cpp.o
[67/465] Building CXX object CMakeFiles/lammps.dir/workspace/lammps_migration/new_20260916_091244/upstream/lammps/src/bond_hybrid.cpp.o
[68/465] Building CXX object CMakeFiles/lammps.dir/workspace/lammps_migration/new_20260916_091244/upstream/lammps/src/citeme.cpp.o
[69/465] Building CXX object CMakeFiles/lammps.dir/workspace/lammps_migration/new_20260916_091244/upstream/lammps/src/change_box.cpp.o
[70/465] Building CXX object CMakeFiles/lammps.dir/workspace/lammps_migration/new_20260916_091244/upstream/lammps/src/compute.cpp.o
[71/465] Building CXX object CMakeFiles/lammps.dir/workspace/lammps_migration/new_20260916_091244/upstream/lammps/src/comm_brick.cpp.o
[72/465] Building CXX object CMakeFiles/lammps.dir/workspace/lammps_migration/new_20260916_091244/upstream/lammps/src/comm.cpp.o
[73/465] Building CXX object CMakeFiles/lammps.dir/workspace/lammps_migration/new_20260916_091244/upstream/lammps/src/compute_aggregate_atom.cpp.o
[74/465] Building CXX object CMakeFiles/lammps.dir/workspace/lammps_migration/new_20260916_091244/upstream/lammps/src/compute_angle.cpp.o
[75/465] Building CXX object CMakeFiles/lammps.dir/workspace/lammps_migration/new_20260916_091244/upstream/lammps/src/compute_angle_local.cpp.o
[76/465] Building CXX object CMakeFiles/lammps.dir/workspace/lammps_migration/new_20260916_091244/upstream/lammps/src/compute_bond.cpp.o
[77/465] Building CXX object CMakeFiles/lammps.dir/workspace/lammps_migration/new_20260916_091244/upstream/lammps/src/comm_tiled.cpp.o
[78/465] Building CXX object CMakeFiles/lammps.dir/workspace/lammps_migration/new_20260916_091244/upstream/lammps/src/compute_angmom_chunk.cpp.o
[79/465] Building CXX object CMakeFiles/lammps.dir/workspace/lammps_migration/new_20260916_091244/upstream/lammps/src/compute_centro_atom.cpp.o
[80/465] Building CXX object CMakeFiles/lammps.dir/workspace/lammps_migration/new_20260916_091244/upstream/lammps/src/compute_bond_local.cpp.o
[81/465] Building CXX object CMakeFiles/lammps.dir/workspace/lammps_migration/new_20260916_091244/upstream/lammps/src/compute_chunk.cpp.o
[82/465] Building CXX object CMakeFiles/lammps.dir/workspace/lammps_migration/new_20260916_091244/upstream/lammps/src/compute_centroid_stress_atom.cpp.o
[83/465] Building CXX object CMakeFiles/lammps.dir/workspace/lammps_migration/new_20260916_091244/upstream/lammps/src/compute_cluster_atom.cpp.o
[84/465] Building CXX object CMakeFiles/lammps.dir/workspace/lammps_migration/new_20260916_091244/upstream/lammps/src/compute_chunk_spread_atom.cpp.o
[85/465] Building CXX object CMakeFiles/lammps.dir/workspace/lammps_migration/new_20260916_091244/upstream/lammps/src/compute_cna_atom.cpp.o
[86/465] Building CXX object CMakeFiles/lammps.dir/workspace/lammps_migration/new_20260916_091244/upstream/lammps/src/compute_com.cpp.o
[87/465] Building CXX object CMakeFiles/lammps.dir/workspace/lammps_migration/new_20260916_091244/upstream/lammps/src/compute_com_chunk.cpp.o
[88/465] Building CXX object CMakeFiles/lammps.dir/workspace/lammps_migration/new_20260916_091244/upstream/lammps/src/compute_deprecated.cpp.o
[89/465] Building CXX object CMakeFiles/lammps.dir/workspace/lammps_migration/new_20260916_091244/upstream/lammps/src/compute_coord_atom.cpp.o
[90/465] Building CXX object CMakeFiles/lammps.dir/workspace/lammps_migration/new_20260916_091244/upstream/lammps/src/compute_chunk_atom.cpp.o
[91/465] Building CXX object CMakeFiles/lammps.dir/workspace/lammps_migration/new_20260916_091244/upstream/lammps/src/compute_count_type.cpp.o
[92/465] Building CXX object CMakeFiles/lammps.dir/workspace/lammps_migration/new_20260916_091244/upstream/lammps/src/compute_dihedral.cpp.o
[93/465] Building CXX object CMakeFiles/lammps.dir/workspace/lammps_migration/new_20260916_091244/upstream/lammps/src/compute_dihedral_local.cpp.o
[94/465] Building CXX object CMakeFiles/lammps.dir/workspace/lammps_migration/new_20260916_091244/upstream/lammps/src/compute_dipole.cpp.o
[95/465] Building CXX object CMakeFiles/lammps.dir/workspace/lammps_migration/new_20260916_091244/upstream/lammps/src/compute_erotate_sphere.cpp.o
[96/465] Building CXX object CMakeFiles/lammps.dir/workspace/lammps_migration/new_20260916_091244/upstream/lammps/src/compute_dipole_chunk.cpp.o
[97/465] Building CXX object CMakeFiles/lammps.dir/workspace/lammps_migration/new_20260916_091244/upstream/lammps/src/compute_erotate_sphere_atom.cpp.o
[98/465] Building CXX object CMakeFiles/lammps.dir/workspace/lammps_migration/new_20260916_091244/upstream/lammps/src/compute_displace_atom.cpp.o
[99/465] Building CXX object CMakeFiles/lammps.dir/workspace/lammps_migration/new_20260916_091244/upstream/lammps/src/compute_fragment_atom.cpp.o
[100/465] Building CXX object CMakeFiles/lammps.dir/workspace/lammps_migration/new_20260916_091244/upstream/lammps/src/compute_gyration.cpp.o
[101/465] Building CXX object CMakeFiles/lammps.dir/workspace/lammps_migration/new_20260916_091244/upstream/lammps/src/compute_group_group.cpp.o
[102/465] Building CXX object CMakeFiles/lammps.dir/workspace/lammps_migration/new_20260916_091244/upstream/lammps/src/compute_gyration_chunk.cpp.o
[103/465] Building CXX object CMakeFiles/lammps.dir/workspace/lammps_migration/new_20260916_091244/upstream/lammps/src/compute_heat_flux.cpp.o
[104/465] Building CXX object CMakeFiles/lammps.dir/workspace/lammps_migration/new_20260916_091244/upstream/lammps/src/compute_global_atom.cpp.o
[105/465] Building CXX object CMakeFiles/lammps.dir/workspace/lammps_migration/new_20260916_091244/upstream/lammps/src/compute_improper.cpp.o
[106/465] Building CXX object CMakeFiles/lammps.dir/workspace/lammps_migration/new_20260916_091244/upstream/lammps/src/compute_inertia.cpp.o
[107/465] Building CXX object CMakeFiles/lammps.dir/workspace/lammps_migration/new_20260916_091244/upstream/lammps/src/compute_ke.cpp.o
[108/465] Building CXX object CMakeFiles/lammps.dir/workspace/lammps_migration/new_20260916_091244/upstream/lammps/src/compute_improper_local.cpp.o
[109/465] Building CXX object CMakeFiles/lammps.dir/workspace/lammps_migration/new_20260916_091244/upstream/lammps/src/compute_ke_atom.cpp.o
[110/465] Building CXX object CMakeFiles/lammps.dir/workspace/lammps_migration/new_20260916_091244/upstream/lammps/src/compute_inertia_chunk.cpp.o
[111/465] Building CXX object CMakeFiles/lammps.dir/workspace/lammps_migration/new_20260916_091244/upstream/lammps/src/compute_msd.cpp.o
[112/465] Building CXX object CMakeFiles/lammps.dir/workspace/lammps_migration/new_20260916_091244/upstream/lammps/src/compute_msd_chunk.cpp.o
[113/465] Building CXX object CMakeFiles/lammps.dir/workspace/lammps_migration/new_20260916_091244/upstream/lammps/src/compute_omega_chunk.cpp.o
[114/465] Building CXX object CMakeFiles/lammps.dir/workspace/lammps_migration/new_20260916_091244/upstream/lammps/src/compute_pair.cpp.o
[115/465] Building CXX object CMakeFiles/lammps.dir/workspace/lammps_migration/new_20260916_091244/upstream/lammps/src/compute_pair_local.cpp.o
[116/465] Building CXX object CMakeFiles/lammps.dir/workspace/lammps_migration/new_20260916_091244/upstream/lammps/src/compute_orientorder_atom.cpp.o
[117/465] Building CXX object CMakeFiles/lammps.dir/workspace/lammps_migration/new_20260916_091244/upstream/lammps/src/compute_pe.cpp.o
[118/465] Building CXX object CMakeFiles/lammps.dir/workspace/lammps_migration/new_20260916_091244/upstream/lammps/src/compute_pe_atom.cpp.o
[119/465] Building CXX object CMakeFiles/lammps.dir/workspace/lammps_migration/new_20260916_091244/upstream/lammps/src/compute_pressure.cpp.o
[120/465] Building CXX object CMakeFiles/lammps.dir/workspace/lammps_migration/new_20260916_091244/upstream/lammps/src/compute_property_chunk.cpp.o
[121/465] Building CXX object CMakeFiles/lammps.dir/workspace/lammps_migration/new_20260916_091244/upstream/lammps/src/compute_rdf.cpp.o
[122/465] Building CXX object CMakeFiles/lammps.dir/workspace/lammps_migration/new_20260916_091244/upstream/lammps/src/compute_property_local.cpp.o
[123/465] Building CXX object CMakeFiles/lammps.dir/workspace/lammps_migration/new_20260916_091244/upstream/lammps/src/compute_property_grid.cpp.o
[124/465] Building CXX object CMakeFiles/lammps.dir/workspace/lammps_migration/new_20260916_091244/upstream/lammps/src/compute_reduce_chunk.cpp.o
[125/465] Building CXX object CMakeFiles/lammps.dir/workspace/lammps_migration/new_20260916_091244/upstream/lammps/src/compute_property_atom.cpp.o
[126/465] Building CXX object CMakeFiles/lammps.dir/workspace/lammps_migration/new_20260916_091244/upstream/lammps/src/compute_reduce_region.cpp.o
[127/465] Building CXX object CMakeFiles/lammps.dir/workspace/lammps_migration/new_20260916_091244/upstream/lammps/src/compute_reduce.cpp.o
[128/465] Building CXX object CMakeFiles/lammps.dir/workspace/lammps_migration/new_20260916_091244/upstream/lammps/src/compute_temp.cpp.o
[129/465] Building CXX object CMakeFiles/lammps.dir/workspace/lammps_migration/new_20260916_091244/upstream/lammps/src/compute_stress_atom.cpp.o
[130/465] Building CXX object CMakeFiles/lammps.dir/workspace/lammps_migration/new_20260916_091244/upstream/lammps/src/compute_slice.cpp.o
[131/465] Building CXX object CMakeFiles/lammps.dir/workspace/lammps_migration/new_20260916_091244/upstream/lammps/src/compute_temp_com.cpp.o
[132/465] Building CXX object CMakeFiles/lammps.dir/workspace/lammps_migration/new_20260916_091244/upstream/lammps/src/compute_temp_deform.cpp.o
[133/465] Building CXX object CMakeFiles/lammps.dir/workspace/lammps_migration/new_20260916_091244/upstream/lammps/src/compute_temp_chunk.cpp.o
[134/465] Building CXX object CMakeFiles/lammps.dir/workspace/lammps_migration/new_20260916_091244/upstream/lammps/src/compute_temp_partial.cpp.o
[135/465] Building CXX object CMakeFiles/lammps.dir/workspace/lammps_migration/new_20260916_091244/upstream/lammps/src/compute_temp_ramp.cpp.o
[136/465] Building CXX object CMakeFiles/lammps.dir/workspace/lammps_migration/new_20260916_091244/upstream/lammps/src/compute_temp_profile.cpp.o
[137/465] Building CXX object CMakeFiles/lammps.dir/workspace/lammps_migration/new_20260916_091244/upstream/lammps/src/compute_temp_region.cpp.o
[138/465] Building CXX object CMakeFiles/lammps.dir/workspace/lammps_migration/new_20260916_091244/upstream/lammps/src/compute_torque_chunk.cpp.o
[139/465] Building CXX object CMakeFiles/lammps.dir/workspace/lammps_migration/new_20260916_091244/upstream/lammps/src/compute_temp_sphere.cpp.o
[140/465] Building CXX object CMakeFiles/lammps.dir/workspace/lammps_migration/new_20260916_091244/upstream/lammps/src/compute_vacf.cpp.o
[141/465] Building CXX object CMakeFiles/lammps.dir/workspace/lammps_migration/new_20260916_091244/upstream/lammps/src/compute_vacf_chunk.cpp.o
[142/465] Building CXX object CMakeFiles/lammps.dir/workspace/lammps_migration/new_20260916_091244/upstream/lammps/src/compute_vcm_chunk.cpp.o
[143/465] Building CXX object CMakeFiles/lammps.dir/workspace/lammps_migration/new_20260916_091244/upstream/lammps/src/creator_registry.cpp.o
[144/465] Building CXX object CMakeFiles/lammps.dir/workspace/lammps_migration/new_20260916_091244/upstream/lammps/src/create_box.cpp.o
[145/465] Building CXX object CMakeFiles/lammps.dir/workspace/lammps_migration/new_20260916_091244/upstream/lammps/src/create_bonds.cpp.o
[146/465] Building CXX object CMakeFiles/lammps.dir/workspace/lammps_migration/new_20260916_091244/upstream/lammps/src/deprecated.cpp.o
[147/465] Building CXX object CMakeFiles/lammps.dir/workspace/lammps_migration/new_20260916_091244/upstream/lammps/src/dihedral_deprecated.cpp.o
[148/465] Building CXX object CMakeFiles/lammps.dir/workspace/lammps_migration/new_20260916_091244/upstream/lammps/src/dihedral.cpp.o
[149/465] Building CXX object CMakeFiles/lammps.dir/workspace/lammps_migration/new_20260916_091244/upstream/lammps/src/delete_bonds.cpp.o
[150/465] Building CXX object CMakeFiles/lammps.dir/workspace/lammps_migration/new_20260916_091244/upstream/lammps/src/create_atoms.cpp.o
[151/465] Building CXX object CMakeFiles/lammps.dir/workspace/lammps_migration/new_20260916_091244/upstream/lammps/src/delete_atoms.cpp.o
[152/465] Building CXX object CMakeFiles/lammps.dir/workspace/lammps_migration/new_20260916_091244/upstream/lammps/src/dihedral_hybrid.cpp.o
[153/465] Building CXX object CMakeFiles/lammps.dir/workspace/lammps_migration/new_20260916_091244/upstream/lammps/src/dihedral_zero.cpp.o
[154/465] Building CXX object CMakeFiles/lammps.dir/workspace/lammps_migration/new_20260916_091244/upstream/lammps/src/dihedral_write.cpp.o
[155/465] Building CXX object CMakeFiles/lammps.dir/workspace/lammps_migration/new_20260916_091244/upstream/lammps/src/displace_atoms.cpp.o
[156/465] Building CXX object CMakeFiles/lammps.dir/workspace/lammps_migration/new_20260916_091244/upstream/lammps/src/dump_deprecated.cpp.o
[157/465] Building CXX object CMakeFiles/lammps.dir/workspace/lammps_migration/new_20260916_091244/upstream/lammps/src/dump_cfg.cpp.o
[158/465] Building CXX object CMakeFiles/lammps.dir/workspace/lammps_migration/new_20260916_091244/upstream/lammps/src/dump_atom.cpp.o
[159/465] Building CXX object CMakeFiles/lammps.dir/workspace/lammps_migration/new_20260916_091244/upstream/lammps/src/dump.cpp.o
[160/465] Building CXX object CMakeFiles/lammps.dir/workspace/lammps_migration/new_20260916_091244/upstream/lammps/src/domain.cpp.o
[161/465] Building CXX object CMakeFiles/lammps.dir/workspace/lammps_migration/new_20260916_091244/upstream/lammps/src/dump_grid_vtk.cpp.o
[162/465] Building CXX object CMakeFiles/lammps.dir/workspace/lammps_migration/new_20260916_091244/upstream/lammps/src/dump_xyz.cpp.o
[163/465] Building CXX object CMakeFiles/lammps.dir/workspace/lammps_migration/new_20260916_091244/upstream/lammps/src/error.cpp.o
[164/465] Building CXX object CMakeFiles/lammps.dir/workspace/lammps_migration/new_20260916_091244/upstream/lammps/src/dump_grid.cpp.o
[165/465] Building CXX object CMakeFiles/lammps.dir/workspace/lammps_migration/new_20260916_091244/upstream/lammps/src/dump_local.cpp.o
[166/465] Building CXX object CMakeFiles/lammps.dir/workspace/lammps_migration/new_20260916_091244/upstream/lammps/src/finish.cpp.o
[167/465] Building CXX object CMakeFiles/lammps.dir/workspace/lammps_migration/new_20260916_091244/upstream/lammps/src/fix.cpp.o
[168/465] Building CXX object CMakeFiles/lammps.dir/workspace/lammps_migration/new_20260916_091244/upstream/lammps/src/dump_custom.cpp.o
[169/465] Building CXX object CMakeFiles/lammps.dir/workspace/lammps_migration/new_20260916_091244/upstream/lammps/src/fix_addforce.cpp.o
[170/465] Building CXX object CMakeFiles/lammps.dir/workspace/lammps_migration/new_20260916_091244/upstream/lammps/src/fix_ave_atom.cpp.o
[171/465] Building CXX object CMakeFiles/lammps.dir/workspace/lammps_migration/new_20260916_091244/upstream/lammps/src/fix_adapt.cpp.o
[172/465] Building CXX object CMakeFiles/lammps.dir/workspace/lammps_migration/new_20260916_091244/upstream/lammps/src/fix_ave_correlate.cpp.o
[173/465] Building CXX object CMakeFiles/lammps.dir/workspace/lammps_migration/new_20260916_091244/upstream/lammps/src/fix_ave_histo_weight.cpp.o
[174/465] Building CXX object CMakeFiles/lammps.dir/workspace/lammps_migration/new_20260916_091244/upstream/lammps/src/fix_ave_chunk.cpp.o
[175/465] Building CXX object CMakeFiles/lammps.dir/workspace/lammps_migration/new_20260916_091244/upstream/lammps/src/fix_ave_histo.cpp.o
[176/465] Building CXX object CMakeFiles/lammps.dir/workspace/lammps_migration/new_20260916_091244/upstream/lammps/src/fix_aveforce.cpp.o
[177/465] Building CXX object CMakeFiles/lammps.dir/workspace/lammps_migration/new_20260916_091244/upstream/lammps/src/fix_balance.cpp.o
[178/465] Building CXX object CMakeFiles/lammps.dir/workspace/lammps_migration/new_20260916_091244/upstream/lammps/src/fix_ave_grid.cpp.o
[179/465] Building CXX object CMakeFiles/lammps.dir/workspace/lammps_migration/new_20260916_091244/upstream/lammps/src/fix_bond_history.cpp.o
[180/465] Building CXX object CMakeFiles/lammps.dir/workspace/lammps_migration/new_20260916_091244/upstream/lammps/src/fix_ave_time.cpp.o
[181/465] Building CXX object CMakeFiles/lammps.dir/workspace/lammps_migration/new_20260916_091244/upstream/lammps/src/fix_deprecated.cpp.o
[182/465] Building CXX object CMakeFiles/lammps.dir/workspace/lammps_migration/new_20260916_091244/upstream/lammps/src/fix_dummy.cpp.o
[183/465] Building CXX object CMakeFiles/lammps.dir/workspace/lammps_migration/new_20260916_091244/upstream/lammps/src/fix_box_relax.cpp.o
[184/465] Building CXX object CMakeFiles/lammps.dir/workspace/lammps_migration/new_20260916_091244/upstream/lammps/src/fix_dt_reset.cpp.o
[185/465] Building CXX object CMakeFiles/lammps.dir/workspace/lammps_migration/new_20260916_091244/upstream/lammps/src/fix_deposit.cpp.o
[186/465] Building CXX object CMakeFiles/lammps.dir/workspace/lammps_migration/new_20260916_091244/upstream/lammps/src/fix_enforce2d.cpp.o
[187/465] Building CXX object CMakeFiles/lammps.dir/workspace/lammps_migration/new_20260916_091244/upstream/lammps/src/fix_efield.cpp.o
[188/465] Building CXX object CMakeFiles/lammps.dir/workspace/lammps_migration/new_20260916_091244/upstream/lammps/src/fix_evaporate.cpp.o
[189/465] Building CXX object CMakeFiles/lammps.dir/workspace/lammps_migration/new_20260916_091244/upstream/lammps/src/fix_external.cpp.o
[190/465] Building CXX object CMakeFiles/lammps.dir/workspace/lammps_migration/new_20260916_091244/upstream/lammps/src/fix_deform.cpp.o
[191/465] Building CXX object CMakeFiles/lammps.dir/workspace/lammps_migration/new_20260916_091244/upstream/lammps/src/fix_gravity.cpp.o
[192/465] Building CXX object CMakeFiles/lammps.dir/workspace/lammps_migration/new_20260916_091244/upstream/lammps/src/fix_halt.cpp.o
[193/465] Building CXX object CMakeFiles/lammps.dir/workspace/lammps_migration/new_20260916_091244/upstream/lammps/src/fix_group.cpp.o
[194/465] Building CXX object CMakeFiles/lammps.dir/workspace/lammps_migration/new_20260916_091244/upstream/lammps/src/fix_heat.cpp.o
[195/465] Building CXX object CMakeFiles/lammps.dir/workspace/lammps_migration/new_20260916_091244/upstream/lammps/src/fix_lineforce.cpp.o
[196/465] Building CXX object CMakeFiles/lammps.dir/workspace/lammps_migration/new_20260916_091244/upstream/lammps/src/fix_indent.cpp.o
[197/465] Building CXX object CMakeFiles/lammps.dir/workspace/lammps_migration/new_20260916_091244/upstream/lammps/src/fix_minimize.cpp.o
[198/465] Building CXX object CMakeFiles/lammps.dir/workspace/lammps_migration/new_20260916_091244/upstream/lammps/src/fix_momentum.cpp.o
[199/465] Building CXX object CMakeFiles/lammps.dir/workspace/lammps_migration/new_20260916_091244/upstream/lammps/src/fix_langevin.cpp.o
[200/465] Building CXX object CMakeFiles/lammps.dir/workspace/lammps_migration/new_20260916_091244/upstream/lammps/src/fix_nh_sphere.cpp.o
[201/465] Building CXX object CMakeFiles/lammps.dir/workspace/lammps_migration/new_20260916_091244/upstream/lammps/src/fix_nph.cpp.o
[202/465] Building CXX object CMakeFiles/lammps.dir/workspace/lammps_migration/new_20260916_091244/upstream/lammps/src/fix_neigh_history.cpp.o
[203/465] Building CXX object CMakeFiles/lammps.dir/workspace/lammps_migration/new_20260916_091244/upstream/lammps/src/fix_move.cpp.o
[204/465] Building CXX object CMakeFiles/lammps.dir/workspace/lammps_migration/new_20260916_091244/upstream/lammps/src/fix_nph_sphere.cpp.o
[205/465] Building CXX object CMakeFiles/lammps.dir/workspace/lammps_migration/new_20260916_091244/upstream/lammps/src/fix_npt.cpp.o
[206/465] Building CXX object CMakeFiles/lammps.dir/workspace/lammps_migration/new_20260916_091244/upstream/lammps/src/fix_npt_sphere.cpp.o
[207/465] Building CXX object CMakeFiles/lammps.dir/workspace/lammps_migration/new_20260916_091244/upstream/lammps/src/fix_nve.cpp.o
[208/465] Building CXX object CMakeFiles/lammps.dir/workspace/lammps_migration/new_20260916_091244/upstream/lammps/src/fix_nve_limit.cpp.o
[209/465] Building CXX object CMakeFiles/lammps.dir/workspace/lammps_migration/new_20260916_091244/upstream/lammps/src/fix_nve_noforce.cpp.o
[210/465] Building CXX object CMakeFiles/lammps.dir/workspace/lammps_migration/new_20260916_091244/upstream/lammps/src/fix_nvt.cpp.o
[211/465] Building CXX object CMakeFiles/lammps.dir/workspace/lammps_migration/new_20260916_091244/upstream/lammps/src/fix_nh.cpp.o
[212/465] Building CXX object CMakeFiles/lammps.dir/workspace/lammps_migration/new_20260916_091244/upstream/lammps/src/fix_nve_sphere.cpp.o
[213/465] Building CXX object CMakeFiles/lammps.dir/workspace/lammps_migration/new_20260916_091244/upstream/lammps/src/fix_nvt_sphere.cpp.o
[214/465] Building CXX object CMakeFiles/lammps.dir/workspace/lammps_migration/new_20260916_091244/upstream/lammps/src/fix_nvt_sllod.cpp.o
[215/465] Building CXX object CMakeFiles/lammps.dir/workspace/lammps_migration/new_20260916_091244/upstream/lammps/src/fix_planeforce.cpp.o
[216/465] Building CXX object CMakeFiles/lammps.dir/workspace/lammps_migration/new_20260916_091244/upstream/lammps/src/fix_pair.cpp.o
[217/465] Building CXX object CMakeFiles/lammps.dir/workspace/lammps_migration/new_20260916_091244/upstream/lammps/src/fix_press_berendsen.cpp.o
[218/465] Building CXX object CMakeFiles/lammps.dir/workspace/lammps_migration/new_20260916_091244/upstream/lammps/src/fix_print.cpp.o
[219/465] Building CXX object CMakeFiles/lammps.dir/workspace/lammps_migration/new_20260916_091244/upstream/lammps/src/fix_read_restart.cpp.o
[220/465] Building CXX object CMakeFiles/lammps.dir/workspace/lammps_migration/new_20260916_091244/upstream/lammps/src/fix_press_langevin.cpp.o
[221/465] Building CXX object CMakeFiles/lammps.dir/workspace/lammps_migration/new_20260916_091244/upstream/lammps/src/fix_recenter.cpp.o
[222/465] Building CXX object CMakeFiles/lammps.dir/workspace/lammps_migration/new_20260916_091244/upstream/lammps/src/fix_respa.cpp.o
[223/465] Building CXX object CMakeFiles/lammps.dir/workspace/lammps_migration/new_20260916_091244/upstream/lammps/src/fix_set.cpp.o
[224/465] Building CXX object CMakeFiles/lammps.dir/workspace/lammps_migration/new_20260916_091244/upstream/lammps/src/fix_property_atom.cpp.o
[225/465] Building CXX object CMakeFiles/lammps.dir/workspace/lammps_migration/new_20260916_091244/upstream/lammps/src/fix_setforce.cpp.o
[226/465] Building CXX object CMakeFiles/lammps.dir/workspace/lammps_migration/new_20260916_091244/upstream/lammps/src/fix_spring.cpp.o
[227/465] Building CXX object CMakeFiles/lammps.dir/workspace/lammps_migration/new_20260916_091244/upstream/lammps/src/fix_restrain.cpp.o
[228/465] Building CXX object CMakeFiles/lammps.dir/workspace/lammps_migration/new_20260916_091244/upstream/lammps/src/fix_spring_chunk.cpp.o
[229/465] Building CXX object CMakeFiles/lammps.dir/workspace/lammps_migration/new_20260916_091244/upstream/lammps/src/fix_spring_self.cpp.o
[230/465] Building CXX object CMakeFiles/lammps.dir/workspace/lammps_migration/new_20260916_091244/upstream/lammps/src/fix_store_atom.cpp.o
[231/465] Building CXX object CMakeFiles/lammps.dir/workspace/lammps_migration/new_20260916_091244/upstream/lammps/src/fix_store_global.cpp.o
[232/465] Building CXX object CMakeFiles/lammps.dir/workspace/lammps_migration/new_20260916_091244/upstream/lammps/src/fix_store_force.cpp.o
[233/465] Building CXX object CMakeFiles/lammps.dir/workspace/lammps_migration/new_20260916_091244/upstream/lammps/src/fix_store_local.cpp.o
[234/465] Building CXX object CMakeFiles/lammps.dir/workspace/lammps_migration/new_20260916_091244/upstream/lammps/src/fix_temp_berendsen.cpp.o
[235/465] Building CXX object CMakeFiles/lammps.dir/workspace/lammps_migration/new_20260916_091244/upstream/lammps/src/fix_temp_rescale.cpp.o
[236/465] Building CXX object CMakeFiles/lammps.dir/workspace/lammps_migration/new_20260916_091244/upstream/lammps/src/fix_viscous.cpp.o
[237/465] Building CXX object CMakeFiles/lammps.dir/workspace/lammps_migration/new_20260916_091244/upstream/lammps/src/fix_thermal_conductivity.cpp.o
[238/465] Building CXX object CMakeFiles/lammps.dir/workspace/lammps_migration/new_20260916_091244/upstream/lammps/src/fix_vector.cpp.o
[239/465] Building CXX object CMakeFiles/lammps.dir/workspace/lammps_migration/new_20260916_091244/upstream/lammps/src/fix_wall_harmonic.cpp.o
[240/465] Building CXX object CMakeFiles/lammps.dir/workspace/lammps_migration/new_20260916_091244/upstream/lammps/src/fix_wall_harmonic_outside.cpp.o
[241/465] Building CXX object CMakeFiles/lammps.dir/workspace/lammps_migration/new_20260916_091244/upstream/lammps/src/fix_wall_lj1043.cpp.o
[242/465] Building CXX object CMakeFiles/lammps.dir/workspace/lammps_migration/new_20260916_091244/upstream/lammps/src/fix_store_state.cpp.o
[243/465] Building CXX object CMakeFiles/lammps.dir/workspace/lammps_migration/new_20260916_091244/upstream/lammps/src/fix_wall_lj126.cpp.o
[244/465] Building CXX object CMakeFiles/lammps.dir/workspace/lammps_migration/new_20260916_091244/upstream/lammps/src/fix_wall.cpp.o
[245/465] Building CXX object CMakeFiles/lammps.dir/workspace/lammps_migration/new_20260916_091244/upstream/lammps/src/fix_wall_lj93.cpp.o
[246/465] Building CXX object CMakeFiles/lammps.dir/workspace/lammps_migration/new_20260916_091244/upstream/lammps/src/fix_wall_morse.cpp.o
[247/465] Building CXX object CMakeFiles/lammps.dir/workspace/lammps_migration/new_20260916_091244/upstream/lammps/src/fix_wall_reflect.cpp.o
[248/465] Building CXX object CMakeFiles/lammps.dir/workspace/lammps_migration/new_20260916_091244/upstream/lammps/src/fix_wall_region.cpp.o
[249/465] Building CXX object CMakeFiles/lammps.dir/workspace/lammps_migration/new_20260916_091244/upstream/lammps/src/fix_wall_table.cpp.o
[250/465] Building CXX object CMakeFiles/lammps.dir/workspace/lammps_migration/new_20260916_091244/upstream/lammps/src/fmtlib_os.cpp.o
[251/465] Building CXX object CMakeFiles/lammps.dir/workspace/lammps_migration/new_20260916_091244/upstream/lammps/src/imbalance.cpp.o
[252/465] Building CXX object CMakeFiles/lammps.dir/workspace/lammps_migration/new_20260916_091244/upstream/lammps/src/force.cpp.o
[253/465] Building CXX object CMakeFiles/lammps.dir/workspace/lammps_migration/new_20260916_091244/upstream/lammps/src/grid2d.cpp.o
[254/465] Building CXX object CMakeFiles/lammps.dir/workspace/lammps_migration/new_20260916_091244/upstream/lammps/src/grid3d.cpp.o
[255/465] Building CXX object CMakeFiles/lammps.dir/workspace/lammps_migration/new_20260916_091244/upstream/lammps/src/imbalance_group.cpp.o
[256/465] Building CXX object CMakeFiles/lammps.dir/workspace/lammps_migration/new_20260916_091244/upstream/lammps/src/imbalance_neigh.cpp.o
[257/465] Building CXX object CMakeFiles/lammps.dir/workspace/lammps_migration/new_20260916_091244/upstream/lammps/src/imbalance_time.cpp.o
[258/465] Building CXX object CMakeFiles/lammps.dir/workspace/lammps_migration/new_20260916_091244/upstream/lammps/src/imbalance_store.cpp.o
[259/465] Building CXX object CMakeFiles/lammps.dir/workspace/lammps_migration/new_20260916_091244/upstream/lammps/src/imbalance_var.cpp.o
[260/465] Building CXX object CMakeFiles/lammps.dir/workspace/lammps_migration/new_20260916_091244/upstream/lammps/src/group.cpp.o
[261/465] Building CXX object CMakeFiles/lammps.dir/workspace/lammps_migration/new_20260916_091244/upstream/lammps/src/improper_deprecated.cpp.o
[262/465] Building CXX object CMakeFiles/lammps.dir/workspace/lammps_migration/new_20260916_091244/upstream/lammps/src/improper_zero.cpp.o
[263/465] Building CXX object CMakeFiles/lammps.dir/workspace/lammps_migration/new_20260916_091244/upstream/lammps/src/improper.cpp.o
[264/465] Building CXX object CMakeFiles/lammps.dir/workspace/lammps_migration/new_20260916_091244/upstream/lammps/src/improper_hybrid.cpp.o
[265/465] Building CXX object CMakeFiles/lammps.dir/workspace/lammps_migration/new_20260916_091244/upstream/lammps/src/fmtlib_format.cpp.o
[266/465] Building CXX object CMakeFiles/lammps.dir/workspace/lammps_migration/new_20260916_091244/upstream/lammps/src/integrate.cpp.o
[267/465] Building CXX object CMakeFiles/lammps.dir/workspace/lammps_migration/new_20260916_091244/upstream/lammps/src/kspace_deprecated.cpp.o
[268/465] Building CXX object CMakeFiles/lammps.dir/workspace/lammps_migration/new_20260916_091244/upstream/lammps/src/irregular.cpp.o
[269/465] Building CXX object CMakeFiles/lammps.dir/workspace/lammps_migration/new_20260916_091244/upstream/lammps/src/kspace.cpp.o
[270/465] Building CXX object CMakeFiles/lammps.dir/workspace/lammps_migration/new_20260916_091244/upstream/lammps/src/kspace_zero.cpp.o
[271/465] Building CXX object CMakeFiles/lammps.dir/workspace/lammps_migration/new_20260916_091244/upstream/lammps/src/input.cpp.o
[272/465] Building CXX object CMakeFiles/lammps.dir/workspace/lammps_migration/new_20260916_091244/upstream/lammps/src/lattice.cpp.o
[273/465] Building CXX object CMakeFiles/lammps.dir/workspace/lammps_migration/new_20260916_091244/upstream/lammps/src/lmppython.cpp.o
[274/465] Building CXX object CMakeFiles/lammps.dir/workspace/lammps_migration/new_20260916_091244/upstream/lammps/src/label_map.cpp.o
[275/465] Building CXX object CMakeFiles/lammps.dir/workspace/lammps_migration/new_20260916_091244/upstream/lammps/src/math_extra.cpp.o
[276/465] Building CXX object CMakeFiles/lammps.dir/workspace/lammps_migration/new_20260916_091244/upstream/lammps/src/math_eigen.cpp.o
[277/465] Building CXX object CMakeFiles/lammps.dir/workspace/lammps_migration/new_20260916_091244/upstream/lammps/src/math_special.cpp.o
[278/465] Building CXX object CMakeFiles/lammps.dir/workspace/lammps_migration/new_20260916_091244/upstream/lammps/src/memory.cpp.o
[279/465] Building CXX object CMakeFiles/lammps.dir/workspace/lammps_migration/new_20260916_091244/upstream/lammps/src/info.cpp.o
[280/465] Building CXX object CMakeFiles/lammps.dir/workspace/lammps_migration/new_20260916_091244/upstream/lammps/src/min_cg.cpp.o
[281/465] Building CXX object CMakeFiles/lammps.dir/workspace/lammps_migration/new_20260916_091244/upstream/lammps/src/min_deprecated.cpp.o
[282/465] Building CXX object CMakeFiles/lammps.dir/workspace/lammps_migration/new_20260916_091244/upstream/lammps/src/lammps.cpp.o
[283/465] Building CXX object CMakeFiles/lammps.dir/workspace/lammps_migration/new_20260916_091244/upstream/lammps/src/min.cpp.o
[284/465] Building CXX object CMakeFiles/lammps.dir/workspace/lammps_migration/new_20260916_091244/upstream/lammps/src/min_sd.cpp.o
[285/465] Building CXX object CMakeFiles/lammps.dir/workspace/lammps_migration/new_20260916_091244/upstream/lammps/src/min_quickmin.cpp.o
[286/465] Building CXX object CMakeFiles/lammps.dir/workspace/lammps_migration/new_20260916_091244/upstream/lammps/src/min_linesearch.cpp.o
[287/465] Building CXX object CMakeFiles/lammps.dir/workspace/lammps_migration/new_20260916_091244/upstream/lammps/src/min_fire.cpp.o
[288/465] Building CXX object CMakeFiles/lammps.dir/workspace/lammps_migration/new_20260916_091244/upstream/lammps/src/min_hftn.cpp.o
[289/465] Building CXX object CMakeFiles/lammps.dir/workspace/lammps_migration/new_20260916_091244/upstream/lammps/src/my_page.cpp.o
[290/465] Building CXX object CMakeFiles/lammps.dir/workspace/lammps_migration/new_20260916_091244/upstream/lammps/src/my_pool_chunk.cpp.o
[291/465] Building CXX object CMakeFiles/lammps.dir/workspace/lammps_migration/new_20260916_091244/upstream/lammps/src/minimize.cpp.o
[292/465] Building CXX object CMakeFiles/lammps.dir/workspace/lammps_migration/new_20260916_091244/upstream/lammps/src/nbin_manual.cpp.o
[293/465] Building CXX object CMakeFiles/lammps.dir/workspace/lammps_migration/new_20260916_091244/upstream/lammps/src/nbin.cpp.o
[294/465] Building CXX object CMakeFiles/lammps.dir/workspace/lammps_migration/new_20260916_091244/upstream/lammps/src/nbin_multi.cpp.o
[295/465] Building CXX object CMakeFiles/lammps.dir/workspace/lammps_migration/new_20260916_091244/upstream/lammps/src/nbin_standard.cpp.o
[296/465] Building CXX object CMakeFiles/lammps.dir/workspace/lammps_migration/new_20260916_091244/upstream/lammps/src/neigh_list.cpp.o
[297/465] Building CXX object CMakeFiles/lammps.dir/workspace/lammps_migration/new_20260916_091244/upstream/lammps/src/modify.cpp.o
[298/465] Building CXX object CMakeFiles/lammps.dir/workspace/lammps_migration/new_20260916_091244/upstream/lammps/src/neigh_request.cpp.o
[299/465] Building CXX object CMakeFiles/lammps.dir/workspace/lammps_migration/new_20260916_091244/upstream/lammps/src/npair.cpp.o
[300/465] Building CXX object CMakeFiles/lammps.dir/workspace/lammps_migration/new_20260916_091244/upstream/lammps/src/npair_copy.cpp.o
[301/465] Building CXX object CMakeFiles/lammps.dir/workspace/lammps_migration/new_20260916_091244/upstream/lammps/src/npair_bin_ghost.cpp.o
[302/465] Building CXX object CMakeFiles/lammps.dir/workspace/lammps_migration/new_20260916_091244/upstream/lammps/src/npair_bin.cpp.o
[303/465] Building CXX object CMakeFiles/lammps.dir/workspace/lammps_migration/new_20260916_091244/upstream/lammps/src/library.cpp.o
[304/465] Building CXX object CMakeFiles/lammps.dir/workspace/lammps_migration/new_20260916_091244/upstream/lammps/src/npair_halffull.cpp.o
[305/465] Building CXX object CMakeFiles/lammps.dir/workspace/lammps_migration/new_20260916_091244/upstream/lammps/src/neighbor.cpp.o
[306/465] Building CXX object CMakeFiles/lammps.dir/workspace/lammps_migration/new_20260916_091244/upstream/lammps/src/npair_nsq_ghost.cpp.o
[307/465] Building CXX object CMakeFiles/lammps.dir/workspace/lammps_migration/new_20260916_091244/upstream/lammps/src/npair_respa_bin.cpp.o
[308/465] Building CXX object CMakeFiles/lammps.dir/workspace/lammps_migration/new_20260916_091244/upstream/lammps/src/npair_nsq.cpp.o
[309/465] Building CXX object CMakeFiles/lammps.dir/workspace/lammps_migration/new_20260916_091244/upstream/lammps/src/npair_skip.cpp.o
[310/465] Building CXX object CMakeFiles/lammps.dir/workspace/lammps_migration/new_20260916_091244/upstream/lammps/src/npair_respa_nsq.cpp.o
[311/465] Building CXX object CMakeFiles/lammps.dir/workspace/lammps_migration/new_20260916_091244/upstream/lammps/src/npair_skip_size_off2on.cpp.o
[312/465] Building CXX object CMakeFiles/lammps.dir/workspace/lammps_migration/new_20260916_091244/upstream/lammps/src/npair_skip_respa.cpp.o
[313/465] Building CXX object CMakeFiles/lammps.dir/workspace/lammps_migration/new_20260916_091244/upstream/lammps/src/npair_skip_size_off2on_oneside.cpp.o
[314/465] Building CXX object CMakeFiles/lammps.dir/workspace/lammps_migration/new_20260916_091244/upstream/lammps/src/npair_multi.cpp.o
[315/465] Building CXX object CMakeFiles/lammps.dir/workspace/lammps_migration/new_20260916_091244/upstream/lammps/src/npair_trim.cpp.o
[316/465] Building CXX object CMakeFiles/lammps.dir/workspace/lammps_migration/new_20260916_091244/upstream/lammps/src/nstencil_bin.cpp.o
[317/465] Building CXX object CMakeFiles/lammps.dir/workspace/lammps_migration/new_20260916_091244/upstream/lammps/src/nstencil.cpp.o
[318/465] Building CXX object CMakeFiles/lammps.dir/workspace/lammps_migration/new_20260916_091244/upstream/lammps/src/nstencil_ghost_bin.cpp.o
[319/465] Building CXX object CMakeFiles/lammps.dir/workspace/lammps_migration/new_20260916_091244/upstream/lammps/src/nstencil_manual.cpp.o
[320/465] Building CXX object CMakeFiles/lammps.dir/workspace/lammps_migration/new_20260916_091244/upstream/lammps/src/nstencil_multi.cpp.o
[321/465] Building CXX object CMakeFiles/lammps.dir/workspace/lammps_migration/new_20260916_091244/upstream/lammps/src/ntopo.cpp.o
[322/465] Building CXX object CMakeFiles/lammps.dir/workspace/lammps_migration/new_20260916_091244/upstream/lammps/src/ntopo_angle_all.cpp.o
[323/465] Building CXX object CMakeFiles/lammps.dir/workspace/lammps_migration/new_20260916_091244/upstream/lammps/src/ntopo_angle_template.cpp.o
[324/465] Building CXX object CMakeFiles/lammps.dir/workspace/lammps_migration/new_20260916_091244/upstream/lammps/src/ntopo_angle_partial.cpp.o
[325/465] Building CXX object CMakeFiles/lammps.dir/workspace/lammps_migration/new_20260916_091244/upstream/lammps/src/ntopo_bond_all.cpp.o
[326/465] Building CXX object CMakeFiles/lammps.dir/workspace/lammps_migration/new_20260916_091244/upstream/lammps/src/ntopo_bond_partial.cpp.o
[327/465] Building CXX object CMakeFiles/lammps.dir/workspace/lammps_migration/new_20260916_091244/upstream/lammps/src/ntopo_bond_template.cpp.o
[328/465] Building CXX object CMakeFiles/lammps.dir/workspace/lammps_migration/new_20260916_091244/upstream/lammps/src/ntopo_dihedral_all.cpp.o
[329/465] Building CXX object CMakeFiles/lammps.dir/workspace/lammps_migration/new_20260916_091244/upstream/lammps/src/ntopo_dihedral_partial.cpp.o
[330/465] Building CXX object CMakeFiles/lammps.dir/workspace/lammps_migration/new_20260916_091244/upstream/lammps/src/ntopo_dihedral_template.cpp.o
[331/465] Building CXX object CMakeFiles/lammps.dir/workspace/lammps_migration/new_20260916_091244/upstream/lammps/src/ntopo_improper_partial.cpp.o
[332/465] Building CXX object CMakeFiles/lammps.dir/workspace/lammps_migration/new_20260916_091244/upstream/lammps/src/ntopo_improper_all.cpp.o
[333/465] Building CXX object CMakeFiles/lammps.dir/workspace/lammps_migration/new_20260916_091244/upstream/lammps/src/ntopo_improper_template.cpp.o
[334/465] Building CXX object CMakeFiles/lammps.dir/workspace/lammps_migration/new_20260916_091244/upstream/lammps/src/pair_born.cpp.o
[335/465] Building CXX object CMakeFiles/lammps.dir/workspace/lammps_migration/new_20260916_091244/upstream/lammps/src/pair_buck.cpp.o
[336/465] Building CXX object CMakeFiles/lammps.dir/workspace/lammps_migration/new_20260916_091244/upstream/lammps/src/pair_buck_coul_cut.cpp.o
[337/465] Building CXX object CMakeFiles/lammps.dir/workspace/lammps_migration/new_20260916_091244/upstream/lammps/src/output.cpp.o
[338/465] Building CXX object CMakeFiles/lammps.dir/workspace/lammps_migration/new_20260916_091244/upstream/lammps/src/pair.cpp.o
[339/465] Building CXX object CMakeFiles/lammps.dir/workspace/lammps_migration/new_20260916_091244/upstream/lammps/src/pair_coul_debye.cpp.o
[340/465] Building CXX object CMakeFiles/lammps.dir/workspace/lammps_migration/new_20260916_091244/upstream/lammps/src/pair_coul_cut.cpp.o
[341/465] Building CXX object CMakeFiles/lammps.dir/workspace/lammps_migration/new_20260916_091244/upstream/lammps/src/pair_coul_dsf.cpp.o
[342/465] Building CXX object CMakeFiles/lammps.dir/workspace/lammps_migration/new_20260916_091244/upstream/lammps/src/pair_deprecated.cpp.o
[343/465] Building CXX object CMakeFiles/lammps.dir/workspace/lammps_migration/new_20260916_091244/upstream/lammps/src/pair_coul_wolf.cpp.o
[344/465] Building CXX object CMakeFiles/lammps.dir/workspace/lammps_migration/new_20260916_091244/upstream/lammps/src/pair_hybrid_molecular.cpp.o
[345/465] Building CXX object CMakeFiles/lammps.dir/workspace/lammps_migration/new_20260916_091244/upstream/lammps/src/pair_hybrid_overlay.cpp.o
[346/465] Building CXX object CMakeFiles/lammps.dir/workspace/lammps_migration/new_20260916_091244/upstream/lammps/src/pair_lj_cut.cpp.o
[347/465] Building CXX object CMakeFiles/lammps.dir/workspace/lammps_migration/new_20260916_091244/upstream/lammps/src/pair_hybrid.cpp.o
[348/465] Building CXX object CMakeFiles/lammps.dir/workspace/lammps_migration/new_20260916_091244/upstream/lammps/src/pair_lj_cut_coul_cut.cpp.o
[349/465] Building CXX object CMakeFiles/lammps.dir/workspace/lammps_migration/new_20260916_091244/upstream/lammps/src/pair_lj_expand.cpp.o
[350/465] Building CXX object CMakeFiles/lammps.dir/workspace/lammps_migration/new_20260916_091244/upstream/lammps/src/pair_hybrid_scaled.cpp.o
[351/465] Building CXX object CMakeFiles/lammps.dir/workspace/lammps_migration/new_20260916_091244/upstream/lammps/src/pair_morse.cpp.o
[352/465] Building CXX object CMakeFiles/lammps.dir/workspace/lammps_migration/new_20260916_091244/upstream/lammps/src/pair_soft.cpp.o
[353/465] Building CXX object CMakeFiles/lammps.dir/workspace/lammps_migration/new_20260916_091244/upstream/lammps/src/pair_yukawa.cpp.o
[354/465] Building CXX object CMakeFiles/lammps.dir/workspace/lammps_migration/new_20260916_091244/upstream/lammps/src/pair_zbl.cpp.o
[355/465] Building CXX object CMakeFiles/lammps.dir/workspace/lammps_migration/new_20260916_091244/upstream/lammps/src/pair_zero_coul.cpp.o
[356/465] Building CXX object CMakeFiles/lammps.dir/workspace/lammps_migration/new_20260916_091244/upstream/lammps/src/pair_table.cpp.o
[357/465] Building CXX object CMakeFiles/lammps.dir/workspace/lammps_migration/new_20260916_091244/upstream/lammps/src/pair_zero.cpp.o
[358/465] Building CXX object CMakeFiles/lammps.dir/workspace/lammps_migration/new_20260916_091244/upstream/lammps/src/potential_file_reader.cpp.o
[359/465] Building CXX object CMakeFiles/lammps.dir/workspace/lammps_migration/new_20260916_091244/upstream/lammps/src/random_mars.cpp.o
[360/465] Building CXX object CMakeFiles/lammps.dir/workspace/lammps_migration/new_20260916_091244/upstream/lammps/src/random_park.cpp.o
[361/465] Building CXX object CMakeFiles/lammps.dir/workspace/lammps_migration/new_20260916_091244/upstream/lammps/src/molecule.cpp.o
[362/465] Building CXX object CMakeFiles/lammps.dir/workspace/lammps_migration/new_20260916_091244/upstream/lammps/src/procmap.cpp.o
[363/465] Building CXX object CMakeFiles/lammps.dir/workspace/lammps_migration/new_20260916_091244/upstream/lammps/src/platform.cpp.o
[364/465] Building CXX object CMakeFiles/lammps.dir/workspace/lammps_migration/new_20260916_091244/upstream/lammps/src/rcb.cpp.o
[365/465] Building CXX object CMakeFiles/lammps.dir/workspace/lammps_migration/new_20260916_091244/upstream/lammps/src/reader.cpp.o
[366/465] Building CXX object CMakeFiles/lammps.dir/workspace/lammps_migration/new_20260916_091244/upstream/lammps/src/read_dump.cpp.o
[367/465] Building CXX object CMakeFiles/lammps.dir/workspace/lammps_migration/new_20260916_091244/upstream/lammps/src/reader_xyz.cpp.o
[368/465] Building CXX object CMakeFiles/lammps.dir/workspace/lammps_migration/new_20260916_091244/upstream/lammps/src/reader_native.cpp.o
[369/465] Building CXX object CMakeFiles/lammps.dir/workspace/lammps_migration/new_20260916_091244/upstream/lammps/src/read_restart.cpp.o
[370/465] Building CXX object CMakeFiles/lammps.dir/workspace/lammps_migration/new_20260916_091244/upstream/lammps/src/region.cpp.o
[371/465] Building CXX object CMakeFiles/lammps.dir/workspace/lammps_migration/new_20260916_091244/upstream/lammps/src/region_deprecated.cpp.o
[372/465] Building CXX object CMakeFiles/lammps.dir/workspace/lammps_migration/new_20260916_091244/upstream/lammps/src/region_block.cpp.o
[373/465] Building CXX object CMakeFiles/lammps.dir/workspace/lammps_migration/new_20260916_091244/upstream/lammps/src/region_cone.cpp.o
[374/465] Building CXX object CMakeFiles/lammps.dir/workspace/lammps_migration/new_20260916_091244/upstream/lammps/src/region_cylinder.cpp.o
[375/465] Building CXX object CMakeFiles/lammps.dir/workspace/lammps_migration/new_20260916_091244/upstream/lammps/src/region_ellipsoid.cpp.o
[376/465] Building CXX object CMakeFiles/lammps.dir/workspace/lammps_migration/new_20260916_091244/upstream/lammps/src/read_data.cpp.o
[377/465] Building CXX object CMakeFiles/lammps.dir/workspace/lammps_migration/new_20260916_091244/upstream/lammps/src/region_intersect.cpp.o
[378/465] Building CXX object CMakeFiles/lammps.dir/workspace/lammps_migration/new_20260916_091244/upstream/lammps/src/region_plane.cpp.o
[379/465] Building CXX object CMakeFiles/lammps.dir/workspace/lammps_migration/new_20260916_091244/upstream/lammps/src/region_sphere.cpp.o
[380/465] Building CXX object CMakeFiles/lammps.dir/workspace/lammps_migration/new_20260916_091244/upstream/lammps/src/region_prism.cpp.o
[381/465] Building CXX object CMakeFiles/lammps.dir/workspace/lammps_migration/new_20260916_091244/upstream/lammps/src/region_union.cpp.o
[382/465] Building CXX object CMakeFiles/lammps.dir/workspace/lammps_migration/new_20260916_091244/upstream/lammps/src/rerun.cpp.o
[383/465] Building CXX object CMakeFiles/lammps.dir/workspace/lammps_migration/new_20260916_091244/upstream/lammps/src/reset_atoms_image.cpp.o
[384/465] Building CXX object CMakeFiles/lammps.dir/workspace/lammps_migration/new_20260916_091244/upstream/lammps/src/reset_atoms_id.cpp.o
[385/465] Building CXX object CMakeFiles/lammps.dir/workspace/lammps_migration/new_20260916_091244/upstream/lammps/src/safe_pointers.cpp.o
[386/465] Building CXX object CMakeFiles/lammps.dir/workspace/lammps_migration/new_20260916_091244/upstream/lammps/src/replicate.cpp.o
[387/465] Building CXX object CMakeFiles/lammps.dir/workspace/lammps_migration/new_20260916_091244/upstream/lammps/src/reset_atoms_mol.cpp.o
[388/465] Building CXX object CMakeFiles/lammps.dir/workspace/lammps_migration/new_20260916_091244/upstream/lammps/src/run.cpp.o
[389/465] Building CXX object CMakeFiles/lammps.dir/workspace/lammps_migration/new_20260916_091244/upstream/lammps/src/respa.cpp.o
[390/465] Building CXX object CMakeFiles/lammps.dir/workspace/lammps_migration/new_20260916_091244/upstream/lammps/src/tabular_function.cpp.o
[391/465] Building CXX object CMakeFiles/lammps.dir/workspace/lammps_migration/new_20260916_091244/upstream/lammps/src/table_file_reader.cpp.o
[392/465] Building CXX object CMakeFiles/lammps.dir/workspace/lammps_migration/new_20260916_091244/upstream/lammps/src/stl_reader.cpp.o
[393/465] Building CXX object CMakeFiles/lammps.dir/workspace/lammps_migration/new_20260916_091244/upstream/lammps/src/text_file_reader.cpp.o
[394/465] Building CXX object CMakeFiles/lammps.dir/workspace/lammps_migration/new_20260916_091244/upstream/lammps/src/timer.cpp.o
[395/465] Building CXX object CMakeFiles/lammps.dir/workspace/lammps_migration/new_20260916_091244/upstream/lammps/src/special.cpp.o
[396/465] Building CXX object CMakeFiles/lammps.dir/workspace/lammps_migration/new_20260916_091244/upstream/lammps/src/tokenizer.cpp.o
[397/465] Building CXX object CMakeFiles/lammps.dir/workspace/lammps_migration/new_20260916_091244/upstream/lammps/src/universe.cpp.o
[398/465] Building CXX object CMakeFiles/lammps.dir/workspace/lammps_migration/new_20260916_091244/upstream/lammps/src/update.cpp.o
[399/465] Building CXX object CMakeFiles/lammps.dir/workspace/lammps_migration/new_20260916_091244/upstream/lammps/src/set.cpp.o
[400/465] Building CXX object CMakeFiles/lammps.dir/workspace/lammps_migration/new_20260916_091244/upstream/lammps/src/thermo.cpp.o
[401/465] Building CXX object CMakeFiles/lammps.dir/workspace/lammps_migration/new_20260916_091244/upstream/lammps/src/velocity.cpp.o
[402/465] Building CXX object CMakeFiles/lammps.dir/workspace/lammps_migration/new_20260916_091244/upstream/lammps/src/verlet.cpp.o
[403/465] Building CXX object CMakeFiles/lammps.dir/workspace/lammps_migration/new_20260916_091244/upstream/lammps/src/write_coeff.cpp.o
[404/465] Building CXX object CMakeFiles/lammps.dir/workspace/lammps_migration/new_20260916_091244/upstream/lammps/src/write_dump.cpp.o
[405/465] Building CXX object CMakeFiles/lammps.dir/workspace/lammps_migration/new_20260916_091244/upstream/lammps/src/write_data.cpp.o
[406/465] Building CXX object CMakeFiles/lammps.dir/workspace/lammps_migration/new_20260916_091244/upstream/lammps/src/utils.cpp.o
[407/465] Building CXX object CMakeFiles/lammps.dir/workspace/lammps_migration/new_20260916_091244/upstream/lammps/src/vtk_writer.cpp.o
[408/465] Building CXX object CMakeFiles/lammps.dir/workspace/lammps_migration/new_20260916_091244/upstream/lammps/src/write_restart.cpp.o
[409/465] Building CXX object CMakeFiles/lammps.dir/workspace/lammps_migration/new_20260916_091244/upstream/lammps/src/COLLOID/fix_wall_colloid.cpp.o
[410/465] Building CXX object CMakeFiles/lammps.dir/workspace/lammps_migration/new_20260916_091244/upstream/lammps/src/COLLOID/pair_brownian.cpp.o
[411/465] Building CXX object CMakeFiles/lammps.dir/workspace/lammps_migration/new_20260916_091244/upstream/lammps/src/COLLOID/pair_brownian_poly.cpp.o
[412/465] Building CXX object CMakeFiles/lammps.dir/workspace/lammps_migration/new_20260916_091244/upstream/lammps/src/COLLOID/pair_colloid.cpp.o
[413/465] Building CXX object CMakeFiles/lammps.dir/workspace/lammps_migration/new_20260916_091244/upstream/lammps/src/write_molecule.cpp.o
[414/465] Building CXX object CMakeFiles/lammps.dir/workspace/lammps_migration/new_20260916_091244/upstream/lammps/src/COLLOID/pair_lubricate.cpp.o
[415/465] Building CXX object CMakeFiles/lammps.dir/workspace/lammps_migration/new_20260916_091244/upstream/lammps/src/COLLOID/pair_yukawa_colloid.cpp.o
[416/465] Building CXX object CMakeFiles/lammps.dir/workspace/lammps_migration/new_20260916_091244/upstream/lammps/src/COLLOID/pair_lubricate_poly.cpp.o
[417/465] Building CXX object CMakeFiles/lammps.dir/workspace/lammps_migration/new_20260916_091244/upstream/lammps/src/COLLOID/pair_lubricateU.cpp.o
[418/465] Building CXX object CMakeFiles/lammps.dir/workspace/lammps_migration/new_20260916_091244/upstream/lammps/src/COLLOID/pair_lubricateU_poly.cpp.o
[419/465] Building CXX object CMakeFiles/lammps.dir/workspace/lammps_migration/new_20260916_091244/upstream/lammps/src/GRANULAR/compute_contact_atom.cpp.o
[420/465] Building CXX object CMakeFiles/lammps.dir/workspace/lammps_migration/new_20260916_091244/upstream/lammps/src/GRANULAR/fix_add_heat.cpp.o
[421/465] Building CXX object CMakeFiles/lammps.dir/workspace/lammps_migration/new_20260916_091244/upstream/lammps/src/GRANULAR/fix_freeze.cpp.o
[422/465] Building CXX object CMakeFiles/lammps.dir/workspace/lammps_migration/new_20260916_091244/upstream/lammps/src/GRANULAR/compute_fabric.cpp.o
[423/465] Building CXX object CMakeFiles/lammps.dir/workspace/lammps_migration/new_20260916_091244/upstream/lammps/src/GRANULAR/fix_damping_cundall.cpp.o
[424/465] Building CXX object CMakeFiles/lammps.dir/workspace/lammps_migration/new_20260916_091244/upstream/lammps/src/variable.cpp.o
In file included from /usr/include/stdio.h:980,
                 from /usr/include/c++/13/cstdio:42,
                 from /workspace/lammps_migration/new_20260916_091244/upstream/lammps/src/pointers.h:29,
                 from /workspace/lammps_migration/new_20260916_091244/upstream/lammps/src/variable.h:17,
                 from /workspace/lammps_migration/new_20260916_091244/upstream/lammps/src/variable.cpp:14:
In function ‘char* fgets(char*, int, FILE*)’,
    inlined from ‘int LAMMPS_NS::VarReader::read_scalar(char*)’ at /workspace/lammps_migration/new_20260916_091244/upstream/lammps/src/variable.cpp:5905:18:
/usr/include/x86_64-linux-gnu/bits/stdio2.h:200:26: warning: argument 1 is null but the corresponding size argument 2 value is 256 [-Wnonnull]
  200 |     return __fgets_alias (__s, __n, __stream);
      |            ~~~~~~~~~~~~~~^~~~~~~~~~~~~~~~~~~~
In file included from /usr/include/features.h:502,
                 from /usr/include/x86_64-linux-gnu/c++/13/bits/os_defines.h:39,
                 from /usr/include/x86_64-linux-gnu/c++/13/bits/c++config.h:679,
                 from /usr/include/c++/13/cstdint:38,
                 from /usr/include/c++/13/cinttypes:38,
                 from /workspace/lammps_migration/new_20260916_091244/upstream/lammps/src/lmptype.h:45,
                 from /workspace/lammps_migration/new_20260916_091244/upstream/lammps/src/pointers.h:25:
/usr/include/x86_64-linux-gnu/bits/stdio2-decl.h: In member function ‘int LAMMPS_NS::VarReader::read_scalar(char*)’:
/usr/include/x86_64-linux-gnu/bits/stdio2-decl.h:96:14: note: in a call to function ‘char* __fgets_alias(char*, int, FILE*)’ declared with attribute ‘access (write_only, 1, 2)’
   96 | extern char *__REDIRECT (__fgets_alias,
      |              ^~~~~~~~~~
[425/465] Building CXX object CMakeFiles/lammps.dir/workspace/lammps_migration/new_20260916_091244/upstream/lammps/src/GRANULAR/fix_addtorque_atom.cpp.o
[426/465] Building CXX object CMakeFiles/lammps.dir/workspace/lammps_migration/new_20260916_091244/upstream/lammps/src/GRANULAR/fix_heat_flow.cpp.o
[427/465] Building CXX object CMakeFiles/lammps.dir/workspace/lammps_migration/new_20260916_091244/upstream/lammps/src/GRANULAR/fix_viscous_nonlinear.cpp.o
[428/465] Building CXX object CMakeFiles/lammps.dir/workspace/lammps_migration/new_20260916_091244/upstream/lammps/src/GRANULAR/fix_settorque_atom.cpp.o
[429/465] Building CXX object CMakeFiles/lammps.dir/workspace/lammps_migration/new_20260916_091244/upstream/lammps/src/GRANULAR/fix_granular_mdr.cpp.o
[430/465] Building CXX object CMakeFiles/lammps.dir/workspace/lammps_migration/new_20260916_091244/upstream/lammps/src/GRANULAR/fix_wall_gran.cpp.o
[431/465] Building CXX object CMakeFiles/lammps.dir/workspace/lammps_migration/new_20260916_091244/upstream/lammps/src/GRANULAR/gran_sub_mod.cpp.o
[432/465] Building CXX object CMakeFiles/lammps.dir/workspace/lammps_migration/new_20260916_091244/upstream/lammps/src/GRANULAR/gran_sub_mod_damping.cpp.o
[433/465] Building CXX object CMakeFiles/lammps.dir/workspace/lammps_migration/new_20260916_091244/upstream/lammps/src/GRANULAR/fix_pour.cpp.o
[434/465] Building CXX object CMakeFiles/lammps.dir/workspace/lammps_migration/new_20260916_091244/upstream/lammps/src/GRANULAR/gran_sub_mod_heat.cpp.o
[435/465] Building CXX object CMakeFiles/lammps.dir/workspace/lammps_migration/new_20260916_091244/upstream/lammps/src/GRANULAR/fix_wall_gran_region.cpp.o
[436/465] Building CXX object CMakeFiles/lammps.dir/workspace/lammps_migration/new_20260916_091244/upstream/lammps/src/GRANULAR/gran_sub_mod_register.cpp.o
[437/465] Building CXX object CMakeFiles/lammps.dir/workspace/lammps_migration/new_20260916_091244/upstream/lammps/src/GRANULAR/gran_sub_mod_rolling.cpp.o
[438/465] Building CXX object CMakeFiles/lammps.dir/workspace/lammps_migration/new_20260916_091244/upstream/lammps/src/GRANULAR/gran_sub_mod_twisting.cpp.o
[439/465] Building CXX object CMakeFiles/lammps.dir/workspace/lammps_migration/new_20260916_091244/upstream/lammps/src/GRANULAR/gran_sub_mod_tangential.cpp.o
[440/465] Building CXX object CMakeFiles/lammps.dir/workspace/lammps_migration/new_20260916_091244/upstream/lammps/src/GRANULAR/gran_sub_mod_normal.cpp.o
[441/465] Building CXX object CMakeFiles/lammps.dir/workspace/lammps_migration/new_20260916_091244/upstream/lammps/src/GRANULAR/pair_gran_hertz_history.cpp.o
[442/465] Building CXX object CMakeFiles/lammps.dir/workspace/lammps_migration/new_20260916_091244/upstream/lammps/src/GRANULAR/granular_model.cpp.o
[443/465] Building CXX object CMakeFiles/lammps.dir/workspace/lammps_migration/new_20260916_091244/upstream/lammps/src/GRANULAR/pair_gran_hooke.cpp.o
[444/465] Building CXX object CMakeFiles/lammps.dir/styles/style_pair.cpp.o
[445/465] Building CXX object CMakeFiles/lammps.dir/workspace/lammps_migration/new_20260916_091244/upstream/lammps/src/GRANULAR/pair_gran_hooke_history.cpp.o
[446/465] Building CXX object CMakeFiles/lammps.dir/styles/style_bond.cpp.o
[447/465] Building CXX object CMakeFiles/lammps.dir/styles/style_angle.cpp.o
[448/465] Building CXX object CMakeFiles/lammps.dir/workspace/lammps_migration/new_20260916_091244/upstream/lammps/src/GRANULAR/pair_granular.cpp.o
[449/465] Building CXX object CMakeFiles/lammps.dir/styles/style_dihedral.cpp.o
[450/465] Building CXX object CMakeFiles/lammps.dir/styles/style_improper.cpp.o
[451/465] Building CXX object CMakeFiles/lammps.dir/styles/style_kspace.cpp.o
[452/465] Building CXX object CMakeFiles/lammps.dir/styles/style_integrate.cpp.o
[453/465] Building CXX object CMakeFiles/lammps.dir/styles/style_minimize.cpp.o
[454/465] Building CXX object CMakeFiles/lammps.dir/styles/style_compute.cpp.o
[455/465] Building CXX object CMakeFiles/lammps.dir/styles/style_fix.cpp.o
[456/465] Building CXX object CMakeFiles/lammps.dir/styles/style_region.cpp.o
[457/465] Building CXX object CMakeFiles/lammps.dir/styles/style_dump.cpp.o
[458/465] Building CXX object CMakeFiles/lammps.dir/styles/style_atom.cpp.o
[459/465] Building CXX object CMakeFiles/lammps.dir/styles/style_command.cpp.o
[460/465] Building CXX object CMakeFiles/lammps.dir/styles/style_body.cpp.o
[461/465] Building CXX object CMakeFiles/lammps.dir/styles/style_reader.cpp.o
[462/465] Building CXX object CMakeFiles/lmp.dir/workspace/lammps_migration/new_20260916_091244/upstream/lammps/src/main.cpp.o
[463/465] Building CXX object CMakeFiles/lammps.dir/styles/package_registry.cpp.o
[464/465] Linking CXX static library liblammps.a
[465/465] Linking CXX executable lmp
