 Starting up Musubi with nprocs:            1

 .___  ___.  __    __       _______. __    __  .______    __  
 |   \/   | |  |  |  |     /       ||  |  |  | |   _  \  |  | 
 |  \  /  | |  |  |  |    |   (----`|  |  |  | |  |_)  | |  | 
 |  |\/|  | |  |  |  |     \   \    |  |  |  | |   _  <  |  | 
 |  |  |  | |  `--'  | .----)   |   |  `--'  | |  |_)  | |  | 
 |__|  |__|  \______/  |_______/     \______/  |______/  |_v2.0.0-4-g4e8b27

 (C) 2012 German Research School for Simulation Sciences
 (C) 2013-2020 University Siegen
 (C) 2021 German Aerospace Center (DLR) -
          Institute of Software Methods for Product Virtualization
 
--------------------------------------------------------------------------------
 | INFORMATION ON THE EXECUTABLE
 | Revision of the code in this executable: 81f8c4f13772+
 |
 | Compiled with GFORTRAN in version 13.4.0
 | Using the command /home/lzy/.local/bin/mpif90
 | And the following flags:
 | -O3 -march=native -Wall -Wno-maybe-uninitialized -Werror -Wno-unused-dum
 | my-argument -fmax-stack-var-size=131072 -std=f2008 -pedantic-errors -O3
 | -march=native -Wall -Wno-maybe-uninitialized -Werror
 |
 | Build date: 2026-08-29
--------------------------------------------------------------------------------
--------------------------------------------------------------------------------
 | PRE-PROCESSING SETTINGS:
 | Using AOS (array of structures data layout)
 | Using PULL for streaming
--------------------------------------------------------------------------------

Run at: 2026-08-30 19:35 UTC+02:00

 Loading configuration file: musubi.lua
--------------------------------------------------------------------------------
--------------------------------------------------------------------------------
--------------------------------------------------------------------------------
Loading general parameters:
Using /dev/null as null device.
Will print run time info in the end
(/proc/self/status).
Size of the IO Buffer (MB): 8
Simulation Name: musubi_force_one_step_oracle
 +-------------------------------------------+
  - Now:
  iterations:            0
  simTime   :    0.0000000000000000     
  wallClock :    8.0774839999999994E-003
 
  - Time Control:
 +-------------------------------------------+
Iterations between trigger checks: 1
  - Min:
  iterations:            0
  simTime   :    0.0000000000000000     
 
  - Max:
  iterations:            2
 
  - Interval:
  iterations:            1
 +-------------------------------------------+
 
  - Abort Criteria:
  stop_file: stop
  steady_state:  F
 
  - Status:
 +-------------------------------------------+
 Using global alltoall
 Loading communication pattern:
 isend_irecv
Write timings to: tracking/musubi_timing.res
--------------------------------------------------------------------------------
 Loading general solver params: 
 Choosing Control Routine: standard
 Setting SCALING to:diffusive
Solid elements will be removed from BC list
Block size (elements): 576
--------------------------------------------------------------------------------
 No read restart given. Loading mesh file
 Obtaining HEADER of the configured mesh
 Load mesh header from file: ../force_one_step/mesh/header.lua
 The real bounding cube is...
   min:    0.0000000000000000        0.0000000000000000        0.0000000000000000     
   max:    4.6746357867857693E-007   4.6746357867857693E-007   4.6746357867857693E-007
--------------------------------------------------------------------------------
 Load mesh header from file: ../force_one_step/mesh/header.lua
 The real bounding cube is...
   min:    0.0000000000000000        0.0000000000000000        0.0000000000000000     
   max:    4.6746357867857693E-007   4.6746357867857693E-007   4.6746357867857693E-007
 Load mesh from file: ../force_one_step/mesh/elemlist.lsb
 using one process to read and broadcast
 Done, reading the mesh!
 Got a mesh with following properties:
                 Mesh name: fluidTree
  Total number of elements: 64
  Local number of elements: 64
      Number of properties: 0
      Number of partitions: 1
             Minimum level: 2
             Maximum level: 2
       Bounding Box Origin:     0.0000    0.0000    0.0000
       Bounding Box Length:     0.0000
     Coarsest element size:     0.0000
       Finest element size:     0.0000
--------------------------------------------------------------------------------
 Cleaned boundary property type.
 No IBM found!
--------------------------------------------------------------------------------
Lattice dx and dt on each level
level=2, dxL=   1.00000, dtL=   1.00000
--------------------------------------------------------------------------------
--------------------------------------------------------------------------------
  Loading physics table ...
  Physics table is defined.
  All values are expressed in physical units.
 Speed of sound (cs) is not defined.
 Attempting to load time step dt on coarsest level:
   cs =    8.094E+00
   dt =    8.336E-09
 WARNING: No value given for coulomb0
 WARNING: Reference coulomb0 is not found. 
 Setting reference coulomb0 to fundamental electrical charge.
Reference physical quantities:
  rho0       =    1.056E+03
  mass0      =    1.685E-18
  mole0      =    1.661E-24
  moleDens0  =    1.040E-03
  molWeight0 =    1.015E+06
  Temp0      =    1.000E+00
  coulomb0   =  160.218E-21
Conversion factors on level: 2
  dx            =  116.866E-09
  dt            =    8.336E-09
  pressure      =  207.553E+03
  velocity      =   14.019E+00
  kine. visc.   =    1.638E-06
  dyn. visc.    =    1.730E-03
  acceleration  =    1.682E+09
  force         =    2.835E-09
  body force    =    1.776E+12
  strain rate   =  119.962E+06
  energy        =  331.277E-18
  moleFlux      =   14.585E-03
  chargeDens    =  100.380E+00
  currentDens   =    1.407E+03
  massflux      =   14.805E+03
  diffusivity   =    1.638E-06
  faraday       =   96.485E+03
  gasConst      =  199.500E+06
  potential     =    2.068E+03

Over level scale factor: 
    pressure:    1.000E+00
    velocity:    1.000E+00
 strain rate:    1.000E+00
--------------------------------------------------------------------------------
--------------------------------------------------------------------------------
Loading Scheme identify table: 
kind: fluid_incompressible
Layout: d3q19
relaxation: bgk
  variant: standard
--------------------------------------------------------------------------------
 Creating stencil kind: d3q19
--------------------------------------------------------------------------------
 Loading the field base info ...
 No field table defined.
 Assuming single field and label = "".
--------------------------------------------------------------------------------
 Initializing global variable system for scheme kind: fluid_incompressible
 Appending state variables 
--------------------------------------------------------------------------------
Interpolation:
  method: quadratic
   order:  2
  weights_method: linear_distance
  inverse distance powefac:  6
--------------------------------------------------------------------------------
 No possible transport variable defined for scheme kind: fluid_incompressible
--------------------------------------------------------------------------------
 Loading the fields ...
 Number of fields to load:            1
 No field table and scheme table are defined.Loading field data from config
 Loading field: 
 Loading the fluid properties.
 Loading fluid informations
 loading space time function from key: kinematic_viscosity
 Spacetime function is a const value:    3.2700000000000000E-006
 St-fun is not a table, thus setting global shape.
 No nonNewtonian table defined
 No turbulence table defined
--------------------------------------------------------------------------------
--------------------------------------------------------------------------------
  Loading initial conditions
Loading spatial for pressure
 Load spatial as single constant
   Spatial for pressure is a defined as const
value =   23.622E+03
Loading spatial for velocityX
 Load spatial as single constant
   Spatial for velocityX is a defined as const
value =    0.000E+00
Loading spatial for velocityY
 Load spatial as single constant
   Spatial for velocityY is a defined as const
value =    0.000E+00
Loading spatial for velocityZ
 Load spatial as single constant
   Spatial for velocityZ is a defined as const
value =    0.000E+00
Loading spatial for Sxx
 Load spatial as single constant
 ERROR: Fatal error occured in loading scalar constants
 WARNING: variable is non-existent!
 Setting kind to be "none" and value =    0.000E+00 for all 1 components
   Spatial for Sxx is a defined as none
Loading spatial for Syy
 Load spatial as single constant
 ERROR: Fatal error occured in loading scalar constants
 WARNING: variable is non-existent!
 Setting kind to be "none" and value =    0.000E+00 for all 1 components
   Spatial for Syy is a defined as none
Loading spatial for Szz
 Load spatial as single constant
 ERROR: Fatal error occured in loading scalar constants
 WARNING: variable is non-existent!
 Setting kind to be "none" and value =    0.000E+00 for all 1 components
   Spatial for Szz is a defined as none
Loading spatial for Sxy
 Load spatial as single constant
 ERROR: Fatal error occured in loading scalar constants
 WARNING: variable is non-existent!
 Setting kind to be "none" and value =    0.000E+00 for all 1 components
   Spatial for Sxy is a defined as none
Loading spatial for Syz
 Load spatial as single constant
 ERROR: Fatal error occured in loading scalar constants
 WARNING: variable is non-existent!
 Setting kind to be "none" and value =    0.000E+00 for all 1 components
   Spatial for Syz is a defined as none
Loading spatial for Sxz
 Load spatial as single constant
 ERROR: Fatal error occured in loading scalar constants
 WARNING: variable is non-existent!
 Setting kind to be "none" and value =    0.000E+00 for all 1 components
   Spatial for Sxz is a defined as none
--------------------------------------------------------------------------------
  Loading BC header
 matching boundary defination in lua to mesh
  No Boundary conditions!
--------------------------------------------------------------------------------
 Loading boundary definition for nBCs: 0
--------------------------------------------------------------------------------
 Loading the mappings from table: source
 Table source could not be opened for reading variable mappings!
--------------------------------------------------------------------------------
 Loading the mappings from table: glob_source
 Expected variable force is defined
 Did not find a variable name for force
 Trying to load it as an anonymous space time function
 loading space time function from key: force
 Spacetime function is a const value:    0.0000000000000000        0.0000000000000000        3884423.6432636492     
 St-fun is not a table, thus setting global shape.
 Found a spacetime function for force
 Expected variable turb_channel_force_accel is NOT defined
 Expected variable absorb_layer is NOT defined
 Expected variable absorb_layer_inlet is NOT defined
 Expected variable absorb_layer_outlet is NOT defined
 Expected variable hrr_correction is NOT defined
 Expected variable brinkman is NOT defined
 Order of approximation for force: 2
 Loading transport variables
--------------------------------------------------------------------------------
 Variable table not defined with key: variable
--------------------------------------------------------------------------------
 Loading tracking ...
Number of Tracking entities: 2
Loading tracker: 1
 Tracking label: momentum
 +-------------------------------------------+
Iterations between trigger checks: 1
  - Min:
  iterations:            0
 
  - Max:
  iterations:            2
 
  - Interval:
  iterations:            1
 +-------------------------------------------+
  Number of reductions loaded: 2
  their reduceTypes are:
    average
    average
   Loading output table ...
   Output format: ascii
  Loading shape kind: all
  Inverted shape:  F
Done tracker 1
Loading tracker: 2
 Tracking label: pdf_safety
 +-------------------------------------------+
Iterations between trigger checks: 1
  - Min:
  iterations:            0
 
  - Max:
  iterations:            2
 
  - Interval:
  iterations:            1
 +-------------------------------------------+
  Number of reductions loaded: 1
  their reduceTypes are:
    min
   Loading output table ...
   Output format: ascii
  Loading shape kind: all
  Inverted shape:  F
Done tracker 2
--------------------------------------------------------------------------------
--------------------------------------------------------------------------------
 NO particle modelling
--------------------------------------------------------------------------------
--------------------------------------------------------------------------------
 Initializing musubi ...
 Initializing the scheme ...
 Map stencil to treelm definition and vice versa ...
Initializing the moment matrix by stencil: d3q19
 Building variable system for scheme kind: fluid_incompressible
 Appending auxiliary variables 
 Current append variable wave loop:            1
 Append derive variables to varSys
 Variable pressure_deviation cant be added due to missing input variable pressure_reference
 Error: variable pressure_deviation is not added to variable system
 Appending boundary variables 
 Append derive physical variables to varSys
 Append meshInfo variables to varSys
 Current append variable wave loop:            2
 Append derive variables to varSys
 Appending boundary variables 
 Append derive physical variables to varSys
 Append meshInfo variables to varSys
 Current append variable wave loop:            3
 Append derive variables to varSys
 Appending boundary variables 
 Append derive physical variables to varSys
 Append meshInfo variables to varSys
 Done appending variables to varSys
 Storing state variable position 
 Storing derive variable position 
--------------------------------------------------------------------------------
 Starting to initialize the geometry
--------------------------------------------------------------------------------
 Creating boundary lists ...
 Finalizing stencils...
 Total Number of stencils: 1
 iStencil:  1, label: d3q19
 nElems: 64
 Allocating level Descriptor ...
 Searching the neighbors for each element ...
 Finished searching the neighbors ID for each fluid.
 Creating level descriptor ...
 Building up the element and total list.
 Building level-wise fluid list ...
--------------------------------------------------------------------------------
 Communicating elements ...
Halo count exchange iteration: 1
 Starting all-to-all exchange of halo counts
Finished all-to-all exchanging number of elements
All to all cost: 0.166610E-04
  Finished counting valid procs and nElemsProcs.
   Done communicating nElems to Transfer
  Requesting remote halos on level 2
   Received requested halo elements successfully.
 Finished requesting remote halos
   Done requesting remote halos.
   Identifying lists
 Done exchanging number of elements to communicate.
Return halo counts and Redefine halos ...
  Returning halo counts on level 2
   Redefining halos ... 
   Done communicating stencil buffer
   Done communicating stencil buffer
   Done communicating stencil buffer
 Done with communication of elements. 
--------------------------------------------------------------------------------

 Assembling total list ...
     Level: 2
    nElems: 64
       fluid: 64
gFromCoarser: 0
  gFromFiner: 0
        halo: 0
 Updating dependencies ...
 Updating the stencil entries
  Updating entries in the element stencils...
 Finished building up element and total list. 
Build neighbor array for stencil: 1
 level:  2, nElems to treat: 64
--------------------------------------------------------------------------------

 Build vertical dep ...
 Total number of elements on Level: 2
   Fluid:   64
 Global Elements information:
   nElems overall: 64
   nElems ghost from finer: 0
   nElems ghost from coarser: 0
 
Start filling field BC neighbor list 
 Allocating PDF state, neighbor and bcBuffer array
 nSize of state array: 64
 Building state array connectivity ...
 Done with state array connectivity.
Set halo elements comm links

--------------------------------------------------------------------------------
Done initializing geometry. Took [s]      0.00
--------------------------------------------------------------------------------

 Simulation time homogenize:
  iterations:            0
  simTime   :    0.0000000000000000     
  wallClock :    8.0774839999999994E-003
 Time control homogenize:
 +-------------------------------------------+
Iterations between trigger checks: 1
  - Min:
  iterations:            0
 
  - Max:
  iterations:            2
 
  - Interval:
  iterations:            1
 +-------------------------------------------+
Initialize fluid
  Set relaxation parameter from kinematic viscosity
Fluid properties:
  Reference density rho0:  1.0000000
  Kinematic viscosity STfun kind: const
Kinematic viscosity, (min, max) on level: 2
  Physical: ( 0.0000033, 0.0000033)
  Lattice: ( 1.9958496, 1.9958496)
  Kinematic omega (min,max):( 0.1541414, 0.1541414)
 viscBulk lattice and omega: 
  viscBulk:   1.3305664
  omegaBulk:  0.1541414
Magic lambda for TRT:  0.2500000
HRR sigma:  0.9800000
DRT tauN:  0.7000000
No nonNewtonian table defined.
--------------------------------------------------------------------------------
 Allocate gradient data ...
 Filling gradient data ...
--------------------------------------------------------------------------------
 Create subtree for all space time functions stored 
 in linked list of spacetime function
 Done creating subtree for   0 spacetime functions
--------------------------------------------------------------------------------
--------------------------------------------------------------------------------
 Initializing Source terms ...
--------------------------------------------------------------------------------
--------------------------------------------------------------------------------
 Initializing transport variables ...
 No active transport variables
  Pulling pdfs from neighbor elements before collision
 Initializing tracker...
--------------------------------------------------------------------------------
 Initialize tracking subTree to remove empty objects
--------------------------------------------------------------------------------
 Creating subTree for tracking object momentum
 Subtree encompasses all fluid elements
Found corresponding nElems: 64
--------------------------------------------------------------------------------
 Creating subTree for tracking object pdf_safety
 Subtree encompasses all fluid elements
Found corresponding nElems: 64
--------------------------------------------------------------------------------
 Time control homogenize:
 +-------------------------------------------+
Iterations between trigger checks: 1
  - Min:
  iterations:            0
 
  - Max:
  iterations:            2
 
  - Interval:
  iterations:            1
 +-------------------------------------------+
 Time control homogenize:
 +-------------------------------------------+
Iterations between trigger checks: 1
  - Min:
  iterations:            0
 
  - Max:
  iterations:            2
 
  - Interval:
  iterations:            1
 +-------------------------------------------+
--------------------------------------------------------------------------------
 Initialize tracking objects
--------------------------------------------------------------------------------
Track object: 1, label: momentum
 Initializing reduction ...
Track object: 2, label: pdf_safety
 Initializing reduction ...
 Auxiliary field halo communication DEACTIVATED.
 Initializing IBM surface data
--------------------------------------------------------------------------------

--------------------------------------------------------------------------------
Initialize flow
 Initialize compute kernel for scheme kind: fluid_incompressible
 Choosing fluid_incompressible relaxation model: bgk for layout d3q19
 mus_load_particles: no particle table found
--------------------------------------------------------------------------------
 Starting Musubi MAIN loop with time control:
 +-------------------------------------------+
Iterations between trigger checks: 1
  - Min:
  iterations:            0
 
  - Max:
  iterations:            2
 
  - Interval:
  iterations:            1
 +-------------------------------------------+
Select fast single level control routine.
Particulate flow simulations disabled!
--------------------------------------------------------------------------------
  iterations:            0
  simTime   :    0.0000000000000000     
  wallClock :    8.0774839999999994E-003
      field |       total density
          1 |   21.8522197391E+00

  iterations:            1
  simTime   :    8.3359602886574595E-009
  wallClock :    6.2526654000000001E-002
      field |       total density
          1 |   21.8522197391E+00

  iterations:            2
  simTime   :    1.6671920577314919E-008
  wallClock :    6.2870706999999998E-002
      field |       total density
          1 |   21.8522197391E+00


SUCCESSFUL run!
 Status of the simulation now:
 +--------------------------------------------+
 STATUS:
  * Status Interval is reached
  * Reached maximal number of iterations
 +--------------------------------------------+

  iterations:            2
  simTime   :    1.6671920577314919E-008
  wallClock :    6.2870706999999998E-002
      field |       total density
          1 |   21.8522197391E+00

--------------------------------------------------------------------------------
 Load balance evaluation:
  max CPU cost:      0.00 (s)
  ave CPU cost:      0.00 (s)
 imbalance (i.e. max/ave):    100.00%
--------------------------------------------------------------------------------
Name:	musubi_adaptive
Umask:	0022
State:	R (running)
Tgid:	60027
Ngid:	0
Pid:	60027
PPid:	60023
TracerPid:	0
Uid:	1000	1000	1000	1000
Gid:	1000	1000	1000	1000
FDSize:	64
Groups:	4 24 27 30 46 100 1000 1001
NStgid:	60027
NSpid:	60027
NSpgid:	60027
NSsid:	495
Kthread:	0
VmPeak:	  237460 kB
VmSize:	  196008 kB
VmLck:	       0 kB
VmPin:	       0 kB
VmHWM:	   21120 kB
VmRSS:	   21120 kB
RssAnon:	    6336 kB
RssFile:	   14784 kB
RssShmem:	       0 kB
VmData:	   32620 kB
VmStk:	     164 kB
VmExe:	    7440 kB
VmLib:	    9800 kB
VmPTE:	     140 kB
VmSwap:	       0 kB
HugetlbPages:	       0 kB
CoreDumping:	0
THP_enabled:	1
untag_mask:	0xffffffffffffffff
Threads:	3
SigQ:	1/31177
SigPnd:	0000000000000000
ShdPnd:	0000000000000000
SigBlk:	0000000000000000
SigIgn:	0000000000000000
SigCgt:	00000001418004fc
CapInh:	0000000000000000
CapPrm:	0000000000000000
CapEff:	0000000000000000
CapBnd:	000001ffffffffff
CapAmb:	0000000000000000
NoNewPrivs:	0
Seccomp:	2
Seccomp_filters:	1
Speculation_Store_Bypass:	thread vulnerable
SpeculationIndirectBranch:	conditional enabled
Cpus_allowed:	000003
Cpus_allowed_list:	0-1
Mems_allowed:	00000000,00000000,00000000,00000000,00000000,00000000,00000000,00000000,00000000,00000000,00000000,00000000,000000
Mems_allowed_list:	0
voluntary_ctxt_switches:	243
nonvoluntary_ctxt_switches:	0

 Done with Musubi in       0.06 s
