[localhost:00488] mca_base_component_repository_open: unable to open mca_btl_openib: librdmacm.so.1: cannot open shared object file: No such file or directory (ignored)
[localhost:00489] mca_base_component_repository_open: unable to open mca_btl_openib: librdmacm.so.1: cannot open shared object file: No such file or directory (ignored)
[localhost:00490] mca_base_component_repository_open: unable to open mca_btl_openib: librdmacm.so.1: cannot open shared object file: No such file or directory (ignored)
[localhost:00492] mca_base_component_repository_open: unable to open mca_btl_openib: librdmacm.so.1: cannot open shared object file: No such file or directory (ignored)
[localhost:00493] mca_base_component_repository_open: unable to open mca_btl_openib: librdmacm.so.1: cannot open shared object file: No such file or directory (ignored)
[localhost:00494] mca_base_component_repository_open: unable to open mca_btl_openib: librdmacm.so.1: cannot open shared object file: No such file or directory (ignored)
[localhost:00487] mca_base_component_repository_open: unable to open mca_btl_openib: librdmacm.so.1: cannot open shared object file: No such file or directory (ignored)
[localhost:00491] mca_base_component_repository_open: unable to open mca_btl_openib: librdmacm.so.1: cannot open shared object file: No such file or directory (ignored)
--------------------------------------------------------------------------
WARNING: Linux kernel CMA support was requested via the
btl_vader_single_copy_mechanism MCA variable, but CMA support is
not available due to restrictive ptrace settings.

The vader shared memory BTL will fall back on another single-copy
mechanism if one is available. This may result in lower performance.

  Local host: localhost
--------------------------------------------------------------------------
At line 427 of file /home/lzy/apes-pinned/musubi_official/tem/source/libharvesting/hvs_ascii_module.f90
Fortran runtime error: End of record

Error termination. Backtrace:
#0  0x767dcbcf1af4 in formatted_transfer_scalar_write
	at ../../../libgfortran/io/transfer.c:2380
#1  0x767dcbcf1de4 in formatted_transfer
	at ../../../libgfortran/io/transfer.c:2625
#2  0x5ea61aeb9757 in ???
#3  0x5ea61aebb700 in ???
#4  0x5ea61aebe089 in ???
#5  0x5ea61ae7a6b2 in ???
#6  0x5ea61b0335da in ???
#7  0x5ea61af84910 in ???
#8  0x5ea61b343ba2 in ???
#9  0x5ea61ad9b824 in ???
#10  0x5ea61ad9a8be in ???
#11  0x767dcb62a1c9 in ???
#12  0x767dcb62a28a in ???
#13  0x5ea61ad9a8f4 in ???
#14  0xffffffffffffffff in ???
--------------------------------------------------------------------------
Primary job  terminated normally, but 1 process returned
a non-zero exit code. Per user-direction, the job has been aborted.
--------------------------------------------------------------------------
--------------------------------------------------------------------------
mpirun detected that one or more processes exited with non-zero status, thus causing
the job to be terminated. The first process to do so was:

  Process name: [[53585,1],0]
  Exit code:    2
--------------------------------------------------------------------------
[localhost:00478] 7 more processes have sent help message help-btl-vader.txt / cma-permission-denied
[localhost:00478] Set MCA parameter "orte_base_help_aggregate" to 0 to see all help / error messages
