-----------------------------------------------------------------------------------
 Eq      N-i            T    dB      Ri/R1      Ri/R0       R/Ri    lsIt   dB   %t
-----------------------------------------------------------------------------------
 <PETSC_INITIALIZE>: use linear solver config. from svFSI input.
Mat Object: 8 MPI processes
  type: preallocator
  rows=543408, cols=543408, bs=4
Mat Object: 8 MPI processes
  type: mpiaijcusparse
  rows=543408, cols=543408, bs=4
  total: nonzeros=30298176, allocated nonzeros=30298176
  total number of mallocs used during MatSetValues calls=0
    not using I-node (on process 0) routines
Vec Object: 8 MPI processes
  type: mpicuda
  length=543408, bs=4
Mat Object: 8 MPI processes
  type: mpiaijcusparse
  rows=543408, cols=543408, bs=4
  total: nonzeros=30298176, allocated nonzeros=30298176
  total number of mallocs used during MatSetValues calls=0
    not using I-node (on process 0) routines
Mat Object: 1 MPI process
  type: seqaijcusparse
  rows=72192, cols=72192
  total: nonzeros=3986912, allocated nonzeros=3986912
  total number of mallocs used during MatSetValues calls=0
    not using I-node routines
Mat Object: 1 MPI process
  type: seqaijcusparse
  rows=68636, cols=68636
  total: nonzeros=3845552, allocated nonzeros=3845552
  total number of mallocs used during MatSetValues calls=0
    not using I-node routines
Mat Object: 1 MPI process
  type: seqaijcusparse
  rows=67072, cols=67072
  total: nonzeros=3727008, allocated nonzeros=3727008
  total number of mallocs used during MatSetValues calls=0
    not using I-node routines
Mat Object: 1 MPI process
  type: seqaijcusparse
  rows=68912, cols=68912
  total: nonzeros=3837536, allocated nonzeros=3837536
  total number of mallocs used during MatSetValues calls=0
    not using I-node routines
Mat Object: 1 MPI process
  type: seqaijcusparse
  rows=68804, cols=68804
  total: nonzeros=3818960, allocated nonzeros=3818960
  total number of mallocs used during MatSetValues calls=0
    not using I-node routines
Mat Object: 1 MPI process
  type: seqaijcusparse
  rows=66640, cols=66640
  total: nonzeros=3707264, allocated nonzeros=3707264
  total number of mallocs used during MatSetValues calls=0
    not using I-node routines
Mat Object: 1 MPI process
  type: seqaijcusparse
  rows=67164, cols=67164
  total: nonzeros=3742288, allocated nonzeros=3742288
  total number of mallocs used during MatSetValues calls=0
    not using I-node routines
Mat Object: 1 MPI process
  type: seqaijcusparse
  rows=63988, cols=63988
  total: nonzeros=3556304, allocated nonzeros=3556304
  total number of mallocs used during MatSetValues calls=0
    not using I-node routines
Mat Object: 8 MPI processes
  type: mpiaijcusparse
  rows=543408, cols=543408, bs=4
  total: nonzeros=30298176, allocated nonzeros=30298176
  total number of mallocs used during MatSetValues calls=0
    not using I-node (on process 0) routines
Mat Object: 1 MPI process
  type: seqaijcusparse
  rows=69580, cols=69580, bs=4
  total: nonzeros=3875504, allocated nonzeros=3875504
  total number of mallocs used during MatSetValues calls=0
Mat Object: 1 MPI process
  type: seqaijcusparse
      rows=69516, cols=69516, bs=4
  total: nonzeros=3858960, allocated nonzeros=3858960
  total number of mallocs used during MatSetValues calls=0
    not using I-node routines
not using I-node routines
Mat Object: 1 MPI process
  type: seqaijcusparse
  rows=70144, cols=70144, bs=4
  total: nonzeros=3930176, allocated nonzeros=3930176
  total number of mallocs used during MatSetValues calls=0
    not using I-node routines
Mat Object: 1 MPI process
  type: seqaijcusparse
  rows=67932, cols=67932, bs=4
  total: nonzeros=3779600, allocated nonzeros=3779600
  total number of mallocs used during MatSetValues calls=0
    not using I-node routines
Mat Object: 1 MPI process
  type: seqaijcusparse
  rows=69204, cols=69204, bs=4
  total: nonzeros=3857872, allocated nonzeros=3857872
  total number of mallocs used during MatSetValues calls=0
    not using I-node routines
Mat Object: 1 MPI process
  type: seqaijcusparse
  rows=69128, cols=69128, bs=4
Mat Object: 1 MPI process
  type: seqaijcusparse
  rows=65968, cols=65968, bs=4
  total: nonzeros=3669280, allocated nonzeros=3669280
  total number of mallocs used during MatSetValues calls=0
    not using I-node routines
  total: nonzeros=3843232, allocated nonzeros=3843232
  total number of mallocs used during MatSetValues calls=0
    not using I-node routines
Mat Object: 1 MPI process
  type: seqaijcusparse
  rows=72844, cols=72844, bs=4
  total: nonzeros=4023216, allocated nonzeros=4023216
  total number of mallocs used during MatSetValues calls=0
    not using I-node routines
Mat Object: 1 MPI process
  type: seqaij
  rows=65968, cols=65968, bs=4
  total: nonzeros=3669280, allocated nonzeros=3669280
  total number of mallocs used during MatSetValues calls=0
    using I-node routines: found 16492 nodes, limit used is 5
Mat Object: 1 MPI process
  type: seqaij
  rows=72844, cols=72844, bs=4
  total: nonzeros=4023216, allocated nonzeros=4023216
  total number of mallocs used during MatSetValues calls=0
    using I-node routines: found 18211 nodes, limit used is 5
Mat Object: 1 MPI process
  type: seqaij
  rows=69204, cols=69204, bs=4
  total: nonzeros=3857872, allocated nonzeros=3857872
  total number of mallocs used during MatSetValues calls=0
    using I-node routines: found 17301 nodes, limit used is 5
Mat Object: 1 MPI process
  type: seqaij
  rows=69516, cols=69516, bs=4
  total: nonzeros=3858960, allocated nonzeros=3858960
  total number of mallocs used during MatSetValues calls=0
    using I-node routines: found 17379 nodes, limit used is 5
Mat Object: 1 MPI process
  type: seqaij
  rows=67932, cols=67932, bs=4
  total: nonzeros=3779600, allocated nonzeros=3779600
  total number of mallocs used during MatSetValues calls=0
    using I-node routines: found 16983 nodes, limit used is 5
Mat Object: 1 MPI process
  type: seqaij
  rows=69128, cols=69128, bs=4
  total: nonzeros=3843232, allocated nonzeros=3843232
  total number of mallocs used during MatSetValues calls=0
    using I-node routines: found 17282 nodes, limit used is 5
Mat Object: 1 MPI process
  type: seqaij
  rows=69580, cols=69580, bs=4
  total: nonzeros=3875504, allocated nonzeros=3875504
  total number of mallocs used during MatSetValues calls=0
    using I-node routines: found 17395 nodes, limit used is 5
Mat Object: 1 MPI process
  type: seqaij
  rows=70144, cols=70144, bs=4
  total: nonzeros=3930176, allocated nonzeros=3930176
  total number of mallocs used during MatSetValues calls=0
    using I-node routines: found 17536 nodes, limit used is 5
  0 KSP unpreconditioned resid norm 7.715430633269e-01 true resid norm 7.715430633269e-01 ||r(i)||/||b|| 1.000000000000e+00
  1 KSP unpreconditioned resid norm 7.579989554759e-01 true resid norm 7.579989554759e-01 ||r(i)||/||b|| 9.824454285252e-01
  2 KSP unpreconditioned resid norm 6.365446023740e-01 true resid norm 6.365446023740e-01 ||r(i)||/||b|| 8.250279636100e-01
  3 KSP unpreconditioned resid norm 5.689081050502e-01 true resid norm 5.689081050502e-01 ||r(i)||/||b|| 7.373640333141e-01
  4 KSP unpreconditioned resid norm 5.421797437626e-01 true resid norm 5.421797437626e-01 ||r(i)||/||b|| 7.027212990869e-01
  5 KSP unpreconditioned resid norm 5.007325702849e-01 true resid norm 5.007325702849e-01 ||r(i)||/||b|| 6.490014544693e-01
  6 KSP unpreconditioned resid norm 4.834178836798e-01 true resid norm 4.834178836798e-01 ||r(i)||/||b|| 6.265598210361e-01
  7 KSP unpreconditioned resid norm 4.656755496050e-01 true resid norm 4.656755496050e-01 ||r(i)||/||b|| 6.035639120350e-01
  8 KSP unpreconditioned resid norm 4.184895849246e-01 true resid norm 4.184895849246e-01 ||r(i)||/||b|| 5.424059975604e-01
  9 KSP unpreconditioned resid norm 4.162471170630e-01 true resid norm 4.162471170630e-01 ||r(i)||/||b|| 5.394995261420e-01
 10 KSP unpreconditioned resid norm 3.929835089621e-01 true resid norm 3.929835089621e-01 ||r(i)||/||b|| 5.093474721522e-01
 11 KSP unpreconditioned resid norm 3.004653001781e-01 true resid norm 3.004653001781e-01 ||r(i)||/||b|| 3.894342577360e-01
 12 KSP unpreconditioned resid norm 2.923981388805e-01 true resid norm 2.923981388805e-01 ||r(i)||/||b|| 3.789783782381e-01
 13 KSP unpreconditioned resid norm 2.871838538568e-01 true resid norm 2.871838538568e-01 ||r(i)||/||b|| 3.722201229034e-01
 14 KSP unpreconditioned resid norm 2.551964126006e-01 true resid norm 2.551964126007e-01 ||r(i)||/||b|| 3.307610744373e-01
 15 KSP unpreconditioned resid norm 2.355203489593e-01 true resid norm 2.355203489594e-01 ||r(i)||/||b|| 3.052588509367e-01
 16 KSP unpreconditioned resid norm 2.342860947060e-01 true resid norm 2.342860947060e-01 ||r(i)||/||b|| 3.036591291428e-01
 17 KSP unpreconditioned resid norm 2.158886504971e-01 true resid norm 2.158886504971e-01 ||r(i)||/||b|| 2.798141293193e-01
 18 KSP unpreconditioned resid norm 1.907728241214e-01 true resid norm 1.907728241214e-01 ||r(i)||/||b|| 2.472614079359e-01
 19 KSP unpreconditioned resid norm 1.896370490750e-01 true resid norm 1.896370490751e-01 ||r(i)||/||b|| 2.457893254297e-01
 20 KSP unpreconditioned resid norm 1.750086901433e-01 true resid norm 1.750086901433e-01 ||r(i)||/||b|| 2.268294518632e-01
 21 KSP unpreconditioned resid norm 1.663200681588e-01 true resid norm 1.663200681588e-01 ||r(i)||/||b|| 2.155680947239e-01
 22 KSP unpreconditioned resid norm 1.662901653602e-01 true resid norm 1.662901653602e-01 ||r(i)||/||b|| 2.155293375889e-01
 23 KSP unpreconditioned resid norm 1.584939188689e-01 true resid norm 1.584939188689e-01 ||r(i)||/||b|| 2.054245918374e-01
 24 KSP unpreconditioned resid norm 1.509512350103e-01 true resid norm 1.509512350103e-01 ||r(i)||/||b|| 1.956484896118e-01
 25 KSP unpreconditioned resid norm 1.497660070495e-01 true resid norm 1.497660070495e-01 ||r(i)||/||b|| 1.941123109884e-01
 26 KSP unpreconditioned resid norm 1.237315154993e-01 true resid norm 1.237315154993e-01 ||r(i)||/||b|| 1.603689040581e-01
 27 KSP unpreconditioned resid norm 1.500345841264e-02 true resid norm 1.500345841263e-02 ||r(i)||/||b|| 1.944604147945e-02
 28 KSP unpreconditioned resid norm 8.834455770641e-04 true resid norm 8.834455770623e-04 ||r(i)||/||b|| 1.145037288331e-03
 29 KSP unpreconditioned resid norm 4.080493612050e-05 true resid norm 4.080493605994e-05 ||r(i)||/||b|| 5.288743817356e-05
 30 KSP unpreconditioned resid norm 2.749475732199e-06 true resid norm 2.749475732923e-06 ||r(i)||/||b|| 3.563606315203e-06
 31 KSP unpreconditioned resid norm 1.515706891181e-07 true resid norm 1.515707443353e-07 ||r(i)||/||b|| 1.964514380853e-07
 32 KSP unpreconditioned resid norm 8.369256659774e-09 true resid norm 8.369272191250e-09 ||r(i)||/||b|| 1.084744661583e-08
 33 KSP unpreconditioned resid norm 5.280901119735e-10 true resid norm 5.283256282016e-10 ||r(i)||/||b|| 6.847649253995e-10
 34 KSP unpreconditioned resid norm 2.104110284058e-11 true resid norm 2.620302527340e-11 ||r(i)||/||b|| 3.396184415218e-11
  Linear solve converged due to CONVERGED_RTOL iterations 34
Mat Object: 8 MPI processes
  type: mpiaijcusparse
  rows=543408, cols=543408, bs=4
  total: nonzeros=30298176, allocated nonzeros=30298176
  total number of mallocs used during MatSetValues calls=0
    not using I-node (on process 0) routines
Vec Object: 8 MPI processes
  type: mpicuda
  length=543408, bs=4
Vec Object: 8 MPI processes
  type: mpicuda
  length=543408, bs=4
KSP Object: 8 MPI processes
  type: fgmres
    restart=100, using classical (unmodified) Gram-Schmidt orthogonalization with one step of iterative refinement
    happy breakdown tolerance=1e-30
  maximum iterations=2000, initial guess is zero
  tolerances: relative=1e-10, absolute=1e-24, divergence=10000.
  right preconditioning
  diagonally scaled system
  using UNPRECONDITIONED norm type for convergence test
PC Object: 8 MPI processes
  type: asm
    total subdomain blocks = 8, amount of overlap = 2
    restriction/interpolation type - RESTRICT
    Local solver information for first block is in the following KSP and PC objects on rank 0:
    Use -ksp_view ::ascii_info_detail to display information for all blocks
    KSP Object: (sub_) 1 MPI process
      type: preonly
      maximum iterations=10000, initial guess is zero
      tolerances: relative=1e-05, absolute=1e-50, divergence=10000.
      left preconditioning
      not checking for convergence
    PC Object: (sub_) 1 MPI process
      type: lu
        out-of-place factorization
        tolerance for zero pivot 2.22045e-14
        matrix ordering: nd
        factor fill ratio given 5., needed 15.4636
          Factored matrix:
            Mat Object: (sub_) 1 MPI process
              type: seqaij
              rows=69580, cols=69580, bs=4
              package used to perform factorization: petsc
              total: nonzeros=59929232, allocated nonzeros=59929232
                using I-node routines: found 17395 nodes, limit used is 5
      linear system matrix, which is also used to construct the preconditioner:
      Mat Object: (sub_) 1 MPI process
        type: seqaij
        rows=69580, cols=69580, bs=4
        total: nonzeros=3875504, allocated nonzeros=3875504
        total number of mallocs used during MatSetValues calls=0
          using I-node routines: found 17395 nodes, limit used is 5
  linear system matrix, which is also used to construct the preconditioner:
  Mat Object: 8 MPI processes
    type: mpiaijcusparse
    rows=543408, cols=543408, bs=4
    total: nonzeros=30298176, allocated nonzeros=30298176
    total number of mallocs used during MatSetValues calls=0
      not using I-node (on process 0) routines
 NS      1-1s   5.616e+01 [   0  1.000e+00  1.000e+00  2.727e-11] [   34 -243   89]
#PETSc Option Table entries:
-ksp_atol 1e-24 # (source: environment)
-ksp_converged_reason # (source: environment)
-ksp_diagonal_scale # (source: environment)
-ksp_diagonal_scale_fix # (source: environment)
-ksp_error_if_not_converged # (source: environment)
-ksp_gmres_cgs_refinement_type refine_always # (source: environment)
-ksp_gmres_restart 100 # (source: environment)
-ksp_max_it 2000 # (source: environment)
-ksp_monitor_true_residual # (source: environment)
-ksp_norm_type unpreconditioned # (source: environment)
-ksp_pc_side right # (source: environment)
-ksp_rtol 1e-10 # (source: environment)
-ksp_type fgmres # (source: environment)
-ksp_view # (source: environment)
-ksp_view_mat ::ascii_info # (source: environment)
-ksp_view_rhs ::ascii_info # (source: environment)
-ksp_view_solution ::ascii_info # (source: environment)
-log_view :petsc_profile.txt # (source: environment)
-log_view_gpu_time # (source: environment)
-mat_type aijcusparse # (source: environment)
-mat_view ::ascii_info # (source: environment)
-options_left # (source: environment)
-options_view # (source: environment)
-pc_asm_overlap 2 # (source: environment)
-pc_asm_sub_mat_type seqaij # (source: environment)
-pc_type asm # (source: environment)
-skip_petscrc # (source: environment)
-sub_ksp_type preonly # (source: environment)
-sub_pc_factor_mat_solver_type petsc # (source: environment)
-sub_pc_type lu # (source: environment)
-sv_pc_adaptive_rebuild false # (source: environment)
-use_gpu_aware_mpi 0 # (source: environment)
-vec_type cuda # (source: environment)
-vec_view ::ascii_info # (source: environment)
#End of PETSc Option Table entries
WARNING! There are options you set that were not used!
WARNING! could be spelling mistake, etc!
There is one unused database option. It is:
Option left: name:-skip_petscrc (no value) source: environment
