KSP Object: 1 MPI process
  type: gmres
    restart=30, using Classical (unmodified) Gram-Schmidt Orthogonalization with no iterative refinement
    happy breakdown tolerance 1e-30
  maximum iterations=1000, initial guess is zero
  tolerances:  relative=1e-12, absolute=1e-14, divergence=10000.
  left preconditioning
  using PRECONDITIONED norm type for convergence test
PC Object: 1 MPI process
  type: jacobi
    type DIAGONAL
  linear system matrix = precond matrix:
  Mat Object: 1 MPI process
    type: seqaijcusparse
    rows=128, cols=128
    total: nonzeros=382, allocated nonzeros=382
    total number of mallocs used during MatSetValues calls=0
      not using I-node routines
#PETSc Option Table entries:
-proper_finalize true # (source: command line)
-skip_petscrc # (source: environment)
-use_gpu_aware_mpi 0 # (source: environment)
-vec_type cuda # (source: command line)
#End of PETSc Option Table entries
SMOKE Mat=seqaijcusparse Vec=seqcuda KSP=gmres PC=jacobi reason=2 iterations=21 relative_residual=3.1767506586176323e-13 error_inf=1.2652101588628284e-12
