-----------------------------------------------------------------------------------
 Eq      N-i            T    dB      Ri/R1      Ri/R0       R/Ri    lsIt   dB   %t
-----------------------------------------------------------------------------------
 <PETSC_INITIALIZE>: use linear solver config. from svFSI input.
Mat Object: 1 MPI process
  type: preallocator
  rows=12428, cols=12428, bs=4
Mat Object: 1 MPI process
  type: seqaijcusparse
  rows=12428, cols=12428, bs=4
  total: nonzeros=600272, allocated nonzeros=600272
  total number of mallocs used during MatSetValues calls=0
    not using I-node routines
Vec Object: 1 MPI process
  type: seqcuda
  length=12428, bs=4
Mat Object: 1 MPI process
  type: seqaijcusparse
  rows=12428, cols=12428, bs=4
  total: nonzeros=600272, allocated nonzeros=600272
  total number of mallocs used during MatSetValues calls=0
    not using I-node routines
Mat Object: 1 MPI process
  type: seqaijcusparse
  rows=12428, cols=12428, bs=4
  total: nonzeros=600272, allocated nonzeros=600272
  total number of mallocs used during MatSetValues calls=0
    not using I-node routines
Mat Object: 1 MPI process
  type: seqaijcusparse
  rows=12428, cols=12428, bs=4
  total: nonzeros=600272, allocated nonzeros=600272
  total number of mallocs used during MatSetValues calls=0
    not using I-node routines
  0 KSP unpreconditioned resid norm 5.126040811758e+01 true resid norm 5.126040811758e+01 ||r(i)||/||b|| 1.000000000000e+00
  1 KSP unpreconditioned resid norm 3.014985311490e+01 true resid norm 3.014985311490e+01 ||r(i)||/||b|| 5.881703681669e-01
  2 KSP unpreconditioned resid norm 2.250701597095e+01 true resid norm 2.250701597095e+01 ||r(i)||/||b|| 4.390721181798e-01
  3 KSP unpreconditioned resid norm 2.007048003240e+01 true resid norm 2.007048003240e+01 ||r(i)||/||b|| 3.915396066758e-01
  4 KSP unpreconditioned resid norm 1.749330333261e+01 true resid norm 1.749330333261e+01 ||r(i)||/||b|| 3.412634423917e-01
  5 KSP unpreconditioned resid norm 1.591655663224e+01 true resid norm 1.591655663224e+01 ||r(i)||/||b|| 3.105038999246e-01
  6 KSP unpreconditioned resid norm 1.443206240737e+01 true resid norm 1.443206240737e+01 ||r(i)||/||b|| 2.815440402710e-01
  7 KSP unpreconditioned resid norm 1.084253872995e+01 true resid norm 1.084253872995e+01 ||r(i)||/||b|| 2.115187749788e-01
  8 KSP unpreconditioned resid norm 3.243727040160e+00 true resid norm 3.243727040160e+00 ||r(i)||/||b|| 6.327938382231e-02
  9 KSP unpreconditioned resid norm 3.848037365658e-01 true resid norm 3.848037365658e-01 ||r(i)||/||b|| 7.506841063050e-03
 10 KSP unpreconditioned resid norm 4.088510372034e-02 true resid norm 4.088510372029e-02 ||r(i)||/||b|| 7.975961413829e-04
 11 KSP unpreconditioned resid norm 6.169742921943e-03 true resid norm 6.169742921914e-03 ||r(i)||/||b|| 1.203607842482e-04
 12 KSP unpreconditioned resid norm 9.291480161686e-04 true resid norm 9.291480161931e-04 ||r(i)||/||b|| 1.812603625905e-05
 13 KSP unpreconditioned resid norm 1.153678222157e-04 true resid norm 1.153678221169e-04 ||r(i)||/||b|| 2.250622387794e-06
 14 KSP unpreconditioned resid norm 1.713700989539e-05 true resid norm 1.713700988987e-05 ||r(i)||/||b|| 3.343127867917e-07
 15 KSP unpreconditioned resid norm 2.156367587698e-06 true resid norm 2.156367337762e-06 ||r(i)||/||b|| 4.206691707985e-08
 16 KSP unpreconditioned resid norm 3.192608702713e-07 true resid norm 3.192609452320e-07 ||r(i)||/||b|| 6.228216999359e-09
 17 KSP unpreconditioned resid norm 3.763422240680e-08 true resid norm 3.763415999952e-08 ||r(i)||/||b|| 7.341759728717e-10
 18 KSP unpreconditioned resid norm 5.036790697253e-09 true resid norm 5.036872806985e-09 ||r(i)||/||b|| 9.826048976106e-11
Linear solve converged due to CONVERGED_RTOL iterations 18
Mat Object: 1 MPI process
  type: seqaijcusparse
  rows=12428, cols=12428, bs=4
  total: nonzeros=600272, allocated nonzeros=600272
  total number of mallocs used during MatSetValues calls=0
    not using I-node routines
Vec Object: 1 MPI process
  type: seqcuda
  length=12428, bs=4
Vec Object: 1 MPI process
  type: seqcuda
  length=12428, bs=4
KSP Object: 1 MPI process
  type: gmres
    restart=100, using Classical (unmodified) Gram-Schmidt Orthogonalization with no iterative refinement
    happy breakdown tolerance 1e-30
  maximum iterations=2000, initial guess is zero
  tolerances:  relative=1e-10, absolute=1e-24, divergence=10000.
  right preconditioning
  diagonally scaled system
  using UNPRECONDITIONED norm type for convergence test
PC Object: 1 MPI process
  type: asm
    total subdomain blocks = 1, amount of overlap = 2
    restriction/interpolation type - RESTRICT
    Local solver information for first block is in the following KSP and PC objects on rank 0:
    Use -ksp_view ::ascii_info_detail to display information for all blocks
  KSP Object: (sub_) 1 MPI process
    type: preonly
    maximum iterations=10000, initial guess is zero
    tolerances:  relative=1e-05, absolute=1e-50, divergence=10000.
    left preconditioning
    using NONE norm type for convergence test
  PC Object: (sub_) 1 MPI process
    type: ilu
      out-of-place factorization
      2 levels of fill
      tolerance for zero pivot 2.22045e-14
      matrix ordering: natural
      factor fill ratio given 1., needed 3.47264
        Factored matrix follows:
          Mat Object: (sub_) 1 MPI process
            type: seqaijcusparse
            rows=12428, cols=12428, bs=4
            package used to perform factorization: cusparse
            total: nonzeros=2084528, allocated nonzeros=2084528
              using I-node routines: found 3107 nodes, limit used is 5
    linear system matrix = precond matrix:
    Mat Object: (sub_) 1 MPI process
      type: seqaijcusparse
      rows=12428, cols=12428, bs=4
      total: nonzeros=600272, allocated nonzeros=600272
      total number of mallocs used during MatSetValues calls=0
        not using I-node routines
  linear system matrix = precond matrix:
  Mat Object: 1 MPI process
    type: seqaijcusparse
    rows=12428, cols=12428, bs=4
    total: nonzeros=600272, allocated nonzeros=600272
    total number of mallocs used during MatSetValues calls=0
      not using I-node routines
 NS      1-1    6.210e-01 [   0  1.000e+00  1.000e+00  9.826e-11] [   18 -230   56]
Vec Object: 1 MPI process
  type: seqcuda
  length=12428, bs=4
Mat Object: 1 MPI process
  type: seqaijcusparse
  rows=12428, cols=12428, bs=4
  total: nonzeros=600272, allocated nonzeros=600272
  total number of mallocs used during MatSetValues calls=0
    not using I-node routines
Mat Object: 1 MPI process
  type: seqaijcusparse
  rows=12428, cols=12428, bs=4
  total: nonzeros=600272, allocated nonzeros=600272
  total number of mallocs used during MatSetValues calls=0
    not using I-node routines
  0 KSP unpreconditioned resid norm 1.320404265983e-02 true resid norm 1.320404265983e-02 ||r(i)||/||b|| 1.000000000000e+00
  1 KSP unpreconditioned resid norm 3.735542502353e-04 true resid norm 3.735542502353e-04 ||r(i)||/||b|| 2.829089998109e-02
  2 KSP unpreconditioned resid norm 1.573787515757e-04 true resid norm 1.573787515757e-04 ||r(i)||/||b|| 1.191898236246e-02
  3 KSP unpreconditioned resid norm 9.628806500588e-05 true resid norm 9.628806500588e-05 ||r(i)||/||b|| 7.292317018846e-03
  4 KSP unpreconditioned resid norm 6.479342594376e-05 true resid norm 6.479342594376e-05 ||r(i)||/||b|| 4.907090018791e-03
  5 KSP unpreconditioned resid norm 4.349955743086e-05 true resid norm 4.349955743086e-05 ||r(i)||/||b|| 3.294412063904e-03
  6 KSP unpreconditioned resid norm 3.527323219156e-05 true resid norm 3.527323219156e-05 ||r(i)||/||b|| 2.671396412469e-03
  7 KSP unpreconditioned resid norm 3.041245222632e-05 true resid norm 3.041245222632e-05 ||r(i)||/||b|| 2.303268249718e-03
  8 KSP unpreconditioned resid norm 2.781363397208e-05 true resid norm 2.781363397208e-05 ||r(i)||/||b|| 2.106448357418e-03
  9 KSP unpreconditioned resid norm 1.101281509142e-05 true resid norm 1.101281509142e-05 ||r(i)||/||b|| 8.340487360681e-04
 10 KSP unpreconditioned resid norm 1.486101342062e-06 true resid norm 1.486101342063e-06 ||r(i)||/||b|| 1.125489655213e-04
 11 KSP unpreconditioned resid norm 1.564945998967e-07 true resid norm 1.564945998964e-07 ||r(i)||/||b|| 1.185202168215e-05
 12 KSP unpreconditioned resid norm 2.507173428648e-08 true resid norm 2.507173428677e-08 ||r(i)||/||b|| 1.898792281476e-06
 13 KSP unpreconditioned resid norm 3.458212289468e-09 true resid norm 3.458212289339e-09 ||r(i)||/||b|| 2.619055677440e-07
 14 KSP unpreconditioned resid norm 4.954207939420e-10 true resid norm 4.954207942110e-10 ||r(i)||/||b|| 3.752038727639e-08
 15 KSP unpreconditioned resid norm 7.766272584146e-11 true resid norm 7.766272618385e-11 ||r(i)||/||b|| 5.881738508775e-09
 16 KSP unpreconditioned resid norm 1.052191067114e-11 true resid norm 1.052191063172e-11 ||r(i)||/||b|| 7.968703905910e-10
 17 KSP unpreconditioned resid norm 1.338647927314e-12 true resid norm 1.338648289302e-12 ||r(i)||/||b|| 1.013816998164e-10
 18 KSP unpreconditioned resid norm 1.164927181638e-13 true resid norm 1.164928176863e-13 ||r(i)||/||b|| 8.822511460122e-12
Linear solve converged due to CONVERGED_RTOL iterations 18
Mat Object: 1 MPI process
  type: seqaijcusparse
  rows=12428, cols=12428, bs=4
  total: nonzeros=600272, allocated nonzeros=600272
  total number of mallocs used during MatSetValues calls=0
    not using I-node routines
Vec Object: 1 MPI process
  type: seqcuda
  length=12428, bs=4
Vec Object: 1 MPI process
  type: seqcuda
  length=12428, bs=4
KSP Object: 1 MPI process
  type: gmres
    restart=100, using Classical (unmodified) Gram-Schmidt Orthogonalization with no iterative refinement
    happy breakdown tolerance 1e-30
  maximum iterations=2000, initial guess is zero
  tolerances:  relative=1e-10, absolute=1e-24, divergence=10000.
  right preconditioning
  diagonally scaled system
  using UNPRECONDITIONED norm type for convergence test
PC Object: 1 MPI process
  type: asm
    total subdomain blocks = 1, amount of overlap = 2
    restriction/interpolation type - RESTRICT
    Local solver information for first block is in the following KSP and PC objects on rank 0:
    Use -ksp_view ::ascii_info_detail to display information for all blocks
  KSP Object: (sub_) 1 MPI process
    type: preonly
    maximum iterations=10000, initial guess is zero
    tolerances:  relative=1e-05, absolute=1e-50, divergence=10000.
    left preconditioning
    using NONE norm type for convergence test
  PC Object: (sub_) 1 MPI process
    type: ilu
      out-of-place factorization
      2 levels of fill
      tolerance for zero pivot 2.22045e-14
      matrix ordering: natural
      factor fill ratio given 1., needed 3.47264
        Factored matrix follows:
          Mat Object: (sub_) 1 MPI process
            type: seqaijcusparse
            rows=12428, cols=12428, bs=4
            package used to perform factorization: cusparse
            total: nonzeros=2084528, allocated nonzeros=2084528
              using I-node routines: found 3107 nodes, limit used is 5
    linear system matrix = precond matrix:
    Mat Object: (sub_) 1 MPI process
      type: seqaijcusparse
      rows=12428, cols=12428, bs=4
      total: nonzeros=600272, allocated nonzeros=600272
      total number of mallocs used during MatSetValues calls=0
        not using I-node routines
  linear system matrix = precond matrix:
  Mat Object: 1 MPI process
    type: seqaijcusparse
    rows=12428, cols=12428, bs=4
    total: nonzeros=600272, allocated nonzeros=600272
    total number of mallocs used during MatSetValues calls=0
      not using I-node routines
 NS      1-2    8.593e-01 [ -71  2.576e-04  2.576e-04  8.823e-12] [   18 -255   71]
Vec Object: 1 MPI process
  type: seqcuda
  length=12428, bs=4
Mat Object: 1 MPI process
  type: seqaijcusparse
  rows=12428, cols=12428, bs=4
  total: nonzeros=600272, allocated nonzeros=600272
  total number of mallocs used during MatSetValues calls=0
    not using I-node routines
Mat Object: 1 MPI process
  type: seqaijcusparse
  rows=12428, cols=12428, bs=4
  total: nonzeros=600272, allocated nonzeros=600272
  total number of mallocs used during MatSetValues calls=0
    not using I-node routines
  0 KSP unpreconditioned resid norm 1.013409486098e-06 true resid norm 1.013409486098e-06 ||r(i)||/||b|| 1.000000000000e+00
  1 KSP unpreconditioned resid norm 1.695018568238e-08 true resid norm 1.695018568238e-08 ||r(i)||/||b|| 1.672589995939e-02
  2 KSP unpreconditioned resid norm 7.000255140335e-09 true resid norm 7.000255140335e-09 ||r(i)||/||b|| 6.907627406653e-03
  3 KSP unpreconditioned resid norm 4.120420529079e-09 true resid norm 4.120420529079e-09 ||r(i)||/||b|| 4.065898914113e-03
  4 KSP unpreconditioned resid norm 2.965025091890e-09 true resid norm 2.965025091890e-09 ||r(i)||/||b|| 2.925791728382e-03
  5 KSP unpreconditioned resid norm 1.953412266417e-09 true resid norm 1.953412266417e-09 ||r(i)||/||b|| 1.927564615502e-03
  6 KSP unpreconditioned resid norm 1.589575049087e-09 true resid norm 1.589575049087e-09 ||r(i)||/||b|| 1.568541710821e-03
  7 KSP unpreconditioned resid norm 1.426774730029e-09 true resid norm 1.426774730029e-09 ||r(i)||/||b|| 1.407895573903e-03
  8 KSP unpreconditioned resid norm 1.244896890778e-09 true resid norm 1.244896890778e-09 ||r(i)||/||b|| 1.228424351513e-03
  9 KSP unpreconditioned resid norm 3.948204973237e-10 true resid norm 3.948204973237e-10 ||r(i)||/||b|| 3.895962123304e-04
 10 KSP unpreconditioned resid norm 6.293228505968e-11 true resid norm 6.293228505969e-11 ||r(i)||/||b|| 6.209956184837e-05
 11 KSP unpreconditioned resid norm 6.779490272318e-12 true resid norm 6.779490272305e-12 ||r(i)||/||b|| 6.689783710636e-06
 12 KSP unpreconditioned resid norm 1.007782171623e-12 true resid norm 1.007782171633e-12 ||r(i)||/||b|| 9.944471464474e-07
 13 KSP unpreconditioned resid norm 1.282712364957e-13 true resid norm 1.282712364900e-13 ||r(i)||/||b|| 1.265739449350e-07
 14 KSP unpreconditioned resid norm 1.696465818256e-14 true resid norm 1.696465818564e-14 ||r(i)||/||b|| 1.674018096175e-08
 15 KSP unpreconditioned resid norm 3.001270328591e-15 true resid norm 3.001270349431e-15 ||r(i)||/||b|| 2.961557386823e-09
 16 KSP unpreconditioned resid norm 3.506460998252e-16 true resid norm 3.506460969107e-16 ||r(i)||/||b|| 3.460063298407e-10
 17 KSP unpreconditioned resid norm 4.451980682244e-17 true resid norm 4.451981753076e-17 ||r(i)||/||b|| 4.393072903053e-11
Linear solve converged due to CONVERGED_RTOL iterations 17
Mat Object: 1 MPI process
  type: seqaijcusparse
  rows=12428, cols=12428, bs=4
  total: nonzeros=600272, allocated nonzeros=600272
  total number of mallocs used during MatSetValues calls=0
    not using I-node routines
Vec Object: 1 MPI process
  type: seqcuda
  length=12428, bs=4
Vec Object: 1 MPI process
  type: seqcuda
  length=12428, bs=4
KSP Object: 1 MPI process
  type: gmres
    restart=100, using Classical (unmodified) Gram-Schmidt Orthogonalization with no iterative refinement
    happy breakdown tolerance 1e-30
  maximum iterations=2000, initial guess is zero
  tolerances:  relative=1e-10, absolute=1e-24, divergence=10000.
  right preconditioning
  diagonally scaled system
  using UNPRECONDITIONED norm type for convergence test
PC Object: 1 MPI process
  type: asm
    total subdomain blocks = 1, amount of overlap = 2
    restriction/interpolation type - RESTRICT
    Local solver information for first block is in the following KSP and PC objects on rank 0:
    Use -ksp_view ::ascii_info_detail to display information for all blocks
  KSP Object: (sub_) 1 MPI process
    type: preonly
    maximum iterations=10000, initial guess is zero
    tolerances:  relative=1e-05, absolute=1e-50, divergence=10000.
    left preconditioning
    using NONE norm type for convergence test
  PC Object: (sub_) 1 MPI process
    type: ilu
      out-of-place factorization
      2 levels of fill
      tolerance for zero pivot 2.22045e-14
      matrix ordering: natural
      factor fill ratio given 1., needed 3.47264
        Factored matrix follows:
          Mat Object: (sub_) 1 MPI process
            type: seqaijcusparse
            rows=12428, cols=12428, bs=4
            package used to perform factorization: cusparse
            total: nonzeros=2084528, allocated nonzeros=2084528
              using I-node routines: found 3107 nodes, limit used is 5
    linear system matrix = precond matrix:
    Mat Object: (sub_) 1 MPI process
      type: seqaijcusparse
      rows=12428, cols=12428, bs=4
      total: nonzeros=600272, allocated nonzeros=600272
      total number of mallocs used during MatSetValues calls=0
        not using I-node routines
  linear system matrix = precond matrix:
  Mat Object: 1 MPI process
    type: seqaijcusparse
    rows=12428, cols=12428, bs=4
    total: nonzeros=600272, allocated nonzeros=600272
    total number of mallocs used during MatSetValues calls=0
      not using I-node routines
 NS      1-3    1.079e+00 [-154  1.977e-08  1.977e-08  4.393e-11] [   17 -238   70]
Vec Object: 1 MPI process
  type: seqcuda
  length=12428, bs=4
Mat Object: 1 MPI process
  type: seqaijcusparse
  rows=12428, cols=12428, bs=4
  total: nonzeros=600272, allocated nonzeros=600272
  total number of mallocs used during MatSetValues calls=0
    not using I-node routines
Mat Object: 1 MPI process
  type: seqaijcusparse
  rows=12428, cols=12428, bs=4
  total: nonzeros=600272, allocated nonzeros=600272
  total number of mallocs used during MatSetValues calls=0
    not using I-node routines
  0 KSP unpreconditioned resid norm 5.367187336872e-11 true resid norm 5.367187336872e-11 ||r(i)||/||b|| 1.000000000000e+00
  1 KSP unpreconditioned resid norm 8.401874613512e-13 true resid norm 8.401874613512e-13 ||r(i)||/||b|| 1.565414822731e-02
  2 KSP unpreconditioned resid norm 3.127164534136e-13 true resid norm 3.127164534136e-13 ||r(i)||/||b|| 5.826449381881e-03
  3 KSP unpreconditioned resid norm 1.539921849758e-13 true resid norm 1.539921849758e-13 ||r(i)||/||b|| 2.869141233769e-03
  4 KSP unpreconditioned resid norm 1.067657086614e-13 true resid norm 1.067657086614e-13 ||r(i)||/||b|| 1.989230149056e-03
  5 KSP unpreconditioned resid norm 9.260904325129e-14 true resid norm 9.260904325129e-14 ||r(i)||/||b|| 1.725466942715e-03
  6 KSP unpreconditioned resid norm 8.157453374548e-14 true resid norm 8.157453374548e-14 ||r(i)||/||b|| 1.519874910739e-03
  7 KSP unpreconditioned resid norm 6.848778949694e-14 true resid norm 6.848778949693e-14 ||r(i)||/||b|| 1.276046189527e-03
  8 KSP unpreconditioned resid norm 6.145721161206e-14 true resid norm 6.145721161206e-14 ||r(i)||/||b|| 1.145054341402e-03
  9 KSP unpreconditioned resid norm 3.156490018556e-14 true resid norm 3.156490018556e-14 ||r(i)||/||b|| 5.881087840685e-04
 10 KSP unpreconditioned resid norm 5.350655034645e-15 true resid norm 5.350655034644e-15 ||r(i)||/||b|| 9.969197456340e-05
 11 KSP unpreconditioned resid norm 5.319245952398e-16 true resid norm 5.319245952399e-16 ||r(i)||/||b|| 9.910676893754e-06
 12 KSP unpreconditioned resid norm 8.779675987178e-17 true resid norm 8.779675987192e-17 ||r(i)||/||b|| 1.635805764944e-06
 13 KSP unpreconditioned resid norm 1.140642687378e-17 true resid norm 1.140642687396e-17 ||r(i)||/||b|| 2.125214969784e-07
 14 KSP unpreconditioned resid norm 1.584868325194e-18 true resid norm 1.584868325477e-18 ||r(i)||/||b|| 2.952884306067e-08
 15 KSP unpreconditioned resid norm 2.597265272867e-19 true resid norm 2.597265269885e-19 ||r(i)||/||b|| 4.839155235074e-09
 16 KSP unpreconditioned resid norm 3.276912416767e-20 true resid norm 3.276912456059e-20 ||r(i)||/||b|| 6.105455707772e-10
 17 KSP unpreconditioned resid norm 3.775113749530e-21 true resid norm 3.775113230897e-21 ||r(i)||/||b|| 7.033690076295e-11
Linear solve converged due to CONVERGED_RTOL iterations 17
Mat Object: 1 MPI process
  type: seqaijcusparse
  rows=12428, cols=12428, bs=4
  total: nonzeros=600272, allocated nonzeros=600272
  total number of mallocs used during MatSetValues calls=0
    not using I-node routines
Vec Object: 1 MPI process
  type: seqcuda
  length=12428, bs=4
Vec Object: 1 MPI process
  type: seqcuda
  length=12428, bs=4
KSP Object: 1 MPI process
  type: gmres
    restart=100, using Classical (unmodified) Gram-Schmidt Orthogonalization with no iterative refinement
    happy breakdown tolerance 1e-30
  maximum iterations=2000, initial guess is zero
  tolerances:  relative=1e-10, absolute=1e-24, divergence=10000.
  right preconditioning
  diagonally scaled system
  using UNPRECONDITIONED norm type for convergence test
PC Object: 1 MPI process
  type: asm
    total subdomain blocks = 1, amount of overlap = 2
    restriction/interpolation type - RESTRICT
    Local solver information for first block is in the following KSP and PC objects on rank 0:
    Use -ksp_view ::ascii_info_detail to display information for all blocks
  KSP Object: (sub_) 1 MPI process
    type: preonly
    maximum iterations=10000, initial guess is zero
    tolerances:  relative=1e-05, absolute=1e-50, divergence=10000.
    left preconditioning
    using NONE norm type for convergence test
  PC Object: (sub_) 1 MPI process
    type: ilu
      out-of-place factorization
      2 levels of fill
      tolerance for zero pivot 2.22045e-14
      matrix ordering: natural
      factor fill ratio given 1., needed 3.47264
        Factored matrix follows:
          Mat Object: (sub_) 1 MPI process
            type: seqaijcusparse
            rows=12428, cols=12428, bs=4
            package used to perform factorization: cusparse
            total: nonzeros=2084528, allocated nonzeros=2084528
              using I-node routines: found 3107 nodes, limit used is 5
    linear system matrix = precond matrix:
    Mat Object: (sub_) 1 MPI process
      type: seqaijcusparse
      rows=12428, cols=12428, bs=4
      total: nonzeros=600272, allocated nonzeros=600272
      total number of mallocs used during MatSetValues calls=0
        not using I-node routines
  linear system matrix = precond matrix:
  Mat Object: 1 MPI process
    type: seqaijcusparse
    rows=12428, cols=12428, bs=4
    total: nonzeros=600272, allocated nonzeros=600272
    total number of mallocs used during MatSetValues calls=0
      not using I-node routines
 NS      1-4s   1.301e+00 [-239  1.047e-12  1.047e-12  7.034e-11] [   17 -234   71]
*** The MPI_Comm_rank() function was called after MPI_FINALIZE was invoked.
*** This is disallowed by the MPI standard.
*** Your MPI job will now abort.
[f7c62a262077:509198] Local abort after MPI_FINALIZE started completed successfully, but am not able to aggregate error messages, and not able to guarantee that all other processes were killed!
--------------------------------------------------------------------------
Primary job  terminated normally, but 1 process returned
a non-zero exit code. Per user-direction, the job has been aborted.
--------------------------------------------------------------------------
--------------------------------------------------------------------------
mpiexec detected that one or more processes exited with non-zero status, thus causing
the job to be terminated. The first process to do so was:

  Process name: [[3138,1],0]
  Exit code:    1
--------------------------------------------------------------------------
