	linux-vdso.so.1 (0x00007ffd093f6000)
	liblapack.so.3 => /usr/lib/x86_64-linux-gnu/liblapack.so.3 (0x00007f5c85559000)
	libblas.so.3 => /usr/lib/x86_64-linux-gnu/libblas.so.3 (0x00007f5c854b2000)
	libm.so.6 => /usr/lib/x86_64-linux-gnu/libm.so.6 (0x00007f5c853c9000)
	libcudart.so.12 => /workspace/formal_3D_flow_solver_FEM_SimVascular_lzy/sv1_3j/external/compat_cuda/cuda-12.3.2/lib64/libcudart.so.12 (0x00007f5c85000000)
	libcublas.so.12 => /workspace/formal_3D_flow_solver_FEM_SimVascular_lzy/sv1_3j/external/compat_cuda/cuda-12.3.2/lib64/libcublas.so.12 (0x00007f5c7e800000)
	libcusparse.so.12 => /workspace/formal_3D_flow_solver_FEM_SimVascular_lzy/sv1_3j/external/compat_cuda/cuda-12.3.2/lib64/libcusparse.so.12 (0x00007f5c6e600000)
	libcusolver.so.11 => /workspace/formal_3D_flow_solver_FEM_SimVascular_lzy/sv1_3j/external/compat_cuda/cuda-12.3.2/lib64/libcusolver.so.11 (0x00007f5c67400000)
	libcurand.so.10 => /workspace/formal_3D_flow_solver_FEM_SimVascular_lzy/sv1_3j/external/compat_cuda/cuda-12.3.2/lib64/libcurand.so.10 (0x00007f5c60e00000)
	libnvToolsExt.so.1 => /workspace/formal_3D_flow_solver_FEM_SimVascular_lzy/sv1_3j/external/compat_cuda/cuda-12.3.2/lib64/libnvToolsExt.so.1 (0x00007f5c60a00000)
	libstdc++.so.6 => /usr/lib/x86_64-linux-gnu/libstdc++.so.6 (0x00007f5c60782000)
	libmpi.so.40 => /workspace/formal_3D_flow_solver_FEM_SimVascular_lzy/sv1_3l/external/gpu_mpi_fortran/lib/libmpi.so.40 (0x00007f5c6e4be000)
	libgcc_s.so.1 => /usr/lib/x86_64-linux-gnu/libgcc_s.so.1 (0x00007f5c85397000)
	libc.so.6 => /usr/lib/x86_64-linux-gnu/libc.so.6 (0x00007f5c6056f000)
	/lib64/ld-linux-x86-64.so.2 (0x00007f5c879c2000)
	libgfortran.so.5 => /usr/lib/x86_64-linux-gnu/libgfortran.so.5 (0x00007f5c60251000)
	libdl.so.2 => /usr/lib/x86_64-linux-gnu/libdl.so.2 (0x00007f5c85390000)
	libpthread.so.0 => /usr/lib/x86_64-linux-gnu/libpthread.so.0 (0x00007f5c8538b000)
	librt.so.1 => /usr/lib/x86_64-linux-gnu/librt.so.1 (0x00007f5c85386000)
	libcublasLt.so.12 => /workspace/formal_3D_flow_solver_FEM_SimVascular_lzy/sv1_3j/external/compat_cuda/cuda-12.3.2/lib64/libcublasLt.so.12 (0x00007f5c3da00000)
	libnvJitLink.so.12 => /workspace/formal_3D_flow_solver_FEM_SimVascular_lzy/sv1_3j/external/compat_cuda/cuda-12.3.2/lib64/libnvJitLink.so.12 (0x00007f5c3a400000)
	libopen-rte.so.40 => /workspace/formal_3D_flow_solver_FEM_SimVascular_lzy/sv1_3l/external/gpu_mpi_fortran/lib/libopen-rte.so.40 (0x00007f5c852c6000)
	libopen-pal.so.40 => /workspace/formal_3D_flow_solver_FEM_SimVascular_lzy/sv1_3l/external/gpu_mpi_fortran/lib/libopen-pal.so.40 (0x00007f5c7e6ea000)
	libz.so.1 => /usr/lib/x86_64-linux-gnu/libz.so.1 (0x00007f5c84fe4000)
