	linux-vdso.so.1 (0x00007ffd7efe0000)
	liblapack.so.3 => /usr/lib/x86_64-linux-gnu/liblapack.so.3 (0x00007fb5664da000)
	libvtkIOXML-9.3.so.1 => /workspace/formal_3D_flow_solver_FEM_SimVascular_lzy/sv1_3m/external/solver-inputs/vtk/lib/libvtkIOXML-9.3.so.1 (0x00007fb5663b3000)
	libpetsc.so.3.19 => /workspace/formal_3D_flow_solver_FEM_SimVascular_lzy/sv1_3m/external/compat_cuda/petsc-cuda123-ghostfix-repair_03/lib/libpetsc.so.3.19 (0x00007fb564645000)
	libmpi.so.40 => /workspace/formal_3D_flow_solver_FEM_SimVascular_lzy/sv1_3l/external/gpu_mpi_fortran/lib/libmpi.so.40 (0x00007fb564503000)
	libvtkCommonDataModel-9.3.so.1 => /workspace/formal_3D_flow_solver_FEM_SimVascular_lzy/sv1_3m/external/solver-inputs/vtk/lib/libvtkCommonDataModel-9.3.so.1 (0x00007fb563f56000)
	libvtkCommonMisc-9.3.so.1 => /workspace/formal_3D_flow_solver_FEM_SimVascular_lzy/sv1_3m/external/solver-inputs/vtk/lib/libvtkCommonMisc-9.3.so.1 (0x00007fb563b37000)
	libvtkCommonCore-9.3.so.1 => /workspace/formal_3D_flow_solver_FEM_SimVascular_lzy/sv1_3m/external/solver-inputs/vtk/lib/libvtkCommonCore-9.3.so.1 (0x00007fb56254f000)
	libvtksys-9.3.so.1 => /workspace/formal_3D_flow_solver_FEM_SimVascular_lzy/sv1_3m/external/solver-inputs/vtk/lib/libvtksys-9.3.so.1 (0x00007fb5624f7000)
	libstdc++.so.6 => /usr/lib/x86_64-linux-gnu/libstdc++.so.6 (0x00007fb562279000)
	libm.so.6 => /usr/lib/x86_64-linux-gnu/libm.so.6 (0x00007fb56218e000)
	libgcc_s.so.1 => /usr/lib/x86_64-linux-gnu/libgcc_s.so.1 (0x00007fb562160000)
	libc.so.6 => /usr/lib/x86_64-linux-gnu/libc.so.6 (0x00007fb561f4d000)
	libblas.so.3 => /usr/lib/x86_64-linux-gnu/libblas.so.3 (0x00007fb561ea6000)
	libgfortran.so.5 => /usr/lib/x86_64-linux-gnu/libgfortran.so.5 (0x00007fb561b88000)
	libvtkIOXMLParser-9.3.so.1 => /workspace/formal_3D_flow_solver_FEM_SimVascular_lzy/sv1_3m/external/solver-inputs/vtk/lib/libvtkIOXMLParser-9.3.so.1 (0x00007fb561b6c000)
	libvtkIOCore-9.3.so.1 => /workspace/formal_3D_flow_solver_FEM_SimVascular_lzy/sv1_3m/external/solver-inputs/vtk/lib/libvtkIOCore-9.3.so.1 (0x00007fb561ae0000)
	libvtkCommonExecutionModel-9.3.so.1 => /workspace/formal_3D_flow_solver_FEM_SimVascular_lzy/sv1_3m/external/solver-inputs/vtk/lib/libvtkCommonExecutionModel-9.3.so.1 (0x00007fb5619dd000)
	libvtkCommonSystem-9.3.so.1 => /workspace/formal_3D_flow_solver_FEM_SimVascular_lzy/sv1_3m/external/solver-inputs/vtk/lib/libvtkCommonSystem-9.3.so.1 (0x00007fb5619bf000)
	libcudart.so.12 => /workspace/formal_3D_flow_solver_FEM_SimVascular_lzy/sv1_3j/external/compat_cuda/cuda-12.3.2/lib64/libcudart.so.12 (0x00007fb561600000)
	libcublas.so.12 => /workspace/formal_3D_flow_solver_FEM_SimVascular_lzy/sv1_3j/external/compat_cuda/cuda-12.3.2/lib64/libcublas.so.12 (0x00007fb55ae00000)
	libcusparse.so.12 => /workspace/formal_3D_flow_solver_FEM_SimVascular_lzy/sv1_3j/external/compat_cuda/cuda-12.3.2/lib64/libcusparse.so.12 (0x00007fb54ac00000)
	libcusolver.so.11 => /workspace/formal_3D_flow_solver_FEM_SimVascular_lzy/sv1_3j/external/compat_cuda/cuda-12.3.2/lib64/libcusolver.so.11 (0x00007fb543a00000)
	libcurand.so.10 => /workspace/formal_3D_flow_solver_FEM_SimVascular_lzy/sv1_3j/external/compat_cuda/cuda-12.3.2/lib64/libcurand.so.10 (0x00007fb53d400000)
	libnvToolsExt.so.1 => /workspace/formal_3D_flow_solver_FEM_SimVascular_lzy/sv1_3j/external/compat_cuda/cuda-12.3.2/lib64/libnvToolsExt.so.1 (0x00007fb53d000000)
	/lib64/ld-linux-x86-64.so.2 (0x00007fb567101000)
	libopen-rte.so.40 => /workspace/formal_3D_flow_solver_FEM_SimVascular_lzy/sv1_3l/external/gpu_mpi_fortran/lib/libopen-rte.so.40 (0x00007fb5618fd000)
	libopen-pal.so.40 => /workspace/formal_3D_flow_solver_FEM_SimVascular_lzy/sv1_3l/external/gpu_mpi_fortran/lib/libopen-pal.so.40 (0x00007fb55acea000)
	libvtkCommonTransforms-9.3.so.1 => /workspace/formal_3D_flow_solver_FEM_SimVascular_lzy/sv1_3m/external/solver-inputs/vtk/lib/libvtkCommonTransforms-9.3.so.1 (0x00007fb5618be000)
	libvtkpugixml-9.3.so.1 => /workspace/formal_3D_flow_solver_FEM_SimVascular_lzy/sv1_3m/external/solver-inputs/vtk/lib/libvtkpugixml-9.3.so.1 (0x00007fb54abc3000)
	libvtkCommonMath-9.3.so.1 => /workspace/formal_3D_flow_solver_FEM_SimVascular_lzy/sv1_3m/external/solver-inputs/vtk/lib/libvtkCommonMath-9.3.so.1 (0x00007fb5615d6000)
	libvtkloguru-9.3.so.1 => /workspace/formal_3D_flow_solver_FEM_SimVascular_lzy/sv1_3m/external/solver-inputs/vtk/lib/libvtkloguru-9.3.so.1 (0x00007fb55acd6000)
	libvtkexpat-9.3.so.1 => /workspace/formal_3D_flow_solver_FEM_SimVascular_lzy/sv1_3m/external/solver-inputs/vtk/lib/libvtkexpat-9.3.so.1 (0x00007fb54ab95000)
	libvtkdoubleconversion-9.3.so.1 => /workspace/formal_3D_flow_solver_FEM_SimVascular_lzy/sv1_3m/external/solver-inputs/vtk/lib/libvtkdoubleconversion-9.3.so.1 (0x00007fb54ab83000)
	libvtklz4-9.3.so.1 => /workspace/formal_3D_flow_solver_FEM_SimVascular_lzy/sv1_3m/external/solver-inputs/vtk/lib/libvtklz4-9.3.so.1 (0x00007fb54ab4c000)
	libvtklzma-9.3.so.1 => /workspace/formal_3D_flow_solver_FEM_SimVascular_lzy/sv1_3m/external/solver-inputs/vtk/lib/libvtklzma-9.3.so.1 (0x00007fb54ab1f000)
	libvtkzlib-9.3.so.1 => /workspace/formal_3D_flow_solver_FEM_SimVascular_lzy/sv1_3m/external/solver-inputs/vtk/lib/libvtkzlib-9.3.so.1 (0x00007fb54ab01000)
	libdl.so.2 => /usr/lib/x86_64-linux-gnu/libdl.so.2 (0x00007fb5618b5000)
	libpthread.so.0 => /usr/lib/x86_64-linux-gnu/libpthread.so.0 (0x00007fb5618b0000)
	librt.so.1 => /usr/lib/x86_64-linux-gnu/librt.so.1 (0x00007fb5615d1000)
	libcublasLt.so.12 => /workspace/formal_3D_flow_solver_FEM_SimVascular_lzy/sv1_3j/external/compat_cuda/cuda-12.3.2/lib64/libcublasLt.so.12 (0x00007fb51a600000)
	libnvJitLink.so.12 => /workspace/formal_3D_flow_solver_FEM_SimVascular_lzy/sv1_3j/external/compat_cuda/cuda-12.3.2/lib64/libnvJitLink.so.12 (0x00007fb517000000)
	libz.so.1 => /usr/lib/x86_64-linux-gnu/libz.so.1 (0x00007fb54aae5000)
	libvtkkissfft-9.3.so.1 => /workspace/formal_3D_flow_solver_FEM_SimVascular_lzy/sv1_3m/external/solver-inputs/vtk/lib/libvtkkissfft-9.3.so.1 (0x00007fb5615ca000)
