
Dynamic section at offset 0x520118 contains 39 entries:
  Tag        Type                         Name/Value
 0x0000000000000001 (NEEDED)             Shared library: [liblapack.so.3]
 0x0000000000000001 (NEEDED)             Shared library: [libvtkIOXML-9.3.so.1]
 0x0000000000000001 (NEEDED)             Shared library: [libpetsc.so.3.19]
 0x0000000000000001 (NEEDED)             Shared library: [libmpi.so.40]
 0x0000000000000001 (NEEDED)             Shared library: [libvtkCommonDataModel-9.3.so.1]
 0x0000000000000001 (NEEDED)             Shared library: [libvtkCommonMisc-9.3.so.1]
 0x0000000000000001 (NEEDED)             Shared library: [libvtkCommonCore-9.3.so.1]
 0x0000000000000001 (NEEDED)             Shared library: [libvtksys-9.3.so.1]
 0x0000000000000001 (NEEDED)             Shared library: [libstdc++.so.6]
 0x0000000000000001 (NEEDED)             Shared library: [libm.so.6]
 0x0000000000000001 (NEEDED)             Shared library: [libgcc_s.so.1]
 0x0000000000000001 (NEEDED)             Shared library: [libc.so.6]
 0x000000000000001d (RUNPATH)            Library runpath: [/workspace/formal_3D_flow_solver_FEM_SimVascular_lzy/sv1_3l/external/gpu_mpi_fortran/lib:/workspace/formal_3D_flow_solver_FEM_SimVascular_lzy/sv1_3m/external/solver-inputs/vtk/lib:/workspace/formal_3D_flow_solver_FEM_SimVascular_lzy/sv1_3l/external/gpu_mpi_fortran/lib]
 0x000000000000000c (INIT)               0x14000
 0x000000000000000d (FINI)               0x48bf0c
 0x0000000000000019 (INIT_ARRAY)         0x51c910
 0x000000000000001b (INIT_ARRAYSZ)       832 (bytes)
 0x000000000000001a (FINI_ARRAY)         0x51cc50
 0x000000000000001c (FINI_ARRAYSZ)       8 (bytes)
 0x000000006ffffef5 (GNU_HASH)           0x3e8
 0x0000000000000005 (STRTAB)             0x3390
 0x0000000000000006 (SYMTAB)             0x690
 0x000000000000000a (STRSZ)              12714 (bytes)
 0x000000000000000b (SYMENT)             24 (bytes)
 0x0000000000000015 (DEBUG)              0x0
 0x0000000000000003 (PLTGOT)             0x5203c8
 0x0000000000000002 (PLTRELSZ)           8928 (bytes)
 0x0000000000000014 (PLTREL)             RELA
 0x0000000000000017 (JMPREL)             0x10db8
 0x0000000000000007 (RELA)               0x6b40
 0x0000000000000008 (RELASZ)             41592 (bytes)
 0x0000000000000009 (RELAENT)            24 (bytes)
 0x000000000000001e (FLAGS)              BIND_NOW
 0x000000006ffffffb (FLAGS_1)            Flags: NOW PIE
 0x000000006ffffffe (VERNEED)            0x6900
 0x000000006fffffff (VERNEEDNUM)         4
 0x000000006ffffff0 (VERSYM)             0x653a
 0x000000006ffffff9 (RELACOUNT)          1265
 0x0000000000000000 (NULL)               0x0
