
**************************************************
*                Mirheo v1.6.2                   *
* 8fa67b9aaa7f04c9de2d74a335c9c8c4665068cf       *
**************************************************

开始：1 个 RBC，10000 步；输出目录：/home/lzy/projects/mirheo_starter/runs/rbc_hello_v6OlAZGK
Stats at timestep 1 (simulation time 0.001000):
	One timestep takes 43.12 ms	Number of particles (total, min/proc, max/proc): 33266,  33266,  33266
	Average momentum: [1.193759e-10 -3.758214e-10 6.884833e-10]
	Max velocity magnitude: 1.652028
	Temperature: 0.0556

Stats at timestep 501 (simulation time 0.501000):
	One timestep takes 2.71 ms	Number of particles (total, min/proc, max/proc): 33266,  33266,  33266
	Average momentum: [1.588191e-05 -2.761906e-08 1.639459e-07]
	Max velocity magnitude: 4.871293
	Temperature: 1.0266

Stats at timestep 1001 (simulation time 1.001000):
	One timestep takes 2.59 ms	Number of particles (total, min/proc, max/proc): 33266,  33266,  33266
	Average momentum: [-4.481085e-05 -5.496757e-08 2.212912e-07]
	Max velocity magnitude: 5.001637
	Temperature: 1.0220

Stats at timestep 1501 (simulation time 1.501000):
	One timestep takes 2.44 ms	Number of particles (total, min/proc, max/proc): 33266,  33266,  33266
	Average momentum: [-7.794836e-05 -1.216963e-07 2.911841e-07]
	Max velocity magnitude: 4.910679
	Temperature: 1.0948

Stats at timestep 2001 (simulation time 2.001000):
	One timestep takes 2.63 ms	Number of particles (total, min/proc, max/proc): 33266,  33266,  33266
	Average momentum: [-1.683487e-04 -7.466617e-08 3.400624e-07]
	Max velocity magnitude: 5.081554
	Temperature: 1.0413

Stats at timestep 2501 (simulation time 2.501000):
	One timestep takes 2.78 ms	Number of particles (total, min/proc, max/proc): 33266,  33266,  33266
	Average momentum: [-2.620986e-04 -1.469609e-07 2.479615e-07]
	Max velocity magnitude: 4.938520
	Temperature: 1.0202

Stats at timestep 3001 (simulation time 3.001000):
	One timestep takes 2.86 ms	Number of particles (total, min/proc, max/proc): 33266,  33266,  33266
	Average momentum: [-3.362347e-04 -1.432224e-07 1.898816e-07]
	Max velocity magnitude: 4.890034
	Temperature: 1.0266

Stats at timestep 3501 (simulation time 3.501000):
	One timestep takes 2.97 ms	Number of particles (total, min/proc, max/proc): 33266,  33266,  33266
	Average momentum: [-3.185928e-04 -8.741364e-08 1.182901e-07]
	Max velocity magnitude: 5.084074
	Temperature: 1.0189

Stats at timestep 4001 (simulation time 4.001000):
	One timestep takes 3.19 ms	Number of particles (total, min/proc, max/proc): 33266,  33266,  33266
	Average momentum: [-2.520350e-04 -1.323948e-07 1.287818e-07]
	Max velocity magnitude: 4.946306
	Temperature: 1.1106

Stats at timestep 4501 (simulation time 4.501000):
	One timestep takes 2.78 ms	Number of particles (total, min/proc, max/proc): 33266,  33266,  33266
	Average momentum: [-1.517754e-04 -1.698390e-07 2.303512e-07]
	Max velocity magnitude: 4.831249
	Temperature: 1.0375

Stats at timestep 5001 (simulation time 5.001000):
	One timestep takes 2.76 ms	Number of particles (total, min/proc, max/proc): 33266,  33266,  33266
	Average momentum: [-1.466862e-04 -1.900501e-07 2.294732e-07]
	Max velocity magnitude: 5.189607
	Temperature: 1.0546

Stats at timestep 5501 (simulation time 5.501000):
	One timestep takes 2.87 ms	Number of particles (total, min/proc, max/proc): 33266,  33266,  33266
	Average momentum: [-2.695631e-04 -1.564044e-07 1.855312e-07]
	Max velocity magnitude: 4.886321
	Temperature: 1.0427

Stats at timestep 6001 (simulation time 6.001000):
	One timestep takes 2.95 ms	Number of particles (total, min/proc, max/proc): 33266,  33266,  33266
	Average momentum: [-3.709795e-04 -1.304588e-07 2.064375e-07]
	Max velocity magnitude: 4.579922
	Temperature: 0.9860

Stats at timestep 6501 (simulation time 6.501000):
	One timestep takes 2.75 ms	Number of particles (total, min/proc, max/proc): 33266,  33266,  33266
	Average momentum: [-3.748281e-04 -7.325068e-08 1.545410e-07]
	Max velocity magnitude: 4.970831
	Temperature: 1.0178

Stats at timestep 7001 (simulation time 7.001000):
	One timestep takes 2.93 ms	Number of particles (total, min/proc, max/proc): 33266,  33266,  33266
	Average momentum: [-3.301487e-04 -8.039621e-09 9.421067e-08]
	Max velocity magnitude: 5.701958
	Temperature: 1.0652

Stats at timestep 7501 (simulation time 7.501000):
	One timestep takes 2.84 ms	Number of particles (total, min/proc, max/proc): 33266,  33266,  33266
	Average momentum: [-2.941364e-04 -2.147512e-08 2.754560e-07]
	Max velocity magnitude: 5.033394
	Temperature: 1.0718

Stats at timestep 8001 (simulation time 8.001000):
	One timestep takes 2.80 ms	Number of particles (total, min/proc, max/proc): 33266,  33266,  33266
	Average momentum: [-2.459039e-04 6.383140e-08 3.364717e-07]
	Max velocity magnitude: 4.959095
	Temperature: 1.0799

Stats at timestep 8501 (simulation time 8.501000):
	One timestep takes 2.73 ms	Number of particles (total, min/proc, max/proc): 33266,  33266,  33266
	Average momentum: [-2.347672e-04 1.083055e-07 9.973914e-08]
	Max velocity magnitude: 4.908845
	Temperature: 1.0645

Stats at timestep 9001 (simulation time 9.001000):
	One timestep takes 2.80 ms	Number of particles (total, min/proc, max/proc): 33266,  33266,  33266
	Average momentum: [-2.567449e-04 1.170162e-07 2.517708e-07]
	Max velocity magnitude: 5.509806
	Temperature: 1.1017

Stats at timestep 9501 (simulation time 9.501000):
	One timestep takes 2.82 ms	Number of particles (total, min/proc, max/proc): 33266,  33266,  33266
	Average momentum: [-3.067997e-04 1.529821e-07 8.929050e-08]
	Max velocity magnitude: 5.189800
	Temperature: 1.0494

RBC_HELLO_FINISHED：计算循环结束；这不是物理验证通过标志。
完整结果请在 mpirun 正常退出后查看：/home/lzy/projects/mirheo_starter/runs/rbc_hello_v6OlAZGK
