Directory ownership check passed
.d..t...... logs/stage02/
cd+++++++++ logs/stage02/20260917T202950_017261594_curved_cell_point_validation/
>f+++++++++ logs/stage02/20260917T202950_017261594_curved_cell_point_validation/metadata.json
>f+++++++++ logs/stage02/20260917T202950_017261594_curved_cell_point_validation/stderr.log
>f+++++++++ logs/stage02/20260917T202950_017261594_curved_cell_point_validation/stdout.log
.d..t...... outputs/stage02/cases/pipe_coarse_natural/qc/
>f.st...... outputs/stage02/cases/pipe_coarse_natural/qc/analytic_comparison.json
>f+++++++++ outputs/stage02/cases/pipe_coarse_natural/qc/analytic_initial_convex_hull_sampling.json
.d..t...... outputs/stage02/cases/pipe_coarse_reference/qc/
>f.st...... outputs/stage02/cases/pipe_coarse_reference/qc/analytic_comparison.json
>f+++++++++ outputs/stage02/cases/pipe_coarse_reference/qc/analytic_initial_convex_hull_sampling.json
.d..t...... outputs/stage02/cases/pipe_fine_natural/qc/
>f.st...... outputs/stage02/cases/pipe_fine_natural/qc/analytic_comparison.json
>f+++++++++ outputs/stage02/cases/pipe_fine_natural/qc/analytic_initial_convex_hull_sampling.json
.d..t...... outputs/stage02/cases/pipe_fine_reference/qc/
>f.st...... outputs/stage02/cases/pipe_fine_reference/qc/analytic_comparison.json
>f+++++++++ outputs/stage02/cases/pipe_fine_reference/qc/analytic_initial_convex_hull_sampling.json
.d..t...... outputs/stage02/cases/pipe_medium_natural/qc/
>f.st...... outputs/stage02/cases/pipe_medium_natural/qc/analytic_comparison.json
>f+++++++++ outputs/stage02/cases/pipe_medium_natural/qc/analytic_initial_convex_hull_sampling.json
.d..t...... outputs/stage02/cases/pipe_medium_reference/qc/
>f.st...... outputs/stage02/cases/pipe_medium_reference/qc/analytic_comparison.json
>f+++++++++ outputs/stage02/cases/pipe_medium_reference/qc/analytic_initial_convex_hull_sampling.json
