[localhost:02206] MCW rank 0 bound to socket 0[core 0[hwt 0-1]]: [BB/../../../../../../../../../../..]
[localhost:02206] MCW rank 1 bound to socket 0[core 1[hwt 0-1]]: [../BB/../../../../../../../../../..]
[localhost:02206] MCW rank 2 bound to socket 0[core 2[hwt 0-1]]: [../../BB/../../../../../../../../..]
[localhost:02206] MCW rank 3 bound to socket 0[core 3[hwt 0-1]]: [../../../BB/../../../../../../../..]
[localhost:02212] mca_base_component_repository_open: unable to open mca_btl_openib: librdmacm.so.1: cannot open shared object file: No such file or directory (ignored)
[localhost:02210] mca_base_component_repository_open: unable to open mca_btl_openib: librdmacm.so.1: cannot open shared object file: No such file or directory (ignored)
[localhost:02211] mca_base_component_repository_open: unable to open mca_btl_openib: librdmacm.so.1: cannot open shared object file: No such file or directory (ignored)
[localhost:02213] mca_base_component_repository_open: unable to open mca_btl_openib: librdmacm.so.1: cannot open shared object file: No such file or directory (ignored)
--------------------------------------------------------------------------
WARNING: Linux kernel CMA support was requested via the
btl_vader_single_copy_mechanism MCA variable, but CMA support is
not available due to restrictive ptrace settings.

The vader shared memory BTL will fall back on another single-copy
mechanism if one is available. This may result in lower performance.

  Local host: localhost
--------------------------------------------------------------------------
At line 414 of file /home/lzy/apes-worktrees/musubi_mcclure_adaptive_flux_20260829_1300/tem/source/control/tem_abortCriteria_module.f90 (unit = 25)
Fortran runtime error: Cannot open file '/home/lzy/u3da/tau1_base_20260830/dense_diagnostic_corrected_3117927_8_attempt_1': Is a directory

Error termination. Backtrace:
#0  0x7e5f17ee9ecb in already_open
	at ../../../libgfortran/io/open.c:742
#1  0x63c097a18ebd in ???
#2  0x63c097a1c09c in ???
#3  0x63c097c05670 in ???
#4  0x63c098006292 in ???
#5  0x63c097914d12 in ???
#6  0x63c097913d7e in ???
#7  0x7e5f1762a1c9 in ???
#8  0x7e5f1762a28a in ???
#9  0x63c097913db4 in ???
#10  0xffffffffffffffff in ???
--------------------------------------------------------------------------
Primary job  terminated normally, but 1 process returned
a non-zero exit code. Per user-direction, the job has been aborted.
--------------------------------------------------------------------------
--------------------------------------------------------------------------
mpirun detected that one or more processes exited with non-zero status, thus causing
the job to be terminated. The first process to do so was:

  Process name: [[55313,1],0]
  Exit code:    2
--------------------------------------------------------------------------
[localhost:02206] 3 more processes have sent help message help-btl-vader.txt / cma-permission-denied
[localhost:02206] Set MCA parameter "orte_base_help_aggregate" to 0 to see all help / error messages
