{
  "references": {
    "status": "PASS",
    "timestamp": "2026-09-17T21:34:22.761386+00:00",
    "entries": 43038,
    "modified": [],
    "deleted": [],
    "added": [],
    "per_root": {
      "/home/lzy/projects/ulm_microbubble_traj_gen_2D": {
        "modified": 0,
        "deleted": 0,
        "added": 0
      },
      "/home/lzy/projects/ulm_3D_vascular": {
        "modified": 0,
        "deleted": 0,
        "added": 0
      }
    },
    "baseline_sha256": "18fb0f7dfa614b3a10e737fd89a116bc654543f2dda3bda8943513382d197f0a",
    "final_sha256": "fe78ed8a21a0749d0b30fe5e649909ae32652c3aa28438b6c5e54447c1e0d240",
    "method": "Full Stage 0 SHA256, size, mtime, mode, symlink and directory inventory; atime excluded"
  },
  "history": {
    "status": "PASS",
    "timestamp": "2026-09-17T21:34:23.695713+00:00",
    "file_count": 1414,
    "file_changes": [],
    "existing_source_changes": [],
    "method": "Frozen Stage 0/1/2 reports, outputs, logs and inputs: exact file set, SHA256 and size; all pre-existing fem3d source files including Stage 2 core hash matched; pre-existing user Stage 1 report formatting retained"
  }
}
