 Starting up Musubi with nprocs:            2

 .___  ___.  __    __       _______. __    __  .______    __  
 |   \/   | |  |  |  |     /       ||  |  |  | |   _  \  |  | 
 |  \  /  | |  |  |  |    |   (----`|  |  |  | |  |_)  | |  | 
 |  |\/|  | |  |  |  |     \   \    |  |  |  | |   _  <  |  | 
 |  |  |  | |  `--'  | .----)   |   |  `--'  | |  |_)  | |  | 
 |__|  |__|  \______/  |_______/     \______/  |______/  |_v2.0.0-4-g4e8b27

 (C) 2012 German Research School for Simulation Sciences
 (C) 2013-2020 University Siegen
 (C) 2021 German Aerospace Center (DLR) -
          Institute of Software Methods for Product Virtualization
 
--------------------------------------------------------------------------------
 | INFORMATION ON THE EXECUTABLE
 | Revision of the code in this executable: 81f8c4f13772+
 |
 | Compiled with GFORTRAN in version 13.4.0
 | Using the command /home/lzy/.local/bin/mpif90
 | And the following flags:
 | -O3 -march=native -Wall -Wno-maybe-uninitialized -Werror -Wno-unused-dum
 | my-argument -fmax-stack-var-size=131072 -std=f2008 -pedantic-errors -O3
 | -march=native -Wall -Wno-maybe-uninitialized -Werror
 |
 | Build date: 2026-08-29
--------------------------------------------------------------------------------
--------------------------------------------------------------------------------
 | PRE-PROCESSING SETTINGS:
 | Using AOS (array of structures data layout)
 | Using PULL for streaming
--------------------------------------------------------------------------------

Run at: 2026-08-30 17:48 UTC+02:00

 Loading configuration file: musubi.lua
--------------------------------------------------------------------------------
--------------------------------------------------------------------------------
--------------------------------------------------------------------------------
Loading general parameters:
Using /dev/null as null device.
Will print run time info in the end
(/proc/self/status).
Size of the IO Buffer (MB): 8
Simulation Name: periodic_pipe_force_axis_n20
 Loading convergence for steady state...
 Convergence is a single table
 +-------------------------------------------+
Iterations between trigger checks: 1
  - Min:
  iterations:          200
 
  - Max:
  iterations:         2000
 
  - Interval:
  iterations:           50
 +-------------------------------------------+
  Loading shape kind: all
  Inverted shape:  F
  Number of reductions loaded: 2
  their reduceTypes are:
    average
    l2norm
 loaded convergence with nConditions=2
     Norm : average
     relative error
    nVal : 5
--------------------------------------------------------------------------------
 +-------------------------------------------+
  - Now:
  iterations:            0
  simTime   :    0.0000000000000000     
  wallClock :    4.6159479999999999E-003
 
  - Time Control:
 +-------------------------------------------+
Iterations between trigger checks: 1
  - Min:
  iterations:            0
  simTime   :    0.0000000000000000     
 
  - Max:
  iterations:         2000
 
  - Interval:
  iterations:           50
 +-------------------------------------------+
 
  - Abort Criteria:
  stop_file: stop
  steady_state:  T
 
  - Status:
 +-------------------------------------------+
 Using global alltoall
 Loading communication pattern:
 isend_irecv
Write timings to: tracking/musubi_timing.res
--------------------------------------------------------------------------------
 Loading general solver params: 
 Choosing Control Routine: standard
 Setting SCALING to:diffusive
Solid elements will be removed from BC list
Block size (elements): 576
--------------------------------------------------------------------------------
 No read restart given. Loading mesh file
 Obtaining HEADER of the configured mesh
 Load mesh header from file: mesh/header.lua
 The real bounding cube is...
   min:    1.8616737020874326E-005   1.8616737020874326E-005   1.0728289130673340E-005
   max:    2.1772116176954718E-005   2.1772116176954718E-005   2.9660564067155700E-005
--------------------------------------------------------------------------------
 Load mesh header from file: mesh/header.lua
 The real bounding cube is...
   min:    1.8616737020874326E-005   1.8616737020874326E-005   1.0728289130673340E-005
   max:    2.1772116176954718E-005   2.1772116176954718E-005   2.9660564067155700E-005
 Load mesh from file: mesh/elemlist.lsb
 using one process to read and broadcast
 Done, reading the mesh!
 NO BALANCING!
 Done loading weights.
 Got a mesh with following properties:
                 Mesh name: fluidTree
  Total number of elements: 37920
  Local number of elements: 18960
      Number of properties: 2
      Number of partitions: 2
             Minimum level: 8
             Maximum level: 8
       Bounding Box Origin:     0.0000    0.0000    0.0000
       Bounding Box Length:     0.0000
     Coarsest element size:     0.0000
       Finest element size:     0.0000
  Number of boundary elements: 4800
      Number of qVal elements: 4560
--------------------------------------------------------------------------------
 Load boundary ID from file: mesh/bnd.lsb
 read on a single process
Loading qVal data from directory: mesh/
 Load hasQVal from file: mesh/qval.lsb
 Done, reading the qVal!
 No IBM found!
--------------------------------------------------------------------------------
Lattice dx and dt on each level
level=8, dxL=   1.00000, dtL=   1.00000
--------------------------------------------------------------------------------
--------------------------------------------------------------------------------
  Loading physics table ...
  Physics table is defined.
  All values are expressed in physical units.
 Speed of sound (cs) is not defined.
 Attempting to load time step dt on coarsest level:
   cs =    5.996E+00
   dt =   15.192E-09
 WARNING: No value given for coulomb0
 WARNING: Reference coulomb0 is not found. 
 Setting reference coulomb0 to fundamental electrical charge.
Reference physical quantities:
  rho0       =    1.056E+03
  mass0      =    4.147E-18
  mole0      =    1.661E-24
  moleDens0  =  422.848E-06
  molWeight0 =    2.497E+06
  Temp0      =    1.000E+00
  coulomb0   =  160.218E-21
Conversion factors on level: 8
  dx            =  157.769E-09
  dt            =   15.192E-09
  pressure      =  113.883E+03
  velocity      =   10.385E+00
  kine. visc.   =    1.638E-06
  dyn. visc.    =    1.730E-03
  acceleration  =  683.558E+06
  force         =    2.835E-09
  body force    =  721.837E+09
  strain rate   =   65.823E+06
  energy        =  447.224E-18
  moleFlux      =    4.391E-03
  chargeDens    =   40.799E+00
  currentDens   =  423.686E+00
  massflux      =   10.966E+03
  diffusivity   =    1.638E-06
  faraday       =   96.485E+03
  gasConst      =  269.325E+06
  potential     =    2.791E+03

Over level scale factor: 
    pressure:    1.000E+00
    velocity:    1.000E+00
 strain rate:    1.000E+00
--------------------------------------------------------------------------------
--------------------------------------------------------------------------------
Loading Scheme identify table: 
kind: fluid_incompressible
Layout: d3q19
relaxation: bgk
  variant: standard
--------------------------------------------------------------------------------
 Creating stencil kind: d3q19
--------------------------------------------------------------------------------
 Loading the field base info ...
 No field table defined.
 Assuming single field and label = "".
--------------------------------------------------------------------------------
 Initializing global variable system for scheme kind: fluid_incompressible
 Appending state variables 
--------------------------------------------------------------------------------
Interpolation:
  method: quadratic
   order:  2
  weights_method: linear_distance
  inverse distance powefac:  6
--------------------------------------------------------------------------------
 No possible transport variable defined for scheme kind: fluid_incompressible
--------------------------------------------------------------------------------
 Loading the fields ...
 Number of fields to load:            1
 No field table and scheme table are defined.Loading field data from config
 Loading field: 
 Loading the fluid properties.
 Loading fluid informations
 loading space time function from key: kinematic_viscosity
 Spacetime function is a const value:    3.2700000000000000E-006
 St-fun is not a table, thus setting global shape.
 No nonNewtonian table defined
 No turbulence table defined
--------------------------------------------------------------------------------
--------------------------------------------------------------------------------
  Loading initial conditions
Loading spatial for pressure
 Load spatial as single constant
   Spatial for pressure is a defined as const
value =   23.622E+03
Loading spatial for velocityX
   Spatial for velocityX is a defined as lua_fun
Loading spatial for velocityY
   Spatial for velocityY is a defined as lua_fun
Loading spatial for velocityZ
   Spatial for velocityZ is a defined as lua_fun
Loading spatial for Sxx
 Load spatial as single constant
 ERROR: Fatal error occured in loading scalar constants
 WARNING: variable is non-existent!
 Setting kind to be "none" and value =    0.000E+00 for all 1 components
   Spatial for Sxx is a defined as none
Loading spatial for Syy
 Load spatial as single constant
 ERROR: Fatal error occured in loading scalar constants
 WARNING: variable is non-existent!
 Setting kind to be "none" and value =    0.000E+00 for all 1 components
   Spatial for Syy is a defined as none
Loading spatial for Szz
 Load spatial as single constant
 ERROR: Fatal error occured in loading scalar constants
 WARNING: variable is non-existent!
 Setting kind to be "none" and value =    0.000E+00 for all 1 components
   Spatial for Szz is a defined as none
Loading spatial for Sxy
 Load spatial as single constant
 ERROR: Fatal error occured in loading scalar constants
 WARNING: variable is non-existent!
 Setting kind to be "none" and value =    0.000E+00 for all 1 components
   Spatial for Sxy is a defined as none
Loading spatial for Syz
 Load spatial as single constant
 ERROR: Fatal error occured in loading scalar constants
 WARNING: variable is non-existent!
 Setting kind to be "none" and value =    0.000E+00 for all 1 components
   Spatial for Syz is a defined as none
Loading spatial for Sxz
 Load spatial as single constant
 ERROR: Fatal error occured in loading scalar constants
 WARNING: variable is non-existent!
 Setting kind to be "none" and value =    0.000E+00 for all 1 components
   Spatial for Sxz is a defined as none
--------------------------------------------------------------------------------
  Loading BC header
   Found BC wall of kind wall_libb
 matching boundary defination in lua to mesh
 Number of Boundaries: 1
--------------------------------------------------------------------------------
 Loading boundary definition for nBCs: 1
   Boundary: 1
    Curved:  F
     Wall LIBB treatment: wall
    Default qVal:   0.50000000000000000     
   required neighbors: 0
--------------------------------------------------------------------------------
 Loading the mappings from table: source
 Table source could not be opened for reading variable mappings!
--------------------------------------------------------------------------------
 Loading the mappings from table: glob_source
 Expected variable force is defined
 Did not find a variable name for force
 Trying to load it as an anonymous space time function
 loading space time function from key: force
 Spacetime function is a const value:    0.0000000000000000        0.0000000000000000        3884423.6432636492     
 St-fun is not a table, thus setting global shape.
 Found a spacetime function for force
 Expected variable turb_channel_force_accel is NOT defined
 Expected variable absorb_layer is NOT defined
 Expected variable absorb_layer_inlet is NOT defined
 Expected variable absorb_layer_outlet is NOT defined
 Expected variable hrr_correction is NOT defined
 Expected variable brinkman is NOT defined
 Order of approximation for force: 2
 Loading transport variables
--------------------------------------------------------------------------------
--------------------------------------------------------------------------------
 Loading variable vel_analy
   nComponents            1
 loading the spacetime functions for variable vel_analy
 loading space time function from key: st_fun
 St-fun is not a table, thus setting global shape.
 Space-time function for key st_fun:
       pos            1  is defined as lua_fun
--------------------------------------------------------------------------------
 Loading variable vel_error
   nComponents            1
   Loading operation table 
     kind = difference
     input_varname:
                  1 vel_mag_phy
                  2 vel_analy
--------------------------------------------------------------------------------
 Loading tracking ...
Number of Tracking entities: 3
Loading tracker: 1
 Tracking label: mean_velocity
 +-------------------------------------------+
Iterations between trigger checks: 1
  - Min:
  iterations:            0
 
  - Max:
  iterations:         2000
 
  - Interval:
  iterations:           50
 +-------------------------------------------+
  Number of reductions loaded: 1
  their reduceTypes are:
    average
   Loading output table ...
   Output format: ascii
  Loading shape kind: all
  Inverted shape:  F
Done tracker 1
Loading tracker: 2
 Tracking label: profile
 +-------------------------------------------+
Iterations between trigger checks: 1
  - Min:
  iterations:            0
 
  - Max:
  iterations:         2000
 
  - Interval:
  iterations:           50
 +-------------------------------------------+
  Number of reductions loaded: 2
  their reduceTypes are:
    l2norm
    l2norm
   Loading output table ...
   Output format: ascii
  Loading shape kind: all
  Inverted shape:  F
Done tracker 2
Loading tracker: 3
 Tracking label: safety
 +-------------------------------------------+
Iterations between trigger checks: 1
  - Min:
  iterations:            0
 
  - Max:
  iterations:         2000
 
  - Interval:
  iterations:           50
 +-------------------------------------------+
  Number of reductions loaded: 2
  their reduceTypes are:
    max
    min
   Loading output table ...
   Output format: ascii
  Loading shape kind: all
  Inverted shape:  F
Done tracker 3
--------------------------------------------------------------------------------
--------------------------------------------------------------------------------
 NO particle modelling
--------------------------------------------------------------------------------
--------------------------------------------------------------------------------
 Initializing musubi ...
 Initializing the scheme ...
 Map stencil to treelm definition and vice versa ...
Initializing the moment matrix by stencil: d3q19
 Building variable system for scheme kind: fluid_incompressible
 Appending auxiliary variables 
 Current append variable wave loop:            1
 Append derive variables to varSys
 Variable pressure_deviation cant be added due to missing input variable pressure_reference
 Error: variable pressure_deviation is not added to variable system
 Appending boundary variables 
 Append derive physical variables to varSys
 Append variables defined in lua file to varSys
Appending variable  1: vel_analy
Appending variable  2: vel_error
 Append meshInfo variables to varSys
 Current append variable wave loop:            2
 Append derive variables to varSys
 Appending boundary variables 
 Append derive physical variables to varSys
 Append variables defined in lua file to varSys
Appending variable  1: vel_analy
 Variable already exists!
Appending variable  2: vel_error
 Variable already exists!
 Append meshInfo variables to varSys
 Current append variable wave loop:            3
 Append derive variables to varSys
 Appending boundary variables 
 Append derive physical variables to varSys
 Append variables defined in lua file to varSys
Appending variable  1: vel_analy
 Variable already exists!
Appending variable  2: vel_error
 Variable already exists!
 Append meshInfo variables to varSys
 Done appending variables to varSys
 Storing state variable position 
 Storing derive variable position 
--------------------------------------------------------------------------------
 Starting to initialize the geometry
--------------------------------------------------------------------------------
 Creating boundary lists ...
BC: wall, iBnd: 1, normal:   0  0  0, Ind: 19
 Finalizing stencils...
 Total Number of stencils: 1
 iStencil:  1, label: d3q19
 nElems: 37920
 Allocating level Descriptor ...
 Searching the neighbors for each element ...
 Finished searching the neighbors ID for each fluid.
 Creating level descriptor ...
 Building up the element and total list.
 Building level-wise fluid list ...
--------------------------------------------------------------------------------
 Communicating elements ...
Halo count exchange iteration: 1
 Starting all-to-all exchange of halo counts
Finished all-to-all exchanging number of elements
All to all cost: 0.299120E-03
  Finished counting valid procs and nElemsProcs.
   Done communicating nElems to Transfer
  Requesting remote halos on level 8
   Received requested halo elements successfully.
 Finished requesting remote halos
   Done requesting remote halos.
   Identifying lists
 Done exchanging number of elements to communicate.
Return halo counts and Redefine halos ...
  Returning halo counts on level 8
   Redefining halos ... 
   Done communicating stencil buffer
   Done communicating stencil buffer
   Done communicating stencil buffer
 Done with communication of elements. 
--------------------------------------------------------------------------------

 Assembling total list ...
     Level: 8
    nElems: 19592
       fluid: 18960
gFromCoarser: 0
  gFromFiner: 0
        halo: 632
 Updating dependencies ...
 Updating the stencil entries
  Updating entries in the element stencils...
 Finished building up element and total list. 
Build neighbor array for stencil: 1
 level:  8, nElems to treat: 19592
--------------------------------------------------------------------------------

 Build vertical dep ...
 Total number of elements on Level: 8
   Fluid:   37920
 Global Elements information:
   nElems overall: 39184
   nElems ghost from finer: 0
   nElems ghost from coarser: 0
 
Start filling field BC neighbor list 
 Allocating PDF state, neighbor and bcBuffer array
 nSize of state array: 19592
 Building state array connectivity ...
 Done with state array connectivity.
Set halo elements comm links
Amount of message per proc: 6944
Communication amount compressed to [%]: 57.83

--------------------------------------------------------------------------------
Done initializing geometry. Took [s]      0.07
--------------------------------------------------------------------------------

 Simulation time homogenize:
  iterations:            0
  simTime   :    0.0000000000000000     
  wallClock :    4.6159479999999999E-003
 Time control homogenize:
 +-------------------------------------------+
Iterations between trigger checks: 1
  - Min:
  iterations:            0
 
  - Max:
  iterations:         2000
 
  - Interval:
  iterations:           50
 +-------------------------------------------+
Initialize fluid
  Set relaxation parameter from kinematic viscosity
Fluid properties:
  Reference density rho0:  1.0000000
  Kinematic viscosity STfun kind: const
Kinematic viscosity, (min, max) on level: 8
  Physical: ( 0.0000033, 0.0000033)
  Lattice: ( 1.9958496, 1.9958496)
  Kinematic omega (min,max):( 0.1541414, 0.1541414)
 viscBulk lattice and omega: 
  viscBulk:   1.3305664
  omegaBulk:  0.1541414
Magic lambda for TRT:  0.2500000
HRR sigma:  0.9800000
DRT tauN:  0.7000000
No nonNewtonian table defined.
--------------------------------------------------------------------------------
 Allocate gradient data ...
 Filling gradient data ...
--------------------------------------------------------------------------------
 Create subtree for all space time functions stored 
 in linked list of spacetime function
 Subtree encompasses all fluid elements
Found corresponding nElems: 37920
--------------------------------------------------------------------------------
 Done creating subtree for   1 spacetime functions
--------------------------------------------------------------------------------
--------------------------------------------------------------------------------
 Initializing Source terms ...
--------------------------------------------------------------------------------
--------------------------------------------------------------------------------
 Initializing transport variables ...
 No active transport variables
  Pulling pdfs from neighbor elements before collision
 Initializing tracker...
--------------------------------------------------------------------------------
 Initialize tracking subTree to remove empty objects
--------------------------------------------------------------------------------
 Creating subTree for tracking object mean_velocity
 Subtree encompasses all fluid elements
Found corresponding nElems: 37920
--------------------------------------------------------------------------------
 Creating subTree for tracking object profile
 Subtree encompasses all fluid elements
Found corresponding nElems: 37920
--------------------------------------------------------------------------------
 Creating subTree for tracking object safety
 Subtree encompasses all fluid elements
Found corresponding nElems: 37920
--------------------------------------------------------------------------------
 Time control homogenize:
 +-------------------------------------------+
Iterations between trigger checks: 1
  - Min:
  iterations:            0
 
  - Max:
  iterations:         2000
 
  - Interval:
  iterations:           50
 +-------------------------------------------+
 Time control homogenize:
 +-------------------------------------------+
Iterations between trigger checks: 1
  - Min:
  iterations:            0
 
  - Max:
  iterations:         2000
 
  - Interval:
  iterations:           50
 +-------------------------------------------+
 Time control homogenize:
 +-------------------------------------------+
Iterations between trigger checks: 1
  - Min:
  iterations:            0
 
  - Max:
  iterations:         2000
 
  - Interval:
  iterations:           50
 +-------------------------------------------+
--------------------------------------------------------------------------------
 Initialize tracking objects
--------------------------------------------------------------------------------
Track object: 1, label: mean_velocity
 Initializing reduction ...
Track object: 2, label: profile
 Initializing reduction ...
Track object: 3, label: safety
 Initializing reduction ...
 Auxiliary field halo communication DEACTIVATED.
 Initializing convergence...
 Time control homogenize:
 +-------------------------------------------+
Iterations between trigger checks: 1
  - Min:
  iterations:          200
 
  - Max:
  iterations:         2000
 
  - Interval:
  iterations:           50
 +-------------------------------------------+
--------------------------------------------------------------------------------
 Setting up the convergence infrastructure
 Subtree encompasses all fluid elements
Found corresponding nElems: 37920
--------------------------------------------------------------------------------
 Initializing reduction ...
--------------------------------------------------------------------------------
Initialize BndForce
 Initializing IBM surface data
--------------------------------------------------------------------------------

--------------------------------------------------------------------------------
Initialize flow
 Initialize compute kernel for scheme kind: fluid_incompressible
 Choosing fluid_incompressible relaxation model: bgk for layout d3q19
 mus_load_particles: no particle table found
Initialize 1 boundary conditions
 Initializing BC: wall
--------------------------------------------------------------------------------
 Starting Musubi MAIN loop with time control:
 +-------------------------------------------+
Iterations between trigger checks: 1
  - Min:
  iterations:            0
 
  - Max:
  iterations:         2000
 
  - Interval:
  iterations:           50
 +-------------------------------------------+
Select fast single level control routine.
Particulate flow simulations disabled!
--------------------------------------------------------------------------------
  iterations:            0
  simTime   :    0.0000000000000000     
  wallClock :    4.6159479999999999E-003
      field |       total density
          1 |   23.5967097562E+03

  iterations:           50
  simTime   :    7.5961438130391073E-007
  wallClock :   0.52007603400000002     
      field |       total density
          1 |   23.5967097560E+03

  iterations:          100
  simTime   :    1.5192287626078215E-006
  wallClock :   0.71921920200000000     
      field |       total density
          1 |   23.5967097554E+03

  iterations:          150
  simTime   :    2.2788431439117374E-006
  wallClock :   0.91796876900000002     
      field |       total density
          1 |   23.5967097548E+03

  iterations:          200
  simTime   :    3.0384575252156586E-006
  wallClock :    1.1313749160000000     
      field |       total density
          1 |   23.5967097542E+03

  iterations:          250
  simTime   :    3.7980719065195798E-006
  wallClock :    1.3280515589999999     
      field |       total density
          1 |   23.5967097536E+03

  iterations:          300
  simTime   :    4.5576862878235010E-006
  wallClock :    1.6337133420000001     
      field |       total density
          1 |   23.5967097530E+03

  iterations:          350
  simTime   :    5.3173006691274222E-006
  wallClock :    1.8505916950000001     
      field |       total density
          1 |   23.5967097524E+03

  iterations:          400
  simTime   :    6.0769150504313434E-006
  wallClock :    2.0528044429999999     
      field |       total density
          1 |   23.5967097518E+03

  iterations:          450
  simTime   :    6.8365294317352647E-006
  wallClock :    2.2858275980000000     
      field |       total density
          1 |   23.5967097512E+03

 Reached steady state          450 T

SUCCESSFUL run!
 Status of the simulation now:
 +--------------------------------------------+
 STATUS:
  * Status Interval is reached
  * Simulation reached a steady state
 +--------------------------------------------+

  iterations:          450
  simTime   :    6.8365294317352647E-006
  wallClock :    2.2858275980000000     
      field |       total density
          1 |   23.5967097512E+03

--------------------------------------------------------------------------------
 Load balance evaluation:
  max CPU cost:      1.97 (s)
  ave CPU cost:      1.96 (s)
 imbalance (i.e. max/ave):    100.82%
--------------------------------------------------------------------------------
--------------------------------------------------------------------------------
Boundary timing information:
        wall, min time:     0.17, max time:     0.18
--------------------------------------------------------------------------------
Name:	musubi_adaptive
Umask:	0022
State:	R (running)
Tgid:	32930
Ngid:	0
Pid:	32930
PPid:	32926
TracerPid:	0
Uid:	1000	1000	1000	1000
Gid:	1000	1000	1000	1000
FDSize:	64
Groups:	4 24 27 30 46 100 1000 1001
NStgid:	32930
NSpid:	32930
NSpgid:	32930
NSsid:	495
Kthread:	0
VmPeak:	  376348 kB
VmSize:	  362780 kB
VmLck:	       0 kB
VmPin:	       0 kB
VmHWM:	   59624 kB
VmRSS:	   57344 kB
RssAnon:	   41408 kB
RssFile:	   15936 kB
RssShmem:	       0 kB
VmData:	   59284 kB
VmStk:	     172 kB
VmExe:	    7440 kB
VmLib:	   10244 kB
VmPTE:	     232 kB
VmSwap:	       0 kB
HugetlbPages:	       0 kB
CoreDumping:	0
THP_enabled:	1
untag_mask:	0xffffffffffffffff
Threads:	3
SigQ:	1/31177
SigPnd:	0000000000000000
ShdPnd:	0000000000000000
SigBlk:	0000000000000000
SigIgn:	0000000000000000
SigCgt:	00000001418004fc
CapInh:	0000000000000000
CapPrm:	0000000000000000
CapEff:	0000000000000000
CapBnd:	000001ffffffffff
CapAmb:	0000000000000000
NoNewPrivs:	0
Seccomp:	2
Seccomp_filters:	1
Speculation_Store_Bypass:	thread vulnerable
SpeculationIndirectBranch:	conditional enabled
Cpus_allowed:	000003
Cpus_allowed_list:	0-1
Mems_allowed:	00000000,00000000,00000000,00000000,00000000,00000000,00000000,00000000,00000000,00000000,00000000,00000000,000000
Mems_allowed_list:	0
voluntary_ctxt_switches:	1438
nonvoluntary_ctxt_switches:	2

 Done with Musubi in       2.33 s
