[INFO]: Setting silent=true
[INFO]: Setting toolkit=true
[INFO]: Setting toolkitpath=/workspace/formal_3D_flow_solver_FEM_SimVascular_lzy/sv1_3h/external/cuda-12.6
[INFO]: Setting defaultpath=/workspace/formal_3D_flow_solver_FEM_SimVascular_lzy/sv1_3h/external/cuda-12.6
[INFO]: Not installing manpages
[INFO]: Driver not installed.
[INFO]: Checking compiler version...
[INFO]: gcc location: /usr/bin/gcc

[INFO]: gcc version: gcc version 13.3.0 (Ubuntu 13.3.0-6ubuntu2~24.04.1) 

[INFO]: Initializing menu
[INFO]: nvidia-fs.setKOVersion(2.22.3)
[INFO]: Silent install option: skipping driver
[INFO]: Updating toolkitpath for: CUDA Toolkit 12.6
[WARNING]: Unable to write to directory: /usr/share/applications/
[INFO]: Updating toolkitpath for: CUDA Libraries 12.6
[INFO]: Updating toolkitpath for: CUDA Development 12.6
[INFO]: Updating toolkitpath for: libcufft-dev
[INFO]: Updating toolkitpath for: libnvjpeg-dev
[INFO]: Updating toolkitpath for: libnvjitlink-dev
[INFO]: Updating toolkitpath for: libnvfatbin-dev
[INFO]: Updating toolkitpath for: libnpp-dev
[INFO]: Updating toolkitpath for: libcusparse-dev
[INFO]: Updating toolkitpath for: libcusolver-dev
[INFO]: Updating toolkitpath for: libcurand-dev
[INFO]: Updating toolkitpath for: libcufile-dev
[INFO]: Updating toolkitpath for: cuda-cccl
[INFO]: Updating toolkitpath for: libcublas-dev
[INFO]: Updating toolkitpath for: cuda-profiler-api
[INFO]: Updating toolkitpath for: cuda-opencl-dev
[INFO]: Updating toolkitpath for: cuda-nvrtc-dev
[INFO]: Updating toolkitpath for: cuda-nvml-dev
[INFO]: Updating toolkitpath for: cuda-driver-dev
[INFO]: Updating toolkitpath for: cuda-cudart-dev
[INFO]: Updating toolkitpath for: CUDA Runtime 12.6
[INFO]: Updating toolkitpath for: cuda-cudart
[INFO]: Updating toolkitpath for: cuda-nvrtc
[INFO]: Updating toolkitpath for: cuda-opencl
[INFO]: Updating toolkitpath for: libcublas12
[INFO]: Updating toolkitpath for: libcufft
[INFO]: Updating toolkitpath for: libcufile
[INFO]: Updating toolkitpath for: libcurand
[INFO]: Updating toolkitpath for: libcusolver
[INFO]: Updating toolkitpath for: libcusparse
[INFO]: Updating toolkitpath for: libnpp
[INFO]: Updating toolkitpath for: libnvfatbin
[INFO]: Updating toolkitpath for: libnvjitlink
[INFO]: Updating toolkitpath for: libnvjpeg
[INFO]: Installing: CUDA Toolkit 12.6
[WARNING]: Unable to write to directory: /var/log
[WARNING]: Unable to write uninstall manifest to /var/log/nvidia/.uninstallManifests/!
[WARNING]: Unable to write to directory: /usr/local
[WARNING]: Permission denied creating symlink /usr/local/cuda!
[INFO]: Installing: CUDA Libraries 12.6
[WARNING]: Unable to write to directory: /var/log
[WARNING]: Unable to write uninstall manifest to /var/log/nvidia/.uninstallManifests/CUDA_Toolkit_12.6-components/!
[INFO]: Installing: CUDA Development 12.6
[WARNING]: Unable to write to directory: /var/log
[WARNING]: Unable to write uninstall manifest to /var/log/nvidia/.uninstallManifests/CUDA_Toolkit_12.6-components/CUDA_Libraries_12.6-components/!
[INFO]: Installing: libcufft-dev
[WARNING]: Unable to write to directory: /var/log
[WARNING]: Unable to write uninstall manifest to /var/log/nvidia/.uninstallManifests/CUDA_Toolkit_12.6-components/CUDA_Libraries_12.6-components/CUDA_Development_12.6-components/!
[INFO]: Installing: libnvjpeg-dev
[WARNING]: Unable to write to directory: /var/log
[WARNING]: Unable to write uninstall manifest to /var/log/nvidia/.uninstallManifests/CUDA_Toolkit_12.6-components/CUDA_Libraries_12.6-components/CUDA_Development_12.6-components/!
[INFO]: Installing: libnvjitlink-dev
[WARNING]: Unable to write to directory: /var/log
[WARNING]: Unable to write uninstall manifest to /var/log/nvidia/.uninstallManifests/CUDA_Toolkit_12.6-components/CUDA_Libraries_12.6-components/CUDA_Development_12.6-components/!
[INFO]: Installing: libnvfatbin-dev
[WARNING]: Unable to write to directory: /var/log
[WARNING]: Unable to write uninstall manifest to /var/log/nvidia/.uninstallManifests/CUDA_Toolkit_12.6-components/CUDA_Libraries_12.6-components/CUDA_Development_12.6-components/!
[INFO]: Installing: libnpp-dev
[WARNING]: Unable to write to directory: /var/log
[WARNING]: Unable to write uninstall manifest to /var/log/nvidia/.uninstallManifests/CUDA_Toolkit_12.6-components/CUDA_Libraries_12.6-components/CUDA_Development_12.6-components/!
[INFO]: Installing: libcusparse-dev
[WARNING]: Unable to write to directory: /var/log
[WARNING]: Unable to write uninstall manifest to /var/log/nvidia/.uninstallManifests/CUDA_Toolkit_12.6-components/CUDA_Libraries_12.6-components/CUDA_Development_12.6-components/!
[INFO]: Installing: libcusolver-dev
[WARNING]: Unable to write to directory: /var/log
[WARNING]: Unable to write uninstall manifest to /var/log/nvidia/.uninstallManifests/CUDA_Toolkit_12.6-components/CUDA_Libraries_12.6-components/CUDA_Development_12.6-components/!
[WARNING]: Skipping copy. File already exists at: /workspace/formal_3D_flow_solver_FEM_SimVascular_lzy/sv1_3h/external/cuda-12.6/targets/x86_64-linux/lib/stubs/libcusolverMg.so
[INFO]: Installing: libcurand-dev
[WARNING]: Unable to write to directory: /var/log
[WARNING]: Unable to write uninstall manifest to /var/log/nvidia/.uninstallManifests/CUDA_Toolkit_12.6-components/CUDA_Libraries_12.6-components/CUDA_Development_12.6-components/!
[INFO]: Installing: libcufile-dev
[WARNING]: Unable to write to directory: /var/log
[WARNING]: Unable to write uninstall manifest to /var/log/nvidia/.uninstallManifests/CUDA_Toolkit_12.6-components/CUDA_Libraries_12.6-components/CUDA_Development_12.6-components/!
[INFO]: Installing: cuda-cccl
[WARNING]: Unable to write to directory: /var/log
[WARNING]: Unable to write uninstall manifest to /var/log/nvidia/.uninstallManifests/CUDA_Toolkit_12.6-components/CUDA_Libraries_12.6-components/CUDA_Development_12.6-components/!
[INFO]: Installing: libcublas-dev
[WARNING]: Unable to write to directory: /var/log
[WARNING]: Unable to write uninstall manifest to /var/log/nvidia/.uninstallManifests/CUDA_Toolkit_12.6-components/CUDA_Libraries_12.6-components/CUDA_Development_12.6-components/!
[INFO]: Installing: cuda-profiler-api
[WARNING]: Unable to write to directory: /var/log
[WARNING]: Unable to write uninstall manifest to /var/log/nvidia/.uninstallManifests/CUDA_Toolkit_12.6-components/CUDA_Libraries_12.6-components/CUDA_Development_12.6-components/!
[INFO]: Installing: cuda-opencl-dev
[WARNING]: Unable to write to directory: /var/log
[WARNING]: Unable to write uninstall manifest to /var/log/nvidia/.uninstallManifests/CUDA_Toolkit_12.6-components/CUDA_Libraries_12.6-components/CUDA_Development_12.6-components/!
[INFO]: Installing: cuda-nvrtc-dev
[WARNING]: Unable to write to directory: /var/log
[WARNING]: Unable to write uninstall manifest to /var/log/nvidia/.uninstallManifests/CUDA_Toolkit_12.6-components/CUDA_Libraries_12.6-components/CUDA_Development_12.6-components/!
[INFO]: Installing: cuda-nvml-dev
[WARNING]: Unable to write to directory: /var/log
[WARNING]: Unable to write uninstall manifest to /var/log/nvidia/.uninstallManifests/CUDA_Toolkit_12.6-components/CUDA_Libraries_12.6-components/CUDA_Development_12.6-components/!
[INFO]: Installing: cuda-driver-dev
[WARNING]: Unable to write to directory: /var/log
[WARNING]: Unable to write uninstall manifest to /var/log/nvidia/.uninstallManifests/CUDA_Toolkit_12.6-components/CUDA_Libraries_12.6-components/CUDA_Development_12.6-components/!
[INFO]: Installing: cuda-cudart-dev
[WARNING]: Unable to write to directory: /var/log
[WARNING]: Unable to write uninstall manifest to /var/log/nvidia/.uninstallManifests/CUDA_Toolkit_12.6-components/CUDA_Libraries_12.6-components/CUDA_Development_12.6-components/!
[INFO]: Installing: CUDA Runtime 12.6
[WARNING]: Unable to write to directory: /var/log
[WARNING]: Unable to write uninstall manifest to /var/log/nvidia/.uninstallManifests/CUDA_Toolkit_12.6-components/CUDA_Libraries_12.6-components/!
[INFO]: Installing: cuda-cudart
[WARNING]: Unable to write to directory: /var/log
[WARNING]: Unable to write uninstall manifest to /var/log/nvidia/.uninstallManifests/CUDA_Toolkit_12.6-components/CUDA_Libraries_12.6-components/CUDA_Runtime_12.6-components/!
[WARNING]: Unable to write to directory: /etc/ld.so.conf.d
[INFO]: Installing: cuda-nvrtc
[WARNING]: Unable to write to directory: /var/log
[WARNING]: Unable to write uninstall manifest to /var/log/nvidia/.uninstallManifests/CUDA_Toolkit_12.6-components/CUDA_Libraries_12.6-components/CUDA_Runtime_12.6-components/!
[INFO]: Installing: cuda-opencl
[WARNING]: Unable to write to directory: /var/log
[WARNING]: Unable to write uninstall manifest to /var/log/nvidia/.uninstallManifests/CUDA_Toolkit_12.6-components/CUDA_Libraries_12.6-components/CUDA_Runtime_12.6-components/!
[INFO]: Installing: libcublas12
[WARNING]: Unable to write to directory: /var/log
[WARNING]: Unable to write uninstall manifest to /var/log/nvidia/.uninstallManifests/CUDA_Toolkit_12.6-components/CUDA_Libraries_12.6-components/CUDA_Runtime_12.6-components/!
[INFO]: Installing: libcufft
[WARNING]: Unable to write to directory: /var/log
[WARNING]: Unable to write uninstall manifest to /var/log/nvidia/.uninstallManifests/CUDA_Toolkit_12.6-components/CUDA_Libraries_12.6-components/CUDA_Runtime_12.6-components/!
[INFO]: Installing: libcufile
[WARNING]: Unable to write to directory: /var/log
[WARNING]: Unable to write uninstall manifest to /var/log/nvidia/.uninstallManifests/CUDA_Toolkit_12.6-components/CUDA_Libraries_12.6-components/CUDA_Runtime_12.6-components/!
[WARNING]: Skipping copy. File already exists at: /workspace/formal_3D_flow_solver_FEM_SimVascular_lzy/sv1_3h/external/cuda-12.6/targets/x86_64-linux/include/cufile.h
[INFO]: Installing: libcurand
[WARNING]: Unable to write to directory: /var/log
[WARNING]: Unable to write uninstall manifest to /var/log/nvidia/.uninstallManifests/CUDA_Toolkit_12.6-components/CUDA_Libraries_12.6-components/CUDA_Runtime_12.6-components/!
[INFO]: Installing: libcusolver
[WARNING]: Unable to write to directory: /var/log
[WARNING]: Unable to write uninstall manifest to /var/log/nvidia/.uninstallManifests/CUDA_Toolkit_12.6-components/CUDA_Libraries_12.6-components/CUDA_Runtime_12.6-components/!
[INFO]: Installing: libcusparse
[WARNING]: Unable to write to directory: /var/log
[WARNING]: Unable to write uninstall manifest to /var/log/nvidia/.uninstallManifests/CUDA_Toolkit_12.6-components/CUDA_Libraries_12.6-components/CUDA_Runtime_12.6-components/!
[WARNING]: Skipping copy. File already exists at: /workspace/formal_3D_flow_solver_FEM_SimVascular_lzy/sv1_3h/external/cuda-12.6/targets/x86_64-linux/lib/libcusparse.so.12.5.4.2
[INFO]: Installing: libnpp
[WARNING]: Unable to write to directory: /var/log
[WARNING]: Unable to write uninstall manifest to /var/log/nvidia/.uninstallManifests/CUDA_Toolkit_12.6-components/CUDA_Libraries_12.6-components/CUDA_Runtime_12.6-components/!
[INFO]: Installing: libnvfatbin
[WARNING]: Unable to write to directory: /var/log
[WARNING]: Unable to write uninstall manifest to /var/log/nvidia/.uninstallManifests/CUDA_Toolkit_12.6-components/CUDA_Libraries_12.6-components/CUDA_Runtime_12.6-components/!
[INFO]: Installing: libnvjitlink
[WARNING]: Unable to write to directory: /var/log
[WARNING]: Unable to write uninstall manifest to /var/log/nvidia/.uninstallManifests/CUDA_Toolkit_12.6-components/CUDA_Libraries_12.6-components/CUDA_Runtime_12.6-components/!
[INFO]: Installing: libnvjpeg
[WARNING]: Unable to write to directory: /var/log
[WARNING]: Unable to write uninstall manifest to /var/log/nvidia/.uninstallManifests/CUDA_Toolkit_12.6-components/CUDA_Libraries_12.6-components/CUDA_Runtime_12.6-components/!
[INFO]: Installing: CUDA Tools 12.6
[WARNING]: Unable to write to directory: /var/log
[WARNING]: Unable to write uninstall manifest to /var/log/nvidia/.uninstallManifests/CUDA_Toolkit_12.6-components/!
[INFO]: Installing: CUDA Command Line Tools 12.6
[WARNING]: Unable to write to directory: /var/log
[WARNING]: Unable to write uninstall manifest to /var/log/nvidia/.uninstallManifests/CUDA_Toolkit_12.6-components/CUDA_Tools_12.6-components/!
[INFO]: Installing: cuda-cupti
[WARNING]: Unable to write to directory: /var/log
[WARNING]: Unable to write uninstall manifest to /var/log/nvidia/.uninstallManifests/CUDA_Toolkit_12.6-components/CUDA_Tools_12.6-components/CUDA_Command_Line_Tools_12.6-components/!
[INFO]: Installing: cuda-gdb
[WARNING]: Unable to write to directory: /var/log
[WARNING]: Unable to write uninstall manifest to /var/log/nvidia/.uninstallManifests/CUDA_Toolkit_12.6-components/CUDA_Tools_12.6-components/CUDA_Command_Line_Tools_12.6-components/!
[INFO]: Installing: nvdisasm
[WARNING]: Unable to write to directory: /var/log
[WARNING]: Unable to write uninstall manifest to /var/log/nvidia/.uninstallManifests/CUDA_Toolkit_12.6-components/CUDA_Tools_12.6-components/CUDA_Command_Line_Tools_12.6-components/!
[INFO]: Installing: nvprof
[WARNING]: Unable to write to directory: /var/log
[WARNING]: Unable to write uninstall manifest to /var/log/nvidia/.uninstallManifests/CUDA_Toolkit_12.6-components/CUDA_Tools_12.6-components/CUDA_Command_Line_Tools_12.6-components/!
[INFO]: Installing: nvtx
[WARNING]: Unable to write to directory: /var/log
[WARNING]: Unable to write uninstall manifest to /var/log/nvidia/.uninstallManifests/CUDA_Toolkit_12.6-components/CUDA_Tools_12.6-components/CUDA_Command_Line_Tools_12.6-components/!
[INFO]: Installing: compute-sanitizer
[WARNING]: Unable to write to directory: /var/log
[WARNING]: Unable to write uninstall manifest to /var/log/nvidia/.uninstallManifests/CUDA_Toolkit_12.6-components/CUDA_Tools_12.6-components/CUDA_Command_Line_Tools_12.6-components/!
[INFO]: Installing: compute-sanitizer-integration
[WARNING]: Unable to write to directory: /var/log
[WARNING]: Unable to write uninstall manifest to /var/log/nvidia/.uninstallManifests/CUDA_Toolkit_12.6-components/CUDA_Tools_12.6-components/CUDA_Command_Line_Tools_12.6-components/compute-sanitizer-components/!
[INFO]: Installing: CUDA Visual Tools 12.6
[WARNING]: Unable to write to directory: /var/log
[WARNING]: Unable to write uninstall manifest to /var/log/nvidia/.uninstallManifests/CUDA_Toolkit_12.6-components/CUDA_Tools_12.6-components/!
[INFO]: Installing: nsight
[WARNING]: Unable to write to directory: /var/log
[WARNING]: Unable to write uninstall manifest to /var/log/nvidia/.uninstallManifests/CUDA_Toolkit_12.6-components/CUDA_Tools_12.6-components/CUDA_Visual_Tools_12.6-components/!
[WARNING]: Unable to write to directory: /root/.local/share/applications/
[WARNING]: Cannot install desktop file to: /root/.local/share/applications/
[INFO]: Installing: nsight-compute
[WARNING]: Unable to write to directory: /var/log
[WARNING]: Unable to write uninstall manifest to /var/log/nvidia/.uninstallManifests/CUDA_Toolkit_12.6-components/CUDA_Tools_12.6-components/CUDA_Visual_Tools_12.6-components/!
[WARNING]: Unable to write to directory: /root/.local/share/applications/
[WARNING]: Cannot install desktop file to: /root/.local/share/applications/
[INFO]: Installing: cuda-nsight-compute-integration
[WARNING]: Unable to write to directory: /var/log
[WARNING]: Unable to write uninstall manifest to /var/log/nvidia/.uninstallManifests/CUDA_Toolkit_12.6-components/CUDA_Tools_12.6-components/CUDA_Visual_Tools_12.6-components/nsight-compute-components/!
[INFO]: Installing: nsight-systems
[WARNING]: Unable to write to directory: /var/log
[WARNING]: Unable to write uninstall manifest to /var/log/nvidia/.uninstallManifests/CUDA_Toolkit_12.6-components/CUDA_Tools_12.6-components/CUDA_Visual_Tools_12.6-components/!
[WARNING]: Unable to write to directory: /root/.local/share/applications/
[WARNING]: Cannot install desktop file to: /root/.local/share/applications/
[INFO]: Installing: cuda-nsight-systems-integration
[WARNING]: Unable to write to directory: /var/log
[WARNING]: Unable to write uninstall manifest to /var/log/nvidia/.uninstallManifests/CUDA_Toolkit_12.6-components/CUDA_Tools_12.6-components/CUDA_Visual_Tools_12.6-components/nsight-systems-components/!
[INFO]: Installing: nvvp
[WARNING]: Unable to write to directory: /var/log
[WARNING]: Unable to write uninstall manifest to /var/log/nvidia/.uninstallManifests/CUDA_Toolkit_12.6-components/CUDA_Tools_12.6-components/CUDA_Visual_Tools_12.6-components/!
[WARNING]: Unable to write to directory: /root/.local/share/applications/
[WARNING]: Cannot install desktop file to: /root/.local/share/applications/
[INFO]: Installing: CUDA Compiler 12.6
[WARNING]: Unable to write to directory: /var/log
[WARNING]: Unable to write uninstall manifest to /var/log/nvidia/.uninstallManifests/CUDA_Toolkit_12.6-components/!
[INFO]: Installing: cuda-cuobjdump
[WARNING]: Unable to write to directory: /var/log
[WARNING]: Unable to write uninstall manifest to /var/log/nvidia/.uninstallManifests/CUDA_Toolkit_12.6-components/CUDA_Compiler_12.6-components/!
[INFO]: Installing: cuda-cuxxfilt
[WARNING]: Unable to write to directory: /var/log
[WARNING]: Unable to write uninstall manifest to /var/log/nvidia/.uninstallManifests/CUDA_Toolkit_12.6-components/CUDA_Compiler_12.6-components/!
[INFO]: Installing: cuda-nvcc
[WARNING]: Unable to write to directory: /var/log
[WARNING]: Unable to write uninstall manifest to /var/log/nvidia/.uninstallManifests/CUDA_Toolkit_12.6-components/CUDA_Compiler_12.6-components/!
[INFO]: Installing: cuda-nvvm
[WARNING]: Unable to write to directory: /var/log
[WARNING]: Unable to write uninstall manifest to /var/log/nvidia/.uninstallManifests/CUDA_Toolkit_12.6-components/CUDA_Compiler_12.6-components/!
[INFO]: Installing: cuda-crt
[WARNING]: Unable to write to directory: /var/log
[WARNING]: Unable to write uninstall manifest to /var/log/nvidia/.uninstallManifests/CUDA_Toolkit_12.6-components/CUDA_Compiler_12.6-components/!
[WARNING]: Skipping copy. File already exists at: /workspace/formal_3D_flow_solver_FEM_SimVascular_lzy/sv1_3h/external/cuda-12.6/bin/crt/link.stub
[WARNING]: Skipping copy. File already exists at: /workspace/formal_3D_flow_solver_FEM_SimVascular_lzy/sv1_3h/external/cuda-12.6/bin/crt/prelink.stub
[INFO]: Installing: cuda-nvprune
[WARNING]: Unable to write to directory: /var/log
[WARNING]: Unable to write uninstall manifest to /var/log/nvidia/.uninstallManifests/CUDA_Toolkit_12.6-components/CUDA_Compiler_12.6-components/!
[INFO]: Installing: CUDA Demo Suite 12.6
[WARNING]: Unable to write to directory: /var/log
[WARNING]: Unable to write uninstall manifest to /var/log/nvidia/.uninstallManifests/!
[WARNING]: Unable to create .pc files, permission denied at /usr/local/cuda-12.6//pkgconfig/!
[INFO]: Installing: CUDA Documentation 12.6
[WARNING]: Unable to write to directory: /var/log
[WARNING]: Unable to write uninstall manifest to /var/log/nvidia/.uninstallManifests/!
[WARNING]: Unable to create .pc files, permission denied at /usr/local/cuda-12.6//pkgconfig/!
[WARNING]: Skipping copy. File already exists at: /workspace/formal_3D_flow_solver_FEM_SimVascular_lzy/sv1_3h/external/cuda-12.6/bin/cuda-uninstaller
