Iteration 1/10
Iteration 2/10
Iteration 3/10
Iteration 4/10
Iteration 5/10
Iteration 6/10
Iteration 7/10
Iteration 8/10
Iteration 9/10
Iteration 10/10
Final mesh improvement
{
  "status": "PASS",
  "python": "3.10.20 | packaged by Anaconda, Inc. | (main, Jun 11 2026, 15:13:20) [MSC v.1942 64 bit (AMD64)]",
  "python_executable": "D:\\anaconda3\\envs\\pmp\\python.exe",
  "vmtk_package_version": "1.5.0",
  "vtk_version": "9.2.6",
  "custom_tps_implementation": false,
  "operation": "remesh_cap",
  "official_remesher": "vmtkscripts.vmtkSurfaceRemeshing",
  "official_capper": "vmtkscripts.vmtkSurfaceCapper",
  "raw_points": 46312,
  "raw_cells": 92386,
  "remeshed_open_points": 191224,
  "remeshed_open_cells": 101811,
  "capped_points": 191224,
  "capped_cells": 102004,
  "cell_entity_ids": [
    1,
    2,
    3,
    4,
    5
  ],
  "wall_entity_id": 1,
  "cap_entity_ids": [
    2,
    3,
    4,
    5
  ],
  "remesh": {
    "element_size_mode": "edgelength",
    "target_edge_length_um": 0.25913916380971913,
    "preserve_boundary_edges": true,
    "parameter_sweep_count": 0,
    "target_size_count": 1
  },
  "cap": {
    "method": "simple",
    "cell_entity_ids_array_name": "CellEntityIds",
    "cell_entity_id_offset": 1
  }
}
