A_real_single_mb_orbit 0 / 180
A_real_single_mb_orbit 60 / 180
A_real_single_mb_orbit 120 / 180
Written particle8_full3d_A_real_single_mb_orbit
A_real_single_mb_fixed 0 / 180
A_real_single_mb_fixed 60 / 180
A_real_single_mb_fixed 120 / 180
Written particle8_full3d_A_real_single_mb_fixed
B_real_mixed_smoke_orbit 0 / 180
B_real_mixed_smoke_orbit 60 / 180
B_real_mixed_smoke_orbit 120 / 180
Written particle8_full3d_B_real_mixed_smoke_orbit
C_synthetic_lifecycle_orbit 0 / 195
C_synthetic_lifecycle_orbit 60 / 195
C_synthetic_lifecycle_orbit 120 / 195
C_synthetic_lifecycle_orbit 180 / 195
Written particle8_full3d_C_synthetic_lifecycle_orbit
D_restart_continuity_orbit 0 / 160
D_restart_continuity_orbit 60 / 160
D_restart_continuity_orbit 120 / 160
Written particle8_full3d_D_restart_continuity_orbit
