WALL 22655 45221 BoundsTuple(x_min = 7.894550799392164e-05,
            x_max = 0.00017674970149528235,
            y_min = 4.1103659896180034e-05,
            y_max = 0.00013389615924097598,
            z_min = 7.978476787684485e-05,
            z_max = 0.0001598619855940342)
OUTLET_03 71 117 BoundsTuple(x_min = 0.00017637142445892096,
            x_max = 0.00017674970149528235,
            y_min = 9.583664359524846e-05,
            y_max = 9.837183461058885e-05,
            z_min = 7.978476787684485e-05,
            z_max = 8.230428647948429e-05)
OUTLET_01 59 94 BoundsTuple(x_min = 0.0001125396229326725,
            x_max = 0.00011490468750707805,
            y_min = 0.00013364749611355364,
            y_max = 0.00013389615924097598,
            z_min = 9.803606371860951e-05,
            z_max = 0.00010038161417469382)
INLET 105 179 BoundsTuple(x_min = 0.0001021041753119789,
            x_max = 0.00010524850222282112,
            y_min = 5.638724906020798e-05,
            y_max = 5.8717731008073315e-05,
            z_min = 0.00015774702478665859,
            z_max = 0.0001598619855940342)
OUTLET_02 57 93 BoundsTuple(x_min = 7.894550799392164e-05,
            x_max = 7.99265326349996e-05,
            y_min = 4.213372085359879e-05,
            y_max = 4.424356666277163e-05,
            z_min = 0.0001092730017262511,
            z_max = 0.00011160077701788396)
VTK render class vtkXOpenGLRenderWindow
