concurrent.futures.process._RemoteTraceback: 
"""
Traceback (most recent call last):
  File "/.uv/python_install/cpython-3.13.15-linux-x86_64-gnu/lib/python3.13/concurrent/futures/process.py", line 254, in _process_worker
    r = call_item.fn(*call_item.args, **call_item.kwargs)
  File "/workspace/particle9a1_routing_stationary_audit_20260924T064607Z/particle_3d/src/particle_3d/stationary_radius_audit.py", line 123, in radius_job
    trial=virtual_trial(pid,radius,ratio,row,final,folder);trials.append(trial)
  File "/workspace/particle9a1_routing_stationary_audit_20260924T064607Z/particle_3d/src/particle_3d/stationary_radius_audit.py", line 92, in virtual_trial
    stepper.step_to(target);x=stepper.read()[0].position;delta=x-previous
    ~~~~~~~~~~~~~~~^^^^^^^^
  File "/workspace/particle9a1_routing_stationary_audit_20260924T064607Z/particle_3d/src/particle_3d/particle81_simulation.py", line 134, in step_to
    try:return self.advance_cached(end_time) if self.memoize else super().step_to(end_time)
               ~~~~~~~~~~~~~~~~~~~^^^^^^^^^^
  File "/workspace/particle9a1_routing_stationary_audit_20260924T064607Z/particle_3d/src/particle_3d/particle65_motion.py", line 124, in step_to
    world,_=refine_interval(old,end_time,trial,ledger=self.ledger);self.step_index+=1
            ~~~~~~~~~~~~~~~^^^^^^^^^^^^^^^^^^^^^^^^^^^^^^^^^^^^^^^
  File "/workspace/particle9a1_routing_stationary_audit_20260924T064607Z/particle_3d/src/particle_3d/physical_time_refinement.py", line 33, in refine_interval
    new,proof=trial(state,end-begin)
              ~~~~~^^^^^^^^^^^^^^^^^
  File "/workspace/particle9a1_routing_stationary_audit_20260924T064607Z/particle_3d/src/particle_3d/particle65_motion.py", line 50, in trial
    system=assemble_v1(old.shapes,free,mu,wall,policy=policy,raw_candidates=raw)
  File "/workspace/particle9a1_routing_stationary_audit_20260924T064607Z/particle_3d/src/particle_3d/particle9a_motion.py", line 61, in assembly
    system=augment_planar_system(base(shapes,free,mu,wall,**options),shapes,
        mu,wall,gradient_provider,gap_query)
  File "/workspace/particle9a1_routing_stationary_audit_20260924T064607Z/particle_3d/src/particle_3d/particle9a_motion.py", line 39, in augment_planar_system
    gap.normal_inward,gradient_at(shape.center_m),system.free[6*k:6*k+6])
                      ~~~~~~~~~~~^^^^^^^^^^^^^^^^
  File "/workspace/particle9a1_routing_stationary_audit_20260924T064607Z/particle_3d/src/particle_3d/stationary_radius_audit.py", line 86, in <lambda>
    gradient_provider=lambda s:env.field.sample(s.center_m).velocity_gradient_s_inv)
                                                ^^^^^^^^^^
AttributeError: 'numpy.ndarray' object has no attribute 'center_m'
"""

The above exception was the direct cause of the following exception:

Traceback (most recent call last):
  File "/workspace/particle9a1_routing_stationary_audit_20260924T064607Z/particle_3d/scripts/run_stationary_radius_audit.py", line 22, in <module>
    if __name__=='__main__':main()
                            ~~~~^^
  File "/workspace/particle9a1_routing_stationary_audit_20260924T064607Z/particle_3d/scripts/run_stationary_radius_audit.py", line 20, in main
    result=f.result();results.append(result);dump(R/'data/radius_progress.json',results);print(result['particle_id'],result['classification'],[(t['radius_ratio'],t['status']) for t in result['trials']],flush=True)
  File "/.uv/python_install/cpython-3.13.15-linux-x86_64-gnu/lib/python3.13/concurrent/futures/_base.py", line 453, in result
    return self.__get_result()
           ~~~~~~~~~~~~~~~~~^^
  File "/.uv/python_install/cpython-3.13.15-linux-x86_64-gnu/lib/python3.13/concurrent/futures/_base.py", line 402, in __get_result
    raise self._exception
AttributeError: 'numpy.ndarray' object has no attribute 'center_m'
