MB_BATCH 1 / 720 workers 8
MB_BATCH 2 / 720 workers 8
MB_BATCH 3 / 720 workers 8
MB_BATCH 4 / 720 workers 8
MB_BATCH 5 / 720 workers 8
MB_BATCH 6 / 720 workers 8
MB_BATCH 7 / 720 workers 8
MB_BATCH 8 / 720 workers 8
MB_BATCH 9 / 720 workers 8
MB_BATCH 10 / 720 workers 8
MB_BATCH 11 / 720 workers 8
MB_BATCH 12 / 720 workers 8
MB_BATCH 13 / 720 workers 8
MB_BATCH 14 / 720 workers 8
MB_BATCH 15 / 720 workers 8
MB_BATCH 16 / 720 workers 8
MB_BATCH 17 / 720 workers 8
MB_BATCH 18 / 720 workers 8
MB_BATCH 19 / 720 workers 8
MB_BATCH 20 / 720 workers 8
MB_BATCH 21 / 720 workers 8
MB_BATCH 22 / 720 workers 8
MB_BATCH 23 / 720 workers 8
MB_BATCH 24 / 720 workers 8
MB_BATCH 25 / 720 workers 8
MB_BATCH 26 / 720 workers 8
MB_BATCH 27 / 720 workers 8
MB_BATCH 28 / 720 workers 8
MB_BATCH 29 / 720 workers 8
MB_BATCH 30 / 720 workers 8
MB_BATCH 31 / 720 workers 8
MB_BATCH 32 / 720 workers 8
MB_BATCH 33 / 720 workers 8
MB_BATCH 34 / 720 workers 8
MB_BATCH 35 / 720 workers 8
MB_BATCH 36 / 720 workers 8
MB_BATCH 37 / 720 workers 8
MB_BATCH 38 / 720 workers 8
MB_BATCH 39 / 720 workers 8
MB_BATCH 40 / 720 workers 8
MB_BATCH 41 / 720 workers 8
MB_BATCH 42 / 720 workers 8
MB_BATCH 43 / 720 workers 8
MB_BATCH 44 / 720 workers 8
MB_BATCH 45 / 720 workers 8
MB_BATCH 46 / 720 workers 8
MB_BATCH 47 / 720 workers 8
MB_BATCH 48 / 720 workers 8
MB_BATCH 49 / 720 workers 8
MB_BATCH 50 / 720 workers 8
MB_BATCH 51 / 720 workers 8
MB_BATCH 52 / 720 workers 8
MB_BATCH 53 / 720 workers 8
MB_BATCH 54 / 720 workers 8
MB_BATCH 55 / 720 workers 8
MB_BATCH 56 / 720 workers 8
MB_BATCH 57 / 720 workers 8
MB_BATCH 58 / 720 workers 8
MB_BATCH 59 / 720 workers 8
MB_BATCH 60 / 720 workers 8
MB_BATCH 61 / 720 workers 8
MB_BATCH 62 / 720 workers 8
MB_BATCH 63 / 720 workers 8
MB_BATCH 64 / 720 workers 8
MB_BATCH 65 / 720 workers 8
MB_BATCH 66 / 720 workers 8
MB_BATCH 67 / 720 workers 8
MB_BATCH 68 / 720 workers 8
MB_BATCH 69 / 720 workers 8
MB_BATCH 70 / 720 workers 8
MB_BATCH 71 / 720 workers 8
MB_BATCH 72 / 720 workers 8
MB_BATCH 73 / 720 workers 8
MB_BATCH 74 / 720 workers 8
MB_BATCH 75 / 720 workers 8
MB_BATCH 76 / 720 workers 8
MB_BATCH 77 / 720 workers 8
MB_BATCH 78 / 720 workers 8
MB_BATCH 79 / 720 workers 8
MB_BATCH 80 / 720 workers 8
MB_BATCH 81 / 720 workers 8
MB_BATCH 82 / 720 workers 8
MB_BATCH 83 / 720 workers 8
MB_BATCH 84 / 720 workers 8
MB_BATCH 85 / 720 workers 8
MB_BATCH 86 / 720 workers 8
MB_BATCH 87 / 720 workers 8
MB_BATCH 88 / 720 workers 8
MB_BATCH 89 / 720 workers 8
MB_BATCH 90 / 720 workers 8
MB_BATCH 91 / 720 workers 8
MB_BATCH 92 / 720 workers 8
MB_BATCH 93 / 720 workers 8
MB_BATCH 94 / 720 workers 8
MB_BATCH 95 / 720 workers 8
MB_BATCH 96 / 720 workers 8
MB_BATCH 97 / 720 workers 8
MB_BATCH 98 / 720 workers 8
MB_BATCH 99 / 720 workers 8
MB_BATCH 100 / 720 workers 8
MB_BATCH 101 / 720 workers 8
MB_BATCH 102 / 720 workers 8
MB_BATCH 103 / 720 workers 8
MB_BATCH 104 / 720 workers 8
MB_BATCH 105 / 720 workers 8
MB_BATCH 106 / 720 workers 8
MB_BATCH 107 / 720 workers 8
MB_BATCH 108 / 720 workers 8
MB_BATCH 109 / 720 workers 8
MB_BATCH 110 / 720 workers 8
MB_BATCH 111 / 720 workers 8
MB_BATCH 112 / 720 workers 8
MB_BATCH 113 / 720 workers 8
MB_BATCH 114 / 720 workers 8
MB_BATCH 115 / 720 workers 8
MB_BATCH 116 / 720 workers 8
MB_BATCH 117 / 720 workers 8
MB_BATCH 118 / 720 workers 8
MB_BATCH 119 / 720 workers 8
MB_BATCH 120 / 720 workers 8
MB_BATCH 121 / 720 workers 8
MB_BATCH 122 / 720 workers 8
MB_BATCH 123 / 720 workers 8
MB_BATCH 124 / 720 workers 8
MB_BATCH 125 / 720 workers 8
MB_BATCH 126 / 720 workers 8
MB_BATCH 127 / 720 workers 8
MB_BATCH 128 / 720 workers 8
MB_BATCH 129 / 720 workers 8
MB_BATCH 130 / 720 workers 8
MB_BATCH 131 / 720 workers 8
MB_BATCH 132 / 720 workers 8
MB_BATCH 133 / 720 workers 8
MB_BATCH 134 / 720 workers 8
MB_BATCH 135 / 720 workers 8
MB_BATCH 136 / 720 workers 8
MB_BATCH 137 / 720 workers 8
MB_BATCH 138 / 720 workers 8
MB_BATCH 139 / 720 workers 8
MB_BATCH 140 / 720 workers 8
MB_BATCH 141 / 720 workers 8
MB_BATCH 142 / 720 workers 8
MB_BATCH 143 / 720 workers 8
MB_BATCH 144 / 720 workers 8
MB_BATCH 145 / 720 workers 8
MB_BATCH 146 / 720 workers 8
MB_BATCH 147 / 720 workers 8
MB_BATCH 148 / 720 workers 8
MB_BATCH 149 / 720 workers 8
MB_BATCH 150 / 720 workers 8
MB_BATCH 151 / 720 workers 8
MB_BATCH 152 / 720 workers 8
MB_BATCH 153 / 720 workers 8
MB_BATCH 154 / 720 workers 8
MB_BATCH 155 / 720 workers 8
MB_BATCH 156 / 720 workers 8
MB_BATCH 157 / 720 workers 8
MB_BATCH 158 / 720 workers 8
MB_BATCH 159 / 720 workers 8
MB_BATCH 160 / 720 workers 8
MB_BATCH 161 / 720 workers 8
MB_BATCH 162 / 720 workers 8
MB_BATCH 163 / 720 workers 8
MB_BATCH 164 / 720 workers 8
MB_BATCH 165 / 720 workers 8
MB_BATCH 166 / 720 workers 8
MB_BATCH 167 / 720 workers 8
MB_BATCH 168 / 720 workers 8
MB_BATCH 169 / 720 workers 8
MB_BATCH 170 / 720 workers 8
MB_BATCH 171 / 720 workers 8
MB_BATCH 172 / 720 workers 8
MB_BATCH 173 / 720 workers 8
MB_BATCH 174 / 720 workers 8
MB_BATCH 175 / 720 workers 8
MB_BATCH 176 / 720 workers 8
MB_BATCH 177 / 720 workers 8
MB_BATCH 178 / 720 workers 8
MB_BATCH 179 / 720 workers 8
MB_BATCH 180 / 720 workers 8
MB_BATCH 181 / 720 workers 8
MB_BATCH 182 / 720 workers 8
MB_BATCH 183 / 720 workers 8
MB_BATCH 184 / 720 workers 8
MB_BATCH 185 / 720 workers 8
MB_BATCH 186 / 720 workers 8
MB_BATCH 187 / 720 workers 8
MB_BATCH 188 / 720 workers 8
MB_BATCH 189 / 720 workers 8
MB_BATCH 190 / 720 workers 8
MB_BATCH 191 / 720 workers 8
MB_BATCH 192 / 720 workers 8
MB_BATCH 193 / 720 workers 8
MB_BATCH 194 / 720 workers 8
MB_BATCH 195 / 720 workers 8
MB_BATCH 196 / 720 workers 8
MB_BATCH 197 / 720 workers 8
MB_BATCH 198 / 720 workers 8
MB_BATCH 199 / 720 workers 8
MB_BATCH 200 / 720 workers 8
MB_BATCH 201 / 720 workers 8
MB_BATCH 202 / 720 workers 8
MB_BATCH 203 / 720 workers 8
MB_BATCH 204 / 720 workers 8
MB_BATCH 205 / 720 workers 8
MB_BATCH 206 / 720 workers 8
MB_BATCH 207 / 720 workers 8
MB_BATCH 208 / 720 workers 8
MB_BATCH 209 / 720 workers 8
MB_BATCH 210 / 720 workers 8
MB_BATCH 211 / 720 workers 8
MB_BATCH 212 / 720 workers 8
MB_BATCH 213 / 720 workers 8
MB_BATCH 214 / 720 workers 8
MB_BATCH 215 / 720 workers 8
MB_BATCH 216 / 720 workers 8
MB_BATCH 217 / 720 workers 8
MB_BATCH 218 / 720 workers 8
MB_BATCH 219 / 720 workers 8
MB_BATCH 220 / 720 workers 8
MB_BATCH 221 / 720 workers 8
MB_BATCH 222 / 720 workers 8
MB_BATCH 223 / 720 workers 8
MB_BATCH 224 / 720 workers 8
MB_BATCH 225 / 720 workers 8
MB_BATCH 226 / 720 workers 8
MB_BATCH 227 / 720 workers 8
MB_BATCH 228 / 720 workers 8
MB_BATCH 229 / 720 workers 8
MB_BATCH 230 / 720 workers 8
MB_BATCH 231 / 720 workers 8
MB_BATCH 232 / 720 workers 8
MB_BATCH 233 / 720 workers 8
MB_BATCH 234 / 720 workers 8
MB_BATCH 235 / 720 workers 8
MB_BATCH 236 / 720 workers 8
MB_BATCH 237 / 720 workers 8
MB_BATCH 238 / 720 workers 8
MB_BATCH 239 / 720 workers 8
MB_BATCH 240 / 720 workers 8
MB_BATCH 241 / 720 workers 8
MB_BATCH 242 / 720 workers 8
MB_BATCH 243 / 720 workers 8
MB_BATCH 244 / 720 workers 8
MB_BATCH 245 / 720 workers 8
MB_BATCH 246 / 720 workers 8
MB_BATCH 247 / 720 workers 8
MB_BATCH 248 / 720 workers 8
MB_BATCH 249 / 720 workers 8
MB_BATCH 250 / 720 workers 8
MB_BATCH 251 / 720 workers 8
MB_BATCH 252 / 720 workers 8
MB_BATCH 253 / 720 workers 8
MB_BATCH 254 / 720 workers 8
MB_BATCH 255 / 720 workers 8
MB_BATCH 256 / 720 workers 8
MB_BATCH 257 / 720 workers 8
MB_BATCH 258 / 720 workers 8
MB_BATCH 259 / 720 workers 8
MB_BATCH 260 / 720 workers 8
MB_BATCH 261 / 720 workers 8
MB_BATCH 262 / 720 workers 8
MB_BATCH 263 / 720 workers 8
MB_BATCH 264 / 720 workers 8
MB_BATCH 265 / 720 workers 8
MB_BATCH 266 / 720 workers 8
MB_BATCH 267 / 720 workers 8
MB_BATCH 268 / 720 workers 8
MB_BATCH 269 / 720 workers 8
MB_BATCH 270 / 720 workers 8
MB_BATCH 271 / 720 workers 8
MB_BATCH 272 / 720 workers 8
MB_BATCH 273 / 720 workers 8
MB_BATCH 274 / 720 workers 8
MB_BATCH 275 / 720 workers 8
MB_BATCH 276 / 720 workers 8
MB_BATCH 277 / 720 workers 8
MB_BATCH 278 / 720 workers 8
MB_BATCH 279 / 720 workers 8
MB_BATCH 280 / 720 workers 8
MB_BATCH 281 / 720 workers 8
MB_BATCH 282 / 720 workers 8
MB_BATCH 283 / 720 workers 8
MB_BATCH 284 / 720 workers 8
MB_BATCH 285 / 720 workers 8
MB_BATCH 286 / 720 workers 8
MB_BATCH 287 / 720 workers 8
MB_BATCH 288 / 720 workers 8
MB_BATCH 289 / 720 workers 8
MB_BATCH 290 / 720 workers 8
MB_BATCH 291 / 720 workers 8
MB_BATCH 292 / 720 workers 8
MB_BATCH 293 / 720 workers 8
MB_BATCH 294 / 720 workers 8
MB_BATCH 295 / 720 workers 8
MB_BATCH 296 / 720 workers 8
MB_BATCH 297 / 720 workers 8
MB_BATCH 298 / 720 workers 8
MB_BATCH 299 / 720 workers 8
MB_BATCH 300 / 720 workers 8
MB_BATCH 301 / 720 workers 8
MB_BATCH 302 / 720 workers 8
MB_BATCH 303 / 720 workers 8
MB_BATCH 304 / 720 workers 8
MB_BATCH 305 / 720 workers 8
MB_BATCH 306 / 720 workers 8
MB_BATCH 307 / 720 workers 8
MB_BATCH 308 / 720 workers 8
MB_BATCH 309 / 720 workers 8
MB_BATCH 310 / 720 workers 8
MB_BATCH 311 / 720 workers 8
MB_BATCH 312 / 720 workers 8
MB_BATCH 313 / 720 workers 8
MB_BATCH 314 / 720 workers 8
MB_BATCH 315 / 720 workers 8
MB_BATCH 316 / 720 workers 8
MB_BATCH 317 / 720 workers 8
MB_BATCH 318 / 720 workers 8
MB_BATCH 319 / 720 workers 8
MB_BATCH 320 / 720 workers 8
MB_BATCH 321 / 720 workers 8
MB_BATCH 322 / 720 workers 8
MB_BATCH 323 / 720 workers 8
MB_BATCH 324 / 720 workers 8
MB_BATCH 325 / 720 workers 8
MB_BATCH 326 / 720 workers 8
MB_BATCH 327 / 720 workers 8
MB_BATCH 328 / 720 workers 8
MB_BATCH 329 / 720 workers 8
MB_BATCH 330 / 720 workers 8
MB_BATCH 331 / 720 workers 8
MB_BATCH 332 / 720 workers 8
MB_BATCH 333 / 720 workers 8
MB_BATCH 334 / 720 workers 8
MB_BATCH 335 / 720 workers 8
MB_BATCH 336 / 720 workers 8
MB_BATCH 337 / 720 workers 8
MB_BATCH 338 / 720 workers 8
MB_BATCH 339 / 720 workers 8
MB_BATCH 340 / 720 workers 8
MB_BATCH 341 / 720 workers 8
MB_BATCH 342 / 720 workers 8
MB_BATCH 343 / 720 workers 8
MB_BATCH 344 / 720 workers 8
MB_BATCH 345 / 720 workers 8
MB_BATCH 346 / 720 workers 8
MB_BATCH 347 / 720 workers 8
MB_BATCH 348 / 720 workers 8
MB_BATCH 349 / 720 workers 8
MB_BATCH 350 / 720 workers 8
MB_BATCH 351 / 720 workers 8
MB_BATCH 352 / 720 workers 8
MB_BATCH 353 / 720 workers 8
MB_BATCH 354 / 720 workers 8
MB_BATCH 355 / 720 workers 8
MB_BATCH 356 / 720 workers 8
MB_BATCH 357 / 720 workers 8
MB_BATCH 358 / 720 workers 8
MB_BATCH 359 / 720 workers 8
MB_BATCH 361 / 720 workers 8
MB_BATCH 362 / 720 workers 8
MB_BATCH 363 / 720 workers 8
MB_BATCH 364 / 720 workers 8
MB_BATCH 365 / 720 workers 8
MB_BATCH 366 / 720 workers 8
MB_BATCH 367 / 720 workers 8
MB_BATCH 368 / 720 workers 8
MB_BATCH 369 / 720 workers 8
MB_BATCH 370 / 720 workers 8
MB_BATCH 371 / 720 workers 8
MB_BATCH 372 / 720 workers 8
MB_BATCH 373 / 720 workers 8
MB_BATCH 374 / 720 workers 8
MB_BATCH 375 / 720 workers 8
MB_BATCH 376 / 720 workers 8
MB_BATCH 377 / 720 workers 8
MB_BATCH 378 / 720 workers 8
MB_BATCH 379 / 720 workers 8
MB_BATCH 380 / 720 workers 8
MB_BATCH 381 / 720 workers 8
MB_BATCH 382 / 720 workers 8
MB_BATCH 383 / 720 workers 8
MB_BATCH 384 / 720 workers 8
MB_BATCH 385 / 720 workers 8
MB_BATCH 386 / 720 workers 8
MB_BATCH 387 / 720 workers 8
MB_BATCH 388 / 720 workers 8
MB_BATCH 389 / 720 workers 8
MB_BATCH 390 / 720 workers 8
MB_BATCH 391 / 720 workers 8
MB_BATCH 392 / 720 workers 8
MB_BATCH 393 / 720 workers 8
MB_BATCH 394 / 720 workers 8
MB_BATCH 395 / 720 workers 8
MB_BATCH 396 / 720 workers 8
MB_BATCH 397 / 720 workers 8
MB_BATCH 398 / 720 workers 8
MB_BATCH 399 / 720 workers 8
MB_BATCH 400 / 720 workers 8
MB_BATCH 401 / 720 workers 8
MB_BATCH 402 / 720 workers 8
MB_BATCH 403 / 720 workers 8
MB_BATCH 404 / 720 workers 8
MB_BATCH 405 / 720 workers 8
MB_BATCH 406 / 720 workers 8
MB_BATCH 407 / 720 workers 8
MB_BATCH 408 / 720 workers 8
MB_BATCH 409 / 720 workers 8
MB_BATCH 410 / 720 workers 8
MB_BATCH 411 / 720 workers 8
MB_BATCH 412 / 720 workers 8
MB_BATCH 413 / 720 workers 8
MB_BATCH 414 / 720 workers 8
MB_BATCH 415 / 720 workers 8
MB_BATCH 416 / 720 workers 8
MB_BATCH 417 / 720 workers 8
MB_BATCH 418 / 720 workers 8
MB_BATCH 419 / 720 workers 8
MB_BATCH 420 / 720 workers 8
MB_BATCH 421 / 720 workers 8
MB_BATCH 422 / 720 workers 8
MB_BATCH 423 / 720 workers 8
MB_BATCH 424 / 720 workers 8
MB_BATCH 425 / 720 workers 8
MB_BATCH 426 / 720 workers 8
MB_BATCH 427 / 720 workers 8
MB_BATCH 428 / 720 workers 8
MB_BATCH 429 / 720 workers 8
MB_BATCH 430 / 720 workers 8
MB_BATCH 431 / 720 workers 8
MB_BATCH 432 / 720 workers 8
MB_BATCH 433 / 720 workers 8
MB_BATCH 434 / 720 workers 8
MB_BATCH 435 / 720 workers 8
MB_BATCH 436 / 720 workers 8
MB_BATCH 437 / 720 workers 8
MB_BATCH 438 / 720 workers 8
MB_BATCH 439 / 720 workers 8
MB_BATCH 440 / 720 workers 8
MB_BATCH 441 / 720 workers 8
MB_BATCH 442 / 720 workers 8
MB_BATCH 443 / 720 workers 8
MB_BATCH 444 / 720 workers 8
MB_BATCH 445 / 720 workers 8
MB_BATCH 446 / 720 workers 8
MB_BATCH 447 / 720 workers 8
MB_BATCH 448 / 720 workers 8
MB_BATCH 449 / 720 workers 8
MB_BATCH 450 / 720 workers 8
MB_BATCH 451 / 720 workers 8
MB_BATCH 452 / 720 workers 8
MB_BATCH 453 / 720 workers 8
MB_BATCH 454 / 720 workers 8
MB_BATCH 455 / 720 workers 8
MB_BATCH 456 / 720 workers 8
MB_BATCH 457 / 720 workers 8
MB_BATCH 458 / 720 workers 8
MB_BATCH 459 / 720 workers 8
MB_BATCH 460 / 720 workers 8
MB_BATCH 461 / 720 workers 8
MB_BATCH 462 / 720 workers 8
MB_BATCH 463 / 720 workers 8
MB_BATCH 464 / 720 workers 8
MB_BATCH 465 / 720 workers 8
MB_BATCH 466 / 720 workers 8
MB_BATCH 467 / 720 workers 8
MB_BATCH 468 / 720 workers 8
MB_BATCH 469 / 720 workers 8
MB_BATCH 470 / 720 workers 8
MB_BATCH 471 / 720 workers 8
MB_BATCH 472 / 720 workers 8
MB_BATCH 473 / 720 workers 8
MB_BATCH 474 / 720 workers 8
MB_BATCH 475 / 720 workers 8
MB_BATCH 476 / 720 workers 8
MB_BATCH 477 / 720 workers 8
MB_BATCH 478 / 720 workers 8
MB_BATCH 479 / 720 workers 8
MB_BATCH 480 / 720 workers 8
MB_BATCH 481 / 720 workers 8
MB_BATCH 482 / 720 workers 8
MB_BATCH 483 / 720 workers 8
MB_BATCH 484 / 720 workers 8
MB_BATCH 485 / 720 workers 8
MB_BATCH 486 / 720 workers 8
MB_BATCH 487 / 720 workers 8
MB_BATCH 488 / 720 workers 8
MB_BATCH 489 / 720 workers 8
MB_BATCH 490 / 720 workers 8
MB_BATCH 491 / 720 workers 8
MB_BATCH 492 / 720 workers 8
MB_BATCH 493 / 720 workers 8
MB_BATCH 494 / 720 workers 8
MB_BATCH 495 / 720 workers 8
MB_BATCH 496 / 720 workers 8
MB_BATCH 497 / 720 workers 8
MB_BATCH 498 / 720 workers 8
MB_BATCH 499 / 720 workers 8
MB_BATCH 500 / 720 workers 8
MB_BATCH 501 / 720 workers 8
MB_BATCH 502 / 720 workers 8
MB_BATCH 503 / 720 workers 8
MB_BATCH 504 / 720 workers 8
MB_BATCH 505 / 720 workers 8
MB_BATCH 506 / 720 workers 8
MB_BATCH 507 / 720 workers 8
MB_BATCH 508 / 720 workers 8
MB_BATCH 509 / 720 workers 8
MB_BATCH 510 / 720 workers 8
MB_BATCH 511 / 720 workers 8
MB_BATCH 512 / 720 workers 8
MB_BATCH 513 / 720 workers 8
MB_BATCH 514 / 720 workers 8
MB_BATCH 515 / 720 workers 8
MB_BATCH 516 / 720 workers 8
MB_BATCH 517 / 720 workers 8
MB_BATCH 518 / 720 workers 8
MB_BATCH 519 / 720 workers 8
MB_BATCH 520 / 720 workers 8
MB_BATCH 521 / 720 workers 8
MB_BATCH 522 / 720 workers 8
MB_BATCH 523 / 720 workers 8
MB_BATCH 524 / 720 workers 8
MB_BATCH 525 / 720 workers 8
MB_BATCH 526 / 720 workers 8
MB_BATCH 527 / 720 workers 8
MB_BATCH 528 / 720 workers 8
MB_BATCH 529 / 720 workers 8
MB_BATCH 530 / 720 workers 8
MB_BATCH 531 / 720 workers 8
MB_BATCH 532 / 720 workers 8
MB_BATCH 533 / 720 workers 8
MB_BATCH 534 / 720 workers 8
MB_BATCH 535 / 720 workers 8
MB_BATCH 536 / 720 workers 8
MB_BATCH 537 / 720 workers 8
MB_BATCH 538 / 720 workers 8
MB_BATCH 539 / 720 workers 8
MB_BATCH 540 / 720 workers 8
MB_BATCH 541 / 720 workers 8
MB_BATCH 542 / 720 workers 8
MB_BATCH 543 / 720 workers 8
MB_BATCH 544 / 720 workers 8
MB_BATCH 545 / 720 workers 8
MB_BATCH 546 / 720 workers 8
MB_BATCH 547 / 720 workers 8
MB_BATCH 548 / 720 workers 8
MB_BATCH 549 / 720 workers 8
MB_BATCH 550 / 720 workers 8
MB_BATCH 551 / 720 workers 8
MB_BATCH 552 / 720 workers 8
MB_BATCH 553 / 720 workers 8
MB_BATCH 554 / 720 workers 8
MB_BATCH 555 / 720 workers 8
MB_BATCH 556 / 720 workers 8
MB_BATCH 557 / 720 workers 8
MB_BATCH 558 / 720 workers 8
MB_BATCH 559 / 720 workers 8
MB_BATCH 560 / 720 workers 8
MB_BATCH 561 / 720 workers 8
MB_BATCH 562 / 720 workers 8
MB_BATCH 563 / 720 workers 8
MB_BATCH 564 / 720 workers 8
MB_BATCH 565 / 720 workers 8
MB_BATCH 566 / 720 workers 8
MB_BATCH 567 / 720 workers 8
MB_BATCH 568 / 720 workers 8
MB_BATCH 569 / 720 workers 8
MB_BATCH 570 / 720 workers 8
MB_BATCH 571 / 720 workers 8
MB_BATCH 572 / 720 workers 8
MB_BATCH 573 / 720 workers 8
MB_BATCH 574 / 720 workers 8
MB_BATCH 575 / 720 workers 8
MB_BATCH 576 / 720 workers 8
MB_BATCH 577 / 720 workers 8
MB_BATCH 578 / 720 workers 8
MB_BATCH 579 / 720 workers 8
MB_BATCH 580 / 720 workers 8
MB_BATCH 581 / 720 workers 8
MB_BATCH 582 / 720 workers 8
MB_BATCH 583 / 720 workers 8
MB_BATCH 584 / 720 workers 8
MB_BATCH 585 / 720 workers 8
MB_BATCH 586 / 720 workers 8
MB_BATCH 587 / 720 workers 8
MB_BATCH 588 / 720 workers 8
MB_BATCH 589 / 720 workers 8
MB_BATCH 590 / 720 workers 8
MB_BATCH 591 / 720 workers 8
MB_BATCH 592 / 720 workers 8
MB_BATCH 593 / 720 workers 8
MB_BATCH 594 / 720 workers 8
MB_BATCH 595 / 720 workers 8
MB_BATCH 596 / 720 workers 8
MB_BATCH 597 / 720 workers 8
MB_BATCH 598 / 720 workers 8
MB_BATCH 599 / 720 workers 8
MB_BATCH 600 / 720 workers 8
MB_BATCH 601 / 720 workers 8
MB_BATCH 602 / 720 workers 8
MB_BATCH 603 / 720 workers 8
MB_BATCH 604 / 720 workers 8
MB_BATCH 605 / 720 workers 8
MB_BATCH 606 / 720 workers 8
MB_BATCH 607 / 720 workers 8
MB_BATCH 608 / 720 workers 8
MB_BATCH 609 / 720 workers 8
MB_BATCH 610 / 720 workers 8
MB_BATCH 611 / 720 workers 8
MB_BATCH 612 / 720 workers 8
MB_BATCH 613 / 720 workers 8
MB_BATCH 614 / 720 workers 8
MB_BATCH 615 / 720 workers 8
MB_BATCH 616 / 720 workers 8
MB_BATCH 617 / 720 workers 8
MB_BATCH 618 / 720 workers 8
MB_BATCH 619 / 720 workers 8
MB_BATCH 620 / 720 workers 8
MB_BATCH 621 / 720 workers 8
MB_BATCH 622 / 720 workers 8
MB_BATCH 623 / 720 workers 8
MB_BATCH 624 / 720 workers 8
MB_BATCH 625 / 720 workers 8
MB_BATCH 626 / 720 workers 8
MB_BATCH 627 / 720 workers 8
MB_BATCH 628 / 720 workers 8
MB_BATCH 629 / 720 workers 8
MB_BATCH 630 / 720 workers 8
MB_BATCH 631 / 720 workers 8
MB_BATCH 632 / 720 workers 8
MB_BATCH 633 / 720 workers 8
MB_BATCH 634 / 720 workers 8
MB_BATCH 635 / 720 workers 8
MB_BATCH 636 / 720 workers 8
MB_BATCH 637 / 720 workers 8
MB_BATCH 638 / 720 workers 8
MB_BATCH 639 / 720 workers 8
MB_BATCH 640 / 720 workers 8
MB_BATCH 641 / 720 workers 8
MB_BATCH 642 / 720 workers 8
MB_BATCH 643 / 720 workers 8
MB_BATCH 644 / 720 workers 8
MB_BATCH 645 / 720 workers 8
MB_BATCH 646 / 720 workers 8
MB_BATCH 647 / 720 workers 8
MB_BATCH 648 / 720 workers 8
MB_BATCH 649 / 720 workers 8
MB_BATCH 650 / 720 workers 8
MB_BATCH 651 / 720 workers 8
MB_BATCH 652 / 720 workers 8
MB_BATCH 653 / 720 workers 8
MB_BATCH 654 / 720 workers 8
MB_BATCH 655 / 720 workers 8
MB_BATCH 656 / 720 workers 8
MB_BATCH 657 / 720 workers 8
MB_BATCH 658 / 720 workers 8
MB_BATCH 659 / 720 workers 8
MB_BATCH 660 / 720 workers 8
MB_BATCH 661 / 720 workers 8
MB_BATCH 662 / 720 workers 8
MB_BATCH 663 / 720 workers 8
MB_BATCH 664 / 720 workers 8
MB_BATCH 665 / 720 workers 8
MB_BATCH 666 / 720 workers 8
MB_BATCH 667 / 720 workers 8
MB_BATCH 668 / 720 workers 8
MB_BATCH 669 / 720 workers 8
MB_BATCH 670 / 720 workers 8
MB_BATCH 671 / 720 workers 8
MB_BATCH 672 / 720 workers 8
MB_BATCH 673 / 720 workers 8
MB_BATCH 674 / 720 workers 8
MB_BATCH 675 / 720 workers 8
MB_BATCH 676 / 720 workers 8
MB_BATCH 677 / 720 workers 8
MB_BATCH 678 / 720 workers 8
MB_BATCH 679 / 720 workers 8
MB_BATCH 680 / 720 workers 8
MB_BATCH 681 / 720 workers 8
MB_BATCH 682 / 720 workers 8
MB_BATCH 683 / 720 workers 8
MB_BATCH 684 / 720 workers 8
MB_BATCH 685 / 720 workers 8
MB_BATCH 686 / 720 workers 8
MB_BATCH 687 / 720 workers 8
MB_BATCH 688 / 720 workers 8
MB_BATCH 689 / 720 workers 8
MB_BATCH 690 / 720 workers 8
MB_BATCH 691 / 720 workers 8
MB_BATCH 692 / 720 workers 8
MB_BATCH 693 / 720 workers 8
MB_BATCH 694 / 720 workers 8
MB_BATCH 695 / 720 workers 8
MB_BATCH 696 / 720 workers 8
MB_BATCH 697 / 720 workers 8
MB_BATCH 698 / 720 workers 8
MB_BATCH 699 / 720 workers 8
MB_BATCH 700 / 720 workers 8
MB_BATCH 701 / 720 workers 8
MB_BATCH 702 / 720 workers 8
MB_BATCH 703 / 720 workers 8
MB_BATCH 704 / 720 workers 8
MB_BATCH 705 / 720 workers 8
MB_BATCH 706 / 720 workers 8
MB_BATCH 707 / 720 workers 8
MB_BATCH 708 / 720 workers 8
MB_BATCH 709 / 720 workers 8
MB_BATCH 710 / 720 workers 8
MB_BATCH 711 / 720 workers 8
MB_BATCH 712 / 720 workers 8
MB_BATCH 713 / 720 workers 8
MB_BATCH 714 / 720 workers 8
MB_BATCH 715 / 720 workers 8
MB_BATCH 716 / 720 workers 8
MB_BATCH 717 / 720 workers 8
MB_BATCH 718 / 720 workers 8
MB_BATCH 719 / 720 workers 8
MB_BATCH 720 / 720 workers 8
MB_BATCH 1 / 720 workers 8
MB_BATCH 2 / 720 workers 8
MB_BATCH 3 / 720 workers 8
MB_BATCH 4 / 720 workers 8
MB_BATCH 5 / 720 workers 8
MB_BATCH 6 / 720 workers 8
MB_BATCH 7 / 720 workers 8
MB_BATCH 8 / 720 workers 8
MB_BATCH 9 / 720 workers 8
MB_BATCH 10 / 720 workers 8
MB_BATCH 11 / 720 workers 8
MB_BATCH 12 / 720 workers 8
MB_BATCH 13 / 720 workers 8
MB_BATCH 14 / 720 workers 8
MB_BATCH 15 / 720 workers 8
MB_BATCH 16 / 720 workers 8
MB_BATCH 17 / 720 workers 8
MB_BATCH 18 / 720 workers 8
MB_BATCH 19 / 720 workers 8
MB_BATCH 20 / 720 workers 8
MB_BATCH 21 / 720 workers 8
MB_BATCH 22 / 720 workers 8
MB_BATCH 23 / 720 workers 8
MB_BATCH 24 / 720 workers 8
MB_BATCH 25 / 720 workers 8
MB_BATCH 26 / 720 workers 8
MB_BATCH 27 / 720 workers 8
MB_BATCH 28 / 720 workers 8
MB_BATCH 29 / 720 workers 8
MB_BATCH 30 / 720 workers 8
MB_BATCH 31 / 720 workers 8
MB_BATCH 32 / 720 workers 8
MB_BATCH 33 / 720 workers 8
MB_BATCH 34 / 720 workers 8
MB_BATCH 35 / 720 workers 8
MB_BATCH 36 / 720 workers 8
MB_BATCH 37 / 720 workers 8
MB_BATCH 38 / 720 workers 8
MB_BATCH 39 / 720 workers 8
MB_BATCH 40 / 720 workers 8
MB_BATCH 41 / 720 workers 8
MB_BATCH 42 / 720 workers 8
MB_BATCH 43 / 720 workers 8
MB_BATCH 44 / 720 workers 8
MB_BATCH 45 / 720 workers 8
MB_BATCH 46 / 720 workers 8
MB_BATCH 47 / 720 workers 8
MB_BATCH 48 / 720 workers 8
MB_BATCH 49 / 720 workers 8
MB_BATCH 50 / 720 workers 8
MB_BATCH 51 / 720 workers 8
MB_BATCH 52 / 720 workers 8
MB_BATCH 53 / 720 workers 8
MB_BATCH 54 / 720 workers 8
MB_BATCH 55 / 720 workers 8
MB_BATCH 56 / 720 workers 8
MB_BATCH 57 / 720 workers 8
MB_BATCH 58 / 720 workers 8
MB_BATCH 59 / 720 workers 8
MB_BATCH 60 / 720 workers 8
MB_BATCH 61 / 720 workers 8
MB_BATCH 62 / 720 workers 8
MB_BATCH 63 / 720 workers 8
MB_BATCH 64 / 720 workers 8
MB_BATCH 65 / 720 workers 8
MB_BATCH 66 / 720 workers 8
MB_BATCH 67 / 720 workers 8
MB_BATCH 68 / 720 workers 8
MB_BATCH 69 / 720 workers 8
MB_BATCH 70 / 720 workers 8
MB_BATCH 71 / 720 workers 8
MB_BATCH 72 / 720 workers 8
MB_BATCH 73 / 720 workers 8
MB_BATCH 74 / 720 workers 8
MB_BATCH 75 / 720 workers 8
MB_BATCH 76 / 720 workers 8
MB_BATCH 77 / 720 workers 8
MB_BATCH 78 / 720 workers 8
MB_BATCH 79 / 720 workers 8
MB_BATCH 80 / 720 workers 8
MB_BATCH 81 / 720 workers 8
MB_BATCH 82 / 720 workers 8
MB_BATCH 83 / 720 workers 8
MB_BATCH 84 / 720 workers 8
MB_BATCH 85 / 720 workers 8
MB_BATCH 86 / 720 workers 8
MB_BATCH 87 / 720 workers 8
MB_BATCH 88 / 720 workers 8
MB_BATCH 89 / 720 workers 8
MB_BATCH 90 / 720 workers 8
MB_BATCH 91 / 720 workers 8
MB_BATCH 92 / 720 workers 8
MB_BATCH 93 / 720 workers 8
MB_BATCH 94 / 720 workers 8
MB_BATCH 95 / 720 workers 8
MB_BATCH 96 / 720 workers 8
MB_BATCH 97 / 720 workers 8
MB_BATCH 98 / 720 workers 8
MB_BATCH 99 / 720 workers 8
MB_BATCH 100 / 720 workers 8
MB_BATCH 101 / 720 workers 8
MB_BATCH 102 / 720 workers 8
MB_BATCH 103 / 720 workers 8
MB_BATCH 104 / 720 workers 8
MB_BATCH 105 / 720 workers 8
MB_BATCH 106 / 720 workers 8
