	linux-vdso.so.1 (0x00007ffea8175000)
	libHYPRE-3.1.0.so => /workspace/formal_3D_flow_solver_FEM_SimVascular_lzy/sv1_3p/external/petsc325_cuda13_hypre/install/lib/libHYPRE-3.1.0.so (0x00007fcfc98a4000)
	liblapack.so.3 => /usr/lib/x86_64-linux-gnu/liblapack.so.3 (0x00007fcfc91a8000)
	libblas.so.3 => /usr/lib/x86_64-linux-gnu/libblas.so.3 (0x00007fcfc9101000)
	libm.so.6 => /usr/lib/x86_64-linux-gnu/libm.so.6 (0x00007fcfc9018000)
	libcudart.so.13 => /usr/local/cuda/lib64/libcudart.so.13 (0x00007fcfc8c00000)
	libcublas.so.13 => /usr/local/cuda/lib64/libcublas.so.13 (0x00007fcfc5600000)
	libcusparse.so.12 => /usr/local/cuda/lib64/libcusparse.so.12 (0x00007fcfbb400000)
	libcusolver.so.12 => /usr/local/cuda/lib64/libcusolver.so.12 (0x00007fcfb1c00000)
	libcurand.so.10 => /usr/local/cuda/lib64/libcurand.so.10 (0x00007fcfa9400000)
	libnvidia-ml.so.1 => /usr/lib/x86_64-linux-gnu/libnvidia-ml.so.1 (0x00007fcfa82e7000)
	libstdc++.so.6 => /usr/lib/x86_64-linux-gnu/libstdc++.so.6 (0x00007fcfa8069000)
	libmpi.so.40 => /workspace/formal_3D_flow_solver_FEM_SimVascular_lzy/sv1_3l/external/gpu_mpi_fortran/lib/libmpi.so.40 (0x00007fcfc8ed2000)
	libgcc_s.so.1 => /usr/lib/x86_64-linux-gnu/libgcc_s.so.1 (0x00007fcfbb3d2000)
	libc.so.6 => /usr/lib/x86_64-linux-gnu/libc.so.6 (0x00007fcfa7e56000)
	/lib64/ld-linux-x86-64.so.2 (0x00007fcfce122000)
	libgfortran.so.5 => /usr/lib/x86_64-linux-gnu/libgfortran.so.5 (0x00007fcfa7b38000)
	libdl.so.2 => /usr/lib/x86_64-linux-gnu/libdl.so.2 (0x00007fcfc8ecb000)
	libpthread.so.0 => /usr/lib/x86_64-linux-gnu/libpthread.so.0 (0x00007fcfc8ec6000)
	librt.so.1 => /usr/lib/x86_64-linux-gnu/librt.so.1 (0x00007fcfc8ec1000)
	libcublasLt.so.13 => /usr/local/cuda/lib64/libcublasLt.so.13 (0x00007fcf83600000)
	libnvJitLink.so.13 => /usr/local/cuda/lib64/libnvJitLink.so.13 (0x00007fcf7d51c000)
	libopen-rte.so.40 => /workspace/formal_3D_flow_solver_FEM_SimVascular_lzy/sv1_3l/external/gpu_mpi_fortran/lib/libopen-rte.so.40 (0x00007fcf7d45e000)
	libopen-pal.so.40 => /workspace/formal_3D_flow_solver_FEM_SimVascular_lzy/sv1_3l/external/gpu_mpi_fortran/lib/libopen-pal.so.40 (0x00007fcf7d348000)
	libz.so.1 => /usr/lib/x86_64-linux-gnu/libz.so.1 (0x00007fcfc8be4000)
