formal500 sampled 32 / 500
formal500 sampled 64 / 500
formal500 sampled 96 / 500
formal500 sampled 128 / 500
formal500 sampled 160 / 500
formal500 sampled 192 / 500
formal500 sampled 224 / 500
formal500 sampled 256 / 500
formal500 sampled 288 / 500
formal500 sampled 320 / 500
formal500 sampled 352 / 500
formal500 sampled 384 / 500
formal500 sampled 404 / 500
formal500 sampled 436 / 500
formal500 sampled 468 / 500
formal500 sampled 500 / 500
formal500 point {'OUTLET_01': 0, 'OUTLET_02': 498, 'OUTLET_03': 1, 'NO_EXIT': 1}
formal500 1 / 500 {"particle_id": 3, "completed": true, "outlet": "OUTLET_02", "reason": "OUTLET_02", "failure_detail": null, "wall_seconds": 14.294437553966418}
formal500 2 / 500 {"particle_id": 2, "completed": true, "outlet": "OUTLET_02", "reason": "OUTLET_02", "failure_detail": null, "wall_seconds": 16.11368228495121}
formal500 3 / 500 {"particle_id": 6, "completed": false, "outlet": "NO_EXIT", "reason": "INTEGRATION_SAFETY_STOP", "failure_detail": "EXACT_STATIONARY_COORDINATES_32_NOMINAL_STEPS_NOT_PHYSIOLOGICAL_TRAPPING_PROOF", "wall_seconds": 18.681572369067}
formal500 4 / 500 {"particle_id": 1, "completed": true, "outlet": "OUTLET_02", "reason": "OUTLET_02", "failure_detail": null, "wall_seconds": 20.679346713935956}
formal500 5 / 500 {"particle_id": 4, "completed": true, "outlet": "OUTLET_02", "reason": "OUTLET_02", "failure_detail": null, "wall_seconds": 21.43744698399678}
formal500 6 / 500 {"particle_id": 5, "completed": true, "outlet": "OUTLET_02", "reason": "OUTLET_02", "failure_detail": null, "wall_seconds": 21.640407732105814}
formal500 7 / 500 {"particle_id": 12, "completed": false, "outlet": "NO_EXIT", "reason": "INTEGRATION_SAFETY_STOP", "failure_detail": "EXACT_STATIONARY_COORDINATES_32_NOMINAL_STEPS_NOT_PHYSIOLOGICAL_TRAPPING_PROOF", "wall_seconds": 3.5288916449062526}
formal500 8 / 500 {"particle_id": 7, "completed": false, "outlet": "NO_EXIT", "reason": "INTEGRATION_SAFETY_STOP", "failure_detail": "EXACT_STATIONARY_COORDINATES_32_NOMINAL_STEPS_NOT_PHYSIOLOGICAL_TRAPPING_PROOF", "wall_seconds": 12.790994905051775}
formal500 9 / 500 {"particle_id": 9, "completed": false, "outlet": "NO_EXIT", "reason": "INTEGRATION_SAFETY_STOP", "failure_detail": "EXACT_STATIONARY_COORDINATES_32_NOMINAL_STEPS_NOT_PHYSIOLOGICAL_TRAPPING_PROOF", "wall_seconds": 10.419727463042364}
formal500 10 / 500 {"particle_id": 13, "completed": false, "outlet": "NO_EXIT", "reason": "INTEGRATION_SAFETY_STOP", "failure_detail": "EXACT_STATIONARY_COORDINATES_32_NOMINAL_STEPS_NOT_PHYSIOLOGICAL_TRAPPING_PROOF", "wall_seconds": 9.906322069000453}
formal500 11 / 500 {"particle_id": 10, "completed": true, "outlet": "OUTLET_02", "reason": "OUTLET_02", "failure_detail": null, "wall_seconds": 17.633161157020368}
formal500 12 / 500 {"particle_id": 11, "completed": true, "outlet": "OUTLET_02", "reason": "OUTLET_02", "failure_detail": null, "wall_seconds": 17.76973078493029}
formal500 13 / 500 {"particle_id": 8, "completed": true, "outlet": "OUTLET_02", "reason": "OUTLET_02", "failure_detail": null, "wall_seconds": 24.48050205607433}
formal500 14 / 500 {"particle_id": 14, "completed": true, "outlet": "OUTLET_02", "reason": "OUTLET_02", "failure_detail": null, "wall_seconds": 16.861015995964408}
formal500 15 / 500 {"particle_id": 15, "completed": false, "outlet": "NO_EXIT", "reason": "INTEGRATION_SAFETY_STOP", "failure_detail": "EXACT_STATIONARY_COORDINATES_32_NOMINAL_STEPS_NOT_PHYSIOLOGICAL_TRAPPING_PROOF", "wall_seconds": 19.0661988069769}
formal500 16 / 500 {"particle_id": 17, "completed": false, "outlet": "NO_EXIT", "reason": "INTEGRATION_SAFETY_STOP", "failure_detail": "EXACT_STATIONARY_COORDINATES_32_NOMINAL_STEPS_NOT_PHYSIOLOGICAL_TRAPPING_PROOF", "wall_seconds": 11.670912627945654}
formal500 17 / 500 {"particle_id": 16, "completed": true, "outlet": "OUTLET_02", "reason": "OUTLET_02", "failure_detail": null, "wall_seconds": 20.314458942972124}
formal500 18 / 500 {"particle_id": 19, "completed": true, "outlet": "OUTLET_02", "reason": "OUTLET_02", "failure_detail": null, "wall_seconds": 15.11155193799641}
formal500 19 / 500 {"particle_id": 18, "completed": true, "outlet": "OUTLET_02", "reason": "OUTLET_02", "failure_detail": null, "wall_seconds": 18.465745107037947}
formal500 20 / 500 {"particle_id": 20, "completed": true, "outlet": "OUTLET_02", "reason": "OUTLET_02", "failure_detail": null, "wall_seconds": 17.90532969799824}
formal500 21 / 500 {"particle_id": 21, "completed": true, "outlet": "OUTLET_02", "reason": "OUTLET_02", "failure_detail": null, "wall_seconds": 13.876631923019886}
formal500 22 / 500 {"particle_id": 23, "completed": false, "outlet": "NO_EXIT", "reason": "INTEGRATION_SAFETY_STOP", "failure_detail": "EXACT_STATIONARY_COORDINATES_32_NOMINAL_STEPS_NOT_PHYSIOLOGICAL_TRAPPING_PROOF", "wall_seconds": 9.232929311925545}
formal500 23 / 500 {"particle_id": 25, "completed": false, "outlet": "NO_EXIT", "reason": "INTEGRATION_SAFETY_STOP", "failure_detail": "EXACT_STATIONARY_COORDINATES_32_NOMINAL_STEPS_NOT_PHYSIOLOGICAL_TRAPPING_PROOF", "wall_seconds": 9.374776944052428}
formal500 24 / 500 {"particle_id": 24, "completed": true, "outlet": "OUTLET_02", "reason": "OUTLET_02", "failure_detail": null, "wall_seconds": 15.933332573971711}
formal500 25 / 500 {"particle_id": 26, "completed": true, "outlet": "OUTLET_02", "reason": "OUTLET_02", "failure_detail": null, "wall_seconds": 14.325283862068318}
formal500 26 / 500 {"particle_id": 22, "completed": true, "outlet": "OUTLET_02", "reason": "OUTLET_02", "failure_detail": null, "wall_seconds": 28.771692126058042}
formal500 27 / 500 {"particle_id": 27, "completed": true, "outlet": "OUTLET_02", "reason": "OUTLET_02", "failure_detail": null, "wall_seconds": 18.01234590995591}
formal500 28 / 500 {"particle_id": 28, "completed": true, "outlet": "OUTLET_02", "reason": "OUTLET_02", "failure_detail": null, "wall_seconds": 15.72592999401968}
formal500 29 / 500 {"particle_id": 30, "completed": true, "outlet": "OUTLET_02", "reason": "OUTLET_02", "failure_detail": null, "wall_seconds": 14.543241728912108}
formal500 30 / 500 {"particle_id": 29, "completed": true, "outlet": "OUTLET_02", "reason": "OUTLET_02", "failure_detail": null, "wall_seconds": 20.66818144300487}
formal500 31 / 500 {"particle_id": 32, "completed": true, "outlet": "OUTLET_02", "reason": "OUTLET_02", "failure_detail": null, "wall_seconds": 11.397141714929603}
formal500 32 / 500 {"particle_id": 31, "completed": true, "outlet": "OUTLET_02", "reason": "OUTLET_02", "failure_detail": null, "wall_seconds": 16.65010919701308}
formal500 33 / 500 {"particle_id": 34, "completed": true, "outlet": "OUTLET_02", "reason": "OUTLET_02", "failure_detail": null, "wall_seconds": 14.002000918029808}
formal500 34 / 500 {"particle_id": 36, "completed": false, "outlet": "NO_EXIT", "reason": "INTEGRATION_SAFETY_STOP", "failure_detail": "EXACT_STATIONARY_COORDINATES_32_NOMINAL_STEPS_NOT_PHYSIOLOGICAL_TRAPPING_PROOF", "wall_seconds": 8.945856300997548}
formal500 35 / 500 {"particle_id": 37, "completed": true, "outlet": "OUTLET_02", "reason": "OUTLET_02", "failure_detail": null, "wall_seconds": 8.720071322051808}
formal500 36 / 500 {"particle_id": 35, "completed": true, "outlet": "OUTLET_02", "reason": "OUTLET_02", "failure_detail": null, "wall_seconds": 17.88352854398545}
formal500 37 / 500 {"particle_id": 39, "completed": true, "outlet": "OUTLET_02", "reason": "OUTLET_02", "failure_detail": null, "wall_seconds": 12.72885530302301}
formal500 38 / 500 {"particle_id": 33, "completed": true, "outlet": "OUTLET_02", "reason": "OUTLET_02", "failure_detail": null, "wall_seconds": 29.90267188299913}
formal500 39 / 500 {"particle_id": 38, "completed": false, "outlet": "NO_EXIT", "reason": "INTEGRATION_SAFETY_STOP", "failure_detail": "EXACT_STATIONARY_COORDINATES_32_NOMINAL_STEPS_NOT_PHYSIOLOGICAL_TRAPPING_PROOF", "wall_seconds": 18.770545242005028}
formal500 40 / 500 {"particle_id": 41, "completed": false, "outlet": "NO_EXIT", "reason": "INTEGRATION_SAFETY_STOP", "failure_detail": "EXACT_STATIONARY_COORDINATES_32_NOMINAL_STEPS_NOT_PHYSIOLOGICAL_TRAPPING_PROOF", "wall_seconds": 13.965880368021317}
formal500 41 / 500 {"particle_id": 40, "completed": true, "outlet": "OUTLET_02", "reason": "OUTLET_02", "failure_detail": null, "wall_seconds": 20.500686064944603}
formal500 42 / 500 {"particle_id": 44, "completed": true, "outlet": "OUTLET_02", "reason": "OUTLET_02", "failure_detail": null, "wall_seconds": 10.347807924961671}
formal500 43 / 500 {"particle_id": 46, "completed": true, "outlet": "OUTLET_02", "reason": "OUTLET_02", "failure_detail": null, "wall_seconds": 7.7103783279890195}
formal500 44 / 500 {"particle_id": 42, "completed": true, "outlet": "OUTLET_02", "reason": "OUTLET_02", "failure_detail": null, "wall_seconds": 17.332923540030606}
formal500 45 / 500 {"particle_id": 43, "completed": false, "outlet": "NO_EXIT", "reason": "INTEGRATION_SAFETY_STOP", "failure_detail": "EXACT_STATIONARY_COORDINATES_32_NOMINAL_STEPS_NOT_PHYSIOLOGICAL_TRAPPING_PROOF", "wall_seconds": 16.226159275043756}
formal500 46 / 500 {"particle_id": 45, "completed": true, "outlet": "OUTLET_02", "reason": "OUTLET_02", "failure_detail": null, "wall_seconds": 17.560529157985002}
formal500 47 / 500 {"particle_id": 49, "completed": true, "outlet": "OUTLET_02", "reason": "OUTLET_02", "failure_detail": null, "wall_seconds": 10.43401237402577}
formal500 48 / 500 {"particle_id": 47, "completed": true, "outlet": "OUTLET_02", "reason": "OUTLET_02", "failure_detail": null, "wall_seconds": 17.590515648014843}
formal500 49 / 500 {"particle_id": 51, "completed": true, "outlet": "OUTLET_02", "reason": "OUTLET_02", "failure_detail": null, "wall_seconds": 16.066182150971144}
formal500 50 / 500 {"particle_id": 53, "completed": false, "outlet": "NO_EXIT", "reason": "INTEGRATION_SAFETY_STOP", "failure_detail": "EXACT_STATIONARY_COORDINATES_32_NOMINAL_STEPS_NOT_PHYSIOLOGICAL_TRAPPING_PROOF", "wall_seconds": 8.56354557198938}
formal500 51 / 500 {"particle_id": 48, "completed": true, "outlet": "OUTLET_02", "reason": "OUTLET_02", "failure_detail": null, "wall_seconds": 20.709655768005177}
formal500 52 / 500 {"particle_id": 50, "completed": true, "outlet": "OUTLET_02", "reason": "OUTLET_02", "failure_detail": null, "wall_seconds": 20.514812867040746}
formal500 53 / 500 {"particle_id": 54, "completed": true, "outlet": "OUTLET_02", "reason": "OUTLET_02", "failure_detail": null, "wall_seconds": 10.833840033970773}
formal500 54 / 500 {"particle_id": 52, "completed": true, "outlet": "OUTLET_02", "reason": "OUTLET_02", "failure_detail": null, "wall_seconds": 20.507745926035568}
formal500 55 / 500 {"particle_id": 56, "completed": true, "outlet": "OUTLET_02", "reason": "OUTLET_02", "failure_detail": null, "wall_seconds": 13.126573660993017}
formal500 56 / 500 {"particle_id": 58, "completed": false, "outlet": "NO_EXIT", "reason": "INTEGRATION_SAFETY_STOP", "failure_detail": "EXACT_STATIONARY_COORDINATES_32_NOMINAL_STEPS_NOT_PHYSIOLOGICAL_TRAPPING_PROOF", "wall_seconds": 12.998143261065707}
formal500 57 / 500 {"particle_id": 59, "completed": false, "outlet": "NO_EXIT", "reason": "INTEGRATION_SAFETY_STOP", "failure_detail": "EXACT_STATIONARY_COORDINATES_32_NOMINAL_STEPS_NOT_PHYSIOLOGICAL_TRAPPING_PROOF", "wall_seconds": 11.980029404046945}
formal500 58 / 500 {"particle_id": 57, "completed": false, "outlet": "NO_EXIT", "reason": "INTEGRATION_SAFETY_STOP", "failure_detail": "EXACT_STATIONARY_COORDINATES_32_NOMINAL_STEPS_NOT_PHYSIOLOGICAL_TRAPPING_PROOF", "wall_seconds": 18.35847365797963}
formal500 59 / 500 {"particle_id": 55, "completed": true, "outlet": "OUTLET_02", "reason": "OUTLET_02", "failure_detail": null, "wall_seconds": 20.87013674597256}
formal500 60 / 500 {"particle_id": 62, "completed": false, "outlet": "NO_EXIT", "reason": "INTEGRATION_SAFETY_STOP", "failure_detail": "EXACT_STATIONARY_COORDINATES_32_NOMINAL_STEPS_NOT_PHYSIOLOGICAL_TRAPPING_PROOF", "wall_seconds": 12.758305681985803}
formal500 61 / 500 {"particle_id": 60, "completed": true, "outlet": "OUTLET_02", "reason": "OUTLET_02", "failure_detail": null, "wall_seconds": 19.16336325299926}
formal500 62 / 500 {"particle_id": 61, "completed": true, "outlet": "OUTLET_02", "reason": "OUTLET_02", "failure_detail": null, "wall_seconds": 16.875472808023915}
formal500 63 / 500 {"particle_id": 64, "completed": false, "outlet": "NO_EXIT", "reason": "INTEGRATION_SAFETY_STOP", "failure_detail": "EXACT_STATIONARY_COORDINATES_32_NOMINAL_STEPS_NOT_PHYSIOLOGICAL_TRAPPING_PROOF", "wall_seconds": 13.339996795984916}
formal500 64 / 500 {"particle_id": 63, "completed": true, "outlet": "OUTLET_02", "reason": "OUTLET_02", "failure_detail": null, "wall_seconds": 16.15491467504762}
formal500 65 / 500 {"particle_id": 66, "completed": true, "outlet": "OUTLET_02", "reason": "OUTLET_02", "failure_detail": null, "wall_seconds": 14.073032751097344}
formal500 66 / 500 {"particle_id": 67, "completed": false, "outlet": "NO_EXIT", "reason": "INTEGRATION_SAFETY_STOP", "failure_detail": "EXACT_STATIONARY_COORDINATES_32_NOMINAL_STEPS_NOT_PHYSIOLOGICAL_TRAPPING_PROOF", "wall_seconds": 15.134228078066371}
formal500 67 / 500 {"particle_id": 65, "completed": true, "outlet": "OUTLET_02", "reason": "OUTLET_02", "failure_detail": null, "wall_seconds": 25.90729740599636}
formal500 68 / 500 {"particle_id": 69, "completed": true, "outlet": "OUTLET_02", "reason": "OUTLET_02", "failure_detail": null, "wall_seconds": 17.357068155077286}
formal500 69 / 500 {"particle_id": 68, "completed": true, "outlet": "OUTLET_02", "reason": "OUTLET_02", "failure_detail": null, "wall_seconds": 22.93033882288728}
formal500 70 / 500 {"particle_id": 70, "completed": true, "outlet": "OUTLET_02", "reason": "OUTLET_02", "failure_detail": null, "wall_seconds": 20.45568218990229}
formal500 71 / 500 {"particle_id": 71, "completed": false, "outlet": "NO_EXIT", "reason": "INTEGRATION_SAFETY_STOP", "failure_detail": "EXACT_STATIONARY_COORDINATES_32_NOMINAL_STEPS_NOT_PHYSIOLOGICAL_TRAPPING_PROOF", "wall_seconds": 13.246221647015773}
formal500 72 / 500 {"particle_id": 72, "completed": true, "outlet": "OUTLET_02", "reason": "OUTLET_02", "failure_detail": null, "wall_seconds": 11.188210887950845}
formal500 73 / 500 {"particle_id": 73, "completed": false, "outlet": "NO_EXIT", "reason": "INTEGRATION_SAFETY_STOP", "failure_detail": "EXACT_STATIONARY_COORDINATES_32_NOMINAL_STEPS_NOT_PHYSIOLOGICAL_TRAPPING_PROOF", "wall_seconds": 15.373472664039582}
formal500 74 / 500 {"particle_id": 74, "completed": false, "outlet": "NO_EXIT", "reason": "INTEGRATION_SAFETY_STOP", "failure_detail": "EXACT_STATIONARY_COORDINATES_32_NOMINAL_STEPS_NOT_PHYSIOLOGICAL_TRAPPING_PROOF", "wall_seconds": 12.603586423909292}
formal500 75 / 500 {"particle_id": 75, "completed": false, "outlet": "NO_EXIT", "reason": "INTEGRATION_SAFETY_STOP", "failure_detail": "EXACT_STATIONARY_COORDINATES_32_NOMINAL_STEPS_NOT_PHYSIOLOGICAL_TRAPPING_PROOF", "wall_seconds": 13.827549009001814}
formal500 76 / 500 {"particle_id": 78, "completed": false, "outlet": "NO_EXIT", "reason": "INTEGRATION_SAFETY_STOP", "failure_detail": "EXACT_STATIONARY_COORDINATES_32_NOMINAL_STEPS_NOT_PHYSIOLOGICAL_TRAPPING_PROOF", "wall_seconds": 16.091966404928826}
formal500 77 / 500 {"particle_id": 77, "completed": false, "outlet": "NO_EXIT", "reason": "INTEGRATION_SAFETY_STOP", "failure_detail": "EXACT_STATIONARY_COORDINATES_32_NOMINAL_STEPS_NOT_PHYSIOLOGICAL_TRAPPING_PROOF", "wall_seconds": 19.18953951599542}
formal500 78 / 500 {"particle_id": 80, "completed": true, "outlet": "OUTLET_02", "reason": "OUTLET_02", "failure_detail": null, "wall_seconds": 14.097877659020014}
formal500 79 / 500 {"particle_id": 79, "completed": true, "outlet": "OUTLET_02", "reason": "OUTLET_02", "failure_detail": null, "wall_seconds": 15.365233263000846}
formal500 80 / 500 {"particle_id": 76, "completed": true, "outlet": "OUTLET_02", "reason": "OUTLET_02", "failure_detail": null, "wall_seconds": 26.296947211958468}
formal500 81 / 500 {"particle_id": 83, "completed": true, "outlet": "OUTLET_02", "reason": "OUTLET_02", "failure_detail": null, "wall_seconds": 10.372411093092524}
formal500 82 / 500 {"particle_id": 81, "completed": false, "outlet": "NO_EXIT", "reason": "INTEGRATION_SAFETY_STOP", "failure_detail": "ROUNDOFF_SCALE_STAGNATION_64_ACCEPTED_SUBSTEPS_NOT_PHYSIOLOGICAL_TRAPPING_PROOF", "wall_seconds": 20.290012785000727}
formal500 83 / 500 {"particle_id": 85, "completed": true, "outlet": "OUTLET_02", "reason": "OUTLET_02", "failure_detail": null, "wall_seconds": 11.037844456033781}
formal500 84 / 500 {"particle_id": 82, "completed": false, "outlet": "NO_EXIT", "reason": "INTEGRATION_SAFETY_STOP", "failure_detail": "EXACT_STATIONARY_COORDINATES_32_NOMINAL_STEPS_NOT_PHYSIOLOGICAL_TRAPPING_PROOF", "wall_seconds": 19.054377251071855}
formal500 85 / 500 {"particle_id": 84, "completed": true, "outlet": "OUTLET_02", "reason": "OUTLET_02", "failure_detail": null, "wall_seconds": 15.148623833083548}
formal500 86 / 500 {"particle_id": 87, "completed": true, "outlet": "OUTLET_02", "reason": "OUTLET_02", "failure_detail": null, "wall_seconds": 8.116718995966949}
formal500 87 / 500 {"particle_id": 86, "completed": true, "outlet": "OUTLET_02", "reason": "OUTLET_02", "failure_detail": null, "wall_seconds": 17.956169985001907}
formal500 88 / 500 {"particle_id": 90, "completed": true, "outlet": "OUTLET_02", "reason": "OUTLET_02", "failure_detail": null, "wall_seconds": 11.862758014001884}
formal500 89 / 500 {"particle_id": 88, "completed": true, "outlet": "OUTLET_02", "reason": "OUTLET_02", "failure_detail": null, "wall_seconds": 17.443045146996155}
formal500 90 / 500 {"particle_id": 89, "completed": true, "outlet": "OUTLET_02", "reason": "OUTLET_02", "failure_detail": null, "wall_seconds": 19.41144815296866}
formal500 91 / 500 {"particle_id": 92, "completed": false, "outlet": "NO_EXIT", "reason": "INTEGRATION_SAFETY_STOP", "failure_detail": "EXACT_STATIONARY_COORDINATES_32_NOMINAL_STEPS_NOT_PHYSIOLOGICAL_TRAPPING_PROOF", "wall_seconds": 17.72820606303867}
formal500 92 / 500 {"particle_id": 91, "completed": false, "outlet": "NO_EXIT", "reason": "INTEGRATION_SAFETY_STOP", "failure_detail": "EXACT_STATIONARY_COORDINATES_32_NOMINAL_STEPS_NOT_PHYSIOLOGICAL_TRAPPING_PROOF", "wall_seconds": 18.579724808922037}
formal500 93 / 500 {"particle_id": 93, "completed": false, "outlet": "NO_EXIT", "reason": "INTEGRATION_SAFETY_STOP", "failure_detail": "EXACT_STATIONARY_COORDINATES_32_NOMINAL_STEPS_NOT_PHYSIOLOGICAL_TRAPPING_PROOF", "wall_seconds": 14.604860662017018}
formal500 94 / 500 {"particle_id": 95, "completed": true, "outlet": "OUTLET_02", "reason": "OUTLET_02", "failure_detail": null, "wall_seconds": 12.57095591002144}
formal500 95 / 500 {"particle_id": 96, "completed": false, "outlet": "NO_EXIT", "reason": "INTEGRATION_SAFETY_STOP", "failure_detail": "EXACT_STATIONARY_COORDINATES_32_NOMINAL_STEPS_NOT_PHYSIOLOGICAL_TRAPPING_PROOF", "wall_seconds": 12.817755562020466}
formal500 96 / 500 {"particle_id": 98, "completed": true, "outlet": "OUTLET_02", "reason": "OUTLET_02", "failure_detail": null, "wall_seconds": 11.418227749993093}
formal500 97 / 500 {"particle_id": 94, "completed": true, "outlet": "OUTLET_02", "reason": "OUTLET_02", "failure_detail": null, "wall_seconds": 22.064148502075113}
formal500 98 / 500 {"particle_id": 97, "completed": true, "outlet": "OUTLET_02", "reason": "OUTLET_02", "failure_detail": null, "wall_seconds": 14.611108158016577}
formal500 99 / 500 {"particle_id": 99, "completed": true, "outlet": "OUTLET_02", "reason": "OUTLET_02", "failure_detail": null, "wall_seconds": 14.541946425917558}
formal500 100 / 500 {"particle_id": 100, "completed": true, "outlet": "OUTLET_02", "reason": "OUTLET_02", "failure_detail": null, "wall_seconds": 13.932868791045621}
formal500 101 / 500 {"particle_id": 104, "completed": true, "outlet": "OUTLET_02", "reason": "OUTLET_02", "failure_detail": null, "wall_seconds": 9.082000582944602}
formal500 102 / 500 {"particle_id": 101, "completed": false, "outlet": "NO_EXIT", "reason": "INTEGRATION_SAFETY_STOP", "failure_detail": "EXACT_STATIONARY_COORDINATES_32_NOMINAL_STEPS_NOT_PHYSIOLOGICAL_TRAPPING_PROOF", "wall_seconds": 14.326641832012683}
formal500 103 / 500 {"particle_id": 103, "completed": true, "outlet": "OUTLET_02", "reason": "OUTLET_02", "failure_detail": null, "wall_seconds": 16.90084541402757}
formal500 104 / 500 {"particle_id": 102, "completed": true, "outlet": "OUTLET_02", "reason": "OUTLET_02", "failure_detail": null, "wall_seconds": 20.52934918703977}
formal500 105 / 500 {"particle_id": 106, "completed": true, "outlet": "OUTLET_02", "reason": "OUTLET_02", "failure_detail": null, "wall_seconds": 12.410456254030578}
formal500 106 / 500 {"particle_id": 105, "completed": true, "outlet": "OUTLET_02", "reason": "OUTLET_02", "failure_detail": null, "wall_seconds": 15.949251212063245}
formal500 107 / 500 {"particle_id": 108, "completed": true, "outlet": "OUTLET_02", "reason": "OUTLET_02", "failure_detail": null, "wall_seconds": 16.199913596967235}
formal500 108 / 500 {"particle_id": 109, "completed": false, "outlet": "NO_EXIT", "reason": "INTEGRATION_SAFETY_STOP", "failure_detail": "EXACT_STATIONARY_COORDINATES_32_NOMINAL_STEPS_NOT_PHYSIOLOGICAL_TRAPPING_PROOF", "wall_seconds": 10.723038009018637}
formal500 109 / 500 {"particle_id": 107, "completed": false, "outlet": "NO_EXIT", "reason": "INTEGRATION_SAFETY_STOP", "failure_detail": "EXACT_STATIONARY_COORDINATES_32_NOMINAL_STEPS_NOT_PHYSIOLOGICAL_TRAPPING_PROOF", "wall_seconds": 21.086342047085054}
formal500 110 / 500 {"particle_id": 111, "completed": true, "outlet": "OUTLET_02", "reason": "OUTLET_02", "failure_detail": null, "wall_seconds": 12.521910220035352}
formal500 111 / 500 {"particle_id": 112, "completed": true, "outlet": "OUTLET_02", "reason": "OUTLET_02", "failure_detail": null, "wall_seconds": 12.253949965001084}
formal500 112 / 500 {"particle_id": 110, "completed": true, "outlet": "OUTLET_02", "reason": "OUTLET_02", "failure_detail": null, "wall_seconds": 19.25436681404244}
formal500 113 / 500 {"particle_id": 116, "completed": true, "outlet": "OUTLET_02", "reason": "OUTLET_02", "failure_detail": null, "wall_seconds": 7.994041503989138}
formal500 114 / 500 {"particle_id": 113, "completed": true, "outlet": "OUTLET_02", "reason": "OUTLET_02", "failure_detail": null, "wall_seconds": 13.05205377296079}
formal500 115 / 500 {"particle_id": 117, "completed": false, "outlet": "NO_EXIT", "reason": "INTEGRATION_SAFETY_STOP", "failure_detail": "EXACT_STATIONARY_COORDINATES_32_NOMINAL_STEPS_NOT_PHYSIOLOGICAL_TRAPPING_PROOF", "wall_seconds": 17.28673288493883}
formal500 116 / 500 {"particle_id": 118, "completed": true, "outlet": "OUTLET_02", "reason": "OUTLET_02", "failure_detail": null, "wall_seconds": 13.58649727399461}
formal500 117 / 500 {"particle_id": 120, "completed": false, "outlet": "NO_EXIT", "reason": "INTEGRATION_SAFETY_STOP", "failure_detail": "EXACT_STATIONARY_COORDINATES_32_NOMINAL_STEPS_NOT_PHYSIOLOGICAL_TRAPPING_PROOF", "wall_seconds": 13.275366278016008}
formal500 118 / 500 {"particle_id": 115, "completed": true, "outlet": "OUTLET_02", "reason": "OUTLET_02", "failure_detail": null, "wall_seconds": 23.53983381506987}
formal500 119 / 500 {"particle_id": 119, "completed": false, "outlet": "NO_EXIT", "reason": "INTEGRATION_SAFETY_STOP", "failure_detail": "EXACT_STATIONARY_COORDINATES_32_NOMINAL_STEPS_NOT_PHYSIOLOGICAL_TRAPPING_PROOF", "wall_seconds": 17.551062520011328}
formal500 120 / 500 {"particle_id": 114, "completed": true, "outlet": "OUTLET_02", "reason": "OUTLET_02", "failure_detail": null, "wall_seconds": 29.434075776021928}
formal500 121 / 500 {"particle_id": 121, "completed": true, "outlet": "OUTLET_02", "reason": "OUTLET_02", "failure_detail": null, "wall_seconds": 14.107133751967922}
formal500 122 / 500 {"particle_id": 122, "completed": false, "outlet": "NO_EXIT", "reason": "INTEGRATION_SAFETY_STOP", "failure_detail": "EXACT_STATIONARY_COORDINATES_32_NOMINAL_STEPS_NOT_PHYSIOLOGICAL_TRAPPING_PROOF", "wall_seconds": 13.683545381994918}
formal500 123 / 500 {"particle_id": 123, "completed": false, "outlet": "NO_EXIT", "reason": "INTEGRATION_SAFETY_STOP", "failure_detail": "EXACT_STATIONARY_COORDINATES_32_NOMINAL_STEPS_NOT_PHYSIOLOGICAL_TRAPPING_PROOF", "wall_seconds": 13.465412913938053}
formal500 124 / 500 {"particle_id": 126, "completed": false, "outlet": "NO_EXIT", "reason": "INTEGRATION_SAFETY_STOP", "failure_detail": "EXACT_STATIONARY_COORDINATES_32_NOMINAL_STEPS_NOT_PHYSIOLOGICAL_TRAPPING_PROOF", "wall_seconds": 12.430194315966219}
formal500 125 / 500 {"particle_id": 125, "completed": true, "outlet": "OUTLET_02", "reason": "OUTLET_02", "failure_detail": null, "wall_seconds": 16.436191179906018}
formal500 126 / 500 {"particle_id": 128, "completed": true, "outlet": "OUTLET_02", "reason": "OUTLET_02", "failure_detail": null, "wall_seconds": 10.268722878070548}
formal500 127 / 500 {"particle_id": 124, "completed": true, "outlet": "OUTLET_02", "reason": "OUTLET_02", "failure_detail": null, "wall_seconds": 22.030912654008716}
formal500 128 / 500 {"particle_id": 127, "completed": true, "outlet": "OUTLET_02", "reason": "OUTLET_02", "failure_detail": null, "wall_seconds": 16.970938384067267}
formal500 129 / 500 {"particle_id": 131, "completed": true, "outlet": "OUTLET_02", "reason": "OUTLET_02", "failure_detail": null, "wall_seconds": 10.204128039069474}
formal500 130 / 500 {"particle_id": 129, "completed": true, "outlet": "OUTLET_02", "reason": "OUTLET_02", "failure_detail": null, "wall_seconds": 20.796697561978363}
formal500 131 / 500 {"particle_id": 132, "completed": false, "outlet": "NO_EXIT", "reason": "INTEGRATION_SAFETY_STOP", "failure_detail": "EXACT_STATIONARY_COORDINATES_32_NOMINAL_STEPS_NOT_PHYSIOLOGICAL_TRAPPING_PROOF", "wall_seconds": 13.605407099006698}
formal500 132 / 500 {"particle_id": 133, "completed": true, "outlet": "OUTLET_02", "reason": "OUTLET_02", "failure_detail": null, "wall_seconds": 16.201752548920922}
formal500 133 / 500 {"particle_id": 134, "completed": true, "outlet": "OUTLET_02", "reason": "OUTLET_02", "failure_detail": null, "wall_seconds": 14.277930677984841}
formal500 134 / 500 {"particle_id": 137, "completed": false, "outlet": "NO_EXIT", "reason": "INTEGRATION_SAFETY_STOP", "failure_detail": "EXACT_STATIONARY_COORDINATES_32_NOMINAL_STEPS_NOT_PHYSIOLOGICAL_TRAPPING_PROOF", "wall_seconds": 8.57456588302739}
formal500 135 / 500 {"particle_id": 135, "completed": true, "outlet": "OUTLET_02", "reason": "OUTLET_02", "failure_detail": null, "wall_seconds": 14.43169004493393}
formal500 136 / 500 {"particle_id": 130, "completed": true, "outlet": "OUTLET_02", "reason": "OUTLET_02", "failure_detail": null, "wall_seconds": 36.65861304698046}
formal500 137 / 500 {"particle_id": 139, "completed": true, "outlet": "OUTLET_02", "reason": "OUTLET_02", "failure_detail": null, "wall_seconds": 13.752827296964824}
formal500 138 / 500 {"particle_id": 140, "completed": true, "outlet": "OUTLET_02", "reason": "OUTLET_02", "failure_detail": null, "wall_seconds": 11.012071609962732}
formal500 139 / 500 {"particle_id": 141, "completed": false, "outlet": "NO_EXIT", "reason": "INTEGRATION_SAFETY_STOP", "failure_detail": "EXACT_STATIONARY_COORDINATES_32_NOMINAL_STEPS_NOT_PHYSIOLOGICAL_TRAPPING_PROOF", "wall_seconds": 12.394003911991604}
formal500 140 / 500 {"particle_id": 136, "completed": true, "outlet": "OUTLET_02", "reason": "OUTLET_02", "failure_detail": null, "wall_seconds": 23.798583775991574}
formal500 141 / 500 {"particle_id": 138, "completed": false, "outlet": "NO_EXIT", "reason": "INTEGRATION_SAFETY_STOP", "failure_detail": "EXACT_STATIONARY_COORDINATES_32_NOMINAL_STEPS_NOT_PHYSIOLOGICAL_TRAPPING_PROOF", "wall_seconds": 21.883246973971836}
formal500 142 / 500 {"particle_id": 142, "completed": true, "outlet": "OUTLET_02", "reason": "OUTLET_02", "failure_detail": null, "wall_seconds": 10.858091230038553}
formal500 143 / 500 {"particle_id": 144, "completed": true, "outlet": "OUTLET_02", "reason": "OUTLET_02", "failure_detail": null, "wall_seconds": 13.583730256999843}
formal500 144 / 500 {"particle_id": 143, "completed": false, "outlet": "NO_EXIT", "reason": "INTEGRATION_SAFETY_STOP", "failure_detail": "EXACT_STATIONARY_COORDINATES_32_NOMINAL_STEPS_NOT_PHYSIOLOGICAL_TRAPPING_PROOF", "wall_seconds": 14.699572101002559}
formal500 145 / 500 {"particle_id": 145, "completed": false, "outlet": "NO_EXIT", "reason": "INTEGRATION_SAFETY_STOP", "failure_detail": "EXACT_STATIONARY_COORDINATES_32_NOMINAL_STEPS_NOT_PHYSIOLOGICAL_TRAPPING_PROOF", "wall_seconds": 13.61487358098384}
formal500 146 / 500 {"particle_id": 148, "completed": true, "outlet": "OUTLET_02", "reason": "OUTLET_02", "failure_detail": null, "wall_seconds": 9.234320341958664}
formal500 147 / 500 {"particle_id": 146, "completed": true, "outlet": "OUTLET_02", "reason": "OUTLET_02", "failure_detail": null, "wall_seconds": 15.66757289704401}
formal500 148 / 500 {"particle_id": 147, "completed": true, "outlet": "OUTLET_02", "reason": "OUTLET_02", "failure_detail": null, "wall_seconds": 15.013450202997774}
formal500 149 / 500 {"particle_id": 153, "completed": false, "outlet": "NO_EXIT", "reason": "INTEGRATION_SAFETY_STOP", "failure_detail": "ROUNDOFF_SCALE_STAGNATION_64_ACCEPTED_SUBSTEPS_NOT_PHYSIOLOGICAL_TRAPPING_PROOF", "wall_seconds": 4.154121226049028}
formal500 150 / 500 {"particle_id": 151, "completed": false, "outlet": "NO_EXIT", "reason": "INTEGRATION_SAFETY_STOP", "failure_detail": "EXACT_STATIONARY_COORDINATES_32_NOMINAL_STEPS_NOT_PHYSIOLOGICAL_TRAPPING_PROOF", "wall_seconds": 11.614753157016821}
formal500 151 / 500 {"particle_id": 152, "completed": true, "outlet": "OUTLET_02", "reason": "OUTLET_02", "failure_detail": null, "wall_seconds": 11.069265887956135}
formal500 152 / 500 {"particle_id": 149, "completed": true, "outlet": "OUTLET_02", "reason": "OUTLET_02", "failure_detail": null, "wall_seconds": 17.29920312797185}
formal500 153 / 500 {"particle_id": 154, "completed": true, "outlet": "OUTLET_02", "reason": "OUTLET_02", "failure_detail": null, "wall_seconds": 14.36792722903192}
formal500 154 / 500 {"particle_id": 150, "completed": true, "outlet": "OUTLET_02", "reason": "OUTLET_02", "failure_detail": null, "wall_seconds": 21.8582496100571}
formal500 155 / 500 {"particle_id": 156, "completed": true, "outlet": "OUTLET_02", "reason": "OUTLET_02", "failure_detail": null, "wall_seconds": 11.285597607959062}
formal500 156 / 500 {"particle_id": 157, "completed": false, "outlet": "NO_EXIT", "reason": "INTEGRATION_SAFETY_STOP", "failure_detail": "ROUNDOFF_SCALE_STAGNATION_64_ACCEPTED_SUBSTEPS_NOT_PHYSIOLOGICAL_TRAPPING_PROOF", "wall_seconds": 12.708475619903766}
formal500 157 / 500 {"particle_id": 158, "completed": true, "outlet": "OUTLET_02", "reason": "OUTLET_02", "failure_detail": null, "wall_seconds": 11.90730561199598}
formal500 158 / 500 {"particle_id": 161, "completed": true, "outlet": "OUTLET_02", "reason": "OUTLET_02", "failure_detail": null, "wall_seconds": 5.645852307905443}
formal500 159 / 500 {"particle_id": 155, "completed": true, "outlet": "OUTLET_02", "reason": "OUTLET_02", "failure_detail": null, "wall_seconds": 22.863158497028053}
formal500 160 / 500 {"particle_id": 162, "completed": true, "outlet": "OUTLET_02", "reason": "OUTLET_02", "failure_detail": null, "wall_seconds": 12.338304935023189}
formal500 161 / 500 {"particle_id": 160, "completed": true, "outlet": "OUTLET_02", "reason": "OUTLET_02", "failure_detail": null, "wall_seconds": 18.020515770069323}
formal500 162 / 500 {"particle_id": 159, "completed": false, "outlet": "NO_EXIT", "reason": "INTEGRATION_SAFETY_STOP", "failure_detail": "EXACT_STATIONARY_COORDINATES_32_NOMINAL_STEPS_NOT_PHYSIOLOGICAL_TRAPPING_PROOF", "wall_seconds": 25.79799794999417}
formal500 163 / 500 {"particle_id": 164, "completed": true, "outlet": "OUTLET_02", "reason": "OUTLET_02", "failure_detail": null, "wall_seconds": 17.84621548303403}
formal500 164 / 500 {"particle_id": 165, "completed": true, "outlet": "OUTLET_02", "reason": "OUTLET_02", "failure_detail": null, "wall_seconds": 16.883290337980725}
formal500 165 / 500 {"particle_id": 167, "completed": true, "outlet": "OUTLET_02", "reason": "OUTLET_02", "failure_detail": null, "wall_seconds": 8.359289799002}
formal500 166 / 500 {"particle_id": 163, "completed": true, "outlet": "OUTLET_02", "reason": "OUTLET_02", "failure_detail": null, "wall_seconds": 20.390798097010702}
formal500 167 / 500 {"particle_id": 166, "completed": true, "outlet": "OUTLET_02", "reason": "OUTLET_02", "failure_detail": null, "wall_seconds": 9.033858008100651}
formal500 168 / 500 {"particle_id": 172, "completed": true, "outlet": "OUTLET_02", "reason": "OUTLET_02", "failure_detail": null, "wall_seconds": 6.7255406830227}
formal500 169 / 500 {"particle_id": 168, "completed": true, "outlet": "OUTLET_02", "reason": "OUTLET_02", "failure_detail": null, "wall_seconds": 10.017778829904273}
formal500 170 / 500 {"particle_id": 170, "completed": true, "outlet": "OUTLET_02", "reason": "OUTLET_02", "failure_detail": null, "wall_seconds": 14.564939462929033}
formal500 171 / 500 {"particle_id": 169, "completed": true, "outlet": "OUTLET_02", "reason": "OUTLET_02", "failure_detail": null, "wall_seconds": 16.68804682896007}
formal500 172 / 500 {"particle_id": 174, "completed": false, "outlet": "NO_EXIT", "reason": "INTEGRATION_SAFETY_STOP", "failure_detail": "EXACT_STATIONARY_COORDINATES_32_NOMINAL_STEPS_NOT_PHYSIOLOGICAL_TRAPPING_PROOF", "wall_seconds": 13.995801595970988}
formal500 173 / 500 {"particle_id": 175, "completed": true, "outlet": "OUTLET_02", "reason": "OUTLET_02", "failure_detail": null, "wall_seconds": 13.008704529958777}
formal500 174 / 500 {"particle_id": 171, "completed": true, "outlet": "OUTLET_02", "reason": "OUTLET_02", "failure_detail": null, "wall_seconds": 23.35975578194484}
formal500 175 / 500 {"particle_id": 176, "completed": true, "outlet": "OUTLET_02", "reason": "OUTLET_02", "failure_detail": null, "wall_seconds": 9.724587031058036}
formal500 176 / 500 {"particle_id": 173, "completed": true, "outlet": "OUTLET_02", "reason": "OUTLET_02", "failure_detail": null, "wall_seconds": 29.824719856027514}
formal500 177 / 500 {"particle_id": 179, "completed": false, "outlet": "NO_EXIT", "reason": "INTEGRATION_SAFETY_STOP", "failure_detail": "EXACT_STATIONARY_COORDINATES_32_NOMINAL_STEPS_NOT_PHYSIOLOGICAL_TRAPPING_PROOF", "wall_seconds": 10.076436216942966}
formal500 178 / 500 {"particle_id": 178, "completed": false, "outlet": "NO_EXIT", "reason": "INTEGRATION_SAFETY_STOP", "failure_detail": "EXACT_STATIONARY_COORDINATES_32_NOMINAL_STEPS_NOT_PHYSIOLOGICAL_TRAPPING_PROOF", "wall_seconds": 12.084976525977254}
formal500 179 / 500 {"particle_id": 180, "completed": true, "outlet": "OUTLET_02", "reason": "OUTLET_02", "failure_detail": null, "wall_seconds": 16.34247414395213}
formal500 180 / 500 {"particle_id": 177, "completed": true, "outlet": "OUTLET_02", "reason": "OUTLET_02", "failure_detail": null, "wall_seconds": 24.26416554406751}
formal500 181 / 500 {"particle_id": 183, "completed": true, "outlet": "OUTLET_02", "reason": "OUTLET_02", "failure_detail": null, "wall_seconds": 11.318496322026476}
formal500 182 / 500 {"particle_id": 181, "completed": true, "outlet": "OUTLET_02", "reason": "OUTLET_02", "failure_detail": null, "wall_seconds": 24.973846708075143}
formal500 183 / 500 {"particle_id": 182, "completed": false, "outlet": "NO_EXIT", "reason": "INTEGRATION_SAFETY_STOP", "failure_detail": "EXACT_STATIONARY_COORDINATES_32_NOMINAL_STEPS_NOT_PHYSIOLOGICAL_TRAPPING_PROOF", "wall_seconds": 19.04935614997521}
formal500 184 / 500 {"particle_id": 184, "completed": true, "outlet": "OUTLET_02", "reason": "OUTLET_02", "failure_detail": null, "wall_seconds": 18.022916098940186}
formal500 185 / 500 {"particle_id": 185, "completed": true, "outlet": "OUTLET_02", "reason": "OUTLET_02", "failure_detail": null, "wall_seconds": 14.820130566949956}
formal500 186 / 500 {"particle_id": 186, "completed": false, "outlet": "NO_EXIT", "reason": "INTEGRATION_SAFETY_STOP", "failure_detail": "EXACT_STATIONARY_COORDINATES_32_NOMINAL_STEPS_NOT_PHYSIOLOGICAL_TRAPPING_PROOF", "wall_seconds": 14.895780568011105}
formal500 187 / 500 {"particle_id": 187, "completed": true, "outlet": "OUTLET_02", "reason": "OUTLET_02", "failure_detail": null, "wall_seconds": 16.326615941012278}
formal500 188 / 500 {"particle_id": 189, "completed": false, "outlet": "NO_EXIT", "reason": "INTEGRATION_SAFETY_STOP", "failure_detail": "EXACT_STATIONARY_COORDINATES_32_NOMINAL_STEPS_NOT_PHYSIOLOGICAL_TRAPPING_PROOF", "wall_seconds": 12.774580904981121}
formal500 189 / 500 {"particle_id": 192, "completed": true, "outlet": "OUTLET_02", "reason": "OUTLET_02", "failure_detail": null, "wall_seconds": 9.394305558060296}
formal500 190 / 500 {"particle_id": 188, "completed": true, "outlet": "OUTLET_02", "reason": "OUTLET_02", "failure_detail": null, "wall_seconds": 17.80413971398957}
formal500 191 / 500 {"particle_id": 194, "completed": true, "outlet": "OUTLET_02", "reason": "OUTLET_02", "failure_detail": null, "wall_seconds": 7.9600018840283155}
formal500 192 / 500 {"particle_id": 193, "completed": true, "outlet": "OUTLET_02", "reason": "OUTLET_02", "failure_detail": null, "wall_seconds": 10.930962979909964}
formal500 193 / 500 {"particle_id": 191, "completed": true, "outlet": "OUTLET_02", "reason": "OUTLET_02", "failure_detail": null, "wall_seconds": 17.96699925896246}
formal500 194 / 500 {"particle_id": 190, "completed": false, "outlet": "NO_EXIT", "reason": "INTEGRATION_SAFETY_STOP", "failure_detail": "EXACT_STATIONARY_COORDINATES_32_NOMINAL_STEPS_NOT_PHYSIOLOGICAL_TRAPPING_PROOF", "wall_seconds": 22.604270166018978}
formal500 195 / 500 {"particle_id": 195, "completed": false, "outlet": "NO_EXIT", "reason": "INTEGRATION_SAFETY_STOP", "failure_detail": "EXACT_STATIONARY_COORDINATES_32_NOMINAL_STEPS_NOT_PHYSIOLOGICAL_TRAPPING_PROOF", "wall_seconds": 14.163791058002971}
formal500 196 / 500 {"particle_id": 198, "completed": false, "outlet": "NO_EXIT", "reason": "INTEGRATION_SAFETY_STOP", "failure_detail": "EXACT_STATIONARY_COORDINATES_32_NOMINAL_STEPS_NOT_PHYSIOLOGICAL_TRAPPING_PROOF", "wall_seconds": 14.293929168954492}
formal500 197 / 500 {"particle_id": 201, "completed": true, "outlet": "OUTLET_02", "reason": "OUTLET_02", "failure_detail": null, "wall_seconds": 8.357388791977428}
formal500 198 / 500 {"particle_id": 199, "completed": true, "outlet": "OUTLET_02", "reason": "OUTLET_02", "failure_detail": null, "wall_seconds": 20.355817792005837}
formal500 199 / 500 {"particle_id": 197, "completed": false, "outlet": "NO_EXIT", "reason": "INTEGRATION_SAFETY_STOP", "failure_detail": "EXACT_STATIONARY_COORDINATES_32_NOMINAL_STEPS_NOT_PHYSIOLOGICAL_TRAPPING_PROOF", "wall_seconds": 22.934619568986818}
formal500 200 / 500 {"particle_id": 200, "completed": true, "outlet": "OUTLET_02", "reason": "OUTLET_02", "failure_detail": null, "wall_seconds": 20.979484479059465}
formal500 201 / 500 {"particle_id": 196, "completed": true, "outlet": "OUTLET_02", "reason": "OUTLET_02", "failure_detail": null, "wall_seconds": 29.170225891051814}
formal500 202 / 500 {"particle_id": 202, "completed": true, "outlet": "OUTLET_02", "reason": "OUTLET_02", "failure_detail": null, "wall_seconds": 15.489636781974696}
formal500 203 / 500 {"particle_id": 203, "completed": true, "outlet": "OUTLET_02", "reason": "OUTLET_02", "failure_detail": null, "wall_seconds": 13.677773562958464}
formal500 204 / 500 {"particle_id": 207, "completed": true, "outlet": "OUTLET_02", "reason": "OUTLET_02", "failure_detail": null, "wall_seconds": 8.763577457051724}
formal500 205 / 500 {"particle_id": 205, "completed": false, "outlet": "NO_EXIT", "reason": "INTEGRATION_SAFETY_STOP", "failure_detail": "EXACT_STATIONARY_COORDINATES_32_NOMINAL_STEPS_NOT_PHYSIOLOGICAL_TRAPPING_PROOF", "wall_seconds": 13.252665587933734}
formal500 206 / 500 {"particle_id": 206, "completed": true, "outlet": "OUTLET_02", "reason": "OUTLET_02", "failure_detail": null, "wall_seconds": 11.415735370013863}
formal500 207 / 500 {"particle_id": 209, "completed": true, "outlet": "OUTLET_02", "reason": "OUTLET_02", "failure_detail": null, "wall_seconds": 11.249614506028593}
formal500 208 / 500 {"particle_id": 212, "completed": true, "outlet": "OUTLET_02", "reason": "OUTLET_02", "failure_detail": null, "wall_seconds": 16.372983347973786}
formal500 209 / 500 {"particle_id": 210, "completed": true, "outlet": "OUTLET_02", "reason": "OUTLET_02", "failure_detail": null, "wall_seconds": 18.59125734400004}
formal500 210 / 500 {"particle_id": 208, "completed": true, "outlet": "OUTLET_02", "reason": "OUTLET_02", "failure_detail": null, "wall_seconds": 23.123537234961987}
formal500 211 / 500 {"particle_id": 213, "completed": false, "outlet": "NO_EXIT", "reason": "INTEGRATION_SAFETY_STOP", "failure_detail": "EXACT_STATIONARY_COORDINATES_32_NOMINAL_STEPS_NOT_PHYSIOLOGICAL_TRAPPING_PROOF", "wall_seconds": 13.831023703911342}
formal500 212 / 500 {"particle_id": 204, "completed": true, "outlet": "OUTLET_02", "reason": "OUTLET_02", "failure_detail": null, "wall_seconds": 37.150878224056214}
formal500 213 / 500 {"particle_id": 211, "completed": true, "outlet": "OUTLET_02", "reason": "OUTLET_02", "failure_detail": null, "wall_seconds": 23.81752596492879}
formal500 214 / 500 {"particle_id": 214, "completed": true, "outlet": "OUTLET_02", "reason": "OUTLET_02", "failure_detail": null, "wall_seconds": 10.446143998997286}
formal500 215 / 500 {"particle_id": 215, "completed": true, "outlet": "OUTLET_02", "reason": "OUTLET_02", "failure_detail": null, "wall_seconds": 10.482594194938429}
formal500 216 / 500 {"particle_id": 216, "completed": false, "outlet": "NO_EXIT", "reason": "INTEGRATION_SAFETY_STOP", "failure_detail": "EXACT_STATIONARY_COORDINATES_32_NOMINAL_STEPS_NOT_PHYSIOLOGICAL_TRAPPING_PROOF", "wall_seconds": 16.36237336101476}
formal500 217 / 500 {"particle_id": 217, "completed": true, "outlet": "OUTLET_02", "reason": "OUTLET_02", "failure_detail": null, "wall_seconds": 14.658778833108954}
formal500 218 / 500 {"particle_id": 218, "completed": true, "outlet": "OUTLET_02", "reason": "OUTLET_02", "failure_detail": null, "wall_seconds": 13.552795522031374}
formal500 219 / 500 {"particle_id": 219, "completed": true, "outlet": "OUTLET_02", "reason": "OUTLET_02", "failure_detail": null, "wall_seconds": 15.119292497984134}
formal500 220 / 500 {"particle_id": 221, "completed": true, "outlet": "OUTLET_02", "reason": "OUTLET_02", "failure_detail": null, "wall_seconds": 11.986073654028587}
formal500 221 / 500 {"particle_id": 220, "completed": false, "outlet": "NO_EXIT", "reason": "INTEGRATION_SAFETY_STOP", "failure_detail": "EXACT_STATIONARY_COORDINATES_32_NOMINAL_STEPS_NOT_PHYSIOLOGICAL_TRAPPING_PROOF", "wall_seconds": 14.543479715939611}
formal500 222 / 500 {"particle_id": 222, "completed": false, "outlet": "NO_EXIT", "reason": "INTEGRATION_SAFETY_STOP", "failure_detail": "EXACT_STATIONARY_COORDINATES_32_NOMINAL_STEPS_NOT_PHYSIOLOGICAL_TRAPPING_PROOF", "wall_seconds": 11.54852547601331}
formal500 223 / 500 {"particle_id": 223, "completed": false, "outlet": "NO_EXIT", "reason": "INTEGRATION_SAFETY_STOP", "failure_detail": "EXACT_STATIONARY_COORDINATES_32_NOMINAL_STEPS_NOT_PHYSIOLOGICAL_TRAPPING_PROOF", "wall_seconds": 18.30043542396743}
formal500 224 / 500 {"particle_id": 225, "completed": true, "outlet": "OUTLET_02", "reason": "OUTLET_02", "failure_detail": null, "wall_seconds": 13.77648468199186}
formal500 225 / 500 {"particle_id": 224, "completed": false, "outlet": "NO_EXIT", "reason": "INTEGRATION_SAFETY_STOP", "failure_detail": "ROUNDOFF_SCALE_STAGNATION_64_ACCEPTED_SUBSTEPS_NOT_PHYSIOLOGICAL_TRAPPING_PROOF", "wall_seconds": 18.018849698011763}
formal500 226 / 500 {"particle_id": 226, "completed": true, "outlet": "OUTLET_02", "reason": "OUTLET_02", "failure_detail": null, "wall_seconds": 21.252637939993292}
formal500 227 / 500 {"particle_id": 230, "completed": true, "outlet": "OUTLET_02", "reason": "OUTLET_02", "failure_detail": null, "wall_seconds": 9.068237870931625}
formal500 228 / 500 {"particle_id": 227, "completed": true, "outlet": "OUTLET_02", "reason": "OUTLET_02", "failure_detail": null, "wall_seconds": 20.804446200025268}
formal500 229 / 500 {"particle_id": 228, "completed": true, "outlet": "OUTLET_02", "reason": "OUTLET_02", "failure_detail": null, "wall_seconds": 18.420932652894408}
formal500 230 / 500 {"particle_id": 229, "completed": false, "outlet": "NO_EXIT", "reason": "INTEGRATION_SAFETY_STOP", "failure_detail": "EXACT_STATIONARY_COORDINATES_32_NOMINAL_STEPS_NOT_PHYSIOLOGICAL_TRAPPING_PROOF", "wall_seconds": 14.175529018044472}
formal500 231 / 500 {"particle_id": 233, "completed": true, "outlet": "OUTLET_02", "reason": "OUTLET_02", "failure_detail": null, "wall_seconds": 7.6243959839921445}
formal500 232 / 500 {"particle_id": 235, "completed": true, "outlet": "OUTLET_02", "reason": "OUTLET_02", "failure_detail": null, "wall_seconds": 9.613782430998981}
formal500 233 / 500 {"particle_id": 232, "completed": true, "outlet": "OUTLET_02", "reason": "OUTLET_02", "failure_detail": null, "wall_seconds": 13.436104440013878}
formal500 234 / 500 {"particle_id": 231, "completed": true, "outlet": "OUTLET_02", "reason": "OUTLET_02", "failure_detail": null, "wall_seconds": 20.203135615913197}
formal500 235 / 500 {"particle_id": 236, "completed": true, "outlet": "OUTLET_02", "reason": "OUTLET_02", "failure_detail": null, "wall_seconds": 11.666989517048933}
formal500 236 / 500 {"particle_id": 234, "completed": false, "outlet": "NO_EXIT", "reason": "INTEGRATION_SAFETY_STOP", "failure_detail": "EXACT_STATIONARY_COORDINATES_32_NOMINAL_STEPS_NOT_PHYSIOLOGICAL_TRAPPING_PROOF", "wall_seconds": 20.52745110890828}
formal500 237 / 500 {"particle_id": 239, "completed": false, "outlet": "NO_EXIT", "reason": "INTEGRATION_SAFETY_STOP", "failure_detail": "EXACT_STATIONARY_COORDINATES_32_NOMINAL_STEPS_NOT_PHYSIOLOGICAL_TRAPPING_PROOF", "wall_seconds": 13.839223960065283}
formal500 238 / 500 {"particle_id": 241, "completed": false, "outlet": "NO_EXIT", "reason": "INTEGRATION_SAFETY_STOP", "failure_detail": "EXACT_STATIONARY_COORDINATES_32_NOMINAL_STEPS_NOT_PHYSIOLOGICAL_TRAPPING_PROOF", "wall_seconds": 10.18859161506407}
formal500 239 / 500 {"particle_id": 240, "completed": false, "outlet": "NO_EXIT", "reason": "INTEGRATION_SAFETY_STOP", "failure_detail": "EXACT_STATIONARY_COORDINATES_32_NOMINAL_STEPS_NOT_PHYSIOLOGICAL_TRAPPING_PROOF", "wall_seconds": 13.339082504040562}
formal500 240 / 500 {"particle_id": 237, "completed": false, "outlet": "NO_EXIT", "reason": "INTEGRATION_SAFETY_STOP", "failure_detail": "EXACT_STATIONARY_COORDINATES_32_NOMINAL_STEPS_NOT_PHYSIOLOGICAL_TRAPPING_PROOF", "wall_seconds": 19.897272738046013}
formal500 241 / 500 {"particle_id": 238, "completed": true, "outlet": "OUTLET_02", "reason": "OUTLET_02", "failure_detail": null, "wall_seconds": 16.791776948957704}
formal500 242 / 500 {"particle_id": 245, "completed": true, "outlet": "OUTLET_02", "reason": "OUTLET_02", "failure_detail": null, "wall_seconds": 11.355880422983319}
formal500 243 / 500 {"particle_id": 244, "completed": true, "outlet": "OUTLET_02", "reason": "OUTLET_02", "failure_detail": null, "wall_seconds": 15.162960235960782}
formal500 244 / 500 {"particle_id": 246, "completed": true, "outlet": "OUTLET_02", "reason": "OUTLET_02", "failure_detail": null, "wall_seconds": 14.572494350024499}
formal500 245 / 500 {"particle_id": 242, "completed": true, "outlet": "OUTLET_02", "reason": "OUTLET_02", "failure_detail": null, "wall_seconds": 21.82334592693951}
formal500 246 / 500 {"particle_id": 243, "completed": true, "outlet": "OUTLET_02", "reason": "OUTLET_02", "failure_detail": null, "wall_seconds": 18.119861352955922}
formal500 247 / 500 {"particle_id": 247, "completed": true, "outlet": "OUTLET_02", "reason": "OUTLET_02", "failure_detail": null, "wall_seconds": 16.97468741296325}
formal500 248 / 500 {"particle_id": 251, "completed": false, "outlet": "NO_EXIT", "reason": "INTEGRATION_SAFETY_STOP", "failure_detail": "ROUNDOFF_SCALE_STAGNATION_64_ACCEPTED_SUBSTEPS_NOT_PHYSIOLOGICAL_TRAPPING_PROOF", "wall_seconds": 10.688689229893498}
formal500 249 / 500 {"particle_id": 250, "completed": false, "outlet": "NO_EXIT", "reason": "INTEGRATION_SAFETY_STOP", "failure_detail": "EXACT_STATIONARY_COORDINATES_32_NOMINAL_STEPS_NOT_PHYSIOLOGICAL_TRAPPING_PROOF", "wall_seconds": 13.681523227016442}
formal500 250 / 500 {"particle_id": 248, "completed": true, "outlet": "OUTLET_02", "reason": "OUTLET_02", "failure_detail": null, "wall_seconds": 18.801930613000877}
formal500 251 / 500 {"particle_id": 253, "completed": true, "outlet": "OUTLET_02", "reason": "OUTLET_02", "failure_detail": null, "wall_seconds": 15.69214911700692}
formal500 252 / 500 {"particle_id": 252, "completed": false, "outlet": "NO_EXIT", "reason": "INTEGRATION_SAFETY_STOP", "failure_detail": "EXACT_STATIONARY_COORDINATES_32_NOMINAL_STEPS_NOT_PHYSIOLOGICAL_TRAPPING_PROOF", "wall_seconds": 17.081703405012377}
formal500 253 / 500 {"particle_id": 249, "completed": true, "outlet": "OUTLET_02", "reason": "OUTLET_02", "failure_detail": null, "wall_seconds": 21.898248156998307}
formal500 254 / 500 {"particle_id": 255, "completed": true, "outlet": "OUTLET_02", "reason": "OUTLET_02", "failure_detail": null, "wall_seconds": 14.869436386972666}
formal500 255 / 500 {"particle_id": 254, "completed": true, "outlet": "OUTLET_02", "reason": "OUTLET_02", "failure_detail": null, "wall_seconds": 19.031948036979884}
formal500 256 / 500 {"particle_id": 257, "completed": false, "outlet": "NO_EXIT", "reason": "INTEGRATION_SAFETY_STOP", "failure_detail": "EXACT_STATIONARY_COORDINATES_32_NOMINAL_STEPS_NOT_PHYSIOLOGICAL_TRAPPING_PROOF", "wall_seconds": 13.39484943205025}
formal500 257 / 500 {"particle_id": 259, "completed": true, "outlet": "OUTLET_02", "reason": "OUTLET_02", "failure_detail": null, "wall_seconds": 11.762397437007166}
formal500 258 / 500 {"particle_id": 258, "completed": true, "outlet": "OUTLET_02", "reason": "OUTLET_02", "failure_detail": null, "wall_seconds": 18.57838698104024}
formal500 259 / 500 {"particle_id": 256, "completed": true, "outlet": "OUTLET_02", "reason": "OUTLET_02", "failure_detail": null, "wall_seconds": 24.083171544014476}
formal500 260 / 500 {"particle_id": 262, "completed": true, "outlet": "OUTLET_02", "reason": "OUTLET_02", "failure_detail": null, "wall_seconds": 7.267959824996069}
formal500 261 / 500 {"particle_id": 263, "completed": false, "outlet": "NO_EXIT", "reason": "INTEGRATION_SAFETY_STOP", "failure_detail": "EXACT_STATIONARY_COORDINATES_32_NOMINAL_STEPS_NOT_PHYSIOLOGICAL_TRAPPING_PROOF", "wall_seconds": 11.780611674999818}
formal500 262 / 500 {"particle_id": 260, "completed": true, "outlet": "OUTLET_02", "reason": "OUTLET_02", "failure_detail": null, "wall_seconds": 17.13446248800028}
formal500 263 / 500 {"particle_id": 264, "completed": true, "outlet": "OUTLET_02", "reason": "OUTLET_02", "failure_detail": null, "wall_seconds": 10.212763763964176}
formal500 264 / 500 {"particle_id": 265, "completed": true, "outlet": "OUTLET_02", "reason": "OUTLET_02", "failure_detail": null, "wall_seconds": 9.472751794965006}
formal500 265 / 500 {"particle_id": 266, "completed": true, "outlet": "OUTLET_02", "reason": "OUTLET_02", "failure_detail": null, "wall_seconds": 12.261442997027189}
formal500 266 / 500 {"particle_id": 261, "completed": true, "outlet": "OUTLET_02", "reason": "OUTLET_02", "failure_detail": null, "wall_seconds": 21.263328700093552}
formal500 267 / 500 {"particle_id": 271, "completed": true, "outlet": "OUTLET_02", "reason": "OUTLET_02", "failure_detail": null, "wall_seconds": 7.75202489993535}
formal500 268 / 500 {"particle_id": 270, "completed": true, "outlet": "OUTLET_02", "reason": "OUTLET_02", "failure_detail": null, "wall_seconds": 13.46949836902786}
formal500 269 / 500 {"particle_id": 272, "completed": true, "outlet": "OUTLET_02", "reason": "OUTLET_02", "failure_detail": null, "wall_seconds": 10.985404425067827}
formal500 270 / 500 {"particle_id": 269, "completed": true, "outlet": "OUTLET_02", "reason": "OUTLET_02", "failure_detail": null, "wall_seconds": 17.37183868594002}
formal500 271 / 500 {"particle_id": 268, "completed": false, "outlet": "NO_EXIT", "reason": "INTEGRATION_SAFETY_STOP", "failure_detail": "EXACT_STATIONARY_COORDINATES_32_NOMINAL_STEPS_NOT_PHYSIOLOGICAL_TRAPPING_PROOF", "wall_seconds": 19.898371690069325}
formal500 272 / 500 {"particle_id": 267, "completed": true, "outlet": "OUTLET_02", "reason": "OUTLET_02", "failure_detail": null, "wall_seconds": 21.645320593030192}
formal500 273 / 500 {"particle_id": 275, "completed": true, "outlet": "OUTLET_02", "reason": "OUTLET_02", "failure_detail": null, "wall_seconds": 7.2360367549117655}
formal500 274 / 500 {"particle_id": 278, "completed": false, "outlet": "NO_EXIT", "reason": "INTEGRATION_SAFETY_STOP", "failure_detail": "EXACT_STATIONARY_COORDINATES_32_NOMINAL_STEPS_NOT_PHYSIOLOGICAL_TRAPPING_PROOF", "wall_seconds": 10.989482319913805}
formal500 275 / 500 {"particle_id": 276, "completed": true, "outlet": "OUTLET_02", "reason": "OUTLET_02", "failure_detail": null, "wall_seconds": 13.190451623988338}
formal500 276 / 500 {"particle_id": 279, "completed": false, "outlet": "NO_EXIT", "reason": "INTEGRATION_SAFETY_STOP", "failure_detail": "EXACT_STATIONARY_COORDINATES_32_NOMINAL_STEPS_NOT_PHYSIOLOGICAL_TRAPPING_PROOF", "wall_seconds": 11.826201459974982}
formal500 277 / 500 {"particle_id": 273, "completed": true, "outlet": "OUTLET_02", "reason": "OUTLET_02", "failure_detail": null, "wall_seconds": 23.43390069704037}
formal500 278 / 500 {"particle_id": 277, "completed": true, "outlet": "OUTLET_02", "reason": "OUTLET_02", "failure_detail": null, "wall_seconds": 18.303000038024038}
formal500 279 / 500 {"particle_id": 274, "completed": true, "outlet": "OUTLET_02", "reason": "OUTLET_02", "failure_detail": null, "wall_seconds": 23.119203007081524}
formal500 280 / 500 {"particle_id": 283, "completed": true, "outlet": "OUTLET_02", "reason": "OUTLET_02", "failure_detail": null, "wall_seconds": 10.040090056019835}
formal500 281 / 500 {"particle_id": 280, "completed": true, "outlet": "OUTLET_02", "reason": "OUTLET_02", "failure_detail": null, "wall_seconds": 15.439399163005874}
formal500 282 / 500 {"particle_id": 282, "completed": false, "outlet": "NO_EXIT", "reason": "INTEGRATION_SAFETY_STOP", "failure_detail": "EXACT_STATIONARY_COORDINATES_32_NOMINAL_STEPS_NOT_PHYSIOLOGICAL_TRAPPING_PROOF", "wall_seconds": 12.014146712957881}
formal500 283 / 500 {"particle_id": 284, "completed": true, "outlet": "OUTLET_02", "reason": "OUTLET_02", "failure_detail": null, "wall_seconds": 10.32687474694103}
formal500 284 / 500 {"particle_id": 281, "completed": true, "outlet": "OUTLET_02", "reason": "OUTLET_02", "failure_detail": null, "wall_seconds": 18.5366411289433}
formal500 285 / 500 {"particle_id": 285, "completed": true, "outlet": "OUTLET_02", "reason": "OUTLET_02", "failure_detail": null, "wall_seconds": 14.890878513921052}
formal500 286 / 500 {"particle_id": 288, "completed": true, "outlet": "OUTLET_02", "reason": "OUTLET_02", "failure_detail": null, "wall_seconds": 7.960096947965212}
formal500 287 / 500 {"particle_id": 287, "completed": true, "outlet": "OUTLET_02", "reason": "OUTLET_02", "failure_detail": null, "wall_seconds": 8.854283593012951}
formal500 288 / 500 {"particle_id": 289, "completed": false, "outlet": "NO_EXIT", "reason": "INTEGRATION_SAFETY_STOP", "failure_detail": "EXACT_STATIONARY_COORDINATES_32_NOMINAL_STEPS_NOT_PHYSIOLOGICAL_TRAPPING_PROOF", "wall_seconds": 13.441102479002438}
formal500 289 / 500 {"particle_id": 293, "completed": false, "outlet": "NO_EXIT", "reason": "INTEGRATION_SAFETY_STOP", "failure_detail": "EXACT_STATIONARY_COORDINATES_32_NOMINAL_STEPS_NOT_PHYSIOLOGICAL_TRAPPING_PROOF", "wall_seconds": 10.907147963065654}
formal500 290 / 500 {"particle_id": 286, "completed": true, "outlet": "OUTLET_02", "reason": "OUTLET_02", "failure_detail": null, "wall_seconds": 21.38111363700591}
formal500 291 / 500 {"particle_id": 290, "completed": true, "outlet": "OUTLET_02", "reason": "OUTLET_02", "failure_detail": null, "wall_seconds": 18.434069589013234}
formal500 292 / 500 {"particle_id": 291, "completed": true, "outlet": "OUTLET_02", "reason": "OUTLET_02", "failure_detail": null, "wall_seconds": 18.776417601038702}
formal500 293 / 500 {"particle_id": 292, "completed": true, "outlet": "OUTLET_02", "reason": "OUTLET_02", "failure_detail": null, "wall_seconds": 20.019237943924963}
formal500 294 / 500 {"particle_id": 297, "completed": true, "outlet": "OUTLET_02", "reason": "OUTLET_02", "failure_detail": null, "wall_seconds": 8.025295555009507}
formal500 295 / 500 {"particle_id": 294, "completed": true, "outlet": "OUTLET_02", "reason": "OUTLET_02", "failure_detail": null, "wall_seconds": 16.92318769299891}
formal500 296 / 500 {"particle_id": 295, "completed": true, "outlet": "OUTLET_02", "reason": "OUTLET_02", "failure_detail": null, "wall_seconds": 15.174331863061525}
formal500 297 / 500 {"particle_id": 296, "completed": true, "outlet": "OUTLET_02", "reason": "OUTLET_02", "failure_detail": null, "wall_seconds": 16.89976989396382}
formal500 298 / 500 {"particle_id": 298, "completed": true, "outlet": "OUTLET_02", "reason": "OUTLET_02", "failure_detail": null, "wall_seconds": 13.403458619955927}
formal500 299 / 500 {"particle_id": 301, "completed": true, "outlet": "OUTLET_02", "reason": "OUTLET_02", "failure_detail": null, "wall_seconds": 14.143088270910084}
formal500 300 / 500 {"particle_id": 299, "completed": true, "outlet": "OUTLET_02", "reason": "OUTLET_02", "failure_detail": null, "wall_seconds": 18.967355816974305}
formal500 301 / 500 {"particle_id": 300, "completed": true, "outlet": "OUTLET_02", "reason": "OUTLET_02", "failure_detail": null, "wall_seconds": 17.671795540954918}
formal500 302 / 500 {"particle_id": 304, "completed": false, "outlet": "NO_EXIT", "reason": "INTEGRATION_SAFETY_STOP", "failure_detail": "EXACT_STATIONARY_COORDINATES_32_NOMINAL_STEPS_NOT_PHYSIOLOGICAL_TRAPPING_PROOF", "wall_seconds": 12.374674780992791}
formal500 303 / 500 {"particle_id": 303, "completed": false, "outlet": "NO_EXIT", "reason": "INTEGRATION_SAFETY_STOP", "failure_detail": "ROUNDOFF_SCALE_STAGNATION_64_ACCEPTED_SUBSTEPS_NOT_PHYSIOLOGICAL_TRAPPING_PROOF", "wall_seconds": 15.78253125899937}
formal500 304 / 500 {"particle_id": 302, "completed": true, "outlet": "OUTLET_02", "reason": "OUTLET_02", "failure_detail": null, "wall_seconds": 19.795706728007644}
formal500 305 / 500 {"particle_id": 305, "completed": false, "outlet": "NO_EXIT", "reason": "INTEGRATION_SAFETY_STOP", "failure_detail": "EXACT_STATIONARY_COORDINATES_32_NOMINAL_STEPS_NOT_PHYSIOLOGICAL_TRAPPING_PROOF", "wall_seconds": 11.959726962028071}
formal500 306 / 500 {"particle_id": 306, "completed": false, "outlet": "NO_EXIT", "reason": "INTEGRATION_SAFETY_STOP", "failure_detail": "EXACT_STATIONARY_COORDINATES_32_NOMINAL_STEPS_NOT_PHYSIOLOGICAL_TRAPPING_PROOF", "wall_seconds": 10.561393301002681}
formal500 307 / 500 {"particle_id": 307, "completed": false, "outlet": "NO_EXIT", "reason": "INTEGRATION_SAFETY_STOP", "failure_detail": "EXACT_STATIONARY_COORDINATES_32_NOMINAL_STEPS_NOT_PHYSIOLOGICAL_TRAPPING_PROOF", "wall_seconds": 11.239231363986619}
formal500 308 / 500 {"particle_id": 313, "completed": true, "outlet": "OUTLET_02", "reason": "OUTLET_02", "failure_detail": null, "wall_seconds": 5.530737797962502}
formal500 309 / 500 {"particle_id": 312, "completed": true, "outlet": "OUTLET_02", "reason": "OUTLET_02", "failure_detail": null, "wall_seconds": 10.598281183978543}
formal500 310 / 500 {"particle_id": 310, "completed": true, "outlet": "OUTLET_02", "reason": "OUTLET_02", "failure_detail": null, "wall_seconds": 15.170344719081186}
formal500 311 / 500 {"particle_id": 311, "completed": true, "outlet": "OUTLET_02", "reason": "OUTLET_02", "failure_detail": null, "wall_seconds": 13.446963734924793}
formal500 312 / 500 {"particle_id": 314, "completed": true, "outlet": "OUTLET_02", "reason": "OUTLET_02", "failure_detail": null, "wall_seconds": 6.74195633106865}
formal500 313 / 500 {"particle_id": 309, "completed": true, "outlet": "OUTLET_02", "reason": "OUTLET_02", "failure_detail": null, "wall_seconds": 22.338944643037394}
formal500 314 / 500 {"particle_id": 308, "completed": true, "outlet": "OUTLET_02", "reason": "OUTLET_02", "failure_detail": null, "wall_seconds": 25.767096195952035}
formal500 315 / 500 {"particle_id": 315, "completed": true, "outlet": "OUTLET_02", "reason": "OUTLET_02", "failure_detail": null, "wall_seconds": 13.424965747981332}
formal500 316 / 500 {"particle_id": 318, "completed": true, "outlet": "OUTLET_02", "reason": "OUTLET_02", "failure_detail": null, "wall_seconds": 12.437949031009339}
formal500 317 / 500 {"particle_id": 319, "completed": true, "outlet": "OUTLET_02", "reason": "OUTLET_02", "failure_detail": null, "wall_seconds": 8.280259817023762}
formal500 318 / 500 {"particle_id": 317, "completed": true, "outlet": "OUTLET_02", "reason": "OUTLET_02", "failure_detail": null, "wall_seconds": 13.50072558305692}
formal500 319 / 500 {"particle_id": 316, "completed": true, "outlet": "OUTLET_02", "reason": "OUTLET_02", "failure_detail": null, "wall_seconds": 20.553290692041628}
formal500 320 / 500 {"particle_id": 324, "completed": false, "outlet": "NO_EXIT", "reason": "INTEGRATION_SAFETY_STOP", "failure_detail": "EXACT_STATIONARY_COORDINATES_32_NOMINAL_STEPS_NOT_PHYSIOLOGICAL_TRAPPING_PROOF", "wall_seconds": 11.421732272021472}
formal500 321 / 500 {"particle_id": 323, "completed": true, "outlet": "OUTLET_02", "reason": "OUTLET_02", "failure_detail": null, "wall_seconds": 12.563743237988092}
formal500 322 / 500 {"particle_id": 322, "completed": false, "outlet": "NO_EXIT", "reason": "INTEGRATION_SAFETY_STOP", "failure_detail": "EXACT_STATIONARY_COORDINATES_32_NOMINAL_STEPS_NOT_PHYSIOLOGICAL_TRAPPING_PROOF", "wall_seconds": 13.311814171029255}
formal500 323 / 500 {"particle_id": 321, "completed": true, "outlet": "OUTLET_02", "reason": "OUTLET_02", "failure_detail": null, "wall_seconds": 15.390236605075188}
formal500 324 / 500 {"particle_id": 320, "completed": true, "outlet": "OUTLET_02", "reason": "OUTLET_02", "failure_detail": null, "wall_seconds": 20.89886805100832}
formal500 325 / 500 {"particle_id": 326, "completed": true, "outlet": "OUTLET_02", "reason": "OUTLET_02", "failure_detail": null, "wall_seconds": 9.87139349791687}
formal500 326 / 500 {"particle_id": 325, "completed": true, "outlet": "OUTLET_02", "reason": "OUTLET_02", "failure_detail": null, "wall_seconds": 16.547443230985664}
formal500 327 / 500 {"particle_id": 330, "completed": true, "outlet": "OUTLET_02", "reason": "OUTLET_02", "failure_detail": null, "wall_seconds": 9.786752448999323}
formal500 328 / 500 {"particle_id": 327, "completed": true, "outlet": "OUTLET_02", "reason": "OUTLET_02", "failure_detail": null, "wall_seconds": 11.050324268988334}
formal500 329 / 500 {"particle_id": 328, "completed": false, "outlet": "NO_EXIT", "reason": "INTEGRATION_SAFETY_STOP", "failure_detail": "EXACT_STATIONARY_COORDINATES_32_NOMINAL_STEPS_NOT_PHYSIOLOGICAL_TRAPPING_PROOF", "wall_seconds": 11.494605575921014}
formal500 330 / 500 {"particle_id": 329, "completed": true, "outlet": "OUTLET_02", "reason": "OUTLET_02", "failure_detail": null, "wall_seconds": 11.315633189980872}
formal500 331 / 500 {"particle_id": 334, "completed": false, "outlet": "NO_EXIT", "reason": "INTEGRATION_SAFETY_STOP", "failure_detail": "EXACT_STATIONARY_COORDINATES_32_NOMINAL_STEPS_NOT_PHYSIOLOGICAL_TRAPPING_PROOF", "wall_seconds": 7.87180534703657}
formal500 332 / 500 {"particle_id": 336, "completed": true, "outlet": "OUTLET_02", "reason": "OUTLET_02", "failure_detail": null, "wall_seconds": 7.2092788140289485}
formal500 333 / 500 {"particle_id": 332, "completed": true, "outlet": "OUTLET_02", "reason": "OUTLET_02", "failure_detail": null, "wall_seconds": 11.564063715049997}
formal500 334 / 500 {"particle_id": 333, "completed": true, "outlet": "OUTLET_02", "reason": "OUTLET_02", "failure_detail": null, "wall_seconds": 11.143247369909659}
formal500 335 / 500 {"particle_id": 335, "completed": true, "outlet": "OUTLET_02", "reason": "OUTLET_02", "failure_detail": null, "wall_seconds": 15.148951549082994}
formal500 336 / 500 {"particle_id": 331, "completed": true, "outlet": "OUTLET_02", "reason": "OUTLET_02", "failure_detail": null, "wall_seconds": 23.069645720999688}
formal500 337 / 500 {"particle_id": 337, "completed": false, "outlet": "NO_EXIT", "reason": "INTEGRATION_SAFETY_STOP", "failure_detail": "EXACT_STATIONARY_COORDINATES_32_NOMINAL_STEPS_NOT_PHYSIOLOGICAL_TRAPPING_PROOF", "wall_seconds": 15.917581968009472}
formal500 338 / 500 {"particle_id": 338, "completed": false, "outlet": "NO_EXIT", "reason": "INTEGRATION_SAFETY_STOP", "failure_detail": "EXACT_STATIONARY_COORDINATES_32_NOMINAL_STEPS_NOT_PHYSIOLOGICAL_TRAPPING_PROOF", "wall_seconds": 18.06139420706313}
formal500 339 / 500 {"particle_id": 340, "completed": true, "outlet": "OUTLET_02", "reason": "OUTLET_02", "failure_detail": null, "wall_seconds": 17.456298071076162}
formal500 340 / 500 {"particle_id": 339, "completed": true, "outlet": "OUTLET_02", "reason": "OUTLET_02", "failure_detail": null, "wall_seconds": 23.92706936702598}
formal500 341 / 500 {"particle_id": 343, "completed": true, "outlet": "OUTLET_02", "reason": "OUTLET_02", "failure_detail": null, "wall_seconds": 14.578085490036756}
formal500 342 / 500 {"particle_id": 341, "completed": true, "outlet": "OUTLET_02", "reason": "OUTLET_02", "failure_detail": null, "wall_seconds": 24.080977595061995}
formal500 343 / 500 {"particle_id": 342, "completed": true, "outlet": "OUTLET_02", "reason": "OUTLET_02", "failure_detail": null, "wall_seconds": 20.32311534800101}
formal500 344 / 500 {"particle_id": 346, "completed": false, "outlet": "NO_EXIT", "reason": "INTEGRATION_SAFETY_STOP", "failure_detail": "EXACT_STATIONARY_COORDINATES_32_NOMINAL_STEPS_NOT_PHYSIOLOGICAL_TRAPPING_PROOF", "wall_seconds": 9.037382657988928}
formal500 345 / 500 {"particle_id": 345, "completed": true, "outlet": "OUTLET_02", "reason": "OUTLET_02", "failure_detail": null, "wall_seconds": 19.031102983048186}
formal500 346 / 500 {"particle_id": 344, "completed": true, "outlet": "OUTLET_02", "reason": "OUTLET_02", "failure_detail": null, "wall_seconds": 22.03869338997174}
formal500 347 / 500 {"particle_id": 347, "completed": true, "outlet": "OUTLET_02", "reason": "OUTLET_02", "failure_detail": null, "wall_seconds": 12.005305772996508}
formal500 348 / 500 {"particle_id": 348, "completed": true, "outlet": "OUTLET_02", "reason": "OUTLET_02", "failure_detail": null, "wall_seconds": 13.36523394996766}
formal500 349 / 500 {"particle_id": 349, "completed": true, "outlet": "OUTLET_02", "reason": "OUTLET_02", "failure_detail": null, "wall_seconds": 20.0414819290163}
formal500 350 / 500 {"particle_id": 352, "completed": true, "outlet": "OUTLET_02", "reason": "OUTLET_02", "failure_detail": null, "wall_seconds": 14.617419665097259}
formal500 351 / 500 {"particle_id": 350, "completed": true, "outlet": "OUTLET_02", "reason": "OUTLET_02", "failure_detail": null, "wall_seconds": 19.039737239014357}
formal500 352 / 500 {"particle_id": 351, "completed": false, "outlet": "NO_EXIT", "reason": "INTEGRATION_SAFETY_STOP", "failure_detail": "EXACT_STATIONARY_COORDINATES_32_NOMINAL_STEPS_NOT_PHYSIOLOGICAL_TRAPPING_PROOF", "wall_seconds": 16.417650113929994}
formal500 353 / 500 {"particle_id": 354, "completed": false, "outlet": "NO_EXIT", "reason": "INTEGRATION_SAFETY_STOP", "failure_detail": "EXACT_STATIONARY_COORDINATES_32_NOMINAL_STEPS_NOT_PHYSIOLOGICAL_TRAPPING_PROOF", "wall_seconds": 14.160094465943985}
formal500 354 / 500 {"particle_id": 353, "completed": true, "outlet": "OUTLET_02", "reason": "OUTLET_02", "failure_detail": null, "wall_seconds": 18.512750696972944}
formal500 355 / 500 {"particle_id": 356, "completed": true, "outlet": "OUTLET_02", "reason": "OUTLET_02", "failure_detail": null, "wall_seconds": 11.86500722693745}
formal500 356 / 500 {"particle_id": 355, "completed": false, "outlet": "NO_EXIT", "reason": "INTEGRATION_SAFETY_STOP", "failure_detail": "EXACT_STATIONARY_COORDINATES_32_NOMINAL_STEPS_NOT_PHYSIOLOGICAL_TRAPPING_PROOF", "wall_seconds": 14.999020818038844}
formal500 357 / 500 {"particle_id": 360, "completed": false, "outlet": "NO_EXIT", "reason": "INTEGRATION_SAFETY_STOP", "failure_detail": "EXACT_STATIONARY_COORDINATES_32_NOMINAL_STEPS_NOT_PHYSIOLOGICAL_TRAPPING_PROOF", "wall_seconds": 9.494526930968277}
formal500 358 / 500 {"particle_id": 357, "completed": true, "outlet": "OUTLET_02", "reason": "OUTLET_02", "failure_detail": null, "wall_seconds": 16.236490251030773}
formal500 359 / 500 {"particle_id": 358, "completed": true, "outlet": "OUTLET_02", "reason": "OUTLET_02", "failure_detail": null, "wall_seconds": 18.524978633970022}
formal500 360 / 500 {"particle_id": 361, "completed": false, "outlet": "NO_EXIT", "reason": "INTEGRATION_SAFETY_STOP", "failure_detail": "EXACT_STATIONARY_COORDINATES_32_NOMINAL_STEPS_NOT_PHYSIOLOGICAL_TRAPPING_PROOF", "wall_seconds": 13.559493010048755}
formal500 361 / 500 {"particle_id": 359, "completed": true, "outlet": "OUTLET_02", "reason": "OUTLET_02", "failure_detail": null, "wall_seconds": 21.39509214204736}
formal500 362 / 500 {"particle_id": 364, "completed": true, "outlet": "OUTLET_02", "reason": "OUTLET_02", "failure_detail": null, "wall_seconds": 9.994262348045595}
formal500 363 / 500 {"particle_id": 362, "completed": true, "outlet": "OUTLET_02", "reason": "OUTLET_02", "failure_detail": null, "wall_seconds": 15.988360974006355}
formal500 364 / 500 {"particle_id": 363, "completed": false, "outlet": "NO_EXIT", "reason": "INTEGRATION_SAFETY_STOP", "failure_detail": "EXACT_STATIONARY_COORDINATES_32_NOMINAL_STEPS_NOT_PHYSIOLOGICAL_TRAPPING_PROOF", "wall_seconds": 17.55919267598074}
formal500 365 / 500 {"particle_id": 365, "completed": false, "outlet": "NO_EXIT", "reason": "INTEGRATION_SAFETY_STOP", "failure_detail": "EXACT_STATIONARY_COORDINATES_32_NOMINAL_STEPS_NOT_PHYSIOLOGICAL_TRAPPING_PROOF", "wall_seconds": 14.126768333953805}
formal500 366 / 500 {"particle_id": 367, "completed": true, "outlet": "OUTLET_02", "reason": "OUTLET_02", "failure_detail": null, "wall_seconds": 13.399744017980993}
formal500 367 / 500 {"particle_id": 368, "completed": false, "outlet": "NO_EXIT", "reason": "INTEGRATION_SAFETY_STOP", "failure_detail": "EXACT_STATIONARY_COORDINATES_32_NOMINAL_STEPS_NOT_PHYSIOLOGICAL_TRAPPING_PROOF", "wall_seconds": 13.884163331938908}
formal500 368 / 500 {"particle_id": 366, "completed": false, "outlet": "NO_EXIT", "reason": "INTEGRATION_SAFETY_STOP", "failure_detail": "EXACT_STATIONARY_COORDINATES_32_NOMINAL_STEPS_NOT_PHYSIOLOGICAL_TRAPPING_PROOF", "wall_seconds": 15.6418592100963}
formal500 369 / 500 {"particle_id": 370, "completed": true, "outlet": "OUTLET_02", "reason": "OUTLET_02", "failure_detail": null, "wall_seconds": 14.074556096922606}
formal500 370 / 500 {"particle_id": 371, "completed": false, "outlet": "NO_EXIT", "reason": "INTEGRATION_SAFETY_STOP", "failure_detail": "EXACT_STATIONARY_COORDINATES_32_NOMINAL_STEPS_NOT_PHYSIOLOGICAL_TRAPPING_PROOF", "wall_seconds": 13.629854429047555}
formal500 371 / 500 {"particle_id": 369, "completed": false, "outlet": "NO_EXIT", "reason": "INTEGRATION_SAFETY_STOP", "failure_detail": "EXACT_STATIONARY_COORDINATES_32_NOMINAL_STEPS_NOT_PHYSIOLOGICAL_TRAPPING_PROOF", "wall_seconds": 20.571812886046246}
formal500 372 / 500 {"particle_id": 373, "completed": true, "outlet": "OUTLET_02", "reason": "OUTLET_02", "failure_detail": null, "wall_seconds": 16.037872717017308}
formal500 373 / 500 {"particle_id": 374, "completed": true, "outlet": "OUTLET_02", "reason": "OUTLET_02", "failure_detail": null, "wall_seconds": 15.51194093900267}
formal500 374 / 500 {"particle_id": 372, "completed": true, "outlet": "OUTLET_02", "reason": "OUTLET_02", "failure_detail": null, "wall_seconds": 18.67907886498142}
formal500 375 / 500 {"particle_id": 375, "completed": false, "outlet": "NO_EXIT", "reason": "INTEGRATION_SAFETY_STOP", "failure_detail": "EXACT_STATIONARY_COORDINATES_32_NOMINAL_STEPS_NOT_PHYSIOLOGICAL_TRAPPING_PROOF", "wall_seconds": 13.013724705087952}
formal500 376 / 500 {"particle_id": 376, "completed": true, "outlet": "OUTLET_02", "reason": "OUTLET_02", "failure_detail": null, "wall_seconds": 14.001412937999703}
formal500 377 / 500 {"particle_id": 377, "completed": true, "outlet": "OUTLET_02", "reason": "OUTLET_02", "failure_detail": null, "wall_seconds": 16.48313089797739}
formal500 378 / 500 {"particle_id": 379, "completed": true, "outlet": "OUTLET_02", "reason": "OUTLET_02", "failure_detail": null, "wall_seconds": 12.726158941048197}
formal500 379 / 500 {"particle_id": 380, "completed": true, "outlet": "OUTLET_02", "reason": "OUTLET_02", "failure_detail": null, "wall_seconds": 11.380383617943153}
formal500 380 / 500 {"particle_id": 384, "completed": false, "outlet": "NO_EXIT", "reason": "INTEGRATION_SAFETY_STOP", "failure_detail": "EXACT_STATIONARY_COORDINATES_32_NOMINAL_STEPS_NOT_PHYSIOLOGICAL_TRAPPING_PROOF", "wall_seconds": 11.336223853984848}
formal500 381 / 500 {"particle_id": 378, "completed": false, "outlet": "NO_EXIT", "reason": "INTEGRATION_SAFETY_STOP", "failure_detail": "EXACT_STATIONARY_COORDINATES_32_NOMINAL_STEPS_NOT_PHYSIOLOGICAL_TRAPPING_PROOF", "wall_seconds": 26.113363845972344}
formal500 382 / 500 {"particle_id": 381, "completed": true, "outlet": "OUTLET_02", "reason": "OUTLET_02", "failure_detail": null, "wall_seconds": 22.323753400007263}
formal500 383 / 500 {"particle_id": 386, "completed": true, "outlet": "OUTLET_02", "reason": "OUTLET_02", "failure_detail": null, "wall_seconds": 7.943635537987575}
formal500 384 / 500 {"particle_id": 382, "completed": true, "outlet": "OUTLET_02", "reason": "OUTLET_02", "failure_detail": null, "wall_seconds": 27.291310852044262}
formal500 385 / 500 {"particle_id": 385, "completed": true, "outlet": "OUTLET_02", "reason": "OUTLET_02", "failure_detail": null, "wall_seconds": 22.695124850026332}
formal500 386 / 500 {"particle_id": 383, "completed": true, "outlet": "OUTLET_02", "reason": "OUTLET_02", "failure_detail": null, "wall_seconds": 26.42100587207824}
formal500 387 / 500 {"particle_id": 388, "completed": false, "outlet": "NO_EXIT", "reason": "INTEGRATION_SAFETY_STOP", "failure_detail": "EXACT_STATIONARY_COORDINATES_32_NOMINAL_STEPS_NOT_PHYSIOLOGICAL_TRAPPING_PROOF", "wall_seconds": 12.573302421020344}
formal500 388 / 500 {"particle_id": 391, "completed": true, "outlet": "OUTLET_02", "reason": "OUTLET_02", "failure_detail": null, "wall_seconds": 7.621512291021645}
formal500 389 / 500 {"particle_id": 392, "completed": false, "outlet": "NO_EXIT", "reason": "INTEGRATION_SAFETY_STOP", "failure_detail": "EXACT_STATIONARY_COORDINATES_32_NOMINAL_STEPS_NOT_PHYSIOLOGICAL_TRAPPING_PROOF", "wall_seconds": 9.508903929032385}
formal500 390 / 500 {"particle_id": 387, "completed": true, "outlet": "OUTLET_02", "reason": "OUTLET_02", "failure_detail": null, "wall_seconds": 21.553725629928522}
formal500 391 / 500 {"particle_id": 393, "completed": true, "outlet": "OUTLET_02", "reason": "OUTLET_02", "failure_detail": null, "wall_seconds": 9.246795954066329}
formal500 392 / 500 {"particle_id": 390, "completed": true, "outlet": "OUTLET_02", "reason": "OUTLET_02", "failure_detail": null, "wall_seconds": 18.121886814944446}
formal500 393 / 500 {"particle_id": 394, "completed": true, "outlet": "OUTLET_02", "reason": "OUTLET_02", "failure_detail": null, "wall_seconds": 9.97470106498804}
formal500 394 / 500 {"particle_id": 389, "completed": false, "outlet": "NO_EXIT", "reason": "INTEGRATION_SAFETY_STOP", "failure_detail": "EXACT_STATIONARY_COORDINATES_32_NOMINAL_STEPS_NOT_PHYSIOLOGICAL_TRAPPING_PROOF", "wall_seconds": 22.45342812605668}
formal500 395 / 500 {"particle_id": 395, "completed": true, "outlet": "OUTLET_02", "reason": "OUTLET_02", "failure_detail": null, "wall_seconds": 9.079590425011702}
formal500 396 / 500 {"particle_id": 397, "completed": true, "outlet": "OUTLET_02", "reason": "OUTLET_02", "failure_detail": null, "wall_seconds": 14.800737228011712}
formal500 397 / 500 {"particle_id": 399, "completed": true, "outlet": "OUTLET_02", "reason": "OUTLET_02", "failure_detail": null, "wall_seconds": 11.950774576049298}
formal500 398 / 500 {"particle_id": 396, "completed": false, "outlet": "NO_EXIT", "reason": "INTEGRATION_SAFETY_STOP", "failure_detail": "EXACT_STATIONARY_COORDINATES_32_NOMINAL_STEPS_NOT_PHYSIOLOGICAL_TRAPPING_PROOF", "wall_seconds": 18.140011081006378}
formal500 399 / 500 {"particle_id": 400, "completed": false, "outlet": "NO_EXIT", "reason": "INTEGRATION_SAFETY_STOP", "failure_detail": "EXACT_STATIONARY_COORDINATES_32_NOMINAL_STEPS_NOT_PHYSIOLOGICAL_TRAPPING_PROOF", "wall_seconds": 13.278836067998782}
formal500 400 / 500 {"particle_id": 398, "completed": true, "outlet": "OUTLET_02", "reason": "OUTLET_02", "failure_detail": null, "wall_seconds": 19.79807935806457}
formal500 401 / 500 {"particle_id": 401, "completed": true, "outlet": "OUTLET_02", "reason": "OUTLET_02", "failure_detail": null, "wall_seconds": 21.400404391111806}
formal500 402 / 500 {"particle_id": 402, "completed": true, "outlet": "OUTLET_02", "reason": "OUTLET_02", "failure_detail": null, "wall_seconds": 13.862931200070307}
formal500 403 / 500 {"particle_id": 405, "completed": true, "outlet": "OUTLET_02", "reason": "OUTLET_02", "failure_detail": null, "wall_seconds": 10.574211083934642}
formal500 404 / 500 {"particle_id": 406, "completed": true, "outlet": "OUTLET_02", "reason": "OUTLET_02", "failure_detail": null, "wall_seconds": 12.13065769302193}
formal500 405 / 500 {"particle_id": 407, "completed": true, "outlet": "OUTLET_02", "reason": "OUTLET_02", "failure_detail": null, "wall_seconds": 7.213999319006689}
formal500 406 / 500 {"particle_id": 408, "completed": true, "outlet": "OUTLET_02", "reason": "OUTLET_02", "failure_detail": null, "wall_seconds": 7.402702270075679}
formal500 407 / 500 {"particle_id": 403, "completed": true, "outlet": "OUTLET_02", "reason": "OUTLET_02", "failure_detail": null, "wall_seconds": 19.41459105804097}
formal500 408 / 500 {"particle_id": 411, "completed": true, "outlet": "OUTLET_02", "reason": "OUTLET_02", "failure_detail": null, "wall_seconds": 6.044262186973356}
formal500 409 / 500 {"particle_id": 404, "completed": true, "outlet": "OUTLET_02", "reason": "OUTLET_02", "failure_detail": null, "wall_seconds": 24.8468703890685}
formal500 410 / 500 {"particle_id": 409, "completed": true, "outlet": "OUTLET_02", "reason": "OUTLET_02", "failure_detail": null, "wall_seconds": 17.480030586011708}
formal500 411 / 500 {"particle_id": 413, "completed": true, "outlet": "OUTLET_02", "reason": "OUTLET_02", "failure_detail": null, "wall_seconds": 13.84570829605218}
formal500 412 / 500 {"particle_id": 410, "completed": false, "outlet": "NO_EXIT", "reason": "INTEGRATION_SAFETY_STOP", "failure_detail": "EXACT_STATIONARY_COORDINATES_32_NOMINAL_STEPS_NOT_PHYSIOLOGICAL_TRAPPING_PROOF", "wall_seconds": 16.606545640039258}
formal500 413 / 500 {"particle_id": 414, "completed": true, "outlet": "OUTLET_02", "reason": "OUTLET_02", "failure_detail": null, "wall_seconds": 17.38894171093125}
formal500 414 / 500 {"particle_id": 417, "completed": true, "outlet": "OUTLET_02", "reason": "OUTLET_02", "failure_detail": null, "wall_seconds": 9.1080864520045}
formal500 415 / 500 {"particle_id": 412, "completed": true, "outlet": "OUTLET_02", "reason": "OUTLET_02", "failure_detail": null, "wall_seconds": 24.733530206023715}
formal500 416 / 500 {"particle_id": 416, "completed": false, "outlet": "NO_EXIT", "reason": "INTEGRATION_SAFETY_STOP", "failure_detail": "ROUNDOFF_SCALE_STAGNATION_64_ACCEPTED_SUBSTEPS_NOT_PHYSIOLOGICAL_TRAPPING_PROOF", "wall_seconds": 16.48555680597201}
formal500 417 / 500 {"particle_id": 418, "completed": true, "outlet": "OUTLET_02", "reason": "OUTLET_02", "failure_detail": null, "wall_seconds": 13.397579794051126}
formal500 418 / 500 {"particle_id": 419, "completed": false, "outlet": "NO_EXIT", "reason": "INTEGRATION_SAFETY_STOP", "failure_detail": "EXACT_STATIONARY_COORDINATES_32_NOMINAL_STEPS_NOT_PHYSIOLOGICAL_TRAPPING_PROOF", "wall_seconds": 11.262515440001152}
formal500 419 / 500 {"particle_id": 421, "completed": false, "outlet": "NO_EXIT", "reason": "INTEGRATION_SAFETY_STOP", "failure_detail": "EXACT_STATIONARY_COORDINATES_32_NOMINAL_STEPS_NOT_PHYSIOLOGICAL_TRAPPING_PROOF", "wall_seconds": 10.1295890819747}
formal500 420 / 500 {"particle_id": 420, "completed": true, "outlet": "OUTLET_02", "reason": "OUTLET_02", "failure_detail": null, "wall_seconds": 13.92841650894843}
formal500 421 / 500 {"particle_id": 415, "completed": true, "outlet": "OUTLET_02", "reason": "OUTLET_02", "failure_detail": null, "wall_seconds": 31.76289889391046}
formal500 422 / 500 {"particle_id": 423, "completed": true, "outlet": "OUTLET_02", "reason": "OUTLET_02", "failure_detail": null, "wall_seconds": 15.954302612924948}
formal500 423 / 500 {"particle_id": 422, "completed": true, "outlet": "OUTLET_02", "reason": "OUTLET_02", "failure_detail": null, "wall_seconds": 19.033683468936943}
formal500 424 / 500 {"particle_id": 425, "completed": true, "outlet": "OUTLET_02", "reason": "OUTLET_02", "failure_detail": null, "wall_seconds": 14.422707777936012}
formal500 425 / 500 {"particle_id": 427, "completed": true, "outlet": "OUTLET_02", "reason": "OUTLET_02", "failure_detail": null, "wall_seconds": 12.266772831091657}
formal500 426 / 500 {"particle_id": 426, "completed": true, "outlet": "OUTLET_02", "reason": "OUTLET_02", "failure_detail": null, "wall_seconds": 18.924805638962425}
formal500 427 / 500 {"particle_id": 424, "completed": true, "outlet": "OUTLET_02", "reason": "OUTLET_02", "failure_detail": null, "wall_seconds": 22.64339377800934}
formal500 428 / 500 {"particle_id": 429, "completed": true, "outlet": "OUTLET_02", "reason": "OUTLET_02", "failure_detail": null, "wall_seconds": 10.481828007032163}
formal500 429 / 500 {"particle_id": 428, "completed": true, "outlet": "OUTLET_02", "reason": "OUTLET_02", "failure_detail": null, "wall_seconds": 16.6278850720264}
formal500 430 / 500 {"particle_id": 431, "completed": false, "outlet": "NO_EXIT", "reason": "INTEGRATION_SAFETY_STOP", "failure_detail": "EXACT_STATIONARY_COORDINATES_32_NOMINAL_STEPS_NOT_PHYSIOLOGICAL_TRAPPING_PROOF", "wall_seconds": 15.005557092954405}
formal500 431 / 500 {"particle_id": 432, "completed": false, "outlet": "NO_EXIT", "reason": "INTEGRATION_SAFETY_STOP", "failure_detail": "EXACT_STATIONARY_COORDINATES_32_NOMINAL_STEPS_NOT_PHYSIOLOGICAL_TRAPPING_PROOF", "wall_seconds": 14.08635202201549}
formal500 432 / 500 {"particle_id": 433, "completed": true, "outlet": "OUTLET_02", "reason": "OUTLET_02", "failure_detail": null, "wall_seconds": 15.399551609996706}
formal500 433 / 500 {"particle_id": 430, "completed": true, "outlet": "OUTLET_02", "reason": "OUTLET_02", "failure_detail": null, "wall_seconds": 23.449865046073683}
formal500 434 / 500 {"particle_id": 435, "completed": false, "outlet": "NO_EXIT", "reason": "INTEGRATION_SAFETY_STOP", "failure_detail": "EXACT_STATIONARY_COORDINATES_32_NOMINAL_STEPS_NOT_PHYSIOLOGICAL_TRAPPING_PROOF", "wall_seconds": 11.957755092997104}
formal500 435 / 500 {"particle_id": 434, "completed": true, "outlet": "OUTLET_02", "reason": "OUTLET_02", "failure_detail": null, "wall_seconds": 16.699859291082248}
formal500 436 / 500 {"particle_id": 437, "completed": true, "outlet": "OUTLET_02", "reason": "OUTLET_02", "failure_detail": null, "wall_seconds": 14.389527380932122}
formal500 437 / 500 {"particle_id": 438, "completed": false, "outlet": "NO_EXIT", "reason": "INTEGRATION_SAFETY_STOP", "failure_detail": "EXACT_STATIONARY_COORDINATES_32_NOMINAL_STEPS_NOT_PHYSIOLOGICAL_TRAPPING_PROOF", "wall_seconds": 14.483470279024914}
formal500 438 / 500 {"particle_id": 436, "completed": true, "outlet": "OUTLET_02", "reason": "OUTLET_02", "failure_detail": null, "wall_seconds": 26.610256160027348}
formal500 439 / 500 {"particle_id": 441, "completed": false, "outlet": "NO_EXIT", "reason": "INTEGRATION_SAFETY_STOP", "failure_detail": "EXACT_STATIONARY_COORDINATES_32_NOMINAL_STEPS_NOT_PHYSIOLOGICAL_TRAPPING_PROOF", "wall_seconds": 19.22721470799297}
formal500 440 / 500 {"particle_id": 440, "completed": true, "outlet": "OUTLET_02", "reason": "OUTLET_02", "failure_detail": null, "wall_seconds": 20.91601504595019}
formal500 441 / 500 {"particle_id": 439, "completed": false, "outlet": "NO_EXIT", "reason": "INTEGRATION_SAFETY_STOP", "failure_detail": "EXACT_STATIONARY_COORDINATES_32_NOMINAL_STEPS_NOT_PHYSIOLOGICAL_TRAPPING_PROOF", "wall_seconds": 21.67590917798225}
formal500 442 / 500 {"particle_id": 443, "completed": false, "outlet": "NO_EXIT", "reason": "INTEGRATION_SAFETY_STOP", "failure_detail": "EXACT_STATIONARY_COORDINATES_32_NOMINAL_STEPS_NOT_PHYSIOLOGICAL_TRAPPING_PROOF", "wall_seconds": 10.546528607024811}
formal500 443 / 500 {"particle_id": 442, "completed": false, "outlet": "NO_EXIT", "reason": "INTEGRATION_SAFETY_STOP", "failure_detail": "EXACT_STATIONARY_COORDINATES_32_NOMINAL_STEPS_NOT_PHYSIOLOGICAL_TRAPPING_PROOF", "wall_seconds": 13.155819451087154}
formal500 444 / 500 {"particle_id": 446, "completed": false, "outlet": "NO_EXIT", "reason": "INTEGRATION_SAFETY_STOP", "failure_detail": "EXACT_STATIONARY_COORDINATES_32_NOMINAL_STEPS_NOT_PHYSIOLOGICAL_TRAPPING_PROOF", "wall_seconds": 11.84914981899783}
formal500 445 / 500 {"particle_id": 444, "completed": true, "outlet": "OUTLET_02", "reason": "OUTLET_02", "failure_detail": null, "wall_seconds": 17.946075304062106}
formal500 446 / 500 {"particle_id": 445, "completed": true, "outlet": "OUTLET_02", "reason": "OUTLET_02", "failure_detail": null, "wall_seconds": 16.82316550204996}
formal500 447 / 500 {"particle_id": 448, "completed": true, "outlet": "OUTLET_02", "reason": "OUTLET_02", "failure_detail": null, "wall_seconds": 13.40012723999098}
formal500 448 / 500 {"particle_id": 447, "completed": true, "outlet": "OUTLET_02", "reason": "OUTLET_02", "failure_detail": null, "wall_seconds": 17.610382977989502}
formal500 449 / 500 {"particle_id": 449, "completed": false, "outlet": "NO_EXIT", "reason": "INTEGRATION_SAFETY_STOP", "failure_detail": "EXACT_STATIONARY_COORDINATES_32_NOMINAL_STEPS_NOT_PHYSIOLOGICAL_TRAPPING_PROOF", "wall_seconds": 21.55914484197274}
formal500 450 / 500 {"particle_id": 453, "completed": true, "outlet": "OUTLET_02", "reason": "OUTLET_02", "failure_detail": null, "wall_seconds": 10.947542167967185}
formal500 451 / 500 {"particle_id": 450, "completed": true, "outlet": "OUTLET_02", "reason": "OUTLET_02", "failure_detail": null, "wall_seconds": 17.72706259402912}
formal500 452 / 500 {"particle_id": 452, "completed": true, "outlet": "OUTLET_02", "reason": "OUTLET_02", "failure_detail": null, "wall_seconds": 14.7046611829428}
formal500 453 / 500 {"particle_id": 451, "completed": true, "outlet": "OUTLET_02", "reason": "OUTLET_02", "failure_detail": null, "wall_seconds": 17.267303406028077}
formal500 454 / 500 {"particle_id": 454, "completed": true, "outlet": "OUTLET_02", "reason": "OUTLET_02", "failure_detail": null, "wall_seconds": 16.310552425915375}
formal500 455 / 500 {"particle_id": 455, "completed": false, "outlet": "NO_EXIT", "reason": "INTEGRATION_SAFETY_STOP", "failure_detail": "EXACT_STATIONARY_COORDINATES_32_NOMINAL_STEPS_NOT_PHYSIOLOGICAL_TRAPPING_PROOF", "wall_seconds": 9.193330358946696}
formal500 456 / 500 {"particle_id": 456, "completed": false, "outlet": "NO_EXIT", "reason": "INTEGRATION_SAFETY_STOP", "failure_detail": "EXACT_STATIONARY_COORDINATES_32_NOMINAL_STEPS_NOT_PHYSIOLOGICAL_TRAPPING_PROOF", "wall_seconds": 13.883092470932752}
formal500 457 / 500 {"particle_id": 457, "completed": false, "outlet": "NO_EXIT", "reason": "INTEGRATION_SAFETY_STOP", "failure_detail": "EXACT_STATIONARY_COORDINATES_32_NOMINAL_STEPS_NOT_PHYSIOLOGICAL_TRAPPING_PROOF", "wall_seconds": 15.567561611067504}
formal500 458 / 500 {"particle_id": 460, "completed": true, "outlet": "OUTLET_02", "reason": "OUTLET_02", "failure_detail": null, "wall_seconds": 12.343636856996454}
formal500 459 / 500 {"particle_id": 459, "completed": false, "outlet": "NO_EXIT", "reason": "INTEGRATION_SAFETY_STOP", "failure_detail": "EXACT_STATIONARY_COORDINATES_32_NOMINAL_STEPS_NOT_PHYSIOLOGICAL_TRAPPING_PROOF", "wall_seconds": 16.34137804596685}
formal500 460 / 500 {"particle_id": 458, "completed": false, "outlet": "NO_EXIT", "reason": "INTEGRATION_SAFETY_STOP", "failure_detail": "EXACT_STATIONARY_COORDINATES_32_NOMINAL_STEPS_NOT_PHYSIOLOGICAL_TRAPPING_PROOF", "wall_seconds": 18.926455232081935}
formal500 461 / 500 {"particle_id": 463, "completed": true, "outlet": "OUTLET_02", "reason": "OUTLET_02", "failure_detail": null, "wall_seconds": 5.843229680904187}
formal500 462 / 500 {"particle_id": 461, "completed": true, "outlet": "OUTLET_02", "reason": "OUTLET_02", "failure_detail": null, "wall_seconds": 16.16595892899204}
formal500 463 / 500 {"particle_id": 462, "completed": false, "outlet": "NO_EXIT", "reason": "INTEGRATION_SAFETY_STOP", "failure_detail": "EXACT_STATIONARY_COORDINATES_32_NOMINAL_STEPS_NOT_PHYSIOLOGICAL_TRAPPING_PROOF", "wall_seconds": 13.005960247013718}
formal500 464 / 500 {"particle_id": 466, "completed": true, "outlet": "OUTLET_02", "reason": "OUTLET_02", "failure_detail": null, "wall_seconds": 15.947337738005444}
formal500 465 / 500 {"particle_id": 468, "completed": true, "outlet": "OUTLET_02", "reason": "OUTLET_02", "failure_detail": null, "wall_seconds": 16.750000784988515}
formal500 466 / 500 {"particle_id": 469, "completed": true, "outlet": "OUTLET_02", "reason": "OUTLET_02", "failure_detail": null, "wall_seconds": 14.407948349020444}
formal500 467 / 500 {"particle_id": 465, "completed": false, "outlet": "NO_EXIT", "reason": "INTEGRATION_SAFETY_STOP", "failure_detail": "EXACT_STATIONARY_COORDINATES_32_NOMINAL_STEPS_NOT_PHYSIOLOGICAL_TRAPPING_PROOF", "wall_seconds": 19.646825574920513}
formal500 468 / 500 {"particle_id": 464, "completed": false, "outlet": "NO_EXIT", "reason": "INTEGRATION_SAFETY_STOP", "failure_detail": "EXACT_STATIONARY_COORDINATES_32_NOMINAL_STEPS_NOT_PHYSIOLOGICAL_TRAPPING_PROOF", "wall_seconds": 27.531411956064403}
formal500 469 / 500 {"particle_id": 467, "completed": true, "outlet": "OUTLET_02", "reason": "OUTLET_02", "failure_detail": null, "wall_seconds": 24.19636034592986}
formal500 470 / 500 {"particle_id": 470, "completed": true, "outlet": "OUTLET_02", "reason": "OUTLET_02", "failure_detail": null, "wall_seconds": 15.087111490080133}
formal500 471 / 500 {"particle_id": 471, "completed": false, "outlet": "NO_EXIT", "reason": "INTEGRATION_SAFETY_STOP", "failure_detail": "EXACT_STATIONARY_COORDINATES_32_NOMINAL_STEPS_NOT_PHYSIOLOGICAL_TRAPPING_PROOF", "wall_seconds": 17.232670426019467}
formal500 472 / 500 {"particle_id": 475, "completed": false, "outlet": "NO_EXIT", "reason": "INTEGRATION_SAFETY_STOP", "failure_detail": "EXACT_STATIONARY_COORDINATES_32_NOMINAL_STEPS_NOT_PHYSIOLOGICAL_TRAPPING_PROOF", "wall_seconds": 10.583214433980174}
formal500 473 / 500 {"particle_id": 473, "completed": true, "outlet": "OUTLET_02", "reason": "OUTLET_02", "failure_detail": null, "wall_seconds": 17.262999213999137}
formal500 474 / 500 {"particle_id": 474, "completed": false, "outlet": "NO_EXIT", "reason": "INTEGRATION_SAFETY_STOP", "failure_detail": "EXACT_STATIONARY_COORDINATES_32_NOMINAL_STEPS_NOT_PHYSIOLOGICAL_TRAPPING_PROOF", "wall_seconds": 15.7690470040543}
formal500 475 / 500 {"particle_id": 472, "completed": true, "outlet": "OUTLET_02", "reason": "OUTLET_02", "failure_detail": null, "wall_seconds": 22.59398958494421}
formal500 476 / 500 {"particle_id": 477, "completed": false, "outlet": "NO_EXIT", "reason": "INTEGRATION_SAFETY_STOP", "failure_detail": "EXACT_STATIONARY_COORDINATES_32_NOMINAL_STEPS_NOT_PHYSIOLOGICAL_TRAPPING_PROOF", "wall_seconds": 11.74465592391789}
formal500 477 / 500 {"particle_id": 476, "completed": true, "outlet": "OUTLET_02", "reason": "OUTLET_02", "failure_detail": null, "wall_seconds": 16.399263069964945}
formal500 478 / 500 {"particle_id": 481, "completed": true, "outlet": "OUTLET_02", "reason": "OUTLET_02", "failure_detail": null, "wall_seconds": 8.480544750927947}
formal500 479 / 500 {"particle_id": 479, "completed": true, "outlet": "OUTLET_02", "reason": "OUTLET_02", "failure_detail": null, "wall_seconds": 13.751951029989868}
formal500 480 / 500 {"particle_id": 478, "completed": true, "outlet": "OUTLET_02", "reason": "OUTLET_02", "failure_detail": null, "wall_seconds": 19.505638231057674}
formal500 481 / 500 {"particle_id": 483, "completed": true, "outlet": "OUTLET_02", "reason": "OUTLET_02", "failure_detail": null, "wall_seconds": 10.805227141012438}
formal500 482 / 500 {"particle_id": 485, "completed": true, "outlet": "OUTLET_02", "reason": "OUTLET_02", "failure_detail": null, "wall_seconds": 8.910428859991953}
formal500 483 / 500 {"particle_id": 482, "completed": true, "outlet": "OUTLET_02", "reason": "OUTLET_02", "failure_detail": null, "wall_seconds": 14.52729634102434}
formal500 484 / 500 {"particle_id": 480, "completed": false, "outlet": "NO_EXIT", "reason": "INTEGRATION_SAFETY_STOP", "failure_detail": "EXACT_STATIONARY_COORDINATES_32_NOMINAL_STEPS_NOT_PHYSIOLOGICAL_TRAPPING_PROOF", "wall_seconds": 26.261112023959868}
formal500 485 / 500 {"particle_id": 484, "completed": false, "outlet": "NO_EXIT", "reason": "INTEGRATION_SAFETY_STOP", "failure_detail": "EXACT_STATIONARY_COORDINATES_32_NOMINAL_STEPS_NOT_PHYSIOLOGICAL_TRAPPING_PROOF", "wall_seconds": 16.96161854197271}
formal500 486 / 500 {"particle_id": 488, "completed": true, "outlet": "OUTLET_02", "reason": "OUTLET_02", "failure_detail": null, "wall_seconds": 7.874041298986413}
formal500 487 / 500 {"particle_id": 486, "completed": true, "outlet": "OUTLET_02", "reason": "OUTLET_02", "failure_detail": null, "wall_seconds": 16.41406874009408}
formal500 488 / 500 {"particle_id": 491, "completed": true, "outlet": "OUTLET_02", "reason": "OUTLET_02", "failure_detail": null, "wall_seconds": 7.64318475604523}
formal500 489 / 500 {"particle_id": 487, "completed": true, "outlet": "OUTLET_02", "reason": "OUTLET_02", "failure_detail": null, "wall_seconds": 17.31451920303516}
formal500 490 / 500 {"particle_id": 489, "completed": true, "outlet": "OUTLET_02", "reason": "OUTLET_02", "failure_detail": null, "wall_seconds": 15.250756326015107}
formal500 491 / 500 {"particle_id": 490, "completed": true, "outlet": "OUTLET_02", "reason": "OUTLET_02", "failure_detail": null, "wall_seconds": 13.181410826044157}
formal500 492 / 500 {"particle_id": 492, "completed": false, "outlet": "NO_EXIT", "reason": "INTEGRATION_SAFETY_STOP", "failure_detail": "EXACT_STATIONARY_COORDINATES_32_NOMINAL_STEPS_NOT_PHYSIOLOGICAL_TRAPPING_PROOF", "wall_seconds": 17.81590398598928}
formal500 493 / 500 {"particle_id": 496, "completed": true, "outlet": "OUTLET_02", "reason": "OUTLET_02", "failure_detail": null, "wall_seconds": 8.245914174010977}
formal500 494 / 500 {"particle_id": 495, "completed": true, "outlet": "OUTLET_02", "reason": "OUTLET_02", "failure_detail": null, "wall_seconds": 14.040230183047242}
formal500 495 / 500 {"particle_id": 494, "completed": true, "outlet": "OUTLET_02", "reason": "OUTLET_02", "failure_detail": null, "wall_seconds": 15.459424922941253}
formal500 496 / 500 {"particle_id": 493, "completed": true, "outlet": "OUTLET_02", "reason": "OUTLET_02", "failure_detail": null, "wall_seconds": 26.252519726054743}
formal500 497 / 500 {"particle_id": 497, "completed": true, "outlet": "OUTLET_02", "reason": "OUTLET_02", "failure_detail": null, "wall_seconds": 19.024222507025115}
formal500 498 / 500 {"particle_id": 498, "completed": true, "outlet": "OUTLET_02", "reason": "OUTLET_02", "failure_detail": null, "wall_seconds": 16.43339612102136}
formal500 499 / 500 {"particle_id": 500, "completed": false, "outlet": "NO_EXIT", "reason": "INTEGRATION_SAFETY_STOP", "failure_detail": "EXACT_STATIONARY_COORDINATES_32_NOMINAL_STEPS_NOT_PHYSIOLOGICAL_TRAPPING_PROOF", "wall_seconds": 15.334132252959535}
formal500 500 / 500 {"particle_id": 499, "completed": false, "outlet": "NO_EXIT", "reason": "INTEGRATION_SAFETY_STOP", "failure_detail": "EXACT_STATIONARY_COORDINATES_32_NOMINAL_STEPS_NOT_PHYSIOLOGICAL_TRAPPING_PROOF", "wall_seconds": 35.64614782598801}
