{
  "count": 500,
  "outlet_counts": {
    "OUTLET_01": 0,
    "OUTLET_02": 353,
    "OUTLET_03": 0,
    "NO_EXIT": 147
  },
  "stationary_count": 147,
  "supported_stationary_count": 145,
  "penetration_count": 0,
  "handoff_violation_count": 0,
  "inlet_escape_or_outside_count": 0,
  "numerical_failure_ids": [
    371,
    435
  ],
  "uncertified_segment_count": 0,
  "continuous_segments_rechecked": 104397,
  "workers": 6,
  "wall_seconds": 149.18758726119995,
  "no_new_systematic_failure": false,
  "stationary_semantics": "CURRENT_RIGID_SPHERE_MODEL_AT_EXISTING_HANDOFF; NOT_PHYSIOLOGICAL_TRAPPING"
}
