Directory ownership check passed
.d..tp..... ./
cd+++++++++ logs/
cd+++++++++ logs/stage01_7/
cd+++++++++ logs/stage01_7/20260917T230027_422171296_synthetic_ports/
>f+++++++++ logs/stage01_7/20260917T230027_422171296_synthetic_ports/metadata.json
>f+++++++++ logs/stage01_7/20260917T230027_422171296_synthetic_ports/stderr.log
>f+++++++++ logs/stage01_7/20260917T230027_422171296_synthetic_ports/stdout.log
cd+++++++++ logs/stage01_7/20260917T230210_766943056_remote_operating_guide/
>f+++++++++ logs/stage01_7/20260917T230210_766943056_remote_operating_guide/metadata.json
>f+++++++++ logs/stage01_7/20260917T230210_766943056_remote_operating_guide/stderr.log
>f+++++++++ logs/stage01_7/20260917T230210_766943056_remote_operating_guide/stdout.log
cd+++++++++ logs/stage01_7/20260917T230242_282117371_synthetic_ports_numpy_compat/
>f+++++++++ logs/stage01_7/20260917T230242_282117371_synthetic_ports_numpy_compat/metadata.json
>f+++++++++ logs/stage01_7/20260917T230242_282117371_synthetic_ports_numpy_compat/stderr.log
>f+++++++++ logs/stage01_7/20260917T230242_282117371_synthetic_ports_numpy_compat/stdout.log
cd+++++++++ logs/stage01_7/20260917T230431_547497285_adaptive_production/
>f+++++++++ logs/stage01_7/20260917T230431_547497285_adaptive_production/metadata.json
>f+++++++++ logs/stage01_7/20260917T230431_547497285_adaptive_production/stderr.log
>f+++++++++ logs/stage01_7/20260917T230431_547497285_adaptive_production/stdout.log
cd+++++++++ logs/stage01_7/20260917T230531_105138258_adaptive_determinism/
cd+++++++++ outputs/
cd+++++++++ outputs/stage01_7/
>f+++++++++ outputs/stage01_7/adaptive_decision_log.json
>f+++++++++ outputs/stage01_7/optimizer_result.json
>f+++++++++ outputs/stage01_7/surface_search.json
>f+++++++++ outputs/stage01_7/volume_mesh_ledger.json
cd+++++++++ outputs/stage01_7/iteration_00/
cd+++++++++ outputs/stage01_7/iteration_00/mesh/
>f+++++++++ outputs/stage01_7/iteration_00/mesh/fluid.msh
>f+++++++++ outputs/stage01_7/iteration_00/mesh/volume_mesh.npz
cd+++++++++ outputs/stage01_7/iteration_00/metadata/
>f+++++++++ outputs/stage01_7/iteration_00/metadata/iteration_inputs.json
>f+++++++++ outputs/stage01_7/iteration_00/metadata/meshing.json
cd+++++++++ outputs/stage01_7/iteration_00/qc/
>f+++++++++ outputs/stage01_7/iteration_00/qc/acceptance.json
>f+++++++++ outputs/stage01_7/iteration_00/qc/dolfinx_loadable.json
>f+++++++++ outputs/stage01_7/iteration_00/qc/iteration_result.json
>f+++++++++ outputs/stage01_7/iteration_00/qc/surface_invariants.json
>f+++++++++ outputs/stage01_7/iteration_00/qc/volume_quality.json
cd+++++++++ outputs/stage01_7/iteration_00/surface/
>f+++++++++ outputs/stage01_7/iteration_00/surface/tagged_surface_si.npz
cd+++++++++ outputs/stage01_7/selected/
>f+++++++++ outputs/stage01_7/selected/planar_port_contract_v2.json
cd+++++++++ outputs/stage01_7/selected/mesh/
>f+++++++++ outputs/stage01_7/selected/mesh/fluid.msh
>f+++++++++ outputs/stage01_7/selected/mesh/volume_mesh.npz
cd+++++++++ outputs/stage01_7/selected/metadata/
>f+++++++++ outputs/stage01_7/selected/metadata/iteration_inputs.json
>f+++++++++ outputs/stage01_7/selected/metadata/meshing.json
>f+++++++++ outputs/stage01_7/selected/metadata/selection.json
cd+++++++++ outputs/stage01_7/selected/qc/
>f+++++++++ outputs/stage01_7/selected/qc/acceptance.json
>f+++++++++ outputs/stage01_7/selected/qc/dolfinx_loadable.json
>f+++++++++ outputs/stage01_7/selected/qc/iteration_result.json
>f+++++++++ outputs/stage01_7/selected/qc/surface_invariants.json
>f+++++++++ outputs/stage01_7/selected/qc/volume_quality.json
cd+++++++++ outputs/stage01_7/selected/surface/
>f+++++++++ outputs/stage01_7/selected/surface/tagged_surface_si.npz
cd+++++++++ outputs/stage01_7/surface_trials/
cd+++++++++ outputs/stage01_7/surface_trials/inlet/
cd+++++++++ outputs/stage01_7/surface_trials/inlet/trial_00/
>f+++++++++ outputs/stage01_7/surface_trials/inlet/trial_00/cap_mesh.npz
>f+++++++++ outputs/stage01_7/surface_trials/inlet/trial_00/trial.json
cd+++++++++ outputs/stage01_7/surface_trials/inlet/trial_01/
>f+++++++++ outputs/stage01_7/surface_trials/inlet/trial_01/cap_mesh.npz
>f+++++++++ outputs/stage01_7/surface_trials/inlet/trial_01/trial.json
cd+++++++++ outputs/stage01_7/surface_trials/inlet/trial_02/
>f+++++++++ outputs/stage01_7/surface_trials/inlet/trial_02/cap_mesh.npz
>f+++++++++ outputs/stage01_7/surface_trials/inlet/trial_02/trial.json
cd+++++++++ outputs/stage01_7/surface_trials/inlet/trial_03/
>f+++++++++ outputs/stage01_7/surface_trials/inlet/trial_03/cap_mesh.npz
>f+++++++++ outputs/stage01_7/surface_trials/inlet/trial_03/trial.json
cd+++++++++ outputs/stage01_7/surface_trials/inlet/trial_04/
>f+++++++++ outputs/stage01_7/surface_trials/inlet/trial_04/cap_mesh.npz
>f+++++++++ outputs/stage01_7/surface_trials/inlet/trial_04/trial.json
cd+++++++++ outputs/stage01_7/surface_trials/inlet/trial_05/
>f+++++++++ outputs/stage01_7/surface_trials/inlet/trial_05/cap_mesh.npz
>f+++++++++ outputs/stage01_7/surface_trials/inlet/trial_05/trial.json
cd+++++++++ outputs/stage01_7/surface_trials/inlet/trial_06/
>f+++++++++ outputs/stage01_7/surface_trials/inlet/trial_06/cap_mesh.npz
>f+++++++++ outputs/stage01_7/surface_trials/inlet/trial_06/trial.json
cd+++++++++ outputs/stage01_7/surface_trials/inlet/trial_07/
>f+++++++++ outputs/stage01_7/surface_trials/inlet/trial_07/cap_mesh.npz
>f+++++++++ outputs/stage01_7/surface_trials/inlet/trial_07/trial.json
cd+++++++++ outputs/stage01_7/surface_trials/outlet_01/
cd+++++++++ outputs/stage01_7/surface_trials/outlet_01/trial_00/
>f+++++++++ outputs/stage01_7/surface_trials/outlet_01/trial_00/cap_mesh.npz
>f+++++++++ outputs/stage01_7/surface_trials/outlet_01/trial_00/trial.json
cd+++++++++ outputs/stage01_7/surface_trials/outlet_01/trial_01/
>f+++++++++ outputs/stage01_7/surface_trials/outlet_01/trial_01/cap_mesh.npz
>f+++++++++ outputs/stage01_7/surface_trials/outlet_01/trial_01/trial.json
cd+++++++++ outputs/stage01_7/surface_trials/outlet_01/trial_02/
>f+++++++++ outputs/stage01_7/surface_trials/outlet_01/trial_02/cap_mesh.npz
>f+++++++++ outputs/stage01_7/surface_trials/outlet_01/trial_02/trial.json
cd+++++++++ outputs/stage01_7/surface_trials/outlet_01/trial_03/
>f+++++++++ outputs/stage01_7/surface_trials/outlet_01/trial_03/cap_mesh.npz
>f+++++++++ outputs/stage01_7/surface_trials/outlet_01/trial_03/trial.json
cd+++++++++ outputs/stage01_7/surface_trials/outlet_01/trial_04/
>f+++++++++ outputs/stage01_7/surface_trials/outlet_01/trial_04/cap_mesh.npz
>f+++++++++ outputs/stage01_7/surface_trials/outlet_01/trial_04/trial.json
cd+++++++++ outputs/stage01_7/surface_trials/outlet_01/trial_05/
>f+++++++++ outputs/stage01_7/surface_trials/outlet_01/trial_05/cap_mesh.npz
>f+++++++++ outputs/stage01_7/surface_trials/outlet_01/trial_05/trial.json
cd+++++++++ outputs/stage01_7/surface_trials/outlet_01/trial_06/
>f+++++++++ outputs/stage01_7/surface_trials/outlet_01/trial_06/cap_mesh.npz
>f+++++++++ outputs/stage01_7/surface_trials/outlet_01/trial_06/trial.json
cd+++++++++ outputs/stage01_7/surface_trials/outlet_01/trial_07/
>f+++++++++ outputs/stage01_7/surface_trials/outlet_01/trial_07/cap_mesh.npz
>f+++++++++ outputs/stage01_7/surface_trials/outlet_01/trial_07/trial.json
cd+++++++++ outputs/stage01_7/surface_trials/outlet_02/
cd+++++++++ outputs/stage01_7/surface_trials/outlet_02/trial_00/
>f+++++++++ outputs/stage01_7/surface_trials/outlet_02/trial_00/cap_mesh.npz
>f+++++++++ outputs/stage01_7/surface_trials/outlet_02/trial_00/trial.json
cd+++++++++ outputs/stage01_7/surface_trials/outlet_02/trial_01/
>f+++++++++ outputs/stage01_7/surface_trials/outlet_02/trial_01/cap_mesh.npz
>f+++++++++ outputs/stage01_7/surface_trials/outlet_02/trial_01/trial.json
cd+++++++++ outputs/stage01_7/surface_trials/outlet_02/trial_02/
>f+++++++++ outputs/stage01_7/surface_trials/outlet_02/trial_02/cap_mesh.npz
>f+++++++++ outputs/stage01_7/surface_trials/outlet_02/trial_02/trial.json
cd+++++++++ outputs/stage01_7/surface_trials/outlet_02/trial_03/
>f+++++++++ outputs/stage01_7/surface_trials/outlet_02/trial_03/cap_mesh.npz
>f+++++++++ outputs/stage01_7/surface_trials/outlet_02/trial_03/trial.json
cd+++++++++ outputs/stage01_7/surface_trials/outlet_02/trial_04/
>f+++++++++ outputs/stage01_7/surface_trials/outlet_02/trial_04/cap_mesh.npz
>f+++++++++ outputs/stage01_7/surface_trials/outlet_02/trial_04/trial.json
cd+++++++++ outputs/stage01_7/surface_trials/outlet_02/trial_05/
>f+++++++++ outputs/stage01_7/surface_trials/outlet_02/trial_05/cap_mesh.npz
>f+++++++++ outputs/stage01_7/surface_trials/outlet_02/trial_05/trial.json
cd+++++++++ outputs/stage01_7/surface_trials/outlet_02/trial_06/
>f+++++++++ outputs/stage01_7/surface_trials/outlet_02/trial_06/cap_mesh.npz
>f+++++++++ outputs/stage01_7/surface_trials/outlet_02/trial_06/trial.json
cd+++++++++ outputs/stage01_7/surface_trials/outlet_02/trial_07/
>f+++++++++ outputs/stage01_7/surface_trials/outlet_02/trial_07/cap_mesh.npz
>f+++++++++ outputs/stage01_7/surface_trials/outlet_02/trial_07/trial.json
cd+++++++++ outputs/stage01_7/surface_trials/outlet_03/
cd+++++++++ outputs/stage01_7/surface_trials/outlet_03/trial_00/
>f+++++++++ outputs/stage01_7/surface_trials/outlet_03/trial_00/cap_mesh.npz
>f+++++++++ outputs/stage01_7/surface_trials/outlet_03/trial_00/trial.json
cd+++++++++ outputs/stage01_7/surface_trials/outlet_03/trial_01/
>f+++++++++ outputs/stage01_7/surface_trials/outlet_03/trial_01/cap_mesh.npz
>f+++++++++ outputs/stage01_7/surface_trials/outlet_03/trial_01/trial.json
cd+++++++++ outputs/stage01_7/surface_trials/outlet_03/trial_02/
>f+++++++++ outputs/stage01_7/surface_trials/outlet_03/trial_02/cap_mesh.npz
>f+++++++++ outputs/stage01_7/surface_trials/outlet_03/trial_02/trial.json
cd+++++++++ outputs/stage01_7/surface_trials/outlet_03/trial_03/
>f+++++++++ outputs/stage01_7/surface_trials/outlet_03/trial_03/cap_mesh.npz
>f+++++++++ outputs/stage01_7/surface_trials/outlet_03/trial_03/trial.json
cd+++++++++ outputs/stage01_7/surface_trials/outlet_03/trial_04/
>f+++++++++ outputs/stage01_7/surface_trials/outlet_03/trial_04/cap_mesh.npz
>f+++++++++ outputs/stage01_7/surface_trials/outlet_03/trial_04/trial.json
cd+++++++++ outputs/stage01_7/surface_trials/outlet_03/trial_05/
>f+++++++++ outputs/stage01_7/surface_trials/outlet_03/trial_05/cap_mesh.npz
>f+++++++++ outputs/stage01_7/surface_trials/outlet_03/trial_05/trial.json
cd+++++++++ outputs/stage01_7/surface_trials/outlet_03/trial_06/
>f+++++++++ outputs/stage01_7/surface_trials/outlet_03/trial_06/cap_mesh.npz
>f+++++++++ outputs/stage01_7/surface_trials/outlet_03/trial_06/trial.json
cd+++++++++ outputs/stage01_7/surface_trials/outlet_03/trial_07/
>f+++++++++ outputs/stage01_7/surface_trials/outlet_03/trial_07/cap_mesh.npz
>f+++++++++ outputs/stage01_7/surface_trials/outlet_03/trial_07/trial.json
cd+++++++++ outputs/stage01_7/synthetic/
>f+++++++++ outputs/stage01_7/synthetic/results.json
cd+++++++++ outputs/stage01_7/synthetic/ellipse/
cd+++++++++ outputs/stage01_7/synthetic/ellipse/0.5/
>f+++++++++ outputs/stage01_7/synthetic/ellipse/0.5/search.json
>f+++++++++ outputs/stage01_7/synthetic/ellipse/0.5/trial_00.npz
>f+++++++++ outputs/stage01_7/synthetic/ellipse/0.5/trial_01.npz
>f+++++++++ outputs/stage01_7/synthetic/ellipse/0.5/trial_02.npz
>f+++++++++ outputs/stage01_7/synthetic/ellipse/0.5/trial_03.npz
>f+++++++++ outputs/stage01_7/synthetic/ellipse/0.5/trial_04.npz
>f+++++++++ outputs/stage01_7/synthetic/ellipse/0.5/trial_05.npz
>f+++++++++ outputs/stage01_7/synthetic/ellipse/0.5/trial_06.npz
>f+++++++++ outputs/stage01_7/synthetic/ellipse/0.5/trial_07.npz
cd+++++++++ outputs/stage01_7/synthetic/ellipse/1.0/
>f+++++++++ outputs/stage01_7/synthetic/ellipse/1.0/search.json
>f+++++++++ outputs/stage01_7/synthetic/ellipse/1.0/trial_00.npz
>f+++++++++ outputs/stage01_7/synthetic/ellipse/1.0/trial_01.npz
>f+++++++++ outputs/stage01_7/synthetic/ellipse/1.0/trial_02.npz
>f+++++++++ outputs/stage01_7/synthetic/ellipse/1.0/trial_03.npz
>f+++++++++ outputs/stage01_7/synthetic/ellipse/1.0/trial_04.npz
>f+++++++++ outputs/stage01_7/synthetic/ellipse/1.0/trial_05.npz
>f+++++++++ outputs/stage01_7/synthetic/ellipse/1.0/trial_06.npz
>f+++++++++ outputs/stage01_7/synthetic/ellipse/1.0/trial_07.npz
cd+++++++++ outputs/stage01_7/synthetic/ellipse/4.0/
>f+++++++++ outputs/stage01_7/synthetic/ellipse/4.0/search.json
>f+++++++++ outputs/stage01_7/synthetic/ellipse/4.0/trial_00.npz
>f+++++++++ outputs/stage01_7/synthetic/ellipse/4.0/trial_01.npz
>f+++++++++ outputs/stage01_7/synthetic/ellipse/4.0/trial_02.npz
>f+++++++++ outputs/stage01_7/synthetic/ellipse/4.0/trial_03.npz
>f+++++++++ outputs/stage01_7/synthetic/ellipse/4.0/trial_04.npz
>f+++++++++ outputs/stage01_7/synthetic/ellipse/4.0/trial_05.npz
>f+++++++++ outputs/stage01_7/synthetic/ellipse/4.0/trial_06.npz
>f+++++++++ outputs/stage01_7/synthetic/ellipse/4.0/trial_07.npz
cd+++++++++ outputs/stage01_7/synthetic/mild_irregular_convex_polygon/
cd+++++++++ outputs/stage01_7/synthetic/mild_irregular_convex_polygon/0.5/
>f+++++++++ outputs/stage01_7/synthetic/mild_irregular_convex_polygon/0.5/search.json
>f+++++++++ outputs/stage01_7/synthetic/mild_irregular_convex_polygon/0.5/trial_00.npz
>f+++++++++ outputs/stage01_7/synthetic/mild_irregular_convex_polygon/0.5/trial_01.npz
>f+++++++++ outputs/stage01_7/synthetic/mild_irregular_convex_polygon/0.5/trial_02.npz
>f+++++++++ outputs/stage01_7/synthetic/mild_irregular_convex_polygon/0.5/trial_03.npz
>f+++++++++ outputs/stage01_7/synthetic/mild_irregular_convex_polygon/0.5/trial_04.npz
>f+++++++++ outputs/stage01_7/synthetic/mild_irregular_convex_polygon/0.5/trial_05.npz
>f+++++++++ outputs/stage01_7/synthetic/mild_irregular_convex_polygon/0.5/trial_06.npz
>f+++++++++ outputs/stage01_7/synthetic/mild_irregular_convex_polygon/0.5/trial_07.npz
cd+++++++++ outputs/stage01_7/synthetic/mild_irregular_convex_polygon/1.0/
>f+++++++++ outputs/stage01_7/synthetic/mild_irregular_convex_polygon/1.0/search.json
>f+++++++++ outputs/stage01_7/synthetic/mild_irregular_convex_polygon/1.0/trial_00.npz
>f+++++++++ outputs/stage01_7/synthetic/mild_irregular_convex_polygon/1.0/trial_01.npz
>f+++++++++ outputs/stage01_7/synthetic/mild_irregular_convex_polygon/1.0/trial_02.npz
>f+++++++++ outputs/stage01_7/synthetic/mild_irregular_convex_polygon/1.0/trial_03.npz
>f+++++++++ outputs/stage01_7/synthetic/mild_irregular_convex_polygon/1.0/trial_04.npz
>f+++++++++ outputs/stage01_7/synthetic/mild_irregular_convex_polygon/1.0/trial_05.npz
>f+++++++++ outputs/stage01_7/synthetic/mild_irregular_convex_polygon/1.0/trial_06.npz
>f+++++++++ outputs/stage01_7/synthetic/mild_irregular_convex_polygon/1.0/trial_07.npz
cd+++++++++ outputs/stage01_7/synthetic/mild_irregular_convex_polygon/4.0/
>f+++++++++ outputs/stage01_7/synthetic/mild_irregular_convex_polygon/4.0/search.json
>f+++++++++ outputs/stage01_7/synthetic/mild_irregular_convex_polygon/4.0/trial_00.npz
>f+++++++++ outputs/stage01_7/synthetic/mild_irregular_convex_polygon/4.0/trial_01.npz
>f+++++++++ outputs/stage01_7/synthetic/mild_irregular_convex_polygon/4.0/trial_02.npz
>f+++++++++ outputs/stage01_7/synthetic/mild_irregular_convex_polygon/4.0/trial_03.npz
>f+++++++++ outputs/stage01_7/synthetic/mild_irregular_convex_polygon/4.0/trial_04.npz
>f+++++++++ outputs/stage01_7/synthetic/mild_irregular_convex_polygon/4.0/trial_05.npz
>f+++++++++ outputs/stage01_7/synthetic/mild_irregular_convex_polygon/4.0/trial_06.npz
>f+++++++++ outputs/stage01_7/synthetic/mild_irregular_convex_polygon/4.0/trial_07.npz
cd+++++++++ reports/
