total 0
drwxr-xr-x  2 root root 0 Sep 15 13:12 .
drwxr-xr-x 11 root root 0 Sep 15 13:12 ..
-r--r--r--  1 root root 0 Sep 15 13:12 cgroup.controllers
-r--r--r--  1 root root 0 Sep 15 13:12 cgroup.events
-rw-r--r--  1 root root 0 Sep 15 13:12 cgroup.freeze
--w-------  1 root root 0 Sep 19 12:54 cgroup.kill
-rw-r--r--  1 root root 0 Sep 19 12:54 cgroup.max.depth
-rw-r--r--  1 root root 0 Sep 19 12:54 cgroup.max.descendants
-rw-r--r--  1 root root 0 Sep 19 12:54 cgroup.procs
-r--r--r--  1 root root 0 Sep 19 12:54 cgroup.stat
-rw-r--r--  1 root root 0 Sep 15 13:12 cgroup.subtree_control
-rw-r--r--  1 root root 0 Sep 19 12:54 cgroup.threads
-rw-r--r--  1 root root 0 Sep 15 13:12 cgroup.type
-rw-r--r--  1 root root 0 Sep 19 12:54 cpu.idle
-rw-r--r--  1 root root 0 Sep 15 13:12 cpu.max
-rw-r--r--  1 root root 0 Sep 19 12:54 cpu.max.burst
-rw-r--r--  1 root root 0 Sep 19 12:54 cpu.pressure
-r--r--r--  1 root root 0 Sep 15 13:12 cpu.stat
-rw-r--r--  1 root root 0 Sep 19 12:54 cpu.uclamp.max
-rw-r--r--  1 root root 0 Sep 19 12:54 cpu.uclamp.min
-rw-r--r--  1 root root 0 Sep 15 13:12 cpu.weight
-rw-r--r--  1 root root 0 Sep 19 12:54 cpu.weight.nice
-rw-r--r--  1 root root 0 Sep 15 13:12 cpuset.cpus
-r--r--r--  1 root root 0 Sep 15 15:31 cpuset.cpus.effective
-rw-r--r--  1 root root 0 Sep 19 12:54 cpuset.cpus.partition
-rw-r--r--  1 root root 0 Sep 15 13:12 cpuset.mems
-r--r--r--  1 root root 0 Sep 15 15:31 cpuset.mems.effective
-r--r--r--  1 root root 0 Sep 15 13:12 hugetlb.1GB.current
-r--r--r--  1 root root 0 Sep 19 12:54 hugetlb.1GB.events
-r--r--r--  1 root root 0 Sep 19 12:54 hugetlb.1GB.events.local
-rw-r--r--  1 root root 0 Sep 15 13:12 hugetlb.1GB.max
-r--r--r--  1 root root 0 Sep 19 12:54 hugetlb.1GB.rsvd.current
-rw-r--r--  1 root root 0 Sep 19 12:54 hugetlb.1GB.rsvd.max
-r--r--r--  1 root root 0 Sep 15 13:12 hugetlb.2MB.current
-r--r--r--  1 root root 0 Sep 19 12:54 hugetlb.2MB.events
-r--r--r--  1 root root 0 Sep 19 12:54 hugetlb.2MB.events.local
-rw-r--r--  1 root root 0 Sep 15 13:12 hugetlb.2MB.max
-r--r--r--  1 root root 0 Sep 19 12:54 hugetlb.2MB.rsvd.current
-rw-r--r--  1 root root 0 Sep 19 12:54 hugetlb.2MB.rsvd.max
-rw-r--r--  1 root root 0 Sep 19 12:54 io.max
-rw-r--r--  1 root root 0 Sep 19 12:54 io.pressure
-rw-r--r--  1 root root 0 Sep 19 12:54 io.prio.class
-r--r--r--  1 root root 0 Sep 15 13:12 io.stat
-rw-r--r--  1 root root 0 Sep 15 13:12 io.weight
-r--r--r--  1 root root 0 Sep 15 13:12 memory.current
-r--r--r--  1 root root 0 Sep 15 13:12 memory.events
-r--r--r--  1 root root 0 Sep 19 12:54 memory.events.local
-rw-r--r--  1 root root 0 Sep 15 13:12 memory.high
-rw-r--r--  1 root root 0 Sep 15 13:12 memory.low
-rw-r--r--  1 root root 0 Sep 15 13:12 memory.max
-rw-r--r--  1 root root 0 Sep 15 13:12 memory.min
-r--r--r--  1 root root 0 Sep 19 12:54 memory.numa_stat
-rw-r--r--  1 root root 0 Sep 15 13:12 memory.oom.group
-rw-r--r--  1 root root 0 Sep 19 12:54 memory.pressure
-r--r--r--  1 root root 0 Sep 15 13:12 memory.stat
-r--r--r--  1 root root 0 Sep 15 13:12 memory.swap.current
-r--r--r--  1 root root 0 Sep 19 12:54 memory.swap.events
-rw-r--r--  1 root root 0 Sep 19 12:54 memory.swap.high
-rw-r--r--  1 root root 0 Sep 15 13:12 memory.swap.max
-r--r--r--  1 root root 0 Sep 19 12:54 misc.current
-rw-r--r--  1 root root 0 Sep 19 12:54 misc.max
-r--r--r--  1 root root 0 Sep 15 13:12 pids.current
-r--r--r--  1 root root 0 Sep 19 12:54 pids.events
-rw-r--r--  1 root root 0 Sep 15 13:12 pids.max
-r--r--r--  1 root root 0 Sep 15 13:12 rdma.current
-rw-r--r--  1 root root 0 Sep 15 13:12 rdma.max
