overlay on / type overlay (rw,relatime,lowerdir=/var/lib/docker/overlay2/l/ROEMZAXSC6MLLHXODGVLD76FHN:/var/lib/docker/overlay2/l/JXZU4NTC3BVQURWUDKGDDXK2KC:/var/lib/docker/overlay2/l/WLM6Y5TK44BH3R6LYDVHACVD56:/var/lib/docker/overlay2/l/COPN6E7E55FQTHURHLH32N47KL:/var/lib/docker/overlay2/l/B5VI3MXSPVJJNEMZXNBHS36KW5:/var/lib/docker/overlay2/l/T727YRSUJXPCRI7XTWGRYIZWVI:/var/lib/docker/overlay2/l/LZLDZQNSZBGZH5NJCZER6KJT5L:/var/lib/docker/overlay2/l/OROIMIVFRPYAQPRLHNN5XLGCY6:/var/lib/docker/overlay2/l/DSLH27DLQN2XOZ4OGS32QV7XYO:/var/lib/docker/overlay2/l/7CNQG5T6CNWHF22BPRC2WKN6PY:/var/lib/docker/overlay2/l/AZN5N3YCSSN3ZRA76TWNYYNJQE:/var/lib/docker/overlay2/l/IA3FIAPIQFRJODQELBFTH4GJ7J:/var/lib/docker/overlay2/l/KA75C4HGZVK5HJKB2EBWDW7XVI:/var/lib/docker/overlay2/l/AKY4WHXWHVJF75JXWDPFJNM5KS:/var/lib/docker/overlay2/l/JEO4YYWD2RTREGRJRP4DJX5GBY:/var/lib/docker/overlay2/l/5E5O3VFLO6N5OO6HKGMFRZMFT6:/var/lib/docker/overlay2/l/KFIAKX4OQIEZOOUT4NF2KFKCEQ:/var/lib/docker/overlay2/l/3SB5SLB7UYUQVRQU4K75C3SG3E:/var/lib/docker/overlay2/l/7LFGNQ5RDYFO5WTCYYN5FXIO3I:/var/lib/docker/overlay2/l/BL4DULET4PKP57HODEYLMIQSQA:/var/lib/docker/overlay2/l/7PMQKCTIULR3CX66AU2ANLMWJR:/var/lib/docker/overlay2/l/7ZVFCDBWSKK3NPNB2JXT5B2DYZ:/var/lib/docker/overlay2/l/PJVKIKWKRWD4JSUAGNM2GRKLNW:/var/lib/docker/overlay2/l/3AZH5QMUSWPYMUANAHOHGIVJJL:/var/lib/docker/overlay2/l/NTHZCL7O5QV75EJEKWR7KAJ3VV:/var/lib/docker/overlay2/l/OC7JVK362LPGTZDDA7OIDRJUOR:/var/lib/docker/overlay2/l/O3SQOBVHTSIQA3HPQ3XR64NISL:/var/lib/docker/overlay2/l/3GL5BGMPB7SO3GEGQGIF6ROQDP:/var/lib/docker/overlay2/l/7Q75YFWJHAVXXRXK7QE4M6FCZ5:/var/lib/docker/overlay2/l/YFPEKROZ32MZNFWFVM6RWA2YWH:/var/lib/docker/overlay2/l/FCNBXXUXU5LUEUCLJSVJRV3WPB:/var/lib/docker/overlay2/l/ERYQYCM7MUKA63XL2KXPYQUKSS:/var/lib/docker/overlay2/l/2M7YSWOWNA5TQXXBJNOOJ74DFM:/var/lib/docker/overlay2/l/QZ54NA7TKP6SNFXKWZCDHOACC4:/var/lib/docker/overlay2/l/5ULJM3JDOVUYCDZOFFUWNB4GLV:/var/lib/docker/overlay2/l/XDCAVJMHX7WTJFVXWHYIRJCSIY:/var/lib/docker/overlay2/l/3F7JKHVE4CI3KFA26NQ4ZZEOU6:/var/lib/docker/overlay2/l/TYKZ3CXK3XPX6ROIBBPCOYCCKM:/var/lib/docker/overlay2/l/SYPCERYADT3MZYY25H5OGI62TJ:/var/lib/docker/overlay2/l/KBB6TMK723T3VGXU7HSC6KG22F:/var/lib/docker/overlay2/l/HKK7BWABWTKGVQ26NJWKGKMAUE:/var/lib/docker/overlay2/l/7Z4R4N6WTM6QVVK54SVRBVLUFG:/var/lib/docker/overlay2/l/B2VOJ5B5NQWUURW4LJP3FC6JUM:/var/lib/docker/overlay2/l/5MTNI4CLQEYQMYK6ZSXVFAWI6U:/var/lib/docker/overlay2/l/DIEA64R4SDPGOJVOIHDWWRBFHY:/var/lib/docker/overlay2/l/SADKLML7AT5WXJXFFCZKDV7OYM:/var/lib/docker/overlay2/l/SYJLFTMCGODJZ2YYESEWAHMEBJ:/var/lib/docker/overlay2/l/ID4VP332J7TJFDFE5HMJ36QITT:/var/lib/docker/overlay2/l/APWQQZSYKL6OW6AK224QEUWWMN,upperdir=/var/lib/docker/overlay2/c991ac8096828287e8ecc103173ac78f7447db7d668c5e00739da12079248e26/diff,workdir=/var/lib/docker/overlay2/c991ac8096828287e8ecc103173ac78f7447db7d668c5e00739da12079248e26/work,nouserxattr)
tmpfs on /dev type tmpfs (rw,nosuid,size=65536k,mode=755,inode64)
proc on /proc type proc (rw,nosuid,nodev,noexec,relatime)
sysfs on /sys type sysfs (ro,nosuid,nodev,noexec,relatime)
mqueue on /dev/mqueue type mqueue (rw,nosuid,nodev,noexec,relatime)
devpts on /dev/pts type devpts (rw,nosuid,noexec,relatime,gid=5,mode=620,ptmxmode=666)
shm on /dev/shm type tmpfs (rw,nosuid,nodev,noexec,relatime,size=15728640k,inode64)
/dev/nvme0n1p3 on /etc/hostname type xfs (rw,relatime,attr2,inode64,logbufs=8,logbsize=32k,prjquota)
/dev/nvme0n1p3 on /etc/hosts type xfs (rw,relatime,attr2,inode64,logbufs=8,logbsize=32k,prjquota)
/dev/nvme0n1p3 on /etc/resolv.conf type xfs (rw,relatime,attr2,inode64,logbufs=8,logbsize=32k,prjquota)
tmpfs on /run/nvidia-persistenced/socket type tmpfs (ro,nosuid,nodev,noexec,relatime,size=6496360k,mode=755,inode64)
cgroup on /sys/fs/cgroup type cgroup2 (ro,nosuid,nodev,noexec,relatime,nsdelegate,memory_recursiveprot)
/dev/nvme0n1p2 on /usr/bin/nvidia-cuda-mps-control type ext4 (ro,nosuid,nodev,relatime)
/dev/nvme0n1p2 on /usr/bin/nvidia-cuda-mps-server type ext4 (ro,nosuid,nodev,relatime)
/dev/nvme0n1p2 on /usr/bin/nvidia-debugdump type ext4 (ro,nosuid,nodev,relatime)
/dev/nvme0n1p2 on /usr/bin/nvidia-persistenced type ext4 (ro,nosuid,nodev,relatime)
/dev/nvme0n1p2 on /usr/bin/nvidia-smi type ext4 (ro,nosuid,nodev,relatime)
/dev/nvme0n1p2 on /etc/vulkan/icd.d/nvidia_icd.json type ext4 (ro,nosuid,nodev,relatime)
/dev/nvme0n1p2 on /etc/vulkan/implicit_layer.d/nvidia_layers.json type ext4 (ro,nosuid,nodev,relatime)
/dev/nvme0n1p2 on /usr/lib/x86_64-linux-gnu/libEGL_nvidia.so.595.84 type ext4 (ro,nosuid,nodev,relatime)
/dev/nvme0n1p2 on /usr/lib/x86_64-linux-gnu/libGLESv1_CM_nvidia.so.595.84 type ext4 (ro,nosuid,nodev,relatime)
/dev/nvme0n1p2 on /usr/lib/x86_64-linux-gnu/libGLESv2_nvidia.so.595.84 type ext4 (ro,nosuid,nodev,relatime)
/dev/nvme0n1p2 on /usr/lib/x86_64-linux-gnu/libGLX_nvidia.so.595.84 type ext4 (ro,nosuid,nodev,relatime)
/dev/nvme0n1p2 on /usr/lib/x86_64-linux-gnu/libcuda.so.595.84 type ext4 (ro,nosuid,nodev,relatime)
/dev/nvme0n1p2 on /usr/lib/x86_64-linux-gnu/libcudadebugger.so.595.84 type ext4 (ro,nosuid,nodev,relatime)
/dev/nvme0n1p2 on /usr/lib/x86_64-linux-gnu/libnvcuvid.so.595.84 type ext4 (ro,nosuid,nodev,relatime)
/dev/nvme0n1p2 on /usr/lib/x86_64-linux-gnu/libnvidia-allocator.so.595.84 type ext4 (ro,nosuid,nodev,relatime)
/dev/nvme0n1p2 on /usr/lib/x86_64-linux-gnu/libnvidia-cfg.so.595.84 type ext4 (ro,nosuid,nodev,relatime)
/dev/nvme0n1p2 on /usr/lib/x86_64-linux-gnu/libnvidia-egl-gbm.so.1.1.3 type ext4 (ro,nosuid,nodev,relatime)
/dev/nvme0n1p2 on /usr/lib/x86_64-linux-gnu/libnvidia-egl-wayland.so.1.1.9 type ext4 (ro,nosuid,nodev,relatime)
/dev/nvme0n1p2 on /usr/lib/x86_64-linux-gnu/libnvidia-eglcore.so.595.84 type ext4 (ro,nosuid,nodev,relatime)
/dev/nvme0n1p2 on /usr/lib/x86_64-linux-gnu/libnvidia-encode.so.595.84 type ext4 (ro,nosuid,nodev,relatime)
/dev/nvme0n1p2 on /usr/lib/x86_64-linux-gnu/libnvidia-fbc.so.595.84 type ext4 (ro,nosuid,nodev,relatime)
/dev/nvme0n1p2 on /usr/lib/x86_64-linux-gnu/libnvidia-glcore.so.595.84 type ext4 (ro,nosuid,nodev,relatime)
/dev/nvme0n1p2 on /usr/lib/x86_64-linux-gnu/libnvidia-glsi.so.595.84 type ext4 (ro,nosuid,nodev,relatime)
/dev/nvme0n1p2 on /usr/lib/x86_64-linux-gnu/libnvidia-glvkspirv.so.595.84 type ext4 (ro,nosuid,nodev,relatime)
/dev/nvme0n1p2 on /usr/lib/x86_64-linux-gnu/libnvidia-gpucomp.so.595.84 type ext4 (ro,nosuid,nodev,relatime)
/dev/nvme0n1p2 on /usr/lib/x86_64-linux-gnu/libnvidia-ml.so.595.84 type ext4 (ro,nosuid,nodev,relatime)
/dev/nvme0n1p2 on /usr/lib/x86_64-linux-gnu/libnvidia-ngx.so.595.84 type ext4 (ro,nosuid,nodev,relatime)
/dev/nvme0n1p2 on /usr/lib/x86_64-linux-gnu/libnvidia-nvvm.so.595.84 type ext4 (ro,nosuid,nodev,relatime)
/dev/nvme0n1p2 on /usr/lib/x86_64-linux-gnu/libnvidia-opencl.so.595.84 type ext4 (ro,nosuid,nodev,relatime)
/dev/nvme0n1p2 on /usr/lib/x86_64-linux-gnu/libnvidia-opticalflow.so.595.84 type ext4 (ro,nosuid,nodev,relatime)
/dev/nvme0n1p2 on /usr/lib/x86_64-linux-gnu/libnvidia-pkcs11-openssl3.so.595.84 type ext4 (ro,nosuid,nodev,relatime)
/dev/nvme0n1p2 on /usr/lib/x86_64-linux-gnu/libnvidia-pkcs11.so.595.84 type ext4 (ro,nosuid,nodev,relatime)
/dev/nvme0n1p2 on /usr/lib/x86_64-linux-gnu/libnvidia-present.so.595.84 type ext4 (ro,nosuid,nodev,relatime)
/dev/nvme0n1p2 on /usr/lib/x86_64-linux-gnu/libnvidia-ptxjitcompiler.so.595.84 type ext4 (ro,nosuid,nodev,relatime)
/dev/nvme0n1p2 on /usr/lib/x86_64-linux-gnu/libnvidia-rtcore.so.595.84 type ext4 (ro,nosuid,nodev,relatime)
/dev/nvme0n1p2 on /usr/lib/x86_64-linux-gnu/libnvidia-tileiras.so.595.84 type ext4 (ro,nosuid,nodev,relatime)
/dev/nvme0n1p2 on /usr/lib/x86_64-linux-gnu/libnvidia-tls.so.595.84 type ext4 (ro,nosuid,nodev,relatime)
/dev/nvme0n1p2 on /usr/lib/x86_64-linux-gnu/libnvidia-vksc-core.so.595.84 type ext4 (ro,nosuid,nodev,relatime)
/dev/nvme0n1p2 on /usr/lib/x86_64-linux-gnu/libnvoptix.so.595.84 type ext4 (ro,nosuid,nodev,relatime)
/dev/nvme0n1p2 on /usr/share/nvidia/nvoptix.bin type ext4 (ro,nosuid,nodev,relatime)
/dev/nvme0n1p2 on /usr/lib/firmware/nvidia/595.84/gsp_ga10x.bin type ext4 (ro,nosuid,nodev,relatime)
/dev/nvme0n1p2 on /usr/lib/firmware/nvidia/595.84/gsp_tu10x.bin type ext4 (ro,nosuid,nodev,relatime)
/dev/nvme0n1p2 on /usr/lib/x86_64-linux-gnu/vdpau/libvdpau_nvidia.so.595.84 type ext4 (ro,nosuid,nodev,relatime)
/dev/nvme0n1p2 on /usr/share/X11/xorg.conf.d/10-nvidia.conf type ext4 (ro,nosuid,nodev,relatime)
/dev/nvme0n1p2 on /usr/share/egl/egl_external_platform.d/10_nvidia_wayland.json type ext4 (ro,nosuid,nodev,relatime)
/dev/nvme0n1p2 on /usr/share/egl/egl_external_platform.d/15_nvidia_gbm.json type ext4 (ro,nosuid,nodev,relatime)
/dev/nvme0n1p2 on /usr/share/glvnd/egl_vendor.d/10_nvidia.json type ext4 (ro,nosuid,nodev,relatime)
/dev/nvme0n1p2 on /usr/lib/x86_64-linux-gnu/nvidia/xorg/libglxserver_nvidia.so.595.84 type ext4 (ro,nosuid,nodev,relatime)
/dev/nvme0n1p2 on /usr/lib/x86_64-linux-gnu/nvidia/xorg/nvidia_drv.so type ext4 (ro,nosuid,nodev,relatime)
proc on /proc/bus type proc (ro,nosuid,nodev,noexec,relatime)
proc on /proc/fs type proc (ro,nosuid,nodev,noexec,relatime)
proc on /proc/irq type proc (ro,nosuid,nodev,noexec,relatime)
proc on /proc/sys type proc (ro,nosuid,nodev,noexec,relatime)
proc on /proc/sysrq-trigger type proc (ro,nosuid,nodev,noexec,relatime)
tmpfs on /proc/asound type tmpfs (ro,relatime,inode64)
tmpfs on /proc/acpi type tmpfs (ro,relatime,inode64)
tmpfs on /proc/interrupts type tmpfs (rw,nosuid,size=65536k,mode=755,inode64)
tmpfs on /proc/kcore type tmpfs (rw,nosuid,size=65536k,mode=755,inode64)
tmpfs on /proc/keys type tmpfs (rw,nosuid,size=65536k,mode=755,inode64)
tmpfs on /proc/timer_list type tmpfs (rw,nosuid,size=65536k,mode=755,inode64)
tmpfs on /proc/scsi type tmpfs (ro,relatime,inode64)
tmpfs on /sys/firmware type tmpfs (ro,relatime,inode64)
tmpfs on /sys/devices/virtual/powercap type tmpfs (ro,relatime,inode64)
