total 316
drwxrwxrwt  1 root root  4096 Sep 19 12:53 .
drwxr-xr-x  1 root root  4096 Sep 19 05:50 ..
drwxrwxrwx  2 root root    26 Sep 15 13:12 .tensorboard-info
drwxrwxrwx  3 root root    28 Sep 15 22:14 nvidia
drwx------  4 root root    41 Sep 19 12:53 ompi.f7c62a262077.0
drwx------ 17 root root  4096 Sep 19 12:15 petsc-52n7qela
drwx------ 16 root root  4096 Sep 19 12:12 petsc-e82ui_y5
-rw-------  1 root root 94208 Sep 16 23:53 pmix-gds-shmem.f7c62a262077-173932545.jobdata.115475
-rw-------  1 root root 94208 Sep 16 23:53 pmix-gds-shmem.f7c62a262077-173932545.session.ffffffff.115475
-rw-------  1 root root 53248 Sep 16 23:53 pmix-gds-shmem.f7c62a262077-194052097.jobdata.115420
-rw-------  1 root root 53248 Sep 16 23:53 pmix-gds-shmem.f7c62a262077-194052097.session.ffffffff.115420
-rw-------  1 root root 53248 Sep 16 20:35 pmix-gds-shmem.f7c62a262077-2037972993.jobdata.110644
-rw-------  1 root root 53248 Sep 16 20:35 pmix-gds-shmem.f7c62a262077-2037972993.session.ffffffff.110644
-rw-------  1 root root 53248 Sep 16 20:37 pmix-gds-shmem.f7c62a262077-2118123521.jobdata.112397
-rw-------  1 root root 53248 Sep 16 20:37 pmix-gds-shmem.f7c62a262077-2118123521.session.ffffffff.112397
-rw-------  1 root root 53248 Sep 16 20:37 pmix-gds-shmem.f7c62a262077-2121138177.jobdata.112419
-rw-------  1 root root 53248 Sep 16 20:37 pmix-gds-shmem.f7c62a262077-2121138177.session.ffffffff.112419
-rw-------  1 root root 53248 Sep 16 20:37 pmix-gds-shmem.f7c62a262077-2139488257.jobdata.112331
-rw-------  1 root root 53248 Sep 16 20:37 pmix-gds-shmem.f7c62a262077-2139488257.session.ffffffff.112331
-rw-------  1 root root 53248 Sep 16 20:37 pmix-gds-shmem.f7c62a262077-2141978625.jobdata.112353
-rw-------  1 root root 53248 Sep 16 20:37 pmix-gds-shmem.f7c62a262077-2141978625.session.ffffffff.112353
-rw-------  1 root root 53248 Sep 16 20:37 pmix-gds-shmem.f7c62a262077-2142896129.jobdata.112375
-rw-------  1 root root 53248 Sep 16 20:37 pmix-gds-shmem.f7c62a262077-2142896129.session.ffffffff.112375
-rw-------  1 root root 53248 Sep 17 01:14 pmix-gds-shmem.f7c62a262077-243531777.jobdata.116681
-rw-------  1 root root 53248 Sep 17 01:14 pmix-gds-shmem.f7c62a262077-243531777.session.ffffffff.116681
drwxrwxr-x  2 root root    22 Sep 15 13:12 supervisor-skip
drwx------  2 root root     6 Sep  7 15:38 tmp3vwz7ay3_kernels
drwx------  2 root root     6 Sep  7 15:38 tmpnqlrpp6o_kernels
drwx------  2 root root     6 Sep  7 15:38 tmpq2_rqm4q_kernels
drwx------  2 root root     6 Sep 17 17:13 tmpvv7ruih4
drwx------  2 root root    21 Sep 15 13:19 tmux-0
-rw-rw-rw-  1 root root     0 Sep  7 15:38 uv-e147f089dc971b1b.lock
