{"frame": 0, "total": 751, "elapsed_s": 0.275568169017788}
{"frame": 60, "total": 751, "elapsed_s": 9.811188638035674}
{"frame": 120, "total": 751, "elapsed_s": 15.840523634047713}
{"frame": 180, "total": 751, "elapsed_s": 18.420269811002072}
{"frame": 240, "total": 751, "elapsed_s": 20.9681097130524}
{"frame": 300, "total": 751, "elapsed_s": 22.938872795028146}
{"frame": 360, "total": 751, "elapsed_s": 24.848516272031702}
{"frame": 420, "total": 751, "elapsed_s": 26.787127909017727}
{"frame": 480, "total": 751, "elapsed_s": 28.95761579403188}
{"frame": 540, "total": 751, "elapsed_s": 31.67397347005317}
{"frame": 600, "total": 751, "elapsed_s": 34.510790106025524}
{"frame": 660, "total": 751, "elapsed_s": 36.8949740640237}
{"frame": 720, "total": 751, "elapsed_s": 38.93459590501152}
{"frame": 750, "total": 751, "elapsed_s": 41.09674865700072}
{
  "run": "/home/lzy/projects/clot_clearance/runs/fragmentation_pilot_003",
  "renderer": "/home/lzy/projects/clot_clearance/scripts/render_streaming_traction_v4.py",
  "renderer_sha256": "6779f19af9c659bd8fa03b255809a7efbf89042293f2e36df945667350b28065",
  "input_states_sha256": "a4e4bbae14e20d24999a7a28998af27fef4ccebdfda1e39451f792891e310349",
  "original_state_count": 26,
  "particle_count": 360,
  "fps": 60,
  "frame_count": 751,
  "duration_s": 12.516666666666667,
  "original_endpoint_indices": [
    0,
    30,
    60,
    90,
    120,
    150,
    180,
    210,
    240,
    270,
    300,
    330,
    360,
    390,
    420,
    450,
    480,
    510,
    540,
    570,
    600,
    630,
    660,
    690,
    720,
    750
  ],
  "positions": "Piecewise linear display interpolation; exact saved positions every 30 frames; no extrapolation",
  "damage": "Original recorded value held until the next macro endpoint; no interpolation",
  "traction": "Local analytic_test component, evaluated at original saved particle centers and surface normals; background pipe stress excluded",
  "traction_units": "Pa",
  "traction_interpolation": "Linear only for particles load-eligible at both endpoints; otherwise preceding vector held; masks held at preceding state",
  "interpolation_is_new_simulation": false,
  "reconstructs_subcycle_oscillation": false,
  "traction_scale_mm_per_Pa": 0.005,
  "glyph_outward_offset_mm": 0.0625,
  "glyph_offset_is_display_only": true,
  "arrow_material_ids": [
    1,
    359,
    107,
    253,
    113,
    211,
    31,
    329,
    349,
    232,
    16,
    121,
    214,
    339,
    146,
    98,
    279,
    81,
    165,
    271,
    20,
    29,
    89,
    331,
    5,
    219,
    305,
    73,
    161,
    3,
    33,
    221
  ],
  "max_component_reconstruction_error_Pa": 0.0,
  "max_normal_component_Pa": 2.4868995751603507e-14,
  "peak_saved_local_traction_Pa": 81.79381374895962,
  "surface_traction_arrows": true,
  "total_particle_force_arrows": false,
  "force_chart": false,
  "force_numbers": false,
  "cycle_label": false,
  "bubble_sphere": false,
  "spatial_center_marker": false,
  "title": "Particle damage & streaming traction",
  "font": {
    "family": "Arial",
    "weight": "normal",
    "path": "/mnt/c/Windows/Fonts/arial.ttf",
    "sha256": "b3658eadae55e682b5f69eb64c439c1ecc8f196c0bb8d4756d145d13bc86476a"
  },
  "background": "#000000",
  "arrow_color": "#66e0c2",
  "camera": {
    "elevation_deg": 24,
    "azimuth_deg": -68,
    "projection": "orthographic",
    "limits_mm": [
      [
        -0.8,
        3.423485005472423
      ],
      [
        -0.55,
        0.55
      ],
      [
        -1.2,
        0.02
      ]
    ],
    "zoom": 1.7
  },
  "displacement_scale": 1,
  "all_particles_retained": true,
  "screen_bounds_pixels_bottom_origin": [
    [
      337.4917492563641,
      463.49824184994185
    ],
    [
      1558.2822595307775,
      796.8837507135063
    ]
  ],
  "collection_clipping": false,
  "cached_background_pixel_MAE": 0.0,
  "elapsed_render_s": 55.019096984004136,
  "protected_files": 301,
  "changed_preexisting_files": []
}
