/usr/bin/python3 ./config/gmakegen.py --petsc-arch=arch-native-opt
==========================================
 
See documentation/faq.html and documentation/bugreporting.html
for help with installation problems.  Please send EVERYTHING
printed out below when reporting problems.  Please check the
mailing list archives and consider subscribing.
 
  https://petsc.org/release/community/mailing/
 
==========================================
Starting make run on localhost at Fri, 18 Sep 2026 21:37:30 +0200
Machine characteristics: Linux localhost 6.6.87.2-microsoft-standard-WSL2 #1 SMP PREEMPT_DYNAMIC Thu Jun 5 18:30:46 UTC 2025 x86_64 x86_64 x86_64 GNU/Linux
-----------------------------------------
Using PETSc directory: /home/lzy/projects/formal_3D_flow_solver/FEM_SimVascular/external/dependencies/sv1_1/petsc-3.19.6
Using PETSc arch: arch-native-opt
-----------------------------------------
PETSC_VERSION_RELEASE    1
PETSC_VERSION_MAJOR      3
PETSC_VERSION_MINOR      19
PETSC_VERSION_SUBMINOR   6
PETSC_VERSION_DATE       "Sep 28, 2023"
PETSC_VERSION_GIT        "v3.19.6"
PETSC_VERSION_DATE_GIT   "2023-09-28 16:13:49 -0500"
-----------------------------------------
Using configure Options: --prefix=/home/lzy/projects/formal_3D_flow_solver/FEM_SimVascular/external/install/sv1_1/petsc PETSC_ARCH=arch-native-opt --with-cc=/usr/bin/mpicc --with-cxx=/usr/bin/mpicxx --with-fc=0 --with-fortran-bindings=0 --with-debugging=0 --with-shared-libraries=1 --with-scalar-type=real --with-precision=double --with-64-bit-indices=0 --with-blaslapack-lib="[/home/lzy/projects/formal_3D_flow_solver/FEM_SimVascular/external/dependencies/sv1_1/system-lib/liblapack.so,/home/lzy/projects/formal_3D_flow_solver/FEM_SimVascular/external/dependencies/sv1_1/system-lib/libblas.so]" --with-x=0 --with-cuda=0 --with-hip=0 --with-opencl=0
Using configuration flags:
#define PETSC_ARCH ""
#define PETSC_ATTRIBUTEALIGNED(size) __attribute((aligned(size)))
#define PETSC_BLASLAPACK_UNDERSCORE 1
#define PETSC_CLANGUAGE_C 1
#define PETSC_CXX_RESTRICT __restrict
#define PETSC_DEPRECATED_ENUM(why) __attribute__((deprecated(why)))
#define PETSC_DEPRECATED_FUNCTION(why) __attribute__((deprecated(why)))
#define PETSC_DEPRECATED_MACRO(why) _Pragma(why)
#define PETSC_DEPRECATED_TYPEDEF(why) __attribute__((deprecated(why)))
#define PETSC_DIR "/home/lzy/projects/formal_3D_flow_solver/FEM_SimVascular/external/install/sv1_1/petsc"
#define PETSC_DIR_SEPARATOR '/'
#define PETSC_FUNCTION_NAME_C __func__
#define PETSC_FUNCTION_NAME_CXX __func__
#define PETSC_HAVE_ACCESS 1
#define PETSC_HAVE_ATOLL 1
#define PETSC_HAVE_ATTRIBUTEALIGNED 1
#define PETSC_HAVE_BUILTIN_EXPECT 1
#define PETSC_HAVE_BZERO 1
#define PETSC_HAVE_C99_COMPLEX 1
#define PETSC_HAVE_CLOCK 1
#define PETSC_HAVE_CUDA_DIALECT_CXX11 1
#define PETSC_HAVE_CUDA_DIALECT_CXX14 1
#define PETSC_HAVE_CUDA_DIALECT_CXX17 1
#define PETSC_HAVE_CUDA_DIALECT_CXX20 1
#define PETSC_HAVE_CXX 1
#define PETSC_HAVE_CXX_ATOMIC 1
#define PETSC_HAVE_CXX_COMPLEX 1
#define PETSC_HAVE_CXX_COMPLEX_FIX 1
#define PETSC_HAVE_CXX_DIALECT_CXX11 1
#define PETSC_HAVE_CXX_DIALECT_CXX14 1
#define PETSC_HAVE_CXX_DIALECT_CXX17 1
#define PETSC_HAVE_CXX_DIALECT_CXX20 1
#define PETSC_HAVE_DLADDR 1
#define PETSC_HAVE_DLCLOSE 1
#define PETSC_HAVE_DLERROR 1
#define PETSC_HAVE_DLFCN_H 1
#define PETSC_HAVE_DLOPEN 1
#define PETSC_HAVE_DLSYM 1
#define PETSC_HAVE_DOUBLE_ALIGN_MALLOC 1
#define PETSC_HAVE_DRAND48 1
#define PETSC_HAVE_DYNAMIC_LIBRARIES 1
#define PETSC_HAVE_ERF 1
#define PETSC_HAVE_EXECUTABLE_EXPORT 1
#define PETSC_HAVE_FCNTL_H 1
#define PETSC_HAVE_FENV_H 1
#define PETSC_HAVE_FE_VALUES 1
#define PETSC_HAVE_FLOAT_H 1
#define PETSC_HAVE_FORK 1
#define PETSC_HAVE_GETCWD 1
#define PETSC_HAVE_GETDOMAINNAME 1
#define PETSC_HAVE_GETHOSTBYNAME 1
#define PETSC_HAVE_GETHOSTNAME 1
#define PETSC_HAVE_GETPAGESIZE 1
#define PETSC_HAVE_GETRUSAGE 1
#define PETSC_HAVE_IMMINTRIN_H 1
#define PETSC_HAVE_INTTYPES_H 1
#define PETSC_HAVE_ISINF 1
#define PETSC_HAVE_ISNAN 1
#define PETSC_HAVE_ISNORMAL 1
#define PETSC_HAVE_LGAMMA 1
#define PETSC_HAVE_LOG2 1
#define PETSC_HAVE_LSEEK 1
#define PETSC_HAVE_MALLOC_H 1
#define PETSC_HAVE_MEMMOVE 1
#define PETSC_HAVE_MKSTEMP 1
#define PETSC_HAVE_MMAP 1
#define PETSC_HAVE_MPIEXEC_ENVIRONMENTAL_VARIABLE OMP
#define PETSC_HAVE_MPIIO 1
#define PETSC_HAVE_MPI_COMBINER_CONTIGUOUS 1
#define PETSC_HAVE_MPI_COMBINER_DUP 1
#define PETSC_HAVE_MPI_COMBINER_NAMED 1
#define PETSC_HAVE_MPI_F90MODULE_VISIBILITY 1
#define PETSC_HAVE_MPI_GET_ACCUMULATE 1
#define PETSC_HAVE_MPI_GET_LIBRARY_VERSION 1
#define PETSC_HAVE_MPI_INIT_THREAD 1
#define PETSC_HAVE_MPI_INT64_T 1
#define PETSC_HAVE_MPI_LONG_DOUBLE 1
#define PETSC_HAVE_MPI_NEIGHBORHOOD_COLLECTIVES 1
#define PETSC_HAVE_MPI_NONBLOCKING_COLLECTIVES 1
#define PETSC_HAVE_MPI_ONE_SIDED 1
#define PETSC_HAVE_MPI_PROCESS_SHARED_MEMORY 1
#define PETSC_HAVE_MPI_REDUCE_LOCAL 1
#define PETSC_HAVE_MPI_REDUCE_SCATTER_BLOCK 1
#define PETSC_HAVE_MPI_RGET 1
#define PETSC_HAVE_MPI_WIN_CREATE 1
#define PETSC_HAVE_NANOSLEEP 1
#define PETSC_HAVE_NETDB_H 1
#define PETSC_HAVE_NETINET_IN_H 1
#define PETSC_HAVE_OMPI_MAJOR_VERSION 4
#define PETSC_HAVE_OMPI_MINOR_VERSION 1
#define PETSC_HAVE_OMPI_RELEASE_VERSION 6
#define PETSC_HAVE_PACKAGES ":blaslapack:mathlib:mpi:pthread:regex:"
#define PETSC_HAVE_POPEN 1
#define PETSC_HAVE_POSIX_MEMALIGN 1
#define PETSC_HAVE_PTHREAD 1
#define PETSC_HAVE_PWD_H 1
#define PETSC_HAVE_RAND 1
#define PETSC_HAVE_READLINK 1
#define PETSC_HAVE_REALPATH 1
#define PETSC_HAVE_REAL___FLOAT128 1
#define PETSC_HAVE_REGEX 1
#define PETSC_HAVE_RTLD_DEFAULT 1
#define PETSC_HAVE_RTLD_GLOBAL 1
#define PETSC_HAVE_RTLD_LAZY 1
#define PETSC_HAVE_RTLD_LOCAL 1
#define PETSC_HAVE_RTLD_NOW 1
#define PETSC_HAVE_SETJMP_H 1
#define PETSC_HAVE_SLEEP 1
#define PETSC_HAVE_SNPRINTF 1
#define PETSC_HAVE_SOCKET 1
#define PETSC_HAVE_SO_REUSEADDR 1
#define PETSC_HAVE_STDATOMIC_H 1
#define PETSC_HAVE_STDINT_H 1
#define PETSC_HAVE_STRCASECMP 1
#define PETSC_HAVE_STRINGS_H 1
#define PETSC_HAVE_STRUCT_SIGACTION 1
#define PETSC_HAVE_SYS_PARAM_H 1
#define PETSC_HAVE_SYS_PROCFS_H 1
#define PETSC_HAVE_SYS_RESOURCE_H 1
#define PETSC_HAVE_SYS_SOCKET_H 1
#define PETSC_HAVE_SYS_TIMES_H 1
#define PETSC_HAVE_SYS_TIME_H 1
#define PETSC_HAVE_SYS_TYPES_H 1
#define PETSC_HAVE_SYS_UTSNAME_H 1
#define PETSC_HAVE_SYS_WAIT_H 1
#define PETSC_HAVE_TAU_PERFSTUBS 1
#define PETSC_HAVE_TGAMMA 1
#define PETSC_HAVE_TIME 1
#define PETSC_HAVE_TIME_H 1
#define PETSC_HAVE_UNAME 1
#define PETSC_HAVE_UNISTD_H 1
#define PETSC_HAVE_USLEEP 1
#define PETSC_HAVE_VA_COPY 1
#define PETSC_HAVE_VSNPRINTF 1
#define PETSC_HAVE_XMMINTRIN_H 1
#define PETSC_INTPTR_T intptr_t
#define PETSC_INTPTR_T_FMT "#" PRIxPTR
#define PETSC_IS_COLORING_MAX USHRT_MAX
#define PETSC_IS_COLORING_VALUE_TYPE short
#define PETSC_IS_COLORING_VALUE_TYPE_F integer2
#define PETSC_LEVEL1_DCACHE_LINESIZE 64
#define PETSC_LIB_DIR "/home/lzy/projects/formal_3D_flow_solver/FEM_SimVascular/external/install/sv1_1/petsc/lib"
#define PETSC_MAX_PATH_LEN 4096
#define PETSC_MEMALIGN 16
#define PETSC_MPICC_SHOW "gcc -I/usr/lib/x86_64-linux-gnu/openmpi/include -I/usr/lib/x86_64-linux-gnu/openmpi/include/openmpi -L/usr/lib/x86_64-linux-gnu/openmpi/lib -lmpi"
#define PETSC_MPIU_IS_COLORING_VALUE_TYPE MPI_UNSIGNED_SHORT
#define PETSC_OMAKE "/usr/bin/gmake --no-print-directory"
#define PETSC_PREFETCH_HINT_NTA _MM_HINT_NTA
#define PETSC_PREFETCH_HINT_T0 _MM_HINT_T0
#define PETSC_PREFETCH_HINT_T1 _MM_HINT_T1
#define PETSC_PREFETCH_HINT_T2 _MM_HINT_T2
#define PETSC_PYTHON_EXE "/usr/bin/python3"
#define PETSC_Prefetch(a,b,c) _mm_prefetch((const char*)(a),(c))
#define PETSC_REPLACE_DIR_SEPARATOR '\\'
#define PETSC_SIGNAL_CAST  
#define PETSC_SIZEOF_INT 4
#define PETSC_SIZEOF_LONG 8
#define PETSC_SIZEOF_LONG_LONG 8
#define PETSC_SIZEOF_SIZE_T 8
#define PETSC_SIZEOF_VOID_P 8
#define PETSC_SLSUFFIX "so"
#define PETSC_UINTPTR_T uintptr_t
#define PETSC_UINTPTR_T_FMT "#" PRIxPTR
#define PETSC_UNUSED __attribute((unused))
#define PETSC_USE_AVX512_KERNELS 1
#define PETSC_USE_BACKWARD_LOOP 1
#define PETSC_USE_CTABLE 1
#define PETSC_USE_DEBUGGER "gdb"
#define PETSC_USE_DMLANDAU_2D 1
#define PETSC_USE_INFO 1
#define PETSC_USE_ISATTY 1
#define PETSC_USE_LOG 1
#define PETSC_USE_MALLOC_COALESCED 1
#define PETSC_USE_PROC_FOR_SIZE 1
#define PETSC_USE_REAL_DOUBLE 1
#define PETSC_USE_SHARED_LIBRARIES 1
#define PETSC_USE_SINGLE_LIBRARY 1
#define PETSC_USE_SOCKET_VIEWER 1
#define PETSC_USE_VISIBILITY_C 1
#define PETSC_USE_VISIBILITY_CXX 1
#define PETSC_USING_64BIT_PTR 1
#define PETSC__BSD_SOURCE 1
#define PETSC__DEFAULT_SOURCE 1
#define PETSC__GNU_SOURCE 1
-----------------------------------------
Using C compile: /usr/bin/mpicc -o .o -c -fPIC -Wall -Wwrite-strings -Wno-unknown-pragmas -Wno-lto-type-mismatch -Wno-stringop-overflow -fstack-protector -fvisibility=hidden -g -O  
mpicc -show: gcc -I/usr/lib/x86_64-linux-gnu/openmpi/include -I/usr/lib/x86_64-linux-gnu/openmpi/include/openmpi -L/usr/lib/x86_64-linux-gnu/openmpi/lib -lmpi
C compiler version: gcc (Ubuntu 13.3.0-6ubuntu2~24.04.1) 13.3.0
Using C++ compile: /usr/bin/mpicxx -o .o -c -Wall -Wwrite-strings -Wno-strict-aliasing -Wno-unknown-pragmas -Wno-lto-type-mismatch -Wno-psabi -fstack-protector -fvisibility=hidden -g -O  -std=gnu++20 -fPIC  -I/home/lzy/projects/formal_3D_flow_solver/FEM_SimVascular/external/dependencies/sv1_1/petsc-3.19.6/include -I/home/lzy/projects/formal_3D_flow_solver/FEM_SimVascular/external/dependencies/sv1_1/petsc-3.19.6/arch-native-opt/include   
mpicxx -show: g++ -I/usr/lib/x86_64-linux-gnu/openmpi/include -I/usr/lib/x86_64-linux-gnu/openmpi/include/openmpi -L/usr/lib/x86_64-linux-gnu/openmpi/lib -lmpi_cxx -lmpi
C++ compiler version: g++ (Ubuntu 13.3.0-6ubuntu2~24.04.1) 13.3.0
Using CUDA compile: /usr/local/cuda/bin/nvcc -o .o -c  -ccbin /usr/bin/mpicxx -std=c++20 -Xcompiler -fPIC -O3      -I/home/lzy/projects/formal_3D_flow_solver/FEM_SimVascular/external/dependencies/sv1_1/petsc-3.19.6/include -I/home/lzy/projects/formal_3D_flow_solver/FEM_SimVascular/external/dependencies/sv1_1/petsc-3.19.6/arch-native-opt/include   
-----------------------------------------
Using C/C++ linker: /usr/bin/mpicc
Using C/C++ flags: -fPIC -Wall -Wwrite-strings -Wno-unknown-pragmas -Wno-lto-type-mismatch -Wno-stringop-overflow -fstack-protector -fvisibility=hidden -g -O
-----------------------------------------
Using system modules: 
Using mpi.h: # 1 "/usr/lib/x86_64-linux-gnu/openmpi/include/mpi.h" 1
-----------------------------------------
Using libraries: -Wl,-rpath,/home/lzy/projects/formal_3D_flow_solver/FEM_SimVascular/external/dependencies/sv1_1/petsc-3.19.6/arch-native-opt/lib -L/home/lzy/projects/formal_3D_flow_solver/FEM_SimVascular/external/dependencies/sv1_1/petsc-3.19.6/arch-native-opt/lib -Wl,-rpath,/home/lzy/projects/formal_3D_flow_solver/FEM_SimVascular/external/dependencies/sv1_1/system-lib -L/home/lzy/projects/formal_3D_flow_solver/FEM_SimVascular/external/dependencies/sv1_1/system-lib -lpetsc -llapack -lblas -lm -lstdc++ -lquadmath
------------------------------------------
Using mpiexec: /usr/bin/mpiexec --oversubscribe
------------------------------------------
Using MAKE: /usr/bin/gmake
Default MAKEFLAGS: MAKE_NP:18 MAKE_LOAD:36.0 MAKEFLAGS: -j4 --jobserver-auth=5,6 --no-print-directory -- PETSC_DIR=/home/lzy/projects/formal_3D_flow_solver/FEM_SimVascular/external/dependencies/sv1_1/petsc-3.19.6 PETSC_ARCH=arch-native-opt
==========================================
/usr/bin/gmake --print-directory -f gmakefile -l36.0 --output-sync=recurse V= libs
        CXX arch-native-opt/obj/sys/objects/device/impls/host/hostcontext.o
        CXX arch-native-opt/obj/sys/objects/device/impls/host/hostdevice.o
        CXX arch-native-opt/obj/sys/objects/device/interface/device.o
        CXX arch-native-opt/obj/sys/objects/device/interface/global_dcontext.o
        CXX arch-native-opt/obj/sys/dll/cxx/demangle.o
         CC arch-native-opt/obj/sys/totalview/tv_data_display.o
         CC arch-native-opt/obj/sys/fileio/fdir.o
         CC arch-native-opt/obj/sys/fileio/fpath.o
        CXX arch-native-opt/obj/sys/objects/device/interface/memory.o
         CC arch-native-opt/obj/sys/fileio/fretrieve.o
         CC arch-native-opt/obj/sys/fileio/ftest.o
         CC arch-native-opt/obj/sys/fileio/fwd.o
         CC arch-native-opt/obj/sys/fileio/ghome.o
         CC arch-native-opt/obj/sys/fileio/grpath.o
        CXX arch-native-opt/obj/sys/objects/device/interface/dcontext.o
         CC arch-native-opt/obj/sys/fileio/mpiuopen.o
         CC arch-native-opt/obj/sys/fileio/rpath.o
         CC arch-native-opt/obj/sys/fileio/smatlab.o
         CC arch-native-opt/obj/sys/time/cputime.o
         CC arch-native-opt/obj/sys/fileio/mprint.o
         CC arch-native-opt/obj/sys/time/fdate.o
         CC arch-native-opt/obj/sys/utils/arch.o
         CC arch-native-opt/obj/sys/fileio/sysio.o
         CC arch-native-opt/obj/sys/utils/fuser.o
         CC arch-native-opt/obj/sys/utils/fhost.o
         CC arch-native-opt/obj/sys/utils/ctable.o
         CC arch-native-opt/obj/sys/utils/mathclose.o
         CC arch-native-opt/obj/sys/utils/matheq.o
         CC arch-native-opt/obj/sys/utils/mathfit.o
         CC arch-native-opt/obj/sys/utils/mathinf.o
         CC arch-native-opt/obj/sys/utils/memc.o
         CC arch-native-opt/obj/sys/utils/mpilong.o
         CC arch-native-opt/obj/sys/utils/mpishm.o
         CC arch-native-opt/obj/sys/utils/mpitr.o
        CXX arch-native-opt/obj/sys/objects/device/interface/mark_dcontext.o
         CC arch-native-opt/obj/sys/utils/mpimesg.o
         CC arch-native-opt/obj/sys/utils/pbarrier.o
         CC arch-native-opt/obj/sys/utils/mpiu.o
         CC arch-native-opt/obj/sys/utils/psleep.o
         CC arch-native-opt/obj/sys/utils/pdisplay.o
         CC arch-native-opt/obj/sys/utils/psplit.o
         CC arch-native-opt/obj/sys/utils/segbuffer.o
         CC arch-native-opt/obj/sys/utils/mpits.o
         CC arch-native-opt/obj/sys/utils/sortd.o
         CC arch-native-opt/obj/sys/utils/sortip.o
         CC arch-native-opt/obj/sys/utils/sseenabled.o
         CC arch-native-opt/obj/sys/utils/str.o
         CC arch-native-opt/obj/sys/utils/sorti.o
         CC arch-native-opt/obj/sys/logging/xmlviewer.o
         CC arch-native-opt/obj/sys/logging/utils/classlog.o
         CC arch-native-opt/obj/sys/utils/sortso.o
         CC arch-native-opt/obj/sys/logging/utils/stack.o
         CC arch-native-opt/obj/sys/logging/xmllogevent.o
         CC arch-native-opt/obj/sys/logging/utils/stagelog.o
         CC arch-native-opt/obj/sys/logging/utils/eventlog.o
         CC arch-native-opt/obj/sys/memory/mhbw.o
         CC arch-native-opt/obj/sys/memory/mem.o
         CC arch-native-opt/obj/sys/memory/mal.o
         CC arch-native-opt/obj/sys/logging/plog.o
         CC arch-native-opt/obj/sys/objects/fcallback.o
         CC arch-native-opt/obj/sys/objects/destroy.o
         CC arch-native-opt/obj/sys/objects/gcomm.o
         CC arch-native-opt/obj/sys/memory/mtr.o
         CC arch-native-opt/obj/sys/objects/gcookie.o
         CC arch-native-opt/obj/sys/objects/gtype.o
         CC arch-native-opt/obj/sys/objects/garbage.o
         CC arch-native-opt/obj/sys/objects/aoptions.o
         CC arch-native-opt/obj/sys/objects/olist.o
         CC arch-native-opt/obj/sys/objects/inherit.o
         CC arch-native-opt/obj/sys/objects/package.o
         CC arch-native-opt/obj/sys/objects/init.o
         CC arch-native-opt/obj/sys/objects/pgname.o
         CC arch-native-opt/obj/sys/objects/pname.o
         CC arch-native-opt/obj/sys/objects/prefix.o
         CC arch-native-opt/obj/sys/objects/ptype.o
         CC arch-native-opt/obj/sys/objects/pinit.o
         CC arch-native-opt/obj/sys/objects/state.o
         CC arch-native-opt/obj/sys/objects/options.o
         CC arch-native-opt/obj/sys/objects/subcomm.o
         CC arch-native-opt/obj/sys/objects/tagm.o
         CC arch-native-opt/obj/sys/objects/version.o
         CC arch-native-opt/obj/sys/objects/device/util/memory.o
         CC arch-native-opt/obj/sys/objects/device/util/devicereg.o
         CC arch-native-opt/obj/sys/dll/dlimpl.o
         CC arch-native-opt/obj/sys/dll/dl.o
         CC arch-native-opt/obj/sys/python/pythonsys.o
         CC arch-native-opt/obj/sys/dll/reg.o
         CC arch-native-opt/obj/sys/objects/optionsyaml.o
         CC arch-native-opt/obj/sys/classes/viewer/impls/ascii/vcreatea.o
         CC arch-native-opt/obj/sys/classes/viewer/impls/draw/drawv.o
         CC arch-native-opt/obj/sys/classes/viewer/impls/socket/send.o
         CC arch-native-opt/obj/sys/classes/viewer/impls/ascii/filev.o
         CC arch-native-opt/obj/sys/classes/viewer/impls/string/stringv.o
         CC arch-native-opt/obj/sys/classes/viewer/impls/binary/binv.o
         CC arch-native-opt/obj/sys/classes/viewer/impls/vtk/vtkv.o
         CC arch-native-opt/obj/sys/classes/viewer/impls/vu/petscvu.o
         CC arch-native-opt/obj/sys/classes/viewer/interface/dlregispetsc.o
         CC arch-native-opt/obj/sys/classes/viewer/interface/dupl.o
         CC arch-native-opt/obj/sys/classes/viewer/interface/flush.o
         CC arch-native-opt/obj/sys/classes/viewer/interface/viewa.o
         CC arch-native-opt/obj/sys/classes/viewer/interface/view.o
         CC arch-native-opt/obj/sys/classes/viewer/interface/viewers.o
         CC arch-native-opt/obj/sys/classes/viewer/impls/glvis/glvis.o
         CC arch-native-opt/obj/sys/classes/viewer/interface/viewregall.o
         CC arch-native-opt/obj/sys/classes/draw/utils/axis.o
         CC arch-native-opt/obj/sys/classes/draw/utils/bars.o
         CC arch-native-opt/obj/sys/classes/viewer/interface/viewreg.o
         CC arch-native-opt/obj/sys/classes/draw/utils/cmap.o
         CC arch-native-opt/obj/sys/classes/draw/utils/axisc.o
         CC arch-native-opt/obj/sys/classes/draw/utils/image.o
         CC arch-native-opt/obj/sys/classes/draw/utils/lg.o
         CC arch-native-opt/obj/sys/classes/draw/utils/dscatter.o
         CC arch-native-opt/obj/sys/classes/draw/utils/hists.o
         CC arch-native-opt/obj/sys/classes/draw/utils/zoom.o
         CC arch-native-opt/obj/sys/classes/draw/impls/tikz/tikz.o
         CC arch-native-opt/obj/sys/classes/draw/impls/null/drawnull.o
         CC arch-native-opt/obj/sys/classes/draw/utils/lgc.o
         CC arch-native-opt/obj/sys/classes/draw/interface/dclear.o
         CC arch-native-opt/obj/sys/classes/draw/interface/dcoor.o
         CC arch-native-opt/obj/sys/classes/draw/interface/dellipse.o
         CC arch-native-opt/obj/sys/classes/draw/interface/dflush.o
         CC arch-native-opt/obj/sys/classes/draw/impls/image/drawimage.o
         CC arch-native-opt/obj/sys/classes/draw/interface/dline.o
         CC arch-native-opt/obj/sys/classes/draw/interface/dmarker.o
         CC arch-native-opt/obj/sys/classes/draw/interface/dpause.o
         CC arch-native-opt/obj/sys/classes/draw/interface/dmouse.o
         CC arch-native-opt/obj/sys/classes/draw/interface/dpoint.o
         CC arch-native-opt/obj/sys/classes/draw/interface/drawregall.o
         CC arch-native-opt/obj/sys/classes/draw/interface/draw.o
         CC arch-native-opt/obj/sys/classes/draw/interface/drect.o
         CC arch-native-opt/obj/sys/classes/draw/interface/drawreg.o
         CC arch-native-opt/obj/sys/classes/draw/interface/dsave.o
         CC arch-native-opt/obj/sys/classes/draw/interface/dtext.o
         CC arch-native-opt/obj/sys/classes/draw/interface/dtri.o
         CC arch-native-opt/obj/sys/classes/draw/interface/dviewp.o
         CC arch-native-opt/obj/sys/classes/random/impls/rand48/rand48.o
         CC arch-native-opt/obj/sys/classes/random/impls/rander48/rander48.o
         CC arch-native-opt/obj/sys/classes/random/impls/rand/rand.o
         CC arch-native-opt/obj/sys/classes/random/interface/dlregisrand.o
         CC arch-native-opt/obj/sys/classes/random/interface/random.o
         CC arch-native-opt/obj/sys/classes/random/interface/randomc.o
         CC arch-native-opt/obj/sys/classes/random/interface/randreg.o
         CC arch-native-opt/obj/sys/classes/bag/bag.o
         CC arch-native-opt/obj/sys/perfstubs/pstimer.o
         CC arch-native-opt/obj/sys/error/checkptr.o
         CC arch-native-opt/obj/sys/error/adebug.o
         CC arch-native-opt/obj/sys/info/verboseinfo.o
         CC arch-native-opt/obj/sys/error/errabort.o
         CC arch-native-opt/obj/sys/error/errstop.o
         CC arch-native-opt/obj/sys/error/errtrace.o
         CC arch-native-opt/obj/sys/error/pstack.o
         CC arch-native-opt/obj/sys/error/fp.o
         CC arch-native-opt/obj/sys/error/err.o
         CC arch-native-opt/obj/sys/error/signal.o
         CC arch-native-opt/obj/vec/vec/utils/vecglvis.o
         CC arch-native-opt/obj/vec/vec/utils/vecio.o
         CC arch-native-opt/obj/vec/vec/utils/vecs.o
         CC arch-native-opt/obj/vec/vec/utils/comb.o
         CC arch-native-opt/obj/vec/vec/utils/projection.o
         CC arch-native-opt/obj/vec/vec/utils/tagger/impls/absolute.o
         CC arch-native-opt/obj/vec/vec/utils/vecstash.o
         CC arch-native-opt/obj/vec/vec/utils/vsection.o
         CC arch-native-opt/obj/vec/vec/utils/tagger/impls/and.o
         CC arch-native-opt/obj/vec/vec/utils/tagger/impls/andor.o
         CC arch-native-opt/obj/vec/vec/utils/tagger/impls/relative.o
         CC arch-native-opt/obj/vec/vec/utils/tagger/impls/or.o
         CC arch-native-opt/obj/vec/vec/utils/tagger/impls/cdf.o
         CC arch-native-opt/obj/vec/vec/utils/vinv.o
         CC arch-native-opt/obj/vec/vec/utils/tagger/interface/dlregistagger.o
         CC arch-native-opt/obj/vec/vec/utils/tagger/impls/simple.o
         CC arch-native-opt/obj/vec/vec/utils/tagger/interface/taggerregi.o
         CC arch-native-opt/obj/vec/vec/utils/tagger/interface/tagger.o
         CC arch-native-opt/obj/vec/vec/impls/seq/bvec3.o
         CC arch-native-opt/obj/vec/vec/impls/seq/bvec1.o
         CC arch-native-opt/obj/vec/vec/impls/seq/vseqcr.o
         CC arch-native-opt/obj/vec/vec/impls/shared/shvec.o
         CC arch-native-opt/obj/vec/vec/impls/seq/bvec2.o
         CC arch-native-opt/obj/vec/vec/impls/seq/dvec2.o
         CC arch-native-opt/obj/vec/vec/impls/mpi/commonmpvec.o
         CC arch-native-opt/obj/vec/vec/impls/nest/vecnest.o
         CC arch-native-opt/obj/vec/vec/impls/mpi/vmpicr.o
         CC arch-native-opt/obj/vec/vec/impls/mpi/pvec2.o
         CC arch-native-opt/obj/vec/vec/interface/dlregisvec.o
         CC arch-native-opt/obj/vec/vec/impls/mpi/pbvec.o
         CC arch-native-opt/obj/vec/vec/interface/veccreate.o
         CC arch-native-opt/obj/vec/vec/interface/vecregall.o
         CC arch-native-opt/obj/vec/vec/interface/vecreg.o
         CC arch-native-opt/obj/vec/vec/impls/mpi/pdvec.o
         CC arch-native-opt/obj/vec/pf/impls/string/cstring.o
         CC arch-native-opt/obj/vec/pf/impls/constant/const.o
         CC arch-native-opt/obj/vec/pf/interface/pf.o
         CC arch-native-opt/obj/vec/pf/interface/pfall.o
         CC arch-native-opt/obj/vec/is/utils/hdf5io.o
         CC arch-native-opt/obj/vec/is/utils/isio.o
         CC arch-native-opt/obj/vec/vec/interface/vector.o
         CC arch-native-opt/obj/vec/vec/interface/rvector.o
         CC arch-native-opt/obj/vec/is/utils/pmap.o
         CC arch-native-opt/obj/vec/is/section/interface/sectionhdf5.o
         CC arch-native-opt/obj/vec/is/utils/psort.o
         CC arch-native-opt/obj/vec/is/ao/impls/basic/aobasic.o
         CC arch-native-opt/obj/vec/is/ao/impls/memscalable/aomemscalable.o
         CC arch-native-opt/obj/vec/is/ao/impls/mapping/aomapping.o
         CC arch-native-opt/obj/vec/is/ao/interface/ao.o
         CC arch-native-opt/obj/vec/is/ao/interface/aoreg.o
         CC arch-native-opt/obj/vec/is/utils/isltog.o
         CC arch-native-opt/obj/vec/is/ao/interface/aoregall.o
         CC arch-native-opt/obj/vec/is/ao/interface/dlregisdm.o
         CC arch-native-opt/obj/vec/is/sf/utils/sfcoord.o
         CC arch-native-opt/obj/vec/is/section/interface/section.o
         CC arch-native-opt/obj/vec/is/sf/impls/basic/sfmpi.o
         CC arch-native-opt/obj/vec/is/sf/impls/basic/sfbasic.o
         CC arch-native-opt/obj/vec/is/sf/impls/basic/gatherv/sfgatherv.o
         CC arch-native-opt/obj/vec/is/sf/utils/sfutils.o
         CC arch-native-opt/obj/vec/is/sf/impls/basic/allgather/sfallgather.o
         CC arch-native-opt/obj/vec/is/sf/impls/basic/neighbor/sfneighbor.o
         CC arch-native-opt/obj/vec/is/sf/impls/basic/alltoall/sfalltoall.o
         CC arch-native-opt/obj/vec/is/sf/impls/basic/gather/sfgather.o
         CC arch-native-opt/obj/vec/is/sf/impls/basic/allgatherv/sfallgatherv.o
         CC arch-native-opt/obj/vec/is/sf/interface/dlregissf.o
         CC arch-native-opt/obj/vec/is/sf/interface/sfregi.o
         CC arch-native-opt/obj/vec/is/sf/impls/window/sfwindow.o
         CC arch-native-opt/obj/vec/is/sf/interface/sftype.o
         CC arch-native-opt/obj/vec/is/is/utils/isblock.o
         CC arch-native-opt/obj/vec/is/sf/interface/vscat.o
         CC arch-native-opt/obj/vec/is/sf/interface/sf.o
         CC arch-native-opt/obj/vec/is/is/utils/iscomp.o
         CC arch-native-opt/obj/vec/is/is/utils/iscoloring.o
         CC arch-native-opt/obj/vec/is/is/impls/stride/stride.o
         CC arch-native-opt/obj/vec/is/is/utils/isdiff.o
         CC arch-native-opt/obj/vec/is/is/impls/block/block.o
         CC arch-native-opt/obj/vec/is/is/interface/isreg.o
         CC arch-native-opt/obj/vec/is/is/impls/general/general.o
         CC arch-native-opt/obj/vec/is/is/interface/isregall.o
         CC arch-native-opt/obj/mat/color/utils/bipartite.o
         CC arch-native-opt/obj/mat/color/utils/valid.o
         CC arch-native-opt/obj/mat/color/impls/natural/natural.o
         CC arch-native-opt/obj/mat/color/utils/weights.o
         CC arch-native-opt/obj/vec/is/is/interface/index.o
         CC arch-native-opt/obj/mat/color/impls/minpack/degr.o
         CC arch-native-opt/obj/mat/color/impls/minpack/dsm.o
         CC arch-native-opt/obj/mat/color/impls/minpack/color.o
         CC arch-native-opt/obj/mat/color/impls/minpack/ido.o
         CC arch-native-opt/obj/mat/color/impls/minpack/numsrt.o
         CC arch-native-opt/obj/mat/color/impls/minpack/seq.o
         CC arch-native-opt/obj/mat/color/impls/minpack/setr.o
         CC arch-native-opt/obj/mat/color/impls/minpack/slo.o
         CC arch-native-opt/obj/mat/color/impls/power/power.o
         CC arch-native-opt/obj/mat/color/interface/matcoloring.o
         CC arch-native-opt/obj/mat/color/impls/greedy/greedy.o
         CC arch-native-opt/obj/mat/color/interface/matcoloringregi.o
         CC arch-native-opt/obj/mat/color/impls/jp/jp.o
         CC arch-native-opt/obj/mat/utils/bandwidth.o
         CC arch-native-opt/obj/mat/utils/compressedrow.o
         CC arch-native-opt/obj/mat/utils/convert.o
         CC arch-native-opt/obj/mat/utils/freespace.o
         CC arch-native-opt/obj/mat/utils/axpy.o
         CC arch-native-opt/obj/mat/utils/getcolv.o
         CC arch-native-opt/obj/mat/utils/matio.o
         CC arch-native-opt/obj/mat/utils/matstashspace.o
         CC arch-native-opt/obj/mat/utils/gcreate.o
         CC arch-native-opt/obj/mat/utils/overlapsplit.o
         CC arch-native-opt/obj/mat/utils/multequal.o
         CC arch-native-opt/obj/mat/utils/matstash.o
         CC arch-native-opt/obj/mat/utils/pheap.o
         CC arch-native-opt/obj/mat/utils/zerodiag.o
         CC arch-native-opt/obj/mat/utils/zerorows.o
         CC arch-native-opt/obj/mat/impls/preallocator/matpreallocator.o
         CC arch-native-opt/obj/mat/impls/lrc/lrc.o
         CC arch-native-opt/obj/mat/impls/transpose/htransm.o
         CC arch-native-opt/obj/mat/impls/transpose/transm.o
         CC arch-native-opt/obj/mat/impls/cdiagonal/cdiagonal.o
         CC arch-native-opt/obj/mat/impls/nest/matnest.o
         CC arch-native-opt/obj/mat/impls/aij/mpi/fdmpiaij.o
         CC arch-native-opt/obj/mat/impls/aij/mpi/mmaij.o
         CC arch-native-opt/obj/mat/impls/aij/mpi/mpb_aij.o
         CC arch-native-opt/obj/mat/impls/aij/mpi/mpiaijpc.o
         CC arch-native-opt/obj/mat/impls/aij/mpi/mpimatmatmatmult.o
         CC arch-native-opt/obj/mat/impls/is/matis.o
         CC arch-native-opt/obj/mat/impls/aij/mpi/mpimattransposematmult.o
         CC arch-native-opt/obj/mat/impls/aij/mpi/mpimatmatmult.o
         CC arch-native-opt/obj/mat/impls/aij/mpi/mpiov.o
         CC arch-native-opt/obj/mat/impls/aij/mpi/crl/mcrl.o
         CC arch-native-opt/obj/mat/impls/aij/mpi/aijsell/mpiaijsell.o
         CC arch-native-opt/obj/mat/impls/aij/mpi/aijperm/mpiaijperm.o
         CC arch-native-opt/obj/mat/impls/aij/mpi/mpiptap.o
         CC arch-native-opt/obj/mat/impls/aij/mpi/mpiaij.o
         CC arch-native-opt/obj/mat/impls/aij/seq/aijhdf5.o
         CC arch-native-opt/obj/mat/impls/aij/seq/fdaij.o
         CC arch-native-opt/obj/mat/impls/aij/seq/ij.o
         CC arch-native-opt/obj/mat/impls/aij/seq/aijfact.o
         CC arch-native-opt/obj/mat/impls/aij/seq/inode2.o
         CC arch-native-opt/obj/mat/impls/aij/seq/matmatmatmult.o
         CC arch-native-opt/obj/mat/impls/aij/seq/aij.o
         CC arch-native-opt/obj/mat/impls/aij/seq/matptap.o
         CC arch-native-opt/obj/mat/impls/aij/seq/matrart.o
         CC arch-native-opt/obj/mat/impls/aij/seq/matmatmult.o
         CC arch-native-opt/obj/mat/impls/aij/seq/inode.o
         CC arch-native-opt/obj/mat/impls/aij/seq/mattransposematmult.o
         CC arch-native-opt/obj/mat/impls/aij/seq/symtranspose.o
         CC arch-native-opt/obj/mat/impls/aij/seq/bas/basfactor.o
         CC arch-native-opt/obj/mat/impls/aij/seq/aijsell/aijsell.o
         CC arch-native-opt/obj/mat/impls/aij/seq/crl/crl.o
         CC arch-native-opt/obj/mat/impls/aij/seq/aijperm/aijperm.o
         CC arch-native-opt/obj/mat/impls/aij/seq/bas/spbas.o
         CC arch-native-opt/obj/mat/impls/dense/mpi/mmdense.o
         CC arch-native-opt/obj/mat/impls/dense/mpi/mpidense.o
         CC arch-native-opt/obj/mat/impls/dense/seq/densehdf5.o
         CC arch-native-opt/obj/mat/impls/maij/maij.o
         CC arch-native-opt/obj/mat/impls/adj/mpi/mpiadj.o
         CC arch-native-opt/obj/mat/impls/dense/seq/dense.o
         CC arch-native-opt/obj/mat/impls/baij/mpi/mmbaij.o
         CC arch-native-opt/obj/mat/impls/baij/mpi/mpb_baij.o
         CC arch-native-opt/obj/mat/impls/baij/mpi/mpiaijbaij.o
         CC arch-native-opt/obj/mat/impls/baij/mpi/baijov.o
         CC arch-native-opt/obj/mat/impls/baij/seq/aijbaij.o
         CC arch-native-opt/obj/vec/is/sf/impls/basic/sfpack.o
         CC arch-native-opt/obj/mat/impls/baij/seq/baijfact.o
         CC arch-native-opt/obj/mat/impls/baij/mpi/mpibaij.o
         CC arch-native-opt/obj/mat/impls/baij/seq/baij2.o
         CC arch-native-opt/obj/mat/impls/baij/seq/baijfact11.o
         CC arch-native-opt/obj/mat/impls/baij/seq/baijfact13.o
         CC arch-native-opt/obj/mat/impls/baij/seq/baijfact3.o
         CC arch-native-opt/obj/mat/impls/baij/seq/baijfact2.o
         CC arch-native-opt/obj/mat/impls/baij/seq/baijfact4.o
         CC arch-native-opt/obj/mat/impls/baij/seq/baij.o
         CC arch-native-opt/obj/mat/impls/baij/seq/baijfact81.o
         CC arch-native-opt/obj/mat/impls/baij/seq/baijfact7.o
         CC arch-native-opt/obj/mat/impls/baij/seq/baijfact9.o
         CC arch-native-opt/obj/mat/impls/baij/seq/baijfact5.o
         CC arch-native-opt/obj/mat/impls/baij/seq/baijsolvnat1.o
         CC arch-native-opt/obj/mat/impls/baij/seq/baijsolvnat11.o
         CC arch-native-opt/obj/mat/impls/baij/seq/baijsolv.o
         CC arch-native-opt/obj/mat/impls/baij/seq/baijsolvnat14.o
         CC arch-native-opt/obj/mat/impls/baij/seq/baijsolvnat2.o
         CC arch-native-opt/obj/mat/impls/baij/seq/baijsolvnat15.o
         CC arch-native-opt/obj/mat/impls/baij/seq/baijsolvnat3.o
         CC arch-native-opt/obj/mat/impls/baij/seq/baijsolvnat4.o
         CC arch-native-opt/obj/mat/impls/baij/seq/baijsolvnat5.o
         CC arch-native-opt/obj/mat/impls/baij/seq/baijsolvnat6.o
         CC arch-native-opt/obj/mat/impls/baij/seq/baijsolvnat7.o
         CC arch-native-opt/obj/mat/impls/baij/seq/baijsolvtran1.o
         CC arch-native-opt/obj/mat/impls/baij/seq/baijsolvtran2.o
         CC arch-native-opt/obj/mat/impls/baij/seq/baijsolvtran3.o
         CC arch-native-opt/obj/mat/impls/baij/seq/baijsolvtran4.o
         CC arch-native-opt/obj/mat/impls/baij/seq/baijsolvtran5.o
         CC arch-native-opt/obj/mat/impls/baij/seq/baijsolvtran6.o
         CC arch-native-opt/obj/mat/impls/baij/seq/baijsolvtran7.o
         CC arch-native-opt/obj/mat/impls/baij/seq/baijsolvtrann.o
         CC arch-native-opt/obj/mat/impls/baij/seq/baijsolvtrannat1.o
         CC arch-native-opt/obj/mat/impls/baij/seq/baijsolvtrannat2.o
         CC arch-native-opt/obj/mat/impls/baij/seq/baijsolvtrannat3.o
         CC arch-native-opt/obj/mat/impls/baij/seq/baijsolvtrannat4.o
         CC arch-native-opt/obj/mat/impls/baij/seq/baijsolvtrannat5.o
         CC arch-native-opt/obj/mat/impls/baij/seq/dgedi.o
         CC arch-native-opt/obj/mat/impls/baij/seq/dgefa.o
         CC arch-native-opt/obj/mat/impls/baij/seq/baijsolvtrannat6.o
         CC arch-native-opt/obj/mat/impls/baij/seq/baijsolvtrannat7.o
         CC arch-native-opt/obj/mat/impls/baij/seq/dgefa3.o
         CC arch-native-opt/obj/mat/impls/baij/seq/dgefa4.o
         CC arch-native-opt/obj/mat/impls/baij/seq/dgefa2.o
         CC arch-native-opt/obj/mat/impls/baij/seq/dgefa5.o
         CC arch-native-opt/obj/mat/impls/baij/seq/dgefa6.o
         CC arch-native-opt/obj/mat/impls/baij/seq/dgefa7.o
         CC arch-native-opt/obj/mat/impls/python/pythonmat.o
         CC arch-native-opt/obj/mat/impls/mffd/mffddef.o
         CC arch-native-opt/obj/mat/impls/mffd/mfregis.o
         CC arch-native-opt/obj/mat/impls/mffd/wp.o
         CC arch-native-opt/obj/mat/impls/mffd/mffd.o
         CC arch-native-opt/obj/mat/impls/composite/mcomposite.o
         CC arch-native-opt/obj/mat/impls/sell/mpi/mmsell.o
         CC arch-native-opt/obj/mat/impls/sell/seq/fdsell.o
         CC arch-native-opt/obj/mat/impls/localref/mlocalref.o
         CC arch-native-opt/obj/mat/impls/sbaij/mpi/mmsbaij.o
         CC arch-native-opt/obj/mat/impls/sbaij/mpi/mpiaijsbaij.o
         CC arch-native-opt/obj/mat/impls/sell/mpi/mpisell.o
         CC arch-native-opt/obj/mat/impls/sell/seq/sell.o
         CC arch-native-opt/obj/mat/impls/sbaij/mpi/sbaijov.o
         CC arch-native-opt/obj/mat/impls/sbaij/seq/aijsbaij.o
         CC arch-native-opt/obj/mat/impls/sbaij/seq/sbaijfact.o
         CC arch-native-opt/obj/mat/impls/sbaij/mpi/mpisbaij.o
         CC arch-native-opt/obj/mat/impls/sbaij/seq/sbaij2.o
         CC arch-native-opt/obj/mat/impls/sbaij/seq/sbaij.o
         CC arch-native-opt/obj/mat/impls/sbaij/seq/sbaijfact10.o
         CC arch-native-opt/obj/mat/impls/sbaij/seq/sbaijfact11.o
         CC arch-native-opt/obj/mat/impls/sbaij/seq/sbaijfact12.o
         CC arch-native-opt/obj/mat/impls/sbaij/seq/sbaijfact3.o
         CC arch-native-opt/obj/mat/impls/sbaij/seq/sbaijfact4.o
         CC arch-native-opt/obj/mat/impls/sbaij/seq/sbaijfact5.o
         CC arch-native-opt/obj/mat/impls/sbaij/seq/sbaijfact6.o
         CC arch-native-opt/obj/mat/impls/sbaij/seq/sbaijfact7.o
         CC arch-native-opt/obj/mat/impls/sbaij/seq/sbaijfact8.o
         CC arch-native-opt/obj/mat/impls/sbaij/seq/sro.o
         CC arch-native-opt/obj/mat/impls/sbaij/seq/sbaijfact9.o
         CC arch-native-opt/obj/mat/impls/submat/submat.o
         CC arch-native-opt/obj/mat/impls/centering/centering.o
         CC arch-native-opt/obj/mat/impls/scatter/mscatter.o
         CC arch-native-opt/obj/mat/impls/dummy/matdummy.o
         CC arch-native-opt/obj/mat/impls/sbaij/seq/sbaijfact2.o
         CC arch-native-opt/obj/mat/impls/shell/shellcnv.o
         CC arch-native-opt/obj/mat/impls/fft/fft.o
         CC arch-native-opt/obj/mat/impls/kaij/kaij.o
         CC arch-native-opt/obj/mat/impls/blockmat/seq/blockmat.o
         CC arch-native-opt/obj/mat/impls/shell/shell.o
         CC arch-native-opt/obj/mat/impls/normal/normmh.o
         CC arch-native-opt/obj/mat/impls/normal/normm.o
         CC arch-native-opt/obj/mat/interface/dlregismat.o
         CC arch-native-opt/obj/mat/interface/matreg.o
         CC arch-native-opt/obj/mat/interface/matnull.o
         CC arch-native-opt/obj/mat/interface/matregis.o
         CC arch-native-opt/obj/mat/order/degree.o
         CC arch-native-opt/obj/mat/order/fn1wd.o
         CC arch-native-opt/obj/mat/interface/matproduct.o
         CC arch-native-opt/obj/mat/order/fndsep.o
         CC arch-native-opt/obj/mat/order/fnroot.o
         CC arch-native-opt/obj/mat/order/gennd.o
         CC arch-native-opt/obj/mat/order/gen1wd.o
         CC arch-native-opt/obj/mat/order/genqmd.o
         CC arch-native-opt/obj/mat/order/genrcm.o
         CC arch-native-opt/obj/mat/order/qmdqt.o
         CC arch-native-opt/obj/mat/order/qmdmrg.o
         CC arch-native-opt/obj/mat/order/qmdrch.o
         CC arch-native-opt/obj/mat/order/qmdupd.o
         CC arch-native-opt/obj/mat/order/rcm.o
         CC arch-native-opt/obj/mat/order/rootls.o
         CC arch-native-opt/obj/mat/order/sp1wd.o
         CC arch-native-opt/obj/mat/order/sorder.o
         CC arch-native-opt/obj/mat/order/spnd.o
         CC arch-native-opt/obj/mat/order/spectral.o
         CC arch-native-opt/obj/mat/order/spqmd.o
         CC arch-native-opt/obj/mat/order/sprcm.o
         CC arch-native-opt/obj/mat/order/sregis.o
         CC arch-native-opt/obj/mat/order/wbm.o
         CC arch-native-opt/obj/mat/partition/spartition.o
         CC arch-native-opt/obj/mat/partition/partition.o
         CC arch-native-opt/obj/mat/matfd/fdmatrix.o
         CC arch-native-opt/obj/mat/partition/impls/hierarchical/hierarchical.o
         CC arch-native-opt/obj/mat/coarsen/coarsen.o
         CC arch-native-opt/obj/mat/coarsen/scoarsen.o
         CC arch-native-opt/obj/mat/coarsen/impls/mis/mis.o
         CC arch-native-opt/obj/mat/coarsen/impls/misk/misk.o
         CC arch-native-opt/obj/dm/field/impls/shell/dmfieldshell.o
         CC arch-native-opt/obj/mat/coarsen/impls/hem/hem.o
         CC arch-native-opt/obj/dm/field/interface/dlregisdmfield.o
         CC arch-native-opt/obj/dm/field/impls/da/dmfieldda.o
         CC arch-native-opt/obj/dm/field/interface/dmfield.o
         CC arch-native-opt/obj/dm/field/interface/dmfieldregi.o
         CC arch-native-opt/obj/dm/field/impls/ds/dmfieldds.o
         CC arch-native-opt/obj/mat/interface/matrix.o
         CC arch-native-opt/obj/dm/impls/forest/forest.o
         CC arch-native-opt/obj/dm/impls/swarm/data_bucket.o
         CC arch-native-opt/obj/dm/impls/swarm/data_ex.o
         CC arch-native-opt/obj/dm/impls/swarm/swarmpic_da.o
         CC arch-native-opt/obj/dm/impls/swarm/swarm_migrate.o
         CC arch-native-opt/obj/dm/impls/swarm/swarmpic.o
         CC arch-native-opt/obj/dm/impls/swarm/swarmpic_sort.o
         CC arch-native-opt/obj/dm/impls/swarm/swarm.o
         CC arch-native-opt/obj/dm/impls/swarm/swarmpic_plex.o
         CC arch-native-opt/obj/dm/impls/swarm/swarmpic_view.o
         CC arch-native-opt/obj/dm/impls/plex/plexcgns.o
         CC arch-native-opt/obj/dm/impls/plex/plexceed.o
         CC arch-native-opt/obj/dm/impls/plex/plexadapt.o
         CC arch-native-opt/obj/dm/impls/plex/plexcoarsen.o
         CC arch-native-opt/obj/dm/impls/plex/plexcheckinterface.o
         CC arch-native-opt/obj/dm/impls/plex/plexegads.o
         CC arch-native-opt/obj/dm/impls/plex/plexegadslite.o
         CC arch-native-opt/obj/dm/impls/plex/plexexodusii.o
         CC arch-native-opt/obj/dm/impls/plex/plexextrude.o
         CC arch-native-opt/obj/dm/impls/plex/plexdistribute.o
         CC arch-native-opt/obj/dm/impls/plex/plexfluent.o
         CC arch-native-opt/obj/dm/impls/plex/plexfvm.o
         CC arch-native-opt/obj/dm/impls/plex/plexgenerate.o
         CC arch-native-opt/obj/dm/impls/plex/plexcreate.o
         CC arch-native-opt/obj/dm/impls/plex/plexglvis.o
         CC arch-native-opt/obj/dm/impls/plex/plexgeometry.o
         CC arch-native-opt/obj/dm/impls/plex/plexhdf5.o
         CC arch-native-opt/obj/dm/impls/plex/plex.o
         CC arch-native-opt/obj/dm/impls/plex/plexhdf5xdmf.o
         CC arch-native-opt/obj/dm/impls/plex/plexhpddm.o
         CC arch-native-opt/obj/dm/impls/plex/plexindices.o
         CC arch-native-opt/obj/dm/impls/plex/plexmed.o
         CC arch-native-opt/obj/dm/impls/plex/plexfem.o
         CC arch-native-opt/obj/dm/impls/plex/plexgmsh.o
         CC arch-native-opt/obj/dm/impls/plex/plexnatural.o
         CC arch-native-opt/obj/dm/impls/plex/plexmetric.o
         CC arch-native-opt/obj/dm/impls/plex/plexply.o
         CC arch-native-opt/obj/dm/impls/plex/plexinterpolate.o
         CC arch-native-opt/obj/dm/impls/plex/plexpoint.o
         CC arch-native-opt/obj/dm/impls/plex/plexorient.o
         CC arch-native-opt/obj/dm/impls/plex/plexrefine.o
         CC arch-native-opt/obj/dm/impls/plex/plexpartition.o
         CC arch-native-opt/obj/dm/impls/plex/plexpreallocate.o
         CC arch-native-opt/obj/dm/impls/plex/plexreorder.o
         CC arch-native-opt/obj/dm/impls/plex/plexproject.o
         CC arch-native-opt/obj/dm/impls/plex/plexsection.o
         CC arch-native-opt/obj/dm/impls/plex/plexsfc.o
         CC arch-native-opt/obj/dm/impls/plex/plexvtk.o
         CC arch-native-opt/obj/dm/impls/plex/pointqueue.o
         CC arch-native-opt/obj/dm/impls/plex/plexvtu.o
         CC arch-native-opt/obj/dm/impls/plex/transform/impls/extrude/plextrextrude.o
         CC arch-native-opt/obj/dm/impls/plex/transform/impls/refine/1d/plexref1d.o
         CC arch-native-opt/obj/dm/impls/plex/transform/impls/refine/tobox/plexreftobox.o
         CC arch-native-opt/obj/dm/impls/plex/transform/impls/refine/alfeld/plexrefalfeld.o
         CC arch-native-opt/obj/dm/impls/plex/transform/impls/refine/regular/plexrefregular.o
         CC arch-native-opt/obj/dm/impls/plex/transform/impls/refine/sbr/plexrefsbr.o
         CC arch-native-opt/obj/dm/impls/plex/transform/impls/filter/plextrfilter.o
         CC arch-native-opt/obj/dm/impls/plex/transform/impls/refine/bl/plexrefbl.o
         CC arch-native-opt/obj/dm/impls/plex/plexsubmesh.o
         CC arch-native-opt/obj/dm/impls/product/product.o
         CC arch-native-opt/obj/dm/impls/product/productutils.o
         CC arch-native-opt/obj/dm/impls/plex/plextree.o
         CC arch-native-opt/obj/dm/impls/stag/stag1d.o
         CC arch-native-opt/obj/dm/impls/stag/stag.o
         CC arch-native-opt/obj/dm/impls/plex/transform/interface/plextransform.o
         CC arch-native-opt/obj/dm/impls/stag/stagda.o
         CC arch-native-opt/obj/dm/impls/stag/stag2d.o
         CC arch-native-opt/obj/dm/impls/stag/stagintern.o
         CC arch-native-opt/obj/dm/impls/stag/stagstencil.o
         CC arch-native-opt/obj/dm/impls/stag/stagmulti.o
         CC arch-native-opt/obj/dm/impls/patch/patchcreate.o
         CC arch-native-opt/obj/dm/impls/stag/stagutils.o
         CC arch-native-opt/obj/dm/impls/patch/patch.o
         CC arch-native-opt/obj/dm/impls/shell/dmshell.o
         CC arch-native-opt/obj/dm/impls/composite/packm.o
         CC arch-native-opt/obj/dm/impls/sliced/sliced.o
         CC arch-native-opt/obj/dm/impls/composite/pack.o
         CC arch-native-opt/obj/dm/impls/da/da1.o
         CC arch-native-opt/obj/dm/impls/da/da.o
         CC arch-native-opt/obj/dm/impls/da/dacorn.o
         CC arch-native-opt/obj/dm/impls/da/da2.o
         CC arch-native-opt/obj/dm/impls/da/dacreate.o
         CC arch-native-opt/obj/dm/impls/stag/stag3d.o
         CC arch-native-opt/obj/dm/impls/da/dadd.o
         CC arch-native-opt/obj/dm/impls/da/dadestroy.o
         CC arch-native-opt/obj/dm/impls/da/dadist.o
         CC arch-native-opt/obj/dm/impls/da/dageometry.o
         CC arch-native-opt/obj/dm/impls/da/dagetarray.o
         CC arch-native-opt/obj/dm/impls/da/dagetelem.o
         CC arch-native-opt/obj/dm/impls/da/daghost.o
         CC arch-native-opt/obj/dm/impls/da/da3.o
         CC arch-native-opt/obj/dm/impls/da/dagtol.o
         CC arch-native-opt/obj/dm/impls/da/dagtona.o
         CC arch-native-opt/obj/dm/impls/da/daindex.o
         CC arch-native-opt/obj/dm/impls/da/daltol.o
         CC arch-native-opt/obj/dm/impls/da/dapf.o
         CC arch-native-opt/obj/dm/impls/da/dalocal.o
         CC arch-native-opt/obj/dm/impls/da/dapreallocate.o
         CC arch-native-opt/obj/dm/impls/da/dareg.o
         CC arch-native-opt/obj/dm/impls/da/dascatter.o
         CC arch-native-opt/obj/dm/impls/da/daview.o
         CC arch-native-opt/obj/dm/impls/da/dasub.o
         CC arch-native-opt/obj/dm/impls/da/dainterp.o
         CC arch-native-opt/obj/dm/impls/da/gr1.o
         CC arch-native-opt/obj/dm/impls/da/gr2.o
         CC arch-native-opt/obj/dm/impls/da/grglvis.o
         CC arch-native-opt/obj/dm/impls/redundant/dmredundant.o
         CC arch-native-opt/obj/dm/impls/da/grvtk.o
         CC arch-native-opt/obj/dm/impls/network/networkmonitor.o
         CC arch-native-opt/obj/dm/impls/network/networkcreate.o
         CC arch-native-opt/obj/dm/impls/network/networkview.o
         CC arch-native-opt/obj/dm/interface/dlregisdmdm.o
         CC arch-native-opt/obj/dm/impls/da/fdda.o
         CC arch-native-opt/obj/dm/interface/dmceed.o
         CC arch-native-opt/obj/dm/interface/dmgenerate.o
         CC arch-native-opt/obj/dm/interface/dmcoordinates.o
         CC arch-native-opt/obj/dm/interface/dmget.o
         CC arch-native-opt/obj/dm/interface/dmglvis.o
         CC arch-native-opt/obj/dm/impls/network/network.o
         CC arch-native-opt/obj/dm/interface/dmregall.o
         CC arch-native-opt/obj/dm/interface/dmperiodicity.o
         CC arch-native-opt/obj/dm/interface/dmi.o
         CC arch-native-opt/obj/dm/partitioner/impls/simple/partsimple.o
         CC arch-native-opt/obj/dm/partitioner/impls/shell/partshell.o
         CC arch-native-opt/obj/dm/partitioner/impls/parmetis/partparmetis.o
         CC arch-native-opt/obj/dm/partitioner/impls/chaco/partchaco.o
         CC arch-native-opt/obj/dm/partitioner/impls/gather/partgather.o
         CC arch-native-opt/obj/dm/partitioner/impls/ptscotch/partptscotch.o
         CC arch-native-opt/obj/dm/partitioner/interface/partitionerreg.o
         CC arch-native-opt/obj/dm/partitioner/impls/matpart/partmatpart.o
         CC arch-native-opt/obj/dm/partitioner/interface/partitioner.o
         CC arch-native-opt/obj/dm/label/impls/ephemeral/plex/dmlabelephplex.o
         CC arch-native-opt/obj/dm/label/impls/ephemeral/dmlabeleph.o
         CC arch-native-opt/obj/dm/dt/space/impls/wxy/spacewxy.o
         CC arch-native-opt/obj/dm/dt/space/impls/subspace/spacesubspace.o
         CC arch-native-opt/obj/dm/dt/space/impls/sum/spacesum.o
         CC arch-native-opt/obj/dm/interface/dm.o
         CC arch-native-opt/obj/dm/dt/space/impls/ptrimmed/spaceptrimmed.o
         CC arch-native-opt/obj/dm/dt/space/impls/point/spacepoint.o
         CC arch-native-opt/obj/dm/label/dmlabel.o
         CC arch-native-opt/obj/dm/dt/space/impls/poly/spacepoly.o
         CC arch-native-opt/obj/dm/dt/fv/interface/fvceed.o
         CC arch-native-opt/obj/dm/dt/space/interface/space.o
         CC arch-native-opt/obj/dm/dt/dualspace/impls/refined/dualspacerefined.o
         CC arch-native-opt/obj/dm/dt/space/impls/tensor/spacetensor.o
         CC arch-native-opt/obj/dm/dt/dualspace/impls/simple/dspacesimple.o
         CC arch-native-opt/obj/dm/dt/fv/interface/fv.o
         CC arch-native-opt/obj/dm/dt/dualspace/interface/dualspace.o
         CC arch-native-opt/obj/dm/dt/interface/dtaltv.o
         CC arch-native-opt/obj/dm/dt/interface/dtprob.o
         CC arch-native-opt/obj/dm/dt/dualspace/impls/lagrange/dspacelagrange.o
         CC arch-native-opt/obj/dm/dt/interface/dt.o
         CC arch-native-opt/obj/dm/dt/interface/dtds.o
         CC arch-native-opt/obj/dm/dt/interface/dtweakform.o
         CC arch-native-opt/obj/dm/dt/fe/impls/composite/fecomposite.o
         CC arch-native-opt/obj/dm/dt/fe/interface/feceed.o
         CC arch-native-opt/obj/dm/dt/fe/interface/fegeom.o
         CC arch-native-opt/obj/ksp/ksp/utils/dmproject.o
         CC arch-native-opt/obj/ksp/ksp/utils/kspmatregi.o
         CC arch-native-opt/obj/dm/dt/fe/impls/basic/febasic.o
         CC arch-native-opt/obj/ksp/ksp/utils/lmvm/lmvmimpl.o
         CC arch-native-opt/obj/dm/dt/fe/interface/fe.o
         CC arch-native-opt/obj/ksp/ksp/utils/schurm/schurm.o
         CC arch-native-opt/obj/ksp/ksp/utils/lmvm/lmvmutils.o
         CC arch-native-opt/obj/ksp/ksp/utils/lmvm/symbrdn/symbadbrdn.o
         CC arch-native-opt/obj/ksp/ksp/utils/lmvm/dfp/dfp.o
         CC arch-native-opt/obj/ksp/ksp/utils/lmvm/brdn/badbrdn.o
         CC arch-native-opt/obj/ksp/ksp/utils/lmvm/symbrdn/symbrdn.o
         CC arch-native-opt/obj/ksp/ksp/utils/lmvm/brdn/brdn.o
         CC arch-native-opt/obj/ksp/ksp/utils/lmvm/sr1/sr1.o
         CC arch-native-opt/obj/ksp/ksp/utils/lmvm/diagbrdn/diagbrdn.o
         CC arch-native-opt/obj/ksp/ksp/utils/lmvm/bfgs/bfgs.o
         CC arch-native-opt/obj/ksp/ksp/guess/impls/pod/pod.o
         CC arch-native-opt/obj/ksp/ksp/impls/cg/cgeig.o
         CC arch-native-opt/obj/ksp/ksp/guess/impls/fischer/fischer.o
         CC arch-native-opt/obj/ksp/ksp/impls/cg/cgls.o
         CC arch-native-opt/obj/ksp/ksp/impls/cg/cgtype.o
         CC arch-native-opt/obj/ksp/ksp/impls/cg/cg.o
         CC arch-native-opt/obj/ksp/ksp/impls/cg/groppcg/groppcg.o
         CC arch-native-opt/obj/ksp/ksp/impls/cg/cgne/cgne.o
         CC arch-native-opt/obj/ksp/ksp/impls/cg/pipelcg/pipelcg.o
         CC arch-native-opt/obj/ksp/ksp/impls/cg/stcg/stcg.o
         CC arch-native-opt/obj/ksp/ksp/impls/cg/nash/nash.o
         CC arch-native-opt/obj/ksp/ksp/impls/cg/pipecgrr/pipecgrr.o
         CC arch-native-opt/obj/ksp/ksp/impls/cg/pipeprcg/pipeprcg.o
         CC arch-native-opt/obj/ksp/ksp/impls/cg/pipecg/pipecg.o
         CC arch-native-opt/obj/ksp/ksp/impls/cg/gltr/gltr.o
         CC arch-native-opt/obj/ksp/ksp/impls/tcqmr/tcqmr.o
         CC arch-native-opt/obj/ksp/ksp/impls/cg/pipecg2/pipecg2.o
         CC arch-native-opt/obj/ksp/ksp/impls/lcd/lcd.o
         CC arch-native-opt/obj/ksp/ksp/impls/cr/pipecr/pipecr.o
         CC arch-native-opt/obj/ksp/ksp/impls/cr/cr.o
         CC arch-native-opt/obj/ksp/ksp/impls/rich/richscale.o
         CC arch-native-opt/obj/ksp/ksp/impls/rich/rich.o
         CC arch-native-opt/obj/ksp/ksp/impls/ibcgs/ibcgs.o
         CC arch-native-opt/obj/ksp/ksp/impls/fetidp/fetidp.o
         CC arch-native-opt/obj/ksp/ksp/impls/gmres/borthog.o
         CC arch-native-opt/obj/ksp/ksp/impls/lsqr/lsqr.o
         CC arch-native-opt/obj/ksp/ksp/impls/gmres/borthog2.o
         CC arch-native-opt/obj/ksp/ksp/impls/gmres/gmpre.o
         CC arch-native-opt/obj/ksp/ksp/impls/bcgsl/bcgsl.o
         CC arch-native-opt/obj/ksp/ksp/impls/gmres/gmres2.o
         CC arch-native-opt/obj/ksp/ksp/impls/gmres/gmreig.o
         CC arch-native-opt/obj/ksp/ksp/impls/gmres/fgmres/modpcf.o
         CC arch-native-opt/obj/ksp/ksp/impls/gmres/gmres.o
         CC arch-native-opt/obj/ksp/ksp/impls/gmres/fgmres/fgmres.o
         CC arch-native-opt/obj/ksp/ksp/impls/gmres/agmres/agmresleja.o
         CC arch-native-opt/obj/ksp/ksp/impls/gmres/agmres/agmresdeflation.o
         CC arch-native-opt/obj/ksp/ksp/impls/gmres/agmres/agmres.o
         CC arch-native-opt/obj/ksp/ksp/impls/gmres/dgmres/dgmres.o
         CC arch-native-opt/obj/ksp/ksp/impls/gmres/pgmres/pgmres.o
         CC arch-native-opt/obj/ksp/ksp/impls/gmres/agmres/agmresorthog.o
         CC arch-native-opt/obj/ksp/ksp/impls/python/pythonksp.o
         CC arch-native-opt/obj/ksp/ksp/impls/gmres/pipefgmres/pipefgmres.o
         CC arch-native-opt/obj/ksp/ksp/impls/gcr/gcr.o
         CC arch-native-opt/obj/ksp/ksp/impls/gmres/lgmres/lgmres.o
         CC arch-native-opt/obj/ksp/ksp/impls/qcg/qcg.o
         CC arch-native-opt/obj/ksp/ksp/impls/gcr/pipegcr/pipegcr.o
         CC arch-native-opt/obj/ksp/ksp/impls/fcg/pipefcg/pipefcg.o
         CC arch-native-opt/obj/ksp/ksp/impls/fcg/fcg.o
         CC arch-native-opt/obj/ksp/ksp/impls/symmlq/symmlq.o
         CC arch-native-opt/obj/ksp/ksp/impls/preonly/preonly.o
         CC arch-native-opt/obj/ksp/ksp/impls/tsirm/tsirm.o
         CC arch-native-opt/obj/ksp/ksp/impls/tfqmr/tfqmr.o
         CC arch-native-opt/obj/ksp/ksp/impls/minres/minres.o
         CC arch-native-opt/obj/ksp/ksp/impls/bcgs/bcgs.o
         CC arch-native-opt/obj/ksp/ksp/impls/bcgs/fbcgsr/fbcgsr.o
         CC arch-native-opt/obj/ksp/ksp/impls/bcgs/fbcgs/fbcgs.o
         CC arch-native-opt/obj/ksp/ksp/impls/bcgs/qmrcgs/qmrcgs.o
         CC arch-native-opt/obj/ksp/ksp/impls/bcgs/pipebcgs/pipebcgs.o
         CC arch-native-opt/obj/ksp/ksp/impls/cheby/betas.o
         CC arch-native-opt/obj/ksp/ksp/impls/bicg/bicg.o
         CC arch-native-opt/obj/ksp/ksp/interface/dlregisksp.o
         CC arch-native-opt/obj/ksp/ksp/impls/cgs/cgs.o
         CC arch-native-opt/obj/ksp/ksp/interface/dmksp.o
         CC arch-native-opt/obj/ksp/ksp/interface/iguess.o
         CC arch-native-opt/obj/ksp/ksp/impls/cheby/cheby.o
         CC arch-native-opt/obj/ksp/ksp/interface/eige.o
         CC arch-native-opt/obj/ksp/ksp/interface/itcl.o
         CC arch-native-opt/obj/ksp/ksp/interface/itcreate.o
         CC arch-native-opt/obj/ksp/ksp/interface/itregis.o
         CC arch-native-opt/obj/ksp/ksp/interface/itres.o
         CC arch-native-opt/obj/ksp/ksp/interface/xmon.o
         CC arch-native-opt/obj/ksp/ksp/interface/iterativ.o
         CC arch-native-opt/obj/ksp/ksp/interface/itfunc.o
         CC arch-native-opt/obj/ksp/pc/impls/is/pcis.o
         CC arch-native-opt/obj/ksp/pc/impls/is/nn/nn.o
         CC arch-native-opt/obj/ksp/pc/impls/bjacobi/bjacobi.o
         CC arch-native-opt/obj/ksp/pc/impls/factor/factimpl.o
         CC arch-native-opt/obj/ksp/pc/impls/gasm/gasm.o
         CC arch-native-opt/obj/ksp/pc/impls/factor/ilu/ilu.o
         CC arch-native-opt/obj/ksp/pc/impls/factor/icc/icc.o
         CC arch-native-opt/obj/ksp/pc/impls/factor/factor.o
         CC arch-native-opt/obj/ksp/pc/impls/factor/qr/qr.o
         CC arch-native-opt/obj/ksp/pc/impls/factor/lu/lu.o
         CC arch-native-opt/obj/ksp/pc/impls/factor/cholesky/cholesky.o
         CC arch-native-opt/obj/ksp/pc/impls/ksp/pcksp.o
         CC arch-native-opt/obj/ksp/pc/impls/jacobi/jacobi.o
         CC arch-native-opt/obj/ksp/pc/impls/tfs/bitmask.o
         CC arch-native-opt/obj/ksp/pc/impls/redundant/redundant.o
         CC arch-native-opt/obj/ksp/pc/impls/tfs/ivec.o
         CC arch-native-opt/obj/ksp/pc/impls/tfs/comm.o
         CC arch-native-opt/obj/ksp/pc/impls/tfs/tfs.o
         CC arch-native-opt/obj/ksp/pc/impls/tfs/gs.o
         CC arch-native-opt/obj/ksp/pc/impls/mat/pcmat.o
         CC arch-native-opt/obj/ksp/pc/impls/tfs/xxt.o
         CC arch-native-opt/obj/ksp/pc/impls/tfs/xyt.o
         CC arch-native-opt/obj/ksp/pc/impls/python/pythonpc.o
         CC arch-native-opt/obj/ksp/pc/impls/composite/composite.o
         CC arch-native-opt/obj/ksp/pc/impls/mg/fmg.o
         CC arch-native-opt/obj/ksp/pc/impls/asm/asm.o
         CC arch-native-opt/obj/ksp/pc/impls/mg/gdsw.o
         CC arch-native-opt/obj/ksp/pc/impls/mg/mgadapt.o
         CC arch-native-opt/obj/ksp/pc/impls/mg/mgfunc.o
         CC arch-native-opt/obj/ksp/pc/impls/mg/smg.o
         CC arch-native-opt/obj/ksp/pc/impls/deflation/deflationspace.o
         CC arch-native-opt/obj/ksp/pc/impls/deflation/deflation.o
         CC arch-native-opt/obj/ksp/pc/impls/mg/mg.o
         CC arch-native-opt/obj/ksp/pc/impls/galerkin/galerkin.o
         CC arch-native-opt/obj/ksp/pc/impls/svd/svd.o
         CC arch-native-opt/obj/ksp/pc/impls/redistribute/redistribute.o
         CC arch-native-opt/obj/ksp/pc/impls/patch/pcpatch.o
         CC arch-native-opt/obj/ksp/pc/impls/bddc/bddcfetidp.o
         CC arch-native-opt/obj/ksp/pc/impls/bddc/bddcnullspace.o
         CC arch-native-opt/obj/ksp/pc/impls/bddc/bddc.o
         CC arch-native-opt/obj/ksp/pc/impls/fieldsplit/fieldsplit.o
         CC arch-native-opt/obj/ksp/pc/impls/bddc/bddcgraph.o
         CC arch-native-opt/obj/ksp/pc/impls/lmvm/lmvmpc.o
         CC arch-native-opt/obj/ksp/pc/impls/bddc/bddcscalingbasic.o
         CC arch-native-opt/obj/ksp/pc/impls/sor/sor.o
         CC arch-native-opt/obj/ksp/pc/impls/gamg/agg.o
         CC arch-native-opt/obj/ksp/pc/impls/gamg/classical.o
         CC arch-native-opt/obj/ksp/pc/impls/gamg/geo.o
         CC arch-native-opt/obj/ksp/pc/impls/gamg/util.o
         CC arch-native-opt/obj/ksp/pc/impls/bddc/bddcschurs.o
         CC arch-native-opt/obj/ksp/pc/impls/gamg/gamg.o
         CC arch-native-opt/obj/ksp/pc/impls/kaczmarz/kaczmarz.o
         CC arch-native-opt/obj/ksp/pc/impls/lsc/lsc.o
         CC arch-native-opt/obj/ksp/pc/impls/cp/cp.o
         CC arch-native-opt/obj/ksp/pc/impls/eisens/eisen.o
         CC arch-native-opt/obj/ksp/pc/impls/mpi/pcmpi.o
         CC arch-native-opt/obj/ksp/pc/impls/hmg/hmg.o
         CC arch-native-opt/obj/ksp/pc/impls/none/none.o
         CC arch-native-opt/obj/ksp/pc/impls/pbjacobi/pbjacobi.o
         CC arch-native-opt/obj/ksp/pc/impls/telescope/telescope_coarsedm.o
         CC arch-native-opt/obj/ksp/pc/impls/telescope/telescope.o
         CC arch-native-opt/obj/ksp/pc/impls/shell/shellpc.o
         CC arch-native-opt/obj/ksp/pc/impls/vpbjacobi/vpbjacobi.o
         CC arch-native-opt/obj/ksp/pc/impls/telescope/telescope_dmda.o
         CC arch-native-opt/obj/ksp/pc/interface/pcregis.o
         CC arch-native-opt/obj/ksp/pc/interface/pcset.o
         CC arch-native-opt/obj/ksp/pc/impls/wb/wb.o
         CC arch-native-opt/obj/snes/utils/convest.o
         CC arch-native-opt/obj/ksp/pc/interface/precon.o
         CC arch-native-opt/obj/snes/utils/dmlocalsnes.o
         CC arch-native-opt/obj/snes/utils/dmdasnes.o
         CC arch-native-opt/obj/snes/utils/dmadapt.o
         CC arch-native-opt/obj/snes/utils/dmsnes.o
         CC arch-native-opt/obj/snes/impls/fas/fasfunc.o
         CC arch-native-opt/obj/snes/impls/fas/fas.o
         CC arch-native-opt/obj/snes/impls/fas/fasgalerkin.o
         CC arch-native-opt/obj/snes/impls/ngmres/anderson.o
         CC arch-native-opt/obj/snes/impls/ms/ms.o
         CC arch-native-opt/obj/snes/utils/dmplexsnes.o
         CC arch-native-opt/obj/snes/impls/ngmres/ngmresfunc.o
         CC arch-native-opt/obj/snes/impls/ngmres/snesngmres.o
         CC arch-native-opt/obj/snes/impls/vi/vi.o
         CC arch-native-opt/obj/snes/impls/vi/ss/viss.o
         CC arch-native-opt/obj/snes/impls/gs/gssecant.o
         CC arch-native-opt/obj/snes/impls/vi/rs/virs.o
         CC arch-native-opt/obj/snes/impls/gs/snesgs.o
         CC arch-native-opt/obj/snes/impls/ls/ls.o
         CC arch-native-opt/obj/snes/impls/shell/snesshell.o
         CC arch-native-opt/obj/snes/impls/ncg/snesncg.o
         CC arch-native-opt/obj/snes/impls/patch/snespatch.o
         CC arch-native-opt/obj/ksp/pc/impls/bddc/bddcprivate.o
         CC arch-native-opt/obj/snes/impls/qn/qn.o
         CC arch-native-opt/obj/snes/impls/tr/tr.o
         CC arch-native-opt/obj/snes/impls/composite/snescomposite.o
         CC arch-native-opt/obj/snes/impls/multiblock/multiblock.o
         CC arch-native-opt/obj/snes/impls/richardson/snesrichardson.o
         CC arch-native-opt/obj/snes/impls/python/pythonsnes.o
         CC arch-native-opt/obj/snes/impls/nasm/aspin.o
         CC arch-native-opt/obj/snes/impls/ksponly/ksponly.o
         CC arch-native-opt/obj/snes/interface/dlregissnes.o
         CC arch-native-opt/obj/snes/impls/ntrdc/ntrdc.o
         CC arch-native-opt/obj/snes/interface/snesj.o
         CC arch-native-opt/obj/snes/impls/nasm/nasm.o
         CC arch-native-opt/obj/snes/interface/snesj2.o
         CC arch-native-opt/obj/snes/interface/snesob.o
         CC arch-native-opt/obj/snes/interface/snespc.o
         CC arch-native-opt/obj/snes/interface/snesregi.o
         CC arch-native-opt/obj/snes/interface/noise/snesdnest.o
         CC arch-native-opt/obj/snes/interface/snesut.o
         CC arch-native-opt/obj/snes/interface/noise/snesmfj2.o
         CC arch-native-opt/obj/snes/interface/noise/snesnoise.o
         CC arch-native-opt/obj/snes/linesearch/impls/basic/linesearchbasic.o
         CC arch-native-opt/obj/snes/linesearch/impls/cp/linesearchcp.o
         CC arch-native-opt/obj/snes/linesearch/impls/nleqerr/linesearchnleqerr.o
         CC arch-native-opt/obj/snes/linesearch/impls/shell/linesearchshell.o
         CC arch-native-opt/obj/snes/linesearch/impls/bt/linesearchbt.o
         CC arch-native-opt/obj/snes/linesearch/impls/l2/linesearchl2.o
         CC arch-native-opt/obj/snes/linesearch/interface/linesearchregi.o
         CC arch-native-opt/obj/snes/mf/snesmfj.o
         CC arch-native-opt/obj/snes/linesearch/interface/linesearch.o
         CC arch-native-opt/obj/snes/interface/snes.o
         CC arch-native-opt/obj/ts/utils/dmdats.o
         CC arch-native-opt/obj/ts/utils/dmnetworkts.o
         CC arch-native-opt/obj/ts/utils/dmlocalts.o
         CC arch-native-opt/obj/ts/utils/dmplexts.o
         CC arch-native-opt/obj/ts/characteristic/impls/da/slda.o
         CC arch-native-opt/obj/ts/utils/tsconvest.o
         CC arch-native-opt/obj/ts/utils/dmts.o
         CC arch-native-opt/obj/ts/characteristic/interface/mocregis.o
         CC arch-native-opt/obj/ts/characteristic/interface/slregis.o
         CC arch-native-opt/obj/ts/adapt/impls/basic/adaptbasic.o
         CC arch-native-opt/obj/ts/adapt/impls/dsp/adaptdsp.o
         CC arch-native-opt/obj/ts/adapt/impls/glee/adaptglee.o
         CC arch-native-opt/obj/ts/characteristic/interface/characteristic.o
         CC arch-native-opt/obj/ts/adapt/impls/none/adaptnone.o
         CC arch-native-opt/obj/ts/adapt/impls/history/adapthist.o
         CC arch-native-opt/obj/ts/adapt/impls/cfl/adaptcfl.o
         CC arch-native-opt/obj/ts/trajectory/impls/singlefile/singlefile.o
         CC arch-native-opt/obj/ts/adapt/interface/tsadapt.o
         CC arch-native-opt/obj/ts/trajectory/utils/reconstruct.o
         CC arch-native-opt/obj/ts/trajectory/impls/basic/trajbasic.o
         CC arch-native-opt/obj/ts/trajectory/impls/visualization/trajvisualization.o
         CC arch-native-opt/obj/ts/trajectory/interface/traj.o
         CC arch-native-opt/obj/ts/trajectory/impls/memory/trajmemory.o
         CC arch-native-opt/obj/ts/impls/symplectic/basicsymplectic/basicsymplectic.o
         CC arch-native-opt/obj/ts/impls/multirate/mprk.o
         CC arch-native-opt/obj/ts/utils/dmplexlandau/plexland.o
         CC arch-native-opt/obj/ts/impls/glee/glee.o
         CC arch-native-opt/obj/ts/impls/pseudo/posindep.o
         CC arch-native-opt/obj/ts/impls/eimex/eimex.o
         CC arch-native-opt/obj/ts/impls/implicit/glle/glleadapt.o
         CC arch-native-opt/obj/ts/impls/implicit/irk/irk.o
         CC arch-native-opt/obj/ts/impls/arkimex/arkimex.o
         CC arch-native-opt/obj/ts/impls/implicit/alpha/alpha1.o
         CC arch-native-opt/obj/ts/impls/implicit/alpha/alpha2.o
         CC arch-native-opt/obj/ts/impls/implicit/glle/glle.o
         CC arch-native-opt/obj/ts/impls/implicit/theta/theta.o
         CC arch-native-opt/obj/ts/impls/explicit/euler/euler.o
         CC arch-native-opt/obj/ts/impls/implicit/discgrad/tsdiscgrad.o
         CC arch-native-opt/obj/ts/impls/explicit/ssp/ssp.o
         CC arch-native-opt/obj/ts/impls/explicit/rk/mrk.o
         CC arch-native-opt/obj/ts/impls/rosw/rosw.o
         CC arch-native-opt/obj/ts/impls/python/pythonts.o
         CC arch-native-opt/obj/ts/impls/mimex/mimex.o
         CC arch-native-opt/obj/ts/impls/explicit/rk/rk.o
         CC arch-native-opt/obj/ts/interface/dlregists.o
         CC arch-native-opt/obj/ts/impls/bdf/bdf.o
         CC arch-native-opt/obj/ts/interface/tscreate.o
         CC arch-native-opt/obj/ts/interface/tseig.o
         CC arch-native-opt/obj/ts/interface/tshistory.o
         CC arch-native-opt/obj/ts/interface/tsreg.o
         CC arch-native-opt/obj/ts/interface/tsregall.o
         CC arch-native-opt/obj/ts/interface/tsrhssplit.o
         CC arch-native-opt/obj/ts/interface/tsmon.o
         CC arch-native-opt/obj/ts/interface/sensitivity/tssen.o
         CC arch-native-opt/obj/ts/event/tsevent.o
         CC arch-native-opt/obj/tao/matrix/adamat.o
         CC arch-native-opt/obj/tao/matrix/submatfree.o
         CC arch-native-opt/obj/tao/bound/utils/isutil.o
         CC arch-native-opt/obj/tao/bound/impls/bnk/bnls.o
         CC arch-native-opt/obj/tao/bound/impls/bnk/bntl.o
         CC arch-native-opt/obj/tao/bound/impls/bnk/bntr.o
         CC arch-native-opt/obj/ts/interface/ts.o
         CC arch-native-opt/obj/tao/bound/impls/bqnk/bqnkls.o
         CC arch-native-opt/obj/tao/bound/impls/bqnk/bqnktl.o
         CC arch-native-opt/obj/tao/bound/impls/bnk/bnk.o
         CC arch-native-opt/obj/tao/bound/impls/bqnk/bqnk.o
         CC arch-native-opt/obj/tao/bound/impls/bqnk/bqnktr.o
         CC arch-native-opt/obj/tao/bound/impls/bqnls/bqnls.o
         CC arch-native-opt/obj/tao/bound/impls/blmvm/blmvm.o
         CC arch-native-opt/obj/tao/bound/impls/tron/tron.o
         CC arch-native-opt/obj/tao/interface/dlregistao.o
         CC arch-native-opt/obj/tao/interface/fdiff.o
         CC arch-native-opt/obj/tao/interface/taosolver_bounds.o
         CC arch-native-opt/obj/tao/bound/impls/bncg/bncg.o
         CC arch-native-opt/obj/tao/interface/taosolver_fg.o
         CC arch-native-opt/obj/tao/interface/taosolverregi.o
         CC arch-native-opt/obj/tao/interface/taosolver_hj.o
         CC arch-native-opt/obj/tao/interface/taosolver.o
         CC arch-native-opt/obj/tao/linesearch/impls/armijo/armijo.o
         CC arch-native-opt/obj/tao/linesearch/impls/owarmijo/owarmijo.o
         CC arch-native-opt/obj/tao/linesearch/impls/gpcglinesearch/gpcglinesearch.o
         CC arch-native-opt/obj/tao/linesearch/impls/morethuente/morethuente.o
         CC arch-native-opt/obj/tao/linesearch/impls/unit/unit.o
         CC arch-native-opt/obj/tao/linesearch/interface/dlregis_taolinesearch.o
         CC arch-native-opt/obj/tao/constrained/impls/almm/almmutils.o
         CC arch-native-opt/obj/tao/linesearch/interface/taolinesearch.o
         CC arch-native-opt/obj/tao/constrained/impls/almm/almm.o
         CC arch-native-opt/obj/tao/constrained/impls/admm/admm.o
         CC arch-native-opt/obj/tao/quadratic/impls/bqpip/bqpip.o
         CC arch-native-opt/obj/tao/quadratic/impls/gpcg/gpcg.o
         CC arch-native-opt/obj/tao/constrained/impls/ipm/ipm.o
         CC arch-native-opt/obj/tao/shell/taoshell.o
         CC arch-native-opt/obj/tao/snes/taosnes.o
         CC arch-native-opt/obj/tao/complementarity/impls/ssls/ssfls.o
         CC arch-native-opt/obj/tao/util/tao_util.o
         CC arch-native-opt/obj/tao/complementarity/impls/ssls/ssils.o
         CC arch-native-opt/obj/tao/constrained/impls/ipm/pdipm.o
         CC arch-native-opt/obj/tao/complementarity/impls/ssls/ssls.o
         CC arch-native-opt/obj/tao/complementarity/impls/asls/asfls.o
         CC arch-native-opt/obj/tao/complementarity/impls/asls/asils.o
         CC arch-native-opt/obj/tao/python/pythontao.o
         CC arch-native-opt/obj/tao/unconstrained/impls/neldermead/neldermead.o
         CC arch-native-opt/obj/tao/unconstrained/impls/cg/taocg.o
         CC arch-native-opt/obj/tao/pde_constrained/impls/lcl/lcl.o
         CC arch-native-opt/obj/tao/unconstrained/impls/nls/nls.o
         CC arch-native-opt/obj/tao/unconstrained/impls/lmvm/lmvm.o
         CC arch-native-opt/obj/tao/unconstrained/impls/ntl/ntl.o
         CC arch-native-opt/obj/tao/unconstrained/impls/ntr/ntr.o
         CC arch-native-opt/obj/tao/unconstrained/impls/owlqn/owlqn.o
         CC arch-native-opt/obj/tao/unconstrained/impls/bmrm/bmrm.o
         CC arch-native-opt/obj/tao/leastsquares/impls/pounders/gqt.o
         CC arch-native-opt/obj/tao/leastsquares/impls/brgn/brgn.o
         CC arch-native-opt/obj/tao/leastsquares/impls/pounders/pounders.o
    CLINKER arch-native-opt/lib/libpetsc.so.3.19.6
=========================================
Now to install the libraries do:
make PETSC_DIR=/home/lzy/projects/formal_3D_flow_solver/FEM_SimVascular/external/dependencies/sv1_1/petsc-3.19.6 PETSC_ARCH=arch-native-opt install
=========================================
