NOTE: This is only a simulation!
      apt-get needs root privileges for real execution.
      Keep also in mind that locking is deactivated,
      so don't depend on the relevance to the real current situation!
Reading package lists...
Building dependency tree...
Reading state information...
The following additional packages will be installed:
  fonts-mathjax libamd3 libblas-dev libbtf2 libcamd3 libccolamd3 libcholmod5
  libcolamd3 libcombblas2.0.0t64 libcxsparse4 libfftw3-bin libfftw3-dev
  libfftw3-double3 libfftw3-long3 libfftw3-mpi-dev libfftw3-mpi3
  libfftw3-quad3 libfftw3-single3 libhdf5-mpi-dev libhypre-2.28.0 libhypre-dev
  libjs-mathjax libklu2 liblapack-dev libldl3 libmumps-5.6t64 libmumps-dev
  libmumps-headers-dev libparu0 libpetsc-real3.19t64 libpetsc3.19-dev-common
  libpthread-stubs0-dev libptscotch-7.0 libptscotch-dev librbio4
  libscalapack-mpi-dev libscalapack-openmpi-dev libscalapack-openmpi2.2
  libscotch-7.0 libscotch-dev libspex2 libspqr4 libsuitesparse-dev
  libsuitesparse-mongoose3 libsuitesparseconfig7 libsuperlu-dev
  libsuperlu-dist-dev libsuperlu-dist8 libtrilinos-amesos-13.2
  libtrilinos-aztecoo-13.2 libtrilinos-aztecoo-dev libtrilinos-epetra-13.2
  libtrilinos-epetraext-13.2 libtrilinos-galeri-13.2 libtrilinos-ifpack-13.2
  libtrilinos-kokkos-13.2 libtrilinos-ml-13.2 libtrilinos-ml-dev
  libtrilinos-teuchos-13.2 libtrilinos-trilinosss-13.2
  libtrilinos-trilinosss-dev libtrilinos-triutils-13.2 libtrilinos-zoltan-13.2
  libtrilinos-zoltan-dev libumfpack6 libx11-dev libxau-dev libxcb1-dev
  libxdmcp-dev libyaml-dev mpi-default-dev ocl-icd-opencl-dev opencl-c-headers
  opencl-clhpp-headers trilinos-dev valgrind valgrind-mpi x11proto-dev
  xorg-sgml-doctools xtrans-dev
Suggested packages:
  liblapack-doc libfftw3-doc fonts-mathjax-extras fonts-stix libjs-mathjax-doc
  petsc-dev libpetsc-real3.19t64-dbg petsc3.19-doc libluminate-dev
  scalapack-doc libsuperlu-doc trilinos-doc libx11-doc libxcb-doc libyaml-doc
  opencl-clhpp-headers-doc valgrind-dbg kcachegrind alleyoop valkyrie
Recommended packages:
  libpetsc3.19-dev-examples ksh | mksh | pdksh | zsh libgraphblas-dev
  libgl-dev
The following NEW packages will be installed:
  fonts-mathjax libamd3 libblas-dev libbtf2 libcamd3 libccolamd3 libcholmod5
  libcolamd3 libcombblas2.0.0t64 libcxsparse4 libfftw3-bin libfftw3-dev
  libfftw3-double3 libfftw3-long3 libfftw3-mpi-dev libfftw3-mpi3
  libfftw3-quad3 libfftw3-single3 libhdf5-mpi-dev libhypre-2.28.0 libhypre-dev
  libjs-mathjax libklu2 liblapack-dev libldl3 libmumps-5.6t64 libmumps-dev
  libmumps-headers-dev libparu0 libpetsc-real3.19-dev libpetsc-real3.19t64
  libpetsc3.19-dev-common libpthread-stubs0-dev libptscotch-7.0
  libptscotch-dev librbio4 libscalapack-mpi-dev libscalapack-openmpi-dev
  libscalapack-openmpi2.2 libscotch-7.0 libscotch-dev libspex2 libspqr4
  libsuitesparse-dev libsuitesparse-mongoose3 libsuitesparseconfig7
  libsuperlu-dev libsuperlu-dist-dev libsuperlu-dist8 libtrilinos-amesos-13.2
  libtrilinos-aztecoo-13.2 libtrilinos-aztecoo-dev libtrilinos-epetra-13.2
  libtrilinos-epetraext-13.2 libtrilinos-galeri-13.2 libtrilinos-ifpack-13.2
  libtrilinos-kokkos-13.2 libtrilinos-ml-13.2 libtrilinos-ml-dev
  libtrilinos-teuchos-13.2 libtrilinos-trilinosss-13.2
  libtrilinos-trilinosss-dev libtrilinos-triutils-13.2 libtrilinos-zoltan-13.2
  libtrilinos-zoltan-dev libumfpack6 libx11-dev libxau-dev libxcb1-dev
  libxdmcp-dev libyaml-dev mpi-default-dev ocl-icd-opencl-dev opencl-c-headers
  opencl-clhpp-headers trilinos-dev valgrind valgrind-mpi x11proto-dev
  xorg-sgml-doctools xtrans-dev
0 upgraded, 81 newly installed, 0 to remove and 67 not upgraded.
Inst fonts-mathjax (2.7.9+dfsg-1 Ubuntu:24.04/noble [all])
Inst libsuitesparseconfig7 (1:7.6.1+dfsg-1build1 Ubuntu:24.04/noble [amd64])
Inst libamd3 (1:7.6.1+dfsg-1build1 Ubuntu:24.04/noble [amd64])
Inst libblas-dev (3.12.0-3build1.1 Ubuntu:24.04/noble-updates [amd64])
Inst libbtf2 (1:7.6.1+dfsg-1build1 Ubuntu:24.04/noble [amd64])
Inst libcamd3 (1:7.6.1+dfsg-1build1 Ubuntu:24.04/noble [amd64])
Inst libccolamd3 (1:7.6.1+dfsg-1build1 Ubuntu:24.04/noble [amd64])
Inst libcolamd3 (1:7.6.1+dfsg-1build1 Ubuntu:24.04/noble [amd64])
Inst libcholmod5 (1:7.6.1+dfsg-1build1 Ubuntu:24.04/noble [amd64])
Inst libcombblas2.0.0t64 (2.0.0-3.1build2 Ubuntu:24.04/noble [amd64])
Inst libcxsparse4 (1:7.6.1+dfsg-1build1 Ubuntu:24.04/noble [amd64])
Inst libfftw3-double3 (3.3.10-1ubuntu3 Ubuntu:24.04/noble [amd64])
Inst libfftw3-long3 (3.3.10-1ubuntu3 Ubuntu:24.04/noble [amd64])
Inst libfftw3-quad3 (3.3.10-1ubuntu3 Ubuntu:24.04/noble [amd64])
Inst libfftw3-single3 (3.3.10-1ubuntu3 Ubuntu:24.04/noble [amd64])
Inst libfftw3-bin (3.3.10-1ubuntu3 Ubuntu:24.04/noble [amd64])
Inst libfftw3-dev (3.3.10-1ubuntu3 Ubuntu:24.04/noble [amd64])
Inst libfftw3-mpi3 (3.3.10-1ubuntu3 Ubuntu:24.04/noble [amd64])
Inst libfftw3-mpi-dev (3.3.10-1ubuntu3 Ubuntu:24.04/noble [amd64])
Inst libptscotch-7.0 (7.0.4-1ubuntu2 Ubuntu:24.04/noble [amd64])
Inst libsuperlu-dist8 (8.2.1+dfsg1-1build2 Ubuntu:24.04/noble [amd64])
Inst libhypre-2.28.0 (2.28.0-8build2 Ubuntu:24.04/noble [amd64])
Inst libklu2 (1:7.6.1+dfsg-1build1 Ubuntu:24.04/noble [amd64])
Inst liblapack-dev (3.12.0-3build1.1 Ubuntu:24.04/noble-updates [amd64])
Inst libldl3 (1:7.6.1+dfsg-1build1 Ubuntu:24.04/noble [amd64])
Inst libscalapack-openmpi2.2 (2.2.1-3.1ubuntu1 Ubuntu:24.04/noble [amd64])
Inst libmumps-5.6t64 (5.6.2-2.1build2 Ubuntu:24.04/noble [amd64])
Inst libmumps-headers-dev (5.6.2-2.1build2 Ubuntu:24.04/noble [all])
Inst libumfpack6 (1:7.6.1+dfsg-1build1 Ubuntu:24.04/noble [amd64])
Inst libparu0 (1:7.6.1+dfsg-1build1 Ubuntu:24.04/noble [amd64])
Inst libspqr4 (1:7.6.1+dfsg-1build1 Ubuntu:24.04/noble [amd64])
Inst libscotch-7.0 (7.0.4-1ubuntu2 Ubuntu:24.04/noble [amd64])
Inst libtrilinos-kokkos-13.2 (13.2.0-5build2 Ubuntu:24.04/noble [amd64])
Inst libtrilinos-teuchos-13.2 (13.2.0-5build2 Ubuntu:24.04/noble [amd64])
Inst libtrilinos-epetra-13.2 (13.2.0-5build2 Ubuntu:24.04/noble [amd64])
Inst libtrilinos-triutils-13.2 (13.2.0-5build2 Ubuntu:24.04/noble [amd64])
Inst libtrilinos-epetraext-13.2 (13.2.0-5build2 Ubuntu:24.04/noble [amd64])
Inst libtrilinos-trilinosss-13.2 (13.2.0-5build2 Ubuntu:24.04/noble [amd64])
Inst libtrilinos-amesos-13.2 (13.2.0-5build2 Ubuntu:24.04/noble [amd64])
Inst libtrilinos-aztecoo-13.2 (13.2.0-5build2 Ubuntu:24.04/noble [amd64])
Inst libtrilinos-galeri-13.2 (13.2.0-5build2 Ubuntu:24.04/noble [amd64])
Inst libtrilinos-ifpack-13.2 (13.2.0-5build2 Ubuntu:24.04/noble [amd64])
Inst libtrilinos-zoltan-13.2 (13.2.0-5build2 Ubuntu:24.04/noble [amd64])
Inst libtrilinos-ml-13.2 (13.2.0-5build2 Ubuntu:24.04/noble [amd64])
Inst libpetsc-real3.19t64 (3.19.6+dfsg1-2.2ubuntu2 Ubuntu:24.04/noble [amd64])
Inst libjs-mathjax (2.7.9+dfsg-1 Ubuntu:24.04/noble [all])
Inst libsuitesparse-mongoose3 (1:7.6.1+dfsg-1build1 Ubuntu:24.04/noble [amd64])
Inst librbio4 (1:7.6.1+dfsg-1build1 Ubuntu:24.04/noble [amd64])
Inst libspex2 (1:7.6.1+dfsg-1build1 Ubuntu:24.04/noble [amd64])
Inst libsuitesparse-dev (1:7.6.1+dfsg-1build1 Ubuntu:24.04/noble [amd64])
Inst mpi-default-dev (1.15build1 Ubuntu:24.04/noble [amd64])
Inst libscotch-dev (7.0.4-1ubuntu2 Ubuntu:24.04/noble [amd64])
Inst libptscotch-dev (7.0.4-1ubuntu2 Ubuntu:24.04/noble [amd64])
Inst libscalapack-openmpi-dev (2.2.1-3.1ubuntu1 Ubuntu:24.04/noble [amd64])
Inst libscalapack-mpi-dev (2.2.1-3.1ubuntu1 Ubuntu:24.04/noble [amd64])
Inst opencl-c-headers (3.0~2023.12.14-1 Ubuntu:24.04/noble [all])
Inst opencl-clhpp-headers (3.0~2023.12.14-1ubuntu1 Ubuntu:24.04/noble [all])
Inst ocl-icd-opencl-dev (2.3.2-1build1 Ubuntu:24.04/noble, Ubuntu:24.04/noble-updates [amd64])
Inst libhdf5-mpi-dev (1.10.10+repack-3.1ubuntu4 Ubuntu:24.04/noble [amd64])
Inst libsuperlu-dev (6.0.1+dfsg1-1build1 Ubuntu:24.04/noble [amd64])
Inst libsuperlu-dist-dev (8.2.1+dfsg1-1build2 Ubuntu:24.04/noble [amd64])
Inst xorg-sgml-doctools (1:1.11-1.1 Ubuntu:24.04/noble [all])
Inst x11proto-dev (2023.2-1 Ubuntu:24.04/noble [all])
Inst libxau-dev (1:1.0.9-1build6 Ubuntu:24.04/noble [amd64])
Inst libxdmcp-dev (1:1.1.3-0ubuntu6 Ubuntu:24.04/noble [amd64])
Inst xtrans-dev (1.4.0-1 Ubuntu:24.04/noble [all])
Inst libpthread-stubs0-dev (0.4-1build3 Ubuntu:24.04/noble [amd64])
Inst libxcb1-dev (1.15-1ubuntu2 Ubuntu:24.04/noble [amd64])
Inst libx11-dev (2:1.8.7-1build1 Ubuntu:24.04/noble [amd64])
Inst libyaml-dev (0.2.5-1build1 Ubuntu:24.04/noble [amd64])
Inst libpetsc3.19-dev-common (3.19.6+dfsg1-2.2ubuntu2 Ubuntu:24.04/noble [all])
Inst libhypre-dev (2.28.0-8build2 Ubuntu:24.04/noble [amd64])
Inst libmumps-dev (5.6.2-2.1build2 Ubuntu:24.04/noble [amd64])
Inst trilinos-dev (13.2.0-5build2 Ubuntu:24.04/noble [amd64])
Inst libtrilinos-aztecoo-dev (13.2.0-5build2 Ubuntu:24.04/noble [amd64])
Inst libtrilinos-trilinosss-dev (13.2.0-5build2 Ubuntu:24.04/noble [amd64])
Inst libtrilinos-ml-dev (13.2.0-5build2 Ubuntu:24.04/noble [amd64])
Inst libtrilinos-zoltan-dev (13.2.0-5build2 Ubuntu:24.04/noble [amd64])
Inst valgrind (1:3.22.0-0ubuntu3 Ubuntu:24.04/noble [amd64])
Inst valgrind-mpi (1:3.22.0-0ubuntu3 Ubuntu:24.04/noble [amd64])
Inst libpetsc-real3.19-dev (3.19.6+dfsg1-2.2ubuntu2 Ubuntu:24.04/noble [amd64])
Conf fonts-mathjax (2.7.9+dfsg-1 Ubuntu:24.04/noble [all])
Conf libsuitesparseconfig7 (1:7.6.1+dfsg-1build1 Ubuntu:24.04/noble [amd64])
Conf libamd3 (1:7.6.1+dfsg-1build1 Ubuntu:24.04/noble [amd64])
Conf libblas-dev (3.12.0-3build1.1 Ubuntu:24.04/noble-updates [amd64])
Conf libbtf2 (1:7.6.1+dfsg-1build1 Ubuntu:24.04/noble [amd64])
Conf libcamd3 (1:7.6.1+dfsg-1build1 Ubuntu:24.04/noble [amd64])
Conf libccolamd3 (1:7.6.1+dfsg-1build1 Ubuntu:24.04/noble [amd64])
Conf libcolamd3 (1:7.6.1+dfsg-1build1 Ubuntu:24.04/noble [amd64])
Conf libcholmod5 (1:7.6.1+dfsg-1build1 Ubuntu:24.04/noble [amd64])
Conf libcombblas2.0.0t64 (2.0.0-3.1build2 Ubuntu:24.04/noble [amd64])
Conf libcxsparse4 (1:7.6.1+dfsg-1build1 Ubuntu:24.04/noble [amd64])
Conf libfftw3-double3 (3.3.10-1ubuntu3 Ubuntu:24.04/noble [amd64])
Conf libfftw3-long3 (3.3.10-1ubuntu3 Ubuntu:24.04/noble [amd64])
Conf libfftw3-quad3 (3.3.10-1ubuntu3 Ubuntu:24.04/noble [amd64])
Conf libfftw3-single3 (3.3.10-1ubuntu3 Ubuntu:24.04/noble [amd64])
Conf libfftw3-bin (3.3.10-1ubuntu3 Ubuntu:24.04/noble [amd64])
Conf libfftw3-dev (3.3.10-1ubuntu3 Ubuntu:24.04/noble [amd64])
Conf libfftw3-mpi3 (3.3.10-1ubuntu3 Ubuntu:24.04/noble [amd64])
Conf libfftw3-mpi-dev (3.3.10-1ubuntu3 Ubuntu:24.04/noble [amd64])
Conf libptscotch-7.0 (7.0.4-1ubuntu2 Ubuntu:24.04/noble [amd64])
Conf libsuperlu-dist8 (8.2.1+dfsg1-1build2 Ubuntu:24.04/noble [amd64])
Conf libhypre-2.28.0 (2.28.0-8build2 Ubuntu:24.04/noble [amd64])
Conf libklu2 (1:7.6.1+dfsg-1build1 Ubuntu:24.04/noble [amd64])
Conf liblapack-dev (3.12.0-3build1.1 Ubuntu:24.04/noble-updates [amd64])
Conf libldl3 (1:7.6.1+dfsg-1build1 Ubuntu:24.04/noble [amd64])
Conf libscalapack-openmpi2.2 (2.2.1-3.1ubuntu1 Ubuntu:24.04/noble [amd64])
Conf libmumps-5.6t64 (5.6.2-2.1build2 Ubuntu:24.04/noble [amd64])
Conf libmumps-headers-dev (5.6.2-2.1build2 Ubuntu:24.04/noble [all])
Conf libumfpack6 (1:7.6.1+dfsg-1build1 Ubuntu:24.04/noble [amd64])
Conf libparu0 (1:7.6.1+dfsg-1build1 Ubuntu:24.04/noble [amd64])
Conf libspqr4 (1:7.6.1+dfsg-1build1 Ubuntu:24.04/noble [amd64])
Conf libscotch-7.0 (7.0.4-1ubuntu2 Ubuntu:24.04/noble [amd64])
Conf libtrilinos-kokkos-13.2 (13.2.0-5build2 Ubuntu:24.04/noble [amd64])
Conf libtrilinos-teuchos-13.2 (13.2.0-5build2 Ubuntu:24.04/noble [amd64])
Conf libtrilinos-epetra-13.2 (13.2.0-5build2 Ubuntu:24.04/noble [amd64])
Conf libtrilinos-triutils-13.2 (13.2.0-5build2 Ubuntu:24.04/noble [amd64])
Conf libtrilinos-epetraext-13.2 (13.2.0-5build2 Ubuntu:24.04/noble [amd64])
Conf libtrilinos-trilinosss-13.2 (13.2.0-5build2 Ubuntu:24.04/noble [amd64])
Conf libtrilinos-amesos-13.2 (13.2.0-5build2 Ubuntu:24.04/noble [amd64])
Conf libtrilinos-aztecoo-13.2 (13.2.0-5build2 Ubuntu:24.04/noble [amd64])
Conf libtrilinos-galeri-13.2 (13.2.0-5build2 Ubuntu:24.04/noble [amd64])
Conf libtrilinos-ifpack-13.2 (13.2.0-5build2 Ubuntu:24.04/noble [amd64])
Conf libtrilinos-zoltan-13.2 (13.2.0-5build2 Ubuntu:24.04/noble [amd64])
Conf libtrilinos-ml-13.2 (13.2.0-5build2 Ubuntu:24.04/noble [amd64])
Conf libpetsc-real3.19t64 (3.19.6+dfsg1-2.2ubuntu2 Ubuntu:24.04/noble [amd64])
Conf libjs-mathjax (2.7.9+dfsg-1 Ubuntu:24.04/noble [all])
Conf libsuitesparse-mongoose3 (1:7.6.1+dfsg-1build1 Ubuntu:24.04/noble [amd64])
Conf librbio4 (1:7.6.1+dfsg-1build1 Ubuntu:24.04/noble [amd64])
Conf libspex2 (1:7.6.1+dfsg-1build1 Ubuntu:24.04/noble [amd64])
Conf libsuitesparse-dev (1:7.6.1+dfsg-1build1 Ubuntu:24.04/noble [amd64])
Conf mpi-default-dev (1.15build1 Ubuntu:24.04/noble [amd64])
Conf libscotch-dev (7.0.4-1ubuntu2 Ubuntu:24.04/noble [amd64])
Conf libptscotch-dev (7.0.4-1ubuntu2 Ubuntu:24.04/noble [amd64])
Conf libscalapack-openmpi-dev (2.2.1-3.1ubuntu1 Ubuntu:24.04/noble [amd64])
Conf libscalapack-mpi-dev (2.2.1-3.1ubuntu1 Ubuntu:24.04/noble [amd64])
Conf opencl-c-headers (3.0~2023.12.14-1 Ubuntu:24.04/noble [all])
Conf opencl-clhpp-headers (3.0~2023.12.14-1ubuntu1 Ubuntu:24.04/noble [all])
Conf ocl-icd-opencl-dev (2.3.2-1build1 Ubuntu:24.04/noble, Ubuntu:24.04/noble-updates [amd64])
Conf libhdf5-mpi-dev (1.10.10+repack-3.1ubuntu4 Ubuntu:24.04/noble [amd64])
Conf libsuperlu-dev (6.0.1+dfsg1-1build1 Ubuntu:24.04/noble [amd64])
Conf libsuperlu-dist-dev (8.2.1+dfsg1-1build2 Ubuntu:24.04/noble [amd64])
Conf xorg-sgml-doctools (1:1.11-1.1 Ubuntu:24.04/noble [all])
Conf x11proto-dev (2023.2-1 Ubuntu:24.04/noble [all])
Conf libxau-dev (1:1.0.9-1build6 Ubuntu:24.04/noble [amd64])
Conf libxdmcp-dev (1:1.1.3-0ubuntu6 Ubuntu:24.04/noble [amd64])
Conf xtrans-dev (1.4.0-1 Ubuntu:24.04/noble [all])
Conf libpthread-stubs0-dev (0.4-1build3 Ubuntu:24.04/noble [amd64])
Conf libxcb1-dev (1.15-1ubuntu2 Ubuntu:24.04/noble [amd64])
Conf libx11-dev (2:1.8.7-1build1 Ubuntu:24.04/noble [amd64])
Conf libyaml-dev (0.2.5-1build1 Ubuntu:24.04/noble [amd64])
Conf libpetsc3.19-dev-common (3.19.6+dfsg1-2.2ubuntu2 Ubuntu:24.04/noble [all])
Conf libhypre-dev (2.28.0-8build2 Ubuntu:24.04/noble [amd64])
Conf libmumps-dev (5.6.2-2.1build2 Ubuntu:24.04/noble [amd64])
Conf trilinos-dev (13.2.0-5build2 Ubuntu:24.04/noble [amd64])
Conf libtrilinos-aztecoo-dev (13.2.0-5build2 Ubuntu:24.04/noble [amd64])
Conf libtrilinos-trilinosss-dev (13.2.0-5build2 Ubuntu:24.04/noble [amd64])
Conf libtrilinos-ml-dev (13.2.0-5build2 Ubuntu:24.04/noble [amd64])
Conf libtrilinos-zoltan-dev (13.2.0-5build2 Ubuntu:24.04/noble [amd64])
Conf valgrind (1:3.22.0-0ubuntu3 Ubuntu:24.04/noble [amd64])
Conf valgrind-mpi (1:3.22.0-0ubuntu3 Ubuntu:24.04/noble [amd64])
Conf libpetsc-real3.19-dev (3.19.6+dfsg1-2.2ubuntu2 Ubuntu:24.04/noble [amd64])
