-----------------------------------------------------------------------------------
 Eq      N-i            T    dB      Ri/R1      Ri/R0       R/Ri    lsIt   dB   %t
-----------------------------------------------------------------------------------
 <PETSC_INITIALIZE>: use linear solver config. from svFSI input.
  0 KSP unpreconditioned resid norm 5.126040811758e+01 true resid norm 5.126040811758e+01 ||r(i)||/||b|| 1.000000000000e+00
  1 KSP unpreconditioned resid norm 3.172127287483e+01 true resid norm 3.172127287483e+01 ||r(i)||/||b|| 6.188259914371e-01
  2 KSP unpreconditioned resid norm 2.886337215543e+01 true resid norm 2.886337215543e+01 ||r(i)||/||b|| 5.630733974888e-01
  3 KSP unpreconditioned resid norm 2.245649976477e+01 true resid norm 2.245649976477e+01 ||r(i)||/||b|| 4.380866362448e-01
  4 KSP unpreconditioned resid norm 2.177955354359e+01 true resid norm 2.177955354359e+01 ||r(i)||/||b|| 4.248806114387e-01
  5 KSP unpreconditioned resid norm 1.832289428594e+01 true resid norm 1.832289428594e+01 ||r(i)||/||b|| 3.574472962430e-01
  6 KSP unpreconditioned resid norm 1.762460366124e+01 true resid norm 1.762460366124e+01 ||r(i)||/||b|| 3.438248798335e-01
  7 KSP unpreconditioned resid norm 1.652624899689e+01 true resid norm 1.652624899689e+01 ||r(i)||/||b|| 3.223979208082e-01
  8 KSP unpreconditioned resid norm 1.495193451047e+01 true resid norm 1.495193451047e+01 ||r(i)||/||b|| 2.916858265384e-01
  9 KSP unpreconditioned resid norm 1.238505330796e+01 true resid norm 1.238505330796e+01 ||r(i)||/||b|| 2.416105092170e-01
 10 KSP unpreconditioned resid norm 3.332940871265e+00 true resid norm 3.332940871265e+00 ||r(i)||/||b|| 6.501978805201e-02
 11 KSP unpreconditioned resid norm 4.285271666233e-01 true resid norm 4.285271666233e-01 ||r(i)||/||b|| 8.359807936767e-03
 12 KSP unpreconditioned resid norm 8.654011215291e-02 true resid norm 8.654011215293e-02 ||r(i)||/||b|| 1.688244696656e-03
 13 KSP unpreconditioned resid norm 2.207109710885e-02 true resid norm 2.207109710864e-02 ||r(i)||/||b|| 4.305681113192e-04
 14 KSP unpreconditioned resid norm 2.232891766972e-03 true resid norm 2.232891766726e-03 ||r(i)||/||b|| 4.355977349233e-05
 15 KSP unpreconditioned resid norm 5.110581414354e-04 true resid norm 5.110581410413e-04 ||r(i)||/||b|| 9.969841439208e-06
 16 KSP unpreconditioned resid norm 9.796788502774e-05 true resid norm 9.796788498927e-05 ||r(i)||/||b|| 1.911180355111e-06
 17 KSP unpreconditioned resid norm 1.597218502292e-05 true resid norm 1.597218482358e-05 ||r(i)||/||b|| 3.115891076588e-07
 18 KSP unpreconditioned resid norm 3.927674726962e-06 true resid norm 3.927674924081e-06 ||r(i)||/||b|| 7.662199869871e-08
 19 KSP unpreconditioned resid norm 5.965892374598e-07 true resid norm 5.965891489186e-07 ||r(i)||/||b|| 1.163840029424e-08
 20 KSP unpreconditioned resid norm 1.173355952203e-07 true resid norm 1.173353617140e-07 ||r(i)||/||b|| 2.289005609258e-09
 21 KSP unpreconditioned resid norm 1.435901112861e-08 true resid norm 1.435918644959e-08 ||r(i)||/||b|| 2.801223590856e-10
 22 KSP unpreconditioned resid norm 2.627868986592e-09 true resid norm 2.628019244228e-09 ||r(i)||/||b|| 5.126801250197e-11
Linear solve converged due to CONVERGED_RTOL iterations 22
KSP Object: 4 MPI processes
  type: gmres
    restart=100, using Classical (unmodified) Gram-Schmidt Orthogonalization with no iterative refinement
    happy breakdown tolerance 1e-30
  maximum iterations=2000, initial guess is zero
  tolerances:  relative=1e-10, absolute=1e-24, divergence=10000.
  right preconditioning
  diagonally scaled system
  using UNPRECONDITIONED norm type for convergence test
PC Object: 4 MPI processes
  type: asm
    total subdomain blocks = 4, amount of overlap = 2
    restriction/interpolation type - RESTRICT
    Local solver information for first block is in the following KSP and PC objects on rank 0:
    Use -ksp_view ::ascii_info_detail to display information for all blocks
  KSP Object: (sub_) 1 MPI process
    type: preonly
    maximum iterations=10000, initial guess is zero
    tolerances:  relative=1e-05, absolute=1e-50, divergence=10000.
    left preconditioning
    using NONE norm type for convergence test
  PC Object: (sub_) 1 MPI process
    type: ilu
      out-of-place factorization
      2 levels of fill
      tolerance for zero pivot 2.22045e-14
      matrix ordering: natural
      factor fill ratio given 1., needed 5.90799
        Factored matrix follows:
          Mat Object: (sub_) 1 MPI process
            type: seqbaij
            rows=3712, cols=3712, bs=4
            package used to perform factorization: petsc
            total: nonzeros=1029408, allocated nonzeros=1029408
                block size is 4
    linear system matrix = precond matrix:
    Mat Object: (sub_) 1 MPI process
      type: seqbaij
      rows=3712, cols=3712, bs=4
      total: nonzeros=174240, allocated nonzeros=174240
      total number of mallocs used during MatSetValues calls=0
          block size is 4
  linear system matrix = precond matrix:
  Mat Object: 4 MPI processes
    type: mpibaij
    rows=12428, cols=12428, bs=4
    total: nonzeros=600272, allocated nonzeros=600272
    total number of mallocs used during MatSetValues calls=0
        block size is 4
 NS      1-1    1.355e-01 [   0  1.000e+00  1.000e+00  5.127e-11] [   22 -237   78]
  0 KSP unpreconditioned resid norm 1.320404267804e-02 true resid norm 1.320404267804e-02 ||r(i)||/||b|| 1.000000000000e+00
  1 KSP unpreconditioned resid norm 5.416541274176e-04 true resid norm 5.416541274175e-04 ||r(i)||/||b|| 4.102184010040e-02
  2 KSP unpreconditioned resid norm 3.788475434495e-04 true resid norm 3.788475434495e-04 ||r(i)||/||b|| 2.869178422753e-02
  3 KSP unpreconditioned resid norm 1.858985129978e-04 true resid norm 1.858985129978e-04 ||r(i)||/||b|| 1.407890882592e-02
  4 KSP unpreconditioned resid norm 1.163878154560e-04 true resid norm 1.163878154560e-04 ||r(i)||/||b|| 8.814559169028e-03
  5 KSP unpreconditioned resid norm 9.941682198888e-05 true resid norm 9.941682198888e-05 ||r(i)||/||b|| 7.529271482452e-03
  6 KSP unpreconditioned resid norm 5.414976204306e-05 true resid norm 5.414976204306e-05 ||r(i)||/||b|| 4.100998714061e-03
  7 KSP unpreconditioned resid norm 4.713915175303e-05 true resid norm 4.713915175303e-05 ||r(i)||/||b|| 3.570054482739e-03
  8 KSP unpreconditioned resid norm 3.561818081114e-05 true resid norm 3.561818081114e-05 ||r(i)||/||b|| 2.697520878993e-03
  9 KSP unpreconditioned resid norm 3.303932616475e-05 true resid norm 3.303932616475e-05 ||r(i)||/||b|| 2.502212918449e-03
 10 KSP unpreconditioned resid norm 3.116506847783e-05 true resid norm 3.116506847783e-05 ||r(i)||/||b|| 2.360267172542e-03
 11 KSP unpreconditioned resid norm 1.775761540595e-05 true resid norm 1.775761540595e-05 ||r(i)||/||b|| 1.344862012259e-03
 12 KSP unpreconditioned resid norm 3.439089350652e-06 true resid norm 3.439089350653e-06 ||r(i)||/||b|| 2.604573034569e-04
 13 KSP unpreconditioned resid norm 6.261606018404e-07 true resid norm 6.261606018396e-07 ||r(i)||/||b|| 4.742188563816e-05
 14 KSP unpreconditioned resid norm 1.408855857190e-07 true resid norm 1.408855857196e-07 ||r(i)||/||b|| 1.066988263782e-05
 15 KSP unpreconditioned resid norm 2.197418136299e-08 true resid norm 2.197418136296e-08 ||r(i)||/||b|| 1.664201025304e-06
 16 KSP unpreconditioned resid norm 4.304371140606e-09 true resid norm 4.304371139289e-09 ||r(i)||/||b|| 3.259888841806e-07
 17 KSP unpreconditioned resid norm 8.740349150824e-10 true resid norm 8.740349148059e-10 ||r(i)||/||b|| 6.619449331675e-08
 18 KSP unpreconditioned resid norm 2.031632585884e-10 true resid norm 2.031632577308e-10 ||r(i)||/||b|| 1.538644358282e-08
 19 KSP unpreconditioned resid norm 2.613573077825e-11 true resid norm 2.613573023712e-11 ||r(i)||/||b|| 1.979373353630e-09
 20 KSP unpreconditioned resid norm 4.094056934803e-12 true resid norm 4.094056001864e-12 ||r(i)||/||b|| 3.100607974156e-10
 21 KSP unpreconditioned resid norm 1.114575263852e-12 true resid norm 1.114575152751e-12 ||r(i)||/||b|| 8.441165936284e-11
Linear solve converged due to CONVERGED_RTOL iterations 21
KSP Object: 4 MPI processes
  type: gmres
    restart=100, using Classical (unmodified) Gram-Schmidt Orthogonalization with no iterative refinement
    happy breakdown tolerance 1e-30
  maximum iterations=2000, initial guess is zero
  tolerances:  relative=1e-10, absolute=1e-24, divergence=10000.
  right preconditioning
  diagonally scaled system
  using UNPRECONDITIONED norm type for convergence test
PC Object: 4 MPI processes
  type: asm
    total subdomain blocks = 4, amount of overlap = 2
    restriction/interpolation type - RESTRICT
    Local solver information for first block is in the following KSP and PC objects on rank 0:
    Use -ksp_view ::ascii_info_detail to display information for all blocks
  KSP Object: (sub_) 1 MPI process
    type: preonly
    maximum iterations=10000, initial guess is zero
    tolerances:  relative=1e-05, absolute=1e-50, divergence=10000.
    left preconditioning
    using NONE norm type for convergence test
  PC Object: (sub_) 1 MPI process
    type: ilu
      out-of-place factorization
      2 levels of fill
      tolerance for zero pivot 2.22045e-14
      matrix ordering: natural
      factor fill ratio given 1., needed 5.90799
        Factored matrix follows:
          Mat Object: (sub_) 1 MPI process
            type: seqbaij
            rows=3712, cols=3712, bs=4
            package used to perform factorization: petsc
            total: nonzeros=1029408, allocated nonzeros=1029408
                block size is 4
    linear system matrix = precond matrix:
    Mat Object: (sub_) 1 MPI process
      type: seqbaij
      rows=3712, cols=3712, bs=4
      total: nonzeros=174240, allocated nonzeros=174240
      total number of mallocs used during MatSetValues calls=0
          block size is 4
  linear system matrix = precond matrix:
  Mat Object: 4 MPI processes
    type: mpibaij
    rows=12428, cols=12428, bs=4
    total: nonzeros=600272, allocated nonzeros=600272
    total number of mallocs used during MatSetValues calls=0
        block size is 4
 NS      1-2    2.398e-01 [ -71  2.576e-04  2.576e-04  8.441e-11] [   21 -232   82]
  0 KSP unpreconditioned resid norm 1.013409365976e-06 true resid norm 1.013409365976e-06 ||r(i)||/||b|| 1.000000000000e+00
  1 KSP unpreconditioned resid norm 2.680301645007e-08 true resid norm 2.680301645007e-08 ||r(i)||/||b|| 2.644836070195e-02
  2 KSP unpreconditioned resid norm 1.656103914326e-08 true resid norm 1.656103914326e-08 ||r(i)||/||b|| 1.634190456421e-02
  3 KSP unpreconditioned resid norm 8.656138613889e-09 true resid norm 8.656138613889e-09 ||r(i)||/||b|| 8.541601157940e-03
  4 KSP unpreconditioned resid norm 4.802505893241e-09 true resid norm 4.802505893241e-09 ||r(i)||/||b|| 4.738959451608e-03
  5 KSP unpreconditioned resid norm 4.398188579674e-09 true resid norm 4.398188579674e-09 ||r(i)||/||b|| 4.339992038101e-03
  6 KSP unpreconditioned resid norm 2.468407256688e-09 true resid norm 2.468407256688e-09 ||r(i)||/||b|| 2.435745454464e-03
  7 KSP unpreconditioned resid norm 2.201480234050e-09 true resid norm 2.201480234050e-09 ||r(i)||/||b|| 2.172350392608e-03
  8 KSP unpreconditioned resid norm 1.564992364828e-09 true resid norm 1.564992364828e-09 ||r(i)||/||b|| 1.544284488945e-03
  9 KSP unpreconditioned resid norm 1.486516045066e-09 true resid norm 1.486516045066e-09 ||r(i)||/||b|| 1.466846562676e-03
 10 KSP unpreconditioned resid norm 1.350749048029e-09 true resid norm 1.350749048029e-09 ||r(i)||/||b|| 1.332876025601e-03
 11 KSP unpreconditioned resid norm 7.149181519396e-10 true resid norm 7.149181519398e-10 ||r(i)||/||b|| 7.054584020458e-04
 12 KSP unpreconditioned resid norm 1.566224900082e-10 true resid norm 1.566224900082e-10 ||r(i)||/||b|| 1.545500715374e-04
 13 KSP unpreconditioned resid norm 2.313261764763e-11 true resid norm 2.313261764764e-11 ||r(i)||/||b|| 2.282652837470e-05
 14 KSP unpreconditioned resid norm 6.334636348402e-12 true resid norm 6.334636348404e-12 ||r(i)||/||b|| 6.250816857512e-06
 15 KSP unpreconditioned resid norm 1.134575365359e-12 true resid norm 1.134575365365e-12 ||r(i)||/||b|| 1.119562738866e-06
 16 KSP unpreconditioned resid norm 2.156957824317e-13 true resid norm 2.156957824238e-13 ||r(i)||/||b|| 2.128417100389e-07
 17 KSP unpreconditioned resid norm 3.362829817289e-14 true resid norm 3.362829819634e-14 ||r(i)||/||b|| 3.318333076974e-08
 18 KSP unpreconditioned resid norm 6.844043207404e-15 true resid norm 6.844043186298e-15 ||r(i)||/||b|| 6.753483257682e-09
 19 KSP unpreconditioned resid norm 9.699967571324e-16 true resid norm 9.699967406637e-16 ||r(i)||/||b|| 9.571618076861e-10
 20 KSP unpreconditioned resid norm 1.891751280447e-16 true resid norm 1.891751427450e-16 ||r(i)||/||b|| 1.866719897174e-10
 21 KSP unpreconditioned resid norm 5.324526805378e-17 true resid norm 5.324526551076e-17 ||r(i)||/||b|| 5.254072766485e-11
Linear solve converged due to CONVERGED_RTOL iterations 21
KSP Object: 4 MPI processes
  type: gmres
    restart=100, using Classical (unmodified) Gram-Schmidt Orthogonalization with no iterative refinement
    happy breakdown tolerance 1e-30
  maximum iterations=2000, initial guess is zero
  tolerances:  relative=1e-10, absolute=1e-24, divergence=10000.
  right preconditioning
  diagonally scaled system
  using UNPRECONDITIONED norm type for convergence test
PC Object: 4 MPI processes
  type: asm
    total subdomain blocks = 4, amount of overlap = 2
    restriction/interpolation type - RESTRICT
    Local solver information for first block is in the following KSP and PC objects on rank 0:
    Use -ksp_view ::ascii_info_detail to display information for all blocks
  KSP Object: (sub_) 1 MPI process
    type: preonly
    maximum iterations=10000, initial guess is zero
    tolerances:  relative=1e-05, absolute=1e-50, divergence=10000.
    left preconditioning
    using NONE norm type for convergence test
  PC Object: (sub_) 1 MPI process
    type: ilu
      out-of-place factorization
      2 levels of fill
      tolerance for zero pivot 2.22045e-14
      matrix ordering: natural
      factor fill ratio given 1., needed 5.90799
        Factored matrix follows:
          Mat Object: (sub_) 1 MPI process
            type: seqbaij
            rows=3712, cols=3712, bs=4
            package used to perform factorization: petsc
            total: nonzeros=1029408, allocated nonzeros=1029408
                block size is 4
    linear system matrix = precond matrix:
    Mat Object: (sub_) 1 MPI process
      type: seqbaij
      rows=3712, cols=3712, bs=4
      total: nonzeros=174240, allocated nonzeros=174240
      total number of mallocs used during MatSetValues calls=0
          block size is 4
  linear system matrix = precond matrix:
  Mat Object: 4 MPI processes
    type: mpibaij
    rows=12428, cols=12428, bs=4
    total: nonzeros=600272, allocated nonzeros=600272
    total number of mallocs used during MatSetValues calls=0
        block size is 4
 NS      1-3    3.504e-01 [-154  1.977e-08  1.977e-08  5.254e-11] [   21 -237   84]
  0 KSP unpreconditioned resid norm 5.374556640937e-11 true resid norm 5.374556640937e-11 ||r(i)||/||b|| 1.000000000000e+00
  1 KSP unpreconditioned resid norm 1.892696552561e-12 true resid norm 1.892696552561e-12 ||r(i)||/||b|| 3.521586391228e-02
  2 KSP unpreconditioned resid norm 6.847775773001e-13 true resid norm 6.847775773001e-13 ||r(i)||/||b|| 1.274109890450e-02
  3 KSP unpreconditioned resid norm 4.333586621581e-13 true resid norm 4.333586621581e-13 ||r(i)||/||b|| 8.063151830186e-03
  4 KSP unpreconditioned resid norm 1.732343867791e-13 true resid norm 1.732343867791e-13 ||r(i)||/||b|| 3.223231204964e-03
  5 KSP unpreconditioned resid norm 1.452414047002e-13 true resid norm 1.452414047002e-13 ||r(i)||/||b|| 2.702388576463e-03
  6 KSP unpreconditioned resid norm 1.132642409864e-13 true resid norm 1.132642409864e-13 ||r(i)||/||b|| 2.107415523798e-03
  7 KSP unpreconditioned resid norm 9.866743511844e-14 true resid norm 9.866743511844e-14 ||r(i)||/||b|| 1.835824640249e-03
  8 KSP unpreconditioned resid norm 8.062498420814e-14 true resid norm 8.062498420814e-14 ||r(i)||/||b|| 1.500123444491e-03
  9 KSP unpreconditioned resid norm 7.269470618645e-14 true resid norm 7.269470618646e-14 ||r(i)||/||b|| 1.352571217368e-03
 10 KSP unpreconditioned resid norm 6.911010482782e-14 true resid norm 6.911010482784e-14 ||r(i)||/||b|| 1.285875458106e-03
 11 KSP unpreconditioned resid norm 4.638533327440e-14 true resid norm 4.638533327443e-14 ||r(i)||/||b|| 8.630541340122e-04
 12 KSP unpreconditioned resid norm 1.057461845975e-14 true resid norm 1.057461845977e-14 ||r(i)||/||b|| 1.967533169011e-04
 13 KSP unpreconditioned resid norm 2.069178117659e-15 true resid norm 2.069178117664e-15 ||r(i)||/||b|| 3.849951272079e-05
 14 KSP unpreconditioned resid norm 5.158481651494e-16 true resid norm 5.158481651500e-16 ||r(i)||/||b|| 9.597966857784e-06
 15 KSP unpreconditioned resid norm 9.702988760837e-17 true resid norm 9.702988761058e-17 ||r(i)||/||b|| 1.805356126895e-06
 16 KSP unpreconditioned resid norm 2.024037171719e-17 true resid norm 2.024037171852e-17 ||r(i)||/||b|| 3.765961189125e-07
 17 KSP unpreconditioned resid norm 3.491554960077e-18 true resid norm 3.491554963185e-18 ||r(i)||/||b|| 6.496452073070e-08
 18 KSP unpreconditioned resid norm 6.573966821888e-19 true resid norm 6.573966803597e-19 ||r(i)||/||b|| 1.223164484587e-08
 19 KSP unpreconditioned resid norm 1.291578044685e-19 true resid norm 1.291578034862e-19 ||r(i)||/||b|| 2.403134102308e-09
 20 KSP unpreconditioned resid norm 2.100213387306e-20 true resid norm 2.100213676838e-20 ||r(i)||/||b|| 3.907696610435e-10
 21 KSP unpreconditioned resid norm 4.180645819607e-21 true resid norm 4.180646799895e-21 ||r(i)||/||b|| 7.778589154781e-11
Linear solve converged due to CONVERGED_RTOL iterations 21
KSP Object: 4 MPI processes
  type: gmres
    restart=100, using Classical (unmodified) Gram-Schmidt Orthogonalization with no iterative refinement
    happy breakdown tolerance 1e-30
  maximum iterations=2000, initial guess is zero
  tolerances:  relative=1e-10, absolute=1e-24, divergence=10000.
  right preconditioning
  diagonally scaled system
  using UNPRECONDITIONED norm type for convergence test
PC Object: 4 MPI processes
  type: asm
    total subdomain blocks = 4, amount of overlap = 2
    restriction/interpolation type - RESTRICT
    Local solver information for first block is in the following KSP and PC objects on rank 0:
    Use -ksp_view ::ascii_info_detail to display information for all blocks
  KSP Object: (sub_) 1 MPI process
    type: preonly
    maximum iterations=10000, initial guess is zero
    tolerances:  relative=1e-05, absolute=1e-50, divergence=10000.
    left preconditioning
    using NONE norm type for convergence test
  PC Object: (sub_) 1 MPI process
    type: ilu
      out-of-place factorization
      2 levels of fill
      tolerance for zero pivot 2.22045e-14
      matrix ordering: natural
      factor fill ratio given 1., needed 5.90799
        Factored matrix follows:
          Mat Object: (sub_) 1 MPI process
            type: seqbaij
            rows=3712, cols=3712, bs=4
            package used to perform factorization: petsc
            total: nonzeros=1029408, allocated nonzeros=1029408
                block size is 4
    linear system matrix = precond matrix:
    Mat Object: (sub_) 1 MPI process
      type: seqbaij
      rows=3712, cols=3712, bs=4
      total: nonzeros=174240, allocated nonzeros=174240
      total number of mallocs used during MatSetValues calls=0
          block size is 4
  linear system matrix = precond matrix:
  Mat Object: 4 MPI processes
    type: mpibaij
    rows=12428, cols=12428, bs=4
    total: nonzeros=600272, allocated nonzeros=600272
    total number of mallocs used during MatSetValues calls=0
        block size is 4
 NS      1-4s   4.595e-01 [-239  1.048e-12  1.048e-12  7.779e-11] [   21 -233   84]
