=============================================================================================
                         Configuring PETSc to compile on your system
=============================================================================================
TESTING: configureExternalPackagesDir from config.framework(config/BuildSystem/config/framework.py:1070)
TESTING: configureDebuggers from config.utilities.debuggers(config/BuildSystem/config/utilities/debuggers.py:20)
TESTING: configureDirectories from PETSc.options.petscdir(config/PETSc/options/petscdir.py:22)
TESTING: getDatafilespath from PETSc.options.dataFilesPath(config/PETSc/options/dataFilesPath.py:29)
TESTING: configureGit from config.sourceControl(config/BuildSystem/config/sourceControl.py:24)
TESTING: configureMercurial from config.sourceControl(config/BuildSystem/config/sourceControl.py:35)
TESTING: configureInstallationMethod from PETSc.options.petscclone(config/PETSc/options/petscclone.py:20)
TESTING: setNativeArchitecture from PETSc.options.arch(config/PETSc/options/arch.py:29)
TESTING: configureArchitecture from PETSc.options.arch(config/PETSc/options/arch.py:42)
TESTING: setInstallDir from PETSc.options.installDir(config/PETSc/options/installDir.py:31)
TESTING: saveReconfigure from PETSc.options.installDir(config/PETSc/options/installDir.py:76)
TESTING: cleanConfDir from PETSc.options.installDir(config/PETSc/options/installDir.py:68)
TESTING: configureInstallDir from PETSc.options.installDir(config/PETSc/options/installDir.py:52)
TESTING: restoreReconfigure from PETSc.options.installDir(config/PETSc/options/installDir.py:90)
TESTING: setExternalPackagesDir from PETSc.options.externalpackagesdir(config/PETSc/options/externalpackagesdir.py:15)
TESTING: cleanExternalpackagesDir from PETSc.options.externalpackagesdir(config/PETSc/options/externalpackagesdir.py:23)
TESTING: configureCLanguage from PETSc.options.languages(config/PETSc/options/languages.py:28)
TESTING: resetEnvCompilers from config.setCompilers(config/BuildSystem/config/setCompilers.py:2696)
TESTING: checkEnvCompilers from config.setCompilers(config/BuildSystem/config/setCompilers.py:2713)
TESTING: checkMPICompilerOverride from config.setCompilers(config/BuildSystem/config/setCompilers.py:2666)
TESTING: requireMpiLdPath from config.setCompilers(config/BuildSystem/config/setCompilers.py:2687)
TESTING: checkInitialFlags from config.setCompilers(config/BuildSystem/config/setCompilers.py:725)
TESTING: checkCCompiler from config.setCompilers(config/BuildSystem/config/setCompilers.py:1419)
TESTING: checkCPreprocessor from config.setCompilers(config/BuildSystem/config/setCompilers.py:1462)
TESTING: checkCxxCompiler from config.setCompilers(config/BuildSystem/config/setCompilers.py:1744)
TESTING: checkDeviceHostCompiler from config.setCompilers(config/BuildSystem/config/setCompilers.py:751)
TESTING: checkCxxDialect from config.setCompilers(config/BuildSystem/config/setCompilers.py:773)
TESTING: checkCxxPreprocessor from config.setCompilers(config/BuildSystem/config/setCompilers.py:1780)
TESTING: checkCUDACompiler from config.setCompilers(config/BuildSystem/config/setCompilers.py:1499)
TESTING: checkDeviceHostCompiler from config.setCompilers(config/BuildSystem/config/setCompilers.py:751)
TESTING: checkCxxDialect from config.setCompilers(config/BuildSystem/config/setCompilers.py:773)
TESTING: checkCUDAPreprocessor from config.setCompilers(config/BuildSystem/config/setCompilers.py:1527)
TESTING: checkHIPCompiler from config.setCompilers(config/BuildSystem/config/setCompilers.py:1561)
TESTING: checkDeviceHostCompiler from config.setCompilers(config/BuildSystem/config/setCompilers.py:751)
TESTING: checkSYCLCompiler from config.setCompilers(config/BuildSystem/config/setCompilers.py:1620)
TESTING: checkDeviceHostCompiler from config.setCompilers(config/BuildSystem/config/setCompilers.py:751)
TESTING: checkFortranCompiler from config.setCompilers(config/BuildSystem/config/setCompilers.py:1873)
TESTING: checkLargeFileIO from config.setCompilers(config/BuildSystem/config/setCompilers.py:2100)
TESTING: checkArchiver from config.setCompilers(config/BuildSystem/config/setCompilers.py:2193)
TESTING: checkArchiverRecipeArgfile from config.setCompilers(config/BuildSystem/config/setCompilers.py:2265)
TESTING: checkSharedLinker from config.setCompilers(config/BuildSystem/config/setCompilers.py:2347)
TESTING: checkPIC from config.setCompilers(config/BuildSystem/config/setCompilers.py:2050)
TESTING: checkSharedLinkerPaths from config.setCompilers(config/BuildSystem/config/setCompilers.py:2461)
TESTING: checkLibC from config.setCompilers(config/BuildSystem/config/setCompilers.py:2500)
TESTING: checkDynamicLinker from config.setCompilers(config/BuildSystem/config/setCompilers.py:2546)
TESTING: checkPragma from config.setCompilers(config/BuildSystem/config/setCompilers.py:2008)
TESTING: checkAtFileOption from config.setCompilers(config/BuildSystem/config/setCompilers.py:2738)
TESTING: output from config.setCompilers(config/BuildSystem/config/setCompilers.py:2595)
TESTING: configureIndexSize from PETSc.options.indexTypes(config/PETSc/options/indexTypes.py:38)
TESTING: configureCompilerFlags from config.compilerFlags(config/BuildSystem/config/compilerFlags.py:82)
=============================================================================================
                                     ***** WARNING *****
  Using default optimization C flags "-g -O". You might consider manually setting optimal
  optimization flags for your system with COPTFLAGS="optimization flags" see
  config/examples/arch-*-opt.py for examples
=============================================================================================
=============================================================================================
                                     ***** WARNING *****
  Using default Cxx optimization flags "-g -O". You might consider manually setting optimal
  optimization flags for your system with CXXOPTFLAGS="optimization flags" see
  config/examples/arch-*-opt.py for examples
=============================================================================================
=============================================================================================
                                     ***** WARNING *****
  Using default optimization CUDA flags "-O3". You might consider manually setting optimal
  optimization flags for your system with CUDAOPTFLAGS="optimization flags" see
  config/examples/arch-*-opt.py for examples
=============================================================================================
TESTING: checkIntelHardwareSupport from config.compilerFlags(config/BuildSystem/config/compilerFlags.py:168)
TESTING: checkCompilerMacros from config.compilerFlags(config/BuildSystem/config/compilerFlags.py:159)
TESTING: checkC99Flag from config.compilers(config/BuildSystem/config/compilers.py:1385)
TESTING: checkCFormatting from config.compilers(config/BuildSystem/config/compilers.py:364)
TESTING: checkDynamicLoadFlag from config.compilers(config/BuildSystem/config/compilers.py:375)
TESTING: checkStdAtomic from config.compilers(config/BuildSystem/config/compilers.py:1418)
TESTING: checkCLibraries from config.compilers(config/BuildSystem/config/compilers.py:167)
TESTING: checkDependencyGenerationFlag from config.compilers(config/BuildSystem/config/compilers.py:1336)
TESTING: checkCxxRestrict from config.compilers(config/BuildSystem/config/compilers.py:122)
TESTING: checkCxxOptionalExtensions from config.compilers(config/BuildSystem/config/compilers.py:394)
TESTING: checkCxxComplexFix from config.compilers(config/BuildSystem/config/compilers.py:421)
TESTING: checkStdAtomic from config.compilers(config/BuildSystem/config/compilers.py:1418)
TESTING: checkCxxLibraries from config.compilers(config/BuildSystem/config/compilers.py:450)
TESTING: setupFrameworkCompilers from config.compilers(config/BuildSystem/config/compilers.py:1480)
TESTING: checkStdC from config.headers(config/BuildSystem/config/headers.py:107)
TESTING: checkSysWait from config.headers(config/BuildSystem/config/headers.py:141)
TESTING: checkTime from config.headers(config/BuildSystem/config/headers.py:163)
TESTING: checkMath from config.headers(config/BuildSystem/config/headers.py:169)
TESTING: check from config.headers(config/BuildSystem/config/headers.py:77)
TESTING: check from config.headers(config/BuildSystem/config/headers.py:77)
TESTING: check from config.headers(config/BuildSystem/config/headers.py:77)
TESTING: check from config.headers(config/BuildSystem/config/headers.py:77)
TESTING: check from config.headers(config/BuildSystem/config/headers.py:77)
TESTING: check from config.headers(config/BuildSystem/config/headers.py:77)
TESTING: check from config.headers(config/BuildSystem/config/headers.py:77)
TESTING: check from config.headers(config/BuildSystem/config/headers.py:77)
TESTING: check from config.headers(config/BuildSystem/config/headers.py:77)
TESTING: check from config.headers(config/BuildSystem/config/headers.py:77)
TESTING: check from config.headers(config/BuildSystem/config/headers.py:77)
TESTING: check from config.headers(config/BuildSystem/config/headers.py:77)
TESTING: check from config.headers(config/BuildSystem/config/headers.py:77)
TESTING: check from config.headers(config/BuildSystem/config/headers.py:77)
TESTING: check from config.headers(config/BuildSystem/config/headers.py:77)
TESTING: check from config.headers(config/BuildSystem/config/headers.py:77)
TESTING: check from config.headers(config/BuildSystem/config/headers.py:77)
TESTING: check from config.headers(config/BuildSystem/config/headers.py:77)
TESTING: check from config.headers(config/BuildSystem/config/headers.py:77)
TESTING: check from config.headers(config/BuildSystem/config/headers.py:77)
TESTING: check from config.headers(config/BuildSystem/config/headers.py:77)
TESTING: check from config.headers(config/BuildSystem/config/headers.py:77)
TESTING: check from config.headers(config/BuildSystem/config/headers.py:77)
TESTING: check from config.headers(config/BuildSystem/config/headers.py:77)
TESTING: check from config.headers(config/BuildSystem/config/headers.py:77)
TESTING: check from config.headers(config/BuildSystem/config/headers.py:77)
TESTING: check from config.headers(config/BuildSystem/config/headers.py:77)
TESTING: check from config.headers(config/BuildSystem/config/headers.py:77)
TESTING: check from config.headers(config/BuildSystem/config/headers.py:77)
TESTING: check from config.headers(config/BuildSystem/config/headers.py:77)
TESTING: check from config.headers(config/BuildSystem/config/headers.py:77)
TESTING: check from config.headers(config/BuildSystem/config/headers.py:77)
TESTING: check from config.headers(config/BuildSystem/config/headers.py:77)
TESTING: check from config.headers(config/BuildSystem/config/headers.py:77)
TESTING: check from config.headers(config/BuildSystem/config/headers.py:77)
TESTING: check from config.headers(config/BuildSystem/config/headers.py:77)
TESTING: check from config.headers(config/BuildSystem/config/headers.py:77)
TESTING: check from config.headers(config/BuildSystem/config/headers.py:77)
TESTING: check from config.headers(config/BuildSystem/config/headers.py:77)
TESTING: check from config.headers(config/BuildSystem/config/headers.py:77)
TESTING: check from config.headers(config/BuildSystem/config/headers.py:77)
TESTING: check from config.headers(config/BuildSystem/config/headers.py:77)
TESTING: check from config.headers(config/BuildSystem/config/headers.py:77)
TESTING: check from config.headers(config/BuildSystem/config/headers.py:77)
TESTING: check from config.headers(config/BuildSystem/config/headers.py:77)
TESTING: check from config.headers(config/BuildSystem/config/headers.py:77)
TESTING: check from config.headers(config/BuildSystem/config/headers.py:77)
TESTING: check from config.headers(config/BuildSystem/config/headers.py:77)
TESTING: check from config.headers(config/BuildSystem/config/headers.py:77)
TESTING: check from config.headers(config/BuildSystem/config/headers.py:77)
TESTING: check from config.headers(config/BuildSystem/config/headers.py:77)
TESTING: check from config.headers(config/BuildSystem/config/headers.py:77)
TESTING: check from config.headers(config/BuildSystem/config/headers.py:77)
TESTING: check from config.headers(config/BuildSystem/config/headers.py:77)
TESTING: check from config.headers(config/BuildSystem/config/headers.py:77)
TESTING: check from config.headers(config/BuildSystem/config/headers.py:77)
TESTING: check from config.headers(config/BuildSystem/config/headers.py:77)
TESTING: check from config.headers(config/BuildSystem/config/headers.py:77)
TESTING: check from config.headers(config/BuildSystem/config/headers.py:77)
TESTING: check from config.headers(config/BuildSystem/config/headers.py:77)
TESTING: checkRecursiveMacros from config.headers(config/BuildSystem/config/headers.py:184)
TESTING: configureL1CacheLineSize from config.utilities.cacheDetails(config/BuildSystem/config/utilities/cacheDetails.py:127)
TESTING: check_struct_sigaction from config.types(config/BuildSystem/config/types.py:42)
TESTING: check__int64 from config.types(config/BuildSystem/config/types.py:48)
TESTING: checkSizeTypes from config.types(config/BuildSystem/config/types.py:54)
TESTING: checkFileTypes from config.types(config/BuildSystem/config/types.py:64)
TESTING: checkIntegerTypes from config.types(config/BuildSystem/config/types.py:59)
TESTING: checkPID from config.types(config/BuildSystem/config/types.py:70)
TESTING: checkC99Complex from config.types(config/BuildSystem/config/types.py:74)
TESTING: checkCxxComplex from config.types(config/BuildSystem/config/types.py:88)
TESTING: checkSizeof from config.types(config/BuildSystem/config/types.py:99)
TESTING: checkSizeof from config.types(config/BuildSystem/config/types.py:99)
TESTING: checkSizeof from config.types(config/BuildSystem/config/types.py:99)
TESTING: checkSizeof from config.types(config/BuildSystem/config/types.py:99)
TESTING: checkSizeof from config.types(config/BuildSystem/config/types.py:99)
TESTING: checkVisibility from config.types(config/BuildSystem/config/types.py:133)
TESTING: checkMaxPathLen from config.types(config/BuildSystem/config/types.py:155)
TESTING: configureMemAlign from PETSc.options.memAlign(config/PETSc/options/memAlign.py:28)
TESTING: check from config.libraries(config/BuildSystem/config/libraries.py:168)
TESTING: check from config.libraries(config/BuildSystem/config/libraries.py:168)
TESTING: check from config.libraries(config/BuildSystem/config/libraries.py:168)
TESTING: check from config.libraries(config/BuildSystem/config/libraries.py:168)
TESTING: checkMath from config.libraries(config/BuildSystem/config/libraries.py:297)
TESTING: checkMathErf from config.libraries(config/BuildSystem/config/libraries.py:318)
TESTING: checkMathTgamma from config.libraries(config/BuildSystem/config/libraries.py:327)
TESTING: checkMathLgamma from config.libraries(config/BuildSystem/config/libraries.py:336)
TESTING: checkMathFenv from config.libraries(config/BuildSystem/config/libraries.py:349)
TESTING: checkMathLog2 from config.libraries(config/BuildSystem/config/libraries.py:361)
TESTING: checkRealtime from config.libraries(config/BuildSystem/config/libraries.py:370)
TESTING: checkDynamic from config.libraries(config/BuildSystem/config/libraries.py:386)
TESTING: checkExecutableExportFlag from config.libraries(config/BuildSystem/config/libraries.py:612)
TESTING: configureLibraryOptions from PETSc.options.libraryOptions(config/PETSc/options/libraryOptions.py:38)
TESTING: configureISColorValueType from PETSc.options.libraryOptions(config/PETSc/options/libraryOptions.py:93)
TESTING: checkVSNPrintf from config.functions(config/BuildSystem/config/functions.py:106)
TESTING: checkNanosleep from config.functions(config/BuildSystem/config/functions.py:136)
TESTING: checkMemmove from config.functions(config/BuildSystem/config/functions.py:142)
TESTING: checkSignalHandlerType from config.functions(config/BuildSystem/config/functions.py:112)
TESTING: checkFreeReturnType from config.functions(config/BuildSystem/config/functions.py:122)
TESTING: checkVariableArgumentLists from config.functions(config/BuildSystem/config/functions.py:128)
TESTING: checkClassify from config.functions(config/BuildSystem/config/functions.py:85)
TESTING: checkMmap from config.functions(config/BuildSystem/config/functions.py:148)
TESTING: checkMkstemp from config.functions(config/BuildSystem/config/functions.py:154)
TESTING: checkTmpnam_s from config.functions(config/BuildSystem/config/functions.py:159)
TESTING: configureMemorySize from config.utilities.getResidentSetSize(config/BuildSystem/config/utilities/getResidentSetSize.py:31)
TESTING: configureFPTrap from config.utilities.FPTrap(config/BuildSystem/config/utilities/FPTrap.py:26)
TESTING: configureFeatureTestMacros from config.utilities.featureTestMacros(config/BuildSystem/config/utilities/featureTestMacros.py:13)
TESTING: configureMissingUtypeTypedefs from config.utilities.missing(config/BuildSystem/config/utilities/missing.py:54)
TESTING: configureMissingFunctions from config.utilities.missing(config/BuildSystem/config/utilities/missing.py:60)
TESTING: configureMissingSignals from config.utilities.missing(config/BuildSystem/config/utilities/missing.py:80)
TESTING: configureMissingGetdomainnamePrototype from config.utilities.missing(config/BuildSystem/config/utilities/missing.py:97)
TESTING: configureMissingSrandPrototype from config.utilities.missing(config/BuildSystem/config/utilities/missing.py:123)
TESTING: checkSharedDynamicPicOptions from PETSc.options.sharedLibraries(config/PETSc/options/sharedLibraries.py:33)
TESTING: configureSharedLibraries from PETSc.options.sharedLibraries(config/PETSc/options/sharedLibraries.py:48)
TESTING: configureDynamicLibraries from PETSc.options.sharedLibraries(config/PETSc/options/sharedLibraries.py:92)
TESTING: configureSerializedFunctions from PETSc.options.sharedLibraries(config/PETSc/options/sharedLibraries.py:98)
TESTING: checkSymbolResolution from PETSc.options.sharedLibraries(config/PETSc/options/sharedLibraries.py:107)
TESTING: configureScalarType from PETSc.options.scalarTypes(config/PETSc/options/scalarTypes.py:42)
TESTING: configurePrecision from PETSc.options.scalarTypes(config/PETSc/options/scalarTypes.py:83)
TESTING: configureMkdir from config.programs(config/BuildSystem/config/programs.py:23)
TESTING: configureAutoreconf from config.programs(config/BuildSystem/config/programs.py:45)
TESTING: configurePrograms from config.programs(config/BuildSystem/config/programs.py:74)
TESTING: consistencyChecks from config.packages.make(config/BuildSystem/config/package.py:1042)
TESTING: alternateConfigureLibrary from config.packages.make(config/BuildSystem/config/package.py:1038)
TESTING: configureMake from config.packages.make(config/BuildSystem/config/packages/make.py:98)
TESTING: setupGNUMake from config.packages.make(config/BuildSystem/config/packages/make.py:152)
TESTING: configureMakeNP from config.packages.make(config/BuildSystem/config/packages/make.py:200)
TESTING: locateBison from config.packages.bison(config/BuildSystem/config/packages/bison.py:31)
TESTING: consistencyChecks from config.packages.sycl(config/BuildSystem/config/package.py:1042)
TESTING: alternateConfigureLibrary from config.packages.sycl(config/BuildSystem/config/package.py:1038)
TESTING: consistencyChecks from config.packages.X(config/BuildSystem/config/package.py:1042)
TESTING: alternateConfigureLibrary from config.packages.X(config/BuildSystem/config/package.py:1038)
TESTING: consistencyChecks from config.packages.hwloc(config/BuildSystem/config/package.py:1042)
TESTING: alternateConfigureLibrary from config.packages.hwloc(config/BuildSystem/config/package.py:1038)
TESTING: consistencyChecks from config.packages.hip(config/BuildSystem/config/package.py:1042)
TESTING: alternateConfigureLibrary from config.packages.hip(config/BuildSystem/config/package.py:1038)
TESTING: consistencyChecks from config.packages.thrust(config/BuildSystem/config/package.py:1042)
TESTING: alternateConfigureLibrary from config.packages.thrust(config/BuildSystem/config/package.py:1038)
TESTING: consistencyChecks from config.packages.cuda(config/BuildSystem/config/package.py:1042)
TESTING: alternateConfigureLibrary from config.packages.cuda(config/BuildSystem/config/package.py:1038)
TESTING: checkKnownBadCUDAHostCompilerCombo from config.packages.cuda(config/BuildSystem/config/packages/cuda.py:462)
TESTING: consistencyChecks from config.packages.OpenMPI(config/BuildSystem/config/package.py:1042)
TESTING: alternateConfigureLibrary from config.packages.OpenMPI(config/BuildSystem/config/package.py:1038)
TESTING: consistencyChecks from config.packages.MPICH(config/BuildSystem/config/package.py:1042)
TESTING: alternateConfigureLibrary from config.packages.MPICH(config/BuildSystem/config/package.py:1038)
TESTING: consistencyChecks from config.packages.MPI(config/BuildSystem/config/package.py:1042)
TESTING: checkDependencies from config.packages.MPI(config/BuildSystem/config/package.py:936)
TESTING: configureLibrary from config.packages.MPI(config/BuildSystem/config/packages/MPI.py:916)
TESTING: check from config.libraries(config/BuildSystem/config/libraries.py:168)
TESTING: checkInclude from config.headers(config/BuildSystem/config/headers.py:86)
TESTING: checkInclude from config.headers(config/BuildSystem/config/headers.py:86)
TESTING: checkMPIDistro from config.packages.MPI(config/BuildSystem/config/packages/MPI.py:717)
TESTING: configureMPI2 from config.packages.MPI(config/BuildSystem/config/packages/MPI.py:396)
TESTING: configureMPI3 from config.packages.MPI(config/BuildSystem/config/packages/MPI.py:464)
TESTING: configureMPI4 from config.packages.MPI(config/BuildSystem/config/packages/MPI.py:533)
TESTING: configureMPIX from config.packages.MPI(config/BuildSystem/config/packages/MPI.py:563)
TESTING: configureMPIEXEC from config.packages.MPI(config/BuildSystem/config/packages/MPI.py:205)
TESTING: configureMPIEXEC_TAIL from config.packages.MPI(config/BuildSystem/config/packages/MPI.py:194)
TESTING: configureMPITypes from config.packages.MPI(config/BuildSystem/config/packages/MPI.py:599)
TESTING: SGIMPICheck from config.packages.MPI(config/BuildSystem/config/packages/MPI.py:645)
TESTING: CxxMPICheck from config.packages.MPI(config/BuildSystem/config/packages/MPI.py:655)
TESTING: FortranMPICheck from config.packages.MPI(config/BuildSystem/config/packages/MPI.py:671)
TESTING: configureIO from config.packages.MPI(config/BuildSystem/config/packages/MPI.py:693)
TESTING: findMPIIncludeAndLib from config.packages.MPI(config/BuildSystem/config/packages/MPI.py:806)
TESTING: PetscArchMPICheck from config.packages.MPI(config/BuildSystem/config/packages/MPI.py:890)
TESTING: checkVersion from config.packages.MPI(config/BuildSystem/config/package.py:1109)
TESTING: checkSharedLibrary from config.packages.MPI(config/BuildSystem/config/package.py:1034)
TESTING: consistencyChecks from config.packages.zstd(config/BuildSystem/config/package.py:1042)
TESTING: alternateConfigureLibrary from config.packages.zstd(config/BuildSystem/config/package.py:1038)
TESTING: consistencyChecks from config.packages.yaml(config/BuildSystem/config/package.py:1042)
TESTING: alternateConfigureLibrary from config.packages.yaml(config/BuildSystem/config/package.py:1038)
TESTING: consistencyChecks from config.packages.sprng(config/BuildSystem/config/package.py:1042)
TESTING: alternateConfigureLibrary from config.packages.sprng(config/BuildSystem/config/package.py:1038)
TESTING: consistencyChecks from config.packages.revolve(config/BuildSystem/config/package.py:1042)
TESTING: alternateConfigureLibrary from config.packages.revolve(config/BuildSystem/config/package.py:1038)
TESTING: consistencyChecks from config.packages.radau5(config/BuildSystem/config/package.py:1042)
TESTING: alternateConfigureLibrary from config.packages.radau5(config/BuildSystem/config/package.py:1038)
TESTING: consistencyChecks from config.packages.petsc4py(config/BuildSystem/config/package.py:1042)
TESTING: alternateConfigureLibrary from config.packages.petsc4py(config/BuildSystem/config/packages/petsc4py.py:131)
TESTING: consistencyChecks from config.packages.pami(config/BuildSystem/config/package.py:1042)
TESTING: alternateConfigureLibrary from config.packages.pami(config/BuildSystem/config/package.py:1038)
TESTING: consistencyChecks from config.packages.opengles(config/BuildSystem/config/package.py:1042)
TESTING: alternateConfigureLibrary from config.packages.opengles(config/BuildSystem/config/package.py:1038)
TESTING: consistencyChecks from config.packages.opencl(config/BuildSystem/config/package.py:1042)
TESTING: alternateConfigureLibrary from config.packages.opencl(config/BuildSystem/config/package.py:1038)
TESTING: consistencyChecks from config.packages.mpi4py(config/BuildSystem/config/package.py:1042)
TESTING: alternateConfigureLibrary from config.packages.mpi4py(config/BuildSystem/config/package.py:1038)
TESTING: consistencyChecks from config.packages.mpe(config/BuildSystem/config/package.py:1042)
TESTING: alternateConfigureLibrary from config.packages.mpe(config/BuildSystem/config/package.py:1038)
TESTING: consistencyChecks from config.packages.memkind(config/BuildSystem/config/package.py:1042)
TESTING: alternateConfigureLibrary from config.packages.memkind(config/BuildSystem/config/package.py:1038)
TESTING: consistencyChecks from config.packages.libmesh(config/BuildSystem/config/package.py:1042)
TESTING: alternateConfigureLibrary from config.packages.libmesh(config/BuildSystem/config/packages/libmesh.py:69)
TESTING: consistencyChecks from config.packages.moose(config/BuildSystem/config/package.py:1042)
TESTING: alternateConfigureLibrary from config.packages.moose(config/BuildSystem/config/package.py:1038)
TESTING: consistencyChecks from config.packages.libjpeg(config/BuildSystem/config/package.py:1042)
TESTING: alternateConfigureLibrary from config.packages.libjpeg(config/BuildSystem/config/package.py:1038)
TESTING: consistencyChecks from config.packages.gsl(config/BuildSystem/config/package.py:1042)
TESTING: alternateConfigureLibrary from config.packages.gsl(config/BuildSystem/config/package.py:1038)
TESTING: consistencyChecks from config.packages.ssl(config/BuildSystem/config/packages/ssl.py:58)
TESTING: alternateConfigureLibrary from config.packages.ssl(config/BuildSystem/config/package.py:1038)
TESTING: consistencyChecks from config.packages.gmp(config/BuildSystem/config/package.py:1042)
TESTING: alternateConfigureLibrary from config.packages.gmp(config/BuildSystem/config/package.py:1038)
TESTING: consistencyChecks from config.packages.mpfr(config/BuildSystem/config/package.py:1042)
TESTING: alternateConfigureLibrary from config.packages.mpfr(config/BuildSystem/config/package.py:1038)
TESTING: consistencyChecks from config.packages.giflib(config/BuildSystem/config/package.py:1042)
TESTING: alternateConfigureLibrary from config.packages.giflib(config/BuildSystem/config/package.py:1038)
TESTING: consistencyChecks from config.packages.cub(config/BuildSystem/config/package.py:1042)
TESTING: alternateConfigureLibrary from config.packages.cub(config/BuildSystem/config/package.py:1038)
TESTING: consistencyChecks from config.packages.ctetgen(config/BuildSystem/config/package.py:1042)
TESTING: alternateConfigureLibrary from config.packages.ctetgen(config/BuildSystem/config/package.py:1038)
TESTING: consistencyChecks from config.packages.concurrencykit(config/BuildSystem/config/package.py:1042)
TESTING: alternateConfigureLibrary from config.packages.concurrencykit(config/BuildSystem/config/package.py:1038)
TESTING: consistencyChecks from config.packages.cams(config/BuildSystem/config/package.py:1042)
TESTING: alternateConfigureLibrary from config.packages.cams(config/BuildSystem/config/package.py:1038)
TESTING: locateC2html from config.packages.c2html(config/BuildSystem/config/packages/c2html.py:33)
TESTING: consistencyChecks from config.packages.boost(config/BuildSystem/config/package.py:1042)
TESTING: alternateConfigureLibrary from config.packages.boost(config/BuildSystem/config/package.py:1038)
TESTING: consistencyChecks from config.packages.silo(config/BuildSystem/config/package.py:1042)
TESTING: alternateConfigureLibrary from config.packages.silo(config/BuildSystem/config/package.py:1038)
TESTING: consistencyChecks from config.packages.Random123(config/BuildSystem/config/package.py:1042)
TESTING: alternateConfigureLibrary from config.packages.Random123(config/BuildSystem/config/package.py:1038)
TESTING: consistencyChecks from config.packages.PARTY(config/BuildSystem/config/package.py:1042)
TESTING: alternateConfigureLibrary from config.packages.PARTY(config/BuildSystem/config/package.py:1038)
TESTING: consistencyChecks from config.packages.NVSHMEM(config/BuildSystem/config/package.py:1042)
TESTING: alternateConfigureLibrary from config.packages.NVSHMEM(config/BuildSystem/config/package.py:1038)
TESTING: consistencyChecks from config.packages.MatlabEngine(config/BuildSystem/config/package.py:1042)
TESTING: alternateConfigureLibrary from config.packages.MatlabEngine(config/BuildSystem/config/package.py:1038)
TESTING: consistencyChecks from config.packages.Matlab(config/BuildSystem/config/package.py:1042)
TESTING: alternateConfigureLibrary from config.packages.Matlab(config/BuildSystem/config/package.py:1038)
TESTING: consistencyChecks from config.packages.Mathematica(config/BuildSystem/config/package.py:1042)
TESTING: alternateConfigureLibrary from config.packages.Mathematica(config/BuildSystem/config/package.py:1038)
TESTING: consistencyChecks from config.packages.regex(config/BuildSystem/config/package.py:1042)
TESTING: checkDependencies from config.packages.regex(config/BuildSystem/config/package.py:936)
TESTING: configureLibrary from config.packages.regex(config/BuildSystem/config/package.py:962)
TESTING: check from config.libraries(config/BuildSystem/config/libraries.py:168)
TESTING: checkInclude from config.headers(config/BuildSystem/config/headers.py:86)
TESTING: checkInclude from config.headers(config/BuildSystem/config/headers.py:86)
TESTING: checkVersion from config.packages.regex(config/BuildSystem/config/package.py:1109)
TESTING: checkSharedLibrary from config.packages.regex(config/BuildSystem/config/package.py:1034)
TESTING: consistencyChecks from config.packages.libceed(config/BuildSystem/config/package.py:1042)
TESTING: alternateConfigureLibrary from config.packages.libceed(config/BuildSystem/config/package.py:1038)
TESTING: consistencyChecks from config.packages.opengl(config/BuildSystem/config/package.py:1042)
TESTING: alternateConfigureLibrary from config.packages.opengl(config/BuildSystem/config/package.py:1038)
TESTING: consistencyChecks from config.packages.glut(config/BuildSystem/config/package.py:1042)
TESTING: alternateConfigureLibrary from config.packages.glut(config/BuildSystem/config/package.py:1038)
TESTING: consistencyChecks from config.packages.GLVis(config/BuildSystem/config/package.py:1042)
TESTING: alternateConfigureLibrary from config.packages.GLVis(config/BuildSystem/config/package.py:1038)
TESTING: consistencyChecks from config.packages.CoDiPack(config/BuildSystem/config/package.py:1042)
TESTING: alternateConfigureLibrary from config.packages.CoDiPack(config/BuildSystem/config/package.py:1038)
TESTING: consistencyChecks from config.packages.adblaslapack(config/BuildSystem/config/package.py:1042)
TESTING: alternateConfigureLibrary from config.packages.adblaslapack(config/BuildSystem/config/package.py:1038)
TESTING: locateCMake from config.packages.cmake(config/BuildSystem/config/packages/cmake.py:54)
TESTING: consistencyChecks from config.packages.unittestcpp(config/BuildSystem/config/package.py:1042)
TESTING: alternateConfigureLibrary from config.packages.unittestcpp(config/BuildSystem/config/package.py:1038)
TESTING: consistencyChecks from config.packages.googletest(config/BuildSystem/config/package.py:1042)
TESTING: alternateConfigureLibrary from config.packages.googletest(config/BuildSystem/config/package.py:1038)
TESTING: consistencyChecks from config.packages.opencascade(config/BuildSystem/config/package.py:1042)
TESTING: alternateConfigureLibrary from config.packages.opencascade(config/BuildSystem/config/package.py:1038)
TESTING: consistencyChecks from config.packages.amgx(config/BuildSystem/config/package.py:1042)
TESTING: alternateConfigureLibrary from config.packages.amgx(config/BuildSystem/config/package.py:1038)
TESTING: consistencyChecks from config.packages.eigen(config/BuildSystem/config/package.py:1042)
TESTING: alternateConfigureLibrary from config.packages.eigen(config/BuildSystem/config/package.py:1038)
TESTING: consistencyChecks from config.packages.grid(config/BuildSystem/config/package.py:1042)
TESTING: alternateConfigureLibrary from config.packages.grid(config/BuildSystem/config/package.py:1038)
TESTING: consistencyChecks from config.packages.szlib(config/BuildSystem/config/package.py:1042)
TESTING: alternateConfigureLibrary from config.packages.szlib(config/BuildSystem/config/package.py:1038)
TESTING: consistencyChecks from config.packages.zlib(config/BuildSystem/config/package.py:1042)
TESTING: alternateConfigureLibrary from config.packages.zlib(config/BuildSystem/config/package.py:1038)
TESTING: consistencyChecks from config.packages.tetgen(config/BuildSystem/config/package.py:1042)
TESTING: alternateConfigureLibrary from config.packages.tetgen(config/BuildSystem/config/package.py:1038)
TESTING: consistencyChecks from config.packages.tchem(config/BuildSystem/config/package.py:1042)
TESTING: alternateConfigureLibrary from config.packages.tchem(config/BuildSystem/config/package.py:1038)
TESTING: consistencyChecks from config.packages.saws(config/BuildSystem/config/package.py:1042)
TESTING: alternateConfigureLibrary from config.packages.saws(config/BuildSystem/config/package.py:1038)
TESTING: consistencyChecks from config.packages.muparser(config/BuildSystem/config/package.py:1042)
TESTING: alternateConfigureLibrary from config.packages.muparser(config/BuildSystem/config/package.py:1038)
TESTING: consistencyChecks from config.packages.libpng(config/BuildSystem/config/package.py:1042)
TESTING: alternateConfigureLibrary from config.packages.libpng(config/BuildSystem/config/package.py:1038)
TESTING: consistencyChecks from config.packages.hcephes(config/BuildSystem/config/package.py:1042)
TESTING: alternateConfigureLibrary from config.packages.hcephes(config/BuildSystem/config/package.py:1038)
TESTING: consistencyChecks from config.packages.combblas(config/BuildSystem/config/package.py:1042)
TESTING: alternateConfigureLibrary from config.packages.combblas(config/BuildSystem/config/package.py:1038)
TESTING: consistencyChecks from config.packages.Triangle(config/BuildSystem/config/package.py:1042)
TESTING: alternateConfigureLibrary from config.packages.Triangle(config/BuildSystem/config/package.py:1038)
TESTING: consistencyChecks from config.packages.metis(config/BuildSystem/config/package.py:1042)
TESTING: alternateConfigureLibrary from config.packages.metis(config/BuildSystem/config/package.py:1038)
TESTING: consistencyChecks from config.packages.pragmatic(config/BuildSystem/config/package.py:1042)
TESTING: alternateConfigureLibrary from config.packages.pragmatic(config/BuildSystem/config/package.py:1038)
TESTING: consistencyChecks from config.packages.parmetis(config/BuildSystem/config/package.py:1042)
TESTING: alternateConfigureLibrary from config.packages.parmetis(config/BuildSystem/config/package.py:1038)
TESTING: consistencyChecks from config.packages.KS(config/BuildSystem/config/package.py:1042)
TESTING: alternateConfigureLibrary from config.packages.KS(config/BuildSystem/config/package.py:1038)
TESTING: consistencyChecks from config.packages.Chaco(config/BuildSystem/config/package.py:1042)
TESTING: alternateConfigureLibrary from config.packages.Chaco(config/BuildSystem/config/package.py:1038)
TESTING: consistencyChecks from config.packages.hdf5(config/BuildSystem/config/package.py:1042)
TESTING: alternateConfigureLibrary from config.packages.hdf5(config/BuildSystem/config/package.py:1038)
TESTING: consistencyChecks from config.packages.med(config/BuildSystem/config/package.py:1042)
TESTING: alternateConfigureLibrary from config.packages.med(config/BuildSystem/config/package.py:1038)
TESTING: consistencyChecks from config.packages.cgns(config/BuildSystem/config/package.py:1042)
TESTING: alternateConfigureLibrary from config.packages.cgns(config/BuildSystem/config/package.py:1038)
TESTING: consistencyChecks from config.packages.ascem-io(config/BuildSystem/config/package.py:1042)
TESTING: alternateConfigureLibrary from config.packages.ascem-io(config/BuildSystem/config/package.py:1038)
TESTING: consistencyChecks from config.packages.pflotran(config/BuildSystem/config/package.py:1042)
TESTING: alternateConfigureLibrary from config.packages.pflotran(config/BuildSystem/config/package.py:1038)
TESTING: consistencyChecks from config.packages.alquimia(config/BuildSystem/config/package.py:1042)
TESTING: alternateConfigureLibrary from config.packages.alquimia(config/BuildSystem/config/package.py:1038)
TESTING: consistencyChecks from config.packages.SAMRAI(config/BuildSystem/config/package.py:1042)
TESTING: alternateConfigureLibrary from config.packages.SAMRAI(config/BuildSystem/config/package.py:1038)
TESTING: consistencyChecks from config.packages.pnetcdf(config/BuildSystem/config/package.py:1042)
TESTING: alternateConfigureLibrary from config.packages.pnetcdf(config/BuildSystem/config/package.py:1038)
TESTING: consistencyChecks from config.packages.netcdf(config/BuildSystem/config/package.py:1042)
TESTING: alternateConfigureLibrary from config.packages.netcdf(config/BuildSystem/config/package.py:1038)
TESTING: consistencyChecks from config.packages.exodusii(config/BuildSystem/config/package.py:1042)
TESTING: alternateConfigureLibrary from config.packages.exodusii(config/BuildSystem/config/package.py:1038)
TESTING: consistencyChecks from config.packages.fblaslapack(config/BuildSystem/config/package.py:1042)
TESTING: alternateConfigureLibrary from config.packages.fblaslapack(config/BuildSystem/config/package.py:1038)
TESTING: consistencyChecks from config.packages.pthread(config/BuildSystem/config/package.py:1042)
TESTING: checkDependencies from config.packages.pthread(config/BuildSystem/config/package.py:936)
TESTING: configureLibrary from config.packages.pthread(config/BuildSystem/config/packages/pthread.py:19)
TESTING: check from config.libraries(config/BuildSystem/config/libraries.py:168)
TESTING: checkInclude from config.headers(config/BuildSystem/config/headers.py:86)
TESTING: checkInclude from config.headers(config/BuildSystem/config/headers.py:86)
TESTING: checkVersion from config.packages.pthread(config/BuildSystem/config/package.py:1109)
TESTING: checkSharedLibrary from config.packages.pthread(config/BuildSystem/config/package.py:1034)
TESTING: consistencyChecks from config.packages.egads(config/BuildSystem/config/package.py:1042)
TESTING: alternateConfigureLibrary from config.packages.egads(config/BuildSystem/config/package.py:1038)
TESTING: consistencyChecks from config.packages.PTScotch(config/BuildSystem/config/package.py:1042)
TESTING: alternateConfigureLibrary from config.packages.PTScotch(config/BuildSystem/config/package.py:1038)
TESTING: consistencyChecks from config.packages.mmg(config/BuildSystem/config/package.py:1042)
TESTING: alternateConfigureLibrary from config.packages.mmg(config/BuildSystem/config/package.py:1038)
TESTING: consistencyChecks from config.packages.parmmg(config/BuildSystem/config/package.py:1042)
TESTING: alternateConfigureLibrary from config.packages.parmmg(config/BuildSystem/config/package.py:1038)
TESTING: consistencyChecks from config.packages.Zoltan(config/BuildSystem/config/package.py:1042)
TESTING: alternateConfigureLibrary from config.packages.Zoltan(config/BuildSystem/config/package.py:1038)
TESTING: consistencyChecks from config.packages.ADIOS(config/BuildSystem/config/package.py:1042)
TESTING: alternateConfigureLibrary from config.packages.ADIOS(config/BuildSystem/config/package.py:1038)
TESTING: consistencyChecks from config.packages.openmp(config/BuildSystem/config/package.py:1042)
TESTING: alternateConfigureLibrary from config.packages.openmp(config/BuildSystem/config/package.py:1038)
TESTING: consistencyChecks from config.packages.viennacl(config/BuildSystem/config/package.py:1042)
TESTING: alternateConfigureLibrary from config.packages.viennacl(config/BuildSystem/config/package.py:1038)
TESTING: consistencyChecks from config.packages.ColPack(config/BuildSystem/config/package.py:1042)
TESTING: alternateConfigureLibrary from config.packages.ColPack(config/BuildSystem/config/package.py:1038)
TESTING: consistencyChecks from config.packages.ADOLC(config/BuildSystem/config/package.py:1042)
TESTING: alternateConfigureLibrary from config.packages.ADOLC(config/BuildSystem/config/package.py:1038)
TESTING: consistencyChecks from config.packages.openblas(config/BuildSystem/config/package.py:1042)
TESTING: alternateConfigureLibrary from config.packages.openblas(config/BuildSystem/config/package.py:1038)
TESTING: consistencyChecks from config.packages.blis(config/BuildSystem/config/package.py:1042)
TESTING: alternateConfigureLibrary from config.packages.blis(config/BuildSystem/config/package.py:1038)
TESTING: consistencyChecks from config.packages.f2cblaslapack(config/BuildSystem/config/package.py:1042)
TESTING: alternateConfigureLibrary from config.packages.f2cblaslapack(config/BuildSystem/config/package.py:1038)
TESTING: consistencyChecks from config.packages.BlasLapack(config/BuildSystem/config/package.py:1042)
TESTING: checkDependencies from config.packages.BlasLapack(config/BuildSystem/config/package.py:936)
TESTING: configureLibrary from config.packages.BlasLapack(config/BuildSystem/config/packages/BlasLapack.py:497)
TESTING: checkLib from config.packages.BlasLapack(config/BuildSystem/config/packages/BlasLapack.py:111)

*********************************************************************************************
           UNABLE to CONFIGURE with GIVEN OPTIONS (see configure.log for details):
---------------------------------------------------------------------------------------------
  You set a value for --with-blaslapack-lib=<lib>, but
  ['/lib/x86_64-linux-gnu/liblapack.so.3', '/lib/x86_64-linux-gnu/libblas.so.3'] cannot be
  used
*********************************************************************************************

