{
  "case": "pipe_coarse_natural",
  "solver": {
    "status": "PASS",
    "converged_reason": 4,
    "ksp_type": "preonly",
    "pc_type": "lu",
    "factor_solver": "mumps",
    "relative_algebraic_residual": 3.1198510609670784e-14,
    "residual_norm_scaled": 9.801301173428641e-14,
    "assembly_and_factor_solve_s": 1.157503471011296,
    "wall_time_s": 2.4970539739588276,
    "max_rank_peak_rss_kib": 522908,
    "mpi_ranks": 1,
    "gpu_used": false,
    "dolfinx_version": "0.11.0",
    "basix_version": "0.11.0",
    "petsc_version": [
      3,
      25,
      5
    ],
    "velocity_dofs": 30336,
    "pressure_dofs": 1537,
    "real_global_dofs": 1,
    "real_owned_dofs_per_rank": [
      1
    ],
    "boundary_conditions": {
      "essential_boundary": "WALL only (includes the wall/cap intersection rim)",
      "velocity_dirichlet_dofs": 11262,
      "pressure_dirichlet_dofs": 0,
      "inlet_velocity_profile": null,
      "outlet_velocity_profile": null,
      "pressure_nullspace_registered": false
    },
    "physical_fields_finite": true,
    "lambda_pa": 6.037622805095756,
    "algebraic_scaling": {
      "velocity_m_s": 0.00012732395447351627,
      "pressure_pa": 0.07639437268410976,
      "power_w": 2.4317084074161066e-16,
      "description": "Symmetric algebraic congruence scaling; physical SI fields restored after solve"
    },
    "dynamic_viscosity_pa_s": 0.003,
    "boundary_model": "natural_traction",
    "pressure_gauge": "outlet traction; no essential pressure condition or registered nullspace"
  },
  "flux": {
    "target_Q_m3_s": 1e-14,
    "Q_in_signed_m3_s": -1.0000000000000164e-14,
    "Q_out_signed_m3_s": 1.0000000000000153e-14,
    "actual_Q_in_m3_s": 1.0000000000000164e-14,
    "actual_Q_out_m3_s": 1.0000000000000153e-14,
    "wall_flux_m3_s": 0.0,
    "constraint_residual_m3_s": -1.6408306828597046e-28,
    "mass_closure_residual_m3_s": -1.1044052673094165e-29,
    "relative_inlet_constraint_error": 1.6408306828597046e-14,
    "relative_mass_closure": 1.1044052673094165e-15,
    "gate": 1e-10,
    "status": "PASS",
    "method": "FEM solution boundary integral using FacetNormal, tagged ds and one MPI SUM reduction"
  },
  "analytic": {
    "lambda_pa": 6.037622805095756,
    "analytic_delta_p_pa": 6.11154981472878,
    "lambda_relative_error": 0.012096278664842123,
    "velocity_L2_relative_error": 0.003626498652073172,
    "velocity_global_L2_relative_error": 0.023872182340565613,
    "pressure_global_L2_relative_error": 0.014920195831045067,
    "pressure_profile_error": 0.010604001762677956,
    "pressure_drop_from_internal_section_fit_pa": 6.110160352549358,
    "pressure_fit_outlet_extrapolation_pa": -0.03576992863934514,
    "centerline_velocity_m_s": 0.00025464933503018325,
    "analytic_centerline_velocity_m_s": 0.00025464790894703254,
    "reynolds_number": 0.00044563384065730697,
    "mean_velocity_m_s": 0.00012732395447351627,
    "velocity_integral_norm_m2_s": 9.231026660489188e-12,
    "pressure_integral_pa_m3": 1.1856988582446982e-14,
    "divergence_L2": 1.0561132574800617e-07,
    "section_quadrature": {
      "radial_gauss_points": 12,
      "azimuthal_points": 64,
      "disk_radius_m": 5e-06,
      "description": "Area-weighted Gauss quadrature on nominal analytic disks; every quadrature point located in actual FEM mesh. Mean over many points, never a single pressure node."
    },
    "exact_solution_for_this_boundary_model": false
  }
}
