Traceback (most recent call last):
  File "/home/lzy/projects/mirheo_starter/runs/solver_benchmark/solver_benchmark_20260909/gpu/sdpd_main/mirheo_worker.py", line 103, in <module>
    if __name__=='__main__':main()
                            ^^^^^^
  File "/home/lzy/projects/mirheo_starter/runs/solver_benchmark/solver_benchmark_20260909/gpu/sdpd_main/mirheo_worker.py", line 27, in main
    from mpi4py import MPI
ModuleNotFoundError: No module named 'mpi4py'
Traceback (most recent call last):
  File "/home/lzy/projects/mirheo_starter/runs/solver_benchmark/solver_benchmark_20260909/gpu/sdpd_main/mirheo_worker.py", line 103, in <module>
    if __name__=='__main__':main()
                            ^^^^^^
  File "/home/lzy/projects/mirheo_starter/runs/solver_benchmark/solver_benchmark_20260909/gpu/sdpd_main/mirheo_worker.py", line 27, in main
    from mpi4py import MPI
ModuleNotFoundError: No module named 'mpi4py'
--------------------------------------------------------------------------
Primary job  terminated normally, but 1 process returned
a non-zero exit code. Per user-direction, the job has been aborted.
--------------------------------------------------------------------------
--------------------------------------------------------------------------
mpirun.openmpi detected that one or more processes exited with non-zero status, thus causing
the job to be terminated. The first process to do so was:

  Process name: [[50887,1],0]
  Exit code:    1
--------------------------------------------------------------------------
