{
  "task": "A0_shared_installed",
  "source_directory": "/home/lzy/projects/mirheo_starter/runs/single_rbc_repair/rbc_repair_20260910T131105Z/gpu/A0_shared_installed",
  "recorded_at": "2026-09-10T14:57:53.237540+00:00",
  "scope": "Saved short-control states only; not a full-range fix or material acceptance",
  "qualified_speedup": null,
  "completion": null,
  "status": "SHORT_CONTROL_HAS_UNRESOLVED_QUALITY_FAILURE",
  "short_screen": {
    "same_phase_native_ids_and_positions": true,
    "no_confirmed_probe_discrepancy": false,
    "no_confirmed_self_intersection": true,
    "area_within_original_2pct": true,
    "volume_within_original_2pct": true,
    "constant_fluid_N": true,
    "no_saved_wall_crossings": true,
    "completed_planned_short_protocol": false
  },
  "frames": 42,
  "last_saved_frame": {
    "phase": "relaxation",
    "step": 4100,
    "time_star": -0.9000000000000004,
    "strain": 0.0,
    "area": 128.23673800911956,
    "volume": 81.25155972869993,
    "D": 0.4754803716215832,
    "theta_deg": -1.199313658326048,
    "area_relative_drift": 0.007544901341022259,
    "volume_relative_drift": 0.0016672520782994305,
    "minimum_face_area": 0.03873482323745787,
    "max_wlc_extension_fraction": 0.7593733992613276,
    "membrane_speed_dt_over_reference_min_edge": 0.015879903215335025,
    "confirmed_member_point_frames": 1,
    "near_surface_uncertain": 0,
    "ambiguous_rays": 0,
    "legacy_intersection_count": 0,
    "independent_intersection_count": 0,
    "fluid_N": 110592,
    "inner_N": 642,
    "temperature": 1.0359678245688866,
    "fluid_max_speed": 5.439321098989033,
    "wall_crossings": 0
  },
  "first_confirmed_membership_discrepancy": {
    "phase": "relaxation",
    "step": 3400,
    "time_star": -1.6,
    "strain": 0.0,
    "particle_id": 42746,
    "membership": 1,
    "position": [
      8.500397682189941,
      13.23080825805664,
      12.628471374511719
    ],
    "distance_to_membrane": 0.007527843630961714,
    "triangle": 770,
    "triangle_vertex_ids": [
      546,
      373,
      69
    ],
    "triangle_coordinates": [
      [
        8.476886749267578,
        13.067378997802734,
        12.677964210510254
      ],
      [
        8.731819152832031,
        13.58642292022705,
        12.590010643005371
      ],
      [
        8.252215385437012,
        13.11709213256836,
        12.533553123474121
      ]
    ],
    "confirmed_in_frame": 1
  },
  "first_confirmed_self_intersection": null,
  "probe_summary": {
    "tested_point_frames": 8064,
    "confirmed_mismatched_point_frames": 8,
    "near_surface_uncertain_point_frames": 0,
    "ambiguous_ray_point_frames": 0,
    "scope": "Fixed identity sample, not whole-fluid leakage or continuous-time proof"
  },
  "native_error_lines": {
    "relaxation_00000.log": [
      "16:56:05:859  Rank 0000         at /home/lzy/projects/mirheo_starter/vendor/Mirheo/src/mirheo/core/bouncers/from_mesh.cu:127 Found too many triangle collision candidates (coarse) (8659, max 6400) in bouncer 'membrane_bounce_outer'."
    ]
  },
  "limitations": [
    "A short pass does not cover Gamma=4 or the original shear-failure range.",
    "Velocity times dt is a diagnostic scale, not measured one-step oldPositions displacement.",
    "No material, force-feedback or general impermeability qualification follows from this saved-state screen."
  ],
  "cpu_analysis_s": 9.260884273004194
}
