{
  "task": "A1_independent_installed",
  "source_directory": "/home/lzy/projects/mirheo_starter/runs/single_rbc_repair/rbc_repair_20260910T131105Z/gpu/A1_independent_installed",
  "recorded_at": "2026-09-10T15:01:08.193788+00:00",
  "scope": "Saved short-control states only; not a full-range fix or material acceptance",
  "qualified_speedup": null,
  "completion": null,
  "status": "SHORT_CONTROL_HAS_UNRESOLVED_QUALITY_FAILURE",
  "short_screen": {
    "same_phase_native_ids_and_positions": true,
    "no_confirmed_probe_discrepancy": true,
    "no_confirmed_self_intersection": true,
    "area_within_original_2pct": true,
    "volume_within_original_2pct": true,
    "constant_fluid_N": true,
    "no_saved_wall_crossings": true,
    "completed_planned_short_protocol": false
  },
  "frames": 49,
  "last_saved_frame": {
    "phase": "relaxation",
    "step": 4800,
    "time_star": -0.20000000000000018,
    "strain": 0.0,
    "area": 128.0676150869237,
    "volume": 80.91987174282859,
    "D": 0.4912365008640365,
    "theta_deg": -1.3955867800378883,
    "area_relative_drift": 0.008853784497590556,
    "volume_relative_drift": 0.0024217893439758553,
    "minimum_face_area": 0.03934471247028887,
    "max_wlc_extension_fraction": 0.7746003760983603,
    "membrane_speed_dt_over_reference_min_edge": 0.015375480483946003,
    "confirmed_member_point_frames": 0,
    "near_surface_uncertain": 0,
    "ambiguous_rays": 0,
    "legacy_intersection_count": 0,
    "independent_intersection_count": 0,
    "fluid_N": 110592,
    "inner_N": 642,
    "temperature": 0.9897350207901517,
    "fluid_max_speed": 5.495584548631886,
    "wall_crossings": 0
  },
  "first_confirmed_membership_discrepancy": null,
  "first_confirmed_self_intersection": null,
  "probe_summary": {
    "tested_point_frames": 9408,
    "confirmed_mismatched_point_frames": 0,
    "near_surface_uncertain_point_frames": 1,
    "ambiguous_ray_point_frames": 0,
    "scope": "Fixed identity sample, not whole-fluid leakage or continuous-time proof"
  },
  "native_error_lines": {
    "relaxation_00000.log": [
      "17:00:21:494  Rank 0000         at /home/lzy/projects/mirheo_starter/vendor/Mirheo/src/mirheo/core/bouncers/from_mesh.cu:127 Found too many triangle collision candidates (coarse) (7458, max 6400) in bouncer 'membrane_bounce_outer'."
    ]
  },
  "limitations": [
    "A short pass does not cover Gamma=4 or the original shear-failure range.",
    "Velocity times dt is a diagnostic scale, not measured one-step oldPositions displacement.",
    "No material, force-feedback or general impermeability qualification follows from this saved-state screen."
  ],
  "cpu_analysis_s": 10.15994009499991
}
