{
  "recorded_at": "2026-09-10T15:00:21.644412+00:00",
  "task": "A1_independent_installed",
  "directory": "/home/lzy/projects/mirheo_starter/runs/single_rbc_repair/rbc_repair_20260910T131105Z/gpu/A1_independent_installed",
  "execution": {
    "schema_version": 2,
    "started_at_utc": "2026-09-10T14:59:53.952089+00:00",
    "ended_at_utc": "2026-09-10T15:00:21.611437+00:00",
    "elapsed_monotonic_s": 27.659322403997066,
    "allocation_s": 90.0,
    "exit_code": 255,
    "timeout": false,
    "reason": "NORMAL_EXIT",
    "signals": [],
    "remaining_own_group_processes": [],
    "device_sampled_peak_used_MiB": 2154,
    "memory_scope": "sampled device-wide usage including other applications; not exact process peak",
    "resource_samples": [
      {
        "elapsed_s": 0.006373415999405552,
        "recorded_at": "2026-09-10T14:59:54.032600+00:00",
        "gpus": [
          {
            "name": "NVIDIA GeForce RTX 4060 Laptop GPU",
            "total_MiB": 8188,
            "used_MiB": 1998,
            "free_MiB": 5960
          }
        ],
        "host_memory_bytes": {
          "MemTotal": 8183242752,
          "MemAvailable": 3174793216,
          "SwapTotal": 2147483648,
          "SwapFree": 1995329536
        },
        "gpu_memory_semantics": "device-wide sampled values, includes other applications; not exact process peak"
      },
      {
        "elapsed_s": 3.084628085998702,
        "recorded_at": "2026-09-10T14:59:57.135148+00:00",
        "gpus": [
          {
            "name": "NVIDIA GeForce RTX 4060 Laptop GPU",
            "total_MiB": 8188,
            "used_MiB": 2154,
            "free_MiB": 5804
          }
        ],
        "host_memory_bytes": {
          "MemTotal": 8183242752,
          "MemAvailable": 2933493760,
          "SwapTotal": 2147483648,
          "SwapFree": 1995329536
        },
        "gpu_memory_semantics": "device-wide sampled values, includes other applications; not exact process peak"
      },
      {
        "elapsed_s": 6.187545806998969,
        "recorded_at": "2026-09-10T15:00:00.203594+00:00",
        "gpus": [
          {
            "name": "NVIDIA GeForce RTX 4060 Laptop GPU",
            "total_MiB": 8188,
            "used_MiB": 2129,
            "free_MiB": 5829
          }
        ],
        "host_memory_bytes": {
          "MemTotal": 8183242752,
          "MemAvailable": 2962010112,
          "SwapTotal": 2147483648,
          "SwapFree": 1995329536
        },
        "gpu_memory_semantics": "device-wide sampled values, includes other applications; not exact process peak"
      },
      {
        "elapsed_s": 9.254788676000317,
        "recorded_at": "2026-09-10T15:00:03.259190+00:00",
        "gpus": [
          {
            "name": "NVIDIA GeForce RTX 4060 Laptop GPU",
            "total_MiB": 8188,
            "used_MiB": 2126,
            "free_MiB": 5832
          }
        ],
        "host_memory_bytes": {
          "MemTotal": 8183242752,
          "MemAvailable": 2961313792,
          "SwapTotal": 2147483648,
          "SwapFree": 1995329536
        },
        "gpu_memory_semantics": "device-wide sampled values, includes other applications; not exact process peak"
      },
      {
        "elapsed_s": 12.31131159299548,
        "recorded_at": "2026-09-10T15:00:06.351988+00:00",
        "gpus": [
          {
            "name": "NVIDIA GeForce RTX 4060 Laptop GPU",
            "total_MiB": 8188,
            "used_MiB": 2127,
            "free_MiB": 5831
          }
        ],
        "host_memory_bytes": {
          "MemTotal": 8183242752,
          "MemAvailable": 2962178048,
          "SwapTotal": 2147483648,
          "SwapFree": 1995329536
        },
        "gpu_memory_semantics": "device-wide sampled values, includes other applications; not exact process peak"
      },
      {
        "elapsed_s": 15.409489097000915,
        "recorded_at": "2026-09-10T15:00:09.451138+00:00",
        "gpus": [
          {
            "name": "NVIDIA GeForce RTX 4060 Laptop GPU",
            "total_MiB": 8188,
            "used_MiB": 2122,
            "free_MiB": 5836
          }
        ],
        "host_memory_bytes": {
          "MemTotal": 8183242752,
          "MemAvailable": 2963849216,
          "SwapTotal": 2147483648,
          "SwapFree": 1995329536
        },
        "gpu_memory_semantics": "device-wide sampled values, includes other applications; not exact process peak"
      },
      {
        "elapsed_s": 18.519886900998245,
        "recorded_at": "2026-09-10T15:00:12.543263+00:00",
        "gpus": [
          {
            "name": "NVIDIA GeForce RTX 4060 Laptop GPU",
            "total_MiB": 8188,
            "used_MiB": 2127,
            "free_MiB": 5831
          }
        ],
        "host_memory_bytes": {
          "MemTotal": 8183242752,
          "MemAvailable": 2961965056,
          "SwapTotal": 2147483648,
          "SwapFree": 1995329536
        },
        "gpu_memory_semantics": "device-wide sampled values, includes other applications; not exact process peak"
      },
      {
        "elapsed_s": 21.62802033600019,
        "recorded_at": "2026-09-10T15:00:15.637596+00:00",
        "gpus": [
          {
            "name": "NVIDIA GeForce RTX 4060 Laptop GPU",
            "total_MiB": 8188,
            "used_MiB": 2127,
            "free_MiB": 5831
          }
        ],
        "host_memory_bytes": {
          "MemTotal": 8183242752,
          "MemAvailable": 2962997248,
          "SwapTotal": 2147483648,
          "SwapFree": 1995329536
        },
        "gpu_memory_semantics": "device-wide sampled values, includes other applications; not exact process peak"
      },
      {
        "elapsed_s": 24.69788616200094,
        "recorded_at": "2026-09-10T15:00:18.702180+00:00",
        "gpus": [
          {
            "name": "NVIDIA GeForce RTX 4060 Laptop GPU",
            "total_MiB": 8188,
            "used_MiB": 2127,
            "free_MiB": 5831
          }
        ],
        "host_memory_bytes": {
          "MemTotal": 8183242752,
          "MemAvailable": 2962116608,
          "SwapTotal": 2147483648,
          "SwapFree": 1995329536
        },
        "gpu_memory_semantics": "device-wide sampled values, includes other applications; not exact process peak"
      }
    ],
    "status": "STOPPED_OR_FAILED"
  },
  "cached": false,
  "attempt_launched": true,
  "new_repeat": true,
  "qualified_speedup": null,
  "next_action": "CPU review before the next distinct control"
}
