{
  "task": "A2_shared_ordered_isolated",
  "source_directory": "/home/lzy/projects/mirheo_starter/runs/single_rbc_repair/rbc_repair_20260910T131105Z/gpu/A2_shared_ordered_isolated",
  "recorded_at": "2026-09-10T15:03:26.212334+00:00",
  "scope": "Saved short-control states only; not a full-range fix or material acceptance",
  "qualified_speedup": null,
  "completion": {
    "completed": true,
    "role": "main",
    "cell_count": 1,
    "vertices": 642,
    "actual_steps": 5000,
    "prep_steps": 5000,
    "shear_steps": 0,
    "strain_end": 0.0,
    "dt_star": 0.001,
    "fluid_particles": 110592,
    "rank_count": 2,
    "precision_bits": 32,
    "setup_s": 2.1266399460000684,
    "relaxation_s": 18.53377065499808,
    "coupled_s": 0.0,
    "output_s": 5.4835759999841684,
    "wall_preparation_s": 1.617436335000093,
    "state_handoff_s": 0.09504753399960464,
    "worker_elapsed_s": 26.29186242799915,
    "coordinators_sequential": 1,
    "wall_hidden_steps": 2000,
    "checkpoints_loaded": 0,
    "membrane_updates": 5000,
    "interior_viscosity_ratio": 1.0,
    "bouncer": "bounce_back",
    "membrane_thermostat_gammaC": 0.0,
    "classifier_corrections": 0
  },
  "status": "SHORT_CONTROL_HAS_UNRESOLVED_QUALITY_FAILURE",
  "short_screen": {
    "same_phase_native_ids_and_positions": true,
    "no_confirmed_probe_discrepancy": true,
    "no_confirmed_self_intersection": true,
    "area_within_original_2pct": false,
    "volume_within_original_2pct": true,
    "constant_fluid_N": true,
    "no_saved_wall_crossings": true,
    "completed_planned_short_protocol": true
  },
  "frames": 51,
  "last_saved_frame": {
    "phase": "relaxation",
    "step": 5000,
    "time_star": 0.0,
    "strain": 0.0,
    "area": 128.16421934083758,
    "volume": 80.9723899089662,
    "D": 0.4878717932935418,
    "theta_deg": -3.1895863374824103,
    "area_relative_drift": 0.008106140836051323,
    "volume_relative_drift": 0.0017743466692148324,
    "minimum_face_area": 0.042238270080518454,
    "max_wlc_extension_fraction": 0.7407825400270054,
    "membrane_speed_dt_over_reference_min_edge": 0.015637323873886305,
    "confirmed_member_point_frames": 0,
    "near_surface_uncertain": 0,
    "ambiguous_rays": 0,
    "legacy_intersection_count": 0,
    "independent_intersection_count": 0,
    "fluid_N": 110592,
    "inner_N": 643,
    "temperature": 1.015144259717115,
    "fluid_max_speed": 5.136224395577004,
    "wall_crossings": 0
  },
  "first_confirmed_membership_discrepancy": null,
  "first_confirmed_self_intersection": null,
  "probe_summary": {
    "tested_point_frames": 9792,
    "confirmed_mismatched_point_frames": 0,
    "near_surface_uncertain_point_frames": 1,
    "ambiguous_ray_point_frames": 0,
    "scope": "Fixed identity sample, not whole-fluid leakage or continuous-time proof"
  },
  "native_error_lines": {},
  "limitations": [
    "A short pass does not cover Gamma=4 or the original shear-failure range.",
    "Velocity times dt is a diagnostic scale, not measured one-step oldPositions displacement.",
    "No material, force-feedback or general impermeability qualification follows from this saved-state screen."
  ],
  "cpu_analysis_s": 10.656822800003283
}
