{
  "recorded_at": "2026-09-10T15:06:03.710825+00:00",
  "task": "A3_ordered_instrumented",
  "directory": "/home/lzy/projects/mirheo_starter/runs/single_rbc_repair/rbc_repair_20260910T131105Z/gpu/A3_ordered_instrumented",
  "execution": {
    "schema_version": 2,
    "started_at_utc": "2026-09-10T15:05:36.737629+00:00",
    "ended_at_utc": "2026-09-10T15:06:03.652476+00:00",
    "elapsed_monotonic_s": 26.914816550997784,
    "allocation_s": 90.0,
    "exit_code": 0,
    "timeout": false,
    "reason": "NORMAL_EXIT",
    "signals": [],
    "remaining_own_group_processes": [],
    "device_sampled_peak_used_MiB": 2117,
    "memory_scope": "sampled device-wide usage including other applications; not exact process peak",
    "resource_samples": [
      {
        "elapsed_s": 0.0066563069995027035,
        "recorded_at": "2026-09-10T15:05:36.806362+00:00",
        "gpus": [
          {
            "name": "NVIDIA GeForce RTX 4060 Laptop GPU",
            "total_MiB": 8188,
            "used_MiB": 1962,
            "free_MiB": 5996
          }
        ],
        "host_memory_bytes": {
          "MemTotal": 8183242752,
          "MemAvailable": 3176394752,
          "SwapTotal": 2147483648,
          "SwapFree": 1943654400
        },
        "gpu_memory_semantics": "device-wide sampled values, includes other applications; not exact process peak"
      },
      {
        "elapsed_s": 3.0762467339955037,
        "recorded_at": "2026-09-10T15:05:39.876719+00:00",
        "gpus": [
          {
            "name": "NVIDIA GeForce RTX 4060 Laptop GPU",
            "total_MiB": 8188,
            "used_MiB": 2117,
            "free_MiB": 5841
          }
        ],
        "host_memory_bytes": {
          "MemTotal": 8183242752,
          "MemAvailable": 2963079168,
          "SwapTotal": 2147483648,
          "SwapFree": 1943654400
        },
        "gpu_memory_semantics": "device-wide sampled values, includes other applications; not exact process peak"
      },
      {
        "elapsed_s": 6.1453704239975195,
        "recorded_at": "2026-09-10T15:05:42.934101+00:00",
        "gpus": [
          {
            "name": "NVIDIA GeForce RTX 4060 Laptop GPU",
            "total_MiB": 8188,
            "used_MiB": 2030,
            "free_MiB": 5928
          }
        ],
        "host_memory_bytes": {
          "MemTotal": 8183242752,
          "MemAvailable": 2982883328,
          "SwapTotal": 2147483648,
          "SwapFree": 1943654400
        },
        "gpu_memory_semantics": "device-wide sampled values, includes other applications; not exact process peak"
      },
      {
        "elapsed_s": 9.200614507994032,
        "recorded_at": "2026-09-10T15:05:46.022063+00:00",
        "gpus": [
          {
            "name": "NVIDIA GeForce RTX 4060 Laptop GPU",
            "total_MiB": 8188,
            "used_MiB": 2029,
            "free_MiB": 5929
          }
        ],
        "host_memory_bytes": {
          "MemTotal": 8183242752,
          "MemAvailable": 2983006208,
          "SwapTotal": 2147483648,
          "SwapFree": 1943654400
        },
        "gpu_memory_semantics": "device-wide sampled values, includes other applications; not exact process peak"
      },
      {
        "elapsed_s": 12.289216956000018,
        "recorded_at": "2026-09-10T15:05:49.085650+00:00",
        "gpus": [
          {
            "name": "NVIDIA GeForce RTX 4060 Laptop GPU",
            "total_MiB": 8188,
            "used_MiB": 2026,
            "free_MiB": 5932
          }
        ],
        "host_memory_bytes": {
          "MemTotal": 8183242752,
          "MemAvailable": 2961371136,
          "SwapTotal": 2147483648,
          "SwapFree": 1943654400
        },
        "gpu_memory_semantics": "device-wide sampled values, includes other applications; not exact process peak"
      },
      {
        "elapsed_s": 15.35288517799927,
        "recorded_at": "2026-09-10T15:05:52.163142+00:00",
        "gpus": [
          {
            "name": "NVIDIA GeForce RTX 4060 Laptop GPU",
            "total_MiB": 8188,
            "used_MiB": 2023,
            "free_MiB": 5935
          }
        ],
        "host_memory_bytes": {
          "MemTotal": 8183242752,
          "MemAvailable": 2980077568,
          "SwapTotal": 2147483648,
          "SwapFree": 1943654400
        },
        "gpu_memory_semantics": "device-wide sampled values, includes other applications; not exact process peak"
      },
      {
        "elapsed_s": 18.42962454100052,
        "recorded_at": "2026-09-10T15:05:55.253071+00:00",
        "gpus": [
          {
            "name": "NVIDIA GeForce RTX 4060 Laptop GPU",
            "total_MiB": 8188,
            "used_MiB": 2028,
            "free_MiB": 5930
          }
        ],
        "host_memory_bytes": {
          "MemTotal": 8183242752,
          "MemAvailable": 2980384768,
          "SwapTotal": 2147483648,
          "SwapFree": 1943654400
        },
        "gpu_memory_semantics": "device-wide sampled values, includes other applications; not exact process peak"
      },
      {
        "elapsed_s": 21.52008365999791,
        "recorded_at": "2026-09-10T15:05:58.345061+00:00",
        "gpus": [
          {
            "name": "NVIDIA GeForce RTX 4060 Laptop GPU",
            "total_MiB": 8188,
            "used_MiB": 2022,
            "free_MiB": 5936
          }
        ],
        "host_memory_bytes": {
          "MemTotal": 8183242752,
          "MemAvailable": 2960683008,
          "SwapTotal": 2147483648,
          "SwapFree": 1943654400
        },
        "gpu_memory_semantics": "device-wide sampled values, includes other applications; not exact process peak"
      },
      {
        "elapsed_s": 24.6123465089986,
        "recorded_at": "2026-09-10T15:06:01.429426+00:00",
        "gpus": [
          {
            "name": "NVIDIA GeForce RTX 4060 Laptop GPU",
            "total_MiB": 8188,
            "used_MiB": 2028,
            "free_MiB": 5930
          }
        ],
        "host_memory_bytes": {
          "MemTotal": 8183242752,
          "MemAvailable": 2979201024,
          "SwapTotal": 2147483648,
          "SwapFree": 1943654400
        },
        "gpu_memory_semantics": "device-wide sampled values, includes other applications; not exact process peak"
      }
    ],
    "status": "COMPLETED"
  },
  "cached": false,
  "attempt_launched": true,
  "new_repeat": true,
  "qualified_speedup": null,
  "next_action": "CPU review before the next distinct control"
}
