{
  "task": "derived_observations",
  "source_directory": "/home/lzy/projects/mirheo_starter/data/single_rbc_repair/rbc_repair_20260910T131105Z/runtime_reviews/A5_continuous_preparation_30/derived_observations",
  "recorded_at": "2026-09-10T15:24:33.590668+00:00",
  "scope": "Saved short-control states only; not a full-range fix or material acceptance",
  "qualified_speedup": null,
  "completion": null,
  "status": "SHORT_CONTROL_HAS_UNRESOLVED_QUALITY_FAILURE",
  "short_screen": {
    "same_phase_native_ids_and_positions": true,
    "no_confirmed_probe_discrepancy": true,
    "no_confirmed_self_intersection": true,
    "area_within_original_2pct": true,
    "volume_within_original_2pct": true,
    "constant_fluid_N": true,
    "no_saved_wall_crossings": true,
    "completed_planned_short_protocol": false
  },
  "frames": 13,
  "last_saved_frame": {
    "phase": "relaxation",
    "step": 6000,
    "time_star": -24.0,
    "strain": 0.0,
    "area": 128.49029920606324,
    "volume": 81.3391539612594,
    "D": 0.4798662314494334,
    "theta_deg": -1.744545062008001,
    "area_relative_drift": 0.005582529975096451,
    "volume_relative_drift": 0.002747111646764555,
    "minimum_face_area": 0.03619536026153464,
    "max_wlc_extension_fraction": 0.7878999707628253,
    "membrane_speed_dt_over_reference_min_edge": 0.015246598575312782,
    "confirmed_member_point_frames": 0,
    "near_surface_uncertain": 0,
    "ambiguous_rays": 0,
    "legacy_intersection_count": 0,
    "independent_intersection_count": 0,
    "fluid_N": 110592,
    "inner_N": 642,
    "temperature": 1.0241318034814701,
    "fluid_max_speed": 6.586960521656796,
    "wall_crossings": 0
  },
  "first_confirmed_membership_discrepancy": null,
  "first_confirmed_self_intersection": null,
  "probe_summary": {
    "tested_point_frames": 2496,
    "confirmed_mismatched_point_frames": 0,
    "near_surface_uncertain_point_frames": 1,
    "ambiguous_ray_point_frames": 0,
    "scope": "Fixed identity sample, not whole-fluid leakage or continuous-time proof"
  },
  "native_error_lines": {
    "relaxation_00000.log": [
      "17:22:18:340  Rank 0000         at /home/lzy/projects/mirheo_starter/data/single_rbc_repair/rbc_repair_20260910T131105Z/native/source/src/mirheo/core/bouncers/from_mesh.cu:133 Found too many triangle collision candidates (coarse) (13675, max 6400) in bouncer 'membrane_bounce_outer'; phase_step_zero_based=6407 pv=outer locality=local."
    ]
  },
  "limitations": [
    "A short pass does not cover Gamma=4 or the original shear-failure range.",
    "Velocity times dt is a diagnostic scale, not measured one-step oldPositions displacement.",
    "No material, force-feedback or general impermeability qualification follows from this saved-state screen."
  ],
  "cpu_analysis_s": 2.7823606559977634
}
