{
  "task": "derived_observations",
  "source_directory": "/home/lzy/projects/mirheo_starter/data/single_rbc_repair/rbc_repair_20260910T131105Z/runtime_reviews/A6_continuous_preparation_half_dt/derived_observations",
  "recorded_at": "2026-09-10T15:30:39.193700+00:00",
  "scope": "Saved short-control states only; not a full-range fix or material acceptance",
  "qualified_speedup": null,
  "completion": {
    "completed": true,
    "role": "main",
    "cell_count": 1,
    "vertices": 642,
    "actual_steps": 60000,
    "prep_steps": 60000,
    "shear_steps": 0,
    "strain_end": 0.0,
    "dt_star": 0.0005,
    "fluid_particles": 110592,
    "rank_count": 2,
    "precision_bits": 32,
    "setup_s": 4.186950108996825,
    "relaxation_s": 225.1741735839969,
    "coupled_s": 0.0,
    "output_s": 0.11879136900097365,
    "wall_preparation_s": 3.553140162002819,
    "state_handoff_s": 0.10344969500147272,
    "worker_elapsed_s": 229.6204416229957,
    "coordinators_sequential": 1,
    "wall_hidden_steps": 4000,
    "checkpoints_loaded": 0,
    "membrane_updates": 60000,
    "interior_viscosity_ratio": 1.0,
    "bouncer": "bounce_back",
    "membrane_thermostat_gammaC": 0.0,
    "classifier_corrections": 0,
    "initial_classifier_calls": 1,
    "run_api_mode": "one_continuous_call_per_phase",
    "native_dump_sampling": "beforeForces at the indexed step; saved forces are from the preceding force-saver update",
    "native_dump_output_included_in_relaxation_s": true
  },
  "status": "SHORT_CONTROL_HAS_UNRESOLVED_QUALITY_FAILURE",
  "short_screen": {
    "same_phase_native_ids_and_positions": true,
    "no_confirmed_probe_discrepancy": true,
    "no_confirmed_self_intersection": true,
    "area_within_original_2pct": false,
    "volume_within_original_2pct": true,
    "constant_fluid_N": true,
    "no_saved_wall_crossings": true,
    "completed_planned_short_protocol": true
  },
  "frames": 61,
  "last_saved_frame": {
    "phase": "relaxation",
    "step": 60000,
    "time_star": 0.0,
    "strain": 0.0,
    "area": 127.23157798815271,
    "volume": 81.35196197350793,
    "D": 0.45830894519094867,
    "theta_deg": 5.286890869867534,
    "area_relative_drift": 0.015324077599434105,
    "volume_relative_drift": 0.0029050085102388934,
    "minimum_face_area": 0.0365607081465649,
    "max_wlc_extension_fraction": 0.726247585656099,
    "membrane_speed_dt_over_reference_min_edge": 0.008818898737759,
    "confirmed_member_point_frames": 0,
    "near_surface_uncertain": 0,
    "ambiguous_rays": 0,
    "legacy_intersection_count": 0,
    "independent_intersection_count": 0,
    "fluid_N": 110592,
    "inner_N": 642,
    "temperature": 0.9958123101197635,
    "fluid_max_speed": 5.062683422838971,
    "wall_crossings": 0
  },
  "first_confirmed_membership_discrepancy": null,
  "first_confirmed_self_intersection": null,
  "probe_summary": {
    "tested_point_frames": 11712,
    "confirmed_mismatched_point_frames": 0,
    "near_surface_uncertain_point_frames": 0,
    "ambiguous_ray_point_frames": 0,
    "scope": "Fixed identity sample, not whole-fluid leakage or continuous-time proof"
  },
  "native_error_lines": {},
  "limitations": [
    "A short pass does not cover Gamma=4 or the original shear-failure range.",
    "Velocity times dt is a diagnostic scale, not measured one-step oldPositions displacement.",
    "No material, force-feedback or general impermeability qualification follows from this saved-state screen."
  ],
  "cpu_analysis_s": 12.453607148003357
}
