{
  "recorded_at": "2026-09-10T15:32:02.805345+00:00",
  "source_directory": "/home/lzy/projects/mirheo_starter/data/single_rbc_repair/rbc_repair_20260910T131105Z/runtime_reviews/A6_continuous_preparation_half_dt/derived_observations",
  "criteria": {
    "shape_rms_over_a": 0.02,
    "residual_shape_rms_over_a_per_time": 0.002,
    "window_time_star": 2.0,
    "minimum_consecutive_windows": 3,
    "orientation_change_degrees_per_time": 0.5,
    "maximum_time_star": 30.0,
    "note": "proposed before new preparation data; same criteria for both; thermal fluctuations assessed using matched windows, no coordinate rotation fitting"
  },
  "definition": "Center translation removed per frame; nonoverlapping 2-unit windows average corresponding vertex coordinates, with no rotation or time fitting. Residual is RMS between consecutive window means divided by reference a and window duration. Angles use the same XZ geometry definition and axial circular means.",
  "reference_shape_scope": "Distance to the shared reference is diagnostic only, not a newly measured HemoCell-versus-Mirheo acceptance test.",
  "final_saved_elapsed_time_star": 30.0,
  "final_reference_shape_rms_over_a": 0.14669560710639637,
  "last_required_transitions_pass": false,
  "status": "PREPARATION_RESIDUAL_CRITERIA_FAILED_OR_INCOMPLETE",
  "new_HemoCell_match_measured": false,
  "qualified_speedup": null,
  "cpu_analysis_s": 4.083697264002694
}
