........................................................................ [ 31%]
........................................................................ [ 62%]
........................................................................ [ 93%]
..............                                                           [100%]
=============================== warnings summary ===============================
tests/particle1/test_particle1_plot_generation.py::test_synthetic_plot_functions_rerun_without_real_fem
  /home/lzy/projects/ulm_particle_3d_particle0/particle_3d/scripts/generate_particle1_report.py:54: UserWarning: Glyph 26597 (\N{CJK UNIFIED IDEOGRAPH-67E5}) missing from font(s) DejaVu Sans.
    fig.savefig(FIGURES/name,bbox_inches='tight'); plt.close(fig)

tests/particle1/test_particle1_plot_generation.py::test_synthetic_plot_functions_rerun_without_real_fem
  /home/lzy/projects/ulm_particle_3d_particle0/particle_3d/scripts/generate_particle1_report.py:54: UserWarning: Glyph 27969 (\N{CJK UNIFIED IDEOGRAPH-6D41}) missing from font(s) DejaVu Sans.
    fig.savefig(FIGURES/name,bbox_inches='tight'); plt.close(fig)

tests/particle1/test_particle1_plot_generation.py::test_synthetic_plot_functions_rerun_without_real_fem
  /home/lzy/projects/ulm_particle_3d_particle0/particle_3d/scripts/generate_particle1_report.py:54: UserWarning: Glyph 22330 (\N{CJK UNIFIED IDEOGRAPH-573A}) missing from font(s) DejaVu Sans.
    fig.savefig(FIGURES/name,bbox_inches='tight'); plt.close(fig)

tests/particle1/test_particle1_plot_generation.py::test_synthetic_plot_functions_rerun_without_real_fem
  /home/lzy/projects/ulm_particle_3d_particle0/particle_3d/scripts/generate_particle1_report.py:54: UserWarning: Glyph 24471 (\N{CJK UNIFIED IDEOGRAPH-5F97}) missing from font(s) DejaVu Sans.
    fig.savefig(FIGURES/name,bbox_inches='tight'); plt.close(fig)

tests/particle1/test_particle1_plot_generation.py::test_synthetic_plot_functions_rerun_without_real_fem
  /home/lzy/projects/ulm_particle_3d_particle0/particle_3d/scripts/generate_particle1_report.py:54: UserWarning: Glyph 21040 (\N{CJK UNIFIED IDEOGRAPH-5230}) missing from font(s) DejaVu Sans.
    fig.savefig(FIGURES/name,bbox_inches='tight'); plt.close(fig)

tests/particle1/test_particle1_plot_generation.py::test_synthetic_plot_functions_rerun_without_real_fem
  /home/lzy/projects/ulm_particle_3d_particle0/particle_3d/scripts/generate_particle1_report.py:54: UserWarning: Glyph 31890 (\N{CJK UNIFIED IDEOGRAPH-7C92}) missing from font(s) DejaVu Sans.
    fig.savefig(FIGURES/name,bbox_inches='tight'); plt.close(fig)

tests/particle1/test_particle1_plot_generation.py::test_synthetic_plot_functions_rerun_without_real_fem
  /home/lzy/projects/ulm_particle_3d_particle0/particle_3d/scripts/generate_particle1_report.py:54: UserWarning: Glyph 23376 (\N{CJK UNIFIED IDEOGRAPH-5B50}) missing from font(s) DejaVu Sans.
    fig.savefig(FIGURES/name,bbox_inches='tight'); plt.close(fig)

tests/particle1/test_particle1_plot_generation.py::test_synthetic_plot_functions_rerun_without_real_fem
  /home/lzy/projects/ulm_particle_3d_particle0/particle_3d/scripts/generate_particle1_report.py:54: UserWarning: Glyph 36895 (\N{CJK UNIFIED IDEOGRAPH-901F}) missing from font(s) DejaVu Sans.
    fig.savefig(FIGURES/name,bbox_inches='tight'); plt.close(fig)

tests/particle1/test_particle1_plot_generation.py::test_synthetic_plot_functions_rerun_without_real_fem
  /home/lzy/projects/ulm_particle_3d_particle0/particle_3d/scripts/generate_particle1_report.py:54: UserWarning: Glyph 24230 (\N{CJK UNIFIED IDEOGRAPH-5EA6}) missing from font(s) DejaVu Sans.
    fig.savefig(FIGURES/name,bbox_inches='tight'); plt.close(fig)

tests/particle1/test_particle1_plot_generation.py::test_synthetic_plot_functions_rerun_without_real_fem
  /home/lzy/projects/ulm_particle_3d_particle0/particle_3d/scripts/generate_particle1_report.py:54: UserWarning: Glyph 25512 (\N{CJK UNIFIED IDEOGRAPH-63A8}) missing from font(s) DejaVu Sans.
    fig.savefig(FIGURES/name,bbox_inches='tight'); plt.close(fig)

tests/particle1/test_particle1_plot_generation.py::test_synthetic_plot_functions_rerun_without_real_fem
  /home/lzy/projects/ulm_particle_3d_particle0/particle_3d/scripts/generate_particle1_report.py:54: UserWarning: Glyph 36827 (\N{CJK UNIFIED IDEOGRAPH-8FDB}) missing from font(s) DejaVu Sans.
    fig.savefig(FIGURES/name,bbox_inches='tight'); plt.close(fig)

tests/particle1/test_particle1_plot_generation.py::test_synthetic_plot_functions_rerun_without_real_fem
  /home/lzy/projects/ulm_particle_3d_particle0/particle_3d/scripts/generate_particle1_report.py:54: UserWarning: Glyph 19968 (\N{CJK UNIFIED IDEOGRAPH-4E00}) missing from font(s) DejaVu Sans.
    fig.savefig(FIGURES/name,bbox_inches='tight'); plt.close(fig)

tests/particle1/test_particle1_plot_generation.py::test_synthetic_plot_functions_rerun_without_real_fem
  /home/lzy/projects/ulm_particle_3d_particle0/particle_3d/scripts/generate_particle1_report.py:54: UserWarning: Glyph 27493 (\N{CJK UNIFIED IDEOGRAPH-6B65}) missing from font(s) DejaVu Sans.
    fig.savefig(FIGURES/name,bbox_inches='tight'); plt.close(fig)

tests/particle1/test_particle1_plot_generation.py::test_synthetic_plot_functions_rerun_without_real_fem
  /home/lzy/projects/ulm_particle_3d_particle0/particle_3d/scripts/generate_particle1_report.py:54: UserWarning: Glyph 65306 (\N{FULLWIDTH COLON}) missing from font(s) DejaVu Sans.
    fig.savefig(FIGURES/name,bbox_inches='tight'); plt.close(fig)

tests/particle1/test_particle1_plot_generation.py::test_synthetic_plot_functions_rerun_without_real_fem
  /home/lzy/projects/ulm_particle_3d_particle0/particle_3d/scripts/generate_particle1_report.py:54: UserWarning: Glyph 22312 (\N{CJK UNIFIED IDEOGRAPH-5728}) missing from font(s) DejaVu Sans.
    fig.savefig(FIGURES/name,bbox_inches='tight'); plt.close(fig)

tests/particle1/test_particle1_plot_generation.py::test_synthetic_plot_functions_rerun_without_real_fem
  /home/lzy/projects/ulm_particle_3d_particle0/particle_3d/scripts/generate_particle1_report.py:54: UserWarning: Glyph 26087 (\N{CJK UNIFIED IDEOGRAPH-65E7}) missing from font(s) DejaVu Sans.
    fig.savefig(FIGURES/name,bbox_inches='tight'); plt.close(fig)

tests/particle1/test_particle1_plot_generation.py::test_synthetic_plot_functions_rerun_without_real_fem
  /home/lzy/projects/ulm_particle_3d_particle0/particle_3d/scripts/generate_particle1_report.py:54: UserWarning: Glyph 20301 (\N{CJK UNIFIED IDEOGRAPH-4F4D}) missing from font(s) DejaVu Sans.
    fig.savefig(FIGURES/name,bbox_inches='tight'); plt.close(fig)

tests/particle1/test_particle1_plot_generation.py::test_synthetic_plot_functions_rerun_without_real_fem
  /home/lzy/projects/ulm_particle_3d_particle0/particle_3d/scripts/generate_particle1_report.py:54: UserWarning: Glyph 32622 (\N{CJK UNIFIED IDEOGRAPH-7F6E}) missing from font(s) DejaVu Sans.
    fig.savefig(FIGURES/name,bbox_inches='tight'); plt.close(fig)

tests/particle1/test_particle1_plot_generation.py::test_synthetic_plot_functions_rerun_without_real_fem
  /home/lzy/projects/ulm_particle_3d_particle0/particle_3d/scripts/generate_particle1_report.py:54: UserWarning: Glyph 35835 (\N{CJK UNIFIED IDEOGRAPH-8BFB}) missing from font(s) DejaVu Sans.
    fig.savefig(FIGURES/name,bbox_inches='tight'); plt.close(fig)

tests/particle1/test_particle1_plot_generation.py::test_synthetic_plot_functions_rerun_without_real_fem
  /home/lzy/projects/ulm_particle_3d_particle0/particle_3d/scripts/generate_particle1_report.py:54: UserWarning: Glyph 21462 (\N{CJK UNIFIED IDEOGRAPH-53D6}) missing from font(s) DejaVu Sans.
    fig.savefig(FIGURES/name,bbox_inches='tight'); plt.close(fig)

tests/particle1/test_particle1_plot_generation.py::test_synthetic_plot_functions_rerun_without_real_fem
  /home/lzy/projects/ulm_particle_3d_particle0/particle_3d/scripts/generate_particle1_report.py:54: UserWarning: Glyph 21644 (\N{CJK UNIFIED IDEOGRAPH-548C}) missing from font(s) DejaVu Sans.
    fig.savefig(FIGURES/name,bbox_inches='tight'); plt.close(fig)

tests/particle1/test_particle1_plot_generation.py::test_synthetic_plot_functions_rerun_without_real_fem
  /home/lzy/projects/ulm_particle_3d_particle0/particle_3d/scripts/generate_particle1_report.py:54: UserWarning: Glyph 12290 (\N{IDEOGRAPHIC FULL STOP}) missing from font(s) DejaVu Sans.
    fig.savefig(FIGURES/name,bbox_inches='tight'); plt.close(fig)

tests/particle1/test_particle1_plot_generation.py::test_synthetic_plot_functions_rerun_without_real_fem
  /home/lzy/projects/ulm_particle_3d_particle0/particle_3d/scripts/generate_particle1_report.py:54: UserWarning: Glyph 65307 (\N{FULLWIDTH SEMICOLON}) missing from font(s) DejaVu Sans.
    fig.savefig(FIGURES/name,bbox_inches='tight'); plt.close(fig)

tests/particle1/test_particle1_plot_generation.py::test_synthetic_plot_functions_rerun_without_real_fem
  /home/lzy/projects/ulm_particle_3d_particle0/particle_3d/scripts/generate_particle1_report.py:54: UserWarning: Glyph 26059 (\N{CJK UNIFIED IDEOGRAPH-65CB}) missing from font(s) DejaVu Sans.
    fig.savefig(FIGURES/name,bbox_inches='tight'); plt.close(fig)

tests/particle1/test_particle1_plot_generation.py::test_synthetic_plot_functions_rerun_without_real_fem
  /home/lzy/projects/ulm_particle_3d_particle0/particle_3d/scripts/generate_particle1_report.py:54: UserWarning: Glyph 36716 (\N{CJK UNIFIED IDEOGRAPH-8F6C}) missing from font(s) DejaVu Sans.
    fig.savefig(FIGURES/name,bbox_inches='tight'); plt.close(fig)

tests/particle1/test_particle1_plot_generation.py::test_synthetic_plot_functions_rerun_without_real_fem
  /home/lzy/projects/ulm_particle_3d_particle0/particle_3d/scripts/generate_particle1_report.py:54: UserWarning: Glyph 21521 (\N{CJK UNIFIED IDEOGRAPH-5411}) missing from font(s) DejaVu Sans.
    fig.savefig(FIGURES/name,bbox_inches='tight'); plt.close(fig)

tests/particle1/test_particle1_plot_generation.py::test_synthetic_plot_functions_rerun_without_real_fem
  /home/lzy/projects/ulm_particle_3d_particle0/particle_3d/scripts/generate_particle1_report.py:54: UserWarning: Glyph 21069 (\N{CJK UNIFIED IDEOGRAPH-524D}) missing from font(s) DejaVu Sans.
    fig.savefig(FIGURES/name,bbox_inches='tight'); plt.close(fig)

tests/particle1/test_particle1_plot_generation.py::test_synthetic_plot_functions_rerun_without_real_fem
  /home/lzy/projects/ulm_particle_3d_particle0/particle_3d/scripts/generate_particle1_report.py:54: UserWarning: Glyph 20010 (\N{CJK UNIFIED IDEOGRAPH-4E2A}) missing from font(s) DejaVu Sans.
    fig.savefig(FIGURES/name,bbox_inches='tight'); plt.close(fig)

tests/particle1/test_particle1_plot_generation.py::test_synthetic_plot_functions_rerun_without_real_fem
  /home/lzy/projects/ulm_particle_3d_particle0/particle_3d/scripts/generate_particle1_report.py:54: UserWarning: Glyph 39564 (\N{CJK UNIFIED IDEOGRAPH-9A8C}) missing from font(s) DejaVu Sans.
    fig.savefig(FIGURES/name,bbox_inches='tight'); plt.close(fig)

tests/particle1/test_particle1_plot_generation.py::test_synthetic_plot_functions_rerun_without_real_fem
  /home/lzy/projects/ulm_particle_3d_particle0/particle_3d/scripts/generate_particle1_report.py:54: UserWarning: Glyph 35777 (\N{CJK UNIFIED IDEOGRAPH-8BC1}) missing from font(s) DejaVu Sans.
    fig.savefig(FIGURES/name,bbox_inches='tight'); plt.close(fig)

tests/particle1/test_particle1_plot_generation.py::test_synthetic_plot_functions_rerun_without_real_fem
  /home/lzy/projects/ulm_particle_3d_particle0/particle_3d/scripts/generate_particle1_report.py:54: UserWarning: Glyph 26102 (\N{CJK UNIFIED IDEOGRAPH-65F6}) missing from font(s) DejaVu Sans.
    fig.savefig(FIGURES/name,bbox_inches='tight'); plt.close(fig)

tests/particle1/test_particle1_plot_generation.py::test_synthetic_plot_functions_rerun_without_real_fem
  /home/lzy/projects/ulm_particle_3d_particle0/particle_3d/scripts/generate_particle1_report.py:54: UserWarning: Glyph 38388 (\N{CJK UNIFIED IDEOGRAPH-95F4}) missing from font(s) DejaVu Sans.
    fig.savefig(FIGURES/name,bbox_inches='tight'); plt.close(fig)

tests/particle1/test_particle1_plot_generation.py::test_synthetic_plot_functions_rerun_without_real_fem
  /home/lzy/projects/ulm_particle_3d_particle0/particle_3d/scripts/generate_particle1_report.py:54: UserWarning: Glyph 26412 (\N{CJK UNIFIED IDEOGRAPH-672C}) missing from font(s) DejaVu Sans.
    fig.savefig(FIGURES/name,bbox_inches='tight'); plt.close(fig)

tests/particle1/test_particle1_plot_generation.py::test_synthetic_plot_functions_rerun_without_real_fem
  /home/lzy/projects/ulm_particle_3d_particle0/particle_3d/scripts/generate_particle1_report.py:54: UserWarning: Glyph 20363 (\N{CJK UNIFIED IDEOGRAPH-4F8B}) missing from font(s) DejaVu Sans.
    fig.savefig(FIGURES/name,bbox_inches='tight'); plt.close(fig)

tests/particle1/test_particle1_plot_generation.py::test_synthetic_plot_functions_rerun_without_real_fem
  /home/lzy/projects/ulm_particle_3d_particle0/particle_3d/scripts/generate_particle1_report.py:54: UserWarning: Glyph 65288 (\N{FULLWIDTH LEFT PARENTHESIS}) missing from font(s) DejaVu Sans.
    fig.savefig(FIGURES/name,bbox_inches='tight'); plt.close(fig)

tests/particle1/test_particle1_plot_generation.py::test_synthetic_plot_functions_rerun_without_real_fem
  /home/lzy/projects/ulm_particle_3d_particle0/particle_3d/scripts/generate_particle1_report.py:54: UserWarning: Glyph 20165 (\N{CJK UNIFIED IDEOGRAPH-4EC5}) missing from font(s) DejaVu Sans.
    fig.savefig(FIGURES/name,bbox_inches='tight'); plt.close(fig)

tests/particle1/test_particle1_plot_generation.py::test_synthetic_plot_functions_rerun_without_real_fem
  /home/lzy/projects/ulm_particle_3d_particle0/particle_3d/scripts/generate_particle1_report.py:54: UserWarning: Glyph 29992 (\N{CJK UNIFIED IDEOGRAPH-7528}) missing from font(s) DejaVu Sans.
    fig.savefig(FIGURES/name,bbox_inches='tight'); plt.close(fig)

tests/particle1/test_particle1_plot_generation.py::test_synthetic_plot_functions_rerun_without_real_fem
  /home/lzy/projects/ulm_particle_3d_particle0/particle_3d/scripts/generate_particle1_report.py:54: UserWarning: Glyph 65289 (\N{FULLWIDTH RIGHT PARENTHESIS}) missing from font(s) DejaVu Sans.
    fig.savefig(FIGURES/name,bbox_inches='tight'); plt.close(fig)

tests/particle1/test_particle1_plot_generation.py::test_synthetic_plot_functions_rerun_without_real_fem
  /home/lzy/projects/ulm_particle_3d_particle0/particle_3d/scripts/generate_particle1_report.py:54: UserWarning: Glyph 26032 (\N{CJK UNIFIED IDEOGRAPH-65B0}) missing from font(s) DejaVu Sans.
    fig.savefig(FIGURES/name,bbox_inches='tight'); plt.close(fig)

tests/particle1/test_particle1_plot_generation.py::test_synthetic_plot_functions_rerun_without_real_fem
  /home/lzy/projects/ulm_particle_3d_particle0/particle_3d/scripts/generate_particle1_report.py:54: UserWarning: Glyph 37325 (\N{CJK UNIFIED IDEOGRAPH-91CD}) missing from font(s) DejaVu Sans.
    fig.savefig(FIGURES/name,bbox_inches='tight'); plt.close(fig)

tests/particle1/test_particle1_plot_generation.py::test_synthetic_plot_functions_rerun_without_real_fem
  /home/lzy/projects/ulm_particle_3d_particle0/particle_3d/scripts/generate_particle1_report.py:54: UserWarning: Glyph 65292 (\N{FULLWIDTH COMMA}) missing from font(s) DejaVu Sans.
    fig.savefig(FIGURES/name,bbox_inches='tight'); plt.close(fig)

tests/particle1/test_particle1_plot_generation.py::test_synthetic_plot_functions_rerun_without_real_fem
  /home/lzy/projects/ulm_particle_3d_particle0/particle_3d/scripts/generate_particle1_report.py:54: UserWarning: Glyph 20445 (\N{CJK UNIFIED IDEOGRAPH-4FDD}) missing from font(s) DejaVu Sans.
    fig.savefig(FIGURES/name,bbox_inches='tight'); plt.close(fig)

tests/particle1/test_particle1_plot_generation.py::test_synthetic_plot_functions_rerun_without_real_fem
  /home/lzy/projects/ulm_particle_3d_particle0/particle_3d/scripts/generate_particle1_report.py:54: UserWarning: Glyph 23384 (\N{CJK UNIFIED IDEOGRAPH-5B58}) missing from font(s) DejaVu Sans.
    fig.savefig(FIGURES/name,bbox_inches='tight'); plt.close(fig)

tests/particle1/test_particle1_plot_generation.py::test_synthetic_plot_functions_rerun_without_real_fem
  /home/lzy/projects/ulm_particle_3d_particle0/particle_3d/scripts/generate_particle1_report.py:54: UserWarning: Glyph 23545 (\N{CJK UNIFIED IDEOGRAPH-5BF9}) missing from font(s) DejaVu Sans.
    fig.savefig(FIGURES/name,bbox_inches='tight'); plt.close(fig)

tests/particle1/test_particle1_plot_generation.py::test_synthetic_plot_functions_rerun_without_real_fem
  /home/lzy/projects/ulm_particle_3d_particle0/particle_3d/scripts/generate_particle1_report.py:54: UserWarning: Glyph 24212 (\N{CJK UNIFIED IDEOGRAPH-5E94}) missing from font(s) DejaVu Sans.
    fig.savefig(FIGURES/name,bbox_inches='tight'); plt.close(fig)

tests/particle1/test_particle1_plot_generation.py::test_synthetic_plot_functions_rerun_without_real_fem
  /home/lzy/projects/ulm_particle_3d_particle0/particle_3d/scripts/generate_particle1_report.py:54: UserWarning: Glyph 30340 (\N{CJK UNIFIED IDEOGRAPH-7684}) missing from font(s) DejaVu Sans.
    fig.savefig(FIGURES/name,bbox_inches='tight'); plt.close(fig)

tests/particle1/test_particle1_plot_generation.py::test_synthetic_plot_functions_rerun_without_real_fem
  /home/lzy/projects/ulm_particle_3d_particle0/particle_3d/scripts/generate_particle1_report.py:54: UserWarning: Glyph 19981 (\N{CJK UNIFIED IDEOGRAPH-4E0D}) missing from font(s) DejaVu Sans.
    fig.savefig(FIGURES/name,bbox_inches='tight'); plt.close(fig)

tests/particle1/test_particle1_plot_generation.py::test_synthetic_plot_functions_rerun_without_real_fem
  /home/lzy/projects/ulm_particle_3d_particle0/particle_3d/scripts/generate_particle1_report.py:54: UserWarning: Glyph 20877 (\N{CJK UNIFIED IDEOGRAPH-518D}) missing from font(s) DejaVu Sans.
    fig.savefig(FIGURES/name,bbox_inches='tight'); plt.close(fig)

tests/particle1/test_particle1_plot_generation.py::test_synthetic_plot_functions_rerun_without_real_fem
  /home/lzy/projects/ulm_particle_3d_particle0/particle_3d/scripts/generate_particle1_report.py:54: UserWarning: Glyph 31227 (\N{CJK UNIFIED IDEOGRAPH-79FB}) missing from font(s) DejaVu Sans.
    fig.savefig(FIGURES/name,bbox_inches='tight'); plt.close(fig)

tests/particle1/test_particle1_plot_generation.py::test_synthetic_plot_functions_rerun_without_real_fem
  /home/lzy/projects/ulm_particle_3d_particle0/particle_3d/scripts/generate_particle1_report.py:54: UserWarning: Glyph 21160 (\N{CJK UNIFIED IDEOGRAPH-52A8}) missing from font(s) DejaVu Sans.
    fig.savefig(FIGURES/name,bbox_inches='tight'); plt.close(fig)

tests/particle1/test_particle1_plot_generation.py::test_synthetic_plot_functions_rerun_without_real_fem
  /home/lzy/projects/ulm_particle_3d_particle0/particle_3d/scripts/generate_particle1_report.py:54: UserWarning: Glyph 20173 (\N{CJK UNIFIED IDEOGRAPH-4ECD}) missing from font(s) DejaVu Sans.
    fig.savefig(FIGURES/name,bbox_inches='tight'); plt.close(fig)

tests/particle1/test_particle1_plot_generation.py::test_synthetic_plot_functions_rerun_without_real_fem
  /home/lzy/projects/ulm_particle_3d_particle0/particle_3d/scripts/generate_particle1_report.py:54: UserWarning: Glyph 26159 (\N{CJK UNIFIED IDEOGRAPH-662F}) missing from font(s) DejaVu Sans.
    fig.savefig(FIGURES/name,bbox_inches='tight'); plt.close(fig)

tests/particle1/test_particle1_plot_generation.py::test_synthetic_plot_functions_rerun_without_real_fem
  /home/lzy/projects/ulm_particle_3d_particle0/particle_3d/scripts/generate_particle1_report.py:54: UserWarning: Glyph 26174 (\N{CJK UNIFIED IDEOGRAPH-663E}) missing from font(s) DejaVu Sans.
    fig.savefig(FIGURES/name,bbox_inches='tight'); plt.close(fig)

tests/particle1/test_particle1_plot_generation.py::test_synthetic_plot_functions_rerun_without_real_fem
  /home/lzy/projects/ulm_particle_3d_particle0/particle_3d/scripts/generate_particle1_report.py:54: UserWarning: Glyph 24335 (\N{CJK UNIFIED IDEOGRAPH-5F0F}) missing from font(s) DejaVu Sans.
    fig.savefig(FIGURES/name,bbox_inches='tight'); plt.close(fig)

tests/particle1/test_particle1_plot_generation.py::test_synthetic_plot_functions_rerun_without_real_fem
  /home/lzy/projects/ulm_particle_3d_particle0/particle_3d/scripts/generate_particle1_report.py:54: UserWarning: Glyph 36755 (\N{CJK UNIFIED IDEOGRAPH-8F93}) missing from font(s) DejaVu Sans.
    fig.savefig(FIGURES/name,bbox_inches='tight'); plt.close(fig)

tests/particle1/test_particle1_plot_generation.py::test_synthetic_plot_functions_rerun_without_real_fem
  /home/lzy/projects/ulm_particle_3d_particle0/particle_3d/scripts/generate_particle1_report.py:54: UserWarning: Glyph 20837 (\N{CJK UNIFIED IDEOGRAPH-5165}) missing from font(s) DejaVu Sans.
    fig.savefig(FIGURES/name,bbox_inches='tight'); plt.close(fig)

tests/particle1/test_particle1_plot_generation.py::test_synthetic_plot_functions_rerun_without_real_fem
  /home/lzy/projects/ulm_particle_3d_particle0/particle_3d/scripts/generate_particle1_report.py:54: UserWarning: Glyph 25345 (\N{CJK UNIFIED IDEOGRAPH-6301}) missing from font(s) DejaVu Sans.
    fig.savefig(FIGURES/name,bbox_inches='tight'); plt.close(fig)

tests/particle1/test_particle1_plot_generation.py::test_synthetic_plot_functions_rerun_without_real_fem
  /home/lzy/projects/ulm_particle_3d_particle0/particle_3d/scripts/generate_particle1_report.py:54: UserWarning: Glyph 21464 (\N{CJK UNIFIED IDEOGRAPH-53D8}) missing from font(s) DejaVu Sans.
    fig.savefig(FIGURES/name,bbox_inches='tight'); plt.close(fig)

tests/particle1/test_particle1_plot_generation.py::test_synthetic_plot_functions_rerun_without_real_fem
  /home/lzy/projects/ulm_particle_3d_particle0/particle_3d/scripts/generate_particle1_report.py:54: UserWarning: Glyph 36820 (\N{CJK UNIFIED IDEOGRAPH-8FD4}) missing from font(s) DejaVu Sans.
    fig.savefig(FIGURES/name,bbox_inches='tight'); plt.close(fig)

tests/particle1/test_particle1_plot_generation.py::test_synthetic_plot_functions_rerun_without_real_fem
  /home/lzy/projects/ulm_particle_3d_particle0/particle_3d/scripts/generate_particle1_report.py:54: UserWarning: Glyph 22238 (\N{CJK UNIFIED IDEOGRAPH-56DE}) missing from font(s) DejaVu Sans.
    fig.savefig(FIGURES/name,bbox_inches='tight'); plt.close(fig)

tests/particle1/test_particle1_plot_generation.py::test_synthetic_plot_functions_rerun_without_real_fem
  /home/lzy/projects/ulm_particle_3d_particle0/particle_3d/scripts/generate_particle1_report.py:54: UserWarning: Glyph 29420 (\N{CJK UNIFIED IDEOGRAPH-72EC}) missing from font(s) DejaVu Sans.
    fig.savefig(FIGURES/name,bbox_inches='tight'); plt.close(fig)

tests/particle1/test_particle1_plot_generation.py::test_synthetic_plot_functions_rerun_without_real_fem
  /home/lzy/projects/ulm_particle_3d_particle0/particle_3d/scripts/generate_particle1_report.py:54: UserWarning: Glyph 31435 (\N{CJK UNIFIED IDEOGRAPH-7ACB}) missing from font(s) DejaVu Sans.
    fig.savefig(FIGURES/name,bbox_inches='tight'); plt.close(fig)

tests/particle1/test_particle1_plot_generation.py::test_synthetic_plot_functions_rerun_without_real_fem
  /home/lzy/projects/ulm_particle_3d_particle0/particle_3d/scripts/generate_particle1_report.py:54: UserWarning: Glyph 27809 (\N{CJK UNIFIED IDEOGRAPH-6CA1}) missing from font(s) DejaVu Sans.
    fig.savefig(FIGURES/name,bbox_inches='tight'); plt.close(fig)

tests/particle1/test_particle1_plot_generation.py::test_synthetic_plot_functions_rerun_without_real_fem
  /home/lzy/projects/ulm_particle_3d_particle0/particle_3d/scripts/generate_particle1_report.py:54: UserWarning: Glyph 26377 (\N{CJK UNIFIED IDEOGRAPH-6709}) missing from font(s) DejaVu Sans.
    fig.savefig(FIGURES/name,bbox_inches='tight'); plt.close(fig)

tests/particle1/test_particle1_plot_generation.py::test_synthetic_plot_functions_rerun_without_real_fem
  /home/lzy/projects/ulm_particle_3d_particle0/particle_3d/scripts/generate_particle1_report.py:54: UserWarning: Glyph 36136 (\N{CJK UNIFIED IDEOGRAPH-8D28}) missing from font(s) DejaVu Sans.
    fig.savefig(FIGURES/name,bbox_inches='tight'); plt.close(fig)

tests/particle1/test_particle1_plot_generation.py::test_synthetic_plot_functions_rerun_without_real_fem
  /home/lzy/projects/ulm_particle_3d_particle0/particle_3d/scripts/generate_particle1_report.py:54: UserWarning: Glyph 37327 (\N{CJK UNIFIED IDEOGRAPH-91CF}) missing from font(s) DejaVu Sans.
    fig.savefig(FIGURES/name,bbox_inches='tight'); plt.close(fig)

tests/particle1/test_particle1_plot_generation.py::test_synthetic_plot_functions_rerun_without_real_fem
  /home/lzy/projects/ulm_particle_3d_particle0/particle_3d/scripts/generate_particle1_report.py:54: UserWarning: Glyph 12289 (\N{IDEOGRAPHIC COMMA}) missing from font(s) DejaVu Sans.
    fig.savefig(FIGURES/name,bbox_inches='tight'); plt.close(fig)

tests/particle1/test_particle1_plot_generation.py::test_synthetic_plot_functions_rerun_without_real_fem
  /home/lzy/projects/ulm_particle_3d_particle0/particle_3d/scripts/generate_particle1_report.py:54: UserWarning: Glyph 21152 (\N{CJK UNIFIED IDEOGRAPH-52A0}) missing from font(s) DejaVu Sans.
    fig.savefig(FIGURES/name,bbox_inches='tight'); plt.close(fig)

tests/particle1/test_particle1_plot_generation.py::test_synthetic_plot_functions_rerun_without_real_fem
  /home/lzy/projects/ulm_particle_3d_particle0/particle_3d/scripts/generate_particle1_report.py:54: UserWarning: Glyph 25110 (\N{CJK UNIFIED IDEOGRAPH-6216}) missing from font(s) DejaVu Sans.
    fig.savefig(FIGURES/name,bbox_inches='tight'); plt.close(fig)

tests/particle1/test_particle1_plot_generation.py::test_synthetic_plot_functions_rerun_without_real_fem
  /home/lzy/projects/ulm_particle_3d_particle0/particle_3d/scripts/generate_particle1_report.py:54: UserWarning: Glyph 24815 (\N{CJK UNIFIED IDEOGRAPH-60EF}) missing from font(s) DejaVu Sans.
    fig.savefig(FIGURES/name,bbox_inches='tight'); plt.close(fig)

tests/particle1/test_particle1_plot_generation.py::test_synthetic_plot_functions_rerun_without_real_fem
  /home/lzy/projects/ulm_particle_3d_particle0/particle_3d/scripts/generate_particle1_report.py:54: UserWarning: Glyph 24615 (\N{CJK UNIFIED IDEOGRAPH-6027}) missing from font(s) DejaVu Sans.
    fig.savefig(FIGURES/name,bbox_inches='tight'); plt.close(fig)

tests/particle1/test_particle1_plot_generation.py::test_synthetic_plot_functions_rerun_without_real_fem
  /home/lzy/projects/ulm_particle_3d_particle0/particle_3d/scripts/generate_particle1_report.py:54: UserWarning: Glyph 31215 (\N{CJK UNIFIED IDEOGRAPH-79EF}) missing from font(s) DejaVu Sans.
    fig.savefig(FIGURES/name,bbox_inches='tight'); plt.close(fig)

tests/particle1/test_particle1_plot_generation.py::test_synthetic_plot_functions_rerun_without_real_fem
  /home/lzy/projects/ulm_particle_3d_particle0/particle_3d/scripts/generate_particle1_report.py:54: UserWarning: Glyph 20998 (\N{CJK UNIFIED IDEOGRAPH-5206}) missing from font(s) DejaVu Sans.
    fig.savefig(FIGURES/name,bbox_inches='tight'); plt.close(fig)

-- Docs: https://docs.pytest.org/en/stable/how-to/capture-warnings.html
230 passed, 73 warnings in 80.48s (0:01:20)
