
**************************************************
*                Mirheo v1.6.2                   *
* 8fa67b9aaa7f04c9de2d74a335c9c8c4665068cf       *
**************************************************

	Command being timed: "/usr/bin/mpirun.openmpi --bind-to none -np 1 /home/lzy/projects/mirheo_starter/.venv/bin/python -u hello.py"
	User time (seconds): 0.11
	System time (seconds): 0.43
	Percent of CPU this job got: 32%
	Elapsed (wall clock) time (h:mm:ss or m:ss): 0:01.68
	Average shared text size (kbytes): 0
	Average unshared data size (kbytes): 0
	Average stack size (kbytes): 0
	Average total size (kbytes): 0
	Maximum resident set size (kbytes): 132648
	Average resident set size (kbytes): 0
	Major (requiring I/O) page faults: 439
	Minor (reclaiming a frame) page faults: 28853
	Voluntary context switches: 2149
	Involuntary context switches: 16
	Swaps: 0
	File system inputs: 36176
	File system outputs: 184
	Socket messages sent: 0
	Socket messages received: 0
	Signals delivered: 0
	Page size (bytes): 4096
	Exit status: 0
