{
  "status": "PASS",
  "exit_code": 0,
  "wall_time_s": 1739.5235977172852,
  "final_step": 71,
  "final": {
    "Q_target_m3_s": 1.551359160885543e-14,
    "Q_in_m3_s": 1.551359160440232e-14,
    "outlet_flows_m3_s": {
      "OUTLET_01": 6.605558022269432e-16,
      "OUTLET_02": 1.3218359819768952e-14,
      "OUTLET_03": 1.6346759824064225e-15
    },
    "Q_out_total_m3_s": 1.551359160440232e-14,
    "signed_outward_boundary_flows_m3_s": {
      "OUTLET_03": 1.6346759824064225e-15,
      "OUTLET_01": 6.605558022269432e-16,
      "INLET": -1.551359160440232e-14,
      "OUTLET_02": 1.3218359819768952e-14
    },
    "epsilon_Q": 2.8704573743580023e-10,
    "epsilon_mass": 0.0,
    "outlet_fractions": {
      "OUTLET_01": 0.042579166647618606,
      "OUTLET_02": 0.8520502638485052,
      "OUTLET_03": 0.10537056950387605
    },
    "area_average_pressure_pa": {
      "OUTLET_03": 1.9365014337953808,
      "OUTLET_01": 0.9739950569325194,
      "INLET": 2432.8308492998744,
      "OUTLET_02": 21.484312119497385
    },
    "velocity_L2": 5.7212437246082135e-11,
    "velocity_max_m_s": 0.0070979247944253565,
    "pressure_range_pa": [
      -1.2668518596568392,
      2461.9353999261057
    ],
    "velocity_finite": true,
    "pressure_finite": true,
    "wall_velocity_max_m_s": 0.0,
    "wall_velocity_P95_m_s": 0.0,
    "wall_noslip_tolerance_m_s": 2e-13,
    "wall_noslip_pass": true
  },
  "health_failures": []
}
