Traceback (most recent call last):
  File "<frozen runpy>", line 198, in _run_module_as_main
  File "<frozen runpy>", line 88, in _run_code
  File "/home/lzy/projects/mirheo_starter/py_scripts/single_rbc_benchmark/mirheo_worker.py", line 193, in <module>
    if __name__=='__main__':main()
                            ^^^^^^
  File "/home/lzy/projects/mirheo_starter/py_scripts/single_rbc_benchmark/mirheo_worker.py", line 187, in main
    if full:state,done=stage('shear',steps,sample,c['protocol']['shear_rate']*H/2,state)
                       ^^^^^^^^^^^^^^^^^^^^^^^^^^^^^^^^^^^^^^^^^^^^^^^^^^^^^^^^^^^^^^^^^
  File "/home/lzy/projects/mirheo_starter/py_scripts/single_rbc_benchmark/mirheo_worker.py", line 170, in stage
    chunk=min(sample,count-done);mpi.Barrier();t=time.perf_counter();u.run(chunk,dt=dt);sync();cost=mpi.allreduce(time.perf_counter()-t);done+=chunk
                                                                     ^^^^^^^^^^^^^^^^^^
  File "/home/lzy/projects/mirheo_starter/.venv/lib/python3.12/site-packages/mirheo/__init__.py", line 100, in wrapper
    return o(*args, **kwargs)
           ^^^^^^^^^^^^^^^^^^
RuntimeError: Mirheo has encountered a fatal error and will quit now.
The error message follows, and more details can be found in the log
***************************************
	Found too many triangle collision candidates (coarse) (7787, max 6400) in bouncer 'membrane_bounce'.
***************************************
--------------------------------------------------------------------------
MPI_ABORT was invoked on rank 0 in communicator MPI_COMM_WORLD
with errorcode -1.

NOTE: invoking MPI_ABORT causes Open MPI to kill all MPI processes.
You may or may not see output from other processes, depending on
exactly when Open MPI kills them.
--------------------------------------------------------------------------
