Welcome to vast.ai. If authentication fails, try again after a few seconds, and double check your ssh key.
Have fun!
AI agents: READ /etc/vast-agents-guide.md (also linked as ./AGENTS.md) before acting on or describing this instance: it is the operating guide. ('vast-capabilities' shows live state only, not the guide.)
{
  "status": "PASS",
  "exit_code": 0,
  "wall_time_s": 1674.5415740013123,
  "final_step": 71,
  "final": {
    "Q_target_m3_s": 1.551359160885543e-14,
    "Q_in_m3_s": 1.551359160440232e-14,
    "outlet_flows_m3_s": {
      "OUTLET_01": 1.0147168098399344e-15,
      "OUTLET_02": 6.953210612489333e-15,
      "OUTLET_03": 7.545664182073052e-15
    },
    "Q_out_total_m3_s": 1.551359160440232e-14,
    "signed_outward_boundary_flows_m3_s": {
      "OUTLET_03": 7.545664182073052e-15,
      "OUTLET_01": 1.0147168098399344e-15,
      "INLET": -1.551359160440232e-14,
      "OUTLET_02": 6.953210612489333e-15
    },
    "epsilon_Q": 2.8704573743580023e-10,
    "epsilon_mass": 0.0,
    "outlet_fractions": {
      "OUTLET_01": 0.06540824560264862,
      "OUTLET_02": 0.44820121541140795,
      "OUTLET_03": 0.48639053898594353
    },
    "area_average_pressure_pa": {
      "OUTLET_03": 8.938770497399165,
      "OUTLET_01": 586.782640475872,
      "INLET": 4955.976373334003,
      "OUTLET_02": 2943.3167461098315
    },
    "velocity_L2": 6.68663948066904e-11,
    "velocity_max_m_s": 0.00707066606013276,
    "pressure_range_pa": [
      -1.8581051352410456,
      4985.080923960234
    ],
    "velocity_finite": true,
    "pressure_finite": true,
    "wall_velocity_max_m_s": 0.0,
    "wall_velocity_P95_m_s": 0.0,
    "wall_noslip_tolerance_m_s": 2e-13,
    "wall_noslip_pass": true
  },
  "health_failures": []
}
