{
  "status": "A_NETWORK_H0_BASELINE_READY_3D_PENDING",
  "terminal_count": 122,
  "H0_split": [
    0.0630232927439873,
    0.49590009500536403,
    0.4410766122506517
  ],
  "source_pressure": 5226.146254566908,
  "cap_pressures": [
    585.2864332598318,
    2932.0152710782013,
    0.0
  ],
  "runtime_s": 5.845435115999862,
  "gates": {
    "H0_sparse_solve": true,
    "ROI_inlet_direction": true,
    "network_mass_balance": true,
    "exactly_four_ports": true,
    "cap_transfer_available": true,
    "fixed_BC_finite": true,
    "pressure_differences_preserved": true
  }
}
