{
  "status": "AUTOMATED_VALIDATION_FAIL",
  "gates": [
    {
      "gate": 1,
      "status": "PASS",
      "description": "活动输入是新的 2.0 mm/s FEM"
    },
    {
      "gate": 2,
      "status": "PASS",
      "description": "科学工作树和同步快照的旧活动文件均已移出"
    },
    {
      "gate": 3,
      "status": "PASS",
      "description": "新流场 SHA、smoke 源码与样本记录绑定正确"
    },
    {
      "gate": 4,
      "status": "PASS",
      "description": "11 个新测试文件中的 12 项测试通过"
    },
    {
      "gate": 5,
      "status": "PASS",
      "description": "纯法向回归与历史 P6.5 回放通过"
    },
    {
      "gate": 6,
      "status": "PASS",
      "description": "二维退化在旧常数舍入推导的误差范围内"
    },
    {
      "gate": 7,
      "status": "PASS",
      "description": "沿墙剪切力的壁面法向分量为数值零"
    },
    {
      "gate": 8,
      "status": "FAIL",
      "description": "12 条 smoke 中有 2 次入口退出、4 次细分保护、1 次时限结束"
    },
    {
      "gate": 9,
      "status": "FAIL",
      "description": "500 条正式轨迹未生成；生产入口已实测拒绝启动"
    },
    {
      "gate": 10,
      "status": "PASS",
      "description": "5 张审核图、10 秒动画及源 CSV/JSON 已生成；图 4/5 明确标为失败 smoke"
    }
  ],
  "statistics": {
    "requested_formal_count": 500,
    "released_formal_count": 0,
    "smoke_integrated_count": 12,
    "completed_outlets": 5,
    "outlet_counts": {
      "OUTLET_01": 0,
      "OUTLET_02": 5,
      "OUTLET_03": 0
    },
    "no_exit": 7,
    "inlet_escape_count": 2,
    "subdivision_progress_guard_count": 4,
    "horizon_count": 1,
    "residence_time_completed_s": {
      "min": 0.022372942585612714,
      "median": 0.029542798561138037,
      "max": 0.06585075303987288
    },
    "minimum_wall_gap_m": 1.9999999799225048e-09,
    "penetration_count": 0,
    "server_workers": 6,
    "server_wall_seconds": 98.16703081130981,
    "scheduled_births": 834,
    "admitted_births": 500,
    "rejected_births": 334,
    "birth_window_s": 6324.624855470637,
    "number_rate_s_inv": 0.13186552863741974
  }
}
