{
  "flow_sha256": "129ebb77396550b300b20ce29cde7b03919e6037b7a81de60fe75d6c6efb616d",
  "same_geometry": true,
  "flux": {
    "case_role": "MEAN_2P0_MMPS",
    "flow_sha256": "129ebb77396550b300b20ce29cde7b03919e6037b7a81de60fe75d6c6efb616d",
    "mean_inlet_velocity_m_s": 0.001999999999425909,
    "mean_inlet_velocity_mm_s": 1.999999999425909,
    "integrated_inlet_Q_m3_s": 1.5513591604402322e-14,
    "inlet_Q_uL_min": 0.0009308154962641394,
    "incoming_positive_Q_m3_s": 1.5513591604402322e-14,
    "outlet_flows_m3_s": {
      "OUTLET_03": 1.6346759824064227e-15,
      "OUTLET_01": 6.605558022269432e-16,
      "OUTLET_02": 1.3218359819768952e-14
    },
    "outlet_fractions": {
      "OUTLET_03": 0.10537056950387604,
      "OUTLET_01": 0.04257916664761859,
      "OUTLET_02": 0.8520502638485051
    },
    "mass_balance": {
      "signed_in_minus_out_m3_s": 3.1554436208840472e-30,
      "relative_signed_residual": 2.0339865205608616e-16,
      "role": "FROZEN_FEM_DISCRETIZATION_DIAGNOSTIC_NO_CORRECTION"
    },
    "raw_existing_integrator_result": {
      "OUTLET_03": {
        "positive_Q_m3_s": 1.6346759824064227e-15,
        "signed_Q_m3_s": 1.6346759824064227e-15,
        "area_m2": 5.049058023679602e-12,
        "triangles": 117,
        "normal_direction": "OUTWARD"
      },
      "OUTLET_01": {
        "positive_Q_m3_s": 6.605558022269432e-16,
        "signed_Q_m3_s": 6.605558022269432e-16,
        "area_m2": 4.355871419037442e-12,
        "triangles": 94,
        "normal_direction": "OUTWARD"
      },
      "INLET": {
        "positive_Q_m3_s": 1.5513591604402322e-14,
        "signed_Q_m3_s": 1.5513591604402322e-14,
        "area_m2": 7.756795804427715e-12,
        "triangles": 179,
        "normal_direction": "INWARD"
      },
      "OUTLET_02": {
        "positive_Q_m3_s": 1.3218359819768952e-14,
        "signed_Q_m3_s": 1.3218359819768952e-14,
        "area_m2": 4.238794052117287e-12,
        "triangles": 93,
        "normal_direction": "OUTWARD"
      },
      "mass_balance": {
        "signed_in_minus_out_m3_s": 3.1554436208840472e-30,
        "relative_signed_residual": 2.0339865205608616e-16,
        "role": "FROZEN_FEM_DISCRETIZATION_DIAGNOSTIC_NO_CORRECTION"
      }
    },
    "nodal_speed_range_m_s": [
      0.0,
      0.0070979247944253565
    ],
    "pressure_range_pa": [
      -1.2668518596568392,
      2461.9353999261057
    ]
  }
}
