{"progress": 1, "total": 12, "particle_id": 3, "completed": false, "end_reason": "INTEGRATION_SAFETY_STOP", "outlet": null, "minimum_gap_m": 6.613844703098649e-09, "residence_time_s": null, "wall_seconds": 0.021269438904710114, "accepted_steps": 1, "rejected_trials": 0, "failure_detail": "CENTER_OUTSIDE_FROZEN_LUMEN"}
{"progress": 2, "total": 12, "particle_id": 10, "completed": true, "end_reason": "OUTLET_02", "outlet": "OUTLET_02", "minimum_gap_m": 3.975210778021734e-09, "residence_time_s": 0.024850952580256037, "wall_seconds": 3.6889684629859403, "accepted_steps": 132, "rejected_trials": 32, "failure_detail": null}
{"progress": 3, "total": 12, "particle_id": 15, "completed": false, "end_reason": "INTEGRATION_SAFETY_STOP", "outlet": null, "minimum_gap_m": 9.702248750904417e-08, "residence_time_s": null, "wall_seconds": 0.020267844083718956, "accepted_steps": 1, "rejected_trials": 0, "failure_detail": "CENTER_OUTSIDE_FROZEN_LUMEN"}
{"progress": 4, "total": 12, "particle_id": 11, "completed": true, "end_reason": "OUTLET_02", "outlet": "OUTLET_02", "minimum_gap_m": 2.267470105936307e-09, "residence_time_s": 0.06585075303987288, "wall_seconds": 5.41715109301731, "accepted_steps": 335, "rejected_trials": 71, "failure_detail": null}
{"progress": 5, "total": 12, "particle_id": 5, "completed": true, "end_reason": "OUTLET_02", "outlet": "OUTLET_02", "minimum_gap_m": 2.0508248230672814e-09, "residence_time_s": 0.06085104097125282, "wall_seconds": 9.07970658002887, "accepted_steps": 381, "rejected_trials": 137, "failure_detail": null}
{"progress": 6, "total": 12, "particle_id": 18, "completed": true, "end_reason": "OUTLET_02", "outlet": "OUTLET_02", "minimum_gap_m": 2.100485879069015e-09, "residence_time_s": 0.029542798561138037, "wall_seconds": 4.636280997074209, "accepted_steps": 200, "rejected_trials": 81, "failure_detail": null}
{"progress": 7, "total": 12, "particle_id": 14, "completed": false, "end_reason": "INTEGRATION_SAFETY_STOP", "outlet": null, "minimum_gap_m": 1.99999999149361e-09, "residence_time_s": null, "wall_seconds": 10.14789782196749, "accepted_steps": 248, "rejected_trials": 177, "failure_detail": "EXCESSIVE_SUBDIVISION_PROGRESS_GUARD_64_STEPS_BELOW_1_PERCENT_NOMINAL_DT"}
{"progress": 8, "total": 12, "particle_id": 7, "completed": false, "end_reason": "INTEGRATION_SAFETY_STOP", "outlet": null, "minimum_gap_m": 1.9999999834656436e-09, "residence_time_s": null, "wall_seconds": 10.650992427952588, "accepted_steps": 377, "rejected_trials": 175, "failure_detail": "EXCESSIVE_SUBDIVISION_PROGRESS_GUARD_64_STEPS_BELOW_1_PERCENT_NOMINAL_DT"}
{"progress": 9, "total": 12, "particle_id": 12, "completed": false, "end_reason": "INTEGRATION_SAFETY_STOP", "outlet": null, "minimum_gap_m": 1.999999980723692e-09, "residence_time_s": null, "wall_seconds": 12.351620183093473, "accepted_steps": 315, "rejected_trials": 218, "failure_detail": "EXCESSIVE_SUBDIVISION_PROGRESS_GUARD_64_STEPS_BELOW_1_PERCENT_NOMINAL_DT"}
{"progress": 10, "total": 12, "particle_id": 19, "completed": true, "end_reason": "OUTLET_02", "outlet": "OUTLET_02", "minimum_gap_m": 2.1507344017790325e-09, "residence_time_s": 0.022372942585612714, "wall_seconds": 4.885073689976707, "accepted_steps": 187, "rejected_trials": 97, "failure_detail": null}
{"progress": 11, "total": 12, "particle_id": 17, "completed": false, "end_reason": "INTEGRATION_SAFETY_STOP", "outlet": null, "minimum_gap_m": 1.9999999799225048e-09, "residence_time_s": null, "wall_seconds": 16.45540915604215, "accepted_steps": 891, "rejected_trials": 174, "failure_detail": "EXCESSIVE_SUBDIVISION_PROGRESS_GUARD_64_STEPS_BELOW_1_PERCENT_NOMINAL_DT"}
{"progress": 12, "total": 12, "particle_id": 22, "completed": false, "end_reason": "PHYSICAL_RESIDENCE_HORIZON_REACHED", "outlet": null, "minimum_gap_m": 7.881034616332917e-09, "residence_time_s": null, "wall_seconds": 81.14702535897959, "accepted_steps": 6000, "rejected_trials": 0, "failure_detail": null}
{
  "stage": "smoke",
  "hostname": "f7c62a262077",
  "server_root": "/workspace/particle9a_2mmps_20260923T222942Z",
  "workers": 6,
  "start_unix_s": 1790202695.3318548,
  "end_unix_s": 1790202793.4988854,
  "wall_seconds": 98.16703081130981,
  "generated_count": 12,
  "completed_count": 5,
  "outlet_counts": {
    "NO_EXIT": 7,
    "OUTLET_02": 5
  },
  "end_reason_counts": {
    "INTEGRATION_SAFETY_STOP": 6,
    "OUTLET_02": 5,
    "PHYSICAL_RESIDENCE_HORIZON_REACHED": 1
  },
  "solver_or_subdivision_failure_count": 6,
  "penetration_count": 0,
  "smoke_gate_pass": false,
  "GPU_role": "GPU_NOT_PERFORMANCE_CRITICAL_FOR_THIS_STAGE"
}
