{
  "status": "PASS",
  "timestamp": "2026-09-17T23:06:29.981245+00:00",
  "run_id": "20260917T230623_811953803_selected_reload_r1",
  "dolfinx_version": "0.11.0",
  "mpi_ranks": 1,
  "ranks": [
    {
      "rank": 0,
      "owned_cells": 147948,
      "owned_tagged_exterior_facets": 67746,
      "ghost_cells": 0,
      "pid": 123613
    }
  ],
  "gdim": 3,
  "tdim": 3,
  "cell_type": "tetrahedron",
  "cell_count": 147948,
  "vertex_count": 43178,
  "cell_tags": {
    "100": 147948
  },
  "topology": {
    "connected_fluid_components": 1,
    "exterior_facet_count": 67746,
    "interior_facet_count": 262023,
    "nonmanifold_facets": 0,
    "unlabelled_exterior_facets": 0,
    "multiply_labelled_exterior_facets": 0,
    "tagged_nonexterior_facets": 0,
    "boundary_counts": {
      "WALL": 67071,
      "OUTLET_03": 161,
      "OUTLET_01": 168,
      "INLET": 196,
      "OUTLET_02": 150
    },
    "normal_orientation_method": "Each exterior triangle is oriented away from its unique adjacent tetrahedron centroid"
  },
  "boundary_fidelity": {
    "matched_tagged_source_triangles": 67746,
    "source_triangle_count": 67746,
    "final_triangle_count": 67746,
    "maximum_boundary_displacement_m": 0.0,
    "roundoff_tolerance_m": 0.0,
    "coordinates_exactly_equal": true,
    "tagged_triangle_connectivity_equal": true,
    "surface_remeshing": false,
    "source_surface_area_m2": 2.053721076422034e-09,
    "final_surface_area_m2": 2.053721076422034e-09,
    "source_bounds_m": [
      [
        7.893795776367187e-05,
        4.109487533569336e-05,
        7.977824401855468e-05
      ],
      [
        0.00017675119018554687,
        0.00013389659118652342,
        0.0001598683166503906
      ]
    ],
    "final_boundary_bounds_m": [
      [
        7.893795776367187e-05,
        4.109487533569336e-05,
        7.977824401855468e-05
      ],
      [
        0.00017675119018554687,
        0.00013389659118652342,
        0.0001598683166503906
      ]
    ],
    "comparison_method": "Bijective boundary vertex correspondence followed by equality of every triangle's vertex set AND its original tag; nearest distances only measure fidelity, never assign tags"
  },
  "ports": {
    "inlet": {
      "status": "PASS",
      "formal_projected_area_m2": 7.8197521061104e-12,
      "projected_centroid_xy_m": [
        -3.632091028792252e-16,
        2.7400137748896865e-17
      ],
      "projected_centroid_m": [
        0.0001036737050000624,
        5.755423323850013e-05,
        0.00015880639894111321
      ],
      "vector_area_m2": [
        1.9684434490045625e-13,
        5.2555319568491555e-12,
        5.786981869285231e-12
      ],
      "relative_projected_area_error": 0.0,
      "relative_vector_area_error": 0.0,
      "normal_dot_source": 1.0,
      "projected_centroid_displacement_m": 0.0,
      "rim": {
        "maximum_rim_displacement_m": 0.0,
        "rim_edge_set_identical": true,
        "rim_vertex_count": 58
      },
      "coverage": {
        "status": "PASS",
        "holes": 0,
        "overlaps": 0,
        "triangles_outside_polygon": 0,
        "relative_area_coverage_error": 1.4161467381777786e-16,
        "maximum_pair_overlap_area_normalized": 4.425458556805558e-18,
        "relative_area_tolerance": 1e-12,
        "method": "Exact rim-edge identity; Euler disk topology; positive orientation; point-in-polygon and proper edge crossings; all bbox-overlapping triangle pairs clipped with Sutherland-Hodgman; total signed area closure",
        "predicate_coordinate_scale_m": 3.1582427375245277e-06
      },
      "A_vector_source": [
        1.9684434490045625e-13,
        5.2555319568491555e-12,
        5.786981869285231e-12
      ],
      "A_vector_candidate": [
        1.9684434490045625e-13,
        5.2555319568491555e-12,
        5.786981869285231e-12
      ],
      "projected_triangle_sum_area_m2": 7.8197521061104e-12,
      "independent_projected_area_relative_error": 0.0,
      "independent_projected_centroid_error_m": 8.929624231128708e-23,
      "new_interior_max_plane_deviation_m": 1.1565462302222776e-20,
      "candidate_scalar_triangle_area_m2": 7.819752106791713e-12,
      "legacy_scalar_area_m2": 7.819752111687349e-12,
      "candidate_scalar_vs_legacy_relative_difference": -6.260602732323742e-10,
      "candidate_scalar_area_centroid_m": [
        0.0001036737049957676,
        5.755423312392472e-05,
        0.00015880639881492753
      ],
      "legacy_scalar_area_is_gate": false
    },
    "outlet_01": {
      "status": "PASS",
      "formal_projected_area_m2": 4.416141883645654e-12,
      "projected_centroid_xy_m": [
        -2.3398879504648935e-16,
        4.799670869501498e-16
      ],
      "projected_centroid_m": [
        0.00011372325572235182,
        0.0001337717258742845,
        9.920496804747696e-05
      ],
      "vector_area_m2": [
        1.1260461498751256e-13,
        4.391667271120244e-12,
        -4.5043081260518835e-13
      ],
      "relative_projected_area_error": 0.0,
      "relative_vector_area_error": 0.0,
      "normal_dot_source": 1.0,
      "projected_centroid_displacement_m": 0.0,
      "rim": {
        "maximum_rim_displacement_m": 0.0,
        "rim_edge_set_identical": true,
        "rim_vertex_count": 46
      },
      "coverage": {
        "status": "PASS",
        "holes": 0,
        "overlaps": 0,
        "triangles_outside_polygon": 0,
        "relative_area_coverage_error": 0.0,
        "maximum_pair_overlap_area_normalized": 4.4353434617109174e-18,
        "relative_area_tolerance": 1e-12,
        "method": "Exact rim-edge identity; Euler disk topology; positive orientation; point-in-polygon and proper edge crossings; all bbox-overlapping triangle pairs clipped with Sutherland-Hodgman; total signed area closure",
        "predicate_coordinate_scale_m": 2.3760469142337094e-06
      },
      "A_vector_source": [
        1.1260461498751256e-13,
        4.391667271120244e-12,
        -4.5043081260518835e-13
      ],
      "A_vector_candidate": [
        1.1260461498751256e-13,
        4.391667271120244e-12,
        -4.5043081260518835e-13
      ],
      "projected_triangle_sum_area_m2": 4.416141883645655e-12,
      "independent_projected_area_relative_error": 1.8291839081027418e-16,
      "independent_projected_centroid_error_m": 4.860812437659945e-23,
      "new_interior_max_plane_deviation_m": 1.3838412049421537e-20,
      "candidate_scalar_triangle_area_m2": 4.416141885014509e-12,
      "legacy_scalar_area_m2": 4.416141896353052e-12,
      "candidate_scalar_vs_legacy_relative_difference": -2.5675222784433855e-09,
      "candidate_scalar_area_centroid_m": [
        0.00011372325572379851,
        0.00013377172593101447,
        9.920496804166161e-05
      ],
      "legacy_scalar_area_is_gate": false
    },
    "outlet_02": {
      "status": "PASS",
      "formal_projected_area_m2": 4.3150704261422164e-12,
      "projected_centroid_xy_m": [
        8.08569566224901e-17,
        -5.2083451649410145e-17
      ],
      "projected_centroid_m": [
        7.943377945858911e-05,
        4.3183976705107474e-05,
        0.00011043130447569168
      ],
      "vector_area_m2": [
        -3.9114539137663025e-12,
        -1.8134912407258484e-12,
        -1.7779365247406728e-13
      ],
      "relative_projected_area_error": 0.0,
      "relative_vector_area_error": 0.0,
      "normal_dot_source": 1.0000000000000002,
      "projected_centroid_displacement_m": 0.0,
      "rim": {
        "maximum_rim_displacement_m": 0.0,
        "rim_edge_set_identical": true,
        "rim_vertex_count": 44
      },
      "coverage": {
        "status": "PASS",
        "holes": 0,
        "overlaps": 0,
        "triangles_outside_polygon": 0,
        "relative_area_coverage_error": 0.0,
        "maximum_pair_overlap_area_normalized": 8.857782221207536e-18,
        "relative_area_tolerance": 1e-12,
        "method": "Exact rim-edge identity; Euler disk topology; positive orientation; point-in-polygon and proper edge crossings; all bbox-overlapping triangle pairs clipped with Sutherland-Hodgman; total signed area closure",
        "predicate_coordinate_scale_m": 2.34699043549738e-06
      },
      "A_vector_source": [
        -3.9114539137663025e-12,
        -1.8134912407258484e-12,
        -1.7779365247406728e-13
      ],
      "A_vector_candidate": [
        -3.9114539137663025e-12,
        -1.8134912407258484e-12,
        -1.7779365247406728e-13
      ],
      "projected_triangle_sum_area_m2": 4.3150704261422164e-12,
      "independent_projected_area_relative_error": 0.0,
      "independent_projected_centroid_error_m": 1.724124025559389e-22,
      "new_interior_max_plane_deviation_m": 6.475954822897805e-21,
      "candidate_scalar_triangle_area_m2": 4.315070426545266e-12,
      "legacy_scalar_area_m2": 4.31507042966407e-12,
      "candidate_scalar_vs_legacy_relative_difference": -7.22770248807008e-10,
      "candidate_scalar_area_centroid_m": [
        7.943377938947116e-05,
        4.318397667305535e-05,
        0.00011043130447254341
      ],
      "legacy_scalar_area_is_gate": false
    },
    "outlet_03": {
      "status": "PASS",
      "formal_projected_area_m2": 5.11062175866803e-12,
      "projected_centroid_xy_m": [
        -7.93682354720387e-16,
        -2.759065242302706e-16
      ],
      "projected_centroid_m": [
        0.000176561191738039,
        9.709983934861005e-05,
        8.104268364671598e-05
      ],
      "vector_area_m2": [
        5.0534802311449266e-12,
        3.0021002155262115e-13,
        -7.00475735880902e-13
      ],
      "relative_projected_area_error": 0.0,
      "relative_vector_area_error": 0.0,
      "normal_dot_source": 1.0000000000000002,
      "projected_centroid_displacement_m": 0.0,
      "rim": {
        "maximum_rim_displacement_m": 0.0,
        "rim_edge_set_identical": true,
        "rim_vertex_count": 51
      },
      "coverage": {
        "status": "PASS",
        "holes": 0,
        "overlaps": 0,
        "triangles_outside_polygon": 0,
        "relative_area_coverage_error": 1.4166874442987553e-16,
        "maximum_pair_overlap_area_normalized": 8.85429652686722e-18,
        "relative_area_tolerance": 1e-12,
        "method": "Exact rim-edge identity; Euler disk topology; positive orientation; point-in-polygon and proper edge crossings; all bbox-overlapping triangle pairs clipped with Sutherland-Hodgman; total signed area closure",
        "predicate_coordinate_scale_m": 2.553693537080703e-06
      },
      "A_vector_source": [
        5.0534802311449266e-12,
        3.0021002155262115e-13,
        -7.00475735880902e-13
      ],
      "A_vector_candidate": [
        5.0534802311449266e-12,
        3.0021002155262115e-13,
        -7.00475735880902e-13
      ],
      "projected_triangle_sum_area_m2": 5.11062175866803e-12,
      "independent_projected_area_relative_error": 0.0,
      "independent_projected_centroid_error_m": 7.254615772158621e-23,
      "new_interior_max_plane_deviation_m": 1.2380823743638155e-20,
      "candidate_scalar_triangle_area_m2": 5.1106217602680855e-12,
      "legacy_scalar_area_m2": 5.110621775544013e-12,
      "candidate_scalar_vs_legacy_relative_difference": -2.9890545489528836e-09,
      "candidate_scalar_area_centroid_m": [
        0.00017656119158654545,
        9.709983933955249e-05,
        8.104268366767927e-05
      ],
      "legacy_scalar_area_is_gate": false
    }
  },
  "tetra_geometry_exactly_equal": true,
  "positive_geometric_volume": true,
  "volume_m3": 1.4606826309396608e-15,
  "orientation_note": "DOLFINx may permute tetra vertex ordering. Positivity of Gmsh's oriented tetrahedra was checked before export; reload verifies identical unordered tetrahedra and positive geometric volume.",
  "xdmf_sha256": "415da14772e1d210c945f093d6dfaac983df7f3165d3c12be3dd5a44a3910b17",
  "hdf5_sha256": "b3250b7a8ea4d82e0034a4aef01070ce09762d190cf4b6ae012bf8621ec3c247",
  "quality_summary_recomputed": {
    "min_sicn": {
      "minimum": 0.06238017030953989,
      "P1": 0.35134323343940277,
      "P5": 0.4856705783671268,
      "median": 0.7218556061894749,
      "P95": 0.9293127193055747,
      "maximum": 0.9995865387339077
    },
    "total_below_0_1": 3,
    "cap_adjacent_below_0_1": 0,
    "low_quality_nearest_boundary_counts": {
      "WALL": 3,
      "OUTLET_03": 0,
      "OUTLET_01": 0,
      "INLET": 0,
      "OUTLET_02": 0
    },
    "worst_elements": [
      {
        "cell_index": 126351,
        "gmsh_element_id": 126352,
        "min_sicn": 0.06238017030953989,
        "volume_m3": 1.459750129278688e-23,
        "edge_ratio": 3.164341610554332,
        "centroid_m": [
          0.00010288867568969726,
          4.43209171295166e-05,
          0.0001397490692138672
        ],
        "nearest_boundary_patch": "WALL",
        "distance_to_nearest_boundary_triangle_center_m": 2.2671867695668246e-08
      },
      {
        "cell_index": 126262,
        "gmsh_element_id": 126263,
        "min_sicn": 0.08871454458859791,
        "volume_m3": 1.7629316317176066e-24,
        "edge_ratio": 5.874647530718749,
        "centroid_m": [
          0.00010289940834045409,
          4.4332693099975574e-05,
          0.00013979391860961915
        ],
        "nearest_boundary_patch": "WALL",
        "distance_to_nearest_boundary_triangle_center_m": 1.4731502238961294e-09
      },
      {
        "cell_index": 48144,
        "gmsh_element_id": 48145,
        "min_sicn": 0.0971599643826522,
        "volume_m3": 1.4668292885603552e-22,
        "edge_ratio": 9.069003971909938,
        "centroid_m": [
          0.00014507313222613663,
          8.800096741609572e-05,
          8.967947417984698e-05
        ],
        "nearest_boundary_patch": "WALL",
        "distance_to_nearest_boundary_triangle_center_m": 1.0921406021751337e-07
      },
      {
        "cell_index": 52015,
        "gmsh_element_id": 52016,
        "min_sicn": 0.12681415171805424,
        "volume_m3": 8.672781987463154e-22,
        "edge_ratio": 1.7065160454316273,
        "centroid_m": [
          0.00012301890563964845,
          9.097113227844238e-05,
          8.973185920715333e-05
        ],
        "nearest_boundary_patch": "WALL",
        "distance_to_nearest_boundary_triangle_center_m": 8.098425540061443e-08
      },
      {
        "cell_index": 109719,
        "gmsh_element_id": 109720,
        "min_sicn": 0.1347241068487703,
        "volume_m3": 1.1005384078323455e-22,
        "edge_ratio": 1.677373943528626,
        "centroid_m": [
          9.319428443908691e-05,
          4.9154226303100585e-05,
          0.0001117935333251953
        ],
        "nearest_boundary_patch": "WALL",
        "distance_to_nearest_boundary_triangle_center_m": 3.98000324826002e-08
      },
      {
        "cell_index": 124050,
        "gmsh_element_id": 124051,
        "min_sicn": 0.1369493051300284,
        "volume_m3": 9.457878818802455e-22,
        "edge_ratio": 1.7938622912792084,
        "centroid_m": [
          0.00010155675315856934,
          4.365478801727295e-05,
          0.00013550209045410156
        ],
        "nearest_boundary_patch": "WALL",
        "distance_to_nearest_boundary_triangle_center_m": 8.56534043992881e-08
      },
      {
        "cell_index": 48145,
        "gmsh_element_id": 48146,
        "min_sicn": 0.14814670237962876,
        "volume_m3": 1.2066467211480764e-22,
        "edge_ratio": 12.799337849410486,
        "centroid_m": [
          0.0001450651022883925,
          8.797731247835156e-05,
          8.967659408341143e-05
        ],
        "nearest_boundary_patch": "WALL",
        "distance_to_nearest_boundary_triangle_center_m": 1.0964961636788654e-07
      },
      {
        "cell_index": 47939,
        "gmsh_element_id": 47940,
        "min_sicn": 0.1529822827499788,
        "volume_m3": 1.9457811774872246e-22,
        "edge_ratio": 12.845553532990102,
        "centroid_m": [
          0.00014508861608233782,
          8.799880066804884e-05,
          8.96765463996956e-05
        ],
        "nearest_boundary_patch": "WALL",
        "distance_to_nearest_boundary_triangle_center_m": 1.094460212786591e-07
      },
      {
        "cell_index": 48363,
        "gmsh_element_id": 48364,
        "min_sicn": 0.1865720041235858,
        "volume_m3": 2.9628099353269196e-22,
        "edge_ratio": 7.025029933605888,
        "centroid_m": [
          0.0001450785643550429,
          8.795381585054396e-05,
          8.966662246475909e-05
        ],
        "nearest_boundary_patch": "WALL",
        "distance_to_nearest_boundary_triangle_center_m": 1.09639535302757e-07
      },
      {
        "cell_index": 92058,
        "gmsh_element_id": 92059,
        "min_sicn": 0.19594331379249402,
        "volume_m3": 4.36381813256874e-22,
        "edge_ratio": 2.5635308242913255,
        "centroid_m": [
          7.912073419646487e-05,
          4.411732075998258e-05,
          0.00011091569757626972
        ],
        "nearest_boundary_patch": "WALL",
        "distance_to_nearest_boundary_triangle_center_m": 9.393424540242027e-08
      },
      {
        "cell_index": 20323,
        "gmsh_element_id": 20324,
        "min_sicn": 0.20132888153509895,
        "volume_m3": 1.501099103665869e-21,
        "edge_ratio": 2.4682120674079275,
        "centroid_m": [
          0.0001132612989266338,
          0.00011238193623692389,
          9.823851738126163e-05
        ],
        "nearest_boundary_patch": "WALL",
        "distance_to_nearest_boundary_triangle_center_m": 1.9999100305857828e-07
      },
      {
        "cell_index": 108947,
        "gmsh_element_id": 108948,
        "min_sicn": 0.21320294989239102,
        "volume_m3": 1.0034999234196764e-21,
        "edge_ratio": 1.5779858060166172,
        "centroid_m": [
          9.146046447753905e-05,
          4.788542366027832e-05,
          0.00011010831069946289
        ],
        "nearest_boundary_patch": "WALL",
        "distance_to_nearest_boundary_triangle_center_m": 7.125543513660574e-08
      },
      {
        "cell_index": 48146,
        "gmsh_element_id": 48147,
        "min_sicn": 0.21746470695415332,
        "volume_m3": 4.422660801638975e-22,
        "edge_ratio": 5.509273746939235,
        "centroid_m": [
          0.0001451020781489882,
          8.797530404024124e-05,
          8.966657478104327e-05
        ],
        "nearest_boundary_patch": "WALL",
        "distance_to_nearest_boundary_triangle_center_m": 1.0924499868984637e-07
      },
      {
        "cell_index": 62922,
        "gmsh_element_id": 62923,
        "min_sicn": 0.2202659187398594,
        "volume_m3": 2.594454384451636e-21,
        "edge_ratio": 3.4485867607358167,
        "centroid_m": [
          0.00012837242314851555,
          8.244609749268034e-05,
          8.755252437365887e-05
        ],
        "nearest_boundary_patch": "WALL",
        "distance_to_nearest_boundary_triangle_center_m": 2.59559218428135e-07
      },
      {
        "cell_index": 29609,
        "gmsh_element_id": 29610,
        "min_sicn": 0.2227776270184105,
        "volume_m3": 2.950381964678654e-21,
        "edge_ratio": 1.7482437469711687,
        "centroid_m": [
          0.00011548970895025243,
          0.00010674355679536542,
          9.721692179829041e-05
        ],
        "nearest_boundary_patch": "WALL",
        "distance_to_nearest_boundary_triangle_center_m": 3.463357286659612e-07
      },
      {
        "cell_index": 17821,
        "gmsh_element_id": 17822,
        "min_sicn": 0.23480793193258212,
        "volume_m3": 1.290568979456486e-21,
        "edge_ratio": 2.2167447583924846,
        "centroid_m": [
          0.00017157385872576831,
          9.58061872146836e-05,
          8.125653660257262e-05
        ],
        "nearest_boundary_patch": "WALL",
        "distance_to_nearest_boundary_triangle_center_m": 1.7863495051871058e-07
      },
      {
        "cell_index": 17930,
        "gmsh_element_id": 17931,
        "min_sicn": 0.2393272342433277,
        "volume_m3": 1.123235858101267e-21,
        "edge_ratio": 2.1347745963261007,
        "centroid_m": [
          0.00017162056050683977,
          9.570625013343391e-05,
          8.161274173139725e-05
        ],
        "nearest_boundary_patch": "WALL",
        "distance_to_nearest_boundary_triangle_center_m": 1.7758452600035296e-07
      },
      {
        "cell_index": 50486,
        "gmsh_element_id": 50487,
        "min_sicn": 0.24563907805938812,
        "volume_m3": 3.0084155172760136e-21,
        "edge_ratio": 6.115792028371485,
        "centroid_m": [
          0.00014299984479604049,
          8.898448826865295e-05,
          8.586242902255801e-05
        ],
        "nearest_boundary_patch": "WALL",
        "distance_to_nearest_boundary_triangle_center_m": 2.0943034556050634e-07
      },
      {
        "cell_index": 13640,
        "gmsh_element_id": 13641,
        "min_sicn": 0.2515695540489555,
        "volume_m3": 1.363753867273854e-21,
        "edge_ratio": 2.2044167693022536,
        "centroid_m": [
          0.00017478495286707183,
          9.591561442958847e-05,
          8.104079925552136e-05
        ],
        "nearest_boundary_patch": "WALL",
        "distance_to_nearest_boundary_triangle_center_m": 1.7696904190428885e-07
      },
      {
        "cell_index": 56079,
        "gmsh_element_id": 56080,
        "min_sicn": 0.25340312585888036,
        "volume_m3": 2.3181454871871844e-21,
        "edge_ratio": 2.7977543795885698,
        "centroid_m": [
          0.00012495932823288066,
          8.744661168206716e-05,
          8.929500330017303e-05
        ],
        "nearest_boundary_patch": "WALL",
        "distance_to_nearest_boundary_triangle_center_m": 1.9363306559464042e-07
      }
    ],
    "metric": "Gmsh minSICN; same as Stage 1 medium",
    "location_method": "nearest exterior triangle centroid to tetrahedron centroid (same as Stage 1)",
    "volume_m3": {
      "minimum": 1.7629316317176066e-24,
      "P1": 1.0100620255533294e-21,
      "P5": 1.6366015390109087e-21,
      "median": 5.875870199776942e-21,
      "P95": 3.105491602432151e-20,
      "maximum": 1.0493507642313491e-19
    },
    "max_to_min_edge_ratio": {
      "minimum": 1.0257274878611293,
      "P1": 1.2531733410891717,
      "P5": 1.3812624355397414,
      "median": 2.053746777601126,
      "P95": 2.941300806215962,
      "maximum": 12.845553532990102
    }
  },
  "quality_summary_matches": true,
  "no_mesh_generation_in_reload": true,
  "fem_space_created": false,
  "file_closed": true
}
