Collecting numpy
  Downloading numpy-2.5.3-cp312-cp312-manylinux_2_27_x86_64.manylinux_2_28_x86_64.whl.metadata (6.6 kB)
Collecting pyvista
  Downloading pyvista-0.49.0-py3-none-any.whl.metadata (14 kB)
Collecting cyclopts>=4.0.0 (from pyvista)
  Downloading cyclopts-5.0.0-py3-none-any.whl.metadata (12 kB)
Collecting matplotlib>=3.0.1 (from pyvista)
  Downloading matplotlib-3.11.2-cp312-cp312-manylinux2014_x86_64.manylinux_2_17_x86_64.whl.metadata (80 kB)
     ━━━━━━━━━━━━━━━━━━━━━━━━━━━━━━━━━━━━━━━━ 80.3/80.3 kB 2.5 MB/s eta 0:00:00
Collecting pillow (from pyvista)
  Downloading pillow-12.3.0-cp312-cp312-manylinux_2_27_x86_64.manylinux_2_28_x86_64.whl.metadata (9.1 kB)
Collecting pooch (from pyvista)
  Downloading pooch-1.9.0-py3-none-any.whl.metadata (10 kB)
Collecting pyvista-validation==0.2.2 (from pyvista)
  Downloading pyvista_validation-0.2.2-cp310-abi3-manylinux2014_x86_64.manylinux_2_17_x86_64.manylinux_2_28_x86_64.whl.metadata (8.7 kB)
Collecting scooby>=0.5.1 (from pyvista)
  Downloading scooby-0.12.0-py3-none-any.whl.metadata (16 kB)
Collecting typing-extensions>=4.10 (from pyvista)
  Downloading typing_extensions-4.16.0-py3-none-any.whl.metadata (3.3 kB)
Collecting vtk!=9.4.0 (from pyvista)
  Downloading vtk-9.7.0-cp312-cp312-manylinux2014_x86_64.manylinux_2_17_x86_64.whl.metadata (5.6 kB)
Collecting attrs>=23.1.0 (from cyclopts>=4.0.0->pyvista)
  Downloading attrs-26.1.0-py3-none-any.whl.metadata (8.8 kB)
Collecting docstring-parser<4.0,>=0.15 (from cyclopts>=4.0.0->pyvista)
  Downloading docstring_parser-0.18.0-py3-none-any.whl.metadata (3.5 kB)
Collecting rich-rst<3,>=2.0.1 (from cyclopts>=4.0.0->pyvista)
  Downloading rich_rst-2.1.0-py3-none-any.whl.metadata (4.7 kB)
Collecting rich>=13.6.0 (from cyclopts>=4.0.0->pyvista)
  Downloading rich-15.0.0-py3-none-any.whl.metadata (18 kB)
Collecting contourpy>=1.0.1 (from matplotlib>=3.0.1->pyvista)
  Downloading contourpy-1.4.0-cp312-cp312-manylinux_2_27_x86_64.manylinux_2_28_x86_64.whl.metadata (3.8 kB)
Collecting cycler>=0.10 (from matplotlib>=3.0.1->pyvista)
  Downloading cycler-0.12.1-py3-none-any.whl.metadata (3.8 kB)
Collecting fonttools>=4.28.2 (from matplotlib>=3.0.1->pyvista)
  Downloading fonttools-4.66.0-cp312-cp312-manylinux2014_x86_64.manylinux_2_17_x86_64.whl.metadata (129 kB)
     ━━━━━━━━━━━━━━━━━━━━━━━━━━━━━━━━━━━━━━━ 129.2/129.2 kB 8.1 MB/s eta 0:00:00
Collecting kiwisolver>=1.3.1 (from matplotlib>=3.0.1->pyvista)
  Downloading kiwisolver-1.5.1-cp312-cp312-manylinux2014_x86_64.manylinux_2_17_x86_64.whl.metadata (5.2 kB)
Collecting packaging>=20.0 (from matplotlib>=3.0.1->pyvista)
  Downloading packaging-26.3-py3-none-any.whl.metadata (3.5 kB)
Collecting pyparsing>=3 (from matplotlib>=3.0.1->pyvista)
  Downloading pyparsing-3.3.3-py3-none-any.whl.metadata (5.9 kB)
Collecting python-dateutil>=2.7 (from matplotlib>=3.0.1->pyvista)
  Downloading python_dateutil-2.9.0.post0-py2.py3-none-any.whl.metadata (8.4 kB)
Collecting platformdirs>=2.5.0 (from pooch->pyvista)
  Downloading platformdirs-4.11.12-py3-none-any.whl.metadata (5.5 kB)
Collecting requests>=2.19.0 (from pooch->pyvista)
  Downloading requests-2.34.2-py3-none-any.whl.metadata (4.8 kB)
Collecting six>=1.5 (from python-dateutil>=2.7->matplotlib>=3.0.1->pyvista)
  Downloading six-1.17.0-py2.py3-none-any.whl.metadata (1.7 kB)
Collecting charset_normalizer<4,>=2 (from requests>=2.19.0->pooch->pyvista)
  Downloading charset_normalizer-3.5.1-cp312-cp312-manylinux2014_x86_64.manylinux_2_17_x86_64.manylinux_2_28_x86_64.whl.metadata (45 kB)
     ━━━━━━━━━━━━━━━━━━━━━━━━━━━━━━━━━━━━━━━━ 45.9/45.9 kB 3.0 MB/s eta 0:00:00
Collecting idna<4,>=2.5 (from requests>=2.19.0->pooch->pyvista)
  Downloading idna-3.20-py3-none-any.whl.metadata (7.2 kB)
Collecting urllib3<3,>=1.26 (from requests>=2.19.0->pooch->pyvista)
  Downloading urllib3-2.8.0-py3-none-any.whl.metadata (7.4 kB)
Collecting certifi>=2023.5.7 (from requests>=2.19.0->pooch->pyvista)
  Downloading certifi-2026.7.22-py3-none-any.whl.metadata (2.5 kB)
Collecting markdown-it-py>=2.2.0 (from rich>=13.6.0->cyclopts>=4.0.0->pyvista)
  Downloading markdown_it_py-4.2.0-py3-none-any.whl.metadata (7.4 kB)
Collecting pygments<3.0.0,>=2.13.0 (from rich>=13.6.0->cyclopts>=4.0.0->pyvista)
  Downloading pygments-2.21.0-py3-none-any.whl.metadata (2.5 kB)
Collecting mdurl~=0.1 (from markdown-it-py>=2.2.0->rich>=13.6.0->cyclopts>=4.0.0->pyvista)
  Downloading mdurl-0.1.2-py3-none-any.whl.metadata (1.6 kB)
Downloading numpy-2.5.3-cp312-cp312-manylinux_2_27_x86_64.manylinux_2_28_x86_64.whl (16.7 MB)
   ━━━━━━━━━━━━━━━━━━━━━━━━━━━━━━━━━━━━━━━━ 16.7/16.7 MB 62.2 MB/s eta 0:00:00
Downloading pyvista-0.49.0-py3-none-any.whl (2.7 MB)
   ━━━━━━━━━━━━━━━━━━━━━━━━━━━━━━━━━━━━━━━━ 2.7/2.7 MB 48.3 MB/s eta 0:00:00
Downloading pyvista_validation-0.2.2-cp310-abi3-manylinux2014_x86_64.manylinux_2_17_x86_64.manylinux_2_28_x86_64.whl (261 kB)
   ━━━━━━━━━━━━━━━━━━━━━━━━━━━━━━━━━━━━━━━━ 261.4/261.4 kB 17.3 MB/s eta 0:00:00
Downloading cyclopts-5.0.0-py3-none-any.whl (278 kB)
   ━━━━━━━━━━━━━━━━━━━━━━━━━━━━━━━━━━━━━━━━ 278.1/278.1 kB 18.4 MB/s eta 0:00:00
Downloading matplotlib-3.11.2-cp312-cp312-manylinux2014_x86_64.manylinux_2_17_x86_64.whl (9.9 MB)
   ━━━━━━━━━━━━━━━━━━━━━━━━━━━━━━━━━━━━━━━━ 9.9/9.9 MB 33.9 MB/s eta 0:00:00
Downloading pillow-12.3.0-cp312-cp312-manylinux_2_27_x86_64.manylinux_2_28_x86_64.whl (6.9 MB)
   ━━━━━━━━━━━━━━━━━━━━━━━━━━━━━━━━━━━━━━━━ 6.9/6.9 MB 34.3 MB/s eta 0:00:00
Downloading scooby-0.12.0-py3-none-any.whl (21 kB)
Downloading typing_extensions-4.16.0-py3-none-any.whl (45 kB)
   ━━━━━━━━━━━━━━━━━━━━━━━━━━━━━━━━━━━━━━━━ 45.6/45.6 kB 3.1 MB/s eta 0:00:00
Downloading vtk-9.7.0-cp312-cp312-manylinux2014_x86_64.manylinux_2_17_x86_64.whl (139.7 MB)
   ━━━━━━━━━━━━━━━━━━━━━━━━━━━━━━━━━━━━━━━━ 139.7/139.7 MB 44.8 MB/s eta 0:00:00
Downloading pooch-1.9.0-py3-none-any.whl (67 kB)
   ━━━━━━━━━━━━━━━━━━━━━━━━━━━━━━━━━━━━━━━━ 67.2/67.2 kB 5.4 MB/s eta 0:00:00
Downloading attrs-26.1.0-py3-none-any.whl (67 kB)
   ━━━━━━━━━━━━━━━━━━━━━━━━━━━━━━━━━━━━━━━━ 67.5/67.5 kB 5.5 MB/s eta 0:00:00
Downloading contourpy-1.4.0-cp312-cp312-manylinux_2_27_x86_64.manylinux_2_28_x86_64.whl (383 kB)
   ━━━━━━━━━━━━━━━━━━━━━━━━━━━━━━━━━━━━━━━━ 383.2/383.2 kB 26.7 MB/s eta 0:00:00
Downloading cycler-0.12.1-py3-none-any.whl (8.3 kB)
Downloading docstring_parser-0.18.0-py3-none-any.whl (22 kB)
Downloading fonttools-4.66.0-cp312-cp312-manylinux2014_x86_64.manylinux_2_17_x86_64.whl (5.4 MB)
   ━━━━━━━━━━━━━━━━━━━━━━━━━━━━━━━━━━━━━━━━ 5.4/5.4 MB 62.4 MB/s eta 0:00:00
Downloading kiwisolver-1.5.1-cp312-cp312-manylinux2014_x86_64.manylinux_2_17_x86_64.whl (1.5 MB)
   ━━━━━━━━━━━━━━━━━━━━━━━━━━━━━━━━━━━━━━━━ 1.5/1.5 MB 43.1 MB/s eta 0:00:00
Downloading packaging-26.3-py3-none-any.whl (129 kB)
   ━━━━━━━━━━━━━━━━━━━━━━━━━━━━━━━━━━━━━━━━ 130.0/130.0 kB 10.7 MB/s eta 0:00:00
Downloading platformdirs-4.11.12-py3-none-any.whl (24 kB)
Downloading pyparsing-3.3.3-py3-none-any.whl (126 kB)
   ━━━━━━━━━━━━━━━━━━━━━━━━━━━━━━━━━━━━━━━━ 126.4/126.4 kB 10.2 MB/s eta 0:00:00
Downloading python_dateutil-2.9.0.post0-py2.py3-none-any.whl (229 kB)
   ━━━━━━━━━━━━━━━━━━━━━━━━━━━━━━━━━━━━━━━━ 229.9/229.9 kB 18.1 MB/s eta 0:00:00
Downloading requests-2.34.2-py3-none-any.whl (73 kB)
   ━━━━━━━━━━━━━━━━━━━━━━━━━━━━━━━━━━━━━━━━ 73.1/73.1 kB 5.8 MB/s eta 0:00:00
Downloading rich-15.0.0-py3-none-any.whl (310 kB)
   ━━━━━━━━━━━━━━━━━━━━━━━━━━━━━━━━━━━━━━━━ 310.7/310.7 kB 23.3 MB/s eta 0:00:00
Downloading rich_rst-2.1.0-py3-none-any.whl (272 kB)
   ━━━━━━━━━━━━━━━━━━━━━━━━━━━━━━━━━━━━━━━━ 273.0/273.0 kB 21.0 MB/s eta 0:00:00
Downloading certifi-2026.7.22-py3-none-any.whl (136 kB)
   ━━━━━━━━━━━━━━━━━━━━━━━━━━━━━━━━━━━━━━━━ 137.0/137.0 kB 11.3 MB/s eta 0:00:00
Downloading charset_normalizer-3.5.1-cp312-cp312-manylinux2014_x86_64.manylinux_2_17_x86_64.manylinux_2_28_x86_64.whl (248 kB)
   ━━━━━━━━━━━━━━━━━━━━━━━━━━━━━━━━━━━━━━━━ 248.8/248.8 kB 18.9 MB/s eta 0:00:00
Downloading idna-3.20-py3-none-any.whl (69 kB)
   ━━━━━━━━━━━━━━━━━━━━━━━━━━━━━━━━━━━━━━━━ 69.6/69.6 kB 5.4 MB/s eta 0:00:00
Downloading markdown_it_py-4.2.0-py3-none-any.whl (91 kB)
   ━━━━━━━━━━━━━━━━━━━━━━━━━━━━━━━━━━━━━━━━ 91.7/91.7 kB 7.3 MB/s eta 0:00:00
Downloading pygments-2.21.0-py3-none-any.whl (1.3 MB)
   ━━━━━━━━━━━━━━━━━━━━━━━━━━━━━━━━━━━━━━━━ 1.3/1.3 MB 49.7 MB/s eta 0:00:00
Downloading six-1.17.0-py2.py3-none-any.whl (11 kB)
Downloading urllib3-2.8.0-py3-none-any.whl (135 kB)
   ━━━━━━━━━━━━━━━━━━━━━━━━━━━━━━━━━━━━━━━━ 135.7/135.7 kB 11.1 MB/s eta 0:00:00
Downloading mdurl-0.1.2-py3-none-any.whl (10.0 kB)
Installing collected packages: urllib3, typing-extensions, six, scooby, pyparsing, pygments, platformdirs, pillow, packaging, numpy, mdurl, kiwisolver, idna, fonttools, docstring-parser, cycler, charset_normalizer, certifi, attrs, requests, pyvista-validation, python-dateutil, markdown-it-py, contourpy, rich, pooch, matplotlib, vtk, rich-rst, cyclopts, pyvista
Successfully installed attrs-26.1.0 certifi-2026.7.22 charset_normalizer-3.5.1 contourpy-1.4.0 cycler-0.12.1 cyclopts-5.0.0 docstring-parser-0.18.0 fonttools-4.66.0 idna-3.20 kiwisolver-1.5.1 markdown-it-py-4.2.0 matplotlib-3.11.2 mdurl-0.1.2 numpy-2.5.3 packaging-26.3 pillow-12.3.0 platformdirs-4.11.12 pooch-1.9.0 pygments-2.21.0 pyparsing-3.3.3 python-dateutil-2.9.0.post0 pyvista-0.49.0 pyvista-validation-0.2.2 requests-2.34.2 rich-15.0.0 rich-rst-2.1.0 scooby-0.12.0 six-1.17.0 typing-extensions-4.16.0 urllib3-2.8.0 vtk-9.7.0
