STREAMLINE_CANDIDATES 96 / 768 {'OUTLET_02': 20, 'OUTLET_01': 14, 'OUTLET_03': 59, 'POINT_TIME_HORIZON_30S': 3}
STREAMLINE_CANDIDATES 192 / 768 {'OUTLET_02': 49, 'OUTLET_01': 27, 'OUTLET_03': 108, 'POINT_TIME_HORIZON_30S': 8}
STREAMLINE_CANDIDATES 288 / 768 {'OUTLET_02': 84, 'OUTLET_01': 45, 'OUTLET_03': 149, 'POINT_TIME_HORIZON_30S': 10}
STREAMLINE_CANDIDATES 384 / 768 {'OUTLET_02': 109, 'OUTLET_01': 58, 'OUTLET_03': 203, 'POINT_TIME_HORIZON_30S': 14}
STREAMLINE_CANDIDATES 480 / 768 {'OUTLET_02': 151, 'OUTLET_01': 71, 'OUTLET_03': 243, 'POINT_TIME_HORIZON_30S': 15}
STREAMLINE_CANDIDATES 576 / 768 {'OUTLET_02': 185, 'OUTLET_01': 84, 'OUTLET_03': 287, 'POINT_TIME_HORIZON_30S': 20}
STREAMLINE_CANDIDATES 672 / 768 {'OUTLET_02': 217, 'OUTLET_01': 94, 'OUTLET_03': 334, 'POINT_TIME_HORIZON_30S': 27}
STREAMLINE_CANDIDATES 768 / 768 {'OUTLET_02': 245, 'OUTLET_01': 105, 'OUTLET_03': 387, 'POINT_TIME_HORIZON_30S': 31}
STREAMLINE_VALIDATED 24 / 96
STREAMLINE_VALIDATED 48 / 96
STREAMLINE_VALIDATED 72 / 96
STREAMLINE_VALIDATED 96 / 96
{
  "all_pass": true,
  "field_case": "mean-2p0-mmps-A-best-feasible-balance-v1",
  "inlet_mean_mm_s": 2.0,
  "source_field_sha256": "fcc692caa74c70d7ecbf9ae6662d29d45abbae926b04783aa52886d382a4bdb2",
  "source_npz_sha256": "dee05e16b59f3cb6be274e081c44b91981f0bc46658c65a4f44486deba29590a",
  "seed": 2026092203,
  "candidate_count": 768,
  "candidate_outcomes": {
    "OUTLET_02": 245,
    "OUTLET_01": 105,
    "OUTLET_03": 387,
    "POINT_TIME_HORIZON_30S": 31
  },
  "selected_count": 96,
  "selected_outlet_counts": {
    "OUTLET_01": 16,
    "OUTLET_02": 56,
    "OUTLET_03": 24
  },
  "selection": "OUTLET_STRATIFIED_FARTHEST_ENDPOINT_SPACING_FOR_VISUALIZATION",
  "line_counts_are_not_flow_fractions": true,
  "all_seeds_on_original_inlet": true,
  "all_selected_endpoints_reclassified_on_actual_outlet_triangles": true,
  "all_selected_samples_inside_original_tetra_mesh": true,
  "all_selected_refined_outlet_labels_match": true,
  "maximum_refined_path_difference_um": 0.0030890004428972815,
  "maximum_refined_endpoint_difference_um": 0.002260382453489023,
  "method": "DOUBLE_PRECISION_P1_RK23_NATIVE",
  "maximum_spatial_step_m": 1.5e-07,
  "local_position_error_tolerance_m": 1e-11,
  "terminal_step_rule": "ACTUAL_OPEN_CAP_INTERSECTION_WITH_LOCAL_EULER_STEP_WITHIN_2_PERCENT_SPATIAL_STEP",
  "terminal_approximation_maximum_length_nm": 3.0,
  "no_target_outlet_steering": true,
  "no_artificial_path_extension": true,
  "no_spline_smoothing": true,
  "physical_role": "STEADY_FLOW_POINT_STREAMLINES_NOT_FINITE_SIZE_MICROBUBBLE_TRAJECTORIES",
  "original_inputs_and_visuals_unchanged": true,
  "unchanged_file_count": 10,
  "dependency_root": "/home/lzy/projects/ulm_particle_formal_p9a5/particle_3d/src",
  "hostname": "localhost",
  "elapsed_seconds": 6.011623382568359,
  "script_sha256": "53e096d5ed53527691a89c356324810a72d44810d8e6e934522aa0856df57447"
}
