/home/lzy/projects/formal_3D_flow_solver/FEM_SimVascular/rotate_visualization/best_feasible_balance_v1/render_visualization.py:121: PyVistaDeprecationWarning: This filter is deprecated. Use `select_interior_points` instead.
  enclosed = glyphs.select_enclosed_points(full_surface, tolerance=1e-8, check_surface=True)
full_vessel {"primitive_count": 96, "primitive": "streamlines", "fixed_parallel_scale_um": 45.31911463464215, "axis_unit": [0.0, 0.0, 1.0], "center_um": [135.85515591694113, 74.54424023712652, 119.33399022136255], "pixels_per_um": 10.247331699746193, "magnification_vs_previous_full": 1.3343605307871056, "magnification_vs_previous_velocity_detail": null, "all_visible_geometry_inside_view_all_frames": true, "display_crop_radii_xyz_um": null, "physical_axes_titles": ["X (\u00b5m)", "Y (\u00b5m)", "Z (\u00b5m)"], "grid_and_ticks": true, "z_axis_vertical_all_frames": true, "camera_elevation_deg": 6.0, "outlet_line_counts": {"1": 16, "2": 56, "3": 24}, "boundary_labels": ["Inlet", "Outlet 01", "Outlet 02", "Outlet 03"]}
Planned clear arrow label: Inlet
Planned clear arrow label: Outlet 03
Planned clear arrow label: Outlet 01
Planned clear arrow label: Outlet 02
full_vessel annotations {"text_background_rectangles": 0, "layout": "Continuous projected candidates with periodic crossfades", "transition_kernel": "Raised cosine; periodic convolution, including last-to-first frame", "transition_samples": 21, "transition_duration_s": 0.875, "maximum_alpha_change_per_frame": 0.09090909090909094, "maximum_candidate_position_step_px": 9.658122262062294, "minimum_port_text_to_projected_surface_clearance_px": 22.009680963553606, "port_arrow_tip": "Original boundary cap center", "fixed_text_remains_constant": true, "full_cycle_planned_before_rendering": true, "all_pass": true}
full_vessel 0 / 432
full_vessel 72 / 432
full_vessel 144 / 432
full_vessel 216 / 432
full_vessel 288 / 432
full_vessel 360 / 432
branch_vectors {"primitive_count": 67, "primitive": "vectors", "fixed_parallel_scale_um": 10.623318740598469, "axis_unit": [0.0, 0.0, 1.0], "center_um": [96.92956331616789, 49.18425102978609, 113.48494876126519], "pixels_per_um": 43.71515261283009, "magnification_vs_previous_full": 5.69238665762523, "magnification_vs_previous_velocity_detail": 2.3268211636902247, "all_visible_geometry_inside_view_all_frames": true, "display_crop_radii_xyz_um": [18.0, 18.0, 11.5], "physical_axes_titles": ["X (\u00b5m)", "Y (\u00b5m)", "Z (\u00b5m)"], "grid_and_ticks": true, "z_axis_vertical_all_frames": true, "camera_elevation_deg": 6.0, "glyphs": {"method": "P1 velocity at tetrahedron centroid (mean of 4 nodal vectors)", "length_um": 1.55, "length_role": "Constant display length; direction from actual velocity; color encodes speed", "minimum_sampling_spacing_um": 1.25, "rejected_outside_lumen_glyphs": 2, "actual_vector_data_exported": true, "candidate_count": 21341, "glyph_count": 67}}
branch_vectors annotations {"text_background_rectangles": 0, "layout": "Continuous projected candidates with periodic crossfades", "transition_kernel": "Raised cosine; periodic convolution, including last-to-first frame", "transition_samples": 21, "transition_duration_s": 0.875, "maximum_alpha_change_per_frame": 0.09090909090909094, "maximum_candidate_position_step_px": 12.068400505041698, "minimum_port_text_to_projected_surface_clearance_px": null, "port_arrow_tip": "Original boundary cap center", "fixed_text_remains_constant": true, "full_cycle_planned_before_rendering": true, "all_pass": true}
branch_vectors 0 / 432
branch_vectors 72 / 432
branch_vectors 144 / 432
branch_vectors 216 / 432
branch_vectors 288 / 432
branch_vectors 360 / 432
RENDER_COMPLETE
