 Starting up Musubi with nprocs:            4

 .___  ___.  __    __       _______. __    __  .______    __  
 |   \/   | |  |  |  |     /       ||  |  |  | |   _  \  |  | 
 |  \  /  | |  |  |  |    |   (----`|  |  |  | |  |_)  | |  | 
 |  |\/|  | |  |  |  |     \   \    |  |  |  | |   _  <  |  | 
 |  |  |  | |  `--'  | .----)   |   |  `--'  | |  |_)  | |  | 
 |__|  |__|  \______/  |_______/     \______/  |______/  |_v2.0.0-4-g4e8b27

 (C) 2012 German Research School for Simulation Sciences
 (C) 2013-2020 University Siegen
 (C) 2021 German Aerospace Center (DLR) -
          Institute of Software Methods for Product Virtualization
 
--------------------------------------------------------------------------------
 | INFORMATION ON THE EXECUTABLE
 | Revision of the code in this executable: 81f8c4f13772+
 |
 | Compiled with GFORTRAN in version 13.4.0
 | Using the command /home/lzy/.local/bin/mpif90
 | And the following flags:
 | -O3 -march=native -Wall -Wno-maybe-uninitialized -Werror -Wno-unused-dum
 | my-argument -fmax-stack-var-size=131072 -std=f2008 -pedantic-errors -O3
 | -march=native -Wall -Wno-maybe-uninitialized -Werror
 |
 | Build date: 2026-08-29
--------------------------------------------------------------------------------
--------------------------------------------------------------------------------
 | PRE-PROCESSING SETTINGS:
 | Using AOS (array of structures data layout)
 | Using PULL for streaming
--------------------------------------------------------------------------------

Run at: 2026-09-01 20:18 UTC+02:00

 Loading configuration file: musubi.lua
--------------------------------------------------------------------------------
--------------------------------------------------------------------------------
--------------------------------------------------------------------------------
Loading general parameters:
Using /dev/null as null device.
Will print run time info in the end
(/proc/self/status).
Size of the IO Buffer (MB): 8
Simulation Name: tau1_reference_scaled_coarse
 +-------------------------------------------+
  - Now:
  iterations:            0
  simTime   :    0.0000000000000000     
  wallClock :    7.5019799999999999E-004
 
  - Time Control:
 +-------------------------------------------+
Iterations between trigger checks: 1
  - Min:
  iterations:            0
  simTime   :    0.0000000000000000     
 
  - Max:
  iterations:       141718
 
  - Interval:
  iterations:          708
 +-------------------------------------------+
 
  - Abort Criteria:
  stop_file: /home/lzy/u3da/tau1_reference_scaled_cbf_20260901/coarse/stop
  steady_state:  F
 
  - Status:
 +-------------------------------------------+
 Using global alltoall
 Loading communication pattern:
 isend_irecv
Write timings to: tracking/timing.res
--------------------------------------------------------------------------------
 Loading general solver params: 
 Choosing Control Routine: standard
 Setting SCALING to:diffusive
Solid elements will be removed from BC list
Block size (elements): 576
--------------------------------------------------------------------------------
--------------------------------------------------------------------------------
 Loading restart ...
 *****************************
 Restart read parameters: 
   filename : /home/lzy/u3da/tau1_reference_scaled_cbf_20260901/coarse/restart/tau1_reference_scaled_coarse_header_5000.lua
 Opening Restart Header /home/lzy/u3da/tau1_reference_scaled_cbf_20260901/coarse/restart/tau1_reference_scaled_coarse_header_5000.lua
 Solver: Musubi_v2.0.0-4-g4e8b27
--------------------------------------------------------------------------------
 Load mesh header from file: /mnt/e/ULM/hatimb-particle_flow_simulator/ulm_3D_vascular/outputs/cfd_flow/healthy_mouse_capillary_tau1_reference_scaled_grid_convergence_anchor003274_20260901/coarse/seeder/mesh/header.lua
 The real bounding cube is...
   min:    8.0422771579034588E-005   5.5896359424537687E-005   1.1160639894086849E-004
   max:    1.7844277157903459E-004   1.5469635942453770E-004   1.6698639894086848E-004
 Load mesh from file: /mnt/e/ULM/hatimb-particle_flow_simulator/ulm_3D_vascular/outputs/cfd_flow/healthy_mouse_capillary_tau1_reference_scaled_grid_convergence_anchor003274_20260901/coarse/seeder/mesh/elemlist.lsb
 using one process to read and broadcast
 Done, reading the mesh!
 NO BALANCING!
 Done loading weights.
 Got a mesh with following properties:
                 Mesh name: fluidTree
  Total number of elements: 82957
  Local number of elements: 20740
      Number of properties: 2
      Number of partitions: 4
             Minimum level: 9
             Maximum level: 9
       Bounding Box Origin:     0.0001    0.0001    0.0001
       Bounding Box Length:     0.0001
     Coarsest element size:     0.0000
       Finest element size:     0.0000
  Number of boundary elements: 11748
      Number of qVal elements: 11702
--------------------------------------------------------------------------------
 Restarting from point in time:
  iterations:         5000
  simTime   :    1.7227319062182703E-005
  wallClock :    51.962435296000002     
 Loading varsys table 
 Syshandle            1
 *****************************
 
 *****************************
 Restart write parameters: 
   prefix   : /home/lzy/u3da/tau1_reference_scaled_cbf_20260901/coarse/restart/
 +-------------------------------------------+
Iterations between trigger checks: 1
  - Min:
  iterations:        70859
 
  - Max:
  iterations:       141718
 
  - Interval:
  iterations:        70859
 +-------------------------------------------+
 *****************************
 
--------------------------------------------------------------------------------
 Load boundary ID from file: /mnt/e/ULM/hatimb-particle_flow_simulator/ulm_3D_vascular/outputs/cfd_flow/healthy_mouse_capillary_tau1_reference_scaled_grid_convergence_anchor003274_20260901/coarse/seeder/mesh/bnd.lsb
 read on a single process
Loading qVal data from directory: /mnt/e/ULM/hatimb-particle_flow_simulator/ulm_3D_vascular/outputs/cfd_flow/healthy_mouse_capillary_tau1_reference_scaled_grid_convergence_anchor003274_20260901/coarse/seeder/mesh/
 Load hasQVal from file: /mnt/e/ULM/hatimb-particle_flow_simulator/ulm_3D_vascular/outputs/cfd_flow/healthy_mouse_capillary_tau1_reference_scaled_grid_convergence_anchor003274_20260901/coarse/seeder/mesh/qval.lsb
 Done, reading the qVal!
 No IBM found!
--------------------------------------------------------------------------------
Lattice dx and dt on each level
level=9, dxL=   1.00000, dtL=   1.00000
--------------------------------------------------------------------------------
--------------------------------------------------------------------------------
  Loading physics table ...
  Physics table is defined.
  All values are expressed in physical units.
 Speed of sound (cs) is not defined.
 Attempting to load time step dt on coarsest level:
   cs =   43.568E+00
   dt =    3.445E-09
 WARNING: No value given for coulomb0
 WARNING: Reference coulomb0 is not found. 
 Setting reference coulomb0 to fundamental electrical charge.
Reference physical quantities:
  rho0       =    1.056E+03
  mass0      =   18.560E-18
  mole0      =    1.661E-24
  moleDens0  =   94.478E-06
  molWeight0 =   11.177E+06
  Temp0      =    1.000E+00
  coulomb0   =  160.218E-21
Conversion factors on level: 9
  dx            =  260.000E-09
  dt            =    3.445E-09
  pressure      =    6.013E+06
  velocity      =   75.462E+00
  kine. visc.   =   19.620E-06
  dyn. visc.    =   20.719E-03
  acceleration  =   21.902E+09
  force         =  406.501E-09
  body force    =   23.128E+12
  strain rate   =  290.237E+06
  energy        =  105.690E-15
  moleFlux      =    7.129E-03
  chargeDens    =    9.116E+00
  currentDens   =  687.885E+00
  massflux      =   79.687E+03
  diffusivity   =   19.620E-06
  faraday       =   96.485E+03
  gasConst      =   63.648E+09
  potential     =  659.667E+03

Over level scale factor: 
    pressure:    1.000E+00
    velocity:    1.000E+00
 strain rate:    1.000E+00
--------------------------------------------------------------------------------
--------------------------------------------------------------------------------
Loading Scheme identify table: 
kind: fluid
Layout: d3q19
relaxation: bgk
  variant: standard
--------------------------------------------------------------------------------
 Creating stencil kind: d3q19
--------------------------------------------------------------------------------
 Loading the field base info ...
 No field table defined.
 Assuming single field and label = "".
--------------------------------------------------------------------------------
 Initializing global variable system for scheme kind: fluid
 Appending state variables 
--------------------------------------------------------------------------------
Interpolation:
  method: quadratic
   order:  2
  weights_method: linear_distance
  inverse distance powefac:  6
--------------------------------------------------------------------------------
 No possible transport variable defined for scheme kind: fluid
--------------------------------------------------------------------------------
 Loading the fields ...
 Number of fields to load:            1
 No field table and scheme table are defined.Loading field data from config
 Loading field: 
 Loading the fluid properties.
 Loading fluid informations
 loading space time function from key: kinematic_viscosity
 Spacetime function is a const value:    3.2700000000000000E-006
 St-fun is not a table, thus setting global shape.
 No nonNewtonian table defined
 No turbulence table defined
--------------------------------------------------------------------------------
--------------------------------------------------------------------------------
  Loading initial conditions
Loading spatial for pressure
 Load spatial as single constant
   Spatial for pressure is a defined as const
value =    2.004E+06
Loading spatial for velocityX
 Load spatial as single constant
   Spatial for velocityX is a defined as const
value =    0.000E+00
Loading spatial for velocityY
 Load spatial as single constant
   Spatial for velocityY is a defined as const
value =    0.000E+00
Loading spatial for velocityZ
 Load spatial as single constant
   Spatial for velocityZ is a defined as const
value =    0.000E+00
Loading spatial for Sxx
 Load spatial as single constant
 ERROR: Fatal error occured in loading scalar constants
 WARNING: variable is non-existent!
 Setting kind to be "none" and value =    0.000E+00 for all 1 components
   Spatial for Sxx is a defined as none
Loading spatial for Syy
 Load spatial as single constant
 ERROR: Fatal error occured in loading scalar constants
 WARNING: variable is non-existent!
 Setting kind to be "none" and value =    0.000E+00 for all 1 components
   Spatial for Syy is a defined as none
Loading spatial for Szz
 Load spatial as single constant
 ERROR: Fatal error occured in loading scalar constants
 WARNING: variable is non-existent!
 Setting kind to be "none" and value =    0.000E+00 for all 1 components
   Spatial for Szz is a defined as none
Loading spatial for Sxy
 Load spatial as single constant
 ERROR: Fatal error occured in loading scalar constants
 WARNING: variable is non-existent!
 Setting kind to be "none" and value =    0.000E+00 for all 1 components
   Spatial for Sxy is a defined as none
Loading spatial for Syz
 Load spatial as single constant
 ERROR: Fatal error occured in loading scalar constants
 WARNING: variable is non-existent!
 Setting kind to be "none" and value =    0.000E+00 for all 1 components
   Spatial for Syz is a defined as none
Loading spatial for Sxz
 Load spatial as single constant
 ERROR: Fatal error occured in loading scalar constants
 WARNING: variable is non-existent!
 Setting kind to be "none" and value =    0.000E+00 for all 1 components
   Spatial for Sxz is a defined as none
--------------------------------------------------------------------------------
  Loading BC header
   Found BC wall of kind wall_libb
   Found BC inlet of kind adaptive_flux_pressure
   Found BC outlet_01 of kind pressure_eq
   Found BC outlet_02 of kind pressure_eq
   Found BC outlet_03 of kind pressure_eq
 matching boundary defination in lua to mesh
 Number of Boundaries: 5
--------------------------------------------------------------------------------
 Loading boundary definition for nBCs: 5
   Boundary: 1
    Curved:  F
     Wall LIBB treatment: wall
    Default qVal:   0.50000000000000000     
   required neighbors: 0
   Boundary: 2
    Curved:  F
    Adaptive global flux/pressure treatment for inlet
  Loading bc state for mass_flowrate
 Expected variable mass_flowrate is defined
 Did not find a variable name for mass_flowrate
 Trying to load it as an anonymous space time function
 loading space time function from key: mass_flowrate
 Spacetime function is a const value:    2.8901803804796421E-012
 St-fun is not a table, thus setting global shape.
 Found a spacetime function for mass_flowrate
    Default qVal:   0.50000000000000000     
   required neighbors: 2
   Boundary: 3
    Curved:  F
     Outlet pressure equilibrium type for outlet_01
  Loading bc state for pressure
 Expected variable pressure is defined
 Did not find a variable name for pressure
 Trying to load it as an anonymous space time function
 loading space time function from key: pressure
 St-fun is not a table, thus setting global shape.
 Found a spacetime function for pressure
    Default qVal:   0.50000000000000000     
   required neighbors: 2
   Boundary: 4
    Curved:  F
     Outlet pressure equilibrium type for outlet_02
  Loading bc state for pressure
 Expected variable pressure is defined
 Did not find a variable name for pressure
 Trying to load it as an anonymous space time function
 loading space time function from key: pressure
 St-fun is not a table, thus setting global shape.
 Found a spacetime function for pressure
    Default qVal:   0.50000000000000000     
   required neighbors: 2
   Boundary: 5
    Curved:  F
     Outlet pressure equilibrium type for outlet_03
  Loading bc state for pressure
 Expected variable pressure is defined
 Did not find a variable name for pressure
 Trying to load it as an anonymous space time function
 loading space time function from key: pressure
 St-fun is not a table, thus setting global shape.
 Found a spacetime function for pressure
    Default qVal:   0.50000000000000000     
   required neighbors: 2
--------------------------------------------------------------------------------
 Loading the mappings from table: source
 Table source could not be opened for reading variable mappings!
--------------------------------------------------------------------------------
 Loading the mappings from table: glob_source
 Table glob_source could not be opened for reading variable mappings!
 Loading transport variables
--------------------------------------------------------------------------------
 Variable table not defined with key: variable
--------------------------------------------------------------------------------
 No Tracking entities found!
--------------------------------------------------------------------------------
--------------------------------------------------------------------------------
 NO particle modelling
--------------------------------------------------------------------------------
--------------------------------------------------------------------------------
 Initializing musubi ...
 Initializing the scheme ...
 Map stencil to treelm definition and vice versa ...
Initializing the moment matrix by stencil: d3q19
 Building variable system for scheme kind: fluid
 Appending auxiliary variables 
 Current append variable wave loop:            1
 Append derive variables to varSys
 Variable pressure_deviation cant be added due to missing input variable pressure_reference
 Error: variable pressure_deviation is not added to variable system
 Appending boundary variables 
 Append derive physical variables to varSys
 Append meshInfo variables to varSys
 Current append variable wave loop:            2
 Append derive variables to varSys
 Appending boundary variables 
 Append derive physical variables to varSys
 Append meshInfo variables to varSys
 Current append variable wave loop:            3
 Append derive variables to varSys
 Appending boundary variables 
 Append derive physical variables to varSys
 Append meshInfo variables to varSys
 Done appending variables to varSys
 Storing state variable position 
 Storing derive variable position 
--------------------------------------------------------------------------------
 Starting to initialize the geometry
--------------------------------------------------------------------------------
 Creating boundary lists ...
BC: wall, iBnd: 1, normal:   0 -1  1, Ind: 8
BC: outlet_02, iBnd: 2, normal:   1  0  1, Ind: 14
BC: outlet_03, iBnd: 3, normal:  -1  0  0, Ind: 1
BC: inlet, iBnd: 4, normal:   0  0 -1, Ind: 3
BC: outlet_01, iBnd: 5, normal:   0 -1 -1, Ind: 7
 Set BC stencil: outlet_02
 Set BC stencil: outlet_03
 Set BC stencil: inlet
 Set BC stencil: outlet_01
 Finalizing stencils...
 Total Number of stencils: 5
 iStencil:  1, label: d3q19
 nElems: 82957
 iStencil:  2, label: outlet_02_TE2TE3_QQN2
 nElems: 98
 iStencil:  3, label: outlet_03_WW2_QQN2
 nElems: 105
 iStencil:  4, label: inlet_BB2_QQN2
 nElems: 136
 iStencil:  5, label: outlet_01_BS2BS3_QQN2
 nElems: 103
 Allocating level Descriptor ...
 Searching the neighbors for each element ...
 Finished searching the neighbors ID for each fluid.
 Creating level descriptor ...
 Building up the element and total list.
 Building level-wise fluid list ...
--------------------------------------------------------------------------------
 Communicating elements ...
Halo count exchange iteration: 1
 Starting all-to-all exchange of halo counts
Finished all-to-all exchanging number of elements
All to all cost: 0.851776E-02
  Finished counting valid procs and nElemsProcs.
   Done communicating nElems to Transfer
  Requesting remote halos on level 9
   Received requested halo elements successfully.
 Finished requesting remote halos
   Done requesting remote halos.
   Identifying lists
 Done exchanging number of elements to communicate.
Return halo counts and Redefine halos ...
  Returning halo counts on level 9
   Redefining halos ... 
   Done communicating stencil buffer
   Done communicating stencil buffer
   Done communicating stencil buffer
 Done with communication of elements. 
--------------------------------------------------------------------------------

--------------------------------------------------------------------------------
 Communicating elements ...
Halo count exchange iteration: 1
 Starting all-to-all exchange of halo counts
Finished all-to-all exchanging number of elements
All to all cost: 0.217778E-03
  Finished counting valid procs and nElemsProcs.
   Done communicating nElems to Transfer
  Requesting remote halos on level 9
   Received requested halo elements successfully.
 Finished requesting remote halos
   Done requesting remote halos.
   Identifying lists
 Done exchanging number of elements to communicate.
Return halo counts and Redefine halos ...
  Returning halo counts on level 9
   Redefining halos ... 
   Done communicating stencil buffer
   Done communicating stencil buffer
   Done communicating stencil buffer
 Done with communication of elements. 
--------------------------------------------------------------------------------

 Assembling total list ...
     Level: 9
    nElems: 21495
       fluid: 20740
gFromCoarser: 0
  gFromFiner: 0
        halo: 755
 Updating dependencies ...
 Updating the stencil entries
  Updating entries in the element stencils...
 Finished building up element and total list. 
Build neighbor array for stencil: 1
 level:  9, nElems to treat: 21495
Build neighbor array for stencil: 2
 level:  9, nElems to treat: 98
--------------------------------------------------------------------------------

Try to remove solid from BC: outlet_02
 Removed 23 elements on level 9
Try to remove solid from BC: outlet_03
Try to remove solid from BC: inlet
Try to remove solid from BC: outlet_01
 Build vertical dep ...
 Total number of elements on Level: 9
   Fluid:   82957
 Global Elements information:
   nElems overall: 87297
   nElems ghost from finer: 0
   nElems ghost from coarser: 0
 
Start filling field BC neighbor list 
 Allocating PDF state, neighbor and bcBuffer array
 nSize of state array: 21496
 Building state array connectivity ...
 Done with state array connectivity.
Set halo elements comm links
Amount of message per proc: 13858
Communication amount compressed to [%]: 67.22

--------------------------------------------------------------------------------
Done initializing geometry. Took [s]      0.14
--------------------------------------------------------------------------------

 Simulation time homogenize:
  iterations:         5000
  simTime   :    1.7227319062181450E-005
  wallClock :    3.9510312999999998E-002
 Time control homogenize:
 +-------------------------------------------+
Iterations between trigger checks: 1
  - Min:
  iterations:         5000
 
  - Max:
  iterations:       141718
 
  - Interval:
  iterations:          708
 +-------------------------------------------+
Initialize fluid
  Set relaxation parameter from kinematic viscosity
Fluid properties:
  Reference density rho0:  1.0000000
  Kinematic viscosity STfun kind: const
Kinematic viscosity, (min, max) on level: 9
  Physical: ( 0.0000033, 0.0000033)
  Lattice: ( 0.1666667, 0.1666667)
  Kinematic omega (min,max):( 1.0000000, 1.0000000)
 viscBulk lattice and omega: 
  viscBulk:   0.1111111
  omegaBulk:  1.0000000
Magic lambda for TRT:  0.2500000
HRR sigma:  0.9800000
DRT tauN:  0.7000000
No nonNewtonian table defined.
--------------------------------------------------------------------------------
 Allocate gradient data ...
 Filling gradient data ...
--------------------------------------------------------------------------------
 Create subtree for all space time functions stored 
 in linked list of spacetime function
 Done creating subtree for   0 spacetime functions
--------------------------------------------------------------------------------
--------------------------------------------------------------------------------
 Initializing Source terms ...
 No active source terms
--------------------------------------------------------------------------------
 Initializing transport variables ...
 No active transport variables
  Pulling pdfs from neighbor elements before collision
 Initializing restart...
 Time control homogenize:
 +-------------------------------------------+
Iterations between trigger checks: 1
  - Min:
  iterations:        70859
 
  - Max:
  iterations:       141718
 
  - Interval:
  iterations:        70859
 +-------------------------------------------+
 Auxiliary field halo communication DEACTIVATED.
Initialize BndForce
 Initializing IBM surface data
--------------------------------------------------------------------------------

 Reading restart...
  Open read... 
  Closed Read.
 Done reading restart.
 Initialize compute kernel for scheme kind: fluid
 Choosing fluid relaxation model: bgk for layout d3q19
 mus_load_particles: no particle table found
Initialize 5 boundary conditions
 Initializing BC: wall
 Initializing BC: outlet_02
 Initializing BC: outlet_03
 Initializing BC: inlet
 Initializing BC: outlet_01
--------------------------------------------------------------------------------
 Starting Musubi MAIN loop with time control:
 +-------------------------------------------+
Iterations between trigger checks: 1
  - Min:
  iterations:         5000
 
  - Max:
  iterations:       141718
 
  - Interval:
  iterations:          708
 +-------------------------------------------+
Select fast single level control routine.
Particulate flow simulations disabled!
--------------------------------------------------------------------------------
  iterations:         5000
  simTime   :    1.7227319062181450E-005
  wallClock :    3.9510312999999998E-002
      field |       total density
          1 |   82.9603233571E+03

  iterations:         5708
  simTime   :    1.9666707441386733E-005
  wallClock :    8.2993180990000006     
      field |       total density
          1 |   82.9606452100E+03

  iterations:         6416
  simTime   :    2.2106095820592016E-005
  wallClock :    15.956797375000001     
      field |       total density
          1 |   82.9609401338E+03

  iterations:         7124
  simTime   :    2.4545484199797298E-005
  wallClock :    24.173110210000001     
      field |       total density
          1 |   82.9612101243E+03

  iterations:         7832
  simTime   :    2.6984872579002581E-005
  wallClock :    32.121702128000003     
      field |       total density
          1 |   82.9614570729E+03

  iterations:         8540
  simTime   :    2.9424260958207864E-005
  wallClock :    40.067694506000002     
      field |       total density
          1 |   82.9616827652E+03

  iterations:         9248
  simTime   :    3.1863649337413147E-005
  wallClock :    47.231856145000002     
      field |       total density
          1 |   82.9618888795E+03

  iterations:         9956
  simTime   :    3.4303037716618430E-005
  wallClock :    54.600884426000000     
      field |       total density
          1 |   82.9620769877E+03

  iterations:        10664
  simTime   :    3.6742426095823713E-005
  wallClock :    62.644321204000001     
      field |       total density
          1 |   82.9622485572E+03

  iterations:        11372
  simTime   :    3.9181814475028996E-005
  wallClock :    70.498193227000002     
      field |       total density
          1 |   82.9624049538E+03

  iterations:        12080
  simTime   :    4.1621202854234278E-005
  wallClock :    77.867660801000000     
      field |       total density
          1 |   82.9625474457E+03

  iterations:        12788
  simTime   :    4.4060591233439561E-005
  wallClock :    85.276843005000003     
      field |       total density
          1 |   82.9626772074E+03

  iterations:        13496
  simTime   :    4.6499979612644844E-005
  wallClock :    92.973969326000002     
      field |       total density
          1 |   82.9627953246E+03

  iterations:        14204
  simTime   :    4.8939367991850127E-005
  wallClock :    100.44963868300000     
      field |       total density
          1 |   82.9629027991E+03

  iterations:        14912
  simTime   :    5.1378756371055410E-005
  wallClock :    107.72673728200000     
      field |       total density
          1 |   82.9630005538E+03

  iterations:        15620
  simTime   :    5.3818144750260693E-005
  wallClock :    115.14590090700000     
      field |       total density
          1 |   82.9630894374E+03

  iterations:        16328
  simTime   :    5.6257533129465976E-005
  wallClock :    122.73776951799999     
      field |       total density
          1 |   82.9631702296E+03

  iterations:        17036
  simTime   :    5.8696921508671258E-005
  wallClock :    130.11190564500001     
      field |       total density
          1 |   82.9632436458E+03

  iterations:        17744
  simTime   :    6.1136309887876541E-005
  wallClock :    138.72670751900000     
      field |       total density
          1 |   82.9633103416E+03

  iterations:        18452
  simTime   :    6.3575698267081824E-005
  wallClock :    147.05089877899999     
      field |       total density
          1 |   82.9633709173E+03

  iterations:        19160
  simTime   :    6.6015086646287107E-005
  wallClock :    154.78630297800001     
      field |       total density
          1 |   82.9634259218E+03

  iterations:        19868
  simTime   :    6.8454475025492390E-005
  wallClock :    162.75868052800001     
      field |       total density
          1 |   82.9634758571E+03

  iterations:        20576
  simTime   :    7.0893863404697673E-005
  wallClock :    171.50551429000001     
      field |       total density
          1 |   82.9635211816E+03

  iterations:        21284
  simTime   :    7.3333251783902956E-005
  wallClock :    180.15220873400000     
      field |       total density
          1 |   82.9635623136E+03

  iterations:        21992
  simTime   :    7.5772640163108238E-005
  wallClock :    187.95086764100000     
      field |       total density
          1 |   82.9635996347E+03

  iterations:        22700
  simTime   :    7.8212028542313521E-005
  wallClock :    196.08017276800001     
      field |       total density
          1 |   82.9636334927E+03

  iterations:        23408
  simTime   :    8.0651416921518804E-005
  wallClock :    203.82927933400001     
      field |       total density
          1 |   82.9636642047E+03

  iterations:        24116
  simTime   :    8.3090805300724087E-005
  wallClock :    212.16453673500001     
      field |       total density
          1 |   82.9636920593E+03

  iterations:        24824
  simTime   :    8.5530193679929370E-005
  wallClock :    220.46280347100000     
      field |       total density
          1 |   82.9637173192E+03

  iterations:        25532
  simTime   :    8.7969582059134653E-005
  wallClock :    229.02035172399999     
      field |       total density
          1 |   82.9637402236E+03

  iterations:        26240
  simTime   :    9.0408970438339936E-005
  wallClock :    237.08555854100001     
      field |       total density
          1 |   82.9637609899E+03

  iterations:        26948
  simTime   :    9.2848358817545218E-005
  wallClock :    245.52630723199999     
      field |       total density
          1 |   82.9637798159E+03

  iterations:        27656
  simTime   :    9.5287747196750501E-005
  wallClock :    253.75773178800000     
      field |       total density
          1 |   82.9637968813E+03

  iterations:        28364
  simTime   :    9.7727135575955784E-005
  wallClock :    261.66264149699998     
      field |       total density
          1 |   82.9638123495E+03

  iterations:        29072
  simTime   :    1.0016652395516107E-004
  wallClock :    269.50332866200000     
      field |       total density
          1 |   82.9638263689E+03

  iterations:        29780
  simTime   :    1.0260591233436635E-004
  wallClock :    277.46740947600000     
      field |       total density
          1 |   82.9638390743E+03

  iterations:        30488
  simTime   :    1.0504530071357163E-004
  wallClock :    285.33668907700002     
      field |       total density
          1 |   82.9638505881E+03

  iterations:        31196
  simTime   :    1.0748468909277692E-004
  wallClock :    293.13298254799997     
      field |       total density
          1 |   82.9638610213E+03

  iterations:        31904
  simTime   :    1.0992407747198220E-004
  wallClock :    301.18722193799999     
      field |       total density
          1 |   82.9638704749E+03

  iterations:        32612
  simTime   :    1.1236346585118748E-004
  wallClock :    309.20011783199999     
      field |       total density
          1 |   82.9638790403E+03

  iterations:        33320
  simTime   :    1.1480285423039276E-004
  wallClock :    317.28267017600001     
      field |       total density
          1 |   82.9638868007E+03

  iterations:        34028
  simTime   :    1.1724224260959805E-004
  wallClock :    325.19270752000000     
      field |       total density
          1 |   82.9638938314E+03

  iterations:        34736
  simTime   :    1.1968163098880333E-004
  wallClock :    332.69097534100001     
      field |       total density
          1 |   82.9639002007E+03

  iterations:        35444
  simTime   :    1.2212101936800841E-004
  wallClock :    340.15155919400001     
      field |       total density
          1 |   82.9639059706E+03

  iterations:        36152
  simTime   :    1.2456040774720410E-004
  wallClock :    347.85498911799999     
      field |       total density
          1 |   82.9639111973E+03

  iterations:        36860
  simTime   :    1.2699979612639978E-004
  wallClock :    355.19841191299997     
      field |       total density
          1 |   82.9639159318E+03

  iterations:        37568
  simTime   :    1.2943918450559547E-004
  wallClock :    362.67770775200000     
      field |       total density
          1 |   82.9639202203E+03

  iterations:        38276
  simTime   :    1.3187857288479116E-004
  wallClock :    371.68316157400000     
      field |       total density
          1 |   82.9639241048E+03

  iterations:        38984
  simTime   :    1.3431796126398685E-004
  wallClock :    379.39403653300002     
      field |       total density
          1 |   82.9639276231E+03

  iterations:        39692
  simTime   :    1.3675734964318254E-004
  wallClock :    386.74753658399999     
      field |       total density
          1 |   82.9639308097E+03

  iterations:        40400
  simTime   :    1.3919673802237822E-004
  wallClock :    394.23895898199999     
      field |       total density
          1 |   82.9639336959E+03

  iterations:        41108
  simTime   :    1.4163612640157391E-004
  wallClock :    401.57809879000001     
      field |       total density
          1 |   82.9639363098E+03

  iterations:        41816
  simTime   :    1.4407551478076960E-004
  wallClock :    409.22464931200000     
      field |       total density
          1 |   82.9639386772E+03

  iterations:        42524
  simTime   :    1.4651490315996529E-004
  wallClock :    416.90821206800001     
      field |       total density
          1 |   82.9639408212E+03

  iterations:        43232
  simTime   :    1.4895429153916097E-004
  wallClock :    424.29740962199998     
      field |       total density
          1 |   82.9639427629E+03

  iterations:        43940
  simTime   :    1.5139367991835666E-004
  wallClock :    431.69315685100003     
      field |       total density
          1 |   82.9639445213E+03

  iterations:        44648
  simTime   :    1.5383306829755235E-004
  wallClock :    439.51799908499999     
      field |       total density
          1 |   82.9639461138E+03

  iterations:        45356
  simTime   :    1.5627245667674804E-004
  wallClock :    446.85175997599998     
      field |       total density
          1 |   82.9639475559E+03

  iterations:        46064
  simTime   :    1.5871184505594372E-004
  wallClock :    453.34053148700002     
      field |       total density
          1 |   82.9639488618E+03

  iterations:        46772
  simTime   :    1.6115123343513941E-004
  wallClock :    459.40023139599998     
      field |       total density
          1 |   82.9639500444E+03

  iterations:        47480
  simTime   :    1.6359062181433510E-004
  wallClock :    465.54218904300001     
      field |       total density
          1 |   82.9639511153E+03

  iterations:        48188
  simTime   :    1.6603001019353079E-004
  wallClock :    471.90337889500000     
      field |       total density
          1 |   82.9639520851E+03

  iterations:        48896
  simTime   :    1.6846939857272648E-004
  wallClock :    478.36516174100001     
      field |       total density
          1 |   82.9639529633E+03

  iterations:        49604
  simTime   :    1.7090878695192216E-004
  wallClock :    484.56117481500002     
      field |       total density
          1 |   82.9639537585E+03

  iterations:        50312
  simTime   :    1.7334817533111785E-004
  wallClock :    490.79892675000002     
      field |       total density
          1 |   82.9639544786E+03

  iterations:        51020
  simTime   :    1.7578756371031354E-004
  wallClock :    496.95022556800001     
      field |       total density
          1 |   82.9639551307E+03

  iterations:        51728
  simTime   :    1.7822695208950923E-004
  wallClock :    503.12586496699998     
      field |       total density
          1 |   82.9639557211E+03

  iterations:        52436
  simTime   :    1.8066634046870491E-004
  wallClock :    509.34155801000003     
      field |       total density
          1 |   82.9639562558E+03

  iterations:        53144
  simTime   :    1.8310572884790060E-004
  wallClock :    515.52240598000003     
      field |       total density
          1 |   82.9639567399E+03

  iterations:        53852
  simTime   :    1.8554511722709629E-004
  wallClock :    522.04670523699997     
      field |       total density
          1 |   82.9639571783E+03

  iterations:        54560
  simTime   :    1.8798450560629198E-004
  wallClock :    528.12945049300004     
      field |       total density
          1 |   82.9639575752E+03

  iterations:        55268
  simTime   :    1.9042389398548766E-004
  wallClock :    534.31785062400002     
      field |       total density
          1 |   82.9639579346E+03

  iterations:        55976
  simTime   :    1.9286328236468335E-004
  wallClock :    540.59564731299997     
      field |       total density
          1 |   82.9639582601E+03

  iterations:        56684
  simTime   :    1.9530267074387904E-004
  wallClock :    546.72462178599994     
      field |       total density
          1 |   82.9639585548E+03

  iterations:        57392
  simTime   :    1.9774205912307473E-004
  wallClock :    553.21933130000002     
      field |       total density
          1 |   82.9639588216E+03

  iterations:        58100
  simTime   :    2.0018144750227041E-004
  wallClock :    559.60451490900005     
      field |       total density
          1 |   82.9639590632E+03

  iterations:        58808
  simTime   :    2.0262083588146610E-004
  wallClock :    565.83355053100001     
      field |       total density
          1 |   82.9639592820E+03

  iterations:        59516
  simTime   :    2.0506022426066179E-004
  wallClock :    572.18953636100002     
      field |       total density
          1 |   82.9639594801E+03

  iterations:        60224
  simTime   :    2.0749961263985748E-004
  wallClock :    578.68714971099996     
      field |       total density
          1 |   82.9639596594E+03

  iterations:        60932
  simTime   :    2.0993900101905317E-004
  wallClock :    585.46214521200000     
      field |       total density
          1 |   82.9639598218E+03

  iterations:        61640
  simTime   :    2.1237838939824885E-004
  wallClock :    592.13550717500004     
      field |       total density
          1 |   82.9639599689E+03

  iterations:        62348
  simTime   :    2.1481777777744454E-004
  wallClock :    598.83327645899999     
      field |       total density
          1 |   82.9639601020E+03

  iterations:        63056
  simTime   :    2.1725716615664023E-004
  wallClock :    605.23092048000001     
      field |       total density
          1 |   82.9639602226E+03

  iterations:        63764
  simTime   :    2.1969655453583592E-004
  wallClock :    611.52512002900005     
      field |       total density
          1 |   82.9639603317E+03

  iterations:        64472
  simTime   :    2.2213594291503160E-004
  wallClock :    617.92321000200002     
      field |       total density
          1 |   82.9639604306E+03

  iterations:        65180
  simTime   :    2.2457533129422729E-004
  wallClock :    624.23162688699995     
      field |       total density
          1 |   82.9639605201E+03

  iterations:        65888
  simTime   :    2.2701471967342298E-004
  wallClock :    630.30556354099997     
      field |       total density
          1 |   82.9639606011E+03

  iterations:        66596
  simTime   :    2.2945410805261867E-004
  wallClock :    637.48783210700003     
      field |       total density
          1 |   82.9639606745E+03

  iterations:        67304
  simTime   :    2.3189349643181435E-004
  wallClock :    643.66463334499997     
      field |       total density
          1 |   82.9639607409E+03

  iterations:        68012
  simTime   :    2.3433288481101004E-004
  wallClock :    649.95557813400001     
      field |       total density
          1 |   82.9639608011E+03

  iterations:        68720
  simTime   :    2.3677227319020573E-004
  wallClock :    656.29312565400005     
      field |       total density
          1 |   82.9639608555E+03

  iterations:        69428
  simTime   :    2.3921166156940142E-004
  wallClock :    662.95052379300000     
      field |       total density
          1 |   82.9639609048E+03

  iterations:        70136
  simTime   :    2.4165104994859711E-004
  wallClock :    670.22708019599997     
      field |       total density
          1 |   82.9639609495E+03

  iterations:        70844
  simTime   :    2.4409043832779279E-004
  wallClock :    677.00693291000005     
      field |       total density
          1 |   82.9639609899E+03

ADAPTIVE_FLUX_PRESSURE iter=70859 target_lattice= 5.3652341392036740E-004 controlled_lattice= 5.3652341392047083E-004 relative_error= 1.9278354787787318E-013 rho_boundary= 1.0002669352187306E+000 pressure_pa= 2.0049792697721859E+006 max_lattice_velocity= 1.0915129413645413E-005 minimum_pdf= 2.7784274617059967E-002 globBC_count=136
  Writing restart at:
  iterations:        70859
  simTime   :    2.4414212028497917E-004
  wallClock :    677.13541843700000     
 Done writing
  iterations:        71552
  simTime   :    2.4652982670698851E-004
  wallClock :    685.85950552099996     
      field |       total density
          1 |   82.9639610265E+03

  iterations:        72260
  simTime   :    2.4896921508618420E-004
  wallClock :    694.15338519099998     
      field |       total density
          1 |   82.9639610596E+03

  iterations:        72968
  simTime   :    2.5140860346537988E-004
  wallClock :    702.22206932600000     
      field |       total density
          1 |   82.9639610897E+03

  iterations:        73676
  simTime   :    2.5384799184457557E-004
  wallClock :    710.82292770000004     
      field |       total density
          1 |   82.9639611168E+03

  iterations:        74384
  simTime   :    2.5628738022377126E-004
  wallClock :    723.33741140799998     
      field |       total density
          1 |   82.9639611414E+03

  iterations:        75092
  simTime   :    2.5872676860296695E-004
  wallClock :    734.55033621200005     
      field |       total density
          1 |   82.9639611637E+03

  iterations:        75800
  simTime   :    2.6116615698216263E-004
  wallClock :    745.03460050800004     
      field |       total density
          1 |   82.9639611839E+03

  iterations:        76508
  simTime   :    2.6360554536135832E-004
  wallClock :    756.69074676499997     
      field |       total density
          1 |   82.9639612021E+03

  iterations:        77216
  simTime   :    2.6604493374055401E-004
  wallClock :    770.64364687299997     
      field |       total density
          1 |   82.9639612187E+03

  iterations:        77924
  simTime   :    2.6848432211974970E-004
  wallClock :    783.23546567200003     
      field |       total density
          1 |   82.9639612336E+03

  iterations:        78632
  simTime   :    2.7092371049894538E-004
  wallClock :    795.86982997300004     
      field |       total density
          1 |   82.9639612472E+03

  iterations:        79340
  simTime   :    2.7336309887814107E-004
  wallClock :    810.53063954899994     
      field |       total density
          1 |   82.9639612595E+03

  iterations:        80048
  simTime   :    2.7580248725733676E-004
  wallClock :    823.52250463500002     
      field |       total density
          1 |   82.9639612706E+03

  iterations:        80756
  simTime   :    2.7824187563653245E-004
  wallClock :    834.66820415999996     
      field |       total density
          1 |   82.9639612806E+03

  iterations:        81464
  simTime   :    2.8068126401572814E-004
  wallClock :    845.66640784499998     
      field |       total density
          1 |   82.9639612897E+03

  iterations:        82172
  simTime   :    2.8312065239492382E-004
  wallClock :    856.26777593500003     
      field |       total density
          1 |   82.9639612980E+03

  iterations:        82880
  simTime   :    2.8556004077411951E-004
  wallClock :    863.66371268800003     
      field |       total density
          1 |   82.9639613055E+03

  iterations:        83588
  simTime   :    2.8799942915331520E-004
  wallClock :    871.23631697500002     
      field |       total density
          1 |   82.9639613122E+03

  iterations:        84296
  simTime   :    2.9043881753251089E-004
  wallClock :    878.30731517300001     
      field |       total density
          1 |   82.9639613183E+03

  iterations:        85004
  simTime   :    2.9287820591170657E-004
  wallClock :    885.33964496500005     
      field |       total density
          1 |   82.9639613239E+03

  iterations:        85712
  simTime   :    2.9531759429090226E-004
  wallClock :    892.48208302199998     
      field |       total density
          1 |   82.9639613289E+03

  iterations:        86420
  simTime   :    2.9775698267009795E-004
  wallClock :    899.88306336200003     
      field |       total density
          1 |   82.9639613335E+03

  iterations:        87128
  simTime   :    3.0019637104929364E-004
  wallClock :    907.00994939800000     
      field |       total density
          1 |   82.9639613376E+03

  iterations:        87836
  simTime   :    3.0263575942848932E-004
  wallClock :    914.19503555500000     
      field |       total density
          1 |   82.9639613413E+03

  iterations:        88544
  simTime   :    3.0507514780768501E-004
  wallClock :    921.56516266899996     
      field |       total density
          1 |   82.9639613447E+03

  iterations:        89252
  simTime   :    3.0751453618688070E-004
  wallClock :    929.30767310600004     
      field |       total density
          1 |   82.9639613477E+03

  iterations:        89960
  simTime   :    3.0995392456607639E-004
  wallClock :    936.61942453500001     
      field |       total density
          1 |   82.9639613505E+03

  iterations:        90668
  simTime   :    3.1239331294527207E-004
  wallClock :    943.78032747999998     
      field |       total density
          1 |   82.9639613530E+03

  iterations:        91376
  simTime   :    3.1483270132446776E-004
  wallClock :    950.99847673900001     
      field |       total density
          1 |   82.9639613553E+03

  iterations:        92084
  simTime   :    3.1727208970366345E-004
  wallClock :    958.44702882800004     
      field |       total density
          1 |   82.9639613573E+03

  iterations:        92792
  simTime   :    3.1971147808285914E-004
  wallClock :    965.92446176099998     
      field |       total density
          1 |   82.9639613592E+03

  iterations:        93500
  simTime   :    3.2215086646205483E-004
  wallClock :    972.98145773399995     
      field |       total density
          1 |   82.9639613609E+03

  iterations:        94208
  simTime   :    3.2459025484125051E-004
  wallClock :    979.48018399600005     
      field |       total density
          1 |   82.9639613624E+03

  iterations:        94916
  simTime   :    3.2702964322044620E-004
  wallClock :    986.30034272199998     
      field |       total density
          1 |   82.9639613638E+03

  iterations:        95624
  simTime   :    3.2946903159964189E-004
  wallClock :    993.41773424099995     
      field |       total density
          1 |   82.9639613650E+03

  iterations:        96332
  simTime   :    3.3190841997883758E-004
  wallClock :    1001.0452921210000     
      field |       total density
          1 |   82.9639613661E+03

  iterations:        97040
  simTime   :    3.3434780835803326E-004
  wallClock :    1008.5326539390001     
      field |       total density
          1 |   82.9639613672E+03

  iterations:        97748
  simTime   :    3.3678719673722895E-004
  wallClock :    1015.3665271180000     
      field |       total density
          1 |   82.9639613681E+03

  iterations:        98456
  simTime   :    3.3922658511642464E-004
  wallClock :    1024.7453163840000     
      field |       total density
          1 |   82.9639613689E+03

  iterations:        99164
  simTime   :    3.4166597349562033E-004
  wallClock :    1031.9426610460000     
      field |       total density
          1 |   82.9639613697E+03

  iterations:        99872
  simTime   :    3.4410536187481601E-004
  wallClock :    1038.4777484030001     
      field |       total density
          1 |   82.9639613704E+03

  iterations:       100580
  simTime   :    3.4654475025401170E-004
  wallClock :    1044.9949545400000     
      field |       total density
          1 |   82.9639613710E+03

  iterations:       101288
  simTime   :    3.4898413863320739E-004
  wallClock :    1052.4120142820000     
      field |       total density
          1 |   82.9639613716E+03

  iterations:       101996
  simTime   :    3.5142352701240308E-004
  wallClock :    1058.9333033509999     
      field |       total density
          1 |   82.9639613721E+03

  iterations:       102704
  simTime   :    3.5386291539159877E-004
  wallClock :    1065.0163128029999     
      field |       total density
          1 |   82.9639613725E+03

  iterations:       103412
  simTime   :    3.5630230377079445E-004
  wallClock :    1070.9765205550000     
      field |       total density
          1 |   82.9639613730E+03

  iterations:       104120
  simTime   :    3.5874169214999014E-004
  wallClock :    1077.4742202880000     
      field |       total density
          1 |   82.9639613733E+03

  iterations:       104828
  simTime   :    3.6118108052918583E-004
  wallClock :    1084.2840503650000     
      field |       total density
          1 |   82.9639613737E+03

  iterations:       105536
  simTime   :    3.6362046890838152E-004
  wallClock :    1091.9704853329999     
      field |       total density
          1 |   82.9639613740E+03

  iterations:       106244
  simTime   :    3.6605985728757720E-004
  wallClock :    1099.2364231700001     
      field |       total density
          1 |   82.9639613743E+03

  iterations:       106952
  simTime   :    3.6849924566677289E-004
  wallClock :    1106.9362569830000     
      field |       total density
          1 |   82.9639613745E+03

  iterations:       107660
  simTime   :    3.7093863404596858E-004
  wallClock :    1115.6163230110001     
      field |       total density
          1 |   82.9639613748E+03

  iterations:       108368
  simTime   :    3.7337802242516427E-004
  wallClock :    1124.9693726200001     
      field |       total density
          1 |   82.9639613750E+03

  iterations:       109076
  simTime   :    3.7581741080435995E-004
  wallClock :    1133.1897358399999     
      field |       total density
          1 |   82.9639613752E+03

  iterations:       109784
  simTime   :    3.7825679918355564E-004
  wallClock :    1139.7853292590000     
      field |       total density
          1 |   82.9639613753E+03

  iterations:       110492
  simTime   :    3.8069618756275133E-004
  wallClock :    1146.5718269450001     
      field |       total density
          1 |   82.9639613755E+03

  iterations:       111200
  simTime   :    3.8313557594194702E-004
  wallClock :    1155.7253491890001     
      field |       total density
          1 |   82.9639613756E+03

  iterations:       111908
  simTime   :    3.8557496432114270E-004
  wallClock :    1168.3558608970000     
      field |       total density
          1 |   82.9639613757E+03

  iterations:       112616
  simTime   :    3.8801435270033839E-004
  wallClock :    1176.5228787760000     
      field |       total density
          1 |   82.9639613759E+03

  iterations:       113324
  simTime   :    3.9045374107953408E-004
  wallClock :    1184.3373678830001     
      field |       total density
          1 |   82.9639613760E+03

  iterations:       114032
  simTime   :    3.9289312945872977E-004
  wallClock :    1191.4910386770000     
      field |       total density
          1 |   82.9639613761E+03

  iterations:       114740
  simTime   :    3.9533251783792546E-004
  wallClock :    1198.8894071120001     
      field |       total density
          1 |   82.9639613761E+03

  iterations:       115448
  simTime   :    3.9777190621712114E-004
  wallClock :    1205.4241020980000     
      field |       total density
          1 |   82.9639613762E+03

  iterations:       116156
  simTime   :    4.0021129459631683E-004
  wallClock :    1212.3699542249999     
      field |       total density
          1 |   82.9639613763E+03

  iterations:       116864
  simTime   :    4.0265068297551252E-004
  wallClock :    1221.3480543170001     
      field |       total density
          1 |   82.9639613764E+03

  iterations:       117572
  simTime   :    4.0509007135470821E-004
  wallClock :    1229.1543172070001     
      field |       total density
          1 |   82.9639613764E+03

  iterations:       118280
  simTime   :    4.0752945973390389E-004
  wallClock :    1236.0781528240000     
      field |       total density
          1 |   82.9639613765E+03

  iterations:       118988
  simTime   :    4.0996884811309958E-004
  wallClock :    1243.3706931920001     
      field |       total density
          1 |   82.9639613765E+03

  iterations:       119696
  simTime   :    4.1240823649229527E-004
  wallClock :    1250.8601277539999     
      field |       total density
          1 |   82.9639613766E+03

  iterations:       120404
  simTime   :    4.1484762487149096E-004
  wallClock :    1259.3790691029999     
      field |       total density
          1 |   82.9639613766E+03

  iterations:       121112
  simTime   :    4.1728701325068664E-004
  wallClock :    1268.7942235060000     
      field |       total density
          1 |   82.9639613766E+03

  iterations:       121820
  simTime   :    4.1972640162988233E-004
  wallClock :    1275.9694786370001     
      field |       total density
          1 |   82.9639613767E+03

  iterations:       122528
  simTime   :    4.2216579000907802E-004
  wallClock :    1283.3132113700001     
      field |       total density
          1 |   82.9639613767E+03

  iterations:       123236
  simTime   :    4.2460517838827371E-004
  wallClock :    1290.5531818039999     
      field |       total density
          1 |   82.9639613767E+03

  iterations:       123944
  simTime   :    4.2704456676746940E-004
  wallClock :    1297.6586795910000     
      field |       total density
          1 |   82.9639613767E+03

  iterations:       124652
  simTime   :    4.2948395514666508E-004
  wallClock :    1305.1487942280000     
      field |       total density
          1 |   82.9639613768E+03

  iterations:       125360
  simTime   :    4.3192334352586077E-004
  wallClock :    1313.1109577760001     
      field |       total density
          1 |   82.9639613768E+03

  iterations:       126068
  simTime   :    4.3436273190505646E-004
  wallClock :    1320.6021976269999     
      field |       total density
          1 |   82.9639613768E+03

  iterations:       126776
  simTime   :    4.3680212028425215E-004
  wallClock :    1327.9747535150000     
      field |       total density
          1 |   82.9639613768E+03

  iterations:       127484
  simTime   :    4.3924150866344783E-004
  wallClock :    1334.7819662970001     
      field |       total density
          1 |   82.9639613768E+03

  iterations:       128192
  simTime   :    4.4168089704264352E-004
  wallClock :    1342.3383236719999     
      field |       total density
          1 |   82.9639613768E+03

  iterations:       128900
  simTime   :    4.4412028542183921E-004
  wallClock :    1349.8980936549999     
      field |       total density
          1 |   82.9639613769E+03

  iterations:       129608
  simTime   :    4.4655967380103490E-004
  wallClock :    1356.6348526590000     
      field |       total density
          1 |   82.9639613769E+03

  iterations:       130316
  simTime   :    4.4899906218023058E-004
  wallClock :    1362.1387663250000     
      field |       total density
          1 |   82.9639613769E+03

  iterations:       131024
  simTime   :    4.5143845055942627E-004
  wallClock :    1367.5686614090000     
      field |       total density
          1 |   82.9639613769E+03

  iterations:       131732
  simTime   :    4.5387783893862196E-004
  wallClock :    1372.9537808900000     
      field |       total density
          1 |   82.9639613769E+03

  iterations:       132440
  simTime   :    4.5631722731781765E-004
  wallClock :    1378.4228740470001     
      field |       total density
          1 |   82.9639613769E+03

  iterations:       133148
  simTime   :    4.5875661569701334E-004
  wallClock :    1383.9569267800000     
      field |       total density
          1 |   82.9639613769E+03

  iterations:       133856
  simTime   :    4.6119600407620902E-004
  wallClock :    1389.6703422820001     
      field |       total density
          1 |   82.9639613769E+03

  iterations:       134564
  simTime   :    4.6363539245540471E-004
  wallClock :    1395.1471168850001     
      field |       total density
          1 |   82.9639613769E+03

  iterations:       135272
  simTime   :    4.6607478083460040E-004
  wallClock :    1402.1646073180000     
      field |       total density
          1 |   82.9639613769E+03

  iterations:       135980
  simTime   :    4.6851416921379609E-004
  wallClock :    1409.0019209290001     
      field |       total density
          1 |   82.9639613769E+03

  iterations:       136688
  simTime   :    4.7095355759299177E-004
  wallClock :    1416.5138237780000     
      field |       total density
          1 |   82.9639613769E+03

  iterations:       137396
  simTime   :    4.7339294597218746E-004
  wallClock :    1422.1803387400000     
      field |       total density
          1 |   82.9639613769E+03

  iterations:       138104
  simTime   :    4.7583233435138315E-004
  wallClock :    1427.8383242320001     
      field |       total density
          1 |   82.9639613769E+03

  iterations:       138812
  simTime   :    4.7827172273057884E-004
  wallClock :    1433.4245295620001     
      field |       total density
          1 |   82.9639613769E+03

  iterations:       139520
  simTime   :    4.8071111110977452E-004
  wallClock :    1440.1647918260001     
      field |       total density
          1 |   82.9639613769E+03

  iterations:       140228
  simTime   :    4.8315049948897021E-004
  wallClock :    1447.2696067200000     
      field |       total density
          1 |   82.9639613769E+03

  iterations:       140936
  simTime   :    4.8558988786816590E-004
  wallClock :    1453.2926921860001     
      field |       total density
          1 |   82.9639613769E+03

  iterations:       141644
  simTime   :    4.8802927624736159E-004
  wallClock :    1458.6456476979999     
      field |       total density
          1 |   82.9639613769E+03

ADAPTIVE_FLUX_PRESSURE iter=141718 target_lattice= 5.3652341392036740E-004 controlled_lattice= 5.3652341392054401E-004 relative_error= 3.2918700156504760E-013 rho_boundary= 1.0002669458175604E+000 pressure_pa= 2.0049792910169489E+006 max_lattice_velocity= 1.0915134567040484E-005 minimum_pdf= 2.7784274911086107E-002 globBC_count=136
  Writing restart at:
  iterations:       141718
  simTime   :    4.8828424056948096E-004
  wallClock :    1459.3108602620000     
 Done writing

SUCCESSFUL run!
 Status of the simulation now:
 +--------------------------------------------+
 STATUS:
  * Reached maximal number of iterations
 +--------------------------------------------+

  iterations:       141718
  simTime   :    4.8828424056948096E-004
  wallClock :    1459.3108602620000     
      field |       total density
          1 |   82.9639613769E+03

--------------------------------------------------------------------------------
 Load balance evaluation:
  max CPU cost:   1386.32 (s)
  ave CPU cost:   1376.04 (s)
 imbalance (i.e. max/ave):    100.75%
--------------------------------------------------------------------------------
--------------------------------------------------------------------------------
Boundary timing information:
        wall, min time:   284.00, max time:   321.99
   outlet_02, min time:     1.73, max time:    10.16
   outlet_03, min time:     0.40, max time:    11.78
       inlet, min time:    45.29, max time:   102.27
   outlet_01, min time:     0.40, max time:     7.80
--------------------------------------------------------------------------------
Name:	musubi_adaptive
Umask:	0022
State:	R (running)
Tgid:	1098
Ngid:	0
Pid:	1098
PPid:	1093
TracerPid:	0
Uid:	1000	1000	1000	1000
Gid:	1000	1000	1000	1000
FDSize:	64
Groups:	4 24 27 30 46 100 1000 1001
NStgid:	1098
NSpid:	1098
NSpgid:	1098
NSsid:	1091
Kthread:	0
VmPeak:	  413116 kB
VmSize:	  380332 kB
VmLck:	       0 kB
VmPin:	       0 kB
VmHWM:	   79452 kB
VmRSS:	   67300 kB
RssAnon:	   50980 kB
RssFile:	   15744 kB
RssShmem:	     576 kB
VmData:	   68640 kB
VmStk:	     168 kB
VmExe:	    7440 kB
VmLib:	   10244 kB
VmPTE:	     264 kB
VmSwap:	       0 kB
HugetlbPages:	       0 kB
CoreDumping:	0
THP_enabled:	1
untag_mask:	0xffffffffffffffff
Threads:	3
SigQ:	1/31177
SigPnd:	0000000000000000
ShdPnd:	0000000000000000
SigBlk:	0000000000000000
SigIgn:	0000000000000000
SigCgt:	00000001418004fc
CapInh:	0000000000000000
CapPrm:	0000000000000000
CapEff:	0000000000000000
CapBnd:	000001ffffffffff
CapAmb:	0000000000000000
NoNewPrivs:	0
Seccomp:	2
Seccomp_filters:	1
Speculation_Store_Bypass:	thread vulnerable
SpeculationIndirectBranch:	conditional enabled
Cpus_allowed:	000003
Cpus_allowed_list:	0-1
Mems_allowed:	00000000,00000000,00000000,00000000,00000000,00000000,00000000,00000000,00000000,00000000,00000000,00000000,000000
Mems_allowed_list:	0
voluntary_ctxt_switches:	1196
nonvoluntary_ctxt_switches:	1706

 Done with Musubi in    1459.38 s
ADAPTIVE_FLUX_PRESSURE iter=141718 target_lattice= 5.3652341392036740E-004 controlled_lattice= 5.3652341392054401E-004 relative_error= 3.2918700156504760E-013 rho_boundary= 1.0002669458175604E+000 pressure_pa= 2.0049792910169489E+006 max_lattice_velocity= 1.0915134567040484E-005 minimum_pdf= 2.7784274911086107E-002 globBC_count=136
