2026-09-25T00:14:20+00:00 INPUT /home/lzy/projects/ulm_3D_vascular/outputs/topbrain_brava_transfer/nn_production/BG001/RMCA
2026-09-25T00:14:20+00:00 HASH_VERIFICATION PASS: 71 immutable inputs
INPUT_SHA256 7e1521e05d936c43f97f434eefae2f3b6540dff3a1081f6ae5bcde293f3124a5 /home/lzy/projects/ulm_3D_vascular/outputs/topbrain_brava_transfer/nn_production/BG001/RMCA/roi_manifest.json
INPUT_SHA256 3fff6ddd641b0893492b32ce68a821411f72866f9f5db679e20a75b53d87695f /home/lzy/projects/ulm_3D_vascular/outputs/topbrain_brava_transfer/nn_production/BG001/input_provenance.json
INPUT_SHA256 5b69c6c406e4724ffc15a2a4c6b5958cbb169b822a05098d6ebedeecbbb3afbe /home/lzy/projects/ulm_3D_vascular/vessel_model/T - Brava/swc_files/BG001.CNG.swc
INPUT_SHA256 733b255aeeb7795de45799f64e73b19a93ada45ca63518e9aa479c203658ef0e /home/lzy/projects/ulm_3D_vascular/vessel_model/T - Brava/swc_files/BG001_ColorCoded.CNG.swc
INPUT_SHA256 9632277b55bbad9c96bf7d16f989b4377bd5f66204a8b948377ca1c9fe22199d /home/lzy/projects/ulm_3D_vascular/outputs/topbrain_brava_transfer/nn_production/BG001/RMCA/ROI/roi_part01.swc
INPUT_SHA256 799c972afcdb8125ff528740418a13b7a309337845440d0529c95ea06552d0d9 /home/lzy/projects/ulm_3D_vascular/outputs/topbrain_brava_transfer/nn_production/BG001/RMCA/ROI/roi_part01_branch_mapping.csv
INPUT_SHA256 eeb59ba343089ce615169c36786aed675ef23e10a7c97207a08cff774540764d /home/lzy/projects/ulm_3D_vascular/outputs/topbrain_brava_transfer/nn_production/BG001/RMCA/ROI/roi_part01_modelable.swc
INPUT_SHA256 49cf5e1307f6bc7e146160a6312272e2a2ecaa1e70317ba219c75005fc4cd0fc /home/lzy/projects/ulm_3D_vascular/outputs/topbrain_brava_transfer/nn_production/BG001/RMCA/ROI/roi_part01_modelable_branch_mapping.csv
INPUT_SHA256 2f257f0ad2b358ae00b12f328ce196e42771b4b7fdd299a05f9915522ee8584d /home/lzy/projects/ulm_3D_vascular/outputs/topbrain_brava_transfer/nn_production/BG001/RMCA/ROI/roi_part01_modelable_node_mapping.csv
INPUT_SHA256 54d6488469694461aeb2dfedbbf8a80ca358a912ec3932f264c626b4abf09132 /home/lzy/projects/ulm_3D_vascular/outputs/topbrain_brava_transfer/nn_production/BG001/RMCA/ROI/roi_part01_node_mapping.csv
INPUT_SHA256 7a76621f381ece5dcc4841986097bba6f5bc3cb8293e94de2c6ccadc155ef52a /home/lzy/projects/ulm_3D_vascular/outputs/topbrain_brava_transfer/nn_production/BG001/RMCA/ROI/roi_part02.swc
INPUT_SHA256 69c5d95b005f22ebfe7d14b91bce8929e544ea3a35b4c4752332a62d37d60a98 /home/lzy/projects/ulm_3D_vascular/outputs/topbrain_brava_transfer/nn_production/BG001/RMCA/ROI/roi_part02_branch_mapping.csv
INPUT_SHA256 9911830d23d401fabb906e5ee35b9a96fd4bf1ccbbbab8262b25dedb98c05bfa /home/lzy/projects/ulm_3D_vascular/outputs/topbrain_brava_transfer/nn_production/BG001/RMCA/ROI/roi_part02_modelable.swc
INPUT_SHA256 0cc184e609619910379f6fe53b40cab23bd9a831fa195ef33632351af14db93d /home/lzy/projects/ulm_3D_vascular/outputs/topbrain_brava_transfer/nn_production/BG001/RMCA/ROI/roi_part02_modelable_branch_mapping.csv
INPUT_SHA256 7b18db5d6c5175d4490de2cc547976f87f6abce7917e01102979268008a6649b /home/lzy/projects/ulm_3D_vascular/outputs/topbrain_brava_transfer/nn_production/BG001/RMCA/ROI/roi_part02_modelable_node_mapping.csv
INPUT_SHA256 14f89e72648308cef4835c3992ffa48c6b3a0ee21cb5ef1e7176501a339b210d /home/lzy/projects/ulm_3D_vascular/outputs/topbrain_brava_transfer/nn_production/BG001/RMCA/ROI/roi_part02_node_mapping.csv
INPUT_SHA256 dd1ea64924c738dd332898b84df5a940d1a0f5a50808fa462df75728157f0fad /home/lzy/projects/ulm_3D_vascular/outputs/topbrain_brava_transfer/nn_production/BG001/RMCA/ROI/roi_part03.swc
INPUT_SHA256 dc87e07dd30b9054193c9c07e761280fbb1904de898952ec302e02522507cd86 /home/lzy/projects/ulm_3D_vascular/outputs/topbrain_brava_transfer/nn_production/BG001/RMCA/ROI/roi_part03_branch_mapping.csv
INPUT_SHA256 dd1ea64924c738dd332898b84df5a940d1a0f5a50808fa462df75728157f0fad /home/lzy/projects/ulm_3D_vascular/outputs/topbrain_brava_transfer/nn_production/BG001/RMCA/ROI/roi_part03_modelable.swc
INPUT_SHA256 dc87e07dd30b9054193c9c07e761280fbb1904de898952ec302e02522507cd86 /home/lzy/projects/ulm_3D_vascular/outputs/topbrain_brava_transfer/nn_production/BG001/RMCA/ROI/roi_part03_modelable_branch_mapping.csv
INPUT_SHA256 7c5a4d49e24289188abed7582732d2a5301afb06e9beaab27e5585bebc76deda /home/lzy/projects/ulm_3D_vascular/outputs/topbrain_brava_transfer/nn_production/BG001/RMCA/ROI/roi_part03_modelable_node_mapping.csv
INPUT_SHA256 7c5a4d49e24289188abed7582732d2a5301afb06e9beaab27e5585bebc76deda /home/lzy/projects/ulm_3D_vascular/outputs/topbrain_brava_transfer/nn_production/BG001/RMCA/ROI/roi_part03_node_mapping.csv
INPUT_SHA256 91d409bbd0940509ec1b3b7eab383168fe57f7e35eceedae04b1c9638be062e3 /home/lzy/projects/ulm_3D_vascular/outputs/topbrain_brava_transfer/nn_production/BG001/RMCA/ROI/roi_part04.swc
INPUT_SHA256 7683c4290522fbaeb1e3871a18fd71c39a07b71f335f071912a322b90fce4289 /home/lzy/projects/ulm_3D_vascular/outputs/topbrain_brava_transfer/nn_production/BG001/RMCA/ROI/roi_part04_branch_mapping.csv
INPUT_SHA256 79f06d7c9961a06a8d6450f2a7c53824ad094cdfd29096cde0d0b04cbd8c70c0 /home/lzy/projects/ulm_3D_vascular/outputs/topbrain_brava_transfer/nn_production/BG001/RMCA/ROI/roi_part04_modelable.swc
INPUT_SHA256 bf68f40a13e02738a028d4589e3ad40de58936f4f04d294ad7bc8fb915eb501e /home/lzy/projects/ulm_3D_vascular/outputs/topbrain_brava_transfer/nn_production/BG001/RMCA/ROI/roi_part04_modelable_branch_mapping.csv
INPUT_SHA256 4e138cecd5b77e16407c6040ddfa417cbd4d4410013ef511980b91871cd3706b /home/lzy/projects/ulm_3D_vascular/outputs/topbrain_brava_transfer/nn_production/BG001/RMCA/ROI/roi_part04_modelable_node_mapping.csv
INPUT_SHA256 9bc91a35b18bfb38c633d295b2b9274af1f662bf4d010c78f08270c153b5285b /home/lzy/projects/ulm_3D_vascular/outputs/topbrain_brava_transfer/nn_production/BG001/RMCA/ROI/roi_part04_node_mapping.csv
INPUT_SHA256 ca1260e273eef13beeb38397abe37505d2c5c3dca3fab5708961dda085eb6071 /home/lzy/projects/ulm_3D_vascular/outputs/topbrain_brava_transfer/nn_production/BG001/RMCA/ROI/roi_part05.swc
INPUT_SHA256 f96a167cbb5c2e11f86de214fa3d75d6ad53a0048f420fba03b518eef7835236 /home/lzy/projects/ulm_3D_vascular/outputs/topbrain_brava_transfer/nn_production/BG001/RMCA/ROI/roi_part05_branch_mapping.csv
INPUT_SHA256 567ec426735b0ea2eda2bca1e45358e0c53503f9b0311c5c7d18da339bc638c8 /home/lzy/projects/ulm_3D_vascular/outputs/topbrain_brava_transfer/nn_production/BG001/RMCA/ROI/roi_part05_modelable.swc
INPUT_SHA256 c5d53bf7a892d6d608070565b8d9bbfe8841018fc73ff7fa4e42afab9a21fd1f /home/lzy/projects/ulm_3D_vascular/outputs/topbrain_brava_transfer/nn_production/BG001/RMCA/ROI/roi_part05_modelable_branch_mapping.csv
INPUT_SHA256 d912460b67b91c00560ea3b98f74435590627c0d7da98cc40b36266715d4904e /home/lzy/projects/ulm_3D_vascular/outputs/topbrain_brava_transfer/nn_production/BG001/RMCA/ROI/roi_part05_modelable_node_mapping.csv
INPUT_SHA256 4163363563343b2adf3dbc1210f48f1297d1477217d880d362e48cab2ba43cb6 /home/lzy/projects/ulm_3D_vascular/outputs/topbrain_brava_transfer/nn_production/BG001/RMCA/ROI/roi_part05_node_mapping.csv
INPUT_SHA256 9f4d272aea89e07e371b6077a49755bd3518ea8fb44a4a7fd77edd79b84ee1e5 /home/lzy/projects/ulm_3D_vascular/outputs/topbrain_brava_transfer/nn_production/BG001/RMCA/VascularMD/roi_part01/roi_part01_modelable_vmd_qc.json
INPUT_SHA256 9152c3e7c413eaf2458c6fabaf7d16e4587a83e1c319f657be875f28b19a2dbc /home/lzy/projects/ulm_3D_vascular/outputs/topbrain_brava_transfer/nn_production/BG001/RMCA/VascularMD/roi_part01/roi_part01_modelable_vmd_radius.csv
INPUT_SHA256 21caaa321ec22f07b88a4ee112203bd05efe9a579c70595990647e2960246c14 /home/lzy/projects/ulm_3D_vascular/outputs/topbrain_brava_transfer/nn_production/BG001/RMCA/VascularMD/roi_part01/roi_part01_modelable_vmd_run.log
INPUT_SHA256 54c53000694b8ad7a0ebf9175169bd8e062bf416ec2acd95982d16996880dfec /home/lzy/projects/ulm_3D_vascular/outputs/topbrain_brava_transfer/nn_production/BG001/RMCA/VascularMD/roi_part01/roi_part01_modelable_vmd_smooth.swc
INPUT_SHA256 06f34c1d4f305dea3cb22d2726765d6b3c4844935792378a0b8a077d63e78a83 /home/lzy/projects/ulm_3D_vascular/outputs/topbrain_brava_transfer/nn_production/BG001/RMCA/VascularMD/roi_part01/roi_part01_modelable_vmd_surface.vtk
INPUT_SHA256 8df4842b35a3a58c6ebf00d483f4721ac2b67380247ae6bd49d7a41e5f65734e /home/lzy/projects/ulm_3D_vascular/outputs/topbrain_brava_transfer/nn_production/BG001/RMCA/VascularMD/roi_part01/roi_part01_surface.stl
INPUT_SHA256 dcf892d6176f355acea03ccd2dfb80a7d88603f57868c73e929e22fc8ad52a78 /home/lzy/projects/ulm_3D_vascular/outputs/topbrain_brava_transfer/nn_production/BG001/RMCA/VascularMD/roi_part02/roi_part02_modelable_vmd_qc.json
INPUT_SHA256 6527ec9c93502c186cdbd13a5ff0ffcba03b7017e228b198ad67936b63300627 /home/lzy/projects/ulm_3D_vascular/outputs/topbrain_brava_transfer/nn_production/BG001/RMCA/VascularMD/roi_part02/roi_part02_modelable_vmd_radius.csv
INPUT_SHA256 21caaa321ec22f07b88a4ee112203bd05efe9a579c70595990647e2960246c14 /home/lzy/projects/ulm_3D_vascular/outputs/topbrain_brava_transfer/nn_production/BG001/RMCA/VascularMD/roi_part02/roi_part02_modelable_vmd_run.log
INPUT_SHA256 f9ac78e82c327e460ae468b92d2fd369c38292aae0119afb700bf45a3eb05f24 /home/lzy/projects/ulm_3D_vascular/outputs/topbrain_brava_transfer/nn_production/BG001/RMCA/VascularMD/roi_part02/roi_part02_modelable_vmd_smooth.swc
INPUT_SHA256 b3f44890ae5e972832eae8e1ad99f62defc302f8718858196244ca827479865d /home/lzy/projects/ulm_3D_vascular/outputs/topbrain_brava_transfer/nn_production/BG001/RMCA/VascularMD/roi_part02/roi_part02_modelable_vmd_surface.vtk
INPUT_SHA256 f671254174ae13bb34cdea87bdd0e38bbd29cd0c31aa231ed6ffc9d0840b398d /home/lzy/projects/ulm_3D_vascular/outputs/topbrain_brava_transfer/nn_production/BG001/RMCA/VascularMD/roi_part02/roi_part02_surface.stl
INPUT_SHA256 361e934ecf0a640371422fb9c81dd96cf27cfd579518b4eecaabf7cac310c012 /home/lzy/projects/ulm_3D_vascular/outputs/topbrain_brava_transfer/nn_production/BG001/RMCA/VascularMD/roi_part03/roi_part03_modelable_vmd_qc.json
INPUT_SHA256 18c64b666d3191aa993875f3aad8a160e2f44bffab1699c18ea774ec0c1f2336 /home/lzy/projects/ulm_3D_vascular/outputs/topbrain_brava_transfer/nn_production/BG001/RMCA/VascularMD/roi_part03/roi_part03_modelable_vmd_run.log
INPUT_SHA256 b3f2cf511e8102325c409e66b30c7c5785b18e2c328e5a6dfecb3668652fe0a9 /home/lzy/projects/ulm_3D_vascular/outputs/topbrain_brava_transfer/nn_production/BG001/RMCA/VascularMD/roi_part04/roi_part04_modelable_vmd_qc.json
INPUT_SHA256 bf8f0fe224051d6064fc99ff391f591c843cce9561cd70da920d8596c42a53d4 /home/lzy/projects/ulm_3D_vascular/outputs/topbrain_brava_transfer/nn_production/BG001/RMCA/VascularMD/roi_part04/roi_part04_modelable_vmd_radius.csv
INPUT_SHA256 21caaa321ec22f07b88a4ee112203bd05efe9a579c70595990647e2960246c14 /home/lzy/projects/ulm_3D_vascular/outputs/topbrain_brava_transfer/nn_production/BG001/RMCA/VascularMD/roi_part04/roi_part04_modelable_vmd_run.log
INPUT_SHA256 0139312f2cb79acedd6c0f62a487093ca1fced50f178b5f7240dcd5748a4b901 /home/lzy/projects/ulm_3D_vascular/outputs/topbrain_brava_transfer/nn_production/BG001/RMCA/VascularMD/roi_part04/roi_part04_modelable_vmd_smooth.swc
INPUT_SHA256 d11d5c78d6d00cfc5f940db556bc9c5c84aad62f1f76aa00a94edfe5798cde7f /home/lzy/projects/ulm_3D_vascular/outputs/topbrain_brava_transfer/nn_production/BG001/RMCA/VascularMD/roi_part04/roi_part04_modelable_vmd_surface.vtk
INPUT_SHA256 ba8ebd0598ba86993f675e3db45e994487800bec22eadd50210c8a56958876b2 /home/lzy/projects/ulm_3D_vascular/outputs/topbrain_brava_transfer/nn_production/BG001/RMCA/VascularMD/roi_part04/roi_part04_surface.stl
INPUT_SHA256 358deb99d3e60f709c6d1230ab6440e0c176d1486a548468912384285478aecc /home/lzy/projects/ulm_3D_vascular/outputs/topbrain_brava_transfer/nn_production/BG001/RMCA/VascularMD/roi_part05/roi_part05_modelable_vmd_qc.json
INPUT_SHA256 c12e1834a090d75ea177539affc4738fd9d2dc771a97e6ee1e1fbf8413ea33f4 /home/lzy/projects/ulm_3D_vascular/outputs/topbrain_brava_transfer/nn_production/BG001/RMCA/VascularMD/roi_part05/roi_part05_modelable_vmd_radius.csv
INPUT_SHA256 21caaa321ec22f07b88a4ee112203bd05efe9a579c70595990647e2960246c14 /home/lzy/projects/ulm_3D_vascular/outputs/topbrain_brava_transfer/nn_production/BG001/RMCA/VascularMD/roi_part05/roi_part05_modelable_vmd_run.log
INPUT_SHA256 48fc49f4d288068adf873d3e19e9536516366bf8eccccd1cf483f8c76a2bbdda /home/lzy/projects/ulm_3D_vascular/outputs/topbrain_brava_transfer/nn_production/BG001/RMCA/VascularMD/roi_part05/roi_part05_modelable_vmd_smooth.swc
INPUT_SHA256 144d200ac3b1b8a7dab02d7730316f288034db31cc569fe70782c7b775c0893d /home/lzy/projects/ulm_3D_vascular/outputs/topbrain_brava_transfer/nn_production/BG001/RMCA/VascularMD/roi_part05/roi_part05_modelable_vmd_surface.vtk
INPUT_SHA256 c7e5638f97d44b9326628cfa01785cf6d92b55561d014935a6c9b884fc764013 /home/lzy/projects/ulm_3D_vascular/outputs/topbrain_brava_transfer/nn_production/BG001/RMCA/VascularMD/roi_part05/roi_part05_surface.stl
INPUT_SHA256 40b1524ffb48bbdb0f0b28ae7f4628f9335f487b3afae689add4bdd09afc2099 /home/lzy/projects/ulm_3D_vascular/outputs/topbrain_brava_transfer/nn_production/BG001/RMCA/branch_mapping.csv
INPUT_SHA256 9f67c1accba48469610f93d27a028ad140c76e0f1c2f60134eefe8683c373758 /home/lzy/projects/ulm_3D_vascular/outputs/topbrain_brava_transfer/nn_production/BG001/RMCA/branch_predictions.csv
INPUT_SHA256 4864d59e27fdd14559ea59f5fc55ddd4c31c8375163aedfbee1c4a1c7cfb8010 /home/lzy/projects/ulm_3D_vascular/outputs/topbrain_brava_transfer/nn_production/BG001/RMCA/donor_registrations.csv
INPUT_SHA256 2ae6469cf2befab2f54fb1d62d4a40990755b7414153c009ed6f6978c86ba961 /home/lzy/projects/ulm_3D_vascular/outputs/topbrain_brava_transfer/nn_production/BG001/RMCA/donor_registrations.json
INPUT_SHA256 2d5ae35e1a2268d1a3fcff01dc58cc61e7046807ee475265d75a416d848bb61c /home/lzy/projects/ulm_3D_vascular/outputs/topbrain_brava_transfer/nn_production/BG001/RMCA/labeled_tree.vtp
INPUT_SHA256 3d81d9dd0776edd8d90d2eb307e68582dfe785a9fa68362c53c1c14fd398c0ad /home/lzy/projects/ulm_3D_vascular/outputs/topbrain_brava_transfer/nn_production/BG001/RMCA/node_mapping.csv
INPUT_SHA256 a602bea243e012ad1f4ec73f35f6fe17db2ca29ca4fae072c734d72135a17fca /home/lzy/projects/ulm_3D_vascular/outputs/topbrain_brava_transfer/nn_production/BG001/RMCA/point_predictions.csv
INPUT_SHA256 b583d4bfc4136420e4e3f7c2cd996fbc6368c6f3752b6ad8d21e8596c4cca3d8 /home/lzy/projects/ulm_3D_vascular/outputs/topbrain_brava_transfer/nn_production/BG001/RMCA/point_support.npz
INPUT_SHA256 5b6ce704abacaa04d0dd3e232f1f4165ba77fa5ad470bd5fd11f65344854aa3e /home/lzy/projects/ulm_3D_vascular/outputs/topbrain_brava_transfer/nn_production/BG001/RMCA/roi_manifest_first_run.json
INPUT_SHA256 3361cea44a97e8bfa907ff1504b0f977e329d35eb59cb9f57cc1b3a2a55cd729 /home/lzy/projects/ulm_3D_vascular/s1-2_swc_roi_generate_human.py
INPUT_SHA256 921fe37d18d104481fcc37c38735eb59bfbe5f49d548d35ebf002a0516b0e791 /home/lzy/projects/ulm_3D_vascular/s1-3_swc_roi_generate_MeVO.py
2026-09-25T00:14:20+00:00 CANDIDATE_DETECTION 44 events, 31 physical nodes
2026-09-25T00:14:21+00:00 BOUNDARY 1/44 BG001_RMCA_B0276d7d6a2 PNG_OK
2026-09-25T00:14:22+00:00 BOUNDARY 2/44 BG001_RMCA_Be9d570d1ed PNG_OK
2026-09-25T00:14:22+00:00 BOUNDARY 3/44 BG001_RMCA_B766d3abd5b PNG_OK
2026-09-25T00:14:23+00:00 BOUNDARY 4/44 BG001_RMCA_Bb8f7da57b7 PNG_OK
2026-09-25T00:14:24+00:00 BOUNDARY 5/44 BG001_RMCA_B59f02eeabe PNG_OK
2026-09-25T00:14:24+00:00 BOUNDARY 6/44 BG001_RMCA_B6bd8df27e7 PNG_OK
2026-09-25T00:14:25+00:00 BOUNDARY 7/44 BG001_RMCA_B84196289a3 PNG_OK
2026-09-25T00:14:26+00:00 BOUNDARY 8/44 BG001_RMCA_Bc8983008b2 PNG_OK
2026-09-25T00:14:27+00:00 BOUNDARY 9/44 BG001_RMCA_Bf1145d6339 PNG_OK
2026-09-25T00:14:27+00:00 BOUNDARY 10/44 BG001_RMCA_Bf349521b9e PNG_OK
2026-09-25T00:14:28+00:00 BOUNDARY 11/44 BG001_RMCA_B03ae50e0e3 PNG_OK
2026-09-25T00:14:29+00:00 BOUNDARY 12/44 BG001_RMCA_B328beeea6a PNG_OK
2026-09-25T00:14:29+00:00 BOUNDARY 13/44 BG001_RMCA_B7e9b954694 PNG_OK
2026-09-25T00:14:30+00:00 BOUNDARY 14/44 BG001_RMCA_Bef0c71cf9b PNG_OK
2026-09-25T00:14:31+00:00 BOUNDARY 15/44 BG001_RMCA_B14fd1a2758 PNG_OK
2026-09-25T00:14:31+00:00 BOUNDARY 16/44 BG001_RMCA_B359e8f830b PNG_OK
2026-09-25T00:14:32+00:00 BOUNDARY 17/44 BG001_RMCA_Bb88d50380b PNG_OK
2026-09-25T00:14:33+00:00 BOUNDARY 18/44 BG001_RMCA_Bf58fac9b08 PNG_OK
2026-09-25T00:14:34+00:00 BOUNDARY 19/44 BG001_RMCA_B086ac3307a PNG_OK
2026-09-25T00:14:35+00:00 BOUNDARY 20/44 BG001_RMCA_B203ba3aa68 PNG_OK
2026-09-25T00:14:35+00:00 BOUNDARY 21/44 BG001_RMCA_B647b716f2c PNG_OK
2026-09-25T00:14:36+00:00 BOUNDARY 22/44 BG001_RMCA_Be6a082a350 PNG_OK
2026-09-25T00:14:37+00:00 BOUNDARY 23/44 BG001_RMCA_Beb6b35bc52 PNG_OK
2026-09-25T00:14:37+00:00 BOUNDARY 24/44 BG001_RMCA_Bfb28a793d7 PNG_OK
2026-09-25T00:14:38+00:00 BOUNDARY 25/44 BG001_RMCA_Bbeaa20b6c9 PNG_OK
2026-09-25T00:14:39+00:00 BOUNDARY 26/44 BG001_RMCA_B24e8a4201e PNG_OK
2026-09-25T00:14:39+00:00 BOUNDARY 27/44 BG001_RMCA_B36f87bb7b8 PNG_OK
2026-09-25T00:14:40+00:00 BOUNDARY 28/44 BG001_RMCA_B3df620f7bc PNG_OK
2026-09-25T00:14:41+00:00 BOUNDARY 29/44 BG001_RMCA_B3f21f48138 PNG_OK
2026-09-25T00:14:42+00:00 BOUNDARY 30/44 BG001_RMCA_B67d7bacc8a PNG_OK
2026-09-25T00:14:42+00:00 BOUNDARY 31/44 BG001_RMCA_B6af69813b7 PNG_OK
2026-09-25T00:14:43+00:00 BOUNDARY 32/44 BG001_RMCA_B76bb5667af PNG_OK
2026-09-25T00:14:44+00:00 BOUNDARY 33/44 BG001_RMCA_B7a4b65ef1d PNG_OK
2026-09-25T00:14:44+00:00 BOUNDARY 34/44 BG001_RMCA_B94f95566d7 PNG_OK
2026-09-25T00:14:45+00:00 BOUNDARY 35/44 BG001_RMCA_Baa5c06b3cc PNG_OK
2026-09-25T00:14:46+00:00 BOUNDARY 36/44 BG001_RMCA_Bb8aa111741 PNG_OK
2026-09-25T00:14:47+00:00 BOUNDARY 37/44 BG001_RMCA_Bc4dad6a3e6 PNG_OK
2026-09-25T00:14:47+00:00 BOUNDARY 38/44 BG001_RMCA_Be8a71d5760 PNG_OK
2026-09-25T00:14:48+00:00 BOUNDARY 39/44 BG001_RMCA_B14a4147b08 PNG_OK
2026-09-25T00:14:49+00:00 BOUNDARY 40/44 BG001_RMCA_B36db3ce01f PNG_OK
2026-09-25T00:14:50+00:00 BOUNDARY 41/44 BG001_RMCA_B8e0a3e3f84 PNG_OK
2026-09-25T00:14:50+00:00 BOUNDARY 42/44 BG001_RMCA_Ba6382479c7 PNG_OK
2026-09-25T00:14:51+00:00 BOUNDARY 43/44 BG001_RMCA_B27750a65a0 PNG_OK
2026-09-25T00:14:52+00:00 BOUNDARY 44/44 BG001_RMCA_B7578ebefeb PNG_OK
2026-09-25T00:14:56+00:00 READ_ONLY PASS; registration/NN/calibration/aggregation/extraction/VascularMD guards NOT CALLED
2026-09-25T00:14:56+00:00 PACKAGING: all manual_review files; no NIfTI, donor clouds, or native surfaces
FINAL_ZIP_SIZE_BYTES=00000000000018494851
