-----------------------------------------------------------------------------------
 Eq      N-i            T    dB      Ri/R1      Ri/R0       R/Ri    lsIt   dB   %t
-----------------------------------------------------------------------------------
 <PETSC_INITIALIZE>: use linear solver config. from svFSI input.
Mat Object: 1 MPI process
  type: preallocator
  rows=543408, cols=543408, bs=4
Mat Object: 1 MPI process
  type: seqaijcusparse
  rows=543408, cols=543408, bs=4
  total: nonzeros=30298176, allocated nonzeros=30298176
  total number of mallocs used during MatSetValues calls=0
    not using I-node routines
Vec Object: 1 MPI process
  type: seqcuda
  length=543408, bs=4
Mat Object: 1 MPI process
  type: seqaijcusparse
  rows=543408, cols=543408, bs=4
  total: nonzeros=30298176, allocated nonzeros=30298176
  total number of mallocs used during MatSetValues calls=0
    not using I-node routines
Mat Object: 1 MPI process
  type: seqaijcusparse
  rows=543408, cols=543408, bs=4
  total: nonzeros=30298176, allocated nonzeros=30298176
  total number of mallocs used during MatSetValues calls=0
    not using I-node routines
SV13Q_BEGIN logical=1 attempt=0 step=1 equation=0 policy=RA reuse=0 age=0 ref=0 rebuild_reason=FIRST_SOLVE builds=1 attempts=1 ksp=0x565477e3acc0 pc=0x565473487f10
Mat Object: 1 MPI process
  type: seqaijcusparse
  rows=543408, cols=543408, bs=4
  total: nonzeros=30298176, allocated nonzeros=30298176
  total number of mallocs used during MatSetValues calls=0
    not using I-node routines
  0 KSP unpreconditioned resid norm 1.155674839980e-01 true resid norm 1.155674839980e-01 ||r(i)||/||b|| 1.000000000000e+00
  1 KSP unpreconditioned resid norm 2.578401115119e-02 true resid norm 2.578401115119e-02 ||r(i)||/||b|| 2.231078350000e-01
  2 KSP unpreconditioned resid norm 2.006270499817e-02 true resid norm 2.007484636992e-02 ||r(i)||/||b|| 1.737067008421e-01
  3 KSP unpreconditioned resid norm 1.646365607754e-02 true resid norm 1.646393913288e-02 ||r(i)||/||b|| 1.424616904627e-01
  4 KSP unpreconditioned resid norm 1.441424765571e-02 true resid norm 1.441402328507e-02 ||r(i)||/||b|| 1.247238651083e-01
  5 KSP unpreconditioned resid norm 1.291155243279e-02 true resid norm 1.291135664045e-02 ||r(i)||/||b|| 1.117213613534e-01
  6 KSP unpreconditioned resid norm 1.194263787060e-02 true resid norm 1.194248281337e-02 ||r(i)||/||b|| 1.033377417265e-01
  7 KSP unpreconditioned resid norm 1.099844711266e-02 true resid norm 1.099832600339e-02 ||r(i)||/||b|| 9.516799728532e-02
  8 KSP unpreconditioned resid norm 1.035291407925e-02 true resid norm 1.035281306951e-02 ||r(i)||/||b|| 8.958240424866e-02
  9 KSP unpreconditioned resid norm 9.740147254405e-03 true resid norm 9.740063139890e-03 ||r(i)||/||b|| 8.428030794594e-02
 10 KSP unpreconditioned resid norm 9.237748762473e-03 true resid norm 9.237677003819e-03 ||r(i)||/||b|| 7.993318435468e-02
 11 KSP unpreconditioned resid norm 8.826526824897e-03 true resid norm 8.826464228451e-03 ||r(i)||/||b|| 7.637497956262e-02
 12 KSP unpreconditioned resid norm 8.475739696167e-03 true resid norm 8.475684270230e-03 ||r(i)||/||b|| 7.333969709314e-02
 13 KSP unpreconditioned resid norm 8.122456435173e-03 true resid norm 8.122407655067e-03 ||r(i)||/||b|| 7.028281116864e-02
 14 KSP unpreconditioned resid norm 7.836908873836e-03 true resid norm 7.836865059691e-03 ||r(i)||/||b|| 6.781202452955e-02
 15 KSP unpreconditioned resid norm 7.591866167828e-03 true resid norm 7.591826336482e-03 ||r(i)||/||b|| 6.569171599005e-02
 16 KSP unpreconditioned resid norm 7.343229560957e-03 true resid norm 7.343193516378e-03 ||r(i)||/||b|| 6.354030789928e-02
 17 KSP unpreconditioned resid norm 7.126418984019e-03 true resid norm 7.126386038838e-03 ||r(i)||/||b|| 6.166428299989e-02
 18 KSP unpreconditioned resid norm 6.933847327587e-03 true resid norm 6.933816981656e-03 ||r(i)||/||b|| 5.999799201110e-02
 19 KSP unpreconditioned resid norm 6.739790701954e-03 true resid norm 6.739762833193e-03 ||r(i)||/||b|| 5.831885059736e-02
 20 KSP unpreconditioned resid norm 6.566964345562e-03 true resid norm 6.566938566146e-03 ||r(i)||/||b|| 5.682341034836e-02
 21 KSP unpreconditioned resid norm 6.411997810684e-03 true resid norm 6.411973813652e-03 ||r(i)||/||b|| 5.548250763824e-02
 22 KSP unpreconditioned resid norm 6.264487287057e-03 true resid norm 6.264464908326e-03 ||r(i)||/||b|| 5.420612002278e-02
 23 KSP unpreconditioned resid norm 6.135956725299e-03 true resid norm 6.135935695874e-03 ||r(i)||/||b|| 5.309396279649e-02
 24 KSP unpreconditioned resid norm 5.998526141990e-03 true resid norm 5.998506494254e-03 ||r(i)||/||b|| 5.190479438280e-02
 25 KSP unpreconditioned resid norm 5.883964035698e-03 true resid norm 5.883945492399e-03 ||r(i)||/||b|| 5.091350342541e-02
 26 KSP unpreconditioned resid norm 5.768796881662e-03 true resid norm 5.768779405989e-03 ||r(i)||/||b|| 4.991697669985e-02
 27 KSP unpreconditioned resid norm 5.665794922711e-03 true resid norm 5.665778366523e-03 ||r(i)||/||b|| 4.902571355297e-02
 28 KSP unpreconditioned resid norm 5.562351372464e-03 true resid norm 5.562335706647e-03 ||r(i)||/||b|| 4.813062908545e-02
 29 KSP unpreconditioned resid norm 5.472651699498e-03 true resid norm 5.472636779409e-03 ||r(i)||/||b|| 4.735446848962e-02
 30 KSP unpreconditioned resid norm 5.374202505486e-03 true resid norm 5.374188376163e-03 ||r(i)||/||b|| 4.650259908968e-02
 31 KSP unpreconditioned resid norm 5.288680641769e-03 true resid norm 5.288667176299e-03 ||r(i)||/||b|| 4.576258817221e-02
 32 KSP unpreconditioned resid norm 5.209683358548e-03 true resid norm 5.209670487551e-03 ||r(i)||/||b|| 4.507903354235e-02
 33 KSP unpreconditioned resid norm 5.128141971894e-03 true resid norm 5.128129695887e-03 ||r(i)||/||b|| 4.437346490969e-02
 34 KSP unpreconditioned resid norm 5.050581631367e-03 true resid norm 5.050569903944e-03 ||r(i)||/||b|| 4.370234368026e-02
 35 KSP unpreconditioned resid norm 4.972384733638e-03 true resid norm 4.972373542540e-03 ||r(i)||/||b|| 4.302571424524e-02
 36 KSP unpreconditioned resid norm 4.898919261534e-03 true resid norm 4.898908559194e-03 ||r(i)||/||b|| 4.239002520188e-02
 37 KSP unpreconditioned resid norm 4.826381750707e-03 true resid norm 4.826371516760e-03 ||r(i)||/||b|| 4.176236558757e-02
 38 KSP unpreconditioned resid norm 4.759733928417e-03 true resid norm 4.759724112607e-03 ||r(i)||/||b|| 4.118566873610e-02
 39 KSP unpreconditioned resid norm 4.696452288826e-03 true resid norm 4.696442859340e-03 ||r(i)||/||b|| 4.063809902983e-02
 40 KSP unpreconditioned resid norm 4.627734343876e-03 true resid norm 4.627725322255e-03 ||r(i)||/||b|| 4.004348941554e-02
 41 KSP unpreconditioned resid norm 4.565863831605e-03 true resid norm 4.565855167034e-03 ||r(i)||/||b|| 3.950812987425e-02
 42 KSP unpreconditioned resid norm 4.510794419835e-03 true resid norm 4.510786065026e-03 ||r(i)||/||b|| 3.903161952634e-02
 43 KSP unpreconditioned resid norm 4.446318702454e-03 true resid norm 4.446310700802e-03 ||r(i)||/||b|| 3.847371723415e-02
 44 KSP unpreconditioned resid norm 4.390763137119e-03 true resid norm 4.390755431658e-03 ||r(i)||/||b|| 3.799300010489e-02
 45 KSP unpreconditioned resid norm 4.335174179943e-03 true resid norm 4.335166763451e-03 ||r(i)||/||b|| 3.751199397510e-02
 46 KSP unpreconditioned resid norm 4.282258941242e-03 true resid norm 4.282251793041e-03 ||r(i)||/||b|| 3.705412322652e-02
 47 KSP unpreconditioned resid norm 4.228686422704e-03 true resid norm 4.228679539443e-03 ||r(i)||/||b|| 3.659056503744e-02
 48 KSP unpreconditioned resid norm 4.175640357375e-03 true resid norm 4.175633729914e-03 ||r(i)||/||b|| 3.613156214412e-02
 49 KSP unpreconditioned resid norm 4.128516225656e-03 true resid norm 4.128509820044e-03 ||r(i)||/||b|| 3.572380116984e-02
 50 KSP unpreconditioned resid norm 4.080028498566e-03 true resid norm 4.080022315995e-03 ||r(i)||/||b|| 3.530424107931e-02
 51 KSP unpreconditioned resid norm 4.031441496320e-03 true resid norm 4.031435532032e-03 ||r(i)||/||b|| 3.488382192435e-02
 52 KSP unpreconditioned resid norm 3.988663407629e-03 true resid norm 3.988657631198e-03 ||r(i)||/||b|| 3.451366676172e-02
 53 KSP unpreconditioned resid norm 3.946379389512e-03 true resid norm 3.946373794827e-03 ||r(i)||/||b|| 3.414778671564e-02
 54 KSP unpreconditioned resid norm 3.901493436795e-03 true resid norm 3.901488030867e-03 ||r(i)||/||b|| 3.375939231258e-02
 55 KSP unpreconditioned resid norm 3.858131103290e-03 true resid norm 3.858125875617e-03 ||r(i)||/||b|| 3.338418162399e-02
 56 KSP unpreconditioned resid norm 3.819204192304e-03 true resid norm 3.819199121261e-03 ||r(i)||/||b|| 3.304735025058e-02
 57 KSP unpreconditioned resid norm 3.781005435692e-03 true resid norm 3.781000515291e-03 ||r(i)||/||b|| 3.271681951089e-02
 58 KSP unpreconditioned resid norm 3.740307389254e-03 true resid norm 3.740302626034e-03 ||r(i)||/||b|| 3.236466259055e-02
 59 KSP unpreconditioned resid norm 3.700926331919e-03 true resid norm 3.700921717584e-03 ||r(i)||/||b|| 3.202390144314e-02
 60 KSP unpreconditioned resid norm 3.665202535043e-03 true resid norm 3.665198053050e-03 ||r(i)||/||b|| 3.171478625522e-02
 61 KSP unpreconditioned resid norm 3.632465824407e-03 true resid norm 3.632461461431e-03 ||r(i)||/||b|| 3.143151806865e-02
 62 KSP unpreconditioned resid norm 3.595878052450e-03 true resid norm 3.595873819989e-03 ||r(i)||/||b|| 3.111492692920e-02
 63 KSP unpreconditioned resid norm 3.560840683939e-03 true resid norm 3.560836574000e-03 ||r(i)||/||b|| 3.081175128864e-02
 64 KSP unpreconditioned resid norm 3.530832065149e-03 true resid norm 3.530828058243e-03 ||r(i)||/||b|| 3.055208901411e-02
 65 KSP unpreconditioned resid norm 3.497787852541e-03 true resid norm 3.497783957080e-03 ||r(i)||/||b|| 3.026615996192e-02
 66 KSP unpreconditioned resid norm 3.467097821861e-03 true resid norm 3.467094028044e-03 ||r(i)||/||b|| 3.000060145035e-02
 67 KSP unpreconditioned resid norm 3.437766204305e-03 true resid norm 3.437762505959e-03 ||r(i)||/||b|| 2.974679717020e-02
 68 KSP unpreconditioned resid norm 3.408038493165e-03 true resid norm 3.408034889943e-03 ||r(i)||/||b|| 2.948956550790e-02
 69 KSP unpreconditioned resid norm 3.376170520502e-03 true resid norm 3.376167017418e-03 ||r(i)||/||b|| 2.921381430676e-02
 70 KSP unpreconditioned resid norm 3.344162907289e-03 true resid norm 3.344159502895e-03 ||r(i)||/||b|| 2.893685478999e-02
 71 KSP unpreconditioned resid norm 3.315830675308e-03 true resid norm 3.315827356701e-03 ||r(i)||/||b|| 2.869169806239e-02
 72 KSP unpreconditioned resid norm 3.289595390346e-03 true resid norm 3.289592149894e-03 ||r(i)||/||b|| 2.846468605261e-02
 73 KSP unpreconditioned resid norm 3.262106365938e-03 true resid norm 3.262103206053e-03 ||r(i)||/||b|| 2.822682551529e-02
 74 KSP unpreconditioned resid norm 3.235230576400e-03 true resid norm 3.235227493963e-03 ||r(i)||/||b|| 2.799427124345e-02
 75 KSP unpreconditioned resid norm 3.207959859437e-03 true resid norm 3.207956854291e-03 ||r(i)||/||b|| 2.775829968182e-02
 76 KSP unpreconditioned resid norm 3.182623406612e-03 true resid norm 3.182620472121e-03 ||r(i)||/||b|| 2.753906515933e-02
 77 KSP unpreconditioned resid norm 3.158015788064e-03 true resid norm 3.158012921107e-03 ||r(i)||/||b|| 2.732613717853e-02
 78 KSP unpreconditioned resid norm 3.132891025103e-03 true resid norm 3.132887123668e-03 ||r(i)||/||b|| 2.710872483580e-02
 79 KSP unpreconditioned resid norm 3.110342996983e-03 true resid norm 3.110339751672e-03 ||r(i)||/||b|| 2.691362348709e-02
 80 KSP unpreconditioned resid norm 3.089867246958e-03 true resid norm 3.089860617143e-03 ||r(i)||/||b|| 2.673641849983e-02
 81 KSP unpreconditioned resid norm 3.066706211295e-03 true resid norm 3.066814774312e-03 ||r(i)||/||b|| 2.653700390643e-02
 82 KSP unpreconditioned resid norm 3.045747864501e-03 true resid norm 3.045146027343e-03 ||r(i)||/||b|| 2.634950525872e-02
 83 KSP unpreconditioned resid norm 3.018607191020e-03 true resid norm 3.027561084780e-03 ||r(i)||/||b|| 2.619734357834e-02
 84 KSP unpreconditioned resid norm 3.000605689996e-03 true resid norm 3.007852215129e-03 ||r(i)||/||b|| 2.602680365682e-02
 85 KSP unpreconditioned resid norm 2.977841558457e-03 true resid norm 2.989318723480e-03 ||r(i)||/||b|| 2.586643422584e-02
 86 KSP unpreconditioned resid norm 2.966479384687e-03 true resid norm 2.970498754284e-03 ||r(i)||/||b|| 2.570358591812e-02
 87 KSP unpreconditioned resid norm 2.946171813960e-03 true resid norm 2.955056200638e-03 ||r(i)||/||b|| 2.556996222821e-02
 88 KSP unpreconditioned resid norm 2.943994047754e-03 true resid norm 2.943126191512e-03 ||r(i)||/||b|| 2.546673242071e-02
 89 KSP unpreconditioned resid norm 2.939689003275e-03 true resid norm 2.948279534816e-03 ||r(i)||/||b|| 2.551132405779e-02
 90 KSP unpreconditioned resid norm 2.938882654778e-03 true resid norm 2.955458034582e-03 ||r(i)||/||b|| 2.557343927842e-02
 91 KSP unpreconditioned resid norm 2.937730359234e-03 true resid norm 2.965400587330e-03 ||r(i)||/||b|| 2.565947171941e-02
 92 KSP unpreconditioned resid norm 2.936654099795e-03 true resid norm 2.977356136435e-03 ||r(i)||/||b|| 2.576292252314e-02
 93 KSP unpreconditioned resid norm 2.935647172937e-03 true resid norm 2.991004728602e-03 ||r(i)||/||b|| 2.588102314881e-02
 94 KSP unpreconditioned resid norm 2.934645759389e-03 true resid norm 3.006488053454e-03 ||r(i)||/||b|| 2.601499963005e-02
 95 KSP unpreconditioned resid norm 2.933636761837e-03 true resid norm 3.023851224756e-03 ||r(i)||/||b|| 2.616524233415e-02
 96 KSP unpreconditioned resid norm 2.932646014431e-03 true resid norm 3.042866859045e-03 ||r(i)||/||b|| 2.632978372271e-02
 97 KSP unpreconditioned resid norm 2.931648060880e-03 true resid norm 3.063682289335e-03 ||r(i)||/||b|| 2.650989866136e-02
 98 KSP unpreconditioned resid norm 2.930659937064e-03 true resid norm 3.086103772305e-03 ||r(i)||/||b|| 2.670391069826e-02
 99 KSP unpreconditioned resid norm 2.929676512056e-03 true resid norm 3.110120717984e-03 ||r(i)||/||b|| 2.691172819889e-02
100 KSP unpreconditioned resid norm 3.135723414399e-03 true resid norm 3.135723414399e-03 ||r(i)||/||b|| 2.713326712601e-02
101 KSP unpreconditioned resid norm 2.936306591393e-03 true resid norm 2.936306591393e-03 ||r(i)||/||b|| 2.540772274184e-02
102 KSP unpreconditioned resid norm 2.925316202558e-03 true resid norm 2.925316202558e-03 ||r(i)||/||b|| 2.531262342450e-02
103 KSP unpreconditioned resid norm 2.912563477809e-03 true resid norm 2.912563477809e-03 ||r(i)||/||b|| 2.520227469743e-02
104 KSP unpreconditioned resid norm 2.899104322772e-03 true resid norm 2.899104322772e-03 ||r(i)||/||b|| 2.508581326233e-02
105 KSP unpreconditioned resid norm 2.885163925130e-03 true resid norm 2.885163925130e-03 ||r(i)||/||b|| 2.496518765763e-02
106 KSP unpreconditioned resid norm 2.873192279699e-03 true resid norm 2.873192279699e-03 ||r(i)||/||b|| 2.486159757314e-02
107 KSP unpreconditioned resid norm 2.857075200818e-03 true resid norm 2.857075200818e-03 ||r(i)||/||b|| 2.472213724812e-02
108 KSP unpreconditioned resid norm 2.844613881683e-03 true resid norm 2.844613881683e-03 ||r(i)||/||b|| 2.461431004011e-02
109 KSP unpreconditioned resid norm 2.830246102980e-03 true resid norm 2.830246102980e-03 ||r(i)||/||b|| 2.448998632720e-02
110 KSP unpreconditioned resid norm 2.817571779325e-03 true resid norm 2.817571779325e-03 ||r(i)||/||b|| 2.438031600111e-02
111 KSP unpreconditioned resid norm 2.805811399797e-03 true resid norm 2.805811399796e-03 ||r(i)||/||b|| 2.427855399054e-02
112 KSP unpreconditioned resid norm 2.793898758463e-03 true resid norm 2.793898758463e-03 ||r(i)||/||b|| 2.417547446573e-02
113 KSP unpreconditioned resid norm 2.779973716845e-03 true resid norm 2.779973716845e-03 ||r(i)||/||b|| 2.405498173598e-02
114 KSP unpreconditioned resid norm 2.767311332874e-03 true resid norm 2.767311332874e-03 ||r(i)||/||b|| 2.394541472342e-02
115 KSP unpreconditioned resid norm 2.754217451606e-03 true resid norm 2.754217451607e-03 ||r(i)||/||b|| 2.383211398505e-02
116 KSP unpreconditioned resid norm 2.739635395579e-03 true resid norm 2.739635395579e-03 ||r(i)||/||b|| 2.370593614053e-02
117 KSP unpreconditioned resid norm 2.725368649193e-03 true resid norm 2.725368649193e-03 ||r(i)||/||b|| 2.358248665550e-02
118 KSP unpreconditioned resid norm 2.711282180116e-03 true resid norm 2.711282180116e-03 ||r(i)||/||b|| 2.346059710154e-02
119 KSP unpreconditioned resid norm 2.695560318969e-03 true resid norm 2.695560318969e-03 ||r(i)||/||b|| 2.332455657697e-02
120 KSP unpreconditioned resid norm 2.680705405973e-03 true resid norm 2.680705405973e-03 ||r(i)||/||b|| 2.319601771394e-02
121 KSP unpreconditioned resid norm 2.664243234453e-03 true resid norm 2.664243234453e-03 ||r(i)||/||b|| 2.305357131855e-02
122 KSP unpreconditioned resid norm 2.647158388335e-03 true resid norm 2.647158388335e-03 ||r(i)||/||b|| 2.290573694917e-02
123 KSP unpreconditioned resid norm 2.630628734500e-03 true resid norm 2.630628734500e-03 ||r(i)||/||b|| 2.276270663248e-02
124 KSP unpreconditioned resid norm 2.611647223005e-03 true resid norm 2.611647223005e-03 ||r(i)||/||b|| 2.259846050685e-02
125 KSP unpreconditioned resid norm 2.594059037771e-03 true resid norm 2.594059037771e-03 ||r(i)||/||b|| 2.244627076778e-02
126 KSP unpreconditioned resid norm 2.574323499775e-03 true resid norm 2.574323499775e-03 ||r(i)||/||b|| 2.227550008634e-02
127 KSP unpreconditioned resid norm 2.555438809218e-03 true resid norm 2.555438809218e-03 ||r(i)||/||b|| 2.211209174773e-02
128 KSP unpreconditioned resid norm 2.534915493221e-03 true resid norm 2.534915493221e-03 ||r(i)||/||b|| 2.193450446031e-02
129 KSP unpreconditioned resid norm 2.514622882312e-03 true resid norm 2.514622882312e-03 ||r(i)||/||b|| 2.175891345316e-02
130 KSP unpreconditioned resid norm 2.491785411353e-03 true resid norm 2.491785411353e-03 ||r(i)||/||b|| 2.156130189177e-02
131 KSP unpreconditioned resid norm 2.472532347568e-03 true resid norm 2.472532347568e-03 ||r(i)||/||b|| 2.139470603696e-02
132 KSP unpreconditioned resid norm 2.451512254005e-03 true resid norm 2.451512254005e-03 ||r(i)||/||b|| 2.121282015664e-02
133 KSP unpreconditioned resid norm 2.429167305814e-03 true resid norm 2.429167305814e-03 ||r(i)||/||b|| 2.101947037158e-02
134 KSP unpreconditioned resid norm 2.405196199070e-03 true resid norm 2.405196199070e-03 ||r(i)||/||b|| 2.081204951309e-02
135 KSP unpreconditioned resid norm 2.381047519718e-03 true resid norm 2.381047519718e-03 ||r(i)||/||b|| 2.060309212718e-02
136 KSP unpreconditioned resid norm 2.358056744967e-03 true resid norm 2.358056744967e-03 ||r(i)||/||b|| 2.040415403529e-02
137 KSP unpreconditioned resid norm 2.335891743130e-03 true resid norm 2.335891743130e-03 ||r(i)||/||b|| 2.021236131756e-02
138 KSP unpreconditioned resid norm 2.311993863505e-03 true resid norm 2.311993863505e-03 ||r(i)||/||b|| 2.000557408989e-02
139 KSP unpreconditioned resid norm 2.287858427862e-03 true resid norm 2.287858427862e-03 ||r(i)||/||b|| 1.979673130118e-02
140 KSP unpreconditioned resid norm 2.264773647677e-03 true resid norm 2.264773647677e-03 ||r(i)||/||b|| 1.959697978470e-02
141 KSP unpreconditioned resid norm 2.245056870928e-03 true resid norm 2.245056870928e-03 ||r(i)||/||b|| 1.942637144343e-02
142 KSP unpreconditioned resid norm 2.223587356046e-03 true resid norm 2.223587356046e-03 ||r(i)||/||b|| 1.924059674159e-02
143 KSP unpreconditioned resid norm 2.188870237459e-03 true resid norm 2.188870237459e-03 ||r(i)||/||b|| 1.894019114837e-02
144 KSP unpreconditioned resid norm 2.146145711601e-03 true resid norm 2.146145711601e-03 ||r(i)||/||b|| 1.857049783690e-02
145 KSP unpreconditioned resid norm 2.099857034049e-03 true resid norm 2.099857034049e-03 ||r(i)||/||b|| 1.816996408856e-02
146 KSP unpreconditioned resid norm 2.068577873494e-03 true resid norm 2.068577873494e-03 ||r(i)||/||b|| 1.789930698439e-02
147 KSP unpreconditioned resid norm 2.048491371377e-03 true resid norm 2.048491371377e-03 ||r(i)||/||b|| 1.772549942691e-02
148 KSP unpreconditioned resid norm 2.030756497355e-03 true resid norm 2.030756497355e-03 ||r(i)||/||b|| 1.757204039667e-02
149 KSP unpreconditioned resid norm 2.009149381976e-03 true resid norm 2.009149381976e-03 ||r(i)||/||b|| 1.738507504421e-02
150 KSP unpreconditioned resid norm 1.983301296822e-03 true resid norm 1.983301296822e-03 ||r(i)||/||b|| 1.716141277988e-02
151 KSP unpreconditioned resid norm 1.956985078111e-03 true resid norm 1.956985078111e-03 ||r(i)||/||b|| 1.693369977791e-02
152 KSP unpreconditioned resid norm 1.933782400942e-03 true resid norm 1.933782400942e-03 ||r(i)||/||b|| 1.673292810438e-02
153 KSP unpreconditioned resid norm 1.910267025057e-03 true resid norm 1.910267025057e-03 ||r(i)||/||b|| 1.652945066356e-02
154 KSP unpreconditioned resid norm 1.886539935851e-03 true resid norm 1.886539935851e-03 ||r(i)||/||b|| 1.632414127735e-02
155 KSP unpreconditioned resid norm 1.861776852590e-03 true resid norm 1.861776852590e-03 ||r(i)||/||b|| 1.610986748333e-02
156 KSP unpreconditioned resid norm 1.837531525159e-03 true resid norm 1.837531525159e-03 ||r(i)||/||b|| 1.590007380614e-02
157 KSP unpreconditioned resid norm 1.814337883722e-03 true resid norm 1.814337883722e-03 ||r(i)||/||b|| 1.569938031837e-02
158 KSP unpreconditioned resid norm 1.791624114438e-03 true resid norm 1.791624114438e-03 ||r(i)||/||b|| 1.550283914175e-02
159 KSP unpreconditioned resid norm 1.767441414330e-03 true resid norm 1.767441414330e-03 ||r(i)||/||b|| 1.529358737584e-02
160 KSP unpreconditioned resid norm 1.740384028723e-03 true resid norm 1.740384028723e-03 ||r(i)||/||b|| 1.505946109161e-02
161 KSP unpreconditioned resid norm 1.714197156751e-03 true resid norm 1.714197156751e-03 ||r(i)||/||b|| 1.483286732089e-02
162 KSP unpreconditioned resid norm 1.687474174360e-03 true resid norm 1.687474174360e-03 ||r(i)||/||b|| 1.460163461194e-02
163 KSP unpreconditioned resid norm 1.662299818270e-03 true resid norm 1.662299818270e-03 ||r(i)||/||b|| 1.438380209349e-02
164 KSP unpreconditioned resid norm 1.637111237678e-03 true resid norm 1.637111237678e-03 ||r(i)||/||b|| 1.416584649109e-02
165 KSP unpreconditioned resid norm 1.610133988580e-03 true resid norm 1.610133988580e-03 ||r(i)||/||b|| 1.393241362430e-02
166 KSP unpreconditioned resid norm 1.584764674651e-03 true resid norm 1.584764674652e-03 ||r(i)||/||b|| 1.371289414485e-02
167 KSP unpreconditioned resid norm 1.558451213844e-03 true resid norm 1.558451213844e-03 ||r(i)||/||b|| 1.348520500689e-02
168 KSP unpreconditioned resid norm 1.530355245012e-03 true resid norm 1.530355245012e-03 ||r(i)||/||b|| 1.324209191089e-02
169 KSP unpreconditioned resid norm 1.503672921277e-03 true resid norm 1.503672921277e-03 ||r(i)||/||b|| 1.301121101938e-02
170 KSP unpreconditioned resid norm 1.479100292465e-03 true resid norm 1.479100292465e-03 ||r(i)||/||b|| 1.279858521875e-02
171 KSP unpreconditioned resid norm 1.455817293015e-03 true resid norm 1.455817293015e-03 ||r(i)||/||b|| 1.259711852029e-02
172 KSP unpreconditioned resid norm 1.433137642235e-03 true resid norm 1.433137642235e-03 ||r(i)||/||b|| 1.240087256948e-02
173 KSP unpreconditioned resid norm 1.408787337015e-03 true resid norm 1.408787337015e-03 ||r(i)||/||b|| 1.219017052443e-02
174 KSP unpreconditioned resid norm 1.381556413095e-03 true resid norm 1.381556413095e-03 ||r(i)||/||b|| 1.195454262134e-02
175 KSP unpreconditioned resid norm 1.354639210575e-03 true resid norm 1.354618473436e-03 ||r(i)||/||b|| 1.172144989727e-02
176 KSP unpreconditioned resid norm 1.331880087776e-03 true resid norm 1.331846457307e-03 ||r(i)||/||b|| 1.152440471344e-02
177 KSP unpreconditioned resid norm 1.310839363970e-03 true resid norm 1.310820330309e-03 ||r(i)||/||b|| 1.134246662610e-02
178 KSP unpreconditioned resid norm 1.287357150135e-03 true resid norm 1.287339132329e-03 ||r(i)||/||b|| 1.113928492509e-02
179 KSP unpreconditioned resid norm 1.263974285918e-03 true resid norm 1.263981499124e-03 ||r(i)||/||b|| 1.093717242426e-02
180 KSP unpreconditioned resid norm 1.244419036396e-03 true resid norm 1.240706809859e-03 ||r(i)||/||b|| 1.073577763344e-02
181 KSP unpreconditioned resid norm 1.210396327338e-03 true resid norm 1.217257750444e-03 ||r(i)||/||b|| 1.053287402593e-02
182 KSP unpreconditioned resid norm 1.204908850949e-03 true resid norm 1.200756808794e-03 ||r(i)||/||b|| 1.039009215442e-02
183 KSP unpreconditioned resid norm 1.121434589209e-03 true resid norm 1.182055732576e-03 ||r(i)||/||b|| 1.022827262205e-02
184 KSP unpreconditioned resid norm 1.120291876314e-03 true resid norm 1.171482637763e-03 ||r(i)||/||b|| 1.013678413025e-02
185 KSP unpreconditioned resid norm 1.049842623278e-03 true resid norm 1.162058217640e-03 ||r(i)||/||b|| 1.005523506646e-02
186 KSP unpreconditioned resid norm 1.048507400004e-03 true resid norm 1.151491517710e-03 ||r(i)||/||b|| 9.963801909280e-03
187 KSP unpreconditioned resid norm 9.967771530654e-04 true resid norm 1.190616719975e-03 ||r(i)||/||b|| 1.030235044311e-02
188 KSP unpreconditioned resid norm 9.565417029708e-04 true resid norm 1.258969684395e-03 ||r(i)||/||b|| 1.089380542728e-02
189 KSP unpreconditioned resid norm 9.481312474902e-04 true resid norm 1.290157728611e-03 ||r(i)||/||b|| 1.116367410606e-02
190 KSP unpreconditioned resid norm 9.473356315227e-04 true resid norm 1.294530178756e-03 ||r(i)||/||b|| 1.120150871138e-02
191 KSP unpreconditioned resid norm 9.361592756536e-04 true resid norm 1.321661258029e-03 ||r(i)||/||b|| 1.143627266344e-02
192 KSP unpreconditioned resid norm 8.956889158266e-04 true resid norm 1.431079894301e-03 ||r(i)||/||b|| 1.238306697346e-02
193 KSP unpreconditioned resid norm 8.601128792043e-04 true resid norm 1.534104688315e-03 ||r(i)||/||b|| 1.327453566733e-02
194 KSP unpreconditioned resid norm 8.280328426189e-04 true resid norm 1.628558225006e-03 ||r(i)||/||b|| 1.409183767498e-02
195 KSP unpreconditioned resid norm 7.991490049546e-04 true resid norm 1.713849851898e-03 ||r(i)||/||b|| 1.482986210834e-02
196 KSP unpreconditioned resid norm 7.733661729319e-04 true resid norm 1.790689604434e-03 ||r(i)||/||b|| 1.549475287066e-02
197 KSP unpreconditioned resid norm 7.499781932213e-04 true resid norm 1.860004120200e-03 ||r(i)||/||b|| 1.609452811339e-02
198 KSP unpreconditioned resid norm 7.285941485324e-04 true resid norm 1.922680228214e-03 ||r(i)||/||b|| 1.663686152627e-02
199 KSP unpreconditioned resid norm 7.089896062933e-04 true resid norm 1.979538330088e-03 ||r(i)||/||b|| 1.712885200583e-02
[0]PETSC ERROR: --------------------- Error Message --------------------------------------------------------------
[0]PETSC ERROR: Residual norm computed by GMRES recursion formula 0.000690772 is far from the computed residual norm 0.00203124 at restart, residual norm at start of cycle 0.00313572
[0]PETSC ERROR: WARNING! There are unused option(s) set! Could be the program crashed before usage or a spelling mistake, etc!
[0]PETSC ERROR:   Option left: name:-options_left (no value) source: environment
[0]PETSC ERROR:   Option left: name:-options_view (no value) source: environment
[0]PETSC ERROR:   Option left: name:-skip_petscrc (no value) source: environment
[0]PETSC ERROR: See https://petsc.org/release/faq/ for trouble shooting.
[0]PETSC ERROR: PETSc Release Version 3.25.5, Aug 30, 2026
[0]PETSC ERROR: Unknown Name with 1 MPI process(es) and PETSC_ARCH  on f7c62a262077 by root Mon Sep 28 20:10:05 2026
[0]PETSC ERROR: Configure options: --prefix=/workspace/formal_3D_flow_solver_FEM_SimVascular_lzy/sv1_3n/external/petsc325/install_gpu13 PETSC_ARCH=arch-sv13n-gpu13 --with-cc=/workspace/formal_3D_flow_solver_FEM_SimVascular_lzy/sv1_3l/external/gpu_mpi_fortran/bin/mpicc --with-cxx=/workspace/formal_3D_flow_solver_FEM_SimVascular_lzy/sv1_3l/external/gpu_mpi_fortran/bin/mpicxx --with-mpiexec=/workspace/formal_3D_flow_solver_FEM_SimVascular_lzy/sv1_3l/scripts/run_gpu_mpi_fortran.sh --with-fc=0 --with-fortran-bindings=0 --with-debugging=0 --with-shared-libraries=1 --with-scalar-type=real --with-precision=double --with-64-bit-indices=0 --with-blaslapack-lib="[/workspace/formal_3D_flow_solver_FEM_SimVascular_lzy/sv1_3j/external/compat_cuda/system-lib/liblapack.so,/workspace/formal_3D_flow_solver_FEM_SimVascular_lzy/sv1_3j/external/compat_cuda/system-lib/libblas.so]" --with-x=0 --with-cxx-dialect=C++17 --with-hip=0 --with-opencl=0 --with-cuda=1 --with-cuda-dir=/usr/local/cuda --with-cudac=/usr/local/cuda/bin/nvcc --with-cuda-arch=89 --with-cuda-dialect=C++17 CUDAFLAGS="-ccbin /usr/bin/g++"
[0]PETSC ERROR: #1 KSPGMRESCycle() at /workspace/formal_3D_flow_solver_FEM_SimVascular_lzy/sv1_3n/external/petsc325/source_gpu13_configfix/src/ksp/ksp/impls/gmres/gmres.c:102
[0]PETSC ERROR: #2 KSPSolve_GMRES() at /workspace/formal_3D_flow_solver_FEM_SimVascular_lzy/sv1_3n/external/petsc325/source_gpu13_configfix/src/ksp/ksp/impls/gmres/gmres.c:215
[0]PETSC ERROR: #3 KSPSolve_Private() at /workspace/formal_3D_flow_solver_FEM_SimVascular_lzy/sv1_3n/external/petsc325/source_gpu13_configfix/src/ksp/ksp/interface/itfunc.c:915
[0]PETSC ERROR: #4 KSPSolve() at /workspace/formal_3D_flow_solver_FEM_SimVascular_lzy/sv1_3n/external/petsc325/source_gpu13_configfix/src/ksp/ksp/interface/itfunc.c:1094
[0]PETSC ERROR: #5 sv13q_solve() at /workspace/formal_3D_flow_solver_FEM_SimVascular_lzy/sv1_3q/external/svMultiPhysics-reuse/Code/Source/solver/sv13q_reuse.h:47
[0]PETSC ERROR: #6 petsc_solve() at /workspace/formal_3D_flow_solver_FEM_SimVascular_lzy/sv1_3q/external/svMultiPhysics-reuse/Code/Source/solver/petsc_impl.cpp:296
--------------------------------------------------------------------------
MPI_ABORT was invoked on rank 0 in communicator MPI_COMM_WORLD
with errorcode 82.

NOTE: invoking MPI_ABORT causes Open MPI to kill all MPI processes.
You may or may not see output from other processes, depending on
exactly when Open MPI kills them.
--------------------------------------------------------------------------
