 Starting up Seeder with nprocs:            1
                                              
                               _              
             ___  ___  ___  __| | ___ _ __    
            / __|/ _ \/ _ \/ _` |/ _ \ '__|   
            \__ \  __/  __/ (_| |  __/ |      
            |___/\___|\___|\__,_|\___|_v1.6.2-1-g667109
                                              
  (C) 2012 German Research School for Simulation Sciences
  (C) 2013 University of Siegen               
                                              
--------------------------------------------------------------------------------
 | INFORMATION ON THE EXECUTABLE
 | Revision of the code in this executable: 3b3e344aec0a
 |
 | Compiled with GFORTRAN in version 13.4.0
 | Using the command /home/lzy/.local/bin/mpif90
 | And the following flags:
 | -O3 -march=native -Wall -Wno-maybe-uninitialized -Werror -Wno-unused-dum
 | my-argument -std=f2008 -pedantic-errors -O3 -march=native -Wall -Wno-may
 | be-uninitialized -Werror
 |
 | Build date: 2026-08-30
--------------------------------------------------------------------------------
                                              
                                              
--------------------------------------------------------------------------------
--------------------------------------------------------------------------------
Loading general parameters:
Using /dev/null as null device.
Will print run time info in the end
(/proc/self/status).
Size of the IO Buffer (MB): 8
Simulation Name: simulation
 +-------------------------------------------+
  - Now:
  iterations:            0
  simTime   :    0.0000000000000000     
  wallClock :    2.6590602000000001E-002
 
  - Time Control:
 +-------------------------------------------+
Iterations between trigger checks: 1
  - Min:
  iterations:            0
  simTime   :    0.0000000000000000     
 
  - Max:
 
  - Interval:
 +-------------------------------------------+
 
  - Abort Criteria:
  stop_file: 
  steady_state:  F
 
  - Status:
 +-------------------------------------------+
 Loading communication pattern:
 isend_irecv
Write timings to: timing.res
--------------------------------------------------------------------------------
 Mesh folder: mesh/
 Loading bounding cube:
  Cube origin:   -2.5243033248643153E-005  -2.5243033248643153E-005  -2.5243033248643153E-005
  Cube length:    5.0486066497286306E-005
 Smoothed refinement towards boundaries.
 Smoothed levels with level jump = 1.
--------------------------------------------------------------------------------
 Loading attribute
 Loading distance_refine
 This is a new attribute and was added at            1
           kind: boundary
          label: wall
          color: none
          level: 8
   subresolution:  F
   calc distance:  T
   store normal :  F
  flood diagonal:  T
 Added a new unique label to the the list of kind "boundary":
 wall
 Unique identifier position of this attribute:           1
 Loading geometry 
       STL file: geometry/wall.stl
         format: binary
  Reading in STL Headers ...
  Reading in STL Files ...
  Done.
--------------------------------------------------------------------------------
 Loading attribute
 Loading distance_refine
 This is a new attribute and was added at            2
           kind: boundary
          label: inlet
          color: none
          level: 8
   subresolution:  F
   calc distance:  F
   store normal :  F
 Added a new unique label to the the list of kind "boundary":
 inlet
 Unique identifier position of this attribute:           2
 Loading geometry 
--------------------------------------------------------------------------------
 Loading attribute
 Loading distance_refine
 This is a new attribute and was added at            3
           kind: boundary
          label: outlet
          color: none
          level: 8
   subresolution:  F
   calc distance:  F
   store normal :  F
 Added a new unique label to the the list of kind "boundary":
 outlet
 Unique identifier position of this attribute:           3
 Loading geometry 
--------------------------------------------------------------------------------
 Loading attribute
 This is a new attribute and was added at            4
           kind: seed
          label: sdr_nolabel
          color: none
          level: 0
 Unique identifier position of this attribute:           1
 Loading geometry 
 
Total number of spatial objs created:261
Total number of boundaries defined:3
There are 3 unique boundaries defined:
 * wall
 * inlet
 * outlet
 
 This is a single color mesh.
 
--------------------------------------------------------------------------------
 Building preliminary tree ...
                           ... done with level:            8
 Number of leaves:             15856
 Total number of nodes:        18121
 Memory unused in parent intersected_object:         6297
 
Flooding tree ... 
               ... done with nWaves = 18
Flooding periphery (calc_dist active) ... 
 ... Done flooding the periphery!
Final number of Flooded leaves: 8720
--------------------------------------------------------------------------------
 Refining preliminary tree ...
--------------------------------------------------------------------------------
 Smooth levels ...
 done in nWaves 1
 Creating treelmesh ...
                       done
 dumping treelmesh to dir: mesh/
 Seeder created mesh successfully!
Name:	seeder
Umask:	0022
State:	R (running)
Tgid:	322
Ngid:	0
Pid:	322
PPid:	319
TracerPid:	0
Uid:	1000	1000	1000	1000
Gid:	1000	1000	1000	1000
FDSize:	64
Groups:	4 24 27 30 46 100 1000 1001
NStgid:	322
NSpid:	322
NSpgid:	319
NSsid:	291
Kthread:	0
VmPeak:	  233648 kB
VmSize:	  186364 kB
VmLck:	       0 kB
VmPin:	       0 kB
VmHWM:	   19392 kB
VmRSS:	   19392 kB
RssAnon:	    8256 kB
RssFile:	   11136 kB
RssShmem:	       0 kB
VmData:	   26832 kB
VmStk:	     132 kB
VmExe:	    4256 kB
VmLib:	    9796 kB
VmPTE:	     132 kB
VmSwap:	       0 kB
HugetlbPages:	       0 kB
CoreDumping:	0
THP_enabled:	1
untag_mask:	0xffffffffffffffff
Threads:	3
SigQ:	2/31177
SigPnd:	0000000000000000
ShdPnd:	0000000000000000
SigBlk:	0000000000000000
SigIgn:	0000000000000000
SigCgt:	00000001418004fc
CapInh:	0000000000000000
CapPrm:	0000000000000000
CapEff:	0000000000000000
CapBnd:	000001ffffffffff
CapAmb:	0000000000000000
NoNewPrivs:	0
Seccomp:	2
Seccomp_filters:	1
Speculation_Store_Bypass:	thread vulnerable
SpeculationIndirectBranch:	conditional enabled
Cpus_allowed:	ffffff
Cpus_allowed_list:	0-23
Mems_allowed:	00000000,00000000,00000000,00000000,00000000,00000000,00000000,00000000,00000000,00000000,00000000,00000000,000000
Mems_allowed_list:	0
voluntary_ctxt_switches:	511
nonvoluntary_ctxt_switches:	0

 Done with Seeder in       0.40 s
