Semantic cache MRA001: 2 valid sides, 0 exclusions
Semantic cache MRA002: 4 valid sides, 0 exclusions
Semantic cache MRA003: 6 valid sides, 0 exclusions
Semantic cache MRA004: 8 valid sides, 0 exclusions
Semantic cache MRA005: 10 valid sides, 0 exclusions
Semantic cache MRA006: 12 valid sides, 0 exclusions
Semantic cache MRA007: 14 valid sides, 0 exclusions
Semantic cache MRA008: 16 valid sides, 0 exclusions
Semantic cache MRA010: 17 valid sides, 1 exclusions
Semantic cache MRA011: 19 valid sides, 1 exclusions
Semantic cache MRA012: 21 valid sides, 1 exclusions
Semantic cache MRA013: 23 valid sides, 1 exclusions
Semantic cache MRA014: 24 valid sides, 2 exclusions
Semantic cache MRA015: 26 valid sides, 2 exclusions
Semantic cache MRA016: 28 valid sides, 2 exclusions
Semantic cache MRA017: 30 valid sides, 2 exclusions
Semantic cache MRA018: 32 valid sides, 2 exclusions
Semantic cache MRA020: 34 valid sides, 2 exclusions
Semantic cache MRA021: 36 valid sides, 2 exclusions
Semantic cache MRA022: 38 valid sides, 2 exclusions
Semantic cache MRA023: 40 valid sides, 2 exclusions
Semantic cache MRA024: 42 valid sides, 2 exclusions
Semantic cache MRA025: 44 valid sides, 2 exclusions
Semantic cache MRA026: 46 valid sides, 2 exclusions
Semantic cache MRA027: 48 valid sides, 2 exclusions
MRA001/L: 13 valid registrations; 5 donors; baseline F1 0.8376
MRA001/R: 4 valid registrations; 4 donors; baseline F1 0.6409
MRA002/L: 5 valid registrations; 5 donors; baseline F1 0.7604
MRA002/R: 12 valid registrations; 5 donors; baseline F1 0.8664
MRA003/L: 3 valid registrations; 3 donors; baseline F1 0.8330
MRA003/R: 4 valid registrations; 4 donors; baseline F1 0.7607
MRA004/L: 10 valid registrations; 5 donors; baseline F1 0.7990
MRA004/R: 14 valid registrations; 5 donors; baseline F1 0.6738
MRA005/L: 7 valid registrations; 5 donors; baseline F1 0.8935
MRA005/R: 9 valid registrations; 5 donors; baseline F1 0.6830
alpha0.5_m0.8 MRA001/L: F1=0.7433, unknown=0.158
alpha0.5_m0.8 MRA001/R: F1=0.7110, unknown=0.188
alpha0.5_m0.8 MRA002/L: F1=0.6955, unknown=0.191
alpha0.5_m0.8 MRA002/R: F1=0.7817, unknown=0.183
alpha0.5_m0.8 MRA003/L: F1=0.7756, unknown=0.164
alpha0.5_m0.8 MRA003/R: F1=0.7577, unknown=0.106
alpha0.5_m0.8 MRA004/L: F1=0.7234, unknown=0.185
alpha0.5_m0.8 MRA004/R: F1=0.6359, unknown=0.191
alpha0.5_m0.8 MRA005/L: F1=0.7946, unknown=0.195
alpha0.5_m0.8 MRA005/R: F1=0.6698, unknown=0.194
Aggregate alpha=0.5 m=0.8: {'M1_f1': 0.7249781871975214, 'M2_f1': 0.8315100197267359, 'M3_f1': 0.6300743916684908, 'macro_f1': 0.728854199530916, 'UNKNOWN_fraction': 0.17539436939792472}; gate=False
alpha0.4_m0.75 MRA001/L: F1=0.7279, unknown=0.223
alpha0.4_m0.75 MRA001/R: F1=0.6912, unknown=0.257
alpha0.4_m0.75 MRA002/L: F1=0.6597, unknown=0.247
alpha0.4_m0.75 MRA002/R: F1=0.7680, unknown=0.246
alpha0.4_m0.75 MRA003/L: F1=0.7349, unknown=0.208
alpha0.4_m0.75 MRA003/R: F1=0.6776, unknown=0.148
alpha0.4_m0.75 MRA004/L: F1=0.6667, unknown=0.236
alpha0.4_m0.75 MRA004/R: F1=0.6315, unknown=0.216
alpha0.4_m0.75 MRA005/L: F1=0.7851, unknown=0.230
alpha0.4_m0.75 MRA005/R: F1=0.6341, unknown=0.245
Aggregate alpha=0.4 m=0.75: {'M1_f1': 0.7029747328906414, 'M2_f1': 0.8111041426019732, 'M3_f1': 0.5789548809401432, 'macro_f1': 0.6976779188109192, 'UNKNOWN_fraction': 0.22554627728756255}; gate=False
alpha0.4_m0.9 MRA001/L: F1=0.7852, unknown=0.076
alpha0.4_m0.9 MRA001/R: F1=0.6752, unknown=0.121
alpha0.4_m0.9 MRA002/L: F1=0.7303, unknown=0.112
alpha0.4_m0.9 MRA002/R: F1=0.8022, unknown=0.105
alpha0.4_m0.9 MRA003/L: F1=0.8235, unknown=0.039
alpha0.4_m0.9 MRA003/R: F1=0.8033, unknown=0.048
alpha0.4_m0.9 MRA004/L: F1=0.7283, unknown=0.107
alpha0.4_m0.9 MRA004/R: F1=0.6408, unknown=0.108
alpha0.4_m0.9 MRA005/L: F1=0.8469, unknown=0.095
alpha0.4_m0.9 MRA005/R: F1=0.7144, unknown=0.075
Aggregate alpha=0.4 m=0.9: {'M1_f1': 0.7377516185554287, 'M2_f1': 0.8377382868914302, 'M3_f1': 0.6895285295661302, 'macro_f1': 0.7550061450043296, 'UNKNOWN_fraction': 0.08849099618278422}; gate=True
alpha0.7_m0.75 MRA001/L: F1=0.7563, unknown=0.188
alpha0.7_m0.75 MRA001/R: F1=0.6617, unknown=0.233
alpha0.7_m0.75 MRA002/L: F1=0.6463, unknown=0.248
alpha0.7_m0.75 MRA002/R: F1=0.7456, unknown=0.230
alpha0.7_m0.75 MRA003/L: F1=0.7504, unknown=0.217
alpha0.7_m0.75 MRA003/R: F1=0.7392, unknown=0.135
alpha0.7_m0.75 MRA004/L: F1=0.7237, unknown=0.251
alpha0.7_m0.75 MRA004/R: F1=0.6376, unknown=0.216
alpha0.7_m0.75 MRA005/L: F1=0.7886, unknown=0.223
alpha0.7_m0.75 MRA005/R: F1=0.6305, unknown=0.236
Aggregate alpha=0.7 m=0.75: {'M1_f1': 0.7408993886055721, 'M2_f1': 0.8225357651536045, 'M3_f1': 0.5604850528779902, 'macro_f1': 0.7079734022123889, 'UNKNOWN_fraction': 0.217758454432264}; gate=False
alpha0.7_m0.9 MRA001/L: F1=0.7807, unknown=0.076
alpha0.7_m0.9 MRA001/R: F1=0.7404, unknown=0.120
alpha0.7_m0.9 MRA002/L: F1=0.7629, unknown=0.096
alpha0.7_m0.9 MRA002/R: F1=0.8070, unknown=0.079
alpha0.7_m0.9 MRA003/L: F1=0.8298, unknown=0.040
alpha0.7_m0.9 MRA003/R: F1=0.8238, unknown=0.041
alpha0.7_m0.9 MRA004/L: F1=0.7461, unknown=0.079
alpha0.7_m0.9 MRA004/R: F1=0.6622, unknown=0.081
alpha0.7_m0.9 MRA005/L: F1=0.8412, unknown=0.087
alpha0.7_m0.9 MRA005/R: F1=0.7166, unknown=0.046
Aggregate alpha=0.7 m=0.9: {'M1_f1': 0.7667808172397896, 'M2_f1': 0.8433500265192546, 'M3_f1': 0.7031081374985985, 'macro_f1': 0.7710796604192142, 'UNKNOWN_fraction': 0.07454328548278825}; gate=True
TOPBRAIN_TRANSFER_VALIDATED
