/home/lzy/projects/ulm_particle_3d_particle0/.venv/bin/python -c import importlib.metadata as m,json;print(json.dumps({d.metadata["Name"].lower():d.version for d in m.distributions()}))
/home/lzy/projects/ulm_particle_3d_particle0/.venv/bin/python -c import importlib.metadata as m,json;print(json.dumps({d.metadata["Name"].lower():d.version for d in m.distributions()}))
/home/lzy/projects/ulm_particle_3d_particle0/.venv/bin/python -c import sys,json,inspect,importlib.metadata as m,hashlib
from vascular_processing.transfer_runtime import prepare_runtime
prepare_runtime()
import open3d as o3d,ot
f=ot.gromov.partial_fused_gromov_wasserstein
print(json.dumps(dict(python=sys.version,executable=sys.executable,open3d=m.version('open3d'),POT=m.version('POT'),pot_signature=str(inspect.signature(f)),pot_source_sha256=hashlib.sha256(inspect.getsource(f).encode()).hexdigest(),icp_scaling=o3d.pipelines.registration.TransformationEstimationPointToPoint(with_scaling=True).with_scaling),indent=2))
/home/lzy/projects/ulm_particle_3d_particle0/.venv/bin/python -c import importlib.metadata as m,json;print(json.dumps({d.metadata["Name"].lower():d.version for d in m.distributions()}))
{
  "python": "3.13.11 | packaged by Anaconda, Inc. | (main, Dec 10 2025, 21:28:48) [GCC 14.3.0]",
  "executable": "/home/lzy/projects/ulm_particle_3d_particle0/.venv/bin/python",
  "open3d": "0.20.0",
  "POT": "0.9.7.post1",
  "pot_signature": "(M, C1, C2, p=None, q=None, m=None, loss_fun='square_loss', alpha=0.5, nb_dummies=1, G0=None, thres=1, numItermax=10000.0, tol=1e-08, symmetric=None, warn=True, log=False, verbose=False, **kwargs)",
  "pot_source_sha256": "aaa387bf24719e604f9a2cc5908ec538b58e29254ac57ac4f95a213eb5d7d5d5",
  "icp_scaling": true,
  "isolated_env": false,
  "main_core_unchanged": true,
  "main_existing_packages_changed": {},
  "main_added_packages": {}
}
