/home/lzy/projects/ulm_particle_3d_particle0/.venv/bin/python -c import importlib.metadata as m,json;print(json.dumps({d.metadata["Name"].lower():d.version for d in m.distributions()}))
/home/lzy/projects/ulm_particle_3d_particle0/.venv/bin/python -c import importlib.metadata as m,json;print(json.dumps({d.metadata["Name"].lower():d.version for d in m.distributions()}))
/home/lzy/projects/ulm_particle_3d_particle0/.venv/bin/python -m pip install --index-url https://pypi.org/simple --only-binary=:all: open3d==0.20.0 POT==0.9.7.post1 --dry-run --report /home/lzy/projects/ulm_3D_vascular/outputs/topbrain_brava_transfer/pip_dry_run.json -c /home/lzy/projects/ulm_3D_vascular/outputs/topbrain_brava_transfer/environment_constraints.txt
Collecting open3d==0.20.0
  Downloading open3d-0.20.0-cp313-cp313-manylinux_2_35_x86_64.whl.metadata (4.7 kB)
Collecting POT==0.9.7.post1
  Downloading pot-0.9.7.post1-cp313-cp313-manylinux_2_27_x86_64.manylinux_2_28_x86_64.whl.metadata (44 kB)
Requirement already satisfied: numpy>=1.18.0 in /home/lzy/projects/formal_3D_flow_solver/FEM_SimVascular/.venv/lib/python3.13/site-packages (from open3d==0.20.0) (2.5.3)
Collecting dash>=2.6.0 (from open3d==0.20.0)
  Downloading dash-4.4.1-py3-none-any.whl.metadata (11 kB)
Collecting werkzeug>=3.0.0 (from open3d==0.20.0)
  Downloading werkzeug-3.1.8-py3-none-any.whl.metadata (4.0 kB)
Collecting flask>=3.0.0 (from open3d==0.20.0)
  Downloading flask-3.1.3-py3-none-any.whl.metadata (3.2 kB)
Collecting nbformat>=5.7.0 (from open3d==0.20.0)
  Downloading nbformat-5.11.1-py3-none-any.whl.metadata (3.7 kB)
Collecting configargparse (from open3d==0.20.0)
  Downloading configargparse-1.7.7-py3-none-any.whl.metadata (23 kB)
Collecting ipywidgets>=8.0.4 (from open3d==0.20.0)
  Downloading ipywidgets-8.1.9-py3-none-any.whl.metadata (2.4 kB)
Requirement already satisfied: scipy>=1.6 in /home/lzy/projects/formal_3D_flow_solver/FEM_SimVascular/.venv/lib/python3.13/site-packages (from POT==0.9.7.post1) (1.18.1)
Collecting plotly>=5.0.0 (from dash>=2.6.0->open3d==0.20.0)
  Downloading plotly-7.1.0-py3-none-any.whl.metadata (8.8 kB)
Collecting importlib-metadata (from dash>=2.6.0->open3d==0.20.0)
  Downloading importlib_metadata-9.0.1-py3-none-any.whl.metadata (4.5 kB)
Requirement already satisfied: typing_extensions>=4.1.1 in /home/lzy/projects/formal_3D_flow_solver/FEM_SimVascular/.venv/lib/python3.13/site-packages (from dash>=2.6.0->open3d==0.20.0) (4.16.0)
Requirement already satisfied: requests in /home/lzy/projects/formal_3D_flow_solver/FEM_SimVascular/.venv/lib/python3.13/site-packages (from dash>=2.6.0->open3d==0.20.0) (2.34.2)
Collecting retrying (from dash>=2.6.0->open3d==0.20.0)
  Downloading retrying-1.4.2-py3-none-any.whl.metadata (5.5 kB)
Collecting nest-asyncio (from dash>=2.6.0->open3d==0.20.0)
  Downloading nest_asyncio-1.6.0-py3-none-any.whl.metadata (2.8 kB)
Collecting setuptools (from dash>=2.6.0->open3d==0.20.0)
  Using cached setuptools-84.0.0-py3-none-any.whl.metadata (6.6 kB)
Collecting janus>=1.0.0 (from dash>=2.6.0->open3d==0.20.0)
  Downloading janus-2.0.0-py3-none-any.whl.metadata (5.3 kB)
Collecting pydantic>=2.10 (from dash>=2.6.0->open3d==0.20.0)
  Downloading pydantic-2.13.5-py3-none-any.whl.metadata (110 kB)
Collecting comm (from dash>=2.6.0->open3d==0.20.0)
  Downloading comm-0.2.3-py3-none-any.whl.metadata (3.7 kB)
Collecting blinker>=1.9.0 (from flask>=3.0.0->open3d==0.20.0)
  Downloading blinker-1.9.0-py3-none-any.whl.metadata (1.6 kB)
Collecting click>=8.1.3 (from flask>=3.0.0->open3d==0.20.0)
  Downloading click-8.5.0-py3-none-any.whl.metadata (2.6 kB)
Collecting itsdangerous>=2.2.0 (from flask>=3.0.0->open3d==0.20.0)
  Downloading itsdangerous-2.2.0-py3-none-any.whl.metadata (1.9 kB)
Collecting jinja2>=3.1.2 (from flask>=3.0.0->open3d==0.20.0)
  Using cached jinja2-3.1.6-py3-none-any.whl.metadata (2.9 kB)
Collecting markupsafe>=2.1.1 (from flask>=3.0.0->open3d==0.20.0)
  Using cached markupsafe-3.0.3-cp313-cp313-manylinux2014_x86_64.manylinux_2_17_x86_64.manylinux_2_28_x86_64.whl.metadata (2.7 kB)
Collecting ipython>=6.1.0 (from ipywidgets>=8.0.4->open3d==0.20.0)
  Downloading ipython-9.17.1-py3-none-any.whl.metadata (4.6 kB)
Collecting traitlets>=4.3.1 (from ipywidgets>=8.0.4->open3d==0.20.0)
  Downloading traitlets-5.16.1-py3-none-any.whl.metadata (10 kB)
Collecting widgetsnbextension~=4.0.16 (from ipywidgets>=8.0.4->open3d==0.20.0)
  Downloading widgetsnbextension-4.0.16-py3-none-any.whl.metadata (1.6 kB)
Collecting jupyterlab_widgets~=3.0.17 (from ipywidgets>=8.0.4->open3d==0.20.0)
  Downloading jupyterlab_widgets-3.0.17-py3-none-any.whl.metadata (20 kB)
Collecting ipython-pygments-lexers>=1.0.0 (from ipython>=6.1.0->ipywidgets>=8.0.4->open3d==0.20.0)
  Downloading ipython_pygments_lexers-1.1.1-py3-none-any.whl.metadata (1.1 kB)
Collecting jedi>=0.18.2 (from ipython>=6.1.0->ipywidgets>=8.0.4->open3d==0.20.0)
  Downloading jedi-0.20.0-py2.py3-none-any.whl.metadata (23 kB)
Collecting matplotlib-inline>=0.1.6 (from ipython>=6.1.0->ipywidgets>=8.0.4->open3d==0.20.0)
  Downloading matplotlib_inline-0.2.2-py3-none-any.whl.metadata (2.4 kB)
Collecting pexpect>4.6 (from ipython>=6.1.0->ipywidgets>=8.0.4->open3d==0.20.0)
  Using cached pexpect-4.9.0-py2.py3-none-any.whl.metadata (2.5 kB)
Collecting prompt_toolkit<3.1.0,>=3.0.41 (from ipython>=6.1.0->ipywidgets>=8.0.4->open3d==0.20.0)
  Downloading prompt_toolkit-3.0.53-py3-none-any.whl.metadata (6.4 kB)
Collecting psutil>=7 (from ipython>=6.1.0->ipywidgets>=8.0.4->open3d==0.20.0)
  Using cached psutil-7.2.2-cp36-abi3-manylinux2010_x86_64.manylinux_2_12_x86_64.manylinux_2_28_x86_64.whl.metadata (22 kB)
Requirement already satisfied: pygments>=2.14.0 in /home/lzy/projects/formal_3D_flow_solver/FEM_SimVascular/.venv/lib/python3.13/site-packages (from ipython>=6.1.0->ipywidgets>=8.0.4->open3d==0.20.0) (2.21.0)
Collecting stack_data>=0.6.0 (from ipython>=6.1.0->ipywidgets>=8.0.4->open3d==0.20.0)
  Downloading stack_data-0.6.3-py3-none-any.whl.metadata (18 kB)
Collecting wcwidth>=0.1.4 (from prompt_toolkit<3.1.0,>=3.0.41->ipython>=6.1.0->ipywidgets>=8.0.4->open3d==0.20.0)
  Downloading wcwidth-0.9.1-cp310-abi3-manylinux2014_x86_64.manylinux_2_17_x86_64.whl.metadata (23 kB)
Collecting parso<0.9.0,>=0.8.6 (from jedi>=0.18.2->ipython>=6.1.0->ipywidgets>=8.0.4->open3d==0.20.0)
  Downloading parso-0.8.7-py2.py3-none-any.whl.metadata (8.2 kB)
Collecting fastjsonschema>=2.15 (from nbformat>=5.7.0->open3d==0.20.0)
  Downloading fastjsonschema-2.22.2-py3-none-any.whl.metadata (2.1 kB)
Collecting jsonschema>=2.6 (from nbformat>=5.7.0->open3d==0.20.0)
  Downloading jsonschema-4.26.0-py3-none-any.whl.metadata (7.6 kB)
Collecting jupyter-core!=5.0.*,>=4.12 (from nbformat>=5.7.0->open3d==0.20.0)
  Downloading jupyter_core-5.9.1-py3-none-any.whl.metadata (1.5 kB)
Requirement already satisfied: attrs>=22.2.0 in /home/lzy/projects/formal_3D_flow_solver/FEM_SimVascular/.venv/lib/python3.13/site-packages (from jsonschema>=2.6->nbformat>=5.7.0->open3d==0.20.0) (26.1.0)
Collecting jsonschema-specifications>=2023.03.6 (from jsonschema>=2.6->nbformat>=5.7.0->open3d==0.20.0)
  Downloading jsonschema_specifications-2025.9.1-py3-none-any.whl.metadata (2.9 kB)
Collecting referencing>=0.28.4 (from jsonschema>=2.6->nbformat>=5.7.0->open3d==0.20.0)
  Downloading referencing-0.37.0-py3-none-any.whl.metadata (2.8 kB)
Collecting rpds-py>=0.25.0 (from jsonschema>=2.6->nbformat>=5.7.0->open3d==0.20.0)
  Downloading rpds_py-2026.6.3-cp313-cp313-manylinux_2_17_x86_64.manylinux2014_x86_64.whl.metadata (4.1 kB)
Requirement already satisfied: platformdirs>=2.5 in /home/lzy/projects/formal_3D_flow_solver/FEM_SimVascular/.venv/lib/python3.13/site-packages (from jupyter-core!=5.0.*,>=4.12->nbformat>=5.7.0->open3d==0.20.0) (4.11.10)
Collecting ptyprocess>=0.5 (from pexpect>4.6->ipython>=6.1.0->ipywidgets>=8.0.4->open3d==0.20.0)
  Using cached ptyprocess-0.7.0-py2.py3-none-any.whl.metadata (1.3 kB)
Collecting narwhals>=1.15.1 (from plotly>=5.0.0->dash>=2.6.0->open3d==0.20.0)
  Downloading narwhals-2.26.0-py3-none-any.whl.metadata (15 kB)
Requirement already satisfied: packaging in /home/lzy/projects/formal_3D_flow_solver/FEM_SimVascular/.venv/lib/python3.13/site-packages (from plotly>=5.0.0->dash>=2.6.0->open3d==0.20.0) (26.3)
Collecting annotated-types>=0.6.0 (from pydantic>=2.10->dash>=2.6.0->open3d==0.20.0)
  Downloading annotated_types-0.8.0-py3-none-any.whl.metadata (15 kB)
Collecting pydantic-core==2.46.5 (from pydantic>=2.10->dash>=2.6.0->open3d==0.20.0)
  Downloading pydantic_core-2.46.5-cp313-cp313-manylinux_2_17_x86_64.manylinux2014_x86_64.whl.metadata (6.6 kB)
Collecting typing-inspection>=0.4.2 (from pydantic>=2.10->dash>=2.6.0->open3d==0.20.0)
  Downloading typing_inspection-0.4.4-py3-none-any.whl.metadata (2.6 kB)
Collecting executing>=1.2.0 (from stack_data>=0.6.0->ipython>=6.1.0->ipywidgets>=8.0.4->open3d==0.20.0)
  Downloading executing-2.2.1-py2.py3-none-any.whl.metadata (8.9 kB)
Collecting asttokens>=2.1.0 (from stack_data>=0.6.0->ipython>=6.1.0->ipywidgets>=8.0.4->open3d==0.20.0)
  Downloading asttokens-3.0.2-py3-none-any.whl.metadata (5.7 kB)
Collecting pure-eval (from stack_data>=0.6.0->ipython>=6.1.0->ipywidgets>=8.0.4->open3d==0.20.0)
  Downloading pure_eval-0.2.4-py3-none-any.whl.metadata (6.4 kB)
Collecting zipp>=3.20 (from importlib-metadata->dash>=2.6.0->open3d==0.20.0)
  Downloading zipp-4.1.0-py3-none-any.whl.metadata (3.6 kB)
Requirement already satisfied: charset_normalizer<4,>=2 in /home/lzy/projects/formal_3D_flow_solver/FEM_SimVascular/.venv/lib/python3.13/site-packages (from requests->dash>=2.6.0->open3d==0.20.0) (3.5.1)
Requirement already satisfied: idna<4,>=2.5 in /home/lzy/projects/formal_3D_flow_solver/FEM_SimVascular/.venv/lib/python3.13/site-packages (from requests->dash>=2.6.0->open3d==0.20.0) (3.20)
Requirement already satisfied: urllib3<3,>=1.26 in /home/lzy/projects/formal_3D_flow_solver/FEM_SimVascular/.venv/lib/python3.13/site-packages (from requests->dash>=2.6.0->open3d==0.20.0) (2.8.0)
Requirement already satisfied: certifi>=2023.5.7 in /home/lzy/projects/formal_3D_flow_solver/FEM_SimVascular/.venv/lib/python3.13/site-packages (from requests->dash>=2.6.0->open3d==0.20.0) (2026.7.22)
Would install ConfigArgParse-1.7.7 Flask-3.1.3 Jinja2-3.1.6 MarkupSafe-3.0.3 POT-0.9.7.post1 Werkzeug-3.1.8 annotated-types-0.8.0 asttokens-3.0.2 blinker-1.9.0 click-8.5.0 comm-0.2.3 dash-4.4.1 executing-2.2.1 fastjsonschema-2.22.2 importlib_metadata-9.0.1 ipython-9.17.1 ipython_pygments_lexers-1.1.1 ipywidgets-8.1.9 itsdangerous-2.2.0 janus-2.0.0 jedi-0.20.0 jsonschema-4.26.0 jsonschema-specifications-2025.9.1 jupyter_core-5.9.1 jupyterlab_widgets-3.0.17 matplotlib-inline-0.2.2 narwhals-2.26.0 nbformat-5.11.1 nest-asyncio-1.6.0 open3d-0.20.0 parso-0.8.7 pexpect-4.9.0 plotly-7.1.0 prompt_toolkit-3.0.53 psutil-7.2.2 ptyprocess-0.7.0 pure_eval-0.2.4 pydantic-2.13.5 pydantic_core-2.46.5 referencing-0.37.0 retrying-1.4.2 rpds-py-2026.6.3 setuptools-84.0.0 stack-data-0.6.3 traitlets-5.16.1 typing-inspection-0.4.4 wcwidth-0.9.1 widgetsnbextension-4.0.16 zipp-4.1.0

[notice] A new release of pip is available: 25.3 -> 26.2.1
[notice] To update, run: /home/lzy/projects/ulm_particle_3d_particle0/.venv/bin/python -m pip install --upgrade pip
/home/lzy/projects/ulm_particle_3d_particle0/.venv/bin/python -m pip install --index-url https://pypi.org/simple --only-binary=:all: open3d==0.20.0 POT==0.9.7.post1 --report /home/lzy/projects/ulm_3D_vascular/outputs/topbrain_brava_transfer/pip_dry_run.json -c /home/lzy/projects/ulm_3D_vascular/outputs/topbrain_brava_transfer/environment_constraints.txt
Collecting open3d==0.20.0
  Using cached open3d-0.20.0-cp313-cp313-manylinux_2_35_x86_64.whl.metadata (4.7 kB)
Collecting POT==0.9.7.post1
  Using cached pot-0.9.7.post1-cp313-cp313-manylinux_2_27_x86_64.manylinux_2_28_x86_64.whl.metadata (44 kB)
Requirement already satisfied: numpy>=1.18.0 in /home/lzy/projects/formal_3D_flow_solver/FEM_SimVascular/.venv/lib/python3.13/site-packages (from open3d==0.20.0) (2.5.3)
Collecting dash>=2.6.0 (from open3d==0.20.0)
  Using cached dash-4.4.1-py3-none-any.whl.metadata (11 kB)
Collecting werkzeug>=3.0.0 (from open3d==0.20.0)
  Using cached werkzeug-3.1.8-py3-none-any.whl.metadata (4.0 kB)
Collecting flask>=3.0.0 (from open3d==0.20.0)
  Using cached flask-3.1.3-py3-none-any.whl.metadata (3.2 kB)
Collecting nbformat>=5.7.0 (from open3d==0.20.0)
  Using cached nbformat-5.11.1-py3-none-any.whl.metadata (3.7 kB)
Collecting configargparse (from open3d==0.20.0)
  Using cached configargparse-1.7.7-py3-none-any.whl.metadata (23 kB)
Collecting ipywidgets>=8.0.4 (from open3d==0.20.0)
  Using cached ipywidgets-8.1.9-py3-none-any.whl.metadata (2.4 kB)
Requirement already satisfied: scipy>=1.6 in /home/lzy/projects/formal_3D_flow_solver/FEM_SimVascular/.venv/lib/python3.13/site-packages (from POT==0.9.7.post1) (1.18.1)
Collecting plotly>=5.0.0 (from dash>=2.6.0->open3d==0.20.0)
  Using cached plotly-7.1.0-py3-none-any.whl.metadata (8.8 kB)
Collecting importlib-metadata (from dash>=2.6.0->open3d==0.20.0)
  Using cached importlib_metadata-9.0.1-py3-none-any.whl.metadata (4.5 kB)
Requirement already satisfied: typing_extensions>=4.1.1 in /home/lzy/projects/formal_3D_flow_solver/FEM_SimVascular/.venv/lib/python3.13/site-packages (from dash>=2.6.0->open3d==0.20.0) (4.16.0)
Requirement already satisfied: requests in /home/lzy/projects/formal_3D_flow_solver/FEM_SimVascular/.venv/lib/python3.13/site-packages (from dash>=2.6.0->open3d==0.20.0) (2.34.2)
Collecting retrying (from dash>=2.6.0->open3d==0.20.0)
  Using cached retrying-1.4.2-py3-none-any.whl.metadata (5.5 kB)
Collecting nest-asyncio (from dash>=2.6.0->open3d==0.20.0)
  Using cached nest_asyncio-1.6.0-py3-none-any.whl.metadata (2.8 kB)
Collecting setuptools (from dash>=2.6.0->open3d==0.20.0)
  Using cached setuptools-84.0.0-py3-none-any.whl.metadata (6.6 kB)
Collecting janus>=1.0.0 (from dash>=2.6.0->open3d==0.20.0)
  Using cached janus-2.0.0-py3-none-any.whl.metadata (5.3 kB)
Collecting pydantic>=2.10 (from dash>=2.6.0->open3d==0.20.0)
  Using cached pydantic-2.13.5-py3-none-any.whl.metadata (110 kB)
Collecting comm (from dash>=2.6.0->open3d==0.20.0)
  Using cached comm-0.2.3-py3-none-any.whl.metadata (3.7 kB)
Collecting blinker>=1.9.0 (from flask>=3.0.0->open3d==0.20.0)
  Using cached blinker-1.9.0-py3-none-any.whl.metadata (1.6 kB)
Collecting click>=8.1.3 (from flask>=3.0.0->open3d==0.20.0)
  Using cached click-8.5.0-py3-none-any.whl.metadata (2.6 kB)
Collecting itsdangerous>=2.2.0 (from flask>=3.0.0->open3d==0.20.0)
  Using cached itsdangerous-2.2.0-py3-none-any.whl.metadata (1.9 kB)
Collecting jinja2>=3.1.2 (from flask>=3.0.0->open3d==0.20.0)
  Using cached jinja2-3.1.6-py3-none-any.whl.metadata (2.9 kB)
Collecting markupsafe>=2.1.1 (from flask>=3.0.0->open3d==0.20.0)
  Using cached markupsafe-3.0.3-cp313-cp313-manylinux2014_x86_64.manylinux_2_17_x86_64.manylinux_2_28_x86_64.whl.metadata (2.7 kB)
Collecting ipython>=6.1.0 (from ipywidgets>=8.0.4->open3d==0.20.0)
  Using cached ipython-9.17.1-py3-none-any.whl.metadata (4.6 kB)
Collecting traitlets>=4.3.1 (from ipywidgets>=8.0.4->open3d==0.20.0)
  Using cached traitlets-5.16.1-py3-none-any.whl.metadata (10 kB)
Collecting widgetsnbextension~=4.0.16 (from ipywidgets>=8.0.4->open3d==0.20.0)
  Using cached widgetsnbextension-4.0.16-py3-none-any.whl.metadata (1.6 kB)
Collecting jupyterlab_widgets~=3.0.17 (from ipywidgets>=8.0.4->open3d==0.20.0)
  Using cached jupyterlab_widgets-3.0.17-py3-none-any.whl.metadata (20 kB)
Collecting ipython-pygments-lexers>=1.0.0 (from ipython>=6.1.0->ipywidgets>=8.0.4->open3d==0.20.0)
  Using cached ipython_pygments_lexers-1.1.1-py3-none-any.whl.metadata (1.1 kB)
Collecting jedi>=0.18.2 (from ipython>=6.1.0->ipywidgets>=8.0.4->open3d==0.20.0)
  Using cached jedi-0.20.0-py2.py3-none-any.whl.metadata (23 kB)
Collecting matplotlib-inline>=0.1.6 (from ipython>=6.1.0->ipywidgets>=8.0.4->open3d==0.20.0)
  Using cached matplotlib_inline-0.2.2-py3-none-any.whl.metadata (2.4 kB)
Collecting pexpect>4.6 (from ipython>=6.1.0->ipywidgets>=8.0.4->open3d==0.20.0)
  Using cached pexpect-4.9.0-py2.py3-none-any.whl.metadata (2.5 kB)
Collecting prompt_toolkit<3.1.0,>=3.0.41 (from ipython>=6.1.0->ipywidgets>=8.0.4->open3d==0.20.0)
  Using cached prompt_toolkit-3.0.53-py3-none-any.whl.metadata (6.4 kB)
Collecting psutil>=7 (from ipython>=6.1.0->ipywidgets>=8.0.4->open3d==0.20.0)
  Using cached psutil-7.2.2-cp36-abi3-manylinux2010_x86_64.manylinux_2_12_x86_64.manylinux_2_28_x86_64.whl.metadata (22 kB)
Requirement already satisfied: pygments>=2.14.0 in /home/lzy/projects/formal_3D_flow_solver/FEM_SimVascular/.venv/lib/python3.13/site-packages (from ipython>=6.1.0->ipywidgets>=8.0.4->open3d==0.20.0) (2.21.0)
Collecting stack_data>=0.6.0 (from ipython>=6.1.0->ipywidgets>=8.0.4->open3d==0.20.0)
  Using cached stack_data-0.6.3-py3-none-any.whl.metadata (18 kB)
Collecting wcwidth>=0.1.4 (from prompt_toolkit<3.1.0,>=3.0.41->ipython>=6.1.0->ipywidgets>=8.0.4->open3d==0.20.0)
  Using cached wcwidth-0.9.1-cp310-abi3-manylinux2014_x86_64.manylinux_2_17_x86_64.whl.metadata (23 kB)
Collecting parso<0.9.0,>=0.8.6 (from jedi>=0.18.2->ipython>=6.1.0->ipywidgets>=8.0.4->open3d==0.20.0)
  Using cached parso-0.8.7-py2.py3-none-any.whl.metadata (8.2 kB)
Collecting fastjsonschema>=2.15 (from nbformat>=5.7.0->open3d==0.20.0)
  Using cached fastjsonschema-2.22.2-py3-none-any.whl.metadata (2.1 kB)
Collecting jsonschema>=2.6 (from nbformat>=5.7.0->open3d==0.20.0)
  Using cached jsonschema-4.26.0-py3-none-any.whl.metadata (7.6 kB)
Collecting jupyter-core!=5.0.*,>=4.12 (from nbformat>=5.7.0->open3d==0.20.0)
  Using cached jupyter_core-5.9.1-py3-none-any.whl.metadata (1.5 kB)
Requirement already satisfied: attrs>=22.2.0 in /home/lzy/projects/formal_3D_flow_solver/FEM_SimVascular/.venv/lib/python3.13/site-packages (from jsonschema>=2.6->nbformat>=5.7.0->open3d==0.20.0) (26.1.0)
Collecting jsonschema-specifications>=2023.03.6 (from jsonschema>=2.6->nbformat>=5.7.0->open3d==0.20.0)
  Using cached jsonschema_specifications-2025.9.1-py3-none-any.whl.metadata (2.9 kB)
Collecting referencing>=0.28.4 (from jsonschema>=2.6->nbformat>=5.7.0->open3d==0.20.0)
  Using cached referencing-0.37.0-py3-none-any.whl.metadata (2.8 kB)
Collecting rpds-py>=0.25.0 (from jsonschema>=2.6->nbformat>=5.7.0->open3d==0.20.0)
  Using cached rpds_py-2026.6.3-cp313-cp313-manylinux_2_17_x86_64.manylinux2014_x86_64.whl.metadata (4.1 kB)
Requirement already satisfied: platformdirs>=2.5 in /home/lzy/projects/formal_3D_flow_solver/FEM_SimVascular/.venv/lib/python3.13/site-packages (from jupyter-core!=5.0.*,>=4.12->nbformat>=5.7.0->open3d==0.20.0) (4.11.10)
Collecting ptyprocess>=0.5 (from pexpect>4.6->ipython>=6.1.0->ipywidgets>=8.0.4->open3d==0.20.0)
  Using cached ptyprocess-0.7.0-py2.py3-none-any.whl.metadata (1.3 kB)
Collecting narwhals>=1.15.1 (from plotly>=5.0.0->dash>=2.6.0->open3d==0.20.0)
  Using cached narwhals-2.26.0-py3-none-any.whl.metadata (15 kB)
Requirement already satisfied: packaging in /home/lzy/projects/formal_3D_flow_solver/FEM_SimVascular/.venv/lib/python3.13/site-packages (from plotly>=5.0.0->dash>=2.6.0->open3d==0.20.0) (26.3)
Collecting annotated-types>=0.6.0 (from pydantic>=2.10->dash>=2.6.0->open3d==0.20.0)
  Using cached annotated_types-0.8.0-py3-none-any.whl.metadata (15 kB)
Collecting pydantic-core==2.46.5 (from pydantic>=2.10->dash>=2.6.0->open3d==0.20.0)
  Using cached pydantic_core-2.46.5-cp313-cp313-manylinux_2_17_x86_64.manylinux2014_x86_64.whl.metadata (6.6 kB)
Collecting typing-inspection>=0.4.2 (from pydantic>=2.10->dash>=2.6.0->open3d==0.20.0)
  Using cached typing_inspection-0.4.4-py3-none-any.whl.metadata (2.6 kB)
Collecting executing>=1.2.0 (from stack_data>=0.6.0->ipython>=6.1.0->ipywidgets>=8.0.4->open3d==0.20.0)
  Using cached executing-2.2.1-py2.py3-none-any.whl.metadata (8.9 kB)
Collecting asttokens>=2.1.0 (from stack_data>=0.6.0->ipython>=6.1.0->ipywidgets>=8.0.4->open3d==0.20.0)
  Using cached asttokens-3.0.2-py3-none-any.whl.metadata (5.7 kB)
Collecting pure-eval (from stack_data>=0.6.0->ipython>=6.1.0->ipywidgets>=8.0.4->open3d==0.20.0)
  Using cached pure_eval-0.2.4-py3-none-any.whl.metadata (6.4 kB)
Collecting zipp>=3.20 (from importlib-metadata->dash>=2.6.0->open3d==0.20.0)
  Using cached zipp-4.1.0-py3-none-any.whl.metadata (3.6 kB)
Requirement already satisfied: charset_normalizer<4,>=2 in /home/lzy/projects/formal_3D_flow_solver/FEM_SimVascular/.venv/lib/python3.13/site-packages (from requests->dash>=2.6.0->open3d==0.20.0) (3.5.1)
Requirement already satisfied: idna<4,>=2.5 in /home/lzy/projects/formal_3D_flow_solver/FEM_SimVascular/.venv/lib/python3.13/site-packages (from requests->dash>=2.6.0->open3d==0.20.0) (3.20)
Requirement already satisfied: urllib3<3,>=1.26 in /home/lzy/projects/formal_3D_flow_solver/FEM_SimVascular/.venv/lib/python3.13/site-packages (from requests->dash>=2.6.0->open3d==0.20.0) (2.8.0)
Requirement already satisfied: certifi>=2023.5.7 in /home/lzy/projects/formal_3D_flow_solver/FEM_SimVascular/.venv/lib/python3.13/site-packages (from requests->dash>=2.6.0->open3d==0.20.0) (2026.7.22)
Downloading open3d-0.20.0-cp313-cp313-manylinux_2_35_x86_64.whl (400.8 MB)
   ━━━━━━━━━━━━━━━━━━━━━━━━━━━━━━━━━━━━━━━━ 400.8/400.8 MB 12.7 MB/s  0:00:30
Downloading pot-0.9.7.post1-cp313-cp313-manylinux_2_27_x86_64.manylinux_2_28_x86_64.whl (32.9 MB)
   ━━━━━━━━━━━━━━━━━━━━━━━━━━━━━━━━━━━━━━━━ 32.9/32.9 MB 12.3 MB/s  0:00:02
Downloading dash-4.4.1-py3-none-any.whl (8.9 MB)
   ━━━━━━━━━━━━━━━━━━━━━━━━━━━━━━━━━━━━━━━━ 8.9/8.9 MB 14.8 MB/s  0:00:00
Downloading flask-3.1.3-py3-none-any.whl (103 kB)
Downloading werkzeug-3.1.8-py3-none-any.whl (226 kB)
Downloading blinker-1.9.0-py3-none-any.whl (8.5 kB)
Downloading click-8.5.0-py3-none-any.whl (125 kB)
Downloading ipywidgets-8.1.9-py3-none-any.whl (140 kB)
Downloading jupyterlab_widgets-3.0.17-py3-none-any.whl (217 kB)
Downloading widgetsnbextension-4.0.16-py3-none-any.whl (2.2 MB)
   ━━━━━━━━━━━━━━━━━━━━━━━━━━━━━━━━━━━━━━━━ 2.2/2.2 MB 13.6 MB/s  0:00:00
Downloading comm-0.2.3-py3-none-any.whl (7.3 kB)
Downloading ipython-9.17.1-py3-none-any.whl (639 kB)
   ━━━━━━━━━━━━━━━━━━━━━━━━━━━━━━━━━━━━━━━━ 639.0/639.0 kB 8.6 MB/s  0:00:00
Downloading prompt_toolkit-3.0.53-py3-none-any.whl (392 kB)
Downloading ipython_pygments_lexers-1.1.1-py3-none-any.whl (8.1 kB)
Downloading itsdangerous-2.2.0-py3-none-any.whl (16 kB)
Downloading janus-2.0.0-py3-none-any.whl (12 kB)
Downloading jedi-0.20.0-py2.py3-none-any.whl (4.9 MB)
   ━━━━━━━━━━━━━━━━━━━━━━━━━━━━━━━━━━━━━━━━ 4.9/4.9 MB 12.1 MB/s  0:00:00
Downloading parso-0.8.7-py2.py3-none-any.whl (107 kB)
Using cached jinja2-3.1.6-py3-none-any.whl (134 kB)
Using cached markupsafe-3.0.3-cp313-cp313-manylinux2014_x86_64.manylinux_2_17_x86_64.manylinux_2_28_x86_64.whl (22 kB)
Downloading matplotlib_inline-0.2.2-py3-none-any.whl (9.5 kB)
Downloading nbformat-5.11.1-py3-none-any.whl (79 kB)
Downloading fastjsonschema-2.22.2-py3-none-any.whl (27 kB)
Downloading jsonschema-4.26.0-py3-none-any.whl (90 kB)
Downloading jsonschema_specifications-2025.9.1-py3-none-any.whl (18 kB)
Downloading jupyter_core-5.9.1-py3-none-any.whl (29 kB)
Using cached pexpect-4.9.0-py2.py3-none-any.whl (63 kB)
Downloading plotly-7.1.0-py3-none-any.whl (9.7 MB)
   ━━━━━━━━━━━━━━━━━━━━━━━━━━━━━━━━━━━━━━━━ 9.7/9.7 MB 13.3 MB/s  0:00:00
Downloading narwhals-2.26.0-py3-none-any.whl (474 kB)
Using cached psutil-7.2.2-cp36-abi3-manylinux2010_x86_64.manylinux_2_12_x86_64.manylinux_2_28_x86_64.whl (155 kB)
Using cached ptyprocess-0.7.0-py2.py3-none-any.whl (13 kB)
Downloading pydantic-2.13.5-py3-none-any.whl (472 kB)
Downloading pydantic_core-2.46.5-cp313-cp313-manylinux_2_17_x86_64.manylinux2014_x86_64.whl (2.1 MB)
   ━━━━━━━━━━━━━━━━━━━━━━━━━━━━━━━━━━━━━━━━ 2.1/2.1 MB 10.1 MB/s  0:00:00
Downloading annotated_types-0.8.0-py3-none-any.whl (13 kB)
Downloading referencing-0.37.0-py3-none-any.whl (26 kB)
Downloading rpds_py-2026.6.3-cp313-cp313-manylinux_2_17_x86_64.manylinux2014_x86_64.whl (365 kB)
Downloading stack_data-0.6.3-py3-none-any.whl (24 kB)
Downloading asttokens-3.0.2-py3-none-any.whl (28 kB)
Downloading executing-2.2.1-py2.py3-none-any.whl (28 kB)
Downloading traitlets-5.16.1-py3-none-any.whl (86 kB)
Downloading typing_inspection-0.4.4-py3-none-any.whl (14 kB)
Downloading wcwidth-0.9.1-cp310-abi3-manylinux2014_x86_64.manylinux_2_17_x86_64.whl (768 kB)
   ━━━━━━━━━━━━━━━━━━━━━━━━━━━━━━━━━━━━━━━━ 768.4/768.4 kB 5.5 MB/s  0:00:00
Downloading configargparse-1.7.7-py3-none-any.whl (34 kB)
Downloading importlib_metadata-9.0.1-py3-none-any.whl (27 kB)
Downloading zipp-4.1.0-py3-none-any.whl (10 kB)
Downloading nest_asyncio-1.6.0-py3-none-any.whl (5.2 kB)
Downloading pure_eval-0.2.4-py3-none-any.whl (11 kB)
Downloading retrying-1.4.2-py3-none-any.whl (10 kB)
Using cached setuptools-84.0.0-py3-none-any.whl (818 kB)
Installing collected packages: pure-eval, ptyprocess, zipp, widgetsnbextension, wcwidth, typing-inspection, traitlets, setuptools, rpds-py, retrying, pydantic-core, psutil, pexpect, parso, nest-asyncio, narwhals, markupsafe, jupyterlab_widgets, janus, itsdangerous, ipython-pygments-lexers, fastjsonschema, executing, configargparse, comm, click, blinker, asttokens, annotated-types, werkzeug, stack_data, referencing, pydantic, prompt_toolkit, POT, plotly, matplotlib-inline, jupyter-core, jinja2, jedi, importlib-metadata, jsonschema-specifications, ipython, flask, jsonschema, ipywidgets, dash, nbformat, open3d

Successfully installed POT-0.9.7.post1 annotated-types-0.8.0 asttokens-3.0.2 blinker-1.9.0 click-8.5.0 comm-0.2.3 configargparse-1.7.7 dash-4.4.1 executing-2.2.1 fastjsonschema-2.22.2 flask-3.1.3 importlib-metadata-9.0.1 ipython-9.17.1 ipython-pygments-lexers-1.1.1 ipywidgets-8.1.9 itsdangerous-2.2.0 janus-2.0.0 jedi-0.20.0 jinja2-3.1.6 jsonschema-4.26.0 jsonschema-specifications-2025.9.1 jupyter-core-5.9.1 jupyterlab_widgets-3.0.17 markupsafe-3.0.3 matplotlib-inline-0.2.2 narwhals-2.26.0 nbformat-5.11.1 nest-asyncio-1.6.0 open3d-0.20.0 parso-0.8.7 pexpect-4.9.0 plotly-7.1.0 prompt_toolkit-3.0.53 psutil-7.2.2 ptyprocess-0.7.0 pure-eval-0.2.4 pydantic-2.13.5 pydantic-core-2.46.5 referencing-0.37.0 retrying-1.4.2 rpds-py-2026.6.3 setuptools-84.0.0 stack_data-0.6.3 traitlets-5.16.1 typing-inspection-0.4.4 wcwidth-0.9.1 werkzeug-3.1.8 widgetsnbextension-4.0.16 zipp-4.1.0

[notice] A new release of pip is available: 25.3 -> 26.2.1
[notice] To update, run: /home/lzy/projects/ulm_particle_3d_particle0/.venv/bin/python -m pip install --upgrade pip
/home/lzy/projects/ulm_particle_3d_particle0/.venv/bin/python -c import sys,json,inspect,importlib.metadata as m,hashlib
import open3d as o3d,ot
f=ot.gromov.partial_fused_gromov_wasserstein
print(json.dumps(dict(python=sys.version,executable=sys.executable,open3d=m.version('open3d'),POT=m.version('POT'),pot_signature=str(inspect.signature(f)),pot_source_sha256=hashlib.sha256(inspect.getsource(f).encode()).hexdigest(),icp_scaling=o3d.pipelines.registration.TransformationEstimationPointToPoint(with_scaling=True).with_scaling),indent=2))
Traceback (most recent call last):
  File "/home/lzy/projects/ulm_3D_vascular/tools/setup_topbrain_brava_transfer.py", line 67, in <module>
    if __name__=='__main__':raise SystemExit(main())
                                             ~~~~^^
  File "/home/lzy/projects/ulm_3D_vascular/tools/setup_topbrain_brava_transfer.py", line 57, in main
    verification=json.loads(run([python,'-c',code],capture_output=True,text=True).stdout)
                            ~~~^^^^^^^^^^^^^^^^^^^^^^^^^^^^^^^^^^^^^^^^^^^^^^^^^^
  File "/home/lzy/projects/ulm_3D_vascular/tools/setup_topbrain_brava_transfer.py", line 19, in run
    return subprocess.run(list(map(str,command)),check=True,**kw)
           ~~~~~~~~~~~~~~^^^^^^^^^^^^^^^^^^^^^^^^^^^^^^^^^^^^^^^^
  File "/home/lzy/miniconda3/lib/python3.13/subprocess.py", line 577, in run
    raise CalledProcessError(retcode, process.args,
                             output=stdout, stderr=stderr)
subprocess.CalledProcessError: Command '['/home/lzy/projects/ulm_particle_3d_particle0/.venv/bin/python', '-c', "import sys,json,inspect,importlib.metadata as m,hashlib\nimport open3d as o3d,ot\nf=ot.gromov.partial_fused_gromov_wasserstein\nprint(json.dumps(dict(python=sys.version,executable=sys.executable,open3d=m.version('open3d'),POT=m.version('POT'),pot_signature=str(inspect.signature(f)),pot_source_sha256=hashlib.sha256(inspect.getsource(f).encode()).hexdigest(),icp_scaling=o3d.pipelines.registration.TransformationEstimationPointToPoint(with_scaling=True).with_scaling),indent=2))"]' returned non-zero exit status 1.
