/home/lzy/projects/ulm_particle_3d_particle0/.venv/bin/python -c import importlib.metadata as m,json;print(json.dumps({d.metadata["Name"].lower():d.version for d in m.distributions()}))
/home/lzy/projects/ulm_particle_3d_particle0/.venv/bin/python -c import importlib.metadata as m,json;print(json.dumps({d.metadata["Name"].lower():d.version for d in m.distributions()}))
/home/lzy/projects/ulm_particle_3d_particle0/.venv/bin/python -c import sys,json,inspect,importlib.metadata as m,hashlib
from vascular_processing.transfer_runtime import prepare_runtime
prepare_runtime()
import open3d as o3d,ot
f=ot.gromov.partial_fused_gromov_wasserstein
print(json.dumps(dict(python=sys.version,executable=sys.executable,open3d=m.version('open3d'),POT=m.version('POT'),pot_signature=str(inspect.signature(f)),pot_source_sha256=hashlib.sha256(inspect.getsource(f).encode()).hexdigest(),icp_scaling=o3d.pipelines.registration.TransformationEstimationPointToPoint(with_scaling=True).with_scaling),indent=2))
/home/lzy/projects/ulm_particle_3d_particle0/.venv/bin/python -c import importlib.metadata as m,json;print(json.dumps({d.metadata["Name"].lower():d.version for d in m.distributions()}))
{
  "python": "3.13.11 | packaged by Anaconda, Inc. | (main, Dec 10 2025, 21:28:48) [GCC 14.3.0]",
  "executable": "/home/lzy/projects/ulm_particle_3d_particle0/.venv/bin/python",
  "open3d": "0.20.0",
  "POT": "0.9.7.post1",
  "pot_signature": "(M, C1, C2, p=None, q=None, m=None, loss_fun='square_loss', alpha=0.5, nb_dummies=1, G0=None, thres=1, numItermax=10000.0, tol=1e-08, symmetric=None, warn=True, log=False, verbose=False, **kwargs)",
  "pot_source_sha256": "aaa387bf24719e604f9a2cc5908ec538b58e29254ac57ac4f95a213eb5d7d5d5",
  "icp_scaling": true,
  "isolated_env": false,
  "main_core_unchanged": true,
  "main_existing_packages_changed": {},
  "main_added_packages": {
    "jsonschema": "4.26.0",
    "click": "8.5.0",
    "pure_eval": "0.2.4",
    "matplotlib-inline": "0.2.2",
    "jinja2": "3.1.6",
    "psutil": "7.2.2",
    "werkzeug": "3.1.8",
    "itsdangerous": "2.2.0",
    "annotated-types": "0.8.0",
    "jedi": "0.20.0",
    "pot": "0.9.7.post1",
    "prompt_toolkit": "3.0.53",
    "typing-inspection": "0.4.4",
    "asttokens": "3.0.2",
    "pydantic": "2.13.5",
    "plotly": "7.1.0",
    "ptyprocess": "0.7.0",
    "fastjsonschema": "2.22.2",
    "dash": "4.4.1",
    "jsonschema-specifications": "2025.9.1",
    "importlib_metadata": "9.0.1",
    "configargparse": "1.7.7",
    "widgetsnbextension": "4.0.16",
    "jupyterlab_widgets": "3.0.17",
    "rpds-py": "2026.6.3",
    "markupsafe": "3.0.3",
    "jupyter_core": "5.9.1",
    "comm": "0.2.3",
    "referencing": "0.37.0",
    "setuptools": "84.0.0",
    "blinker": "1.9.0",
    "ipython_pygments_lexers": "1.1.1",
    "traitlets": "5.16.1",
    "parso": "0.8.7",
    "narwhals": "2.26.0",
    "stack-data": "0.6.3",
    "pexpect": "4.9.0",
    "nest-asyncio": "1.6.0",
    "ipython": "9.17.1",
    "executing": "2.2.1",
    "nbformat": "5.11.1",
    "retrying": "1.4.2",
    "open3d": "0.20.0",
    "flask": "3.1.3",
    "pydantic_core": "2.46.5",
    "zipp": "4.1.0",
    "janus": "2.0.0",
    "wcwidth": "0.9.1",
    "ipywidgets": "8.1.9"
  },
  "runtime_library": "outputs/topbrain_brava_transfer/runtime/lib/libusb-1.0.so.0",
  "runtime_library_sha256": "bd160fb14d8cddfa205bf963c72201e4d188bca9ec7ecb6fe3ae898561836d41"
}
