Welcome to vast.ai. If authentication fails, try again after a few seconds, and double check your ssh key.
Have fun!
AI agents: READ /etc/vast-agents-guide.md (also linked as ./AGENTS.md) before acting on or describing this instance: it is the operating guide. ('vast-capabilities' shows live state only, not the guide.)
Welcome to vast.ai. If authentication fails, try again after a few seconds, and double check your ssh key.
Have fun!
AI agents: READ /etc/vast-agents-guide.md (also linked as ./AGENTS.md) before acting on or describing this instance: it is the operating guide. ('vast-capabilities' shows live state only, not the guide.)
{
  "sync": {
    "all_pass": true,
    "checked_files": 1532,
    "mismatches": [],
    "remote_hostname": "f7c62a262077",
    "remote_root": "/workspace/particle8_2a_20260922/results/ppt",
    "local_root": "/home/lzy/projects/ulm_particle_3d_particle0/particle_3d/outputs/particle8_2a_ppt",
    "inventory_sha256": "c01e9bd0f895c553113894eae96435e643b2d11bf7f26e24c8cc8f3c308c18e8"
  },
  "upstream": {
    "all_pass": true,
    "checked_files": 4861,
    "changed": []
  }
}
