{
  "total_integrated": 6,
  "completed": 5,
  "outlets": {
    "OUTLET_01": 0,
    "OUTLET_02": 5,
    "OUTLET_03": 0
  },
  "end_reasons": {
    "OUTLET_02": 5,
    "INTEGRATION_SAFETY_STOP": 1
  },
  "speed_max_mm_s": 1.2013206464494162,
  "diameter_mean_um": 1.252820066654573,
  "diameter_range_um": [
    0.9705268907867021,
    1.671312812448948
  ],
  "original_sonovue_mean_um": 2.069088192984397,
  "frozen_inlet_mean_mm_s": 0.352840697125003
}
Welcome to vast.ai. If authentication fails, try again after a few seconds, and double check your ssh key.
Have fun!
AI agents: READ /etc/vast-agents-guide.md (also linked as ./AGENTS.md) before acting on or describing this instance: it is the operating guide. ('vast-capabilities' shows live state only, not the guide.)
2026-09-22 08:38:15.477 (   0.613s) [    7F60ECE0F740]vtkXOpenGLRenderWindow.:1450  WARN| bad X server connection. DISPLAY=
