 Starting up Musubi with nprocs:            4

 .___  ___.  __    __       _______. __    __  .______    __  
 |   \/   | |  |  |  |     /       ||  |  |  | |   _  \  |  | 
 |  \  /  | |  |  |  |    |   (----`|  |  |  | |  |_)  | |  | 
 |  |\/|  | |  |  |  |     \   \    |  |  |  | |   _  <  |  | 
 |  |  |  | |  `--'  | .----)   |   |  `--'  | |  |_)  | |  | 
 |__|  |__|  \______/  |_______/     \______/  |______/  |_v2.0.0-4-g4e8b27

 (C) 2012 German Research School for Simulation Sciences
 (C) 2013-2020 University Siegen
 (C) 2021 German Aerospace Center (DLR) -
          Institute of Software Methods for Product Virtualization
 
--------------------------------------------------------------------------------
 | INFORMATION ON THE EXECUTABLE
 | Revision of the code in this executable: 81f8c4f13772+
 |
 | Compiled with GFORTRAN in version 13.4.0
 | Using the command /home/lzy/.local/bin/mpif90
 | And the following flags:
 | -O3 -march=native -Wall -Wno-maybe-uninitialized -Werror -Wno-unused-dum
 | my-argument -fmax-stack-var-size=131072 -std=f2008 -pedantic-errors -O3
 | -march=native -Wall -Wno-maybe-uninitialized -Werror
 |
 | Build date: 2026-08-29
--------------------------------------------------------------------------------
--------------------------------------------------------------------------------
 | PRE-PROCESSING SETTINGS:
 | Using AOS (array of structures data layout)
 | Using PULL for streaming
--------------------------------------------------------------------------------

Run at: 2026-08-30 22:26 UTC+02:00

 Loading configuration file: musubi.lua
--------------------------------------------------------------------------------
--------------------------------------------------------------------------------
--------------------------------------------------------------------------------
Loading general parameters:
Using /dev/null as null device.
Will print run time info in the end
(/proc/self/status).
Size of the IO Buffer (MB): 8
Simulation Name: tau1_base
 +-------------------------------------------+
  - Now:
  iterations:            0
  simTime   :    0.0000000000000000     
  wallClock :    2.8581470000000001E-003
 
  - Time Control:
 +-------------------------------------------+
Iterations between trigger checks: 1
  - Min:
  iterations:            0
  simTime   :    0.0000000000000000     
 
  - Max:
  iterations:       239502
  wallClock :    7200.0000000000000     
 
  - Interval:
  iterations:         1198
 +-------------------------------------------+
 
  - Abort Criteria:
  stop_file: /home/lzy/u3da/tau1_base_20260830/stop
  steady_state:  F
 
  - Status:
 +-------------------------------------------+
 Using global alltoall
 Loading communication pattern:
 isend_irecv
Write timings to: tracking/timing.res
--------------------------------------------------------------------------------
 Loading general solver params: 
 Choosing Control Routine: standard
 Setting SCALING to:diffusive
Solid elements will be removed from BC list
Block size (elements): 576
--------------------------------------------------------------------------------
--------------------------------------------------------------------------------
 Loading restart ...
 *****************************
 Restart write parameters: 
   prefix   : /home/lzy/u3da/tau1_base_20260830/restart/
 +-------------------------------------------+
Iterations between trigger checks: 1
  - Min:
  iterations:       239502
 
  - Max:
  iterations:       239502
 
  - Interval:
  iterations:            1
 +-------------------------------------------+
 *****************************
 
--------------------------------------------------------------------------------
 No read restart given. Loading mesh file
 Obtaining HEADER of the configured mesh
 Load mesh header from file: /mnt/e/ULM/hatimb-particle_flow_simulator/ulm_3D_vascular/outputs/cfd_flow/healthy_mouse_capillary_dimensionless_qvalue_base_preflight_anchor003274_20260830/seeder/mesh/header.lua
 The real bounding cube is...
   min:    8.0282771579034593E-005   5.5876359424537691E-005   1.1160639894086849E-004
   max:    1.7828277157903459E-004   1.5467635942453768E-004   1.6700639894086849E-004
--------------------------------------------------------------------------------
 Load mesh header from file: /mnt/e/ULM/hatimb-particle_flow_simulator/ulm_3D_vascular/outputs/cfd_flow/healthy_mouse_capillary_dimensionless_qvalue_base_preflight_anchor003274_20260830/seeder/mesh/header.lua
 The real bounding cube is...
   min:    8.0282771579034593E-005   5.5876359424537691E-005   1.1160639894086849E-004
   max:    1.7828277157903459E-004   1.5467635942453768E-004   1.6700639894086849E-004
 Load mesh from file: /mnt/e/ULM/hatimb-particle_flow_simulator/ulm_3D_vascular/outputs/cfd_flow/healthy_mouse_capillary_dimensionless_qvalue_base_preflight_anchor003274_20260830/seeder/mesh/elemlist.lsb
 using one process to read and broadcast
 Done, reading the mesh!
 NO BALANCING!
 Done loading weights.
 Got a mesh with following properties:
                 Mesh name: fluidTree
  Total number of elements: 182320
  Local number of elements: 45580
      Number of properties: 2
      Number of partitions: 4
             Minimum level: 9
             Maximum level: 9
       Bounding Box Origin:     0.0001    0.0001    0.0001
       Bounding Box Length:     0.0001
     Coarsest element size:     0.0000
       Finest element size:     0.0000
  Number of boundary elements: 17907
      Number of qVal elements: 17820
--------------------------------------------------------------------------------
 Load boundary ID from file: /mnt/e/ULM/hatimb-particle_flow_simulator/ulm_3D_vascular/outputs/cfd_flow/healthy_mouse_capillary_dimensionless_qvalue_base_preflight_anchor003274_20260830/seeder/mesh/bnd.lsb
 read with MPI
Loading qVal data from directory: /mnt/e/ULM/hatimb-particle_flow_simulator/ulm_3D_vascular/outputs/cfd_flow/healthy_mouse_capillary_dimensionless_qvalue_base_preflight_anchor003274_20260830/seeder/mesh/
 Load hasQVal from file: /mnt/e/ULM/hatimb-particle_flow_simulator/ulm_3D_vascular/outputs/cfd_flow/healthy_mouse_capillary_dimensionless_qvalue_base_preflight_anchor003274_20260830/seeder/mesh/qval.lsb
 Done, reading the qVal!
 No IBM found!
--------------------------------------------------------------------------------
Lattice dx and dt on each level
level=9, dxL=   1.00000, dtL=   1.00000
--------------------------------------------------------------------------------
--------------------------------------------------------------------------------
  Loading physics table ...
  Physics table is defined.
  All values are expressed in physical units.
 Speed of sound (cs) is not defined.
 Attempting to load time step dt on coarsest level:
   cs =   56.638E+00
   dt =    2.039E-09
 WARNING: No value given for coulomb0
 WARNING: Reference coulomb0 is not found. 
 Setting reference coulomb0 to fundamental electrical charge.
Reference physical quantities:
  rho0       =    1.056E+03
  mass0      =    8.448E-18
  mole0      =    1.661E-24
  moleDens0  =  207.567E-06
  molWeight0 =    5.088E+06
  Temp0      =    1.000E+00
  coulomb0   =  160.218E-21
Conversion factors on level: 9
  dx            =  200.000E-09
  dt            =    2.039E-09
  pressure      =   10.163E+06
  velocity      =   98.100E+00
  kine. visc.   =   19.620E-06
  dyn. visc.    =   20.719E-03
  acceleration  =   48.118E+09
  force         =  406.501E-09
  body force    =   50.813E+12
  strain rate   =  490.500E+06
  energy        =   81.300E-15
  moleFlux      =   20.362E-03
  chargeDens    =   20.027E+00
  currentDens   =    1.965E+03
  massflux      =  103.594E+03
  diffusivity   =   19.620E-06
  faraday       =   96.485E+03
  gasConst      =   48.960E+09
  potential     =  507.436E+03

Over level scale factor: 
    pressure:    1.000E+00
    velocity:    1.000E+00
 strain rate:    1.000E+00
--------------------------------------------------------------------------------
--------------------------------------------------------------------------------
Loading Scheme identify table: 
kind: fluid
Layout: d3q19
relaxation: bgk
  variant: standard
--------------------------------------------------------------------------------
 Creating stencil kind: d3q19
--------------------------------------------------------------------------------
 Loading the field base info ...
 No field table defined.
 Assuming single field and label = "".
--------------------------------------------------------------------------------
 Initializing global variable system for scheme kind: fluid
 Appending state variables 
--------------------------------------------------------------------------------
Interpolation:
  method: quadratic
   order:  2
  weights_method: linear_distance
  inverse distance powefac:  6
--------------------------------------------------------------------------------
 No possible transport variable defined for scheme kind: fluid
--------------------------------------------------------------------------------
 Loading the fields ...
 Number of fields to load:            1
 No field table and scheme table are defined.Loading field data from config
 Loading field: 
 Loading the fluid properties.
 Loading fluid informations
 loading space time function from key: kinematic_viscosity
 Spacetime function is a const value:    3.2700000000000000E-006
 St-fun is not a table, thus setting global shape.
 No nonNewtonian table defined
 No turbulence table defined
--------------------------------------------------------------------------------
--------------------------------------------------------------------------------
  Loading initial conditions
Loading spatial for pressure
 Load spatial as single constant
   Spatial for pressure is a defined as const
value =   23.622E+03
Loading spatial for velocityX
 Load spatial as single constant
   Spatial for velocityX is a defined as const
value =    0.000E+00
Loading spatial for velocityY
 Load spatial as single constant
   Spatial for velocityY is a defined as const
value =    0.000E+00
Loading spatial for velocityZ
 Load spatial as single constant
   Spatial for velocityZ is a defined as const
value =    0.000E+00
Loading spatial for Sxx
 Load spatial as single constant
 ERROR: Fatal error occured in loading scalar constants
 WARNING: variable is non-existent!
 Setting kind to be "none" and value =    0.000E+00 for all 1 components
   Spatial for Sxx is a defined as none
Loading spatial for Syy
 Load spatial as single constant
 ERROR: Fatal error occured in loading scalar constants
 WARNING: variable is non-existent!
 Setting kind to be "none" and value =    0.000E+00 for all 1 components
   Spatial for Syy is a defined as none
Loading spatial for Szz
 Load spatial as single constant
 ERROR: Fatal error occured in loading scalar constants
 WARNING: variable is non-existent!
 Setting kind to be "none" and value =    0.000E+00 for all 1 components
   Spatial for Szz is a defined as none
Loading spatial for Sxy
 Load spatial as single constant
 ERROR: Fatal error occured in loading scalar constants
 WARNING: variable is non-existent!
 Setting kind to be "none" and value =    0.000E+00 for all 1 components
   Spatial for Sxy is a defined as none
Loading spatial for Syz
 Load spatial as single constant
 ERROR: Fatal error occured in loading scalar constants
 WARNING: variable is non-existent!
 Setting kind to be "none" and value =    0.000E+00 for all 1 components
   Spatial for Syz is a defined as none
Loading spatial for Sxz
 Load spatial as single constant
 ERROR: Fatal error occured in loading scalar constants
 WARNING: variable is non-existent!
 Setting kind to be "none" and value =    0.000E+00 for all 1 components
   Spatial for Sxz is a defined as none
--------------------------------------------------------------------------------
  Loading BC header
   Found BC wall of kind wall_libb
   Found BC inlet of kind adaptive_flux_pressure
   Found BC outlet_01 of kind pressure_eq
   Found BC outlet_02 of kind pressure_eq
   Found BC outlet_03 of kind pressure_eq
 matching boundary defination in lua to mesh
 Number of Boundaries: 5
--------------------------------------------------------------------------------
 Loading boundary definition for nBCs: 5
   Boundary: 1
    Curved:  F
     Wall LIBB treatment: wall
    Default qVal:   0.50000000000000000     
   required neighbors: 0
   Boundary: 2
    Curved:  F
    Adaptive global flux/pressure treatment for inlet
  Loading bc state for mass_flowrate
 Expected variable mass_flowrate is defined
 Did not find a variable name for mass_flowrate
 Trying to load it as an anonymous space time function
 loading space time function from key: mass_flowrate
 Spacetime function is a const value:    2.8901803804796421E-012
 St-fun is not a table, thus setting global shape.
 Found a spacetime function for mass_flowrate
    Default qVal:   0.50000000000000000     
   required neighbors: 2
   Boundary: 3
    Curved:  F
     Outlet pressure equilibrium type for outlet_01
  Loading bc state for pressure
 Expected variable pressure is defined
 Did not find a variable name for pressure
 Trying to load it as an anonymous space time function
 loading space time function from key: pressure
 St-fun is not a table, thus setting global shape.
 Found a spacetime function for pressure
    Default qVal:   0.50000000000000000     
   required neighbors: 2
   Boundary: 4
    Curved:  F
     Outlet pressure equilibrium type for outlet_02
  Loading bc state for pressure
 Expected variable pressure is defined
 Did not find a variable name for pressure
 Trying to load it as an anonymous space time function
 loading space time function from key: pressure
 St-fun is not a table, thus setting global shape.
 Found a spacetime function for pressure
    Default qVal:   0.50000000000000000     
   required neighbors: 2
   Boundary: 5
    Curved:  F
     Outlet pressure equilibrium type for outlet_03
  Loading bc state for pressure
 Expected variable pressure is defined
 Did not find a variable name for pressure
 Trying to load it as an anonymous space time function
 loading space time function from key: pressure
 St-fun is not a table, thus setting global shape.
 Found a spacetime function for pressure
    Default qVal:   0.50000000000000000     
   required neighbors: 2
--------------------------------------------------------------------------------
 Loading the mappings from table: source
 Table source could not be opened for reading variable mappings!
--------------------------------------------------------------------------------
 Loading the mappings from table: glob_source
 Table glob_source could not be opened for reading variable mappings!
 Loading transport variables
--------------------------------------------------------------------------------
 Variable table not defined with key: variable
--------------------------------------------------------------------------------
 Loading tracking ...
Number of Tracking entities: 2
Loading tracker: 1
 Tracking label: p
 +-------------------------------------------+
Iterations between trigger checks: 1
  - Min:
  iterations:            0
 
  - Max:
  iterations:       239502
 
  - Interval:
  iterations:        59875
 +-------------------------------------------+
  Number of reductions loaded: 1
  their reduceTypes are:
    average
   Loading output table ...
   Output format: ascii
  Loading shape kind: all
  Inverted shape:  F
Done tracker 1
Loading tracker: 2
 Tracking label: u
 +-------------------------------------------+
Iterations between trigger checks: 1
  - Min:
  iterations:            0
 
  - Max:
  iterations:       239502
 
  - Interval:
  iterations:        59875
 +-------------------------------------------+
  Number of reductions loaded: 1
  their reduceTypes are:
    average
   Loading output table ...
   Output format: ascii
  Loading shape kind: all
  Inverted shape:  F
Done tracker 2
--------------------------------------------------------------------------------
--------------------------------------------------------------------------------
 NO particle modelling
--------------------------------------------------------------------------------
--------------------------------------------------------------------------------
 Initializing musubi ...
 Initializing the scheme ...
 Map stencil to treelm definition and vice versa ...
Initializing the moment matrix by stencil: d3q19
 Building variable system for scheme kind: fluid
 Appending auxiliary variables 
 Current append variable wave loop:            1
 Append derive variables to varSys
 Variable pressure_deviation cant be added due to missing input variable pressure_reference
 Error: variable pressure_deviation is not added to variable system
 Appending boundary variables 
 Append derive physical variables to varSys
 Append meshInfo variables to varSys
 Current append variable wave loop:            2
 Append derive variables to varSys
 Appending boundary variables 
 Append derive physical variables to varSys
 Append meshInfo variables to varSys
 Current append variable wave loop:            3
 Append derive variables to varSys
 Appending boundary variables 
 Append derive physical variables to varSys
 Append meshInfo variables to varSys
 Done appending variables to varSys
 Storing state variable position 
 Storing derive variable position 
--------------------------------------------------------------------------------
 Starting to initialize the geometry
--------------------------------------------------------------------------------
 Creating boundary lists ...
BC: wall, iBnd: 1, normal:   0 -1  1, Ind: 8
BC: outlet_02, iBnd: 2, normal:   1  0  1, Ind: 14
BC: outlet_03, iBnd: 3, normal:  -1  0  0, Ind: 1
BC: inlet, iBnd: 4, normal:   0  0 -1, Ind: 3
BC: outlet_01, iBnd: 5, normal:   0 -1 -1, Ind: 7
 Set BC stencil: outlet_02
 Set BC stencil: outlet_03
 Set BC stencil: inlet
 Set BC stencil: outlet_01
 Finalizing stencils...
 Total Number of stencils: 5
 iStencil:  1, label: d3q19
 nElems: 182320
 iStencil:  2, label: outlet_02_TE2TE3_QQN2
 nElems: 158
 iStencil:  3, label: outlet_03_WW2_QQN2
 nElems: 175
 iStencil:  4, label: inlet_BB2_QQN2
 nElems: 223
 iStencil:  5, label: outlet_01_BS2BS3_QQN2
 nElems: 167
 Allocating level Descriptor ...
 Searching the neighbors for each element ...
 Finished searching the neighbors ID for each fluid.
 Creating level descriptor ...
 Building up the element and total list.
 Building level-wise fluid list ...
--------------------------------------------------------------------------------
 Communicating elements ...
Halo count exchange iteration: 1
 Starting all-to-all exchange of halo counts
Finished all-to-all exchanging number of elements
All to all cost: 0.107463E-01
  Finished counting valid procs and nElemsProcs.
   Done communicating nElems to Transfer
  Requesting remote halos on level 9
   Received requested halo elements successfully.
 Finished requesting remote halos
   Done requesting remote halos.
   Identifying lists
 Done exchanging number of elements to communicate.
Return halo counts and Redefine halos ...
  Returning halo counts on level 9
   Redefining halos ... 
   Done communicating stencil buffer
   Done communicating stencil buffer
   Done communicating stencil buffer
 Done with communication of elements. 
--------------------------------------------------------------------------------

--------------------------------------------------------------------------------
 Communicating elements ...
Halo count exchange iteration: 1
 Starting all-to-all exchange of halo counts
Finished all-to-all exchanging number of elements
All to all cost: 0.508211E-03
  Finished counting valid procs and nElemsProcs.
   Done communicating nElems to Transfer
  Requesting remote halos on level 9
   Received requested halo elements successfully.
 Finished requesting remote halos
   Done requesting remote halos.
   Identifying lists
 Done exchanging number of elements to communicate.
Return halo counts and Redefine halos ...
  Returning halo counts on level 9
   Redefining halos ... 
   Done communicating stencil buffer
   Done communicating stencil buffer
   Done communicating stencil buffer
 Done with communication of elements. 
--------------------------------------------------------------------------------

 Assembling total list ...
     Level: 9
    nElems: 45980
       fluid: 45580
gFromCoarser: 0
  gFromFiner: 0
        halo: 400
 Updating dependencies ...
 Updating the stencil entries
  Updating entries in the element stencils...
 Finished building up element and total list. 
Build neighbor array for stencil: 1
 level:  9, nElems to treat: 45980
Build neighbor array for stencil: 2
 level:  9, nElems to treat: 158
--------------------------------------------------------------------------------

Try to remove solid from BC: outlet_02
 Removed 28 elements on level 9
Try to remove solid from BC: outlet_03
Try to remove solid from BC: inlet
Try to remove solid from BC: outlet_01
 Build vertical dep ...
 Total number of elements on Level: 9
   Fluid:   182320
 Global Elements information:
   nElems overall: 185060
   nElems ghost from finer: 0
   nElems ghost from coarser: 0
 
Start filling field BC neighbor list 
 Allocating PDF state, neighbor and bcBuffer array
 nSize of state array: 45980
 Building state array connectivity ...
 Done with state array connectivity.
Set halo elements comm links
Amount of message per proc: 7914
Communication amount compressed to [%]: 60.81

--------------------------------------------------------------------------------
Done initializing geometry. Took [s]      0.24
--------------------------------------------------------------------------------

 Simulation time homogenize:
  iterations:            0
  simTime   :    0.0000000000000000     
  wallClock :    2.8581470000000001E-003
 Time control homogenize:
 +-------------------------------------------+
Iterations between trigger checks: 1
  - Min:
  iterations:            0
 
  - Max:
  iterations:       239502
  wallClock :    7200.0000000000000     
 
  - Interval:
  iterations:         1198
 +-------------------------------------------+
Initialize fluid
  Set relaxation parameter from kinematic viscosity
Fluid properties:
  Reference density rho0:  1.0000000
  Kinematic viscosity STfun kind: const
Kinematic viscosity, (min, max) on level: 9
  Physical: ( 0.0000033, 0.0000033)
  Lattice: ( 0.1666667, 0.1666667)
  Kinematic omega (min,max):( 1.0000000, 1.0000000)
 viscBulk lattice and omega: 
  viscBulk:   0.1111111
  omegaBulk:  1.0000000
Magic lambda for TRT:  0.2500000
HRR sigma:  0.9800000
DRT tauN:  0.7000000
No nonNewtonian table defined.
--------------------------------------------------------------------------------
 Allocate gradient data ...
 Filling gradient data ...
--------------------------------------------------------------------------------
 Create subtree for all space time functions stored 
 in linked list of spacetime function
 Done creating subtree for   0 spacetime functions
--------------------------------------------------------------------------------
--------------------------------------------------------------------------------
 Initializing Source terms ...
 No active source terms
--------------------------------------------------------------------------------
 Initializing transport variables ...
 No active transport variables
  Pulling pdfs from neighbor elements before collision
 Initializing restart...
 Time control homogenize:
 +-------------------------------------------+
Iterations between trigger checks: 1
  - Min:
  iterations:       239502
 
  - Max:
  iterations:       239502
 
  - Interval:
  iterations:            1
 +-------------------------------------------+
 Initializing tracker...
--------------------------------------------------------------------------------
 Initialize tracking subTree to remove empty objects
--------------------------------------------------------------------------------
 Creating subTree for tracking object p
 Subtree encompasses all fluid elements
Found corresponding nElems: 182320
--------------------------------------------------------------------------------
 Creating subTree for tracking object u
 Subtree encompasses all fluid elements
Found corresponding nElems: 182320
--------------------------------------------------------------------------------
 Time control homogenize:
 +-------------------------------------------+
Iterations between trigger checks: 1
  - Min:
  iterations:            0
 
  - Max:
  iterations:       239502
 
  - Interval:
  iterations:        59875
 +-------------------------------------------+
 Time control homogenize:
 +-------------------------------------------+
Iterations between trigger checks: 1
  - Min:
  iterations:            0
 
  - Max:
  iterations:       239502
 
  - Interval:
  iterations:        59875
 +-------------------------------------------+
--------------------------------------------------------------------------------
 Initialize tracking objects
--------------------------------------------------------------------------------
Track object: 1, label: p
 Initializing reduction ...
Track object: 2, label: u
 Initializing reduction ...
 Auxiliary field halo communication DEACTIVATED.
Initialize BndForce
 Initializing IBM surface data
--------------------------------------------------------------------------------

--------------------------------------------------------------------------------
Initialize flow
 Initialize compute kernel for scheme kind: fluid
 Choosing fluid relaxation model: bgk for layout d3q19
 mus_load_particles: no particle table found
Initialize 5 boundary conditions
 Initializing BC: wall
 Initializing BC: outlet_02
 Initializing BC: outlet_03
 Initializing BC: inlet
 Initializing BC: outlet_01
--------------------------------------------------------------------------------
 Starting Musubi MAIN loop with time control:
 +-------------------------------------------+
Iterations between trigger checks: 1
  - Min:
  iterations:            0
 
  - Max:
  iterations:       239502
  wallClock :    7200.0000000000000     
 
  - Interval:
  iterations:         1198
 +-------------------------------------------+
Select fast single level control routine.
Particulate flow simulations disabled!
--------------------------------------------------------------------------------
  iterations:            0
  simTime   :    0.0000000000000000     
  wallClock :    2.8581470000000001E-003
      field |       total density
          1 |    1.2713823695E+03

  iterations:         1198
  simTime   :    2.4424057084606865E-006
  wallClock :    17.638685171999999     
      field |       total density
          1 |    1.2727471013E+03

  iterations:         2396
  simTime   :    4.8848114169215457E-006
  wallClock :    34.038425693000001     
      field |       total density
          1 |    1.2738345696E+03

  iterations:         3594
  simTime   :    7.3272171253826904E-006
  wallClock :    51.148680784000000     
      field |       total density
          1 |    1.2747767335E+03

  iterations:         4792
  simTime   :    9.7696228338438351E-006
  wallClock :    70.121426815000007     
      field |       total density
          1 |    1.2755916150E+03

  iterations:         5990
  simTime   :    1.2212028542304980E-005
  wallClock :    89.422849674000005     
      field |       total density
          1 |    1.2762942699E+03

  iterations:         7188
  simTime   :    1.4654434250766125E-005
  wallClock :    109.12934556899999     
      field |       total density
          1 |    1.2768984454E+03

  iterations:         8386
  simTime   :    1.7096839959227268E-005
  wallClock :    128.19237683000000     
      field |       total density
          1 |    1.2774166612E+03

  iterations:         9584
  simTime   :    1.9539245667688412E-005
  wallClock :    147.19344906200001     
      field |       total density
          1 |    1.2778601966E+03

  iterations:        10782
  simTime   :    2.1981651376149557E-005
  wallClock :    166.17701762900001     
      field |       total density
          1 |    1.2782391120E+03

  iterations:        11980
  simTime   :    2.4424057084610702E-005
  wallClock :    185.11983836100001     
      field |       total density
          1 |    1.2785623038E+03

  iterations:        13178
  simTime   :    2.6866462793071846E-005
  wallClock :    204.60124308900001     
      field |       total density
          1 |    1.2788375839E+03

  iterations:        14376
  simTime   :    2.9308868501532991E-005
  wallClock :    223.73231983599999     
      field |       total density
          1 |    1.2790717717E+03

  iterations:        15574
  simTime   :    3.1751274209994136E-005
  wallClock :    243.34790829700000     
      field |       total density
          1 |    1.2792707915E+03

  iterations:        16772
  simTime   :    3.4193679918455281E-005
  wallClock :    263.75910616099998     
      field |       total density
          1 |    1.2794397689E+03

  iterations:        17970
  simTime   :    3.6636085626916425E-005
  wallClock :    282.31567443799997     
      field |       total density
          1 |    1.2795831235E+03

  iterations:        19168
  simTime   :    3.9078491335377570E-005
  wallClock :    304.00270711200000     
      field |       total density
          1 |    1.2797046547E+03

  iterations:        20366
  simTime   :    4.1520897043838715E-005
  wallClock :    324.85168862799998     
      field |       total density
          1 |    1.2798076212E+03

  iterations:        21564
  simTime   :    4.3963302752299859E-005
  wallClock :    344.78393849299999     
      field |       total density
          1 |    1.2798948112E+03

  iterations:        22762
  simTime   :    4.6405708460761004E-005
  wallClock :    364.50342665400001     
      field |       total density
          1 |    1.2799686069E+03

  iterations:        23960
  simTime   :    4.8848114169222149E-005
  wallClock :    383.69957051699998     
      field |       total density
          1 |    1.2800310395E+03

  iterations:        25158
  simTime   :    5.1290519877683293E-005
  wallClock :    402.08694402100002     
      field |       total density
          1 |    1.2800838391E+03

  iterations:        26356
  simTime   :    5.3732925586144438E-005
  wallClock :    421.52311658899998     
      field |       total density
          1 |    1.2801284775E+03

  iterations:        27554
  simTime   :    5.6175331294605583E-005
  wallClock :    440.30966360299999     
      field |       total density
          1 |    1.2801662052E+03

  iterations:        28752
  simTime   :    5.8617737003066728E-005
  wallClock :    459.96930716499998     
      field |       total density
          1 |    1.2801980840E+03

  iterations:        29950
  simTime   :    6.1060142711527872E-005
  wallClock :    478.67224504199999     
      field |       total density
          1 |    1.2802250145E+03

  iterations:        31148
  simTime   :    6.3502548419989017E-005
  wallClock :    498.17130736700000     
      field |       total density
          1 |    1.2802477603E+03

  iterations:        32346
  simTime   :    6.5944954128450162E-005
  wallClock :    516.50519493399997     
      field |       total density
          1 |    1.2802669683E+03

  iterations:        33544
  simTime   :    6.8387359836911306E-005
  wallClock :    535.63829097300004     
      field |       total density
          1 |    1.2802831863E+03

  iterations:        34742
  simTime   :    7.0829765545372451E-005
  wallClock :    554.43799067999998     
      field |       total density
          1 |    1.2802968777E+03

  iterations:        35940
  simTime   :    7.3272171253833596E-005
  wallClock :    573.64872192400003     
      field |       total density
          1 |    1.2803084348E+03

  iterations:        37138
  simTime   :    7.5714576962294741E-005
  wallClock :    592.60889203099998     
      field |       total density
          1 |    1.2803181892E+03

  iterations:        38336
  simTime   :    7.8156982670755885E-005
  wallClock :    611.77892980299998     
      field |       total density
          1 |    1.2803264213E+03

  iterations:        39534
  simTime   :    8.0599388379217030E-005
  wallClock :    630.43542911300005     
      field |       total density
          1 |    1.2803333682E+03

  iterations:        40732
  simTime   :    8.3041794087678175E-005
  wallClock :    648.90821605199994     
      field |       total density
          1 |    1.2803392300E+03

  iterations:        41930
  simTime   :    8.5484199796139319E-005
  wallClock :    667.86539016200004     
      field |       total density
          1 |    1.2803441759E+03

  iterations:        43128
  simTime   :    8.7926605504600464E-005
  wallClock :    686.60078420200000     
      field |       total density
          1 |    1.2803483487E+03

  iterations:        44326
  simTime   :    9.0369011213061609E-005
  wallClock :    704.63527551200002     
      field |       total density
          1 |    1.2803518692E+03

  iterations:        45524
  simTime   :    9.2811416921522753E-005
  wallClock :    723.90406345500003     
      field |       total density
          1 |    1.2803548391E+03

  iterations:        46722
  simTime   :    9.5253822629983898E-005
  wallClock :    742.22872062199997     
      field |       total density
          1 |    1.2803573445E+03

  iterations:        47920
  simTime   :    9.7696228338445043E-005
  wallClock :    761.58666284699996     
      field |       total density
          1 |    1.2803594579E+03

  iterations:        49118
  simTime   :    1.0013863404690619E-004
  wallClock :    779.75196201500000     
      field |       total density
          1 |    1.2803612406E+03

  iterations:        50316
  simTime   :    1.0258103975536733E-004
  wallClock :    798.63506217400004     
      field |       total density
          1 |    1.2803627443E+03

  iterations:        51514
  simTime   :    1.0502344546382848E-004
  wallClock :    817.74478211500002     
      field |       total density
          1 |    1.2803640127E+03

  iterations:        52712
  simTime   :    1.0746585117228962E-004
  wallClock :    836.65147281800000     
      field |       total density
          1 |    1.2803650825E+03

  iterations:        53910
  simTime   :    1.0990825688075077E-004
  wallClock :    856.54345986900000     
      field |       total density
          1 |    1.2803659848E+03

  iterations:        55108
  simTime   :    1.1235066258921191E-004
  wallClock :    877.42095207000000     
      field |       total density
          1 |    1.2803667459E+03

  iterations:        56306
  simTime   :    1.1479306829767306E-004
  wallClock :    897.75122684600001     
      field |       total density
          1 |    1.2803673878E+03

  iterations:        57504
  simTime   :    1.1723547400613420E-004
  wallClock :    917.99054384900001     
      field |       total density
          1 |    1.2803679291E+03

  iterations:        58702
  simTime   :    1.1967787971459535E-004
  wallClock :    938.18488904599997     
      field |       total density
          1 |    1.2803683857E+03

ADAPTIVE_FLUX_PRESSURE iter=59875 target_lattice= 6.9748043809647912E-004 controlled_lattice= 6.9748043809647869E-004 relative_error= 6.2178212506973967E-016 rho_boundary= 7.1302053827162828E-003 pressure_pa= 2.4153647169753109E+004 max_lattice_velocity= 1.1601482357936840E-003 minimum_pdf= 1.9737190704599013E-004 globBC_count=223
  iterations:        59900
  simTime   :    1.2212028542305648E-004
  wallClock :    958.21511762499995     
      field |       total density
          1 |    1.2803687708E+03

  iterations:        61098
  simTime   :    1.2456269113151762E-004
  wallClock :    979.32225193500005     
      field |       total density
          1 |    1.2803690955E+03

  iterations:        62296
  simTime   :    1.2700509683997877E-004
  wallClock :    1000.1742980540000     
      field |       total density
          1 |    1.2803693694E+03

  iterations:        63494
  simTime   :    1.2944750254843991E-004
  wallClock :    1020.9461370950000     
      field |       total density
          1 |    1.2803696004E+03

  iterations:        64692
  simTime   :    1.3188990825690106E-004
  wallClock :    1041.9200256120000     
      field |       total density
          1 |    1.2803697952E+03

  iterations:        65890
  simTime   :    1.3433231396536220E-004
  wallClock :    1062.9619852769999     
      field |       total density
          1 |    1.2803699595E+03

  iterations:        67088
  simTime   :    1.3677471967382334E-004
  wallClock :    1083.1043302539999     
      field |       total density
          1 |    1.2803700981E+03

  iterations:        68286
  simTime   :    1.3921712538228449E-004
  wallClock :    1103.6351281450000     
      field |       total density
          1 |    1.2803702149E+03

  iterations:        69484
  simTime   :    1.4165953109074563E-004
  wallClock :    1124.6333252800000     
      field |       total density
          1 |    1.2803703135E+03

  iterations:        70682
  simTime   :    1.4410193679920678E-004
  wallClock :    1145.3553834009999     
      field |       total density
          1 |    1.2803703966E+03

  iterations:        71880
  simTime   :    1.4654434250766792E-004
  wallClock :    1166.6782719060000     
      field |       total density
          1 |    1.2803704667E+03

  iterations:        73078
  simTime   :    1.4898674821612907E-004
  wallClock :    1187.1592047209999     
      field |       total density
          1 |    1.2803705258E+03

  iterations:        74276
  simTime   :    1.5142915392459021E-004
  wallClock :    1207.2690274120000     
      field |       total density
          1 |    1.2803705756E+03

  iterations:        75474
  simTime   :    1.5387155963305136E-004
  wallClock :    1227.4355568450001     
      field |       total density
          1 |    1.2803706177E+03

  iterations:        76672
  simTime   :    1.5631396534151250E-004
  wallClock :    1248.0052865210000     
      field |       total density
          1 |    1.2803706531E+03

  iterations:        77870
  simTime   :    1.5875637104997365E-004
  wallClock :    1268.7737214530000     
      field |       total density
          1 |    1.2803706830E+03

  iterations:        79068
  simTime   :    1.6119877675843479E-004
  wallClock :    1289.3780400010000     
      field |       total density
          1 |    1.2803707082E+03

  iterations:        80266
  simTime   :    1.6364118246689594E-004
  wallClock :    1310.4783108140000     
      field |       total density
          1 |    1.2803707295E+03

  iterations:        81464
  simTime   :    1.6608358817535708E-004
  wallClock :    1330.5382196950000     
      field |       total density
          1 |    1.2803707474E+03

  iterations:        82662
  simTime   :    1.6852599388381823E-004
  wallClock :    1350.7353601289999     
      field |       total density
          1 |    1.2803707626E+03

  iterations:        83860
  simTime   :    1.7096839959227937E-004
  wallClock :    1370.9319559480000     
      field |       total density
          1 |    1.2803707753E+03

  iterations:        85058
  simTime   :    1.7341080530074052E-004
  wallClock :    1390.7733512130001     
      field |       total density
          1 |    1.2803707861E+03

  iterations:        86256
  simTime   :    1.7585321100920166E-004
  wallClock :    1411.5317964710000     
      field |       total density
          1 |    1.2803707951E+03

  iterations:        87454
  simTime   :    1.7829561671766280E-004
  wallClock :    1431.0854492900000     
      field |       total density
          1 |    1.2803708028E+03

  iterations:        88652
  simTime   :    1.8073802242612395E-004
  wallClock :    1450.9943634609999     
      field |       total density
          1 |    1.2803708092E+03

  iterations:        89850
  simTime   :    1.8318042813458509E-004
  wallClock :    1470.9194830520000     
      field |       total density
          1 |    1.2803708147E+03

  iterations:        91048
  simTime   :    1.8562283384304624E-004
  wallClock :    1491.0989580160001     
      field |       total density
          1 |    1.2803708193E+03

  iterations:        92246
  simTime   :    1.8806523955150738E-004
  wallClock :    1511.5000333480000     
      field |       total density
          1 |    1.2803708231E+03

  iterations:        93444
  simTime   :    1.9050764525996853E-004
  wallClock :    1532.3635168680000     
      field |       total density
          1 |    1.2803708264E+03

  iterations:        94642
  simTime   :    1.9295005096842967E-004
  wallClock :    1553.0634703660000     
      field |       total density
          1 |    1.2803708291E+03

  iterations:        95840
  simTime   :    1.9539245667689082E-004
  wallClock :    1573.6133395500001     
      field |       total density
          1 |    1.2803708315E+03

  iterations:        97038
  simTime   :    1.9783486238535196E-004
  wallClock :    1593.7262491140000     
      field |       total density
          1 |    1.2803708334E+03

  iterations:        98236
  simTime   :    2.0027726809381311E-004
  wallClock :    1613.5687184210001     
      field |       total density
          1 |    1.2803708351E+03

  iterations:        99434
  simTime   :    2.0271967380227425E-004
  wallClock :    1633.4254770600000     
      field |       total density
          1 |    1.2803708365E+03

  iterations:       100632
  simTime   :    2.0516207951073540E-004
  wallClock :    1653.3968539540001     
      field |       total density
          1 |    1.2803708376E+03

  iterations:       101830
  simTime   :    2.0760448521919654E-004
  wallClock :    1673.8453393889999     
      field |       total density
          1 |    1.2803708386E+03

  iterations:       103028
  simTime   :    2.1004689092765769E-004
  wallClock :    1694.4047312900000     
      field |       total density
          1 |    1.2803708394E+03

  iterations:       104226
  simTime   :    2.1248929663611883E-004
  wallClock :    1714.9118564050000     
      field |       total density
          1 |    1.2803708402E+03

  iterations:       105424
  simTime   :    2.1493170234457998E-004
  wallClock :    1735.5429856170001     
      field |       total density
          1 |    1.2803708407E+03

  iterations:       106622
  simTime   :    2.1737410805304112E-004
  wallClock :    1756.1022622160001     
      field |       total density
          1 |    1.2803708412E+03

  iterations:       107820
  simTime   :    2.1981651376150226E-004
  wallClock :    1776.4947659500001     
      field |       total density
          1 |    1.2803708417E+03

  iterations:       109018
  simTime   :    2.2225891946996341E-004
  wallClock :    1796.6434432399999     
      field |       total density
          1 |    1.2803708420E+03

  iterations:       110216
  simTime   :    2.2470132517842455E-004
  wallClock :    1816.8099593360000     
      field |       total density
          1 |    1.2803708423E+03

  iterations:       111414
  simTime   :    2.2714373088688570E-004
  wallClock :    1836.7254496090000     
      field |       total density
          1 |    1.2803708426E+03

  iterations:       112612
  simTime   :    2.2958613659534684E-004
  wallClock :    1856.9148056890001     
      field |       total density
          1 |    1.2803708428E+03

  iterations:       113810
  simTime   :    2.3202854230380799E-004
  wallClock :    1877.3712512029999     
      field |       total density
          1 |    1.2803708430E+03

  iterations:       115008
  simTime   :    2.3447094801226913E-004
  wallClock :    1897.3878866970001     
      field |       total density
          1 |    1.2803708431E+03

  iterations:       116206
  simTime   :    2.3691335372073028E-004
  wallClock :    1916.9820879030001     
      field |       total density
          1 |    1.2803708433E+03

  iterations:       117404
  simTime   :    2.3935575942919142E-004
  wallClock :    1936.9818841770000     
      field |       total density
          1 |    1.2803708434E+03

  iterations:       118602
  simTime   :    2.4179816513765257E-004
  wallClock :    1957.4721818989999     
      field |       total density
          1 |    1.2803708435E+03

ADAPTIVE_FLUX_PRESSURE iter=119750 target_lattice= 6.9748043809647912E-004 controlled_lattice= 6.9748043809646709E-004 relative_error= 1.7254453970685274E-014 rho_boundary= 7.1302311770540371E-003 pressure_pa= 2.4153734548348762E+004 max_lattice_velocity= 1.1601463217669375E-003 minimum_pdf= 1.9737262238962749E-004 globBC_count=223
  iterations:       119800
  simTime   :    2.4424057084611371E-004
  wallClock :    1978.0333701150000     
      field |       total density
          1 |    1.2803708435E+03

  iterations:       120998
  simTime   :    2.4668297655457486E-004
  wallClock :    1998.0138341909999     
      field |       total density
          1 |    1.2803708436E+03

  iterations:       122196
  simTime   :    2.4912538226303600E-004
  wallClock :    2018.8648469580000     
      field |       total density
          1 |    1.2803708436E+03

  iterations:       123394
  simTime   :    2.5156778797149715E-004
  wallClock :    2038.6456649039999     
      field |       total density
          1 |    1.2803708437E+03

  iterations:       124592
  simTime   :    2.5401019367995829E-004
  wallClock :    2058.8612356100002     
      field |       total density
          1 |    1.2803708437E+03

  iterations:       125790
  simTime   :    2.5645259938841944E-004
  wallClock :    2079.4280825149999     
      field |       total density
          1 |    1.2803708438E+03

  iterations:       126988
  simTime   :    2.5889500509688058E-004
  wallClock :    2100.1664934129999     
      field |       total density
          1 |    1.2803708438E+03

  iterations:       128186
  simTime   :    2.6133741080534172E-004
  wallClock :    2120.3493040970002     
      field |       total density
          1 |    1.2803708438E+03

  iterations:       129384
  simTime   :    2.6377981651380287E-004
  wallClock :    2141.0777175700000     
      field |       total density
          1 |    1.2803708438E+03

  iterations:       130582
  simTime   :    2.6622222222226401E-004
  wallClock :    2161.9900790289998     
      field |       total density
          1 |    1.2803708439E+03

  iterations:       131780
  simTime   :    2.6866462793072516E-004
  wallClock :    2186.3571184359998     
      field |       total density
          1 |    1.2803708439E+03

  iterations:       132978
  simTime   :    2.7110703363918630E-004
  wallClock :    2208.1439245609999     
      field |       total density
          1 |    1.2803708439E+03

  iterations:       134176
  simTime   :    2.7354943934764745E-004
  wallClock :    2228.7621821490002     
      field |       total density
          1 |    1.2803708439E+03

  iterations:       135374
  simTime   :    2.7599184505610859E-004
  wallClock :    2249.1086786060000     
      field |       total density
          1 |    1.2803708439E+03

  iterations:       136572
  simTime   :    2.7843425076456974E-004
  wallClock :    2269.9096378919999     
      field |       total density
          1 |    1.2803708439E+03

  iterations:       137770
  simTime   :    2.8087665647303088E-004
  wallClock :    2290.4727931329999     
      field |       total density
          1 |    1.2803708439E+03

  iterations:       138968
  simTime   :    2.8331906218149203E-004
  wallClock :    2311.0031828609999     
      field |       total density
          1 |    1.2803708439E+03

  iterations:       140166
  simTime   :    2.8576146788995317E-004
  wallClock :    2331.1134371140001     
      field |       total density
          1 |    1.2803708439E+03

  iterations:       141364
  simTime   :    2.8820387359841432E-004
  wallClock :    2351.0725640589999     
      field |       total density
          1 |    1.2803708439E+03

  iterations:       142562
  simTime   :    2.9064627930687546E-004
  wallClock :    2371.2207170900001     
      field |       total density
          1 |    1.2803708439E+03

  iterations:       143760
  simTime   :    2.9308868501533661E-004
  wallClock :    2391.2716191200002     
      field |       total density
          1 |    1.2803708439E+03

  iterations:       144958
  simTime   :    2.9553109072379775E-004
  wallClock :    2411.6694917350001     
      field |       total density
          1 |    1.2803708439E+03

  iterations:       146156
  simTime   :    2.9797349643225890E-004
  wallClock :    2432.4216353460001     
      field |       total density
          1 |    1.2803708439E+03

  iterations:       147354
  simTime   :    3.0041590214072004E-004
  wallClock :    2452.7577848719998     
      field |       total density
          1 |    1.2803708439E+03

  iterations:       148552
  simTime   :    3.0285830784918118E-004
  wallClock :    2474.2556904560001     
      field |       total density
          1 |    1.2803708439E+03

  iterations:       149750
  simTime   :    3.0530071355764233E-004
  wallClock :    2495.5557845779999     
      field |       total density
          1 |    1.2803708439E+03

  iterations:       150948
  simTime   :    3.0774311926610347E-004
  wallClock :    2514.6947156800002     
      field |       total density
          1 |    1.2803708439E+03

  iterations:       152146
  simTime   :    3.1018552497456462E-004
  wallClock :    2534.0456463700002     
      field |       total density
          1 |    1.2803708439E+03

  iterations:       153344
  simTime   :    3.1262793068302576E-004
  wallClock :    2553.2381939219999     
      field |       total density
          1 |    1.2803708439E+03

  iterations:       154542
  simTime   :    3.1507033639148691E-004
  wallClock :    2572.3228732440002     
      field |       total density
          1 |    1.2803708439E+03

  iterations:       155740
  simTime   :    3.1751274209994805E-004
  wallClock :    2591.5664514310001     
      field |       total density
          1 |    1.2803708439E+03

  iterations:       156938
  simTime   :    3.1995514780840920E-004
  wallClock :    2609.9998529340000     
      field |       total density
          1 |    1.2803708439E+03

  iterations:       158136
  simTime   :    3.2239755351687034E-004
  wallClock :    2628.8290700269999     
      field |       total density
          1 |    1.2803708439E+03

  iterations:       159334
  simTime   :    3.2483995922533149E-004
  wallClock :    2647.2672094810000     
      field |       total density
          1 |    1.2803708439E+03

  iterations:       160532
  simTime   :    3.2728236493379263E-004
  wallClock :    2665.8308982260000     
      field |       total density
          1 |    1.2803708439E+03

  iterations:       161730
  simTime   :    3.2972477064225378E-004
  wallClock :    2684.0330075769998     
      field |       total density
          1 |    1.2803708439E+03

  iterations:       162928
  simTime   :    3.3216717635071492E-004
  wallClock :    2702.2467885540000     
      field |       total density
          1 |    1.2803708439E+03

  iterations:       164126
  simTime   :    3.3460958205917607E-004
  wallClock :    2720.5629874000001     
      field |       total density
          1 |    1.2803708439E+03

  iterations:       165324
  simTime   :    3.3705198776763721E-004
  wallClock :    2738.9018495519999     
      field |       total density
          1 |    1.2803708439E+03

  iterations:       166522
  simTime   :    3.3949439347609836E-004
  wallClock :    2757.5257924429998     
      field |       total density
          1 |    1.2803708439E+03

  iterations:       167720
  simTime   :    3.4193679918455950E-004
  wallClock :    2776.7037226460002     
      field |       total density
          1 |    1.2803708439E+03

  iterations:       168918
  simTime   :    3.4437920489302064E-004
  wallClock :    2795.4940615539999     
      field |       total density
          1 |    1.2803708439E+03

  iterations:       170116
  simTime   :    3.4682161060148179E-004
  wallClock :    2814.9707560850002     
      field |       total density
          1 |    1.2803708439E+03

  iterations:       171314
  simTime   :    3.4926401630994293E-004
  wallClock :    2834.2883922589999     
      field |       total density
          1 |    1.2803708439E+03

  iterations:       172512
  simTime   :    3.5170642201840408E-004
  wallClock :    2853.3904605030002     
      field |       total density
          1 |    1.2803708439E+03

  iterations:       173710
  simTime   :    3.5414882772686522E-004
  wallClock :    2871.8530806509998     
      field |       total density
          1 |    1.2803708439E+03

  iterations:       174908
  simTime   :    3.5659123343532637E-004
  wallClock :    2890.1943206520000     
      field |       total density
          1 |    1.2803708439E+03

  iterations:       176106
  simTime   :    3.5903363914378751E-004
  wallClock :    2908.3837007830002     
      field |       total density
          1 |    1.2803708439E+03

  iterations:       177304
  simTime   :    3.6147604485224866E-004
  wallClock :    2926.8416930039998     
      field |       total density
          1 |    1.2803708439E+03

  iterations:       178502
  simTime   :    3.6391845056070980E-004
  wallClock :    2945.2851028999999     
      field |       total density
          1 |    1.2803708439E+03

ADAPTIVE_FLUX_PRESSURE iter=179625 target_lattice= 6.9748043809647912E-004 controlled_lattice= 6.9748043809647370E-004 relative_error= 7.7722765633717461E-015 rho_boundary= 7.1302311822104125E-003 pressure_pa= 2.4153734565816041E+004 max_lattice_velocity= 1.1601463213833478E-003 minimum_pdf= 1.9737262253262831E-004 globBC_count=223
  iterations:       179700
  simTime   :    3.6636085626917095E-004
  wallClock :    2964.7710441539998     
      field |       total density
          1 |    1.2803708439E+03

  iterations:       180898
  simTime   :    3.6880326197763209E-004
  wallClock :    2984.0863453150000     
      field |       total density
          1 |    1.2803708439E+03

  iterations:       182096
  simTime   :    3.7124566768609324E-004
  wallClock :    3002.4034336089999     
      field |       total density
          1 |    1.2803708439E+03

  iterations:       183294
  simTime   :    3.7368807339455438E-004
  wallClock :    3020.6655796639998     
      field |       total density
          1 |    1.2803708439E+03

  iterations:       184492
  simTime   :    3.7613047910301553E-004
  wallClock :    3038.9215948340002     
      field |       total density
          1 |    1.2803708439E+03

  iterations:       185690
  simTime   :    3.7857288481147667E-004
  wallClock :    3056.9118772239999     
      field |       total density
          1 |    1.2803708439E+03

  iterations:       186888
  simTime   :    3.8101529051993782E-004
  wallClock :    3075.2039954170000     
      field |       total density
          1 |    1.2803708439E+03

  iterations:       188086
  simTime   :    3.8345769622839896E-004
  wallClock :    3093.4127667319999     
      field |       total density
          1 |    1.2803708439E+03

  iterations:       189284
  simTime   :    3.8590010193686010E-004
  wallClock :    3111.6072694720001     
      field |       total density
          1 |    1.2803708439E+03

  iterations:       190482
  simTime   :    3.8834250764532125E-004
  wallClock :    3130.4324462820000     
      field |       total density
          1 |    1.2803708439E+03

  iterations:       191680
  simTime   :    3.9078491335378239E-004
  wallClock :    3149.0904135629999     
      field |       total density
          1 |    1.2803708439E+03

  iterations:       192878
  simTime   :    3.9322731906224354E-004
  wallClock :    3167.6577734580001     
      field |       total density
          1 |    1.2803708439E+03

  iterations:       194076
  simTime   :    3.9566972477070468E-004
  wallClock :    3186.3238211150001     
      field |       total density
          1 |    1.2803708439E+03

  iterations:       195274
  simTime   :    3.9811213047916583E-004
  wallClock :    3204.9774818330002     
      field |       total density
          1 |    1.2803708439E+03

  iterations:       196472
  simTime   :    4.0055453618762697E-004
  wallClock :    3223.6823720329999     
      field |       total density
          1 |    1.2803708439E+03

  iterations:       197670
  simTime   :    4.0299694189608812E-004
  wallClock :    3242.3029072849999     
      field |       total density
          1 |    1.2803708439E+03

  iterations:       198868
  simTime   :    4.0543934760454926E-004
  wallClock :    3260.8536024629998     
      field |       total density
          1 |    1.2803708439E+03

  iterations:       200066
  simTime   :    4.0788175331301041E-004
  wallClock :    3279.1084350130000     
      field |       total density
          1 |    1.2803708439E+03

  iterations:       201264
  simTime   :    4.1032415902147155E-004
  wallClock :    3297.5150906280001     
      field |       total density
          1 |    1.2803708439E+03

  iterations:       202462
  simTime   :    4.1276656472993270E-004
  wallClock :    3315.6811571459998     
      field |       total density
          1 |    1.2803708439E+03

  iterations:       203660
  simTime   :    4.1520897043839384E-004
  wallClock :    3333.9946771840000     
      field |       total density
          1 |    1.2803708439E+03

  iterations:       204858
  simTime   :    4.1765137614685499E-004
  wallClock :    3352.2403181420000     
      field |       total density
          1 |    1.2803708439E+03

  iterations:       206056
  simTime   :    4.2009378185531613E-004
  wallClock :    3370.5747634770000     
      field |       total density
          1 |    1.2803708439E+03

  iterations:       207254
  simTime   :    4.2253618756377728E-004
  wallClock :    3388.7388572499999     
      field |       total density
          1 |    1.2803708439E+03

  iterations:       208452
  simTime   :    4.2497859327223842E-004
  wallClock :    3406.9100295250000     
      field |       total density
          1 |    1.2803708439E+03

  iterations:       209650
  simTime   :    4.2742099898069956E-004
  wallClock :    3425.3680441470001     
      field |       total density
          1 |    1.2803708439E+03

  iterations:       210848
  simTime   :    4.2986340468916071E-004
  wallClock :    3443.6233003319999     
      field |       total density
          1 |    1.2803708439E+03

  iterations:       212046
  simTime   :    4.3230581039762185E-004
  wallClock :    3462.5971259930002     
      field |       total density
          1 |    1.2803708439E+03

  iterations:       213244
  simTime   :    4.3474821610608300E-004
  wallClock :    3482.3860156189999     
      field |       total density
          1 |    1.2803708439E+03

  iterations:       214442
  simTime   :    4.3719062181454414E-004
  wallClock :    3502.8969473369998     
      field |       total density
          1 |    1.2803708439E+03

  iterations:       215640
  simTime   :    4.3963302752300529E-004
  wallClock :    3522.6695655710000     
      field |       total density
          1 |    1.2803708439E+03

  iterations:       216838
  simTime   :    4.4207543323146643E-004
  wallClock :    3541.4690945220000     
      field |       total density
          1 |    1.2803708439E+03

  iterations:       218036
  simTime   :    4.4451783893992758E-004
  wallClock :    3560.5839552490002     
      field |       total density
          1 |    1.2803708439E+03

  iterations:       219234
  simTime   :    4.4696024464838872E-004
  wallClock :    3579.5466691639999     
      field |       total density
          1 |    1.2803708439E+03

  iterations:       220432
  simTime   :    4.4940265035684987E-004
  wallClock :    3598.6250232809998     
      field |       total density
          1 |    1.2803708439E+03

  iterations:       221630
  simTime   :    4.5184505606531101E-004
  wallClock :    3617.4116586989999     
      field |       total density
          1 |    1.2803708439E+03

  iterations:       222828
  simTime   :    4.5428746177377216E-004
  wallClock :    3636.1993321499999     
      field |       total density
          1 |    1.2803708439E+03

  iterations:       224026
  simTime   :    4.5672986748223330E-004
  wallClock :    3654.8441971640000     
      field |       total density
          1 |    1.2803708439E+03

  iterations:       225224
  simTime   :    4.5917227319069445E-004
  wallClock :    3673.6718791310000     
      field |       total density
          1 |    1.2803708439E+03

  iterations:       226422
  simTime   :    4.6161467889915559E-004
  wallClock :    3692.9376848950001     
      field |       total density
          1 |    1.2803708439E+03

  iterations:       227620
  simTime   :    4.6405708460761674E-004
  wallClock :    3712.0935932140001     
      field |       total density
          1 |    1.2803708439E+03

  iterations:       228818
  simTime   :    4.6649949031607788E-004
  wallClock :    3731.1616455080002     
      field |       total density
          1 |    1.2803708439E+03

  iterations:       230016
  simTime   :    4.6894189602453902E-004
  wallClock :    3750.0943780510001     
      field |       total density
          1 |    1.2803708439E+03

  iterations:       231214
  simTime   :    4.7138430173300017E-004
  wallClock :    3770.1717799690000     
      field |       total density
          1 |    1.2803708439E+03

  iterations:       232412
  simTime   :    4.7382670744146131E-004
  wallClock :    3791.9063138319998     
      field |       total density
          1 |    1.2803708439E+03

  iterations:       233610
  simTime   :    4.7626911314992246E-004
  wallClock :    3811.0634749060000     
      field |       total density
          1 |    1.2803708439E+03

  iterations:       234808
  simTime   :    4.7871151885838360E-004
  wallClock :    3829.8886905300001     
      field |       total density
          1 |    1.2803708439E+03

  iterations:       236006
  simTime   :    4.8115392456684475E-004
  wallClock :    3848.6881088810001     
      field |       total density
          1 |    1.2803708439E+03

  iterations:       237204
  simTime   :    4.8359633027530589E-004
  wallClock :    3867.5983568940001     
      field |       total density
          1 |    1.2803708439E+03

  iterations:       238402
  simTime   :    4.8603873598376704E-004
  wallClock :    3886.6942685700001     
      field |       total density
          1 |    1.2803708439E+03

ADAPTIVE_FLUX_PRESSURE iter=239500 target_lattice= 6.9748043809647912E-004 controlled_lattice= 6.9748043809646817E-004 relative_error= 1.5699998658010927E-014 rho_boundary= 7.1302311822116259E-003 pressure_pa= 2.4153734565820152E+004 max_lattice_velocity= 1.1601463213831336E-003 minimum_pdf= 1.9737262253266216E-004 globBC_count=223
  Writing restart at:
  iterations:       239502
  simTime   :    4.8828134556582652E-004
  wallClock :    3903.5076410960000     
 Done writing

SUCCESSFUL run!
 Status of the simulation now:
 +--------------------------------------------+
 STATUS:
  * Reached maximal number of iterations
 +--------------------------------------------+

  iterations:       239502
  simTime   :    4.8828134556582652E-004
  wallClock :    3903.5076410960000     
      field |       total density
          1 |    1.2803708439E+03

--------------------------------------------------------------------------------
 Load balance evaluation:
  max CPU cost:   3841.23 (s)
  ave CPU cost:   3791.39 (s)
 imbalance (i.e. max/ave):    101.31%
--------------------------------------------------------------------------------
--------------------------------------------------------------------------------
Boundary timing information:
        wall, min time:   593.11, max time:   851.52
   outlet_02, min time:     1.94, max time:    25.13
   outlet_03, min time:     0.37, max time:    25.02
       inlet, min time:    44.75, max time:   431.44
   outlet_01, min time:     0.43, max time:    17.90
--------------------------------------------------------------------------------
Name:	musubi_adaptive
Umask:	0022
State:	R (running)
Tgid:	369
Ngid:	0
Pid:	369
PPid:	364
TracerPid:	0
Uid:	1000	1000	1000	1000
Gid:	1000	1000	1000	1000
FDSize:	64
Groups:	4 24 27 30 46 100 1000 1001
NStgid:	369
NSpid:	369
NSpgid:	369
NSsid:	338
Kthread:	0
VmPeak:	  448184 kB
VmSize:	  415400 kB
VmLck:	       0 kB
VmPin:	       0 kB
VmHWM:	  129052 kB
VmRSS:	  101984 kB
RssAnon:	   85856 kB
RssFile:	   15936 kB
RssShmem:	     192 kB
VmData:	  103704 kB
VmStk:	     172 kB
VmExe:	    7440 kB
VmLib:	   10244 kB
VmPTE:	     328 kB
VmSwap:	       0 kB
HugetlbPages:	       0 kB
CoreDumping:	0
THP_enabled:	1
untag_mask:	0xffffffffffffffff
Threads:	3
SigQ:	1/31177
SigPnd:	0000000000000000
ShdPnd:	0000000000000000
SigBlk:	0000000000000000
SigIgn:	0000000000000000
SigCgt:	00000001418004fc
CapInh:	0000000000000000
CapPrm:	0000000000000000
CapEff:	0000000000000000
CapBnd:	000001ffffffffff
CapAmb:	0000000000000000
NoNewPrivs:	0
Seccomp:	2
Seccomp_filters:	1
Speculation_Store_Bypass:	thread vulnerable
SpeculationIndirectBranch:	conditional enabled
Cpus_allowed:	000003
Cpus_allowed_list:	0-1
Mems_allowed:	00000000,00000000,00000000,00000000,00000000,00000000,00000000,00000000,00000000,00000000,00000000,00000000,000000
Mems_allowed_list:	0
voluntary_ctxt_switches:	877
nonvoluntary_ctxt_switches:	3625

 Done with Musubi in    3903.71 s
ADAPTIVE_FLUX_PRESSURE iter=239502 target_lattice= 6.9748043809647912E-004 controlled_lattice= 6.9748043809646730E-004 relative_error= 1.6943562908150404E-014 rho_boundary= 7.1302311822116250E-003 pressure_pa= 2.4153734565820145E+004 max_lattice_velocity= 1.1601463213831069E-003 minimum_pdf= 1.9737262253266219E-004 globBC_count=223
