Welcome to vast.ai. If authentication fails, try again after a few seconds, and double check your ssh key.
Have fun!
AI agents: READ /etc/vast-agents-guide.md (also linked as ./AGENTS.md) before acting on or describing this instance: it is the operating guide. ('vast-capabilities' shows live state only, not the guide.)
{"name": "environment_0", "exit_code": 0, "timeout": false, "wall_time_s": 0.0006921020103618503}
{"name": "environment_1", "exit_code": 0, "timeout": false, "wall_time_s": 0.0022935420274734497}
{"name": "environment_2", "exit_code": 0, "timeout": false, "wall_time_s": 0.0018195180455222726}
{"name": "environment_3", "exit_code": 0, "timeout": false, "wall_time_s": 0.001978675019927323}
{"name": "environment_4", "exit_code": 0, "timeout": false, "wall_time_s": 0.0018425208982080221}
{"name": "environment_5", "exit_code": 0, "timeout": false, "wall_time_s": 0.0105053570587188}
{"name": "environment_6", "exit_code": 0, "timeout": false, "wall_time_s": 0.002646082080900669}
{"name": "environment_7", "exit_code": 0, "timeout": false, "wall_time_s": 0.0022829819936305285}
{"name": "environment_8", "exit_code": 0, "timeout": false, "wall_time_s": 0.0020266850478947163}
{"name": "environment_9", "exit_code": 0, "timeout": false, "wall_time_s": 0.002075796015560627}
{"name": "environment_10", "exit_code": 0, "timeout": false, "wall_time_s": 0.001798318000510335}
{"name": "launcher_ldd", "exit_code": 0, "timeout": false, "wall_time_s": 0.004429972963407636}
{"name": "mpi_hello_compile", "exit_code": 0, "timeout": false, "wall_time_s": 0.033793834038078785}
{"name": "mpi_hello_ldd", "exit_code": 0, "timeout": false, "wall_time_s": 0.003917214926332235}
{"name": "gpu_snapshot", "exit_code": 0, "timeout": false, "wall_time_s": 0.12420718395151198}
{"name": "cuda_version", "exit_code": 0, "timeout": false, "wall_time_s": 0.002242417074739933}
{"name": "direct_true", "exit_code": 0, "timeout": false, "wall_time_s": 0.00954351108521223}
{"name": "direct_hostname", "exit_code": 0, "timeout": false, "wall_time_s": 0.0006412869552150369}
