Welcome to vast.ai. If authentication fails, try again after a few seconds, and double check your ssh key.
Have fun!
AI agents: READ /etc/vast-agents-guide.md (also linked as ./AGENTS.md) before acting on or describing this instance: it is the operating guide. ('vast-capabilities' shows live state only, not the guide.)
{"command": ["./configure", "--prefix=/workspace/formal_3D_flow_solver_FEM_SimVascular_lzy/sv1_3g/external/gpu_mpi", "--disable-mpi-fortran", "--disable-oshmem", "--with-hwloc=internal", "--with-libevent=internal", "--with-pmix=internal", "--without-cuda", "--without-ucx", "--without-ofi", "--without-verbs"], "cwd": "/workspace/formal_3D_flow_solver_FEM_SimVascular_lzy/sv1_3g/external/openmpi-4.1.6", "exit_code": 0, "wall_time_s": 56.84474739897996, "log": "logs/mpi_fallback_configure.log"}
{"command": ["make", "-j8"], "cwd": "/workspace/formal_3D_flow_solver_FEM_SimVascular_lzy/sv1_3g/external/openmpi-4.1.6", "exit_code": 0, "wall_time_s": 79.76044373307377, "log": "logs/mpi_fallback_make.log"}
{"command": ["make", "install"], "cwd": "/workspace/formal_3D_flow_solver_FEM_SimVascular_lzy/sv1_3g/external/openmpi-4.1.6", "exit_code": 0, "wall_time_s": 25.054323212010786, "log": "logs/mpi_fallback_install.log"}
{"name": "local_mpi_compile", "exit_code": 0, "timeout": false, "wall_time_s": 0.072239784989506}
{"name": "local_mpi_singleton", "exit_code": 0, "timeout": false, "wall_time_s": 0.26438029401469976}
{"name": "local_rank1_1", "exit_code": 0, "timeout": false, "wall_time_s": 0.31449001701548696}
{"name": "local_rank1_2", "exit_code": 0, "timeout": false, "wall_time_s": 0.21510431705974042}
{"name": "local_rank1_3", "exit_code": 0, "timeout": false, "wall_time_s": 0.2660784049658105}
{"name": "local_rank1_4", "exit_code": 0, "timeout": false, "wall_time_s": 0.21534986700862646}
{"name": "local_rank1_5", "exit_code": 0, "timeout": false, "wall_time_s": 0.3155094310641289}
{"name": "local_rank2", "exit_code": 0, "timeout": false, "wall_time_s": 0.26484172604978085}
{"name": "local_mpiexec_ldd", "exit_code": 0, "timeout": false, "wall_time_s": 0.008297040942125022}
{"name": "local_mpicc_ldd", "exit_code": 0, "timeout": false, "wall_time_s": 0.0077770010102540255}
{"name": "local_mpicxx_ldd", "exit_code": 0, "timeout": false, "wall_time_s": 0.007737637031823397}
{"name": "local_hello_ldd", "exit_code": 0, "timeout": false, "wall_time_s": 0.007659691968001425}
{"name": "local_ompi_info", "exit_code": 0, "timeout": false, "wall_time_s": 0.02478222199715674}
{"name": "local_cc_version", "exit_code": 0, "timeout": false, "wall_time_s": 0.0014370830031111836}
{"name": "local_runtime_version", "exit_code": 0, "timeout": false, "wall_time_s": 0.0035887010162696242}
{"name": "verified_wrapper", "exit_code": 0, "timeout": false, "wall_time_s": 0.2151403350289911}
