Welcome to vast.ai. If authentication fails, try again after a few seconds, and double check your ssh key.
Have fun!
AI agents: READ /etc/vast-agents-guide.md (also linked as ./AGENTS.md) before acting on or describing this instance: it is the operating guide. ('vast-capabilities' shows live state only, not the guide.)
{"name": "environment_0", "exit_code": 0, "timeout": false, "wall_time_s": 0.001887173973955214}
{"name": "environment_1", "exit_code": 0, "timeout": false, "wall_time_s": 0.0016028829850256443}
{"name": "environment_2", "exit_code": 0, "timeout": false, "wall_time_s": 0.015833406010642648}
{"name": "environment_3", "exit_code": 0, "timeout": false, "wall_time_s": 0.001548492000438273}
{"name": "environment_4", "exit_code": 0, "timeout": false, "wall_time_s": 0.001407387899234891}
{"name": "environment_5", "exit_code": 0, "timeout": false, "wall_time_s": 0.0014149019261822104}
{"name": "environment_6", "exit_code": 0, "timeout": false, "wall_time_s": 0.003461552900262177}
{"name": "environment_7", "exit_code": 0, "timeout": false, "wall_time_s": 0.0034748789621517062}
{"name": "environment_8", "exit_code": 0, "timeout": false, "wall_time_s": 0.003544920007698238}
{"name": "environment_9", "exit_code": 0, "timeout": false, "wall_time_s": 0.0035499189980328083}
{"name": "environment_10", "exit_code": 0, "timeout": false, "wall_time_s": 0.003534459974616766}
{"name": "launcher_ldd", "exit_code": 0, "timeout": false, "wall_time_s": 0.007581676938571036}
{"name": "mpi_hello_compile", "exit_code": 0, "timeout": false, "wall_time_s": 0.06420930800959468}
{"name": "mpi_hello_ldd", "exit_code": 0, "timeout": false, "wall_time_s": 0.007897156057879329}
{"name": "gpu_snapshot", "exit_code": 0, "timeout": false, "wall_time_s": 0.164625592995435}
{"name": "cuda_version", "exit_code": 0, "timeout": false, "wall_time_s": 0.0037246349966153502}
{"name": "direct_true", "exit_code": 0, "timeout": false, "wall_time_s": 0.0015667849220335484}
{"name": "direct_hostname", "exit_code": 0, "timeout": false, "wall_time_s": 0.0017191499937325716}
{"name": "direct_singleton", "exit_code": -9, "timeout": true, "wall_time_s": 10.001867966959253}
{"name": "default_true", "exit_code": 1, "timeout": false, "wall_time_s": 0.003783794934861362}
{"name": "default_hostname", "exit_code": 1, "timeout": false, "wall_time_s": 0.00369757495354861}
{"name": "default_hello", "exit_code": 1, "timeout": false, "wall_time_s": 0.003676215070299804}
{"name": "root_true", "exit_code": -9, "timeout": true, "wall_time_s": 10.002249924000353}
{"name": "root_hello", "exit_code": -9, "timeout": true, "wall_time_s": 10.001936275977641}
{"name": "mpi_help", "exit_code": 0, "timeout": false, "wall_time_s": 0.03270675102248788}
{"name": "no_binding", "exit_code": -9, "timeout": true, "wall_time_s": 10.001845807069913}
{"name": "mpi_components", "exit_code": 0, "timeout": false, "wall_time_s": 0.31517627800349146}
{"name": "minimal_transport", "exit_code": -9, "timeout": true, "wall_time_s": 10.002605792949907}
{"name": "restricted_environment_0", "exit_code": 0, "timeout": false, "wall_time_s": 0.016381760011427104}
{"name": "restricted_environment_1", "exit_code": 0, "timeout": false, "wall_time_s": 0.0017156039830297232}
{"name": "restricted_environment_2", "exit_code": 0, "timeout": false, "wall_time_s": 0.001598936039954424}
{"name": "restricted_environment_3", "exit_code": 0, "timeout": false, "wall_time_s": 0.003811386995948851}
{"name": "restricted_environment_4", "exit_code": 0, "timeout": false, "wall_time_s": 0.0015428309561684728}
{"name": "restricted_environment_5", "exit_code": 0, "timeout": false, "wall_time_s": 0.0036318410420790315}
{"name": "restricted_environment_6", "exit_code": 0, "timeout": false, "wall_time_s": 0.0035582849523052573}
{"name": "restricted_environment_7", "exit_code": 0, "timeout": false, "wall_time_s": 0.001514978939667344}
{"name": "tmpdir", "exit_code": -9, "timeout": true, "wall_time_s": 10.001914217020385}
{"name": "launcher_strace", "exit_code": -9, "timeout": true, "wall_time_s": 10.010872267070226}
