Welcome to vast.ai. If authentication fails, try again after a few seconds, and double check your ssh key.
Have fun!
AI agents: READ /etc/vast-agents-guide.md (also linked as ./AGENTS.md) before acting on or describing this instance: it is the operating guide. ('vast-capabilities' shows live state only, not the guide.)
{"name": "plain_precompile", "exit_code": 0, "timeout": false, "wall_time_s": 0.031887258985079825}
{"name": "plain_predirect", "exit_code": 0, "timeout": false, "wall_time_s": 0.0031616430496796966}
{"name": "plain_prempiexec", "exit_code": 0, "timeout": false, "wall_time_s": 0.16556052898522466}
{"name": "mpi_hello_precompile", "exit_code": 0, "timeout": false, "wall_time_s": 0.06447999400552362}
{"name": "mpi_hello_predirect", "exit_code": 0, "timeout": false, "wall_time_s": 0.31595278601162136}
{"name": "mpi_hello_prempiexec", "exit_code": 0, "timeout": false, "wall_time_s": 0.26566259702667594}
START petsc_configure_help
END petsc_configure_help exit=0
START petsc_configure
END petsc_configure exit=0
START petsc_make
END petsc_make exit=2
ved in the next major release [-Wdeprecated-declarations]
 4716 |                                     pruneInfo_t              info,
      |                                     ^~~~~~~~~~~
/usr/local/cuda/include/cusparse.h:4750:37: warning: 'pruneInfo_t' is deprecated: The type will be removed in the next major release [-Wdeprecated-declarations]
 4750 |                                     pruneInfo_t              info,
      |                                     ^~~~~~~~~~~
/usr/local/cuda/include/cusparse.h:4765:37: warning: 'pruneInfo_t' is deprecated: The type will be removed in the next major release [-Wdeprecated-declarations]
 4765 |                                     pruneInfo_t              info,
      |                                     ^~~~~~~~~~~
/usr/local/cuda/include/cusparse.h:4807:36: warning: 'pruneInfo_t' is deprecated: The type will be removed in the next major release [-Wdeprecated-declarations]
 4807 |                                    pruneInfo_t              info,
      |                                    ^~~~~~~~~~~
/usr/local/cuda/include/cusparse.h:4826:36: warning: 'pruneInfo_t' is deprecated: The type will be removed in the next major release [-Wdeprecated-declarations]
 4826 |                                    pruneInfo_t              info,
      |                                    ^~~~~~~~~~~
/usr/local/cuda/include/cusparse.h:4866:37: warning: 'pruneInfo_t' is deprecated: The type will be removed in the next major release [-Wdeprecated-declarations]
 4866 |                                     pruneInfo_t              info,
      |                                     ^~~~~~~~~~~
/usr/local/cuda/include/cusparse.h:4884:37: warning: 'pruneInfo_t' is deprecated: The type will be removed in the next major release [-Wdeprecated-declarations]
 4884 |                                     pruneInfo_t              info,
      |                                     ^~~~~~~~~~~
/usr/local/cuda/include/cusparse.h:4924:35: warning: 'pruneInfo_t' is deprecated: The type will be removed in the next major release [-Wdeprecated-declarations]
 4924 |                                   pruneInfo_t              info,
      |                                   ^~~~~~~~~~~
/usr/local/cuda/include/cusparse.h:4942:35: warning: 'pruneInfo_t' is deprecated: The type will be removed in the next major release [-Wdeprecated-declarations]
 4942 |                                   pruneInfo_t              info,
      |                                   ^~~~~~~~~~~
/usr/local/cuda/include/cusparse.h:6176:27: warning: 'cusparseSpMMOpPlan_t' is deprecated: The type will be removed in the next major release [-Wdeprecated-declarations]
 6176 |                           cusparseSpMMOpPlan_t*     plan,
      |                           ^~~~~~~~~~~~~~~~~~~~
/usr/local/cuda/include/cusparse.h:6183:27: warning: 'cusparseSpMMOpAlg_t' is deprecated: The enum will be removed in the next major release [-Wdeprecated-declarations]
 6183 |                           cusparseSpMMOpAlg_t       alg,
      |                           ^~~~~~~~~~~~~~~~~~~
/usr/local/cuda/include/cusparse.h:6169:14: note: declared here
 6169 | typedef enum {
      |              ^
/usr/local/cuda/include/cusparse.h:6194:1: warning: 'cusparseSpMMOpPlan_t' is deprecated: The type will be removed in the next major release [-Wdeprecated-declarations]
 6194 | cusparseSpMMOp(cusparseSpMMOpPlan_t plan,
      | ^~~~~~~~~~~~~~
/usr/local/cuda/include/cusparse.h:6199:1: warning: 'cusparseSpMMOpPlan_t' is deprecated: The type will be removed in the next major release [-Wdeprecated-declarations]
 6199 | cusparseSpMMOp_destroyPlan(cusparseSpMMOpPlan_t plan);
      | ^~~~~~~~~~~~~~~~~~~~~~~~~~
        CXX arch-sv13g-cuda/obj/sys/objects/device/interface/dcontext.o
        CXX arch-sv13g-cuda/obj/sys/objects/device/interface/mark_dcontext.o
      CUDAC arch-sv13g-cuda/obj/sys/classes/random/impls/curand/curand2.o
/workspace/formal_3D_flow_solver_FEM_SimVascular_lzy/sv1_3g/external/petsc-3.19.6-cuda-clean/src/sys/classes/random/impls/curand/curand2.cu(23): error: namespace "thrust" has no member class "unary_function"
  struct realscalelw : public thrust::unary_function<PetscReal, PetscReal> {
                                      ^

/workspace/formal_3D_flow_solver_FEM_SimVascular_lzy/sv1_3g/external/petsc-3.19.6-cuda-clean/src/sys/classes/random/impls/curand/curand2.cu(23): error: class or struct definition is missing
  struct realscalelw : public thrust::unary_function<PetscReal, PetscReal> {
                                                    ^

/workspace/formal_3D_flow_solver_FEM_SimVascular_lzy/sv1_3g/external/petsc-3.19.6-cuda-clean/src/sys/classes/random/impls/curand/curand2.cu(29): warning #12-D: parsing restarts here after previous syntax error
  };
   ^

Remark: The warnings can be suppressed with "-diag-suppress <warning-number>"

/workspace/formal_3D_flow_solver_FEM_SimVascular_lzy/sv1_3g/external/petsc-3.19.6-cuda-clean/src/sys/classes/random/impls/curand/curand2.cu(47): error: too many initializer values
      thrust::transform(pval, pval + n, pval, realscalelw(rl, rw));
                                                          ^

3 errors detected in the compilation of "/workspace/formal_3D_flow_solver_FEM_SimVascular_lzy/sv1_3g/external/petsc-3.19.6-cuda-clean/src/sys/classes/random/impls/curand/curand2.cu".
gmake[3]: *** [gmakefile:207: arch-sv13g-cuda/obj/sys/classes/random/impls/curand/curand2.o] Error 2
gmake[2]: *** [/workspace/formal_3D_flow_solver_FEM_SimVascular_lzy/sv1_3g/external/petsc-3.19.6-cuda-clean/lib/petsc/conf/rules.doc:28: libs] Error 2
**************************ERROR*************************************
  Error during compile, check arch-sv13g-cuda/lib/petsc/conf/make.log
  Send it and arch-sv13g-cuda/lib/petsc/conf/configure.log to petsc-maint@mcs.anl.gov
********************************************************************
gmake[1]: *** [makefile:45: all] Error 1
make: *** [GNUmakefile:9: all] Error 2

