WSL source hashes verified
{"log_dir": "/workspace/formal_3D_flow_solver_FEM_lzy/logs/stage01_7/20260917T230431_547497285_adaptive_production", "returncode": 0, "wall_time_s": 11.190981424995698}
inlet trial_00 H 5e-07 triangles 226 geometry PASS quality PASS
inlet trial_01 H 6.249999999999999e-07 triangles 206 geometry PASS quality PASS
inlet trial_02 H 7.812499999999999e-07 triangles 196 geometry PASS quality PASS
inlet trial_03 H 9.765625e-07 triangles 196 geometry PASS quality PASS
inlet trial_04 H 1.220703125e-06 triangles 196 geometry PASS quality PASS
inlet trial_05 H 1.52587890625e-06 triangles 196 geometry PASS quality PASS
inlet trial_06 H 1.9073486328125e-06 triangles 196 geometry PASS quality PASS
inlet trial_07 H 2.384185791015625e-06 triangles 196 geometry PASS quality PASS
outlet_01 trial_00 H 5e-07 triangles 184 geometry PASS quality PASS
outlet_01 trial_01 H 6.249999999999999e-07 triangles 174 geometry PASS quality PASS
outlet_01 trial_02 H 7.812499999999999e-07 triangles 168 geometry PASS quality PASS
outlet_01 trial_03 H 9.765625e-07 triangles 172 geometry PASS quality PASS
outlet_01 trial_04 H 1.220703125e-06 triangles 172 geometry PASS quality PASS
outlet_01 trial_05 H 1.52587890625e-06 triangles 172 geometry PASS quality PASS
outlet_01 trial_06 H 1.9073486328125e-06 triangles 172 geometry PASS quality PASS
outlet_01 trial_07 H 2.3712457657144856e-06 triangles 172 geometry PASS quality PASS
outlet_02 trial_00 H 5e-07 triangles 160 geometry PASS quality PASS
outlet_02 trial_01 H 6.249999999999999e-07 triangles 154 geometry PASS quality PASS
outlet_02 trial_02 H 7.812499999999999e-07 triangles 152 geometry PASS quality PASS
outlet_02 trial_03 H 9.765625e-07 triangles 150 geometry PASS quality PASS
outlet_02 trial_04 H 1.220703125e-06 triangles 150 geometry PASS quality PASS
outlet_02 trial_05 H 1.52587890625e-06 triangles 150 geometry PASS quality PASS
outlet_02 trial_06 H 1.9073486328125e-06 triangles 150 geometry PASS quality PASS
outlet_02 trial_07 H 2.3439535628679765e-06 triangles 150 geometry PASS quality PASS
outlet_03 trial_00 H 5e-07 triangles 175 geometry PASS quality PASS
outlet_03 trial_01 H 6.249999999999999e-07 triangles 165 geometry PASS quality PASS
outlet_03 trial_02 H 7.812499999999999e-07 triangles 165 geometry PASS quality PASS
outlet_03 trial_03 H 9.765625e-07 triangles 163 geometry PASS quality PASS
outlet_03 trial_04 H 1.220703125e-06 triangles 161 geometry PASS quality PASS
outlet_03 trial_05 H 1.52587890625e-06 triangles 161 geometry PASS quality PASS
outlet_03 trial_06 H 1.9073486328125e-06 triangles 161 geometry PASS quality PASS
outlet_03 trial_07 H 2.384185791015625e-06 triangles 161 geometry PASS quality PASS
Info    : Meshing 1D...
Info    : Done meshing 1D (Wall 1.87301e-06s, CPU 2e-06s)
Info    : Meshing 2D...
Info    : Done meshing 2D (Wall 1.606e-05s, CPU 1.6e-05s)
Info    : Meshing 3D...
Info    : 3D Meshing 1 volume with 1 connected component
Info    : Tetrahedrizing 33875 nodes...
Info    : Done tetrahedrizing 33883 nodes (Wall 0.385301s, CPU 0.381303s)
Info    : Reconstructing mesh...
Info    :  - Creating surface mesh
Info    :  - Identifying boundary edges
Info    :  - Recovering boundary
Info    : Done reconstructing mesh (Wall 0.755044s, CPU 0.719076s)
Info    : Found volume 1
Info    : It. 0 - 0 nodes created - worst tet radius 11.8494 (nodes removed 0 0)
Info    : It. 500 - 487 nodes created - worst tet radius 2.5985 (nodes removed 0 13)
Info    : It. 1000 - 983 nodes created - worst tet radius 2.14256 (nodes removed 0 17)
Info    : It. 1500 - 1478 nodes created - worst tet radius 1.881 (nodes removed 1 21)
Info    : It. 2000 - 1978 nodes created - worst tet radius 1.6869 (nodes removed 1 21)
Info    : It. 2500 - 2474 nodes created - worst tet radius 1.55168 (nodes removed 1 25)
Info    : It. 3000 - 2974 nodes created - worst tet radius 1.45664 (nodes removed 1 25)
Info    : It. 3500 - 3472 nodes created - worst tet radius 1.38295 (nodes removed 2 26)
Info    : It. 4000 - 3970 nodes created - worst tet radius 1.32044 (nodes removed 4 26)
Info    : It. 4500 - 4467 nodes created - worst tet radius 1.2649 (nodes removed 7 26)
Info    : It. 5000 - 4963 nodes created - worst tet radius 1.22319 (nodes removed 11 26)
Info    : It. 5500 - 5457 nodes created - worst tet radius 1.1855 (nodes removed 15 28)
Info    : It. 6000 - 5949 nodes created - worst tet radius 1.15503 (nodes removed 23 28)
Info    : It. 6500 - 6447 nodes created - worst tet radius 1.12584 (nodes removed 24 29)
Info    : It. 7000 - 6944 nodes created - worst tet radius 1.10015 (nodes removed 27 29)
Info    : It. 7500 - 7442 nodes created - worst tet radius 1.07551 (nodes removed 29 29)
Info    : It. 8000 - 7939 nodes created - worst tet radius 1.05461 (nodes removed 32 29)
Info    : It. 8500 - 8433 nodes created - worst tet radius 1.03288 (nodes removed 38 29)
Info    : It. 9000 - 8933 nodes created - worst tet radius 1.0131 (nodes removed 38 29)
Info    : 3D refinement terminated (43178 nodes total):
Info    :  - 1 Delaunay cavities modified for star shapeness
Info    :  - 71 nodes could not be inserted
Info    :  - 151733 tetrahedra created in 0.539116 sec. (281447 tets/s)
Info    : 11 node relocations
Info    : Done meshing 3D (Wall 1.8836s, CPU 1.8476s)
Info    : Optimizing mesh...
Info    : Optimizing volume 1
Info    : Optimization starts (volume = 1.46068e-15) with worst = 0.000527506 / average = 0.666208:
Info    : 0.00 < quality < 0.10 :       646 elements
Info    : 0.10 < quality < 0.20 :      1436 elements
Info    : 0.20 < quality < 0.30 :      2285 elements
Info    : 0.30 < quality < 0.40 :      3834 elements
Info    : 0.40 < quality < 0.50 :     10016 elements
Info    : 0.50 < quality < 0.60 :     31007 elements
Info    : 0.60 < quality < 0.70 :     38929 elements
Info    : 0.70 < quality < 0.80 :     30012 elements
Info    : 0.80 < quality < 0.90 :     23386 elements
Info    : 0.90 < quality < 1.00 :     10182 elements
Info    : 4215 edge swaps, 126 node relocations (volume = 1.46068e-15): worst = 0.00722058 / average = 0.681172 (Wall 0.0342335s, CPU 0.034234s)
Info    : 4279 edge swaps, 132 node relocations (volume = 1.46068e-15): worst = 0.00966524 / average = 0.681347 (Wall 0.0414167s, CPU 0.041417s)
Info    : 4281 edge swaps, 134 node relocations (volume = 1.46068e-15): worst = 0.00966524 / average = 0.68135 (Wall 0.0479918s, CPU 0.047993s)
Info    : No ill-shaped tets in the mesh :-)
Info    : 0.00 < quality < 0.10 :         4 elements
Info    : 0.10 < quality < 0.20 :         7 elements
Info    : 0.20 < quality < 0.30 :        46 elements
Info    : 0.30 < quality < 0.40 :      3782 elements
Info    : 0.40 < quality < 0.50 :     10017 elements
Info    : 0.50 < quality < 0.60 :     30732 elements
Info    : 0.60 < quality < 0.70 :     38666 elements
Info    : 0.70 < quality < 0.80 :     30778 elements
Info    : 0.80 < quality < 0.90 :     23636 elements
Info    : 0.90 < quality < 1.00 :     10277 elements
Info    : Done optimizing mesh (Wall 0.129042s, CPU 0.129003s)
Info    : 43178 nodes 215694 elements
Info    : Writing '/workspace/formal_3D_flow_solver_FEM_lzy/outputs/stage01_7/iteration_00/mesh/fluid.msh'...
Info    : Done writing '/workspace/formal_3D_flow_solver_FEM_lzy/outputs/stage01_7/iteration_00/mesh/fluid.msh'
Info    : Reading '/workspace/formal_3D_flow_solver_FEM_lzy/outputs/stage01_7/iteration_00/mesh/fluid.msh'...
Info    : 6 entities
Info    : 43178 nodes
Info    : 215694 elements
Info    : Done reading '/workspace/formal_3D_flow_solver_FEM_lzy/outputs/stage01_7/iteration_00/mesh/fluid.msh'
iteration_00 tetra 147948 cost 1.0038969060587344 1.0025682900880266 low 3 0 {'decision': 'ACCEPT', 'termination_reason': 'FIRST_FEASIBLE_ACCEPTED', 'changed_port': None, 'stop': True}
Optimizer stopped: FIRST_FEASIBLE_ACCEPTED selected: iteration_00


