Traceback (most recent call last):
  File "/workspace/formal_3D_flow_solver_FEM_lzy/scripts/remesh_stage015_caps.py", line 80, in <module>
    write_json(base/'qc/surface_invariants.json',record)
  File "/workspace/formal_3D_flow_solver_FEM_lzy/src/fem3d/audit.py", line 28, in write_json
    path.write_text(json.dumps(data, indent=2, ensure_ascii=False, allow_nan=False) + "\n")
                    ^^^^^^^^^^^^^^^^^^^^^^^^^^^^^^^^^^^^^^^^^^^^^^^^^^^^^^^^^^^^^^^
  File "/workspace/formal_3D_flow_solver_FEM_lzy/remote/.env/lib/python3.12/json/__init__.py", line 238, in dumps
    **kw).encode(obj)
          ^^^^^^^^^^^
  File "/workspace/formal_3D_flow_solver_FEM_lzy/remote/.env/lib/python3.12/json/encoder.py", line 202, in encode
    chunks = list(chunks)
             ^^^^^^^^^^^^
  File "/workspace/formal_3D_flow_solver_FEM_lzy/remote/.env/lib/python3.12/json/encoder.py", line 432, in _iterencode
    yield from _iterencode_dict(o, _current_indent_level)
  File "/workspace/formal_3D_flow_solver_FEM_lzy/remote/.env/lib/python3.12/json/encoder.py", line 406, in _iterencode_dict
    yield from chunks
  File "/workspace/formal_3D_flow_solver_FEM_lzy/remote/.env/lib/python3.12/json/encoder.py", line 406, in _iterencode_dict
    yield from chunks
  File "/workspace/formal_3D_flow_solver_FEM_lzy/remote/.env/lib/python3.12/json/encoder.py", line 406, in _iterencode_dict
    yield from chunks
  [Previous line repeated 2 more times]
  File "/workspace/formal_3D_flow_solver_FEM_lzy/remote/.env/lib/python3.12/json/encoder.py", line 439, in _iterencode
    o = _default(o)
        ^^^^^^^^^^^
  File "/workspace/formal_3D_flow_solver_FEM_lzy/remote/.env/lib/python3.12/json/encoder.py", line 180, in default
    raise TypeError(f'Object of type {o.__class__.__name__} '
TypeError: Object of type bool is not JSON serializable
