Exported particle8_anim_01_real_single_mb_entry.mp4 150 frames
Exported particle8_anim_02_real_mixed_inlet_smoke.mp4 160 frames
Exported particle8_anim_03_synthetic_open_section_lifecycle.mp4 225 frames
Exported particle8_anim_04_restart_continuity.mp4 170 frames
Traceback (most recent call last):
  File "/home/lzy/projects/ulm_particle_3d_particle0/particle_3d/scripts/render_particle8.py", line 12, in <module>
    if not a.figures_only:export_animations(a.output,a.animations)
                          ~~~~~~~~~~~~~~~~~^^^^^^^^^^^^^^^^^^^^^^^
  File "/home/lzy/projects/ulm_particle_3d_particle0/particle_3d/src/particle_3d/particle8_visuals.py", line 275, in export_animations
    view=ReplayView(output,idx);schedule=frame_schedule(idx,output/'data');name=ANIMATIONS[idx-1]
  File "/home/lzy/projects/ulm_particle_3d_particle0/particle_3d/src/particle_3d/particle8_visuals.py", line 102, in __init__
    else:self.init_flux()
         ~~~~~~~~~~~~~~^^
  File "/home/lzy/projects/ulm_particle_3d_particle0/particle_3d/src/particle_3d/particle8_visuals.py", line 235, in init_flux
    area=np.array([abs(np.cross(v[1]-v[0],v[2]-v[0]))/2 for v in self.xy])
                       ~~~~~~~~^^^^^^^^^^^^^^^^^^^^^
  File "/home/lzy/projects/formal_3D_flow_solver/FEM_SimVascular/.venv/lib/python3.13/site-packages/numpy/_core/numeric.py", line 1680, in cross
    raise ValueError(
    ...<2 lines>...
    )
ValueError: Both input arrays must be (arrays of) 3-dimensional vectors, but they are 2 and 2 dimensional instead.
