+++++++++++++++++++++++++++++++++++++++++++++++++++++++++++++++++++++++++++++++++++++++++++
The version of PETSc you are using is out-of-date, we recommend updating to the new release
 Available Version: 3.25.5   Installed Version: 3.19.6
https://petsc.org/release/download/
+++++++++++++++++++++++++++++++++++++++++++++++++++++++++++++++++++++++++++++++++++++++++++
=============================================================================================
                         Configuring PETSc to compile on your system
=============================================================================================
TESTING: configureExternalPackagesDir from config.framework(config/BuildSystem/config/framework.py:1070)
TESTING: configureDebuggers from config.utilities.debuggers(config/BuildSystem/config/utilities/debuggers.py:20)
TESTING: configureDirectories from PETSc.options.petscdir(config/PETSc/options/petscdir.py:22)
TESTING: getDatafilespath from PETSc.options.dataFilesPath(config/PETSc/options/dataFilesPath.py:29)
TESTING: configureGit from config.sourceControl(config/BuildSystem/config/sourceControl.py:24)
TESTING: configureMercurial from config.sourceControl(config/BuildSystem/config/sourceControl.py:35)
TESTING: configureInstallationMethod from PETSc.options.petscclone(config/PETSc/options/petscclone.py:20)
TESTING: setNativeArchitecture from PETSc.options.arch(config/PETSc/options/arch.py:29)
TESTING: configureArchitecture from PETSc.options.arch(config/PETSc/options/arch.py:42)
TESTING: setInstallDir from PETSc.options.installDir(config/PETSc/options/installDir.py:31)
TESTING: saveReconfigure from PETSc.options.installDir(config/PETSc/options/installDir.py:76)
TESTING: cleanConfDir from PETSc.options.installDir(config/PETSc/options/installDir.py:68)
TESTING: configureInstallDir from PETSc.options.installDir(config/PETSc/options/installDir.py:52)
TESTING: restoreReconfigure from PETSc.options.installDir(config/PETSc/options/installDir.py:90)
TESTING: setExternalPackagesDir from PETSc.options.externalpackagesdir(config/PETSc/options/externalpackagesdir.py:15)
TESTING: cleanExternalpackagesDir from PETSc.options.externalpackagesdir(config/PETSc/options/externalpackagesdir.py:23)
TESTING: configureCLanguage from PETSc.options.languages(config/PETSc/options/languages.py:28)
TESTING: resetEnvCompilers from config.setCompilers(config/BuildSystem/config/setCompilers.py:2696)
=============================================================================================
                                     ***** WARNING *****
  Found environment variable: CC=/usr/bin/gcc-12. Ignoring it, since its also set on
  command line
=============================================================================================
=============================================================================================
                                     ***** WARNING *****
  Found environment variable: CXX=/usr/bin/g++-12. Ignoring it, since its also set on
  command line
=============================================================================================
=============================================================================================
                                     ***** WARNING *****
  Found environment variable: FC=/usr/bin/gfortran-12. Ignoring it, since its also set on
  command line
=============================================================================================
TESTING: checkEnvCompilers from config.setCompilers(config/BuildSystem/config/setCompilers.py:2713)
TESTING: checkMPICompilerOverride from config.setCompilers(config/BuildSystem/config/setCompilers.py:2666)
TESTING: requireMpiLdPath from config.setCompilers(config/BuildSystem/config/setCompilers.py:2687)
TESTING: checkInitialFlags from config.setCompilers(config/BuildSystem/config/setCompilers.py:725)
TESTING: checkCCompiler from config.setCompilers(config/BuildSystem/config/setCompilers.py:1419)
TESTING: checkCPreprocessor from config.setCompilers(config/BuildSystem/config/setCompilers.py:1462)
TESTING: checkCxxCompiler from config.setCompilers(config/BuildSystem/config/setCompilers.py:1744)
TESTING: checkDeviceHostCompiler from config.setCompilers(config/BuildSystem/config/setCompilers.py:751)
TESTING: checkCxxDialect from config.setCompilers(config/BuildSystem/config/setCompilers.py:773)
TESTING: checkCxxPreprocessor from config.setCompilers(config/BuildSystem/config/setCompilers.py:1780)
TESTING: checkCUDACompiler from config.setCompilers(config/BuildSystem/config/setCompilers.py:1499)

*********************************************************************************************
           UNABLE to CONFIGURE with GIVEN OPTIONS (see configure.log for details):
---------------------------------------------------------------------------------------------
  CUDA compiler you provided with
  -with-cudac=/workspace/formal_3D_flow_solver_FEM_SimVascular_lzy/sv1_3j/external/compat_cuda/cuda-12.3.2/bin/nvcc
  cannot be found or does not work.
  Cannot compile CUDA with
  /workspace/formal_3D_flow_solver_FEM_SimVascular_lzy/sv1_3j/external/compat_cuda/cuda-12.3.2/bin/nvcc.
*********************************************************************************************

