Executing: uname -s
stdout: Linux
=============================================================================================
                         Configuring PETSc to compile on your system
=============================================================================================

================================================================================
================================================================================
Starting configure run at Sat, 19 Sep 2026 15:21:47 +0000
Configure Options: --configModules=PETSc.Configure --optionsModule=config.compilerOptions --prefix=/workspace/formal_3D_flow_solver_FEM_SimVascular_lzy/sv1_3l/external/compat_cuda/petsc-cuda123-mpif PETSC_ARCH=arch-sv13l-cuda123-mpif --with-cc=/workspace/formal_3D_flow_solver_FEM_SimVascular_lzy/sv1_3l/external/gpu_mpi_fortran/bin/mpicc --with-cxx=/workspace/formal_3D_flow_solver_FEM_SimVascular_lzy/sv1_3l/external/gpu_mpi_fortran/bin/mpicxx --with-mpiexec=/workspace/formal_3D_flow_solver_FEM_SimVascular_lzy/sv1_3l/scripts/run_gpu_mpi_fortran.sh --with-fc=0 --with-fortran-bindings=0 --with-debugging=0 --with-shared-libraries=1 --with-scalar-type=real --with-precision=double --with-64-bit-indices=0 --with-blaslapack-lib="[/workspace/formal_3D_flow_solver_FEM_SimVascular_lzy/sv1_3j/external/compat_cuda/system-lib/liblapack.so,/workspace/formal_3D_flow_solver_FEM_SimVascular_lzy/sv1_3j/external/compat_cuda/system-lib/libblas.so]" --with-x=0 --with-cuda=1 --with-cudac=/workspace/formal_3D_flow_solver_FEM_SimVascular_lzy/sv1_3j/external/compat_cuda/cuda-12.3.2/bin/nvcc --with-cuda-include=/workspace/formal_3D_flow_solver_FEM_SimVascular_lzy/sv1_3j/external/compat_cuda/cuda-12.3.2/include --with-cuda-lib="[/workspace/formal_3D_flow_solver_FEM_SimVascular_lzy/sv1_3j/external/compat_cuda/cuda-12.3.2/lib64/libcudart.so,/workspace/formal_3D_flow_solver_FEM_SimVascular_lzy/sv1_3j/external/compat_cuda/cuda-12.3.2/lib64/libcufft.so,/workspace/formal_3D_flow_solver_FEM_SimVascular_lzy/sv1_3j/external/compat_cuda/cuda-12.3.2/lib64/libcublas.so,/workspace/formal_3D_flow_solver_FEM_SimVascular_lzy/sv1_3j/external/compat_cuda/cuda-12.3.2/lib64/libcusparse.so,/workspace/formal_3D_flow_solver_FEM_SimVascular_lzy/sv1_3j/external/compat_cuda/cuda-12.3.2/lib64/libcusolver.so,/workspace/formal_3D_flow_solver_FEM_SimVascular_lzy/sv1_3j/external/compat_cuda/cuda-12.3.2/lib64/libcurand.so,/workspace/formal_3D_flow_solver_FEM_SimVascular_lzy/sv1_3j/external/compat_cuda/cuda-12.3.2/lib64/libnvToolsExt.so]" --with-cuda-arch=89 --with-cxx-dialect=C++17 --with-cuda-dialect=C++17 --with-hip=0 --with-opencl=0
Working directory: /workspace/formal_3D_flow_solver_FEM_SimVascular_lzy/sv1_3l/external/compat_cuda/petsc-3.19.6-cuda123-mpif
Machine platform:
uname_result(system='Linux', node='f7c62a262077', release='5.15.0-190-generic', version='#200-Ubuntu SMP Fri Aug 7 15:06:04 UTC 2026', machine='x86_64')
Python version:
3.12.3 (main, Jul 15 2026, 23:46:41) [GCC 13.3.0]
================================================================================
  Environmental variables
PETSC_OPTIONS=-use_gpu_aware_mpi 0
PWD=/workspace/formal_3D_flow_solver_FEM_SimVascular_lzy/sv1_3l/external/compat_cuda/petsc-3.19.6-cuda123-mpif
LOGNAME=root
CXX=/usr/bin/g++-12
HOME=/root
LANG=C.UTF-8
CUDA_VISIBLE_DEVICES=0
USER=root
OMPI_CC=/usr/bin/gcc-12
SHLVL=0
LD_LIBRARY_PATH=/workspace/formal_3D_flow_solver_FEM_SimVascular_lzy/sv1_3j/external/compat_cuda/cuda-12.3.2/lib64:/workspace/formal_3D_flow_solver_FEM_SimVascular_lzy/sv1_3l/external/gpu_mpi_fortran/lib
OMP_NUM_THREADS=1
FC=/usr/bin/gfortran-12
LC_ALL=C
CUDA_HOME=/workspace/formal_3D_flow_solver_FEM_SimVascular_lzy/sv1_3j/external/compat_cuda/cuda-12.3.2
PATH=/workspace/formal_3D_flow_solver_FEM_SimVascular_lzy/sv1_3j/external/compat_cuda/cuda-12.3.2/bin:/workspace/formal_3D_flow_solver_FEM_SimVascular_lzy/sv1_3l/external/gpu_mpi_fortran/bin:/usr/bin:/bin
CC=/usr/bin/gcc-12
OMPI_CXX=/usr/bin/g++-12
    Files in path provided by default path
      /workspace/formal_3D_flow_solver_FEM_SimVascular_lzy/sv1_3j/external/compat_cuda/cuda-12.3.2/bin: cuda-gdb cuda-gdbserver nvdisasm nvprof compute-sanitizer nsight_ee_plugins_manage.sh ncu-ui ncu nsys nsys-ui nsight-sys computeprof nvvp cuobjdump cu++filt nvlink cudafe++ bin2c ptxas nvcc __nvcc_device_query nvcc.profile fatbinary crt nvprune cuda-uninstaller
      /workspace/formal_3D_flow_solver_FEM_SimVascular_lzy/sv1_3l/external/gpu_mpi_fortran/bin: opal_wrapper orte-clean orted orterun ortecc orte-info orte-server mpirun mpiexec ompi-clean ompi-server profile2mat.pl aggregate_profile.pl ompi_info mpicc mpic++ mpicxx mpifort mpif77 mpif90 mpiCC
      /usr/bin: [ addpart apt apt-cache apt-cdrom apt-config apt-get apt-key apt-mark arch awk b2sum base32 base64 basename basenc bash bashbug captoinfo cat chage chattr chcon chfn chgrp chmod choom chown chrt chsh cksum clear clear_console cmp comm cp csplit cut dash date dd deb-systemd-helper deb-systemd-invoke debconf debconf-apt-progress debconf-communicate debconf-copydb debconf-escape debconf-set-selections debconf-show delpart df diff diff3 dir dircolors dirname dmesg dnsdomainname domainname dpkg dpkg-deb dpkg-divert dpkg-maintscript-helper dpkg-query dpkg-realpath dpkg-split dpkg-statoverride dpkg-trigger du echo egrep env expand expiry expr factor faillog fallocate false fgrep find findmnt flock fmt fold free getconf getent getopt gpasswd gpgv grep groups gunzip gzexe gzip hardlink head hostid hostname i386 iconv id infocmp infotocap install ionice ipcmk ipcrm ipcs ischroot join kill last lastb lastlog ld.so ldd link linux32 linux64 ln locale locale-check localedef logger login logname ls lsattr lsblk lscpu lsipc lslocks lslogins lsmem lsns man mawk mcookie md5sum md5sum.textutils mesg mkdir mkfifo mknod mktemp more mount mountpoint mv namei nawk newgrp nice nisdomainname nl nohup nproc nsenter numfmt od pager partx passwd paste pathchk perl perl5.38.2 pgrep pidof pidwait pinky pkill pldd pmap pr printenv printf prlimit ps ptx pwd pwdx rbash readlink realpath rename.ul renice reset resizepart rev rgrep rm rmdir run-parts runcon savelog script scriptlive scriptreplay sdiff sed select-editor sensible-browser sensible-editor sensible-pager sensible-terminal seq setarch setpriv setsid setterm sg sh sha1sum sha224sum sha256sum sha384sum sha512sum shred shuf skill slabtop sleep snice sort split stat stdbuf stty su sum sync tabs tac tail tar taskset tee tempfile test tic timeout tload toe top touch tput tr true truncate tset tsort tty tzselect uclampset umount uname uncompress unexpand uniq unlink unminimize unshare update-alternatives uptime users utmpdump vdir vmstat w wall watch wc wdctl whereis which which.debianutils who whoami x86_64 xargs yes ypdomainname zcat zcmp zdiff zdump zegrep zfgrep zforce zgrep zless zmore znew nvidia-cuda-mps-control nvidia-cuda-mps-server nvidia-debugdump nvidia-persistenced nvidia-smi x86_64-linux-gnu-gfortran-13 gfortran-13 shmemc++ shmemcc shmemcxx shmemfort shmemrun mpirun x86_64-linux-gnu-gcc-ranlib-12 mpicc mpic++ mpiCC mpif77 mpifort h5c++.openmpi h5pcc.openmpi h5pcc x86_64-linux-gnu-cpp-12 x86_64-linux-gnu-gcov-dump-12 x86_64-linux-gnu-lto-dump-12 gcc-12 gcc-ar-12 gcc-nm-12 gcov-12 gcov-tool-12 x86_64-linux-gnu-g++-12 x86_64-linux-gnu-gfortran-12 x86_64-linux-gnu-gcc-12 x86_64-linux-gnu-gcc-nm-12 gfortran-12 aggregate_profile mpijavac mpijavac.pl ompi_info opal_wrapper orte-clean orte-info orte-server orted orterun oshmem_info profile2mat mpiCC.openmpi mpic++.openmpi mpicc.openmpi mpicxx.openmpi mpiexec.openmpi mpif77.openmpi mpif90.openmpi mpifort.openmpi mpirun.openmpi ompi-clean ompi-server opalc++ opalcc ortecc oshCC oshc++ oshcc oshcxx oshfort oshrun shmemCC mpiexec mpicxx mpif90 h5pfc.openmpi h5pfc cpp-12 x86_64-linux-gnu-gcov-tool-12 gcc-ranlib-12 gcov-dump-12 lto-dump-12 g++-12 x86_64-linux-gnu-gcc-ar-12 x86_64-linux-gnu-gcov-12 gencat scp sftp ssh ssh-add ssh-agent ssh-argv0 ssh-copy-id ssh-keygen ssh-keyscan slogin tmux 2to3 X11 aclocal aclocal-1.16 acpidbg add-apt-repository apropos apt-add-repository asan_symbolize-16 autoconf autoexpect autoheader autom4te automake automake-1.16 autopasswd autoreconf autoscan autoupdate bc busctl catman chacl chronic clang++-16 clang-16 clang-cpp-16 clinfo cmake col colcrt colrm column combine cpack cpupower crontab cryptdir ctest ctstat curl curl-config cvtsudoers dbus-cleanup-sockets dbus-daemon dbus-monitor dbus-run-session dbus-send dbus-update-activation-environment dbus-uuidgen decryptdir delv derb dh_autotools-dev_restoreconfig dh_autotools-dev_updateconfig dh_installxmlcatalogs dig dislocate dos2unix editor eglgears_wayland eglgears_wayland.x86_64-linux-gnu eglgears_x11 eglgears_x11.x86_64-linux-gnu eglinfo eglinfo.x86_64-linux-gnu egltri_wayland egltri_wayland.x86_64-linux-gnu egltri_x11 egltri_x11.x86_64-linux-gnu eqn errno es2_info es2_info.x86_64-linux-gnu es2gears_wayland es2gears_wayland.x86_64-linux-gnu es2gears_x11 es2gears_x11.x86_64-linux-gnu es2tri es2tri.x86_64-linux-gnu ex expect expect_autoexpect expect_autopasswd expect_cryptdir expect_decryptdir expect_dislocate expect_ftp-rfc expect_kibitz expect_lpunlock expect_mkpasswd expect_multixterm expect_passmass expect_rftp expect_rlogin-cwd expect_timed-read expect_timed-run expect_tknewsbiff expect_tkpasswd expect_unbuffer expect_weather expect_xkibitz expect_xpstat fc-cache fc-cat fc-conflist fc-list fc-match fc-pattern fc-query fc-scan fc-validate ffmpeg ffplay ffprobe file ftp-rfc funzip fuser gapplication gcore gdb gdb-add-index gdbtui gdbus genbrk gencfu gencnval gendict genrb geqn getfacl gio gio-querymodules git git-lfs git-receive-pack git-shell git-upload-archive git-upload-pack glib-compile-schemas glxdemo glxdemo.x86_64-linux-gnu glxgears glxgears.x86_64-linux-gnu glxheads glxinfo glxheads.x86_64-linux-gnu glxinfo.x86_64-linux-gnu gpic gresource groff grog grops grotty gsettings gtbl hd helpztags hexdump host hostnamectl htop icuexportdata icuinfo idle idle-python3.12 ifdata ifnames ifne ip isutf8 journalctl jq kernel-install kibitz killall lcf lckdo less lessecho lessfile lesskey lesspipe lexgrog lft lft.db libpng-config libpng16-config libtoolize lnstat localectl loginctl look lpunlock lsb_release lsof m4 mac2unix makeconv man-recode mandb manpath mdig mispipe multixterm nano nc nc.traditional neqn netcat netstat networkctl ninja nroff nslookup nstat nsupdate nvtop parallel passmass pdb3 pdb3.12 pee peekfd peglgears peglgears.x86_64-linux-gnu perf pic pico ping ping4 ping6 pip pip3 pip3.12 pkaction pkcheck pkg-config pkgconf pkgdata pkttyagent play preconv prtstat pslog pstree pstree.x11 py3clean py3compile py3versions pydoc3 pydoc3.12 pygettext3 pygettext3.12 python3 python3-config python3.12 python3.12-config pzstd qt-faststart rclone rdma rec rlogin-cwd rnano routel rrsync rsync rsync-ssl rtla rtstat rview rvim scalar setfacl soelim sox soxi sponge ss strace strace-log-merge sudo sudoedit sudoreplay systemctl systemd systemd-ac-power systemd-analyze systemd-ask-password systemd-cat systemd-cgls systemd-cgtop systemd-confext systemd-creds systemd-cryptenroll systemd-cryptsetup systemd-delta systemd-detect-virt systemd-escape systemd-firstboot systemd-hwdb systemd-id128 systemd-inhibit systemd-machine-id-setup systemd-mount systemd-notify systemd-path systemd-repart systemd-run systemd-socket-activate systemd-stdio-bridge tbl systemd-sysext systemd-sysusers systemd-tmpfiles systemd-tty-ask-password-agent systemd-umount tclsh8.6 timed-read timed-run timedatectl tknewsbiff tkpasswd traceproto traceproto.db traceroute traceroute-nanog traceroute.db traceroute6 traceroute6.db troff ts turbostat ucf ucfq ucfr uconv udevadm ul unbuffer unix2dos unix2mac unzip unzipsfx unzstd update-mime-database usbip usbipd varlinkctl vi vidir view vim vim.basic vimdiff vimtutor vipe vkcube vkcube-wayland vkcubepp vkgears vkgears.x86_64-linux-gnu vulkaninfo wget whatis write x86_64-linux-gnu-pkg-config x86_64-linux-gnu-pkgconf x86_64-linux-gnu-python3-config x86_64-linux-gnu-python3.12-config x86_energy_perf_policy xeglgears xeglgears.x86_64-linux-gnu xeglthreads xeglthreads.x86_64-linux-gnu xkibitz xml2-config xpstat zip zipcloak zipgrep zipinfo zipnote zipsplit zrun zstd zstdcat zstdgrep zstdless zstdmt bunzip2 bzcat bzcmp bzdiff bzegrep bzfgrep bzgrep bzip2 bzip2recover bzless bzmore c_rehash corelist cpan cpan5.38-x86_64-linux-gnu dirmngr dirmngr-client dpkg-architecture dpkg-buildapi dpkg-buildflags dpkg-buildpackage dpkg-buildtree dpkg-checkbuilddeps dpkg-distaddfile dpkg-genbuildinfo dpkg-genchanges dpkg-gencontrol dpkg-gensymbols dpkg-mergechangelogs dpkg-name dpkg-parsechangelog dpkg-scanpackages dpkg-scansources dpkg-shlibdeps dpkg-source dpkg-vendor enc2xs encguess gpg gpg-agent gpg-connect-agent gpg2 gpgconf gpgparsemail gpgsm gpgsplit gpgtar h2ph h2xs instmodsh json_pp kbxutil libnetcfg lzmainfo openssl perl5.38-x86_64-linux-gnu perlbug perlivp perlthanks piconv pl2pm pod2html pod2man pod2text pod2usage podchecker prove ptar ptardiff ptargrep shasum splain streamzip unxz watchgnupg xsubpp xz xzcat xzcmp xzdiff xzegrep xzfgrep xzgrep xzless xzmore zipdetails addr2line ar as bzexe c++ c++filt c89 c89-gcc c99 c99-gcc cc cpp cpp-13 dwp elfedit g++ g++-13 gcc gcc-13 gcc-ar gcc-ar-13 gcc-nm gcc-nm-13 gcc-ranlib gcc-ranlib-13 gcov gcov-13 gcov-dump gcov-dump-13 gcov-tool gcov-tool-13 gmake gold gp-archive gp-collect-app gp-display-html gp-display-src gp-display-text gprof gprofng ld ld.bfd ld.gold lto-dump lto-dump-13 lzcat lzcmp lzdiff lzegrep lzfgrep lzgrep lzless lzma lzmore make make-first-existing-target nm objcopy objdump patch perldoc ranlib readelf rpcgen size strings strip unlzma x86_64-linux-gnu-addr2line x86_64-linux-gnu-ar x86_64-linux-gnu-as x86_64-linux-gnu-c++filt x86_64-linux-gnu-cpp x86_64-linux-gnu-cpp-13 x86_64-linux-gnu-dwp x86_64-linux-gnu-elfedit x86_64-linux-gnu-g++ x86_64-linux-gnu-g++-13 x86_64-linux-gnu-gcc x86_64-linux-gnu-gcc-13 x86_64-linux-gnu-gcc-ar x86_64-linux-gnu-gcc-ar-13 x86_64-linux-gnu-gcc-nm x86_64-linux-gnu-gcc-nm-13 x86_64-linux-gnu-gcc-ranlib x86_64-linux-gnu-gcc-ranlib-13 x86_64-linux-gnu-gcov x86_64-linux-gnu-gcov-13 x86_64-linux-gnu-gcov-dump x86_64-linux-gnu-gcov-dump-13 x86_64-linux-gnu-gcov-tool x86_64-linux-gnu-gcov-tool-13 x86_64-linux-gnu-gold x86_64-linux-gnu-gp-archive x86_64-linux-gnu-gp-collect-app x86_64-linux-gnu-gp-display-html x86_64-linux-gnu-gp-display-src x86_64-linux-gnu-gp-display-text x86_64-linux-gnu-gprof x86_64-linux-gnu-gprofng x86_64-linux-gnu-ld x86_64-linux-gnu-ld.bfd x86_64-linux-gnu-ld.gold x86_64-linux-gnu-lto-dump x86_64-linux-gnu-lto-dump-13 x86_64-linux-gnu-nm x86_64-linux-gnu-objcopy x86_64-linux-gnu-objdump x86_64-linux-gnu-ranlib x86_64-linux-gnu-readelf x86_64-linux-gnu-size x86_64-linux-gnu-strings x86_64-linux-gnu-strip lspgpot migrate-pubring-from-classic-gpg pinentry pinentry-curses
      /bin: [ addpart apt apt-cache apt-cdrom apt-config apt-get apt-key apt-mark arch awk b2sum base32 base64 basename basenc bash bashbug captoinfo cat chage chattr chcon chfn chgrp chmod choom chown chrt chsh cksum clear clear_console cmp comm cp csplit cut dash date dd deb-systemd-helper deb-systemd-invoke debconf debconf-apt-progress debconf-communicate debconf-copydb debconf-escape debconf-set-selections debconf-show delpart df diff diff3 dir dircolors dirname dmesg dnsdomainname domainname dpkg dpkg-deb dpkg-divert dpkg-maintscript-helper dpkg-query dpkg-realpath dpkg-split dpkg-statoverride dpkg-trigger du echo egrep env expand expiry expr factor faillog fallocate false fgrep find findmnt flock fmt fold free getconf getent getopt gpasswd gpgv grep groups gunzip gzexe gzip hardlink head hostid hostname i386 iconv id infocmp infotocap install ionice ipcmk ipcrm ipcs ischroot join kill last lastb lastlog ld.so ldd link linux32 linux64 ln locale locale-check localedef logger login logname ls lsattr lsblk lscpu lsipc lslocks lslogins lsmem lsns man mawk mcookie md5sum md5sum.textutils mesg mkdir mkfifo mknod mktemp more mount mountpoint mv namei nawk newgrp nice nisdomainname nl nohup nproc nsenter numfmt od pager partx passwd paste pathchk perl perl5.38.2 pgrep pidof pidwait pinky pkill pldd pmap pr printenv printf prlimit ps ptx pwd pwdx rbash readlink realpath rename.ul renice reset resizepart rev rgrep rm rmdir run-parts runcon savelog script scriptlive scriptreplay sdiff sed select-editor sensible-browser sensible-editor sensible-pager sensible-terminal seq setarch setpriv setsid setterm sg sh sha1sum sha224sum sha256sum sha384sum sha512sum shred shuf skill slabtop sleep snice sort split stat stdbuf stty su sum sync tabs tac tail tar taskset tee tempfile test tic timeout tload toe top touch tput tr true truncate tset tsort tty tzselect uclampset umount uname uncompress unexpand uniq unlink unminimize unshare update-alternatives uptime users utmpdump vdir vmstat w wall watch wc wdctl whereis which which.debianutils who whoami x86_64 xargs yes ypdomainname zcat zcmp zdiff zdump zegrep zfgrep zforce zgrep zless zmore znew nvidia-cuda-mps-control nvidia-cuda-mps-server nvidia-debugdump nvidia-persistenced nvidia-smi x86_64-linux-gnu-gfortran-13 gfortran-13 shmemc++ shmemcc shmemcxx shmemfort shmemrun mpirun x86_64-linux-gnu-gcc-ranlib-12 mpicc mpic++ mpiCC mpif77 mpifort h5c++.openmpi h5pcc.openmpi h5pcc x86_64-linux-gnu-cpp-12 x86_64-linux-gnu-gcov-dump-12 x86_64-linux-gnu-lto-dump-12 gcc-12 gcc-ar-12 gcc-nm-12 gcov-12 gcov-tool-12 x86_64-linux-gnu-g++-12 x86_64-linux-gnu-gfortran-12 x86_64-linux-gnu-gcc-12 x86_64-linux-gnu-gcc-nm-12 gfortran-12 aggregate_profile mpijavac mpijavac.pl ompi_info opal_wrapper orte-clean orte-info orte-server orted orterun oshmem_info profile2mat mpiCC.openmpi mpic++.openmpi mpicc.openmpi mpicxx.openmpi mpiexec.openmpi mpif77.openmpi mpif90.openmpi mpifort.openmpi mpirun.openmpi ompi-clean ompi-server opalc++ opalcc ortecc oshCC oshc++ oshcc oshcxx oshfort oshrun shmemCC mpiexec mpicxx mpif90 h5pfc.openmpi h5pfc cpp-12 x86_64-linux-gnu-gcov-tool-12 gcc-ranlib-12 gcov-dump-12 lto-dump-12 g++-12 x86_64-linux-gnu-gcc-ar-12 x86_64-linux-gnu-gcov-12 gencat scp sftp ssh ssh-add ssh-agent ssh-argv0 ssh-copy-id ssh-keygen ssh-keyscan slogin tmux 2to3 X11 aclocal aclocal-1.16 acpidbg add-apt-repository apropos apt-add-repository asan_symbolize-16 autoconf autoexpect autoheader autom4te automake automake-1.16 autopasswd autoreconf autoscan autoupdate bc busctl catman chacl chronic clang++-16 clang-16 clang-cpp-16 clinfo cmake col colcrt colrm column combine cpack cpupower crontab cryptdir ctest ctstat curl curl-config cvtsudoers dbus-cleanup-sockets dbus-daemon dbus-monitor dbus-run-session dbus-send dbus-update-activation-environment dbus-uuidgen decryptdir delv derb dh_autotools-dev_restoreconfig dh_autotools-dev_updateconfig dh_installxmlcatalogs dig dislocate dos2unix editor eglgears_wayland eglgears_wayland.x86_64-linux-gnu eglgears_x11 eglgears_x11.x86_64-linux-gnu eglinfo eglinfo.x86_64-linux-gnu egltri_wayland egltri_wayland.x86_64-linux-gnu egltri_x11 egltri_x11.x86_64-linux-gnu eqn errno es2_info es2_info.x86_64-linux-gnu es2gears_wayland es2gears_wayland.x86_64-linux-gnu es2gears_x11 es2gears_x11.x86_64-linux-gnu es2tri es2tri.x86_64-linux-gnu ex expect expect_autoexpect expect_autopasswd expect_cryptdir expect_decryptdir expect_dislocate expect_ftp-rfc expect_kibitz expect_lpunlock expect_mkpasswd expect_multixterm expect_passmass expect_rftp expect_rlogin-cwd expect_timed-read expect_timed-run expect_tknewsbiff expect_tkpasswd expect_unbuffer expect_weather expect_xkibitz expect_xpstat fc-cache fc-cat fc-conflist fc-list fc-match fc-pattern fc-query fc-scan fc-validate ffmpeg ffplay ffprobe file ftp-rfc funzip fuser gapplication gcore gdb gdb-add-index gdbtui gdbus genbrk gencfu gencnval gendict genrb geqn getfacl gio gio-querymodules git git-lfs git-receive-pack git-shell git-upload-archive git-upload-pack glib-compile-schemas glxdemo glxdemo.x86_64-linux-gnu glxgears glxgears.x86_64-linux-gnu glxheads glxinfo glxheads.x86_64-linux-gnu glxinfo.x86_64-linux-gnu gpic gresource groff grog grops grotty gsettings gtbl hd helpztags hexdump host hostnamectl htop icuexportdata icuinfo idle idle-python3.12 ifdata ifnames ifne ip isutf8 journalctl jq kernel-install kibitz killall lcf lckdo less lessecho lessfile lesskey lesspipe lexgrog lft lft.db libpng-config libpng16-config libtoolize lnstat localectl loginctl look lpunlock lsb_release lsof m4 mac2unix makeconv man-recode mandb manpath mdig mispipe multixterm nano nc nc.traditional neqn netcat netstat networkctl ninja nroff nslookup nstat nsupdate nvtop parallel passmass pdb3 pdb3.12 pee peekfd peglgears peglgears.x86_64-linux-gnu perf pic pico ping ping4 ping6 pip pip3 pip3.12 pkaction pkcheck pkg-config pkgconf pkgdata pkttyagent play preconv prtstat pslog pstree pstree.x11 py3clean py3compile py3versions pydoc3 pydoc3.12 pygettext3 pygettext3.12 python3 python3-config python3.12 python3.12-config pzstd qt-faststart rclone rdma rec rlogin-cwd rnano routel rrsync rsync rsync-ssl rtla rtstat rview rvim scalar setfacl soelim sox soxi sponge ss strace strace-log-merge sudo sudoedit sudoreplay systemctl systemd systemd-ac-power systemd-analyze systemd-ask-password systemd-cat systemd-cgls systemd-cgtop systemd-confext systemd-creds systemd-cryptenroll systemd-cryptsetup systemd-delta systemd-detect-virt systemd-escape systemd-firstboot systemd-hwdb systemd-id128 systemd-inhibit systemd-machine-id-setup systemd-mount systemd-notify systemd-path systemd-repart systemd-run systemd-socket-activate systemd-stdio-bridge tbl systemd-sysext systemd-sysusers systemd-tmpfiles systemd-tty-ask-password-agent systemd-umount tclsh8.6 timed-read timed-run timedatectl tknewsbiff tkpasswd traceproto traceproto.db traceroute traceroute-nanog traceroute.db traceroute6 traceroute6.db troff ts turbostat ucf ucfq ucfr uconv udevadm ul unbuffer unix2dos unix2mac unzip unzipsfx unzstd update-mime-database usbip usbipd varlinkctl vi vidir view vim vim.basic vimdiff vimtutor vipe vkcube vkcube-wayland vkcubepp vkgears vkgears.x86_64-linux-gnu vulkaninfo wget whatis write x86_64-linux-gnu-pkg-config x86_64-linux-gnu-pkgconf x86_64-linux-gnu-python3-config x86_64-linux-gnu-python3.12-config x86_energy_perf_policy xeglgears xeglgears.x86_64-linux-gnu xeglthreads xeglthreads.x86_64-linux-gnu xkibitz xml2-config xpstat zip zipcloak zipgrep zipinfo zipnote zipsplit zrun zstd zstdcat zstdgrep zstdless zstdmt bunzip2 bzcat bzcmp bzdiff bzegrep bzfgrep bzgrep bzip2 bzip2recover bzless bzmore c_rehash corelist cpan cpan5.38-x86_64-linux-gnu dirmngr dirmngr-client dpkg-architecture dpkg-buildapi dpkg-buildflags dpkg-buildpackage dpkg-buildtree dpkg-checkbuilddeps dpkg-distaddfile dpkg-genbuildinfo dpkg-genchanges dpkg-gencontrol dpkg-gensymbols dpkg-mergechangelogs dpkg-name dpkg-parsechangelog dpkg-scanpackages dpkg-scansources dpkg-shlibdeps dpkg-source dpkg-vendor enc2xs encguess gpg gpg-agent gpg-connect-agent gpg2 gpgconf gpgparsemail gpgsm gpgsplit gpgtar h2ph h2xs instmodsh json_pp kbxutil libnetcfg lzmainfo openssl perl5.38-x86_64-linux-gnu perlbug perlivp perlthanks piconv pl2pm pod2html pod2man pod2text pod2usage podchecker prove ptar ptardiff ptargrep shasum splain streamzip unxz watchgnupg xsubpp xz xzcat xzcmp xzdiff xzegrep xzfgrep xzgrep xzless xzmore zipdetails addr2line ar as bzexe c++ c++filt c89 c89-gcc c99 c99-gcc cc cpp cpp-13 dwp elfedit g++ g++-13 gcc gcc-13 gcc-ar gcc-ar-13 gcc-nm gcc-nm-13 gcc-ranlib gcc-ranlib-13 gcov gcov-13 gcov-dump gcov-dump-13 gcov-tool gcov-tool-13 gmake gold gp-archive gp-collect-app gp-display-html gp-display-src gp-display-text gprof gprofng ld ld.bfd ld.gold lto-dump lto-dump-13 lzcat lzcmp lzdiff lzegrep lzfgrep lzgrep lzless lzma lzmore make make-first-existing-target nm objcopy objdump patch perldoc ranlib readelf rpcgen size strings strip unlzma x86_64-linux-gnu-addr2line x86_64-linux-gnu-ar x86_64-linux-gnu-as x86_64-linux-gnu-c++filt x86_64-linux-gnu-cpp x86_64-linux-gnu-cpp-13 x86_64-linux-gnu-dwp x86_64-linux-gnu-elfedit x86_64-linux-gnu-g++ x86_64-linux-gnu-g++-13 x86_64-linux-gnu-gcc x86_64-linux-gnu-gcc-13 x86_64-linux-gnu-gcc-ar x86_64-linux-gnu-gcc-ar-13 x86_64-linux-gnu-gcc-nm x86_64-linux-gnu-gcc-nm-13 x86_64-linux-gnu-gcc-ranlib x86_64-linux-gnu-gcc-ranlib-13 x86_64-linux-gnu-gcov x86_64-linux-gnu-gcov-13 x86_64-linux-gnu-gcov-dump x86_64-linux-gnu-gcov-dump-13 x86_64-linux-gnu-gcov-tool x86_64-linux-gnu-gcov-tool-13 x86_64-linux-gnu-gold x86_64-linux-gnu-gp-archive x86_64-linux-gnu-gp-collect-app x86_64-linux-gnu-gp-display-html x86_64-linux-gnu-gp-display-src x86_64-linux-gnu-gp-display-text x86_64-linux-gnu-gprof x86_64-linux-gnu-gprofng x86_64-linux-gnu-ld x86_64-linux-gnu-ld.bfd x86_64-linux-gnu-ld.gold x86_64-linux-gnu-lto-dump x86_64-linux-gnu-lto-dump-13 x86_64-linux-gnu-nm x86_64-linux-gnu-objcopy x86_64-linux-gnu-objdump x86_64-linux-gnu-ranlib x86_64-linux-gnu-readelf x86_64-linux-gnu-size x86_64-linux-gnu-strings x86_64-linux-gnu-strip lspgpot migrate-pubring-from-classic-gpg pinentry pinentry-curses
=============================================================================================
TESTING: configureExternalPackagesDir from config.framework(/workspace/formal_3D_flow_solver_FEM_SimVascular_lzy/sv1_3l/external/compat_cuda/petsc-3.19.6-cuda123-mpif/config/BuildSystem/config/framework.py:1070)
  Set alternative directory external packages are built in
    serialEvaluation: initial cxxDialectRanges ('c++11', 'c++20')
    serialEvaluation: new cxxDialectRanges ('c++11', 'c++20')
    child config.utilities.macosFirewall took 0.000002 seconds
=============================================================================================
TESTING: configureDebuggers from config.utilities.debuggers(/workspace/formal_3D_flow_solver_FEM_SimVascular_lzy/sv1_3l/external/compat_cuda/petsc-3.19.6-cuda123-mpif/config/BuildSystem/config/utilities/debuggers.py:20)
  Find a default debugger and determine its arguments
    Checking for program /workspace/formal_3D_flow_solver_FEM_SimVascular_lzy/sv1_3j/external/compat_cuda/cuda-12.3.2/bin/gdb...not found
    Checking for program /workspace/formal_3D_flow_solver_FEM_SimVascular_lzy/sv1_3l/external/gpu_mpi_fortran/bin/gdb...not found
    Checking for program /usr/bin/gdb...found
              Defined make macro "GDB" to "/usr/bin/gdb"
            Defined "USE_DEBUGGER" to ""gdb""
            Defined make macro "DSYMUTIL" to "true"
    child config.utilities.debuggers took 0.000511 seconds
=============================================================================================
TESTING: configureDirectories from PETSc.options.petscdir(/workspace/formal_3D_flow_solver_FEM_SimVascular_lzy/sv1_3l/external/compat_cuda/petsc-3.19.6-cuda123-mpif/config/PETSc/options/petscdir.py:22)
  Checks PETSC_DIR and sets if not set
          PETSC_VERSION_RELEASE of 1 indicates the code is from a release branch or a branch created from a release branch.
          Version Information:
          #define PETSC_VERSION_RELEASE    1
          #define PETSC_VERSION_MAJOR      3
          #define PETSC_VERSION_MINOR      19
          #define PETSC_VERSION_SUBMINOR   6
          #define PETSC_VERSION_DATE       "Sep 28, 2023"
          #define PETSC_VERSION_GIT        "v3.19.6"
          #define PETSC_VERSION_DATE_GIT   "2023-09-28 16:13:49 -0500"
          #define PETSC_VERSION_EQ(MAJOR,MINOR,SUBMINOR) \
          #define PETSC_VERSION_ PETSC_VERSION_EQ
          #define PETSC_VERSION_LT(MAJOR,MINOR,SUBMINOR)          \
          #define PETSC_VERSION_LE(MAJOR,MINOR,SUBMINOR) \
          #define PETSC_VERSION_GT(MAJOR,MINOR,SUBMINOR) \
          #define PETSC_VERSION_GE(MAJOR,MINOR,SUBMINOR) \
    child PETSc.options.petscdir took 0.000828 seconds
=============================================================================================
TESTING: getDatafilespath from PETSc.options.dataFilesPath(/workspace/formal_3D_flow_solver_FEM_SimVascular_lzy/sv1_3l/external/compat_cuda/petsc-3.19.6-cuda123-mpif/config/PETSc/options/dataFilesPath.py:29)
  Checks what DATAFILESPATH should be
    child PETSc.options.dataFilesPath took 0.000084 seconds
=============================================================================================
TESTING: configureGit from config.sourceControl(/workspace/formal_3D_flow_solver_FEM_SimVascular_lzy/sv1_3l/external/compat_cuda/petsc-3.19.6-cuda123-mpif/config/BuildSystem/config/sourceControl.py:24)
  Find the Git executable
    Checking for program /workspace/formal_3D_flow_solver_FEM_SimVascular_lzy/sv1_3j/external/compat_cuda/cuda-12.3.2/bin/git...not found
    Checking for program /workspace/formal_3D_flow_solver_FEM_SimVascular_lzy/sv1_3l/external/gpu_mpi_fortran/bin/git...not found
    Checking for program /usr/bin/git...found
              Defined make macro "GIT" to "git"
Executing: git --version
stdout: git version 2.43.0
=============================================================================================
TESTING: configureMercurial from config.sourceControl(/workspace/formal_3D_flow_solver_FEM_SimVascular_lzy/sv1_3l/external/compat_cuda/petsc-3.19.6-cuda123-mpif/config/BuildSystem/config/sourceControl.py:35)
  Find the Mercurial executable
    Checking for program /workspace/formal_3D_flow_solver_FEM_SimVascular_lzy/sv1_3j/external/compat_cuda/cuda-12.3.2/bin/hg...not found
    Checking for program /workspace/formal_3D_flow_solver_FEM_SimVascular_lzy/sv1_3l/external/gpu_mpi_fortran/bin/hg...not found
    Checking for program /usr/bin/hg...not found
    Checking for program /bin/hg...not found
    Checking for program /workspace/formal_3D_flow_solver_FEM_SimVascular_lzy/sv1_3l/external/compat_cuda/petsc-3.19.6-cuda123-mpif/lib/petsc/bin/win32fe/hg...not found
    child config.sourceControl took 0.002440 seconds
=============================================================================================
TESTING: configureInstallationMethod from PETSc.options.petscclone(/workspace/formal_3D_flow_solver_FEM_SimVascular_lzy/sv1_3l/external/compat_cuda/petsc-3.19.6-cuda123-mpif/config/PETSc/options/petscclone.py:20)
  Determine if PETSc was obtained via git or a tarball
          This is a tarball installation
    child PETSc.options.petscclone took 0.000124 seconds
=============================================================================================
TESTING: setNativeArchitecture from PETSc.options.arch(/workspace/formal_3D_flow_solver_FEM_SimVascular_lzy/sv1_3l/external/compat_cuda/petsc-3.19.6-cuda123-mpif/config/PETSc/options/arch.py:29)
  Forms the arch as GNU's configure would form it
=============================================================================================
TESTING: configureArchitecture from PETSc.options.arch(/workspace/formal_3D_flow_solver_FEM_SimVascular_lzy/sv1_3l/external/compat_cuda/petsc-3.19.6-cuda123-mpif/config/PETSc/options/arch.py:42)
  Checks if PETSC_ARCH is set and sets it if not set
        No previous hashfile found
          Setting hashfile: arch-sv13l-cuda123-mpif/lib/petsc/conf/configure-hash
          Deleting configure hash file: arch-sv13l-cuda123-mpif/lib/petsc/conf/configure-hash
          Unable to delete configure hash file: arch-sv13l-cuda123-mpif/lib/petsc/conf/configure-hash
    child PETSc.options.arch took 0.005695 seconds
=============================================================================================
TESTING: setInstallDir from PETSc.options.installDir(/workspace/formal_3D_flow_solver_FEM_SimVascular_lzy/sv1_3l/external/compat_cuda/petsc-3.19.6-cuda123-mpif/config/PETSc/options/installDir.py:31)
  Set installDir to either prefix or if that is not set to PETSC_DIR/PETSC_ARCH
            Defined make macro "PREFIXDIR" to "/workspace/formal_3D_flow_solver_FEM_SimVascular_lzy/sv1_3l/external/compat_cuda/petsc-cuda123-mpif"
=============================================================================================
TESTING: saveReconfigure from PETSc.options.installDir(/workspace/formal_3D_flow_solver_FEM_SimVascular_lzy/sv1_3l/external/compat_cuda/petsc-3.19.6-cuda123-mpif/config/PETSc/options/installDir.py:76)
  Save the configure options in a script in PETSC_ARCH/lib/petsc/conf so the same configure may be easily re-run
=============================================================================================
TESTING: cleanConfDir from PETSc.options.installDir(/workspace/formal_3D_flow_solver_FEM_SimVascular_lzy/sv1_3l/external/compat_cuda/petsc-3.19.6-cuda123-mpif/config/PETSc/options/installDir.py:68)
  Remove all the files from configuration directory for this PETSC_ARCH, from --with-clean option
=============================================================================================
TESTING: configureInstallDir from PETSc.options.installDir(/workspace/formal_3D_flow_solver_FEM_SimVascular_lzy/sv1_3l/external/compat_cuda/petsc-3.19.6-cuda123-mpif/config/PETSc/options/installDir.py:52)
  Makes  installDir subdirectories if it does not exist for both prefix install location and PETSc work install location
          Changed persistence directory to /workspace/formal_3D_flow_solver_FEM_SimVascular_lzy/sv1_3l/external/compat_cuda/petsc-3.19.6-cuda123-mpif/arch-sv13l-cuda123-mpif/lib/petsc/conf
=============================================================================================
TESTING: restoreReconfigure from PETSc.options.installDir(/workspace/formal_3D_flow_solver_FEM_SimVascular_lzy/sv1_3l/external/compat_cuda/petsc-3.19.6-cuda123-mpif/config/PETSc/options/installDir.py:90)
  If --with-clean was requested but restoring the reconfigure file was requested then restore it
    child PETSc.options.installDir took 0.000611 seconds
=============================================================================================
TESTING: setExternalPackagesDir from PETSc.options.externalpackagesdir(/workspace/formal_3D_flow_solver_FEM_SimVascular_lzy/sv1_3l/external/compat_cuda/petsc-3.19.6-cuda123-mpif/config/PETSc/options/externalpackagesdir.py:15)
  Set location where external packages will be downloaded to
=============================================================================================
TESTING: cleanExternalpackagesDir from PETSc.options.externalpackagesdir(/workspace/formal_3D_flow_solver_FEM_SimVascular_lzy/sv1_3l/external/compat_cuda/petsc-3.19.6-cuda123-mpif/config/PETSc/options/externalpackagesdir.py:23)
  Remove all downloaded external packages, from --with-clean
    child PETSc.options.externalpackagesdir took 0.000055 seconds
=============================================================================================
TESTING: configureCLanguage from PETSc.options.languages(/workspace/formal_3D_flow_solver_FEM_SimVascular_lzy/sv1_3l/external/compat_cuda/petsc-3.19.6-cuda123-mpif/config/PETSc/options/languages.py:28)
  Choose whether to compile the PETSc library using a C or C++ compiler
          C language is C
            Defined "CLANGUAGE_C" to "1"
            Defined make macro "CLANGUAGE" to "C"
    child PETSc.options.languages took 0.000206 seconds
=============================================================================================
TESTING: resetEnvCompilers from config.setCompilers(/workspace/formal_3D_flow_solver_FEM_SimVascular_lzy/sv1_3l/external/compat_cuda/petsc-3.19.6-cuda123-mpif/config/BuildSystem/config/setCompilers.py:2696)
  Remove compilers from the shell environment so they do not interfere with testing
=============================================================================================
                                     ***** WARNING *****
  Found environment variable: CC=/usr/bin/gcc-12. Ignoring it, since its also set on
  command line
=============================================================================================
=============================================================================================
                                     ***** WARNING *****
  Found environment variable: CXX=/usr/bin/g++-12. Ignoring it, since its also set on
  command line
=============================================================================================
=============================================================================================
                                     ***** WARNING *****
  Found environment variable: FC=/usr/bin/gfortran-12. Ignoring it, since its also set on
  command line
=============================================================================================
=============================================================================================
TESTING: checkEnvCompilers from config.setCompilers(/workspace/formal_3D_flow_solver_FEM_SimVascular_lzy/sv1_3l/external/compat_cuda/petsc-3.19.6-cuda123-mpif/config/BuildSystem/config/setCompilers.py:2713)
  Set configure compilers from the environment, from -with-environment-variables
=============================================================================================
TESTING: checkMPICompilerOverride from config.setCompilers(/workspace/formal_3D_flow_solver_FEM_SimVascular_lzy/sv1_3l/external/compat_cuda/petsc-3.19.6-cuda123-mpif/config/BuildSystem/config/setCompilers.py:2666)
  Check if --with-mpi-dir is used along with CC CXX or FC compiler options.
    This usually prevents mpi compilers from being used - so issue a warning
=============================================================================================
TESTING: requireMpiLdPath from config.setCompilers(/workspace/formal_3D_flow_solver_FEM_SimVascular_lzy/sv1_3l/external/compat_cuda/petsc-3.19.6-cuda123-mpif/config/BuildSystem/config/setCompilers.py:2687)
  OpenMPI wrappers require LD_LIBRARY_PATH set
=============================================================================================
TESTING: checkInitialFlags from config.setCompilers(/workspace/formal_3D_flow_solver_FEM_SimVascular_lzy/sv1_3l/external/compat_cuda/petsc-3.19.6-cuda123-mpif/config/BuildSystem/config/setCompilers.py:725)
  Initialize the compiler and linker flags
          Initialized CFLAGS to 
          Initialized CFLAGS to 
          Initialized LDFLAGS to 
          Initialized CUDAFLAGS to 
          Initialized CUDAFLAGS to 
          Initialized LDFLAGS to 
          Initialized HIPFLAGS to 
          Initialized HIPFLAGS to 
          Initialized LDFLAGS to 
          Initialized SYCLFLAGS to 
          Initialized SYCLFLAGS to 
          Initialized SYCLC_LINKER_FLAGS to 
          Initialized CXXFLAGS to 
          Initialized CXX_CXXFLAGS to 
          Initialized LDFLAGS to 
          Initialized FFLAGS to 
          Initialized FFLAGS to 
          Initialized LDFLAGS to 
          Initialized CPPFLAGS to 
          Initialized FPPFLAGS to 
          Initialized CUDAPPFLAGS to 
          Initialized CXXPPFLAGS to 
          Initialized HIPPPFLAGS to 
          Initialized SYCLPPFLAGS to 
          Initialized CC_LINKER_FLAGS to []
          Initialized CXX_LINKER_FLAGS to []
          Initialized FC_LINKER_FLAGS to []
          Initialized CUDAC_LINKER_FLAGS to []
          Initialized HIPC_LINKER_FLAGS to []
          Initialized sharedLibraryFlags to []
          Initialized dynamicLibraryFlags to []
=============================================================================================
TESTING: checkCCompiler from config.setCompilers(/workspace/formal_3D_flow_solver_FEM_SimVascular_lzy/sv1_3l/external/compat_cuda/petsc-3.19.6-cuda123-mpif/config/BuildSystem/config/setCompilers.py:1419)
    Checking for program /workspace/formal_3D_flow_solver_FEM_SimVascular_lzy/sv1_3l/external/gpu_mpi_fortran/bin/mpicc...found
              Defined make macro "CC" to "/workspace/formal_3D_flow_solver_FEM_SimVascular_lzy/sv1_3l/external/gpu_mpi_fortran/bin/mpicc"
Executing: /workspace/formal_3D_flow_solver_FEM_SimVascular_lzy/sv1_3l/external/gpu_mpi_fortran/bin/mpicc -c -o /tmp/petsc-7fdrirqu/config.setCompilers/conftest.o -I/tmp/petsc-7fdrirqu/config.setCompilers   /tmp/petsc-7fdrirqu/config.setCompilers/conftest.c 
Successful compile:
Source:
#include "confdefs.h"
#include "conffix.h"

int main() {
;
  return 0;
}

Executing: /workspace/formal_3D_flow_solver_FEM_SimVascular_lzy/sv1_3l/external/gpu_mpi_fortran/bin/mpicc -c -o /tmp/petsc-7fdrirqu/config.setCompilers/conftest.o -I/tmp/petsc-7fdrirqu/config.setCompilers   /tmp/petsc-7fdrirqu/config.setCompilers/conftest.c 
Successful compile:
Source:
#include "confdefs.h"
#include "conffix.h"

int main() {
;
  return 0;
}

Executing: /workspace/formal_3D_flow_solver_FEM_SimVascular_lzy/sv1_3l/external/gpu_mpi_fortran/bin/mpicc  -o /tmp/petsc-7fdrirqu/config.setCompilers/conftest    /tmp/petsc-7fdrirqu/config.setCompilers/conftest.o 
Executing: /workspace/formal_3D_flow_solver_FEM_SimVascular_lzy/sv1_3l/external/gpu_mpi_fortran/bin/mpicc -c -o /tmp/petsc-7fdrirqu/config.setCompilers/conftest.o -I/tmp/petsc-7fdrirqu/config.setCompilers   /tmp/petsc-7fdrirqu/config.setCompilers/conftest.c 
Successful compile:
Source:
#include "confdefs.h"
#include "conffix.h"

int main() {
;
  return 0;
}

Executing: /workspace/formal_3D_flow_solver_FEM_SimVascular_lzy/sv1_3l/external/gpu_mpi_fortran/bin/mpicc  -o /tmp/petsc-7fdrirqu/config.setCompilers/conftest    /tmp/petsc-7fdrirqu/config.setCompilers/conftest.o  -lpetsc-ufod4vtr9mqHvKIQiVAm
Possible ERROR while running linker: exit code 1
stderr:
/usr/bin/ld: cannot find -lpetsc-ufod4vtr9mqHvKIQiVAm: No such file or directory
collect2: error: ld returned 1 exit status
Linker output before filtering:

/usr/bin/ld: cannot find -lpetsc-ufod4vtr9mqHvKIQiVAm: No such file or directory
collect2: error: ld returned 1 exit status
Linker output after filtering:
/usr/bin/ld: cannot find -lpetsc-ufod4vtr9mqHvKIQiVAm: No such file or directory
collect2: error: ld returned 1 exit status
======== Checking running linked program
Executing: /workspace/formal_3D_flow_solver_FEM_SimVascular_lzy/sv1_3l/external/gpu_mpi_fortran/bin/mpicc -c -o /tmp/petsc-7fdrirqu/config.setCompilers/conftest.o -I/tmp/petsc-7fdrirqu/config.setCompilers   /tmp/petsc-7fdrirqu/config.setCompilers/conftest.c 
Successful compile:
Source:
#include "confdefs.h"
#include "conffix.h"

int main() {
;
  return 0;
}

Executing: /workspace/formal_3D_flow_solver_FEM_SimVascular_lzy/sv1_3l/external/gpu_mpi_fortran/bin/mpicc  -o /tmp/petsc-7fdrirqu/config.setCompilers/conftest    /tmp/petsc-7fdrirqu/config.setCompilers/conftest.o 
Testing executable /tmp/petsc-7fdrirqu/config.setCompilers/conftest to see if it can be run
Executing: /tmp/petsc-7fdrirqu/config.setCompilers/conftest
Running Executable with threads to time it out at 60
Executing: /tmp/petsc-7fdrirqu/config.setCompilers/conftest
Executing: /workspace/formal_3D_flow_solver_FEM_SimVascular_lzy/sv1_3l/external/gpu_mpi_fortran/bin/mpicc --version
stdout:
gcc-12 (Ubuntu 12.4.0-2ubuntu1~24.04.1) 12.4.0
Copyright (C) 2022 Free Software Foundation, Inc.
This is free software; see the source for copying conditions.  There is NO
warranty; not even for MERCHANTABILITY or FITNESS FOR A PARTICULAR PURPOSE.
Executing: /workspace/formal_3D_flow_solver_FEM_SimVascular_lzy/sv1_3l/external/gpu_mpi_fortran/bin/mpicc -v | head -n 20
          Since MPI c compiler starts with mpi, force searches for other compilers to only look for MPI compilers

=============================================================================================
TESTING: checkCPreprocessor from config.setCompilers(/workspace/formal_3D_flow_solver_FEM_SimVascular_lzy/sv1_3l/external/compat_cuda/petsc-3.19.6-cuda123-mpif/config/BuildSystem/config/setCompilers.py:1462)
  Locate a functional C preprocessor
    Checking for program /workspace/formal_3D_flow_solver_FEM_SimVascular_lzy/sv1_3l/external/gpu_mpi_fortran/bin/mpicc...found
              Defined make macro "CPP" to "/workspace/formal_3D_flow_solver_FEM_SimVascular_lzy/sv1_3l/external/gpu_mpi_fortran/bin/mpicc -E"
Preprocessing source:
#include "confdefs.h"
#include "conffix.h"
#include <stdlib.h>

Executing: /workspace/formal_3D_flow_solver_FEM_SimVascular_lzy/sv1_3l/external/gpu_mpi_fortran/bin/mpicc -E  -I/tmp/petsc-7fdrirqu/config.setCompilers  /tmp/petsc-7fdrirqu/config.setCompilers/conftest.c 
Preprocess output before filtering:
Preprocess output after filtering:
=============================================================================================
TESTING: checkCxxCompiler from config.setCompilers(/workspace/formal_3D_flow_solver_FEM_SimVascular_lzy/sv1_3l/external/compat_cuda/petsc-3.19.6-cuda123-mpif/config/BuildSystem/config/setCompilers.py:1744)
  Locate a functional Cxx compiler
    Checking for program /workspace/formal_3D_flow_solver_FEM_SimVascular_lzy/sv1_3l/external/gpu_mpi_fortran/bin/mpicxx...found
              Defined make macro "CXX" to "/workspace/formal_3D_flow_solver_FEM_SimVascular_lzy/sv1_3l/external/gpu_mpi_fortran/bin/mpicxx"
Executing: /workspace/formal_3D_flow_solver_FEM_SimVascular_lzy/sv1_3l/external/gpu_mpi_fortran/bin/mpicxx -c -o /tmp/petsc-7fdrirqu/config.setCompilers/conftest.o -I/tmp/petsc-7fdrirqu/config.setCompilers    /tmp/petsc-7fdrirqu/config.setCompilers/conftest.cc 
Successful compile:
Source:
#include "confdefs.h"
#include "conffix.h"

int main() {
;
  return 0;
}

Executing: /workspace/formal_3D_flow_solver_FEM_SimVascular_lzy/sv1_3l/external/gpu_mpi_fortran/bin/mpicxx -c -o /tmp/petsc-7fdrirqu/config.setCompilers/conftest.o -I/tmp/petsc-7fdrirqu/config.setCompilers    /tmp/petsc-7fdrirqu/config.setCompilers/conftest.cc 
Successful compile:
Source:
#include "confdefs.h"
#include "conffix.h"

int main() {
;
  return 0;
}

Executing: /workspace/formal_3D_flow_solver_FEM_SimVascular_lzy/sv1_3l/external/gpu_mpi_fortran/bin/mpicxx  -o /tmp/petsc-7fdrirqu/config.setCompilers/conftest    /tmp/petsc-7fdrirqu/config.setCompilers/conftest.o 
Executing: /workspace/formal_3D_flow_solver_FEM_SimVascular_lzy/sv1_3l/external/gpu_mpi_fortran/bin/mpicxx -c -o /tmp/petsc-7fdrirqu/config.setCompilers/conftest.o -I/tmp/petsc-7fdrirqu/config.setCompilers    /tmp/petsc-7fdrirqu/config.setCompilers/conftest.cc 
Successful compile:
Source:
#include "confdefs.h"
#include "conffix.h"

int main() {
;
  return 0;
}

Executing: /workspace/formal_3D_flow_solver_FEM_SimVascular_lzy/sv1_3l/external/gpu_mpi_fortran/bin/mpicxx  -o /tmp/petsc-7fdrirqu/config.setCompilers/conftest    /tmp/petsc-7fdrirqu/config.setCompilers/conftest.o  -lpetsc-ufod4vtr9mqHvKIQiVAm
Possible ERROR while running linker: exit code 1
stderr:
/usr/bin/ld: cannot find -lpetsc-ufod4vtr9mqHvKIQiVAm: No such file or directory
collect2: error: ld returned 1 exit status
Linker output before filtering:

/usr/bin/ld: cannot find -lpetsc-ufod4vtr9mqHvKIQiVAm: No such file or directory
collect2: error: ld returned 1 exit status
Linker output after filtering:
/usr/bin/ld: cannot find -lpetsc-ufod4vtr9mqHvKIQiVAm: No such file or directory
collect2: error: ld returned 1 exit status
======== Checking running linked program
Executing: /workspace/formal_3D_flow_solver_FEM_SimVascular_lzy/sv1_3l/external/gpu_mpi_fortran/bin/mpicxx -c -o /tmp/petsc-7fdrirqu/config.setCompilers/conftest.o -I/tmp/petsc-7fdrirqu/config.setCompilers    /tmp/petsc-7fdrirqu/config.setCompilers/conftest.cc 
Successful compile:
Source:
#include "confdefs.h"
#include "conffix.h"

int main() {
;
  return 0;
}

Executing: /workspace/formal_3D_flow_solver_FEM_SimVascular_lzy/sv1_3l/external/gpu_mpi_fortran/bin/mpicxx  -o /tmp/petsc-7fdrirqu/config.setCompilers/conftest    /tmp/petsc-7fdrirqu/config.setCompilers/conftest.o 
Testing executable /tmp/petsc-7fdrirqu/config.setCompilers/conftest to see if it can be run
Executing: /tmp/petsc-7fdrirqu/config.setCompilers/conftest
Running Executable with threads to time it out at 60
Executing: /tmp/petsc-7fdrirqu/config.setCompilers/conftest
Executing: /workspace/formal_3D_flow_solver_FEM_SimVascular_lzy/sv1_3l/external/gpu_mpi_fortran/bin/mpicxx --version
stdout:
g++-12 (Ubuntu 12.4.0-2ubuntu1~24.04.1) 12.4.0
Copyright (C) 2022 Free Software Foundation, Inc.
This is free software; see the source for copying conditions.  There is NO
warranty; not even for MERCHANTABILITY or FITNESS FOR A PARTICULAR PURPOSE.
=============================================================================================
TESTING: checkDeviceHostCompiler from config.setCompilers(/workspace/formal_3D_flow_solver_FEM_SimVascular_lzy/sv1_3l/external/compat_cuda/petsc-3.19.6-cuda123-mpif/config/BuildSystem/config/setCompilers.py:751)
  Set the host compiler (HC) of the device compiler (DC) to the HC unless the DC already explicitly sets its HC. This may be needed if the default HC used by the DC is ancient and PETSc uses a different HC (e.g., through --with-cxx=...).
Executing: /workspace/formal_3D_flow_solver_FEM_SimVascular_lzy/sv1_3l/external/gpu_mpi_fortran/bin/mpicxx --help | head -n 20 
stdout:
Usage: g++-12 [options] file...
Options:
  -pass-exit-codes         Exit with highest error code from a phase.
  --help                   Display this information.
  --target-help            Display target specific command line options (including assembler and linker options).
  --help={common|optimizers|params|target|warnings|[^]{joined|separate|undocumented}}[,...].
                           Display specific types of command line options.
  (Use '-v --help' to display command line options of sub-processes).
  --version                Display compiler version information.
  -dumpspecs               Display all of the built in spec strings.
  -dumpversion             Display the version of the compiler.
  -dumpmachine             Display the compiler's target processor.
  -foffload=<targets>      Specify offloading targets.
  -print-search-dirs       Display the directories in the compiler's search path.
  -print-libgcc-file-name  Display the name of the compiler's companion library.
  -print-file-name=<lib>   Display the full path to library <lib>.
  -print-prog-name=<prog>  Display the full path to compiler component <prog>.
  -print-multiarch         Display the target's normalized GNU triplet, used as
                           a component in the library path.
  -print-multi-directory   Display the root directory for versions of libgcc.
Detected GNU compiler
=============================================================================================
TESTING: checkCxxDialect from config.setCompilers(/workspace/formal_3D_flow_solver_FEM_SimVascular_lzy/sv1_3l/external/compat_cuda/petsc-3.19.6-cuda123-mpif/config/BuildSystem/config/setCompilers.py:773)
  Determine the CXX dialect supported by the compiler (language) [and corresponding compiler
    option - if any].

    isGNUish indicates if the compiler is gnu compliant (i.e. clang).
    -with-<lang>-dialect can take options:
      auto: use highest supported dialect configure can determine
      [[c|gnu][xx|++]]23: not yet supported
      [[c|gnu][xx|++]]20: gnu++20 or c++20
      [[c|gnu][xx|++]]17: gnu++17 or c++17
      [[c|gnu][xx|++]]14: gnu++14 or c++14
      [[c|gnu][xx|++]]11: gnu++11 or c++11
      0: disable CxxDialect check and use compiler default

    On return this function sets the following values:
    - if needed, appends the relevant CXX dialect flag to <lang> compiler flags
    - self.cxxDialectRange = (minSupportedDialect,maxSupportedDialect) (e.g. ('c++11','c++14'))
    - self.addDefine('HAVE_{LANG}_DIALECT_CXX{DIALECT_NUM}',1) for every supported dialect
    - self.lang+'dialect' = 'c++'+maxDialectNumber (e.g. 'c++14') but ONLY if the user
      specifically requests a dialect version, otherwise this is not set

    Raises a config.base.ConfigureSetupError if:
    - The user has set both the --with-dialect=[...] configure options and -std=[...] in their
      compiler flags
    - The combination of specifically requested packages cannot all be compiled with the same flag
    - An unknown C++ dialect is provided

    The config.base.ConfigureSetupErrors are NOT meant to be caught, as they are fatal errors
    on part of the user

    Raises a RuntimeError (which may be caught) if:
    - The compiler does not support at minimum -std=c++11
    
Executing: /workspace/formal_3D_flow_solver_FEM_SimVascular_lzy/sv1_3l/external/gpu_mpi_fortran/bin/mpicxx --version
stdout:
g++-12 (Ubuntu 12.4.0-2ubuntu1~24.04.1) 12.4.0
Copyright (C) 2022 Free Software Foundation, Inc.
This is free software; see the source for copying conditions.  There is NO
warranty; not even for MERCHANTABILITY or FITNESS FOR A PARTICULAR PURPOSE.
Did not detect MSVC
          checkCxxDialect: checking C++ dialect version for language "CXX" using compiler "/workspace/formal_3D_flow_solver_FEM_SimVascular_lzy/sv1_3l/external/gpu_mpi_fortran/bin/mpicxx"
          checkCxxDialect: PETSc believes compiler (/workspace/formal_3D_flow_solver_FEM_SimVascular_lzy/sv1_3l/external/gpu_mpi_fortran/bin/mpicxx) IS gnu-ish
          checkCxxDialect: PETSc believes that we have NOT processed /workspace/formal_3D_flow_solver_FEM_SimVascular_lzy/sv1_3l/external/gpu_mpi_fortran/bin/mpicxx before
          checkCxxDialect: configure option after sanitization: --with-cxx-dialect=C++17
          checkCxxDialect: dialect c++17 has been EXPLICITLY selected for CXX
          checkCxxDialect: Have potential flag pool:
	   - -std=c++17
          checkCxxDialect: checking CXX 17 for cxx with -std=c++17
Executing: /workspace/formal_3D_flow_solver_FEM_SimVascular_lzy/sv1_3l/external/gpu_mpi_fortran/bin/mpicxx -c -o /tmp/petsc-7fdrirqu/config.setCompilers/conftest.o -I/tmp/petsc-7fdrirqu/config.setCompilers   -std=c++17   /tmp/petsc-7fdrirqu/config.setCompilers/conftest.cc 
Successful compile:
Source:
#include "confdefs.h"
#include "conffix.h"

// c++11 includes
#include <memory>
#include <random>
#include <complex>
#include <iostream>
#include <algorithm>

template<class T> void ignore(const T&) { } // silence unused variable warnings
class valClass
{
public:
  int i;
  valClass() { i = 3; }
  valClass(int x) : i(x) { }
};

class MoveSemantics
{
  std::unique_ptr<valClass> _member;

public:
  MoveSemantics(int val = 4) : _member(new valClass(val)) { }
  MoveSemantics& operator=(MoveSemantics &&other) noexcept = default;
};

template<typename T> constexpr T Cubed( T x ) { return x*x*x; }
auto trailing(int x) -> int { return x+2; }
enum class Shapes : int {SQUARE,CIRCLE};
template<class ... Types> struct Tuple { };
using PetscErrorCode = int;


// c++14 includes
#include <type_traits>

template<class T> constexpr T pi = T(3.1415926535897932385L);  // variable template


// c++17 includes
#include <string_view>
#include <any>
#include <optional>
#include <variant>

[[nodiscard]] int nodiscardFunc() { return 0; }
struct S2
{
  // static inline member variables since c++17
  static inline int var = 8675309;
  void f(int i);
};
void S2::f(int i)
{
  // until c++17: Error: invalid syntax
  // since c++17: OK: captures the enclosing S2 by copy
  auto lmbd = [=, *this] { std::cout << i << " " << this->var << std::endl; };
  lmbd();
}

int main() {

// c++11 body
valClass cls = valClass(); // value initialization
int i = cls.i;             // i is not declared const
const int& rci = i;        // but rci is
const_cast<int&>(rci) = 4;

constexpr int big_value = 1234;
decltype(big_value) ierr = big_value;
auto ret = trailing(ierr);
MoveSemantics bob;
MoveSemantics alice;
alice = std::move(bob);ignore(alice);
Tuple<> t0;ignore(t0);
Tuple<long> t1;ignore(t1);
Tuple<int,float> t2;ignore(t2);
std::random_device rd;
std::mt19937 mt(rd());
std::normal_distribution<double> dist(0,1);
const double x = dist(mt);
std::cout << x << ret << std::endl;
std::vector<std::unique_ptr<double>> vector;
std::sort(vector.begin(), vector.end(), [](std::unique_ptr<double> &a, std::unique_ptr<double> &b) { return *a < *b; });


// c++14 body
auto ptr = std::make_unique<int>();
*ptr = 1;
std::cout << pi<double> << std::endl;
constexpr const std::complex<double> const_i(0.0,1.0);
auto lambda = [](auto x, auto y) { return x + y; };
std::cout << lambda(3,4) << std::real(const_i) << std::endl;


// c++17 body
std::variant<int,float> v,w;
v = 42;               // v contains int
int ivar = std::get<int>(v);
w = std::get<0>(v);   // same effect as the previous line
w = v;                // same effect as the previous line
S2 foo;
foo.f(ivar);
if constexpr (std::is_arithmetic_v<int>) std::cout << "c++17" << std::endl;
typedef std::integral_constant<Shapes,Shapes::SQUARE> squareShape;
// static_assert with no message since c++17
static_assert(std::is_same_v<squareShape,squareShape>);
auto val = nodiscardFunc();ignore(val);
;
  return 0;
}

              Output from compiling with  -std=c++17 


Added Cxx compiler flag -std=c++17
          checkCxxDialect: success using -std=c++17 for Cxx dialect C++17, set new cxxDialectRange: ('c++17', 'c++17')
            Defined "HAVE_CXX_DIALECT_CXX11" to "1"
            Defined "HAVE_CXX_DIALECT_CXX14" to "1"
            Defined "HAVE_CXX_DIALECT_CXX17" to "1"
=============================================================================================
TESTING: checkCxxPreprocessor from config.setCompilers(/workspace/formal_3D_flow_solver_FEM_SimVascular_lzy/sv1_3l/external/compat_cuda/petsc-3.19.6-cuda123-mpif/config/BuildSystem/config/setCompilers.py:1780)
  Locate a functional Cxx preprocessor
    Checking for program /workspace/formal_3D_flow_solver_FEM_SimVascular_lzy/sv1_3l/external/gpu_mpi_fortran/bin/mpicxx...found
              Defined make macro "CXXPP" to "/workspace/formal_3D_flow_solver_FEM_SimVascular_lzy/sv1_3l/external/gpu_mpi_fortran/bin/mpicxx -E"
Preprocessing source:
#include "confdefs.h"
#include "conffix.h"
#include <cstdlib>

Executing: /workspace/formal_3D_flow_solver_FEM_SimVascular_lzy/sv1_3l/external/gpu_mpi_fortran/bin/mpicxx -E  -I/tmp/petsc-7fdrirqu/config.setCompilers  /tmp/petsc-7fdrirqu/config.setCompilers/conftest.cc 
Preprocess output before filtering:
Preprocess output after filtering:
=============================================================================================
TESTING: checkCUDACompiler from config.setCompilers(/workspace/formal_3D_flow_solver_FEM_SimVascular_lzy/sv1_3l/external/compat_cuda/petsc-3.19.6-cuda123-mpif/config/BuildSystem/config/setCompilers.py:1499)
  Locate a functional CUDA compiler
    Checking for program /workspace/formal_3D_flow_solver_FEM_SimVascular_lzy/sv1_3j/external/compat_cuda/cuda-12.3.2/bin/nvcc...found
              Defined make macro "CUDAC" to "/workspace/formal_3D_flow_solver_FEM_SimVascular_lzy/sv1_3j/external/compat_cuda/cuda-12.3.2/bin/nvcc"
Executing: /workspace/formal_3D_flow_solver_FEM_SimVascular_lzy/sv1_3j/external/compat_cuda/cuda-12.3.2/bin/nvcc -c -o /tmp/petsc-7fdrirqu/config.setCompilers/conftest.o -I/tmp/petsc-7fdrirqu/config.setCompilers   /tmp/petsc-7fdrirqu/config.setCompilers/conftest.cu 
Possible ERROR while running compiler: exit code 1
stderr:
In file included from /workspace/formal_3D_flow_solver_FEM_SimVascular_lzy/sv1_3j/external/compat_cuda/cuda-12.3.2/bin/../targets/x86_64-linux/include/cuda_runtime.h:82,
                 from <command-line>:
/workspace/formal_3D_flow_solver_FEM_SimVascular_lzy/sv1_3j/external/compat_cuda/cuda-12.3.2/bin/../targets/x86_64-linux/include/crt/host_config.h:143:2: error: #error -- unsupported GNU version! gcc versions later than 12 are not supported! The nvcc flag '-allow-unsupported-compiler' can be used to override this version check; however, using an unsupported host compiler may cause compilation failure or incorrect run time execution. Use at your own risk.
  143 | #error -- unsupported GNU version! gcc versions later than 12 are not supported! The nvcc flag '-allow-unsupported-compiler' can be used to override this version check; however, using an unsupported host compiler may cause compilation failure or incorrect run time execution. Use at your own risk.
      |  ^~~~~
Source:
#include "confdefs.h"
#include "conffix.h"

int main() {
;
  return 0;
}

          Error testing CUDA compiler: Cannot compile CUDA with /workspace/formal_3D_flow_solver_FEM_SimVascular_lzy/sv1_3j/external/compat_cuda/cuda-12.3.2/bin/nvcc.
            Deleting "CUDAC"
*********************************************************************************************
           UNABLE to CONFIGURE with GIVEN OPTIONS (see configure.log for details):
---------------------------------------------------------------------------------------------
  CUDA compiler you provided with
  -with-cudac=/workspace/formal_3D_flow_solver_FEM_SimVascular_lzy/sv1_3j/external/compat_cuda/cuda-12.3.2/bin/nvcc
  cannot be found or does not work.
  Cannot compile CUDA with
  /workspace/formal_3D_flow_solver_FEM_SimVascular_lzy/sv1_3j/external/compat_cuda/cuda-12.3.2/bin/nvcc.
*********************************************************************************************
  File "/workspace/formal_3D_flow_solver_FEM_SimVascular_lzy/sv1_3l/external/compat_cuda/petsc-3.19.6-cuda123-mpif/config/configure.py", line 462, in petsc_configure
    framework.configure(out = sys.stdout)
  File "/workspace/formal_3D_flow_solver_FEM_SimVascular_lzy/sv1_3l/external/compat_cuda/petsc-3.19.6-cuda123-mpif/config/BuildSystem/config/framework.py", line 1438, in configure
    self.processChildren()
  File "/workspace/formal_3D_flow_solver_FEM_SimVascular_lzy/sv1_3l/external/compat_cuda/petsc-3.19.6-cuda123-mpif/config/BuildSystem/config/framework.py", line 1426, in processChildren
    self.serialEvaluation(self.childGraph)
  File "/workspace/formal_3D_flow_solver_FEM_SimVascular_lzy/sv1_3l/external/compat_cuda/petsc-3.19.6-cuda123-mpif/config/BuildSystem/config/framework.py", line 1401, in serialEvaluation
    child.configure()
  File "/workspace/formal_3D_flow_solver_FEM_SimVascular_lzy/sv1_3l/external/compat_cuda/petsc-3.19.6-cuda123-mpif/config/BuildSystem/config/setCompilers.py", line 2770, in configure
    self.executeTest(getattr(self,LANG.join(('check','Compiler'))))
  File "/workspace/formal_3D_flow_solver_FEM_SimVascular_lzy/sv1_3l/external/compat_cuda/petsc-3.19.6-cuda123-mpif/config/BuildSystem/config/base.py", line 138, in executeTest
    ret = test(*args,**kargs)
          ^^^^^^^^^^^^^^^^^^^
  File "/workspace/formal_3D_flow_solver_FEM_SimVascular_lzy/sv1_3l/external/compat_cuda/petsc-3.19.6-cuda123-mpif/config/BuildSystem/config/setCompilers.py", line 1502, in checkCUDACompiler
    for compiler in self.generateCUDACompilerGuesses():
  File "/workspace/formal_3D_flow_solver_FEM_SimVascular_lzy/sv1_3l/external/compat_cuda/petsc-3.19.6-cuda123-mpif/config/BuildSystem/config/setCompilers.py", line 1485, in generateCUDACompilerGuesses
    raise RuntimeError('CUDA compiler you provided with -with-cudac='+self.argDB['with-cudac']+' cannot be found or does not work.'+'\n'+self.mesg)
================================================================================
Finishing configure run at Sat, 19 Sep 2026 15:21:48 +0000
================================================================================
