	linux-vdso.so.1 (0x00007fff0fdf8000)
	liblapack.so.3 => /usr/lib/x86_64-linux-gnu/liblapack.so.3 (0x00007f9a0c9d1000)
	libvtkIOXML-9.3.so.1 => /workspace/formal_3D_flow_solver_FEM_SimVascular_lzy/sv1_3l/external/solver-inputs/vtk/lib/libvtkIOXML-9.3.so.1 (0x00007f9a0c8aa000)
	libpetsc.so.3.19 => /workspace/formal_3D_flow_solver_FEM_SimVascular_lzy/sv1_3l/external/compat_cuda/petsc-cuda123-mpif/lib/libpetsc.so.3.19 (0x00007f9a0ab3f000)
	libmpi.so.40 => /workspace/formal_3D_flow_solver_FEM_SimVascular_lzy/sv1_3l/external/gpu_mpi_fortran/lib/libmpi.so.40 (0x00007f9a0a9fd000)
	libvtkCommonDataModel-9.3.so.1 => /workspace/formal_3D_flow_solver_FEM_SimVascular_lzy/sv1_3l/external/solver-inputs/vtk/lib/libvtkCommonDataModel-9.3.so.1 (0x00007f9a0a450000)
	libvtkCommonMisc-9.3.so.1 => /workspace/formal_3D_flow_solver_FEM_SimVascular_lzy/sv1_3l/external/solver-inputs/vtk/lib/libvtkCommonMisc-9.3.so.1 (0x00007f9a0a031000)
	libvtkCommonCore-9.3.so.1 => /workspace/formal_3D_flow_solver_FEM_SimVascular_lzy/sv1_3l/external/solver-inputs/vtk/lib/libvtkCommonCore-9.3.so.1 (0x00007f9a08a49000)
	libvtksys-9.3.so.1 => /workspace/formal_3D_flow_solver_FEM_SimVascular_lzy/sv1_3l/external/solver-inputs/vtk/lib/libvtksys-9.3.so.1 (0x00007f9a089f1000)
	libstdc++.so.6 => /usr/lib/x86_64-linux-gnu/libstdc++.so.6 (0x00007f9a08773000)
	libm.so.6 => /usr/lib/x86_64-linux-gnu/libm.so.6 (0x00007f9a08688000)
	libgcc_s.so.1 => /usr/lib/x86_64-linux-gnu/libgcc_s.so.1 (0x00007f9a0865a000)
	libc.so.6 => /usr/lib/x86_64-linux-gnu/libc.so.6 (0x00007f9a08447000)
	libblas.so.3 => /usr/lib/x86_64-linux-gnu/libblas.so.3 (0x00007f9a083a0000)
	libgfortran.so.5 => /usr/lib/x86_64-linux-gnu/libgfortran.so.5 (0x00007f9a08082000)
	libvtkIOXMLParser-9.3.so.1 => /workspace/formal_3D_flow_solver_FEM_SimVascular_lzy/sv1_3l/external/solver-inputs/vtk/lib/libvtkIOXMLParser-9.3.so.1 (0x00007f9a08066000)
	libvtkIOCore-9.3.so.1 => /workspace/formal_3D_flow_solver_FEM_SimVascular_lzy/sv1_3l/external/solver-inputs/vtk/lib/libvtkIOCore-9.3.so.1 (0x00007f9a07fda000)
	libvtkCommonExecutionModel-9.3.so.1 => /workspace/formal_3D_flow_solver_FEM_SimVascular_lzy/sv1_3l/external/solver-inputs/vtk/lib/libvtkCommonExecutionModel-9.3.so.1 (0x00007f9a07ed7000)
	libvtkCommonSystem-9.3.so.1 => /workspace/formal_3D_flow_solver_FEM_SimVascular_lzy/sv1_3l/external/solver-inputs/vtk/lib/libvtkCommonSystem-9.3.so.1 (0x00007f9a07eb9000)
	libcudart.so.12 => /workspace/formal_3D_flow_solver_FEM_SimVascular_lzy/sv1_3j/external/compat_cuda/cuda-12.3.2/lib64/libcudart.so.12 (0x00007f9a07c00000)
	libcublas.so.12 => /workspace/formal_3D_flow_solver_FEM_SimVascular_lzy/sv1_3j/external/compat_cuda/cuda-12.3.2/lib64/libcublas.so.12 (0x00007f9a01400000)
	libcusparse.so.12 => /workspace/formal_3D_flow_solver_FEM_SimVascular_lzy/sv1_3j/external/compat_cuda/cuda-12.3.2/lib64/libcusparse.so.12 (0x00007f99f1200000)
	libcusolver.so.11 => /workspace/formal_3D_flow_solver_FEM_SimVascular_lzy/sv1_3j/external/compat_cuda/cuda-12.3.2/lib64/libcusolver.so.11 (0x00007f99ea000000)
	libcurand.so.10 => /workspace/formal_3D_flow_solver_FEM_SimVascular_lzy/sv1_3j/external/compat_cuda/cuda-12.3.2/lib64/libcurand.so.10 (0x00007f99e3a00000)
	libnvToolsExt.so.1 => /workspace/formal_3D_flow_solver_FEM_SimVascular_lzy/sv1_3j/external/compat_cuda/cuda-12.3.2/lib64/libnvToolsExt.so.1 (0x00007f99e3600000)
	/lib64/ld-linux-x86-64.so.2 (0x00007f9a0d5f8000)
	libopen-rte.so.40 => /workspace/formal_3D_flow_solver_FEM_SimVascular_lzy/sv1_3l/external/gpu_mpi_fortran/lib/libopen-rte.so.40 (0x00007f9a01342000)
	libopen-pal.so.40 => /workspace/formal_3D_flow_solver_FEM_SimVascular_lzy/sv1_3l/external/gpu_mpi_fortran/lib/libopen-pal.so.40 (0x00007f99f10ea000)
	libvtkCommonTransforms-9.3.so.1 => /workspace/formal_3D_flow_solver_FEM_SimVascular_lzy/sv1_3l/external/solver-inputs/vtk/lib/libvtkCommonTransforms-9.3.so.1 (0x00007f9a01303000)
	libvtkpugixml-9.3.so.1 => /workspace/formal_3D_flow_solver_FEM_SimVascular_lzy/sv1_3l/external/solver-inputs/vtk/lib/libvtkpugixml-9.3.so.1 (0x00007f99f10ad000)
	libvtkCommonMath-9.3.so.1 => /workspace/formal_3D_flow_solver_FEM_SimVascular_lzy/sv1_3l/external/solver-inputs/vtk/lib/libvtkCommonMath-9.3.so.1 (0x00007f9a07bd6000)
	libvtkloguru-9.3.so.1 => /workspace/formal_3D_flow_solver_FEM_SimVascular_lzy/sv1_3l/external/solver-inputs/vtk/lib/libvtkloguru-9.3.so.1 (0x00007f9a012ef000)
	libvtkexpat-9.3.so.1 => /workspace/formal_3D_flow_solver_FEM_SimVascular_lzy/sv1_3l/external/solver-inputs/vtk/lib/libvtkexpat-9.3.so.1 (0x00007f99f107f000)
	libvtkdoubleconversion-9.3.so.1 => /workspace/formal_3D_flow_solver_FEM_SimVascular_lzy/sv1_3l/external/solver-inputs/vtk/lib/libvtkdoubleconversion-9.3.so.1 (0x00007f9a012dd000)
	libvtklz4-9.3.so.1 => /workspace/formal_3D_flow_solver_FEM_SimVascular_lzy/sv1_3l/external/solver-inputs/vtk/lib/libvtklz4-9.3.so.1 (0x00007f99e9fc9000)
	libvtklzma-9.3.so.1 => /workspace/formal_3D_flow_solver_FEM_SimVascular_lzy/sv1_3l/external/solver-inputs/vtk/lib/libvtklzma-9.3.so.1 (0x00007f99e9f9c000)
	libvtkzlib-9.3.so.1 => /workspace/formal_3D_flow_solver_FEM_SimVascular_lzy/sv1_3l/external/solver-inputs/vtk/lib/libvtkzlib-9.3.so.1 (0x00007f99f1061000)
	libdl.so.2 => /usr/lib/x86_64-linux-gnu/libdl.so.2 (0x00007f9a07bd1000)
	libpthread.so.0 => /usr/lib/x86_64-linux-gnu/libpthread.so.0 (0x00007f9a07bcc000)
	librt.so.1 => /usr/lib/x86_64-linux-gnu/librt.so.1 (0x00007f9a07bc7000)
	libcublasLt.so.12 => /workspace/formal_3D_flow_solver_FEM_SimVascular_lzy/sv1_3j/external/compat_cuda/cuda-12.3.2/lib64/libcublasLt.so.12 (0x00007f99c0c00000)
	libnvJitLink.so.12 => /workspace/formal_3D_flow_solver_FEM_SimVascular_lzy/sv1_3j/external/compat_cuda/cuda-12.3.2/lib64/libnvJitLink.so.12 (0x00007f99bd600000)
	libz.so.1 => /usr/lib/x86_64-linux-gnu/libz.so.1 (0x00007f99e9f80000)
	libvtkkissfft-9.3.so.1 => /workspace/formal_3D_flow_solver_FEM_SimVascular_lzy/sv1_3l/external/solver-inputs/vtk/lib/libvtkkissfft-9.3.so.1 (0x00007f9a012d6000)
