Directory ownership check passed
.d..t...... logs/stage02/
cd+++++++++ logs/stage02/20260917T201758_882199441_pipe_coarse_mesh/
>f+++++++++ logs/stage02/20260917T201758_882199441_pipe_coarse_mesh/metadata.json
>f+++++++++ logs/stage02/20260917T201758_882199441_pipe_coarse_mesh/stderr.log
>f+++++++++ logs/stage02/20260917T201758_882199441_pipe_coarse_mesh/stdout.log
cd+++++++++ logs/stage02/20260917T202401_804879160_pipe_coarse_natural/
>f+++++++++ logs/stage02/20260917T202401_804879160_pipe_coarse_natural/metadata.json
>f+++++++++ logs/stage02/20260917T202401_804879160_pipe_coarse_natural/stderr.log
>f+++++++++ logs/stage02/20260917T202401_804879160_pipe_coarse_natural/stdout.log
cd+++++++++ logs/stage02/20260917T202445_869980590_pipe_coarse_natural_form_fix/
>f+++++++++ logs/stage02/20260917T202445_869980590_pipe_coarse_natural_form_fix/metadata.json
>f+++++++++ logs/stage02/20260917T202445_869980590_pipe_coarse_natural_form_fix/stderr.log
>f+++++++++ logs/stage02/20260917T202445_869980590_pipe_coarse_natural_form_fix/stdout.log
cd+++++++++ logs/stage02/20260917T202536_012144595_pipe_coarse_reference/
>f+++++++++ logs/stage02/20260917T202536_012144595_pipe_coarse_reference/metadata.json
>f+++++++++ logs/stage02/20260917T202536_012144595_pipe_coarse_reference/stderr.log
>f+++++++++ logs/stage02/20260917T202536_012144595_pipe_coarse_reference/stdout.log
cd+++++++++ logs/stage02/20260917T202546_697979461_pipe_medium_mesh/
>f+++++++++ logs/stage02/20260917T202546_697979461_pipe_medium_mesh/metadata.json
>f+++++++++ logs/stage02/20260917T202546_697979461_pipe_medium_mesh/stderr.log
>f+++++++++ logs/stage02/20260917T202546_697979461_pipe_medium_mesh/stdout.log
cd+++++++++ logs/stage02/20260917T202554_833190219_pipe_medium_natural/
>f+++++++++ logs/stage02/20260917T202554_833190219_pipe_medium_natural/metadata.json
>f+++++++++ logs/stage02/20260917T202554_833190219_pipe_medium_natural/stderr.log
>f+++++++++ logs/stage02/20260917T202554_833190219_pipe_medium_natural/stdout.log
cd+++++++++ logs/stage02/20260917T202609_608252274_pipe_medium_reference/
>f+++++++++ logs/stage02/20260917T202609_608252274_pipe_medium_reference/metadata.json
>f+++++++++ logs/stage02/20260917T202609_608252274_pipe_medium_reference/stderr.log
>f+++++++++ logs/stage02/20260917T202609_608252274_pipe_medium_reference/stdout.log
cd+++++++++ logs/stage02/20260917T202722_406915338_pipe_fine_mesh/
>f+++++++++ logs/stage02/20260917T202722_406915338_pipe_fine_mesh/metadata.json
>f+++++++++ logs/stage02/20260917T202722_406915338_pipe_fine_mesh/stderr.log
>f+++++++++ logs/stage02/20260917T202722_406915338_pipe_fine_mesh/stdout.log
cd+++++++++ logs/stage02/20260917T202731_822257225_pipe_fine_natural/
>f+++++++++ logs/stage02/20260917T202731_822257225_pipe_fine_natural/metadata.json
>f+++++++++ logs/stage02/20260917T202731_822257225_pipe_fine_natural/stderr.log
>f+++++++++ logs/stage02/20260917T202731_822257225_pipe_fine_natural/stdout.log
cd+++++++++ logs/stage02/20260917T202815_945168290_pipe_fine_reference/
>f+++++++++ logs/stage02/20260917T202815_945168290_pipe_fine_reference/metadata.json
>f+++++++++ logs/stage02/20260917T202815_945168290_pipe_fine_reference/stderr.log
>f+++++++++ logs/stage02/20260917T202815_945168290_pipe_fine_reference/stdout.log
.d..t...... outputs/stage02/
cd+++++++++ outputs/stage02/cases/
cd+++++++++ outputs/stage02/cases/pipe_coarse_natural/
cd+++++++++ outputs/stage02/cases/pipe_coarse_natural/metadata/
>f+++++++++ outputs/stage02/cases/pipe_coarse_natural/metadata/config_snapshot.json
>f+++++++++ outputs/stage02/cases/pipe_coarse_natural/metadata/run.json
cd+++++++++ outputs/stage02/cases/pipe_coarse_natural/qc/
>f+++++++++ outputs/stage02/cases/pipe_coarse_natural/qc/analytic_comparison.json
>f+++++++++ outputs/stage02/cases/pipe_coarse_natural/qc/flux.json
>f+++++++++ outputs/stage02/cases/pipe_coarse_natural/qc/solver.json
cd+++++++++ outputs/stage02/cases/pipe_coarse_natural/solution/
>f+++++++++ outputs/stage02/cases/pipe_coarse_natural/solution/primary_checkpoint.npz
cd+++++++++ outputs/stage02/cases/pipe_coarse_reference/
cd+++++++++ outputs/stage02/cases/pipe_coarse_reference/metadata/
>f+++++++++ outputs/stage02/cases/pipe_coarse_reference/metadata/config_snapshot.json
>f+++++++++ outputs/stage02/cases/pipe_coarse_reference/metadata/run.json
cd+++++++++ outputs/stage02/cases/pipe_coarse_reference/qc/
>f+++++++++ outputs/stage02/cases/pipe_coarse_reference/qc/analytic_comparison.json
>f+++++++++ outputs/stage02/cases/pipe_coarse_reference/qc/flux.json
>f+++++++++ outputs/stage02/cases/pipe_coarse_reference/qc/solver.json
cd+++++++++ outputs/stage02/cases/pipe_coarse_reference/solution/
>f+++++++++ outputs/stage02/cases/pipe_coarse_reference/solution/primary_checkpoint.npz
cd+++++++++ outputs/stage02/cases/pipe_fine_natural/
cd+++++++++ outputs/stage02/cases/pipe_fine_natural/metadata/
>f+++++++++ outputs/stage02/cases/pipe_fine_natural/metadata/config_snapshot.json
>f+++++++++ outputs/stage02/cases/pipe_fine_natural/metadata/run.json
cd+++++++++ outputs/stage02/cases/pipe_fine_natural/qc/
>f+++++++++ outputs/stage02/cases/pipe_fine_natural/qc/analytic_comparison.json
>f+++++++++ outputs/stage02/cases/pipe_fine_natural/qc/flux.json
>f+++++++++ outputs/stage02/cases/pipe_fine_natural/qc/solver.json
cd+++++++++ outputs/stage02/cases/pipe_fine_natural/solution/
>f+++++++++ outputs/stage02/cases/pipe_fine_natural/solution/primary_checkpoint.npz
cd+++++++++ outputs/stage02/cases/pipe_fine_reference/
cd+++++++++ outputs/stage02/cases/pipe_fine_reference/metadata/
>f+++++++++ outputs/stage02/cases/pipe_fine_reference/metadata/config_snapshot.json
>f+++++++++ outputs/stage02/cases/pipe_fine_reference/metadata/run.json
cd+++++++++ outputs/stage02/cases/pipe_fine_reference/qc/
>f+++++++++ outputs/stage02/cases/pipe_fine_reference/qc/analytic_comparison.json
>f+++++++++ outputs/stage02/cases/pipe_fine_reference/qc/flux.json
>f+++++++++ outputs/stage02/cases/pipe_fine_reference/qc/solver.json
cd+++++++++ outputs/stage02/cases/pipe_fine_reference/solution/
>f+++++++++ outputs/stage02/cases/pipe_fine_reference/solution/primary_checkpoint.npz
cd+++++++++ outputs/stage02/cases/pipe_medium_natural/
cd+++++++++ outputs/stage02/cases/pipe_medium_natural/metadata/
>f+++++++++ outputs/stage02/cases/pipe_medium_natural/metadata/config_snapshot.json
>f+++++++++ outputs/stage02/cases/pipe_medium_natural/metadata/run.json
cd+++++++++ outputs/stage02/cases/pipe_medium_natural/qc/
>f+++++++++ outputs/stage02/cases/pipe_medium_natural/qc/analytic_comparison.json
>f+++++++++ outputs/stage02/cases/pipe_medium_natural/qc/flux.json
>f+++++++++ outputs/stage02/cases/pipe_medium_natural/qc/solver.json
cd+++++++++ outputs/stage02/cases/pipe_medium_natural/solution/
>f+++++++++ outputs/stage02/cases/pipe_medium_natural/solution/primary_checkpoint.npz
cd+++++++++ outputs/stage02/cases/pipe_medium_reference/
cd+++++++++ outputs/stage02/cases/pipe_medium_reference/metadata/
>f+++++++++ outputs/stage02/cases/pipe_medium_reference/metadata/config_snapshot.json
>f+++++++++ outputs/stage02/cases/pipe_medium_reference/metadata/run.json
cd+++++++++ outputs/stage02/cases/pipe_medium_reference/qc/
>f+++++++++ outputs/stage02/cases/pipe_medium_reference/qc/analytic_comparison.json
>f+++++++++ outputs/stage02/cases/pipe_medium_reference/qc/flux.json
>f+++++++++ outputs/stage02/cases/pipe_medium_reference/qc/solver.json
cd+++++++++ outputs/stage02/cases/pipe_medium_reference/solution/
>f+++++++++ outputs/stage02/cases/pipe_medium_reference/solution/primary_checkpoint.npz
.d..t...... outputs/stage02/jit_cache/
>f+++++++++ outputs/stage02/jit_cache/libffcx_forms_0c56a660aa7c0bba2340a0cf6b74184809024733.c
>f+++++++++ outputs/stage02/jit_cache/libffcx_forms_0c56a660aa7c0bba2340a0cf6b74184809024733.c.cached
>f+++++++++ outputs/stage02/jit_cache/libffcx_forms_0c56a660aa7c0bba2340a0cf6b74184809024733.cpython-312-x86_64-linux-gnu.so
>f+++++++++ outputs/stage02/jit_cache/libffcx_forms_0c56a660aa7c0bba2340a0cf6b74184809024733.o
>f+++++++++ outputs/stage02/jit_cache/libffcx_forms_114e81942abdf2cea4b51d20354c22dc6a43e57c.c
>f+++++++++ outputs/stage02/jit_cache/libffcx_forms_114e81942abdf2cea4b51d20354c22dc6a43e57c.c.cached
>f+++++++++ outputs/stage02/jit_cache/libffcx_forms_114e81942abdf2cea4b51d20354c22dc6a43e57c.cpython-312-x86_64-linux-gnu.so
>f+++++++++ outputs/stage02/jit_cache/libffcx_forms_114e81942abdf2cea4b51d20354c22dc6a43e57c.o
>f+++++++++ outputs/stage02/jit_cache/libffcx_forms_1531dfd06985a3620a428c15ab17a760dcc23408.c
>f+++++++++ outputs/stage02/jit_cache/libffcx_forms_1531dfd06985a3620a428c15ab17a760dcc23408.c.cached
>f+++++++++ outputs/stage02/jit_cache/libffcx_forms_1531dfd06985a3620a428c15ab17a760dcc23408.cpython-312-x86_64-linux-gnu.so
>f+++++++++ outputs/stage02/jit_cache/libffcx_forms_1531dfd06985a3620a428c15ab17a760dcc23408.o
>f+++++++++ outputs/stage02/jit_cache/libffcx_forms_1aa5cea98f9b64cd2f2182ed7789fe08c0b7f346.c
>f+++++++++ outputs/stage02/jit_cache/libffcx_forms_1aa5cea98f9b64cd2f2182ed7789fe08c0b7f346.c.cached
>f+++++++++ outputs/stage02/jit_cache/libffcx_forms_1aa5cea98f9b64cd2f2182ed7789fe08c0b7f346.cpython-312-x86_64-linux-gnu.so
>f+++++++++ outputs/stage02/jit_cache/libffcx_forms_1aa5cea98f9b64cd2f2182ed7789fe08c0b7f346.o
>f+++++++++ outputs/stage02/jit_cache/libffcx_forms_2febf6dcef3463f61e5f043275246bd147d4a775.c
>f+++++++++ outputs/stage02/jit_cache/libffcx_forms_2febf6dcef3463f61e5f043275246bd147d4a775.c.cached
>f+++++++++ outputs/stage02/jit_cache/libffcx_forms_2febf6dcef3463f61e5f043275246bd147d4a775.cpython-312-x86_64-linux-gnu.so
>f+++++++++ outputs/stage02/jit_cache/libffcx_forms_2febf6dcef3463f61e5f043275246bd147d4a775.o
>f+++++++++ outputs/stage02/jit_cache/libffcx_forms_3e0bf3b0e7decef19d1f797d1c7f1b8c6ee34f2e.c
>f+++++++++ outputs/stage02/jit_cache/libffcx_forms_3e0bf3b0e7decef19d1f797d1c7f1b8c6ee34f2e.c.cached
>f+++++++++ outputs/stage02/jit_cache/libffcx_forms_3e0bf3b0e7decef19d1f797d1c7f1b8c6ee34f2e.cpython-312-x86_64-linux-gnu.so
>f+++++++++ outputs/stage02/jit_cache/libffcx_forms_3e0bf3b0e7decef19d1f797d1c7f1b8c6ee34f2e.o
>f+++++++++ outputs/stage02/jit_cache/libffcx_forms_524ff22acdffc74ba5a7c9bd0f30524435adf4d3.c
>f+++++++++ outputs/stage02/jit_cache/libffcx_forms_524ff22acdffc74ba5a7c9bd0f30524435adf4d3.c.cached
>f+++++++++ outputs/stage02/jit_cache/libffcx_forms_524ff22acdffc74ba5a7c9bd0f30524435adf4d3.cpython-312-x86_64-linux-gnu.so
>f+++++++++ outputs/stage02/jit_cache/libffcx_forms_524ff22acdffc74ba5a7c9bd0f30524435adf4d3.o
>f+++++++++ outputs/stage02/jit_cache/libffcx_forms_5f5d177f3a112e89f273ac5f6633c52ef47eabf0.c
>f+++++++++ outputs/stage02/jit_cache/libffcx_forms_5f5d177f3a112e89f273ac5f6633c52ef47eabf0.c.cached
>f+++++++++ outputs/stage02/jit_cache/libffcx_forms_5f5d177f3a112e89f273ac5f6633c52ef47eabf0.cpython-312-x86_64-linux-gnu.so
>f+++++++++ outputs/stage02/jit_cache/libffcx_forms_5f5d177f3a112e89f273ac5f6633c52ef47eabf0.o
>f+++++++++ outputs/stage02/jit_cache/libffcx_forms_6a31cd297a0f9a05994dc6b1a8cb1e2438d4abe2.c
>f+++++++++ outputs/stage02/jit_cache/libffcx_forms_6a31cd297a0f9a05994dc6b1a8cb1e2438d4abe2.c.cached
>f+++++++++ outputs/stage02/jit_cache/libffcx_forms_6a31cd297a0f9a05994dc6b1a8cb1e2438d4abe2.cpython-312-x86_64-linux-gnu.so
>f+++++++++ outputs/stage02/jit_cache/libffcx_forms_6a31cd297a0f9a05994dc6b1a8cb1e2438d4abe2.o
>f+++++++++ outputs/stage02/jit_cache/libffcx_forms_7105d026ae90e197483e730ca4d49a942a639bdc.c
>f+++++++++ outputs/stage02/jit_cache/libffcx_forms_7105d026ae90e197483e730ca4d49a942a639bdc.c.cached
>f+++++++++ outputs/stage02/jit_cache/libffcx_forms_7105d026ae90e197483e730ca4d49a942a639bdc.cpython-312-x86_64-linux-gnu.so
>f+++++++++ outputs/stage02/jit_cache/libffcx_forms_7105d026ae90e197483e730ca4d49a942a639bdc.o
>f+++++++++ outputs/stage02/jit_cache/libffcx_forms_79fa25df853e1a8a00a2c97ab8ce5ed1a7a6037c.c
>f+++++++++ outputs/stage02/jit_cache/libffcx_forms_79fa25df853e1a8a00a2c97ab8ce5ed1a7a6037c.c.cached
>f+++++++++ outputs/stage02/jit_cache/libffcx_forms_79fa25df853e1a8a00a2c97ab8ce5ed1a7a6037c.cpython-312-x86_64-linux-gnu.so
>f+++++++++ outputs/stage02/jit_cache/libffcx_forms_79fa25df853e1a8a00a2c97ab8ce5ed1a7a6037c.o
>f+++++++++ outputs/stage02/jit_cache/libffcx_forms_8085adf0cc1cea66b289b9dd12f9b87033e6af93.c
>f+++++++++ outputs/stage02/jit_cache/libffcx_forms_8085adf0cc1cea66b289b9dd12f9b87033e6af93.c.cached
>f+++++++++ outputs/stage02/jit_cache/libffcx_forms_8085adf0cc1cea66b289b9dd12f9b87033e6af93.cpython-312-x86_64-linux-gnu.so
>f+++++++++ outputs/stage02/jit_cache/libffcx_forms_8085adf0cc1cea66b289b9dd12f9b87033e6af93.o
>f+++++++++ outputs/stage02/jit_cache/libffcx_forms_81141ec038fc9d8ad87ef2a8a0b6064014e658a6.c
>f+++++++++ outputs/stage02/jit_cache/libffcx_forms_81141ec038fc9d8ad87ef2a8a0b6064014e658a6.c.cached
>f+++++++++ outputs/stage02/jit_cache/libffcx_forms_81141ec038fc9d8ad87ef2a8a0b6064014e658a6.cpython-312-x86_64-linux-gnu.so
>f+++++++++ outputs/stage02/jit_cache/libffcx_forms_81141ec038fc9d8ad87ef2a8a0b6064014e658a6.o
>f+++++++++ outputs/stage02/jit_cache/libffcx_forms_853713954d44726d176b6728dc1d94a537dcdbcb.c
>f+++++++++ outputs/stage02/jit_cache/libffcx_forms_853713954d44726d176b6728dc1d94a537dcdbcb.c.cached
>f+++++++++ outputs/stage02/jit_cache/libffcx_forms_853713954d44726d176b6728dc1d94a537dcdbcb.cpython-312-x86_64-linux-gnu.so
>f+++++++++ outputs/stage02/jit_cache/libffcx_forms_853713954d44726d176b6728dc1d94a537dcdbcb.o
>f+++++++++ outputs/stage02/jit_cache/libffcx_forms_857ae656536bb1668abbb12a9aad771c378081c2.c
>f+++++++++ outputs/stage02/jit_cache/libffcx_forms_857ae656536bb1668abbb12a9aad771c378081c2.c.cached
>f+++++++++ outputs/stage02/jit_cache/libffcx_forms_857ae656536bb1668abbb12a9aad771c378081c2.cpython-312-x86_64-linux-gnu.so
>f+++++++++ outputs/stage02/jit_cache/libffcx_forms_857ae656536bb1668abbb12a9aad771c378081c2.o
>f+++++++++ outputs/stage02/jit_cache/libffcx_forms_897f582afc0ac3093941812b1ce7dd7292a12217.c
>f+++++++++ outputs/stage02/jit_cache/libffcx_forms_897f582afc0ac3093941812b1ce7dd7292a12217.c.cached
>f+++++++++ outputs/stage02/jit_cache/libffcx_forms_897f582afc0ac3093941812b1ce7dd7292a12217.cpython-312-x86_64-linux-gnu.so
>f+++++++++ outputs/stage02/jit_cache/libffcx_forms_897f582afc0ac3093941812b1ce7dd7292a12217.o
>f+++++++++ outputs/stage02/jit_cache/libffcx_forms_8f77b63342cf8fa92c8f543020d2b441e52bb6ff.c
>f+++++++++ outputs/stage02/jit_cache/libffcx_forms_8f77b63342cf8fa92c8f543020d2b441e52bb6ff.c.cached
>f+++++++++ outputs/stage02/jit_cache/libffcx_forms_8f77b63342cf8fa92c8f543020d2b441e52bb6ff.cpython-312-x86_64-linux-gnu.so
>f+++++++++ outputs/stage02/jit_cache/libffcx_forms_8f77b63342cf8fa92c8f543020d2b441e52bb6ff.o
>f+++++++++ outputs/stage02/jit_cache/libffcx_forms_8fc86041c945bc7dccca8206d167b3f58dd92725.c
>f+++++++++ outputs/stage02/jit_cache/libffcx_forms_8fc86041c945bc7dccca8206d167b3f58dd92725.c.cached
>f+++++++++ outputs/stage02/jit_cache/libffcx_forms_8fc86041c945bc7dccca8206d167b3f58dd92725.cpython-312-x86_64-linux-gnu.so
>f+++++++++ outputs/stage02/jit_cache/libffcx_forms_8fc86041c945bc7dccca8206d167b3f58dd92725.o
>f+++++++++ outputs/stage02/jit_cache/libffcx_forms_9e0ae2eceb60139d99a492888f489bdeaf3f8ed7.c
>f+++++++++ outputs/stage02/jit_cache/libffcx_forms_9e0ae2eceb60139d99a492888f489bdeaf3f8ed7.c.cached
>f+++++++++ outputs/stage02/jit_cache/libffcx_forms_9e0ae2eceb60139d99a492888f489bdeaf3f8ed7.cpython-312-x86_64-linux-gnu.so
>f+++++++++ outputs/stage02/jit_cache/libffcx_forms_9e0ae2eceb60139d99a492888f489bdeaf3f8ed7.o
>f+++++++++ outputs/stage02/jit_cache/libffcx_forms_a1388adf8cbc2113301ce12172c8d4903657f89d.c
>f+++++++++ outputs/stage02/jit_cache/libffcx_forms_a1388adf8cbc2113301ce12172c8d4903657f89d.c.cached
>f+++++++++ outputs/stage02/jit_cache/libffcx_forms_a1388adf8cbc2113301ce12172c8d4903657f89d.cpython-312-x86_64-linux-gnu.so
>f+++++++++ outputs/stage02/jit_cache/libffcx_forms_a1388adf8cbc2113301ce12172c8d4903657f89d.o
>f+++++++++ outputs/stage02/jit_cache/libffcx_forms_a185b20399ddb8ab044e057c1ec0a85a2d2fa6f5.c
>f+++++++++ outputs/stage02/jit_cache/libffcx_forms_a185b20399ddb8ab044e057c1ec0a85a2d2fa6f5.c.cached
>f+++++++++ outputs/stage02/jit_cache/libffcx_forms_a185b20399ddb8ab044e057c1ec0a85a2d2fa6f5.cpython-312-x86_64-linux-gnu.so
>f+++++++++ outputs/stage02/jit_cache/libffcx_forms_a185b20399ddb8ab044e057c1ec0a85a2d2fa6f5.o
>f+++++++++ outputs/stage02/jit_cache/libffcx_forms_b874f6ae3b5df9f5f25b4ecf4ccb1dd761e4b0a6.c
>f+++++++++ outputs/stage02/jit_cache/libffcx_forms_b874f6ae3b5df9f5f25b4ecf4ccb1dd761e4b0a6.c.cached
>f+++++++++ outputs/stage02/jit_cache/libffcx_forms_b874f6ae3b5df9f5f25b4ecf4ccb1dd761e4b0a6.cpython-312-x86_64-linux-gnu.so
>f+++++++++ outputs/stage02/jit_cache/libffcx_forms_b874f6ae3b5df9f5f25b4ecf4ccb1dd761e4b0a6.o
>f+++++++++ outputs/stage02/jit_cache/libffcx_forms_ba3e4dcc67e84dcaa2c2af4edc5a8c36a9ca1391.c
>f+++++++++ outputs/stage02/jit_cache/libffcx_forms_ba3e4dcc67e84dcaa2c2af4edc5a8c36a9ca1391.c.cached
>f+++++++++ outputs/stage02/jit_cache/libffcx_forms_ba3e4dcc67e84dcaa2c2af4edc5a8c36a9ca1391.cpython-312-x86_64-linux-gnu.so
>f+++++++++ outputs/stage02/jit_cache/libffcx_forms_ba3e4dcc67e84dcaa2c2af4edc5a8c36a9ca1391.o
>f+++++++++ outputs/stage02/jit_cache/libffcx_forms_c6db81593bdd0914887654d34c7d50673c6f051a.c
>f+++++++++ outputs/stage02/jit_cache/libffcx_forms_c6db81593bdd0914887654d34c7d50673c6f051a.c.cached
>f+++++++++ outputs/stage02/jit_cache/libffcx_forms_c6db81593bdd0914887654d34c7d50673c6f051a.cpython-312-x86_64-linux-gnu.so
>f+++++++++ outputs/stage02/jit_cache/libffcx_forms_c6db81593bdd0914887654d34c7d50673c6f051a.o
>f+++++++++ outputs/stage02/jit_cache/libffcx_forms_d6c79752b625ba5dee40cbd9ef937d924a0d9e88.c
>f+++++++++ outputs/stage02/jit_cache/libffcx_forms_d6c79752b625ba5dee40cbd9ef937d924a0d9e88.c.cached
>f+++++++++ outputs/stage02/jit_cache/libffcx_forms_d6c79752b625ba5dee40cbd9ef937d924a0d9e88.cpython-312-x86_64-linux-gnu.so
>f+++++++++ outputs/stage02/jit_cache/libffcx_forms_d6c79752b625ba5dee40cbd9ef937d924a0d9e88.o
>f+++++++++ outputs/stage02/jit_cache/libffcx_forms_df2cf1891990cc69f897e6b1f50fedbae36b2d29.c
>f+++++++++ outputs/stage02/jit_cache/libffcx_forms_df2cf1891990cc69f897e6b1f50fedbae36b2d29.c.cached
>f+++++++++ outputs/stage02/jit_cache/libffcx_forms_df2cf1891990cc69f897e6b1f50fedbae36b2d29.cpython-312-x86_64-linux-gnu.so
>f+++++++++ outputs/stage02/jit_cache/libffcx_forms_df2cf1891990cc69f897e6b1f50fedbae36b2d29.o
>f+++++++++ outputs/stage02/jit_cache/libffcx_forms_e792a4e9de4c486afd00e8ca32c1188648ab3cfc.c
>f+++++++++ outputs/stage02/jit_cache/libffcx_forms_e792a4e9de4c486afd00e8ca32c1188648ab3cfc.c.cached
>f+++++++++ outputs/stage02/jit_cache/libffcx_forms_e792a4e9de4c486afd00e8ca32c1188648ab3cfc.cpython-312-x86_64-linux-gnu.so
>f+++++++++ outputs/stage02/jit_cache/libffcx_forms_e792a4e9de4c486afd00e8ca32c1188648ab3cfc.o
>f+++++++++ outputs/stage02/jit_cache/libffcx_forms_ed25d4f87c0cba21609a36acca3dfcea151a87e1.c
>f+++++++++ outputs/stage02/jit_cache/libffcx_forms_ed25d4f87c0cba21609a36acca3dfcea151a87e1.c.cached
>f+++++++++ outputs/stage02/jit_cache/libffcx_forms_ed25d4f87c0cba21609a36acca3dfcea151a87e1.cpython-312-x86_64-linux-gnu.so
>f+++++++++ outputs/stage02/jit_cache/libffcx_forms_ed25d4f87c0cba21609a36acca3dfcea151a87e1.o
cd+++++++++ outputs/stage02/meshes/
cd+++++++++ outputs/stage02/meshes/pipe_coarse/
>f+++++++++ outputs/stage02/meshes/pipe_coarse/metadata.json
>f+++++++++ outputs/stage02/meshes/pipe_coarse/pipe.h5
>f+++++++++ outputs/stage02/meshes/pipe_coarse/pipe.msh
>f+++++++++ outputs/stage02/meshes/pipe_coarse/pipe.xdmf
cd+++++++++ outputs/stage02/meshes/pipe_fine/
>f+++++++++ outputs/stage02/meshes/pipe_fine/metadata.json
>f+++++++++ outputs/stage02/meshes/pipe_fine/pipe.h5
>f+++++++++ outputs/stage02/meshes/pipe_fine/pipe.msh
>f+++++++++ outputs/stage02/meshes/pipe_fine/pipe.xdmf
cd+++++++++ outputs/stage02/meshes/pipe_medium/
>f+++++++++ outputs/stage02/meshes/pipe_medium/metadata.json
>f+++++++++ outputs/stage02/meshes/pipe_medium/pipe.h5
>f+++++++++ outputs/stage02/meshes/pipe_medium/pipe.msh
>f+++++++++ outputs/stage02/meshes/pipe_medium/pipe.xdmf
