{
  "all_pass": true,
  "case": "mean-2p0-mmps-A-H0-pressure-v1",
  "source_field_sha256": "064cbd28f3efa72f426fc946b2f29da21f056c596609095e7283d39070aa55f4",
  "source_case": "/home/lzy/projects/ulm_flow_mean_2p0_mmps/formal_3D_flow_solver/FEM_SimVascular/flow_cases/mean-2p0-mmps-A-H0-pressure-v1",
  "original_diagnostics_implementation": "/home/lzy/projects/ulm_flow_mean_2p0_mmps/formal_3D_flow_solver/FEM_SimVascular/scripts/flow_2mmps/compute_field_diagnostics.py",
  "original_diagnostics_sha256": "efa12e218bcaf99ba07db7194d3b8da79251da709c0a54a97ad6f6179be6e438",
  "viscosity_Pa_s": 0.00345312,
  "pressure_Pa": {
    "min": -1.8581051352410456,
    "max": 4985.080923960234,
    "surface_min": -1.8581051352410456,
    "surface_max": 4985.080923960234
  },
  "wss_Pa": {
    "raw_min": 0.4147671292368573,
    "raw_max": 46.52023918543966,
    "area_weighted_mean": 12.531002489435116,
    "display_min": 0.6969411462662772,
    "display_max": 41.933355678244446
  },
  "wss_method": "Exact P1 tetra velocity gradients; tangential viscous traction on outward planar WALL facets",
  "wss_display": "Area-weighted mean of incident facet magnitudes at original wall nodes; geometry unchanged",
  "wss_vector_convention": "(I-n*n^T)*mu*(grad(u)+grad(u)^T)*n",
  "wss_not_native_saved_solver_output": true,
  "mesh_convergence_not_assessed": true,
  "wall_facets": 45221,
  "independent_gradient_max_absolute_error_s_inv": 1.673470251262188e-10,
  "tangency_max_error_Pa": 1.0658141036401503e-14,
  "unique_parent_for_all_wall_facets": true,
  "max_wall_speed_m_s": 0.0,
  "physical_geometry_unchanged": true,
  "source_values_clipped": false,
  "outputs_sha256": {
    "data/pressure_surface_si.vtp": "9dde2233d039764e53e90927e042e070ea24eda3f204b6c52749d08748abe1ee",
    "data/wall_wss_si.vtp": "482759b6cbfb011757957ea093a27951af35d0585fd3e380110c1efac9c67155"
  },
  "elapsed_seconds": 3.126255047000086
}
