STREAMLINE_CANDIDATES 96 / 768 {'OUTLET_02': 35, 'OUTLET_01': 7, 'OUTLET_03': 52, 'POINT_TIME_HORIZON_30S': 2}
STREAMLINE_CANDIDATES 192 / 768 {'OUTLET_02': 74, 'OUTLET_01': 13, 'OUTLET_03': 97, 'POINT_TIME_HORIZON_30S': 8}
STREAMLINE_CANDIDATES 288 / 768 {'OUTLET_02': 121, 'OUTLET_01': 18, 'OUTLET_03': 138, 'POINT_TIME_HORIZON_30S': 11}
STREAMLINE_CANDIDATES 384 / 768 {'OUTLET_02': 163, 'OUTLET_01': 24, 'OUTLET_03': 185, 'POINT_TIME_HORIZON_30S': 12}
STREAMLINE_CANDIDATES 480 / 768 {'OUTLET_02': 214, 'OUTLET_01': 29, 'OUTLET_03': 221, 'POINT_TIME_HORIZON_30S': 16}
STREAMLINE_CANDIDATES 576 / 768 {'OUTLET_02': 261, 'OUTLET_01': 32, 'OUTLET_03': 262, 'POINT_TIME_HORIZON_30S': 21}
STREAMLINE_CANDIDATES 672 / 768 {'OUTLET_02': 311, 'OUTLET_01': 34, 'OUTLET_03': 303, 'POINT_TIME_HORIZON_30S': 24}
STREAMLINE_CANDIDATES 768 / 768 {'OUTLET_02': 345, 'OUTLET_01': 38, 'OUTLET_03': 359, 'POINT_TIME_HORIZON_30S': 26}
STREAMLINE_VALIDATED 24 / 96
STREAMLINE_VALIDATED 48 / 96
STREAMLINE_VALIDATED 72 / 96
STREAMLINE_VALIDATED 96 / 96
{
  "all_pass": true,
  "field_case": "mean-2p0-mmps-A-H0-pressure-v1",
  "inlet_mean_mm_s": 2.0,
  "source_field_sha256": "064cbd28f3efa72f426fc946b2f29da21f056c596609095e7283d39070aa55f4",
  "source_npz_sha256": "ad3e232184338acf3c072b96436e9fc81de8073189d15b2010a35f5d504cffb2",
  "seed": 2026092203,
  "candidate_count": 768,
  "candidate_outcomes": {
    "OUTLET_02": 345,
    "OUTLET_01": 38,
    "OUTLET_03": 359,
    "POINT_TIME_HORIZON_30S": 26
  },
  "selected_count": 96,
  "selected_outlet_counts": {
    "OUTLET_01": 16,
    "OUTLET_02": 56,
    "OUTLET_03": 24
  },
  "selection": "OUTLET_STRATIFIED_FARTHEST_ENDPOINT_SPACING_FOR_VISUALIZATION",
  "line_counts_are_not_flow_fractions": true,
  "all_seeds_on_original_inlet": true,
  "all_selected_endpoints_reclassified_on_actual_outlet_triangles": true,
  "all_selected_samples_inside_original_tetra_mesh": true,
  "all_selected_refined_outlet_labels_match": true,
  "maximum_refined_path_difference_um": 0.0027316626969227046,
  "maximum_refined_endpoint_difference_um": 0.0013988802575501888,
  "method": "DOUBLE_PRECISION_P1_RK23_NATIVE",
  "maximum_spatial_step_m": 1.5e-07,
  "local_position_error_tolerance_m": 1e-11,
  "terminal_step_rule": "ACTUAL_OPEN_CAP_INTERSECTION_WITH_LOCAL_EULER_STEP_WITHIN_2_PERCENT_SPATIAL_STEP",
  "terminal_approximation_maximum_length_nm": 3.0,
  "no_target_outlet_steering": true,
  "no_artificial_path_extension": true,
  "no_spline_smoothing": true,
  "physical_role": "STEADY_FLOW_POINT_STREAMLINES_NOT_FINITE_SIZE_MICROBUBBLE_TRAJECTORIES",
  "original_inputs_and_visuals_unchanged": true,
  "unchanged_file_count": 10,
  "dependency_root": "/home/lzy/projects/ulm_particle_3d_particle0/particle_3d/src",
  "hostname": "localhost",
  "elapsed_seconds": 8.472875118255615,
  "script_sha256": "b996b99df51327a7afb4b52e219a0ba5b7fc4a0df17c665cb1576e94f91c120c"
}
