 Starting up Musubi with nprocs:            2

 .___  ___.  __    __       _______. __    __  .______    __  
 |   \/   | |  |  |  |     /       ||  |  |  | |   _  \  |  | 
 |  \  /  | |  |  |  |    |   (----`|  |  |  | |  |_)  | |  | 
 |  |\/|  | |  |  |  |     \   \    |  |  |  | |   _  <  |  | 
 |  |  |  | |  `--'  | .----)   |   |  `--'  | |  |_)  | |  | 
 |__|  |__|  \______/  |_______/     \______/  |______/  |_v2.0.0-4-g4e8b27

 (C) 2012 German Research School for Simulation Sciences
 (C) 2013-2020 University Siegen
 (C) 2021 German Aerospace Center (DLR) -
          Institute of Software Methods for Product Virtualization
 
--------------------------------------------------------------------------------
 | INFORMATION ON THE EXECUTABLE
 | Revision of the code in this executable: 81f8c4f13772+
 |
 | Compiled with GFORTRAN in version 13.4.0
 | Using the command /home/lzy/.local/bin/mpif90
 | And the following flags:
 | -O3 -march=native -Wall -Wno-maybe-uninitialized -Werror -Wno-unused-dum
 | my-argument -fmax-stack-var-size=131072 -std=f2008 -pedantic-errors -O3
 | -march=native -Wall -Wno-maybe-uninitialized -Werror
 |
 | Build date: 2026-08-29
--------------------------------------------------------------------------------
--------------------------------------------------------------------------------
 | PRE-PROCESSING SETTINGS:
 | Using AOS (array of structures data layout)
 | Using PULL for streaming
--------------------------------------------------------------------------------

Run at: 2026-08-30 17:46 UTC+02:00

 Loading configuration file: musubi.lua
--------------------------------------------------------------------------------
--------------------------------------------------------------------------------
--------------------------------------------------------------------------------
Loading general parameters:
Using /dev/null as null device.
Will print run time info in the end
(/proc/self/status).
Size of the IO Buffer (MB): 8
Simulation Name: periodic_pipe_force_axis_n27
 +-------------------------------------------+
  - Now:
  iterations:            0
  simTime   :    0.0000000000000000     
  wallClock :    6.9911410000000002E-003
 
  - Time Control:
 +-------------------------------------------+
Iterations between trigger checks: 1
  - Min:
  iterations:            0
  simTime   :    0.0000000000000000     
 
  - Max:
  iterations:         2000
 
  - Interval:
  iterations:           50
 +-------------------------------------------+
 
  - Abort Criteria:
  stop_file: stop
  steady_state:  F
 
  - Status:
 +-------------------------------------------+
 Using global alltoall
 Loading communication pattern:
 isend_irecv
Write timings to: tracking/musubi_timing.res
--------------------------------------------------------------------------------
 Loading general solver params: 
 Choosing Control Routine: standard
 Setting SCALING to:diffusive
Solid elements will be removed from BC list
Block size (elements): 576
--------------------------------------------------------------------------------
 No read restart given. Loading mesh file
 Obtaining HEADER of the configured mesh
 Load mesh header from file: mesh/header.lua
 The real bounding cube is...
   min:    1.3439577887009087E-005   1.3439577887009087E-005   5.4926970494732794E-006
   max:    1.6478091148419836E-005   1.6478091148419836E-005   2.4424971985955646E-005
--------------------------------------------------------------------------------
 Load mesh header from file: mesh/header.lua
 The real bounding cube is...
   min:    1.3439577887009087E-005   1.3439577887009087E-005   5.4926970494732794E-006
   max:    1.6478091148419836E-005   1.6478091148419836E-005   2.4424971985955646E-005
 Load mesh from file: mesh/elemlist.lsb
 using one process to read and broadcast
 Done, reading the mesh!
 NO BALANCING!
 Done loading weights.
 Got a mesh with following properties:
                 Mesh name: fluidTree
  Total number of elements: 90720
  Local number of elements: 45360
      Number of properties: 2
      Number of partitions: 2
             Minimum level: 8
             Maximum level: 8
       Bounding Box Origin:     0.0000    0.0000    0.0000
       Bounding Box Length:     0.0000
     Coarsest element size:     0.0000
       Finest element size:     0.0000
  Number of boundary elements: 8560
      Number of qVal elements: 8100
--------------------------------------------------------------------------------
 Load boundary ID from file: mesh/bnd.lsb
 read on a single process
Loading qVal data from directory: mesh/
 Load hasQVal from file: mesh/qval.lsb
 Done, reading the qVal!
 No IBM found!
--------------------------------------------------------------------------------
Lattice dx and dt on each level
level=8, dxL=   1.00000, dtL=   1.00000
--------------------------------------------------------------------------------
--------------------------------------------------------------------------------
  Loading physics table ...
  Physics table is defined.
  All values are expressed in physical units.
 Speed of sound (cs) is not defined.
 Attempting to load time step dt on coarsest level:
   cs =    8.094E+00
   dt =    8.336E-09
 WARNING: No value given for coulomb0
 WARNING: Reference coulomb0 is not found. 
 Setting reference coulomb0 to fundamental electrical charge.
Reference physical quantities:
  rho0       =    1.056E+03
  mass0      =    1.685E-18
  mole0      =    1.661E-24
  moleDens0  =    1.040E-03
  molWeight0 =    1.015E+06
  Temp0      =    1.000E+00
  coulomb0   =  160.218E-21
Conversion factors on level: 8
  dx            =  116.866E-09
  dt            =    8.336E-09
  pressure      =  207.553E+03
  velocity      =   14.019E+00
  kine. visc.   =    1.638E-06
  dyn. visc.    =    1.730E-03
  acceleration  =    1.682E+09
  force         =    2.835E-09
  body force    =    1.776E+12
  strain rate   =  119.962E+06
  energy        =  331.277E-18
  moleFlux      =   14.585E-03
  chargeDens    =  100.380E+00
  currentDens   =    1.407E+03
  massflux      =   14.805E+03
  diffusivity   =    1.638E-06
  faraday       =   96.485E+03
  gasConst      =  199.500E+06
  potential     =    2.068E+03

Over level scale factor: 
    pressure:    1.000E+00
    velocity:    1.000E+00
 strain rate:    1.000E+00
--------------------------------------------------------------------------------
--------------------------------------------------------------------------------
Loading Scheme identify table: 
kind: fluid_incompressible
Layout: d3q19
relaxation: bgk
  variant: standard
--------------------------------------------------------------------------------
 Creating stencil kind: d3q19
--------------------------------------------------------------------------------
 Loading the field base info ...
 No field table defined.
 Assuming single field and label = "".
--------------------------------------------------------------------------------
 Initializing global variable system for scheme kind: fluid_incompressible
 Appending state variables 
--------------------------------------------------------------------------------
Interpolation:
  method: quadratic
   order:  2
  weights_method: linear_distance
  inverse distance powefac:  6
--------------------------------------------------------------------------------
 No possible transport variable defined for scheme kind: fluid_incompressible
--------------------------------------------------------------------------------
 Loading the fields ...
 Number of fields to load:            1
 No field table and scheme table are defined.Loading field data from config
 Loading field: 
 Loading the fluid properties.
 Loading fluid informations
 loading space time function from key: kinematic_viscosity
 Spacetime function is a const value:    3.2700000000000000E-006
 St-fun is not a table, thus setting global shape.
 No nonNewtonian table defined
 No turbulence table defined
--------------------------------------------------------------------------------
--------------------------------------------------------------------------------
  Loading initial conditions
Loading spatial for pressure
 Load spatial as single constant
   Spatial for pressure is a defined as const
value =   23.622E+03
Loading spatial for velocityX
   Spatial for velocityX is a defined as lua_fun
Loading spatial for velocityY
   Spatial for velocityY is a defined as lua_fun
Loading spatial for velocityZ
   Spatial for velocityZ is a defined as lua_fun
Loading spatial for Sxx
 Load spatial as single constant
 ERROR: Fatal error occured in loading scalar constants
 WARNING: variable is non-existent!
 Setting kind to be "none" and value =    0.000E+00 for all 1 components
   Spatial for Sxx is a defined as none
Loading spatial for Syy
 Load spatial as single constant
 ERROR: Fatal error occured in loading scalar constants
 WARNING: variable is non-existent!
 Setting kind to be "none" and value =    0.000E+00 for all 1 components
   Spatial for Syy is a defined as none
Loading spatial for Szz
 Load spatial as single constant
 ERROR: Fatal error occured in loading scalar constants
 WARNING: variable is non-existent!
 Setting kind to be "none" and value =    0.000E+00 for all 1 components
   Spatial for Szz is a defined as none
Loading spatial for Sxy
 Load spatial as single constant
 ERROR: Fatal error occured in loading scalar constants
 WARNING: variable is non-existent!
 Setting kind to be "none" and value =    0.000E+00 for all 1 components
   Spatial for Sxy is a defined as none
Loading spatial for Syz
 Load spatial as single constant
 ERROR: Fatal error occured in loading scalar constants
 WARNING: variable is non-existent!
 Setting kind to be "none" and value =    0.000E+00 for all 1 components
   Spatial for Syz is a defined as none
Loading spatial for Sxz
 Load spatial as single constant
 ERROR: Fatal error occured in loading scalar constants
 WARNING: variable is non-existent!
 Setting kind to be "none" and value =    0.000E+00 for all 1 components
   Spatial for Sxz is a defined as none
--------------------------------------------------------------------------------
  Loading BC header
   Found BC wall of kind wall_libb
 matching boundary defination in lua to mesh
 Number of Boundaries: 1
--------------------------------------------------------------------------------
 Loading boundary definition for nBCs: 1
   Boundary: 1
    Curved:  F
     Wall LIBB treatment: wall
    Default qVal:   0.50000000000000000     
   required neighbors: 0
--------------------------------------------------------------------------------
 Loading the mappings from table: source
 Table source could not be opened for reading variable mappings!
--------------------------------------------------------------------------------
 Loading the mappings from table: glob_source
 Expected variable force is defined
 Did not find a variable name for force
 Trying to load it as an anonymous space time function
 loading space time function from key: force
 Spacetime function is a const value:    0.0000000000000000        0.0000000000000000        3884423.6432636492     
 St-fun is not a table, thus setting global shape.
 Found a spacetime function for force
 Expected variable turb_channel_force_accel is NOT defined
 Expected variable absorb_layer is NOT defined
 Expected variable absorb_layer_inlet is NOT defined
 Expected variable absorb_layer_outlet is NOT defined
 Expected variable hrr_correction is NOT defined
 Expected variable brinkman is NOT defined
 Order of approximation for force: 2
 Loading transport variables
--------------------------------------------------------------------------------
--------------------------------------------------------------------------------
 Loading variable vel_analy
   nComponents            1
 loading the spacetime functions for variable vel_analy
 loading space time function from key: st_fun
 St-fun is not a table, thus setting global shape.
 Space-time function for key st_fun:
       pos            1  is defined as lua_fun
--------------------------------------------------------------------------------
 Loading variable vel_error
   nComponents            1
   Loading operation table 
     kind = difference
     input_varname:
                  1 vel_mag_phy
                  2 vel_analy
--------------------------------------------------------------------------------
 Loading tracking ...
Number of Tracking entities: 3
Loading tracker: 1
 Tracking label: mean_velocity
 +-------------------------------------------+
Iterations between trigger checks: 1
  - Min:
  iterations:            0
 
  - Max:
  iterations:         2000
 
  - Interval:
  iterations:           50
 +-------------------------------------------+
  Number of reductions loaded: 1
  their reduceTypes are:
    average
   Loading output table ...
   Output format: ascii
  Loading shape kind: all
  Inverted shape:  F
Done tracker 1
Loading tracker: 2
 Tracking label: profile
 +-------------------------------------------+
Iterations between trigger checks: 1
  - Min:
  iterations:            0
 
  - Max:
  iterations:         2000
 
  - Interval:
  iterations:           50
 +-------------------------------------------+
  Number of reductions loaded: 2
  their reduceTypes are:
    l2norm
    l2norm
   Loading output table ...
   Output format: ascii
  Loading shape kind: all
  Inverted shape:  F
Done tracker 2
Loading tracker: 3
 Tracking label: safety
 +-------------------------------------------+
Iterations between trigger checks: 1
  - Min:
  iterations:            0
 
  - Max:
  iterations:         2000
 
  - Interval:
  iterations:           50
 +-------------------------------------------+
  Number of reductions loaded: 2
  their reduceTypes are:
    max
    min
   Loading output table ...
   Output format: ascii
  Loading shape kind: all
  Inverted shape:  F
Done tracker 3
--------------------------------------------------------------------------------
--------------------------------------------------------------------------------
 NO particle modelling
--------------------------------------------------------------------------------
--------------------------------------------------------------------------------
 Initializing musubi ...
 Initializing the scheme ...
 Map stencil to treelm definition and vice versa ...
Initializing the moment matrix by stencil: d3q19
 Building variable system for scheme kind: fluid_incompressible
 Appending auxiliary variables 
 Current append variable wave loop:            1
 Append derive variables to varSys
 Variable pressure_deviation cant be added due to missing input variable pressure_reference
 Error: variable pressure_deviation is not added to variable system
 Appending boundary variables 
 Append derive physical variables to varSys
 Append variables defined in lua file to varSys
Appending variable  1: vel_analy
Appending variable  2: vel_error
 Append meshInfo variables to varSys
 Current append variable wave loop:            2
 Append derive variables to varSys
 Appending boundary variables 
 Append derive physical variables to varSys
 Append variables defined in lua file to varSys
Appending variable  1: vel_analy
 Variable already exists!
Appending variable  2: vel_error
 Variable already exists!
 Append meshInfo variables to varSys
 Current append variable wave loop:            3
 Append derive variables to varSys
 Appending boundary variables 
 Append derive physical variables to varSys
 Append variables defined in lua file to varSys
Appending variable  1: vel_analy
 Variable already exists!
Appending variable  2: vel_error
 Variable already exists!
 Append meshInfo variables to varSys
 Done appending variables to varSys
 Storing state variable position 
 Storing derive variable position 
--------------------------------------------------------------------------------
 Starting to initialize the geometry
--------------------------------------------------------------------------------
 Creating boundary lists ...
BC: wall, iBnd: 1, normal:   0  0  0, Ind: 19
 Finalizing stencils...
 Total Number of stencils: 1
 iStencil:  1, label: d3q19
 nElems: 90720
 Allocating level Descriptor ...
 Searching the neighbors for each element ...
 Finished searching the neighbors ID for each fluid.
 Creating level descriptor ...
 Building up the element and total list.
 Building level-wise fluid list ...
--------------------------------------------------------------------------------
 Communicating elements ...
Halo count exchange iteration: 1
 Starting all-to-all exchange of halo counts
Finished all-to-all exchanging number of elements
All to all cost: 0.229660E-04
  Finished counting valid procs and nElemsProcs.
   Done communicating nElems to Transfer
  Requesting remote halos on level 8
   Received requested halo elements successfully.
 Finished requesting remote halos
   Done requesting remote halos.
   Identifying lists
 Done exchanging number of elements to communicate.
Return halo counts and Redefine halos ...
  Returning halo counts on level 8
   Redefining halos ... 
   Done communicating stencil buffer
   Done communicating stencil buffer
   Done communicating stencil buffer
 Done with communication of elements. 
--------------------------------------------------------------------------------

 Assembling total list ...
     Level: 8
    nElems: 46480
       fluid: 45360
gFromCoarser: 0
  gFromFiner: 0
        halo: 1120
 Updating dependencies ...
 Updating the stencil entries
  Updating entries in the element stencils...
 Finished building up element and total list. 
Build neighbor array for stencil: 1
 level:  8, nElems to treat: 46480
--------------------------------------------------------------------------------

 Build vertical dep ...
 Total number of elements on Level: 8
   Fluid:   90720
 Global Elements information:
   nElems overall: 92960
   nElems ghost from finer: 0
   nElems ghost from coarser: 0
 
Start filling field BC neighbor list 
 Allocating PDF state, neighbor and bcBuffer array
 nSize of state array: 46480
 Building state array connectivity ...
 Done with state array connectivity.
Set halo elements comm links
Amount of message per proc: 10728
Communication amount compressed to [%]: 50.41

--------------------------------------------------------------------------------
Done initializing geometry. Took [s]      0.18
--------------------------------------------------------------------------------

 Simulation time homogenize:
  iterations:            0
  simTime   :    0.0000000000000000     
  wallClock :    6.9911410000000002E-003
 Time control homogenize:
 +-------------------------------------------+
Iterations between trigger checks: 1
  - Min:
  iterations:            0
 
  - Max:
  iterations:         2000
 
  - Interval:
  iterations:           50
 +-------------------------------------------+
Initialize fluid
  Set relaxation parameter from kinematic viscosity
Fluid properties:
  Reference density rho0:  1.0000000
  Kinematic viscosity STfun kind: const
Kinematic viscosity, (min, max) on level: 8
  Physical: ( 0.0000033, 0.0000033)
  Lattice: ( 1.9958496, 1.9958496)
  Kinematic omega (min,max):( 0.1541414, 0.1541414)
 viscBulk lattice and omega: 
  viscBulk:   1.3305664
  omegaBulk:  0.1541414
Magic lambda for TRT:  0.2500000
HRR sigma:  0.9800000
DRT tauN:  0.7000000
No nonNewtonian table defined.
--------------------------------------------------------------------------------
 Allocate gradient data ...
 Filling gradient data ...
--------------------------------------------------------------------------------
 Create subtree for all space time functions stored 
 in linked list of spacetime function
 Subtree encompasses all fluid elements
Found corresponding nElems: 90720
--------------------------------------------------------------------------------
 Done creating subtree for   1 spacetime functions
--------------------------------------------------------------------------------
--------------------------------------------------------------------------------
 Initializing Source terms ...
--------------------------------------------------------------------------------
--------------------------------------------------------------------------------
 Initializing transport variables ...
 No active transport variables
  Pulling pdfs from neighbor elements before collision
 Initializing tracker...
--------------------------------------------------------------------------------
 Initialize tracking subTree to remove empty objects
--------------------------------------------------------------------------------
 Creating subTree for tracking object mean_velocity
 Subtree encompasses all fluid elements
Found corresponding nElems: 90720
--------------------------------------------------------------------------------
 Creating subTree for tracking object profile
 Subtree encompasses all fluid elements
Found corresponding nElems: 90720
--------------------------------------------------------------------------------
 Creating subTree for tracking object safety
 Subtree encompasses all fluid elements
Found corresponding nElems: 90720
--------------------------------------------------------------------------------
 Time control homogenize:
 +-------------------------------------------+
Iterations between trigger checks: 1
  - Min:
  iterations:            0
 
  - Max:
  iterations:         2000
 
  - Interval:
  iterations:           50
 +-------------------------------------------+
 Time control homogenize:
 +-------------------------------------------+
Iterations between trigger checks: 1
  - Min:
  iterations:            0
 
  - Max:
  iterations:         2000
 
  - Interval:
  iterations:           50
 +-------------------------------------------+
 Time control homogenize:
 +-------------------------------------------+
Iterations between trigger checks: 1
  - Min:
  iterations:            0
 
  - Max:
  iterations:         2000
 
  - Interval:
  iterations:           50
 +-------------------------------------------+
--------------------------------------------------------------------------------
 Initialize tracking objects
--------------------------------------------------------------------------------
Track object: 1, label: mean_velocity
 Initializing reduction ...
Track object: 2, label: profile
 Initializing reduction ...
Track object: 3, label: safety
 Initializing reduction ...
 Auxiliary field halo communication DEACTIVATED.
Initialize BndForce
 Initializing IBM surface data
--------------------------------------------------------------------------------

--------------------------------------------------------------------------------
Initialize flow
 Initialize compute kernel for scheme kind: fluid_incompressible
 Choosing fluid_incompressible relaxation model: bgk for layout d3q19
 mus_load_particles: no particle table found
Initialize 1 boundary conditions
 Initializing BC: wall
--------------------------------------------------------------------------------
 Starting Musubi MAIN loop with time control:
 +-------------------------------------------+
Iterations between trigger checks: 1
  - Min:
  iterations:            0
 
  - Max:
  iterations:         2000
 
  - Interval:
  iterations:           50
 +-------------------------------------------+
Select fast single level control routine.
Particulate flow simulations disabled!
--------------------------------------------------------------------------------
  iterations:            0
  simTime   :    0.0000000000000000     
  wallClock :    6.9911410000000002E-003
      field |       total density
          1 |   30.9755214802E+03

  iterations:           50
  simTime   :    4.1679801443287256E-007
  wallClock :    1.0728459470000000     
      field |       total density
          1 |   30.9755214787E+03

  iterations:          100
  simTime   :    8.3359602886574660E-007
  wallClock :    1.6209585250000000     
      field |       total density
          1 |   30.9755214780E+03

  iterations:          150
  simTime   :    1.2503940432986172E-006
  wallClock :    2.1889592090000001     
      field |       total density
          1 |   30.9755214773E+03

  iterations:          200
  simTime   :    1.6671920577314864E-006
  wallClock :    2.7521188400000001     
      field |       total density
          1 |   30.9755214766E+03

  iterations:          250
  simTime   :    2.0839900721643556E-006
  wallClock :    3.2676486969999998     
      field |       total density
          1 |   30.9755214759E+03

  iterations:          300
  simTime   :    2.5007880865972248E-006
  wallClock :    3.7764527929999998     
      field |       total density
          1 |   30.9755214753E+03

  iterations:          350
  simTime   :    2.9175861010300939E-006
  wallClock :    4.3939622869999999     
      field |       total density
          1 |   30.9755214746E+03

  iterations:          400
  simTime   :    3.3343841154629631E-006
  wallClock :    4.9501699659999998     
      field |       total density
          1 |   30.9755214739E+03

  iterations:          450
  simTime   :    3.7511821298958323E-006
  wallClock :    5.4853941040000000     
      field |       total density
          1 |   30.9755214732E+03

  iterations:          500
  simTime   :    4.1679801443287019E-006
  wallClock :    6.0398137050000003     
      field |       total density
          1 |   30.9755214725E+03

  iterations:          550
  simTime   :    4.5847781587615710E-006
  wallClock :    6.5766195720000002     
      field |       total density
          1 |   30.9755214718E+03

  iterations:          600
  simTime   :    5.0015761731944402E-006
  wallClock :    7.1429467710000001     
      field |       total density
          1 |   30.9755214711E+03

  iterations:          650
  simTime   :    5.4183741876273094E-006
  wallClock :    7.7141694139999997     
      field |       total density
          1 |   30.9755214705E+03

  iterations:          700
  simTime   :    5.8351722020601785E-006
  wallClock :    8.2440970470000003     
      field |       total density
          1 |   30.9755214698E+03

  iterations:          750
  simTime   :    6.2519702164930477E-006
  wallClock :    8.8099808829999997     
      field |       total density
          1 |   30.9755214691E+03

  iterations:          800
  simTime   :    6.6687682309259169E-006
  wallClock :    9.3281683599999994     
      field |       total density
          1 |   30.9755214684E+03

  iterations:          850
  simTime   :    7.0855662453587860E-006
  wallClock :    9.8745627020000004     
      field |       total density
          1 |   30.9755214677E+03

  iterations:          900
  simTime   :    7.5023642597916552E-006
  wallClock :    10.531584521999999     
      field |       total density
          1 |   30.9755214670E+03

  iterations:          950
  simTime   :    7.9191622742245244E-006
  wallClock :    11.061839959000000     
      field |       total density
          1 |   30.9755214663E+03

  iterations:         1000
  simTime   :    8.3359602886573935E-006
  wallClock :    11.574102473000000     
      field |       total density
          1 |   30.9755214657E+03

  iterations:         1050
  simTime   :    8.7527583030902627E-006
  wallClock :    12.110143450000001     
      field |       total density
          1 |   30.9755214650E+03

  iterations:         1100
  simTime   :    9.1695563175231319E-006
  wallClock :    12.658730238000000     
      field |       total density
          1 |   30.9755214643E+03

  iterations:         1150
  simTime   :    9.5863543319560010E-006
  wallClock :    13.224656231000001     
      field |       total density
          1 |   30.9755214636E+03

  iterations:         1200
  simTime   :    1.0003152346388870E-005
  wallClock :    13.783320859000000     
      field |       total density
          1 |   30.9755214629E+03

  iterations:         1250
  simTime   :    1.0419950360821739E-005
  wallClock :    14.310246811000001     
      field |       total density
          1 |   30.9755214622E+03

  iterations:         1300
  simTime   :    1.0836748375254609E-005
  wallClock :    14.893293583000000     
      field |       total density
          1 |   30.9755214615E+03

  iterations:         1350
  simTime   :    1.1253546389687478E-005
  wallClock :    15.477895146000000     
      field |       total density
          1 |   30.9755214609E+03

  iterations:         1400
  simTime   :    1.1670344404120347E-005
  wallClock :    16.000413516999998     
      field |       total density
          1 |   30.9755214602E+03

  iterations:         1450
  simTime   :    1.2087142418553216E-005
  wallClock :    16.574765635999999     
      field |       total density
          1 |   30.9755214595E+03

  iterations:         1500
  simTime   :    1.2503940432986085E-005
  wallClock :    17.105483518000000     
      field |       total density
          1 |   30.9755214588E+03

  iterations:         1550
  simTime   :    1.2920738447418954E-005
  wallClock :    17.651192365000000     
      field |       total density
          1 |   30.9755214581E+03

  iterations:         1600
  simTime   :    1.3337536461851824E-005
  wallClock :    18.226491467999999     
      field |       total density
          1 |   30.9755214574E+03

  iterations:         1650
  simTime   :    1.3754334476284693E-005
  wallClock :    18.742146914999999     
      field |       total density
          1 |   30.9755214567E+03

  iterations:         1700
  simTime   :    1.4171132490717562E-005
  wallClock :    19.291963472999999     
      field |       total density
          1 |   30.9755214560E+03

  iterations:         1750
  simTime   :    1.4587930505150431E-005
  wallClock :    19.914623723999998     
      field |       total density
          1 |   30.9755214554E+03

  iterations:         1800
  simTime   :    1.5004728519583300E-005
  wallClock :    20.457596759000001     
      field |       total density
          1 |   30.9755214547E+03

  iterations:         1850
  simTime   :    1.5421526534016203E-005
  wallClock :    20.985984740999999     
      field |       total density
          1 |   30.9755214540E+03

  iterations:         1900
  simTime   :    1.5838324548449157E-005
  wallClock :    21.498004388999998     
      field |       total density
          1 |   30.9755214533E+03

  iterations:         1950
  simTime   :    1.6255122562882111E-005
  wallClock :    22.028722889000001     
      field |       total density
          1 |   30.9755214526E+03

  iterations:         2000
  simTime   :    1.6671920577315065E-005
  wallClock :    22.647073769999999     
      field |       total density
          1 |   30.9755214519E+03


SUCCESSFUL run!
 Status of the simulation now:
 +--------------------------------------------+
 STATUS:
  * Status Interval is reached
  * Reached maximal number of iterations
 +--------------------------------------------+

  iterations:         2000
  simTime   :    1.6671920577315065E-005
  wallClock :    22.647073769999999     
      field |       total density
          1 |   30.9755214519E+03

--------------------------------------------------------------------------------
 Load balance evaluation:
  max CPU cost:     21.81 (s)
  ave CPU cost:     21.76 (s)
 imbalance (i.e. max/ave):    100.26%
--------------------------------------------------------------------------------
--------------------------------------------------------------------------------
Boundary timing information:
        wall, min time:     1.85, max time:     1.88
--------------------------------------------------------------------------------
Name:	musubi_adaptive
Umask:	0022
State:	R (running)
Tgid:	32883
Ngid:	0
Pid:	32883
PPid:	32879
TracerPid:	0
Uid:	1000	1000	1000	1000
Gid:	1000	1000	1000	1000
FDSize:	64
Groups:	4 24 27 30 46 100 1000 1001
NStgid:	32883
NSpid:	32883
NSpgid:	32883
NSsid:	495
Kthread:	0
VmPeak:	  406084 kB
VmSize:	  395944 kB
VmLck:	       0 kB
VmPin:	       0 kB
VmHWM:	   96632 kB
VmRSS:	   90340 kB
RssAnon:	   74596 kB
RssFile:	   15744 kB
RssShmem:	       0 kB
VmData:	   92452 kB
VmStk:	     168 kB
VmExe:	    7440 kB
VmLib:	   10244 kB
VmPTE:	     296 kB
VmSwap:	       0 kB
HugetlbPages:	       0 kB
CoreDumping:	0
THP_enabled:	1
untag_mask:	0xffffffffffffffff
Threads:	3
SigQ:	1/31177
SigPnd:	0000000000000000
ShdPnd:	0000000000000000
SigBlk:	0000000000000000
SigIgn:	0000000000000000
SigCgt:	00000001418004fc
CapInh:	0000000000000000
CapPrm:	0000000000000000
CapEff:	0000000000000000
CapBnd:	000001ffffffffff
CapAmb:	0000000000000000
NoNewPrivs:	0
Seccomp:	2
Seccomp_filters:	1
Speculation_Store_Bypass:	thread vulnerable
SpeculationIndirectBranch:	conditional enabled
Cpus_allowed:	000003
Cpus_allowed_list:	0-1
Mems_allowed:	00000000,00000000,00000000,00000000,00000000,00000000,00000000,00000000,00000000,00000000,00000000,00000000,000000
Mems_allowed_list:	0
voluntary_ctxt_switches:	4508
nonvoluntary_ctxt_switches:	15

 Done with Musubi in      22.74 s
