Traceback (most recent call last):
  File "/home/lzy/projects/ulm_particle_3d_particle0/particle_3d/src/particle_3d/physical_time_refinement.py", line 33, in refine_interval
    new,proof=trial(state,end-begin)
              ~~~~~^^^^^^^^^^^^^^^^^
  File "/home/lzy/projects/ulm_particle_3d_particle0/particle_3d/src/particle_3d/particle4_motion.py", line 141, in trial
    if not clear:raise TrialNeedsSubdivision(proof)
                 ^^^^^^^^^^^^^^^^^^^^^^^^^^^^^^^^^^
particle_3d.physical_time_refinement.TrialNeedsSubdivision: PAIR_PENETRATING_ENDPOINT

During handling of the above exception, another exception occurred:

Traceback (most recent call last):
  File "/home/lzy/projects/ulm_particle_3d_particle0/particle_3d/src/particle_3d/physical_time_refinement.py", line 33, in refine_interval
    new,proof=trial(state,end-begin)
              ~~~~~^^^^^^^^^^^^^^^^^
  File "/home/lzy/projects/ulm_particle_3d_particle0/particle_3d/src/particle_3d/particle4_motion.py", line 141, in trial
    if not clear:raise TrialNeedsSubdivision(proof)
                 ^^^^^^^^^^^^^^^^^^^^^^^^^^^^^^^^^^
particle_3d.physical_time_refinement.TrialNeedsSubdivision: PAIR_PENETRATING_ENDPOINT

During handling of the above exception, another exception occurred:

Traceback (most recent call last):
  File "/home/lzy/projects/ulm_particle_3d_particle0/particle_3d/src/particle_3d/physical_time_refinement.py", line 33, in refine_interval
    new,proof=trial(state,end-begin)
              ~~~~~^^^^^^^^^^^^^^^^^
  File "/home/lzy/projects/ulm_particle_3d_particle0/particle_3d/src/particle_3d/particle4_motion.py", line 141, in trial
    if not clear:raise TrialNeedsSubdivision(proof)
                 ^^^^^^^^^^^^^^^^^^^^^^^^^^^^^^^^^^
particle_3d.physical_time_refinement.TrialNeedsSubdivision: PAIR_PENETRATING_ENDPOINT

During handling of the above exception, another exception occurred:

Traceback (most recent call last):
  File "/home/lzy/projects/ulm_particle_3d_particle0/particle_3d/src/particle_3d/physical_time_refinement.py", line 33, in refine_interval
    new,proof=trial(state,end-begin)
              ~~~~~^^^^^^^^^^^^^^^^^
  File "/home/lzy/projects/ulm_particle_3d_particle0/particle_3d/src/particle_3d/particle4_motion.py", line 141, in trial
    if not clear:raise TrialNeedsSubdivision(proof)
                 ^^^^^^^^^^^^^^^^^^^^^^^^^^^^^^^^^^
particle_3d.physical_time_refinement.TrialNeedsSubdivision: PAIR_PENETRATING_ENDPOINT

During handling of the above exception, another exception occurred:

Traceback (most recent call last):
  File "/home/lzy/projects/ulm_particle_3d_particle0/particle_3d/src/particle_3d/physical_time_refinement.py", line 33, in refine_interval
    new,proof=trial(state,end-begin)
              ~~~~~^^^^^^^^^^^^^^^^^
  File "/home/lzy/projects/ulm_particle_3d_particle0/particle_3d/src/particle_3d/particle4_motion.py", line 141, in trial
    if not clear:raise TrialNeedsSubdivision(proof)
                 ^^^^^^^^^^^^^^^^^^^^^^^^^^^^^^^^^^
particle_3d.physical_time_refinement.TrialNeedsSubdivision: PAIR_PENETRATING_ENDPOINT

During handling of the above exception, another exception occurred:

Traceback (most recent call last):
  File "/home/lzy/projects/ulm_particle_3d_particle0/particle_3d/src/particle_3d/physical_time_refinement.py", line 33, in refine_interval
    new,proof=trial(state,end-begin)
              ~~~~~^^^^^^^^^^^^^^^^^
  File "/home/lzy/projects/ulm_particle_3d_particle0/particle_3d/src/particle_3d/particle4_motion.py", line 141, in trial
    if not clear:raise TrialNeedsSubdivision(proof)
                 ^^^^^^^^^^^^^^^^^^^^^^^^^^^^^^^^^^
particle_3d.physical_time_refinement.TrialNeedsSubdivision: PAIR_PENETRATING_ENDPOINT

During handling of the above exception, another exception occurred:

Traceback (most recent call last):
  File "/home/lzy/projects/ulm_particle_3d_particle0/particle_3d/src/particle_3d/physical_time_refinement.py", line 33, in refine_interval
    new,proof=trial(state,end-begin)
              ~~~~~^^^^^^^^^^^^^^^^^
  File "/home/lzy/projects/ulm_particle_3d_particle0/particle_3d/src/particle_3d/particle4_motion.py", line 141, in trial
    if not clear:raise TrialNeedsSubdivision(proof)
                 ^^^^^^^^^^^^^^^^^^^^^^^^^^^^^^^^^^
particle_3d.physical_time_refinement.TrialNeedsSubdivision: PAIR_PENETRATING_ENDPOINT

During handling of the above exception, another exception occurred:

Traceback (most recent call last):
  File "/home/lzy/projects/ulm_particle_3d_particle0/particle_3d/src/particle_3d/physical_time_refinement.py", line 33, in refine_interval
    new,proof=trial(state,end-begin)
              ~~~~~^^^^^^^^^^^^^^^^^
  File "/home/lzy/projects/ulm_particle_3d_particle0/particle_3d/src/particle_3d/particle4_motion.py", line 141, in trial
    if not clear:raise TrialNeedsSubdivision(proof)
                 ^^^^^^^^^^^^^^^^^^^^^^^^^^^^^^^^^^
particle_3d.physical_time_refinement.TrialNeedsSubdivision: PAIR_PENETRATING_ENDPOINT

During handling of the above exception, another exception occurred:

Traceback (most recent call last):
  File "/home/lzy/projects/ulm_particle_3d_particle0/particle_3d/src/particle_3d/physical_time_refinement.py", line 33, in refine_interval
    new,proof=trial(state,end-begin)
              ~~~~~^^^^^^^^^^^^^^^^^
  File "/home/lzy/projects/ulm_particle_3d_particle0/particle_3d/src/particle_3d/particle4_motion.py", line 141, in trial
    if not clear:raise TrialNeedsSubdivision(proof)
                 ^^^^^^^^^^^^^^^^^^^^^^^^^^^^^^^^^^
particle_3d.physical_time_refinement.TrialNeedsSubdivision: PAIR_PENETRATING_ENDPOINT

During handling of the above exception, another exception occurred:

Traceback (most recent call last):
  File "/home/lzy/projects/ulm_particle_3d_particle0/particle_3d/src/particle_3d/physical_time_refinement.py", line 33, in refine_interval
    new,proof=trial(state,end-begin)
              ~~~~~^^^^^^^^^^^^^^^^^
  File "/home/lzy/projects/ulm_particle_3d_particle0/particle_3d/src/particle_3d/particle4_motion.py", line 141, in trial
    if not clear:raise TrialNeedsSubdivision(proof)
                 ^^^^^^^^^^^^^^^^^^^^^^^^^^^^^^^^^^
particle_3d.physical_time_refinement.TrialNeedsSubdivision: PAIR_PENETRATING_ENDPOINT

During handling of the above exception, another exception occurred:

Traceback (most recent call last):
  File "/home/lzy/projects/ulm_particle_3d_particle0/particle_3d/src/particle_3d/physical_time_refinement.py", line 33, in refine_interval
    new,proof=trial(state,end-begin)
              ~~~~~^^^^^^^^^^^^^^^^^
  File "/home/lzy/projects/ulm_particle_3d_particle0/particle_3d/src/particle_3d/particle4_motion.py", line 141, in trial
    if not clear:raise TrialNeedsSubdivision(proof)
                 ^^^^^^^^^^^^^^^^^^^^^^^^^^^^^^^^^^
particle_3d.physical_time_refinement.TrialNeedsSubdivision: PAIR_PENETRATING_ENDPOINT

During handling of the above exception, another exception occurred:

Traceback (most recent call last):
  File "/home/lzy/projects/ulm_particle_3d_particle0/particle_3d/src/particle_3d/physical_time_refinement.py", line 33, in refine_interval
    new,proof=trial(state,end-begin)
              ~~~~~^^^^^^^^^^^^^^^^^
  File "/home/lzy/projects/ulm_particle_3d_particle0/particle_3d/src/particle_3d/particle4_motion.py", line 141, in trial
    if not clear:raise TrialNeedsSubdivision(proof)
                 ^^^^^^^^^^^^^^^^^^^^^^^^^^^^^^^^^^
particle_3d.physical_time_refinement.TrialNeedsSubdivision: PAIR_PENETRATING_ENDPOINT

During handling of the above exception, another exception occurred:

Traceback (most recent call last):
  File "/home/lzy/projects/ulm_particle_3d_particle0/particle_3d/src/particle_3d/physical_time_refinement.py", line 33, in refine_interval
    new,proof=trial(state,end-begin)
              ~~~~~^^^^^^^^^^^^^^^^^
  File "/home/lzy/projects/ulm_particle_3d_particle0/particle_3d/src/particle_3d/particle4_motion.py", line 141, in trial
    if not clear:raise TrialNeedsSubdivision(proof)
                 ^^^^^^^^^^^^^^^^^^^^^^^^^^^^^^^^^^
particle_3d.physical_time_refinement.TrialNeedsSubdivision: PAIR_PENETRATING_ENDPOINT

During handling of the above exception, another exception occurred:

Traceback (most recent call last):
  File "/home/lzy/projects/ulm_particle_3d_particle0/particle_3d/src/particle_3d/physical_time_refinement.py", line 33, in refine_interval
    new,proof=trial(state,end-begin)
              ~~~~~^^^^^^^^^^^^^^^^^
  File "/home/lzy/projects/ulm_particle_3d_particle0/particle_3d/src/particle_3d/particle4_motion.py", line 141, in trial
    if not clear:raise TrialNeedsSubdivision(proof)
                 ^^^^^^^^^^^^^^^^^^^^^^^^^^^^^^^^^^
particle_3d.physical_time_refinement.TrialNeedsSubdivision: PAIR_PENETRATING_ENDPOINT

During handling of the above exception, another exception occurred:

Traceback (most recent call last):
  File "/home/lzy/projects/ulm_particle_3d_particle0/particle_3d/src/particle_3d/physical_time_refinement.py", line 33, in refine_interval
    new,proof=trial(state,end-begin)
              ~~~~~^^^^^^^^^^^^^^^^^
  File "/home/lzy/projects/ulm_particle_3d_particle0/particle_3d/src/particle_3d/particle4_motion.py", line 141, in trial
    if not clear:raise TrialNeedsSubdivision(proof)
                 ^^^^^^^^^^^^^^^^^^^^^^^^^^^^^^^^^^
particle_3d.physical_time_refinement.TrialNeedsSubdivision: PAIR_PENETRATING_ENDPOINT

During handling of the above exception, another exception occurred:

Traceback (most recent call last):
  File "/home/lzy/projects/ulm_particle_3d_particle0/particle_3d/scripts/run_particle4_validation.py", line 200, in <module>
    args=parser.parse_args();DATA.mkdir(parents=True,exist_ok=True);globals()[args.stage]()
                                                                    ~~~~~~~~~~~~~~~~~~~~~^^
  File "/home/lzy/projects/ulm_particle_3d_particle0/particle_3d/scripts/run_particle4_validation.py", line 95, in contact
    final,rows,ledger=simulate_world({1:a,2:b},lambda i,s,t:(velocities[i],np.zeros(3)),.125,.5)
                      ~~~~~~~~~~~~~~^^^^^^^^^^^^^^^^^^^^^^^^^^^^^^^^^^^^^^^^^^^^^^^^^^^^^^^^^^^^
  File "/home/lzy/projects/ulm_particle_3d_particle0/particle_3d/src/particle_3d/particle4_motion.py", line 163, in simulate_world
    old,_=refine_interval(old,min(step*dt,horizon),trial,ledger=ledger)
          ~~~~~~~~~~~~~~~^^^^^^^^^^^^^^^^^^^^^^^^^^^^^^^^^^^^^^^^^^^^^^
  File "/home/lzy/projects/ulm_particle_3d_particle0/particle_3d/src/particle_3d/physical_time_refinement.py", line 47, in refine_interval
    left,_=refine_interval(state,mid,trial,max_depth=max_depth,depth=depth+1,ledger=ledger)
           ~~~~~~~~~~~~~~~^^^^^^^^^^^^^^^^^^^^^^^^^^^^^^^^^^^^^^^^^^^^^^^^^^^^^^^^^^^^^^^^^
  File "/home/lzy/projects/ulm_particle_3d_particle0/particle_3d/src/particle_3d/physical_time_refinement.py", line 47, in refine_interval
    left,_=refine_interval(state,mid,trial,max_depth=max_depth,depth=depth+1,ledger=ledger)
           ~~~~~~~~~~~~~~~^^^^^^^^^^^^^^^^^^^^^^^^^^^^^^^^^^^^^^^^^^^^^^^^^^^^^^^^^^^^^^^^^
  File "/home/lzy/projects/ulm_particle_3d_particle0/particle_3d/src/particle_3d/physical_time_refinement.py", line 47, in refine_interval
    left,_=refine_interval(state,mid,trial,max_depth=max_depth,depth=depth+1,ledger=ledger)
           ~~~~~~~~~~~~~~~^^^^^^^^^^^^^^^^^^^^^^^^^^^^^^^^^^^^^^^^^^^^^^^^^^^^^^^^^^^^^^^^^
  [Previous line repeated 2 more times]
  File "/home/lzy/projects/ulm_particle_3d_particle0/particle_3d/src/particle_3d/physical_time_refinement.py", line 49, in refine_interval
    return refine_interval(left,end,trial,max_depth=max_depth,depth=depth+1,ledger=ledger)
  File "/home/lzy/projects/ulm_particle_3d_particle0/particle_3d/src/particle_3d/physical_time_refinement.py", line 49, in refine_interval
    return refine_interval(left,end,trial,max_depth=max_depth,depth=depth+1,ledger=ledger)
  File "/home/lzy/projects/ulm_particle_3d_particle0/particle_3d/src/particle_3d/physical_time_refinement.py", line 47, in refine_interval
    left,_=refine_interval(state,mid,trial,max_depth=max_depth,depth=depth+1,ledger=ledger)
           ~~~~~~~~~~~~~~~^^^^^^^^^^^^^^^^^^^^^^^^^^^^^^^^^^^^^^^^^^^^^^^^^^^^^^^^^^^^^^^^^
  File "/home/lzy/projects/ulm_particle_3d_particle0/particle_3d/src/particle_3d/physical_time_refinement.py", line 47, in refine_interval
    left,_=refine_interval(state,mid,trial,max_depth=max_depth,depth=depth+1,ledger=ledger)
           ~~~~~~~~~~~~~~~^^^^^^^^^^^^^^^^^^^^^^^^^^^^^^^^^^^^^^^^^^^^^^^^^^^^^^^^^^^^^^^^^
  File "/home/lzy/projects/ulm_particle_3d_particle0/particle_3d/src/particle_3d/physical_time_refinement.py", line 49, in refine_interval
    return refine_interval(left,end,trial,max_depth=max_depth,depth=depth+1,ledger=ledger)
  File "/home/lzy/projects/ulm_particle_3d_particle0/particle_3d/src/particle_3d/physical_time_refinement.py", line 49, in refine_interval
    return refine_interval(left,end,trial,max_depth=max_depth,depth=depth+1,ledger=ledger)
  File "/home/lzy/projects/ulm_particle_3d_particle0/particle_3d/src/particle_3d/physical_time_refinement.py", line 49, in refine_interval
    return refine_interval(left,end,trial,max_depth=max_depth,depth=depth+1,ledger=ledger)
  File "/home/lzy/projects/ulm_particle_3d_particle0/particle_3d/src/particle_3d/physical_time_refinement.py", line 47, in refine_interval
    left,_=refine_interval(state,mid,trial,max_depth=max_depth,depth=depth+1,ledger=ledger)
           ~~~~~~~~~~~~~~~^^^^^^^^^^^^^^^^^^^^^^^^^^^^^^^^^^^^^^^^^^^^^^^^^^^^^^^^^^^^^^^^^
  File "/home/lzy/projects/ulm_particle_3d_particle0/particle_3d/src/particle_3d/physical_time_refinement.py", line 47, in refine_interval
    left,_=refine_interval(state,mid,trial,max_depth=max_depth,depth=depth+1,ledger=ledger)
           ~~~~~~~~~~~~~~~^^^^^^^^^^^^^^^^^^^^^^^^^^^^^^^^^^^^^^^^^^^^^^^^^^^^^^^^^^^^^^^^^
  File "/home/lzy/projects/ulm_particle_3d_particle0/particle_3d/src/particle_3d/physical_time_refinement.py", line 47, in refine_interval
    left,_=refine_interval(state,mid,trial,max_depth=max_depth,depth=depth+1,ledger=ledger)
           ~~~~~~~~~~~~~~~^^^^^^^^^^^^^^^^^^^^^^^^^^^^^^^^^^^^^^^^^^^^^^^^^^^^^^^^^^^^^^^^^
  File "/home/lzy/projects/ulm_particle_3d_particle0/particle_3d/src/particle_3d/physical_time_refinement.py", line 33, in refine_interval
    new,proof=trial(state,end-begin)
              ~~~~~^^^^^^^^^^^^^^^^^
  File "/home/lzy/projects/ulm_particle_3d_particle0/particle_3d/src/particle_3d/particle4_motion.py", line 140, in trial
    clear,proof=pair_interval_certificate(old.shapes[i],old.shapes[j],end[i],end[j],projected.omegas[i],projected.omegas[j],dt)
                ~~~~~~~~~~~~~~~~~~~~~~~~~^^^^^^^^^^^^^^^^^^^^^^^^^^^^^^^^^^^^^^^^^^^^^^^^^^^^^^^^^^^^^^^^^^^^^^^^^^^^^^^^^^^^^^
  File "/home/lzy/projects/ulm_particle_3d_particle0/particle_3d/src/particle_3d/particle4_motion.py", line 44, in pair_interval_certificate
    g0 = pair_gap(a, b); g1 = pair_gap(end_a, end_b)
  File "/home/lzy/projects/ulm_particle_3d_particle0/particle_3d/src/particle_3d/pair_geometry.py", line 206, in pair_gap
    return _ordered_gap(shape_i, shape_j, i, j)
  File "/home/lzy/projects/ulm_particle_3d_particle0/particle_3d/src/particle_3d/pair_geometry.py", line 158, in _ordered_gap
    seed, iterations = _gjk(a, b, scale, pad)
                       ~~~~^^^^^^^^^^^^^^^^^^
  File "/home/lzy/projects/ulm_particle_3d_particle0/particle_3d/src/particle_3d/pair_geometry.py", line 79, in _gjk
    closest, points = _simplex(points + [point])
                      ~~~~~~~~^^^^^^^^^^^^^^^^^^
  File "/home/lzy/projects/ulm_particle_3d_particle0/particle_3d/src/particle_3d/pair_geometry.py", line 51, in _simplex
    weights = np.linalg.lstsq(system, np.r_[np.zeros(size), 1.], rcond=None)[0][:size]
                                            ~~~~~~~~^^^^^^
KeyboardInterrupt
