............................F.                                           [100%]
=================================== FAILURES ===================================
_____ test_noncoaxial_deep_ellipsoids_against_independent_global_reference _____

    def test_noncoaxial_deep_ellipsoids_against_independent_global_reference():
        from particle_3d.rbc_orientation import rotation_matrix,quaternion_from_short_axis
        rng=np.random.default_rng(2026092404)
        for index in range(8):
            g=shapes_for_geometry(index%5)[1]
            a=Ellipsoid([0,0,0],g.axes_m,rotation_matrix(quaternion_from_short_axis(rng.normal(size=3))))
            b=Ellipsoid(rng.normal(size=3)*.2e-6,shapes_for_geometry((index+2)%5)[1].axes_m,rotation_matrix(quaternion_from_short_axis(rng.normal(size=3))))
            result=pair_gap(a,b);scale=max(a.bounding_radius_m,b.bounding_radius_m)
            def objective(angles):
                t,p=angles;n=np.array([np.sin(t)*np.cos(p),np.sin(t)*np.sin(p),np.cos(t)])
                return -float(n@(a.support(-n)-b.support(n)))/scale
            reference=differential_evolution(objective,[(0,np.pi),(-np.pi,np.pi)],seed=100+index,popsize=20,tol=64*EPS,atol=64*EPS,maxiter=1000,polish=True)
            assert result.state=='PENETRATING'
>           assert abs(result.gap_m+reference.fun*scale)<=result.roundoff_budget_m
E           AssertionError: assert np.float64(1.4487534674239708e-07) <= np.float64(4.968827780397676e-19)
E            +  where np.float64(1.4487534674239708e-07) = abs((-3.371185635743206e-06 + (np.float64(0.8044751639654424) * 4.3706271367709265e-06)))
E            +    where -3.371185635743206e-06 = ParticlePairGapResult(particle_i_id=0, particle_j_id=1, shape_i='FREE_OBLATE', shape_j='FREE_OBLATE', gap_m=-3.3711856...5635743206e-06, geometry_iterations=427, roundoff_budget_m=np.float64(4.968827780397676e-19), canonical_pair_id=(0, 1)).gap_m
E            +    and   np.float64(0.8044751639654424) =              message: Optimization terminated successfully.\n             success: True\n                 fun: 0.8044751...                       [ 1.735e+00  1.658e+00]]\n population_energies: [ 8.045e-01  8.045e-01 ...  8.045e-01  8.045e-01].fun
E            +  and   np.float64(4.968827780397676e-19) = ParticlePairGapResult(particle_i_id=0, particle_j_id=1, shape_i='FREE_OBLATE', shape_j='FREE_OBLATE', gap_m=-3.3711856...5635743206e-06, geometry_iterations=427, roundoff_budget_m=np.float64(4.968827780397676e-19), canonical_pair_id=(0, 1)).roundoff_budget_m

particle_3d/tests/particle4/test_pair_geometry.py:111: AssertionError
=========================== short test summary info ============================
FAILED particle_3d/tests/particle4/test_pair_geometry.py::test_noncoaxial_deep_ellipsoids_against_independent_global_reference
1 failed, 29 passed in 3.60s
