Traceback (most recent call last):
  File "/home/lzy/projects/ulm_particle_3d_particle0/particle_3d/src/particle_3d/physical_time_refinement.py", line 33, in refine_interval
    new,proof=trial(state,end-begin)
              ~~~~~^^^^^^^^^^^^^^^^^
  File "/home/lzy/projects/ulm_particle_3d_particle0/particle_3d/src/particle_3d/particle4_motion.py", line 192, in trial
    if gap.state=='PENETRATING':raise TrialNeedsSubdivision('WALL_PENETRATING_TRIAL',gap.gap_m,gap.wall_triangle_id)
                                ^^^^^^^^^^^^^^^^^^^^^^^^^^^^^^^^^^^^^^^^^^^^^^^^^^^^^^^^^^^^^^^^^^^^^^^^^^^^^^^^^^^^
particle_3d.physical_time_refinement.TrialNeedsSubdivision: WALL_PENETRATING_TRIAL

During handling of the above exception, another exception occurred:

Traceback (most recent call last):
  File "/home/lzy/projects/ulm_particle_3d_particle0/particle_3d/src/particle_3d/physical_time_refinement.py", line 33, in refine_interval
    new,proof=trial(state,end-begin)
              ~~~~~^^^^^^^^^^^^^^^^^
  File "/home/lzy/projects/ulm_particle_3d_particle0/particle_3d/src/particle_3d/particle4_motion.py", line 192, in trial
    if gap.state=='PENETRATING':raise TrialNeedsSubdivision('WALL_PENETRATING_TRIAL',gap.gap_m,gap.wall_triangle_id)
                                ^^^^^^^^^^^^^^^^^^^^^^^^^^^^^^^^^^^^^^^^^^^^^^^^^^^^^^^^^^^^^^^^^^^^^^^^^^^^^^^^^^^^
particle_3d.physical_time_refinement.TrialNeedsSubdivision: WALL_PENETRATING_TRIAL

During handling of the above exception, another exception occurred:

Traceback (most recent call last):
  File "/home/lzy/projects/ulm_particle_3d_particle0/particle_3d/src/particle_3d/physical_time_refinement.py", line 33, in refine_interval
    new,proof=trial(state,end-begin)
              ~~~~~^^^^^^^^^^^^^^^^^
  File "/home/lzy/projects/ulm_particle_3d_particle0/particle_3d/src/particle_3d/particle4_motion.py", line 192, in trial
    if gap.state=='PENETRATING':raise TrialNeedsSubdivision('WALL_PENETRATING_TRIAL',gap.gap_m,gap.wall_triangle_id)
                                ^^^^^^^^^^^^^^^^^^^^^^^^^^^^^^^^^^^^^^^^^^^^^^^^^^^^^^^^^^^^^^^^^^^^^^^^^^^^^^^^^^^^
particle_3d.physical_time_refinement.TrialNeedsSubdivision: WALL_PENETRATING_TRIAL

During handling of the above exception, another exception occurred:

Traceback (most recent call last):
  File "/home/lzy/projects/ulm_particle_3d_particle0/particle_3d/src/particle_3d/physical_time_refinement.py", line 33, in refine_interval
    new,proof=trial(state,end-begin)
              ~~~~~^^^^^^^^^^^^^^^^^
  File "/home/lzy/projects/ulm_particle_3d_particle0/particle_3d/src/particle_3d/particle4_motion.py", line 192, in trial
    if gap.state=='PENETRATING':raise TrialNeedsSubdivision('WALL_PENETRATING_TRIAL',gap.gap_m,gap.wall_triangle_id)
                                ^^^^^^^^^^^^^^^^^^^^^^^^^^^^^^^^^^^^^^^^^^^^^^^^^^^^^^^^^^^^^^^^^^^^^^^^^^^^^^^^^^^^
particle_3d.physical_time_refinement.TrialNeedsSubdivision: WALL_PENETRATING_TRIAL

During handling of the above exception, another exception occurred:

Traceback (most recent call last):
  File "/home/lzy/projects/ulm_particle_3d_particle0/particle_3d/src/particle_3d/physical_time_refinement.py", line 33, in refine_interval
    new,proof=trial(state,end-begin)
              ~~~~~^^^^^^^^^^^^^^^^^
  File "/home/lzy/projects/ulm_particle_3d_particle0/particle_3d/src/particle_3d/particle4_motion.py", line 192, in trial
    if gap.state=='PENETRATING':raise TrialNeedsSubdivision('WALL_PENETRATING_TRIAL',gap.gap_m,gap.wall_triangle_id)
                                ^^^^^^^^^^^^^^^^^^^^^^^^^^^^^^^^^^^^^^^^^^^^^^^^^^^^^^^^^^^^^^^^^^^^^^^^^^^^^^^^^^^^
particle_3d.physical_time_refinement.TrialNeedsSubdivision: WALL_PENETRATING_TRIAL

During handling of the above exception, another exception occurred:

Traceback (most recent call last):
  File "/home/lzy/projects/ulm_particle_3d_particle0/particle_3d/src/particle_3d/physical_time_refinement.py", line 33, in refine_interval
    new,proof=trial(state,end-begin)
              ~~~~~^^^^^^^^^^^^^^^^^
  File "/home/lzy/projects/ulm_particle_3d_particle0/particle_3d/src/particle_3d/particle4_motion.py", line 192, in trial
    if gap.state=='PENETRATING':raise TrialNeedsSubdivision('WALL_PENETRATING_TRIAL',gap.gap_m,gap.wall_triangle_id)
                                ^^^^^^^^^^^^^^^^^^^^^^^^^^^^^^^^^^^^^^^^^^^^^^^^^^^^^^^^^^^^^^^^^^^^^^^^^^^^^^^^^^^^
particle_3d.physical_time_refinement.TrialNeedsSubdivision: WALL_PENETRATING_TRIAL

During handling of the above exception, another exception occurred:

Traceback (most recent call last):
  File "/home/lzy/projects/ulm_particle_3d_particle0/particle_3d/src/particle_3d/physical_time_refinement.py", line 33, in refine_interval
    new,proof=trial(state,end-begin)
              ~~~~~^^^^^^^^^^^^^^^^^
  File "/home/lzy/projects/ulm_particle_3d_particle0/particle_3d/src/particle_3d/particle4_motion.py", line 192, in trial
    if gap.state=='PENETRATING':raise TrialNeedsSubdivision('WALL_PENETRATING_TRIAL',gap.gap_m,gap.wall_triangle_id)
                                ^^^^^^^^^^^^^^^^^^^^^^^^^^^^^^^^^^^^^^^^^^^^^^^^^^^^^^^^^^^^^^^^^^^^^^^^^^^^^^^^^^^^
particle_3d.physical_time_refinement.TrialNeedsSubdivision: WALL_PENETRATING_TRIAL

During handling of the above exception, another exception occurred:

Traceback (most recent call last):
  File "/home/lzy/projects/ulm_particle_3d_particle0/particle_3d/src/particle_3d/physical_time_refinement.py", line 33, in refine_interval
    new,proof=trial(state,end-begin)
              ~~~~~^^^^^^^^^^^^^^^^^
  File "/home/lzy/projects/ulm_particle_3d_particle0/particle_3d/src/particle_3d/particle4_motion.py", line 192, in trial
    if gap.state=='PENETRATING':raise TrialNeedsSubdivision('WALL_PENETRATING_TRIAL',gap.gap_m,gap.wall_triangle_id)
                                ^^^^^^^^^^^^^^^^^^^^^^^^^^^^^^^^^^^^^^^^^^^^^^^^^^^^^^^^^^^^^^^^^^^^^^^^^^^^^^^^^^^^
particle_3d.physical_time_refinement.TrialNeedsSubdivision: WALL_PENETRATING_TRIAL

During handling of the above exception, another exception occurred:

Traceback (most recent call last):
  File "/home/lzy/projects/ulm_particle_3d_particle0/particle_3d/src/particle_3d/physical_time_refinement.py", line 33, in refine_interval
    new,proof=trial(state,end-begin)
              ~~~~~^^^^^^^^^^^^^^^^^
  File "/home/lzy/projects/ulm_particle_3d_particle0/particle_3d/src/particle_3d/particle4_motion.py", line 192, in trial
    if gap.state=='PENETRATING':raise TrialNeedsSubdivision('WALL_PENETRATING_TRIAL',gap.gap_m,gap.wall_triangle_id)
                                ^^^^^^^^^^^^^^^^^^^^^^^^^^^^^^^^^^^^^^^^^^^^^^^^^^^^^^^^^^^^^^^^^^^^^^^^^^^^^^^^^^^^
particle_3d.physical_time_refinement.TrialNeedsSubdivision: WALL_PENETRATING_TRIAL

During handling of the above exception, another exception occurred:

Traceback (most recent call last):
  File "/home/lzy/projects/ulm_particle_3d_particle0/particle_3d/src/particle_3d/physical_time_refinement.py", line 33, in refine_interval
    new,proof=trial(state,end-begin)
              ~~~~~^^^^^^^^^^^^^^^^^
  File "/home/lzy/projects/ulm_particle_3d_particle0/particle_3d/src/particle_3d/particle4_motion.py", line 192, in trial
    if gap.state=='PENETRATING':raise TrialNeedsSubdivision('WALL_PENETRATING_TRIAL',gap.gap_m,gap.wall_triangle_id)
                                ^^^^^^^^^^^^^^^^^^^^^^^^^^^^^^^^^^^^^^^^^^^^^^^^^^^^^^^^^^^^^^^^^^^^^^^^^^^^^^^^^^^^
particle_3d.physical_time_refinement.TrialNeedsSubdivision: WALL_PENETRATING_TRIAL

During handling of the above exception, another exception occurred:

Traceback (most recent call last):
  File "/home/lzy/projects/ulm_particle_3d_particle0/particle_3d/src/particle_3d/physical_time_refinement.py", line 33, in refine_interval
    new,proof=trial(state,end-begin)
              ~~~~~^^^^^^^^^^^^^^^^^
  File "/home/lzy/projects/ulm_particle_3d_particle0/particle_3d/src/particle_3d/particle4_motion.py", line 192, in trial
    if gap.state=='PENETRATING':raise TrialNeedsSubdivision('WALL_PENETRATING_TRIAL',gap.gap_m,gap.wall_triangle_id)
                                ^^^^^^^^^^^^^^^^^^^^^^^^^^^^^^^^^^^^^^^^^^^^^^^^^^^^^^^^^^^^^^^^^^^^^^^^^^^^^^^^^^^^
particle_3d.physical_time_refinement.TrialNeedsSubdivision: WALL_PENETRATING_TRIAL

During handling of the above exception, another exception occurred:

Traceback (most recent call last):
  File "/home/lzy/projects/ulm_particle_3d_particle0/particle_3d/src/particle_3d/physical_time_refinement.py", line 33, in refine_interval
    new,proof=trial(state,end-begin)
              ~~~~~^^^^^^^^^^^^^^^^^
  File "/home/lzy/projects/ulm_particle_3d_particle0/particle_3d/src/particle_3d/particle4_motion.py", line 192, in trial
    if gap.state=='PENETRATING':raise TrialNeedsSubdivision('WALL_PENETRATING_TRIAL',gap.gap_m,gap.wall_triangle_id)
                                ^^^^^^^^^^^^^^^^^^^^^^^^^^^^^^^^^^^^^^^^^^^^^^^^^^^^^^^^^^^^^^^^^^^^^^^^^^^^^^^^^^^^
particle_3d.physical_time_refinement.TrialNeedsSubdivision: WALL_PENETRATING_TRIAL

During handling of the above exception, another exception occurred:

Traceback (most recent call last):
  File "/home/lzy/projects/ulm_particle_3d_particle0/particle_3d/src/particle_3d/physical_time_refinement.py", line 33, in refine_interval
    new,proof=trial(state,end-begin)
              ~~~~~^^^^^^^^^^^^^^^^^
  File "/home/lzy/projects/ulm_particle_3d_particle0/particle_3d/src/particle_3d/particle4_motion.py", line 192, in trial
    if gap.state=='PENETRATING':raise TrialNeedsSubdivision('WALL_PENETRATING_TRIAL',gap.gap_m,gap.wall_triangle_id)
                                ^^^^^^^^^^^^^^^^^^^^^^^^^^^^^^^^^^^^^^^^^^^^^^^^^^^^^^^^^^^^^^^^^^^^^^^^^^^^^^^^^^^^
particle_3d.physical_time_refinement.TrialNeedsSubdivision: WALL_PENETRATING_TRIAL

During handling of the above exception, another exception occurred:

Traceback (most recent call last):
  File "/home/lzy/projects/ulm_particle_3d_particle0/particle_3d/scripts/run_particle4_validation.py", line 200, in <module>
    args=parser.parse_args();DATA.mkdir(parents=True,exist_ok=True);globals()[args.stage]()
                                                                    ~~~~~~~~~~~~~~~~~~~~~^^
  File "/home/lzy/projects/ulm_particle_3d_particle0/particle_3d/scripts/run_particle4_validation.py", line 188, in real
    state,rows,ledger=simulate_world(shapes,velocity,dt,horizon,wall=wall,boundary_classifier=classifier)
                      ~~~~~~~~~~~~~~^^^^^^^^^^^^^^^^^^^^^^^^^^^^^^^^^^^^^^^^^^^^^^^^^^^^^^^^^^^^^^^^^^^^^
  File "/home/lzy/projects/ulm_particle_3d_particle0/particle_3d/src/particle_3d/particle4_motion.py", line 206, in simulate_world
    old,_=refine_interval(old,min(step*dt,horizon),trial,ledger=ledger)
          ~~~~~~~~~~~~~~~^^^^^^^^^^^^^^^^^^^^^^^^^^^^^^^^^^^^^^^^^^^^^^
  File "/home/lzy/projects/ulm_particle_3d_particle0/particle_3d/src/particle_3d/physical_time_refinement.py", line 47, in refine_interval
    left,_=refine_interval(state,mid,trial,max_depth=max_depth,depth=depth+1,ledger=ledger)
           ~~~~~~~~~~~~~~~^^^^^^^^^^^^^^^^^^^^^^^^^^^^^^^^^^^^^^^^^^^^^^^^^^^^^^^^^^^^^^^^^
  File "/home/lzy/projects/ulm_particle_3d_particle0/particle_3d/src/particle_3d/physical_time_refinement.py", line 49, in refine_interval
    return refine_interval(left,end,trial,max_depth=max_depth,depth=depth+1,ledger=ledger)
  File "/home/lzy/projects/ulm_particle_3d_particle0/particle_3d/src/particle_3d/physical_time_refinement.py", line 47, in refine_interval
    left,_=refine_interval(state,mid,trial,max_depth=max_depth,depth=depth+1,ledger=ledger)
           ~~~~~~~~~~~~~~~^^^^^^^^^^^^^^^^^^^^^^^^^^^^^^^^^^^^^^^^^^^^^^^^^^^^^^^^^^^^^^^^^
  File "/home/lzy/projects/ulm_particle_3d_particle0/particle_3d/src/particle_3d/physical_time_refinement.py", line 47, in refine_interval
    left,_=refine_interval(state,mid,trial,max_depth=max_depth,depth=depth+1,ledger=ledger)
           ~~~~~~~~~~~~~~~^^^^^^^^^^^^^^^^^^^^^^^^^^^^^^^^^^^^^^^^^^^^^^^^^^^^^^^^^^^^^^^^^
  File "/home/lzy/projects/ulm_particle_3d_particle0/particle_3d/src/particle_3d/physical_time_refinement.py", line 49, in refine_interval
    return refine_interval(left,end,trial,max_depth=max_depth,depth=depth+1,ledger=ledger)
  File "/home/lzy/projects/ulm_particle_3d_particle0/particle_3d/src/particle_3d/physical_time_refinement.py", line 49, in refine_interval
    return refine_interval(left,end,trial,max_depth=max_depth,depth=depth+1,ledger=ledger)
  File "/home/lzy/projects/ulm_particle_3d_particle0/particle_3d/src/particle_3d/physical_time_refinement.py", line 47, in refine_interval
    left,_=refine_interval(state,mid,trial,max_depth=max_depth,depth=depth+1,ledger=ledger)
           ~~~~~~~~~~~~~~~^^^^^^^^^^^^^^^^^^^^^^^^^^^^^^^^^^^^^^^^^^^^^^^^^^^^^^^^^^^^^^^^^
  File "/home/lzy/projects/ulm_particle_3d_particle0/particle_3d/src/particle_3d/physical_time_refinement.py", line 49, in refine_interval
    return refine_interval(left,end,trial,max_depth=max_depth,depth=depth+1,ledger=ledger)
  File "/home/lzy/projects/ulm_particle_3d_particle0/particle_3d/src/particle_3d/physical_time_refinement.py", line 47, in refine_interval
    left,_=refine_interval(state,mid,trial,max_depth=max_depth,depth=depth+1,ledger=ledger)
           ~~~~~~~~~~~~~~~^^^^^^^^^^^^^^^^^^^^^^^^^^^^^^^^^^^^^^^^^^^^^^^^^^^^^^^^^^^^^^^^^
  File "/home/lzy/projects/ulm_particle_3d_particle0/particle_3d/src/particle_3d/physical_time_refinement.py", line 47, in refine_interval
    left,_=refine_interval(state,mid,trial,max_depth=max_depth,depth=depth+1,ledger=ledger)
           ~~~~~~~~~~~~~~~^^^^^^^^^^^^^^^^^^^^^^^^^^^^^^^^^^^^^^^^^^^^^^^^^^^^^^^^^^^^^^^^^
  File "/home/lzy/projects/ulm_particle_3d_particle0/particle_3d/src/particle_3d/physical_time_refinement.py", line 49, in refine_interval
    return refine_interval(left,end,trial,max_depth=max_depth,depth=depth+1,ledger=ledger)
  File "/home/lzy/projects/ulm_particle_3d_particle0/particle_3d/src/particle_3d/physical_time_refinement.py", line 47, in refine_interval
    left,_=refine_interval(state,mid,trial,max_depth=max_depth,depth=depth+1,ledger=ledger)
           ~~~~~~~~~~~~~~~^^^^^^^^^^^^^^^^^^^^^^^^^^^^^^^^^^^^^^^^^^^^^^^^^^^^^^^^^^^^^^^^^
  File "/home/lzy/projects/ulm_particle_3d_particle0/particle_3d/src/particle_3d/physical_time_refinement.py", line 47, in refine_interval
    left,_=refine_interval(state,mid,trial,max_depth=max_depth,depth=depth+1,ledger=ledger)
           ~~~~~~~~~~~~~~~^^^^^^^^^^^^^^^^^^^^^^^^^^^^^^^^^^^^^^^^^^^^^^^^^^^^^^^^^^^^^^^^^
  File "/home/lzy/projects/ulm_particle_3d_particle0/particle_3d/src/particle_3d/physical_time_refinement.py", line 33, in refine_interval
    new,proof=trial(state,end-begin)
              ~~~~~^^^^^^^^^^^^^^^^^
  File "/home/lzy/projects/ulm_particle_3d_particle0/particle_3d/src/particle_3d/particle4_motion.py", line 155, in trial
    projected=project_contacts(old.shapes,free,omega,contacts)
  File "/home/lzy/projects/ulm_particle_3d_particle0/particle_3d/src/particle_3d/kinematic_contact.py", line 162, in project_contacts
    record = dict(status='PASS', solver='DETERMINISTIC_DUAL_ACTIVE_SET_V0', metric=CONTACT_METRIC,
        multiplier_role='KINEMATIC_CONTACT_MULTIPLIER', physical_force_claimed=False,
    ...<7 lines>...
        pair_translation_balance_error_m_s=float(np.linalg.norm(pair_balance)),
        total_translation_correction_m_s=sum(dv.values(), np.zeros(3)), constraint_contributions=contributions, **audit)
KeyboardInterrupt
