 Starting up Seeder with nprocs:            1
                                              
                               _              
             ___  ___  ___  __| | ___ _ __    
            / __|/ _ \/ _ \/ _` |/ _ \ '__|   
            \__ \  __/  __/ (_| |  __/ |      
            |___/\___|\___|\__,_|\___|_v1.6.2-1-g667109
                                              
  (C) 2012 German Research School for Simulation Sciences
  (C) 2013 University of Siegen               
                                              
--------------------------------------------------------------------------------
 | INFORMATION ON THE EXECUTABLE
 | Revision of the code in this executable: 3b3e344aec0a
 |
 | Compiled with GFORTRAN in version 13.4.0
 | Using the command /home/lzy/.local/bin/mpif90
 | And the following flags:
 | -O3 -march=native -Wall -Wno-maybe-uninitialized -Werror -Wno-unused-dum
 | my-argument -std=f2008 -pedantic-errors -O3 -march=native -Wall -Wno-may
 | be-uninitialized -Werror
 |
 | Build date: 2026-08-30
--------------------------------------------------------------------------------
                                              
                                              
--------------------------------------------------------------------------------
--------------------------------------------------------------------------------
Loading general parameters:
Using /dev/null as null device.
Will print run time info in the end
(/proc/self/status).
Size of the IO Buffer (MB): 8
Simulation Name: simulation
 +-------------------------------------------+
  - Now:
  iterations:            0
  simTime   :    0.0000000000000000     
  wallClock :    4.4462540000000002E-003
 
  - Time Control:
 +-------------------------------------------+
Iterations between trigger checks: 1
  - Min:
  iterations:            0
  simTime   :    0.0000000000000000     
 
  - Max:
 
  - Interval:
 +-------------------------------------------+
 
  - Abort Criteria:
  stop_file: 
  steady_state:  F
 
  - Status:
 +-------------------------------------------+
 Using global alltoall
 Loading communication pattern:
 isend_irecv
Write timings to: seeder_timing.res
--------------------------------------------------------------------------------
 Comment in the file: force-only oracle; no wall/inlet/outlet/pressure/adaptive boundary
 Mesh folder: mesh/
 minlevel:            2
 Loading bounding cube:
  Cube origin:    0.0000000000000000        0.0000000000000000        0.0000000000000000     
  Cube length:    4.6746357867857693E-007
 Smoothed refinement towards boundaries.
 Smoothed levels with level jump = 1.
--------------------------------------------------------------------------------
 Loading attribute
 This is a new attribute and was added at            1
           kind: seed
          label: sdr_nolabel
          color: none
          level: 0
 Unique identifier position of this attribute:           1
 Loading geometry 
--------------------------------------------------------------------------------
 Loading attribute
 Loading distance_refine
 This is a new attribute and was added at            2
           kind: periodic
          label: sdr_nolabel
          color: none
          level: 0
   subresolution:  F
   calc distance:  F
   store normal :  F
 Loading geometry 
 Loading periodic geometry :
 Plane 1 :

 Plane 2 :
--------------------------------------------------------------------------------
 Loading attribute
 Loading distance_refine
 This is an old attribute found at            2
 Loading geometry 
 Loading periodic geometry :
 Plane 1 :

 Plane 2 :
--------------------------------------------------------------------------------
 Loading attribute
 Loading distance_refine
 This is an old attribute found at            2
 Loading geometry 
 Loading periodic geometry :
 Plane 1 :

 Plane 2 :
 
Total number of spatial objs created:7
Total number of boundaries defined:0
 
 This is a single color mesh.
 
--------------------------------------------------------------------------------
 Building preliminary tree ...
 current Level            1
   * nodes on this level:            8
 
 current Level            2
   * nodes on this level:            0
 
                           ... done with level:            1
 Number of leaves:                 8
 Total number of nodes:            9
 Number of flooded leaves while building tree:            1
 Memory unused in parent intersected_object:            0
 
Flooding tree ... 
               ... done with nWaves = 4
Number of Flooded leaves: 8
--------------------------------------------------------------------------------
 Refining preliminary tree ...
current level: 1
current level: 2
current level: 3
--------------------------------------------------------------------------------
 Smooth levels ...
 current wave 1
 done in nWaves 1
 Creating treelmesh ...
                       done
 Total number of fluids:           64
 
 dumping treelmesh to dir: mesh/
 Seeder created mesh successfully!
Name:	seeder
Umask:	0022
State:	R (running)
Tgid:	59212
Ngid:	0
Pid:	59212
PPid:	59199
TracerPid:	0
Uid:	1000	1000	1000	1000
Gid:	1000	1000	1000	1000
FDSize:	256
Groups:	4 24 27 30 46 100 1000 1001
NStgid:	59212
NSpid:	59212
NSpgid:	59199
NSsid:	495
Kthread:	0
VmPeak:	  233664 kB
VmSize:	  180260 kB
VmLck:	       0 kB
VmPin:	       0 kB
VmHWM:	   14016 kB
VmRSS:	   14016 kB
RssAnon:	    2688 kB
RssFile:	   11328 kB
RssShmem:	       0 kB
VmData:	   20712 kB
VmStk:	     136 kB
VmExe:	    4256 kB
VmLib:	    9796 kB
VmPTE:	     112 kB
VmSwap:	       0 kB
HugetlbPages:	       0 kB
CoreDumping:	0
THP_enabled:	1
untag_mask:	0xffffffffffffffff
Threads:	3
SigQ:	1/31177
SigPnd:	0000000000000000
ShdPnd:	0000000000000000
SigBlk:	0000000000000000
SigIgn:	0000000000000000
SigCgt:	00000001418004fc
CapInh:	0000000000000000
CapPrm:	0000000000000000
CapEff:	0000000000000000
CapBnd:	000001ffffffffff
CapAmb:	0000000000000000
NoNewPrivs:	0
Seccomp:	2
Seccomp_filters:	1
Speculation_Store_Bypass:	thread vulnerable
SpeculationIndirectBranch:	conditional enabled
Cpus_allowed:	ffffff
Cpus_allowed_list:	0-23
Mems_allowed:	00000000,00000000,00000000,00000000,00000000,00000000,00000000,00000000,00000000,00000000,00000000,00000000,000000
Mems_allowed_list:	0
voluntary_ctxt_switches:	128
nonvoluntary_ctxt_switches:	0

 Done with Seeder in       0.02 s
