Directory ownership check passed
<f+++++++++ README.md
<f+++++++++ pyproject.toml
cd+++++++++ configs/
<f+++++++++ configs/remote.json
<f+++++++++ configs/stage00.json
cd+++++++++ remote/
<f+++++++++ remote/environment.yml
<f+++++++++ remote/setup_environment.sh
<f+++++++++ remote/source_manifest.json
cd+++++++++ scripts/
<f+++++++++ scripts/environment_probe.py
<f+++++++++ scripts/record_run.py
<f+++++++++ scripts/reference_snapshot.py
<f+++++++++ scripts/remote_control.py
<f+++++++++ scripts/remote_fetch.sh
<f+++++++++ scripts/remote_probe.sh
<f+++++++++ scripts/remote_run.sh
<f+++++++++ scripts/remote_sync.sh
cd+++++++++ src/
cd+++++++++ src/fem3d/
<f+++++++++ src/fem3d/__init__.py
<f+++++++++ src/fem3d/audit.py
cd+++++++++ tests/
