Directory ownership check passed
.d..t...... logs/stage03/
cd+++++++++ logs/stage03/20260918T134540_512698764_assembly_preflight_r4/
>f+++++++++ logs/stage03/20260918T134540_512698764_assembly_preflight_r4/metadata.json
>f+++++++++ logs/stage03/20260918T134540_512698764_assembly_preflight_r4/stderr.log
>f+++++++++ logs/stage03/20260918T134540_512698764_assembly_preflight_r4/stdout.log
cd+++++++++ logs/stage03/20260918T135344_814467493_assembly_preflight_r4_json_config/
>f+++++++++ logs/stage03/20260918T135344_814467493_assembly_preflight_r4_json_config/metadata.json
>f+++++++++ logs/stage03/20260918T135344_814467493_assembly_preflight_r4_json_config/stderr.log
>f+++++++++ logs/stage03/20260918T135344_814467493_assembly_preflight_r4_json_config/stdout.log
cd+++++++++ logs/stage03/20260918T135423_318701155_assembly_preflight_r4_explicit_local_nnz/
>f+++++++++ logs/stage03/20260918T135423_318701155_assembly_preflight_r4_explicit_local_nnz/metadata.json
>f+++++++++ logs/stage03/20260918T135423_318701155_assembly_preflight_r4_explicit_local_nnz/stderr.log
>f+++++++++ logs/stage03/20260918T135423_318701155_assembly_preflight_r4_explicit_local_nnz/stdout.log
.d..t...... outputs/stage03/
cd+++++++++ outputs/stage03/jit_cache/
>f+++++++++ outputs/stage03/jit_cache/libffcx_forms_497fe53e751c8681fa0ece47877699d27f75c347.c
>f+++++++++ outputs/stage03/jit_cache/libffcx_forms_497fe53e751c8681fa0ece47877699d27f75c347.c.cached
>f+++++++++ outputs/stage03/jit_cache/libffcx_forms_497fe53e751c8681fa0ece47877699d27f75c347.cpython-312-x86_64-linux-gnu.so
>f+++++++++ outputs/stage03/jit_cache/libffcx_forms_497fe53e751c8681fa0ece47877699d27f75c347.o
>f+++++++++ outputs/stage03/jit_cache/libffcx_forms_6179ce8a574f2f2d55b5be0ddb36f5434025fef7.c
>f+++++++++ outputs/stage03/jit_cache/libffcx_forms_6179ce8a574f2f2d55b5be0ddb36f5434025fef7.c.cached
>f+++++++++ outputs/stage03/jit_cache/libffcx_forms_6179ce8a574f2f2d55b5be0ddb36f5434025fef7.cpython-312-x86_64-linux-gnu.so
>f+++++++++ outputs/stage03/jit_cache/libffcx_forms_6179ce8a574f2f2d55b5be0ddb36f5434025fef7.o
>f+++++++++ outputs/stage03/jit_cache/libffcx_forms_a42bdf14e3ad1083f1bda0c4bceece153bc3e0fe.c
>f+++++++++ outputs/stage03/jit_cache/libffcx_forms_a42bdf14e3ad1083f1bda0c4bceece153bc3e0fe.c.cached
>f+++++++++ outputs/stage03/jit_cache/libffcx_forms_a42bdf14e3ad1083f1bda0c4bceece153bc3e0fe.cpython-312-x86_64-linux-gnu.so
>f+++++++++ outputs/stage03/jit_cache/libffcx_forms_a42bdf14e3ad1083f1bda0c4bceece153bc3e0fe.o
>f+++++++++ outputs/stage03/jit_cache/libffcx_forms_a934f74e13d09c6367cf6144dfc28147447e2642.c
>f+++++++++ outputs/stage03/jit_cache/libffcx_forms_a934f74e13d09c6367cf6144dfc28147447e2642.c.cached
>f+++++++++ outputs/stage03/jit_cache/libffcx_forms_a934f74e13d09c6367cf6144dfc28147447e2642.cpython-312-x86_64-linux-gnu.so
>f+++++++++ outputs/stage03/jit_cache/libffcx_forms_a934f74e13d09c6367cf6144dfc28147447e2642.o
>f+++++++++ outputs/stage03/jit_cache/libffcx_forms_acf3f5f0be786187d4cd327355857e8b025f87fa.c
>f+++++++++ outputs/stage03/jit_cache/libffcx_forms_acf3f5f0be786187d4cd327355857e8b025f87fa.c.cached
>f+++++++++ outputs/stage03/jit_cache/libffcx_forms_acf3f5f0be786187d4cd327355857e8b025f87fa.cpython-312-x86_64-linux-gnu.so
>f+++++++++ outputs/stage03/jit_cache/libffcx_forms_acf3f5f0be786187d4cd327355857e8b025f87fa.o
>f+++++++++ outputs/stage03/jit_cache/libffcx_forms_aeaac3b539c0f1a6cef15c56aa757aa81a0d6f7e.c
>f+++++++++ outputs/stage03/jit_cache/libffcx_forms_aeaac3b539c0f1a6cef15c56aa757aa81a0d6f7e.c.cached
>f+++++++++ outputs/stage03/jit_cache/libffcx_forms_aeaac3b539c0f1a6cef15c56aa757aa81a0d6f7e.cpython-312-x86_64-linux-gnu.so
>f+++++++++ outputs/stage03/jit_cache/libffcx_forms_aeaac3b539c0f1a6cef15c56aa757aa81a0d6f7e.o
>f+++++++++ outputs/stage03/jit_cache/libffcx_forms_bea9c47d995de35e11f1b67d10a70adc8418b789.c
>f+++++++++ outputs/stage03/jit_cache/libffcx_forms_bea9c47d995de35e11f1b67d10a70adc8418b789.c.cached
>f+++++++++ outputs/stage03/jit_cache/libffcx_forms_bea9c47d995de35e11f1b67d10a70adc8418b789.cpython-312-x86_64-linux-gnu.so
>f+++++++++ outputs/stage03/jit_cache/libffcx_forms_bea9c47d995de35e11f1b67d10a70adc8418b789.o
>f+++++++++ outputs/stage03/jit_cache/libffcx_forms_bebd2671ed12e4854e8aa08aae06de14d90995e0.c
>f+++++++++ outputs/stage03/jit_cache/libffcx_forms_bebd2671ed12e4854e8aa08aae06de14d90995e0.c.cached
>f+++++++++ outputs/stage03/jit_cache/libffcx_forms_bebd2671ed12e4854e8aa08aae06de14d90995e0.cpython-312-x86_64-linux-gnu.so
>f+++++++++ outputs/stage03/jit_cache/libffcx_forms_bebd2671ed12e4854e8aa08aae06de14d90995e0.o
>f+++++++++ outputs/stage03/jit_cache/libffcx_forms_eb2f28e99b610a80f55f434369f5a5882a85077f.c
>f+++++++++ outputs/stage03/jit_cache/libffcx_forms_eb2f28e99b610a80f55f434369f5a5882a85077f.c.cached
>f+++++++++ outputs/stage03/jit_cache/libffcx_forms_eb2f28e99b610a80f55f434369f5a5882a85077f.cpython-312-x86_64-linux-gnu.so
>f+++++++++ outputs/stage03/jit_cache/libffcx_forms_eb2f28e99b610a80f55f434369f5a5882a85077f.o
cd+++++++++ outputs/stage03/preflight/
>f+++++++++ outputs/stage03/preflight/assembly.json
>f+++++++++ outputs/stage03/preflight/assembly_verified.json
