NATIVE_IDENTITY_PASS 5.175022078627653e-16
ASSEMBLED PLANAR_HEX_L1_R4_S1.01 913 13.832320793007966
EPS_DONE /PLANAR_HEX_L1_R4_S1.01 0.001
EPS_DONE /PLANAR_HEX_L1_R4_S1.01 0.002
EPS_DONE /PLANAR_HEX_L1_R4_S1.01 0.005
EPS_DONE /PLANAR_HEX_L1_R4_S1.01 0.01
EPS_DONE /PLANAR_HEX_L1_R4_S1.01 0.02
EPS_DONE /PLANAR_HEX_L1_R4_S1.01 0.05
EPS_DONE /PLANAR_HEX_L1_R4_S1.01 0.1
EPS_DONE /PLANAR_HEX_L1_R4_S1.01 0.2
EPS_DONE /PLANAR_HEX_L1_R4_S1.01 0.5
EPS_DONE /PLANAR_HEX_L1_R4_S1.01 1.0
EPS_DONE /PLANAR_HEX_L1_R4_S1.01 2.0
EPS_DONE /PLANAR_HEX_L1_R4_S1.01 5.0
ASSEMBLED PLANAR_HEX_L2_R4_S1.01 1819 59.67297074600356
EPS_DONE /PLANAR_HEX_L2_R4_S1.01 0.001
EPS_DONE /PLANAR_HEX_L2_R4_S1.01 0.002
EPS_DONE /PLANAR_HEX_L2_R4_S1.01 0.005
EPS_DONE /PLANAR_HEX_L2_R4_S1.01 0.01
EPS_DONE /PLANAR_HEX_L2_R4_S1.01 0.02
EPS_DONE /PLANAR_HEX_L2_R4_S1.01 0.05
EPS_DONE /PLANAR_HEX_L2_R4_S1.01 0.1
EPS_DONE /PLANAR_HEX_L2_R4_S1.01 0.2
EPS_DONE /PLANAR_HEX_L2_R4_S1.01 0.5
EPS_DONE /PLANAR_HEX_L2_R4_S1.01 1.0
EPS_DONE /PLANAR_HEX_L2_R4_S1.01 2.0
EPS_DONE /PLANAR_HEX_L2_R4_S1.01 5.0
BLOCKED PLANAR_HEX_L3_R4_S1.01 MemoryError('PREFLIGHT N=2732 estimated=43349889792 available=49382899712')
ASSEMBLED PLANAR_SQUARE_L1_R4_S1.01 793 10.864067690970842
EPS_DONE /PLANAR_SQUARE_L1_R4_S1.01 0.001
EPS_DONE /PLANAR_SQUARE_L1_R4_S1.01 0.002
EPS_DONE /PLANAR_SQUARE_L1_R4_S1.01 0.005
EPS_DONE /PLANAR_SQUARE_L1_R4_S1.01 0.01
EPS_DONE /PLANAR_SQUARE_L1_R4_S1.01 0.02
EPS_DONE /PLANAR_SQUARE_L1_R4_S1.01 0.05
EPS_DONE /PLANAR_SQUARE_L1_R4_S1.01 0.1
EPS_DONE /PLANAR_SQUARE_L1_R4_S1.01 0.2
EPS_DONE /PLANAR_SQUARE_L1_R4_S1.01 0.5
EPS_DONE /PLANAR_SQUARE_L1_R4_S1.01 1.0
EPS_DONE /PLANAR_SQUARE_L1_R4_S1.01 2.0
EPS_DONE /PLANAR_SQUARE_L1_R4_S1.01 5.0
ASSEMBLED PLANAR_SQUARE_L2_R4_S1.01 1581 45.15605614497326
EPS_DONE /PLANAR_SQUARE_L2_R4_S1.01 0.001
EPS_DONE /PLANAR_SQUARE_L2_R4_S1.01 0.002
EPS_DONE /PLANAR_SQUARE_L2_R4_S1.01 0.005
EPS_DONE /PLANAR_SQUARE_L2_R4_S1.01 0.01
EPS_DONE /PLANAR_SQUARE_L2_R4_S1.01 0.02
EPS_DONE /PLANAR_SQUARE_L2_R4_S1.01 0.05
EPS_DONE /PLANAR_SQUARE_L2_R4_S1.01 0.1
EPS_DONE /PLANAR_SQUARE_L2_R4_S1.01 0.2
EPS_DONE /PLANAR_SQUARE_L2_R4_S1.01 0.5
EPS_DONE /PLANAR_SQUARE_L2_R4_S1.01 1.0
EPS_DONE /PLANAR_SQUARE_L2_R4_S1.01 2.0
EPS_DONE /PLANAR_SQUARE_L2_R4_S1.01 5.0
BLOCKED PLANAR_SQUARE_L3_R4_S1.01 MemoryError('PREFLIGHT N=2374 estimated=32733167808 available=48447758336')
TERMINAL /workspace/microbubble_lammps/results/fixed_multiblob_wall_audit_20260916_143602/RAW_planar_beta0.125.h5
