Directory ownership check passed
.d..tp..... ./
cd+++++++++ logs/
cd+++++++++ logs/stage01_5/
cd+++++++++ logs/stage01_5/20260917T212509_601529433_candidate_A_caps/
>f+++++++++ logs/stage01_5/20260917T212509_601529433_candidate_A_caps/metadata.json
>f+++++++++ logs/stage01_5/20260917T212509_601529433_candidate_A_caps/stderr.log
>f+++++++++ logs/stage01_5/20260917T212509_601529433_candidate_A_caps/stdout.log
cd+++++++++ logs/stage01_5/20260917T212600_244552710_candidate_A_caps_serialization_fix/
>f+++++++++ logs/stage01_5/20260917T212600_244552710_candidate_A_caps_serialization_fix/metadata.json
>f+++++++++ logs/stage01_5/20260917T212600_244552710_candidate_A_caps_serialization_fix/stderr.log
>f+++++++++ logs/stage01_5/20260917T212600_244552710_candidate_A_caps_serialization_fix/stdout.log
cd+++++++++ logs/stage01_5/20260917T212609_088128633_candidate_B_caps/
>f+++++++++ logs/stage01_5/20260917T212609_088128633_candidate_B_caps/metadata.json
>f+++++++++ logs/stage01_5/20260917T212609_088128633_candidate_B_caps/stderr.log
>f+++++++++ logs/stage01_5/20260917T212609_088128633_candidate_B_caps/stdout.log
cd+++++++++ logs/stage01_5/20260917T212617_209922944_candidate_C_caps/
>f+++++++++ logs/stage01_5/20260917T212617_209922944_candidate_C_caps/metadata.json
>f+++++++++ logs/stage01_5/20260917T212617_209922944_candidate_C_caps/stderr.log
>f+++++++++ logs/stage01_5/20260917T212617_209922944_candidate_C_caps/stdout.log
cd+++++++++ outputs/
cd+++++++++ outputs/stage01_5/
cd+++++++++ outputs/stage01_5/candidate_A/
cd+++++++++ outputs/stage01_5/candidate_A/metadata/
>f+++++++++ outputs/stage01_5/candidate_A/metadata/cap_remesh.json
cd+++++++++ outputs/stage01_5/candidate_A/qc/
>f+++++++++ outputs/stage01_5/candidate_A/qc/cap_quality.npz
>f+++++++++ outputs/stage01_5/candidate_A/qc/surface_invariants.json
cd+++++++++ outputs/stage01_5/candidate_A/surface/
>f+++++++++ outputs/stage01_5/candidate_A/surface/tagged_surface_si.npz
cd+++++++++ outputs/stage01_5/candidate_B/
cd+++++++++ outputs/stage01_5/candidate_B/metadata/
>f+++++++++ outputs/stage01_5/candidate_B/metadata/cap_remesh.json
cd+++++++++ outputs/stage01_5/candidate_B/qc/
>f+++++++++ outputs/stage01_5/candidate_B/qc/cap_quality.npz
>f+++++++++ outputs/stage01_5/candidate_B/qc/surface_invariants.json
cd+++++++++ outputs/stage01_5/candidate_B/surface/
>f+++++++++ outputs/stage01_5/candidate_B/surface/tagged_surface_si.npz
cd+++++++++ outputs/stage01_5/candidate_C/
cd+++++++++ outputs/stage01_5/candidate_C/metadata/
>f+++++++++ outputs/stage01_5/candidate_C/metadata/cap_remesh.json
cd+++++++++ outputs/stage01_5/candidate_C/qc/
>f+++++++++ outputs/stage01_5/candidate_C/qc/cap_quality.npz
>f+++++++++ outputs/stage01_5/candidate_C/qc/surface_invariants.json
cd+++++++++ outputs/stage01_5/candidate_C/surface/
>f+++++++++ outputs/stage01_5/candidate_C/surface/tagged_surface_si.npz
cd+++++++++ outputs/stage01_5/failed_attempts/
cd+++++++++ outputs/stage01_5/failed_attempts/candidate_A_1789680363624624770/
cd+++++++++ outputs/stage01_5/failed_attempts/candidate_A_1789680363624624770/metadata/
cd+++++++++ outputs/stage01_5/failed_attempts/candidate_A_1789680363624624770/qc/
>f+++++++++ outputs/stage01_5/failed_attempts/candidate_A_1789680363624624770/qc/cap_quality.npz
cd+++++++++ outputs/stage01_5/failed_attempts/candidate_A_1789680363624624770/surface/
>f+++++++++ outputs/stage01_5/failed_attempts/candidate_A_1789680363624624770/surface/tagged_surface_si.npz
cd+++++++++ reports/
