 Starting up Musubi with nprocs:            2

 .___  ___.  __    __       _______. __    __  .______    __  
 |   \/   | |  |  |  |     /       ||  |  |  | |   _  \  |  | 
 |  \  /  | |  |  |  |    |   (----`|  |  |  | |  |_)  | |  | 
 |  |\/|  | |  |  |  |     \   \    |  |  |  | |   _  <  |  | 
 |  |  |  | |  `--'  | .----)   |   |  `--'  | |  |_)  | |  | 
 |__|  |__|  \______/  |_______/     \______/  |______/  |_v2.0.0-4-g4e8b27

 (C) 2012 German Research School for Simulation Sciences
 (C) 2013-2020 University Siegen
 (C) 2021 German Aerospace Center (DLR) -
          Institute of Software Methods for Product Virtualization
 
--------------------------------------------------------------------------------
 | INFORMATION ON THE EXECUTABLE
 | Revision of the code in this executable: 81f8c4f13772+
 |
 | Compiled with GFORTRAN in version 13.4.0
 | Using the command /home/lzy/.local/bin/mpif90
 | And the following flags:
 | -O3 -march=native -Wall -Wno-maybe-uninitialized -Werror -Wno-unused-dum
 | my-argument -fmax-stack-var-size=131072 -std=f2008 -pedantic-errors -O3
 | -march=native -Wall -Wno-maybe-uninitialized -Werror
 |
 | Build date: 2026-08-29
--------------------------------------------------------------------------------
--------------------------------------------------------------------------------
 | PRE-PROCESSING SETTINGS:
 | Using AOS (array of structures data layout)
 | Using PULL for streaming
--------------------------------------------------------------------------------

Run at: 2026-08-30 19:52 UTC+02:00

 Loading configuration file: musubi.lua
--------------------------------------------------------------------------------
--------------------------------------------------------------------------------
--------------------------------------------------------------------------------
Loading general parameters:
Using /dev/null as null device.
Will print run time info in the end
(/proc/self/status).
Size of the IO Buffer (MB): 8
Simulation Name: periodic_pipe_force_axis_n27_tau1
 Loading convergence for steady state...
 Convergence is a single table
 +-------------------------------------------+
Iterations between trigger checks: 1
  - Min:
  iterations:          200
 
  - Max:
  iterations:         5000
 
  - Interval:
  iterations:           50
 +-------------------------------------------+
  Loading shape kind: all
  Inverted shape:  F
  Number of reductions loaded: 2
  their reduceTypes are:
    average
    l2norm
 loaded convergence with nConditions=2
     Norm : average
     relative error
    nVal : 5
--------------------------------------------------------------------------------
 +-------------------------------------------+
  - Now:
  iterations:            0
  simTime   :    0.0000000000000000     
  wallClock :    5.6577600000000004E-003
 
  - Time Control:
 +-------------------------------------------+
Iterations between trigger checks: 1
  - Min:
  iterations:            0
  simTime   :    0.0000000000000000     
 
  - Max:
  iterations:         5000
 
  - Interval:
  iterations:           50
 +-------------------------------------------+
 
  - Abort Criteria:
  stop_file: stop
  steady_state:  T
 
  - Status:
 +-------------------------------------------+
 Using global alltoall
 Loading communication pattern:
 isend_irecv
Write timings to: tracking/musubi_timing.res
--------------------------------------------------------------------------------
 Loading general solver params: 
 Choosing Control Routine: standard
 Setting SCALING to:diffusive
Solid elements will be removed from BC list
Block size (elements): 576
--------------------------------------------------------------------------------
 No read restart given. Loading mesh file
 Obtaining HEADER of the configured mesh
 Load mesh header from file: /mnt/e/ULM/hatimb-particle_flow_simulator/ulm_3D_vascular/outputs/cfd_flow/healthy_mouse_capillary_port_grid_sensitivity_research_anchor003274_20260830/dimensionless_kernel/periodic_pipe_force/cases/axis_n27/mesh/header.lua
 The real bounding cube is...
   min:    1.3439577887009087E-005   1.3439577887009087E-005   5.4926970494732794E-006
   max:    1.6478091148419836E-005   1.6478091148419836E-005   2.4424971985955646E-005
--------------------------------------------------------------------------------
 Load mesh header from file: /mnt/e/ULM/hatimb-particle_flow_simulator/ulm_3D_vascular/outputs/cfd_flow/healthy_mouse_capillary_port_grid_sensitivity_research_anchor003274_20260830/dimensionless_kernel/periodic_pipe_force/cases/axis_n27/mesh/header.lua
 The real bounding cube is...
   min:    1.3439577887009087E-005   1.3439577887009087E-005   5.4926970494732794E-006
   max:    1.6478091148419836E-005   1.6478091148419836E-005   2.4424971985955646E-005
 Load mesh from file: /mnt/e/ULM/hatimb-particle_flow_simulator/ulm_3D_vascular/outputs/cfd_flow/healthy_mouse_capillary_port_grid_sensitivity_research_anchor003274_20260830/dimensionless_kernel/periodic_pipe_force/cases/axis_n27/mesh/elemlist.lsb
 using one process to read and broadcast
 Done, reading the mesh!
 NO BALANCING!
 Done loading weights.
 Got a mesh with following properties:
                 Mesh name: fluidTree
  Total number of elements: 90720
  Local number of elements: 45360
      Number of properties: 2
      Number of partitions: 2
             Minimum level: 8
             Maximum level: 8
       Bounding Box Origin:     0.0000    0.0000    0.0000
       Bounding Box Length:     0.0000
     Coarsest element size:     0.0000
       Finest element size:     0.0000
  Number of boundary elements: 8560
      Number of qVal elements: 8100
--------------------------------------------------------------------------------
 Load boundary ID from file: /mnt/e/ULM/hatimb-particle_flow_simulator/ulm_3D_vascular/outputs/cfd_flow/healthy_mouse_capillary_port_grid_sensitivity_research_anchor003274_20260830/dimensionless_kernel/periodic_pipe_force/cases/axis_n27/mesh/bnd.lsb
 read on a single process
Loading qVal data from directory: /mnt/e/ULM/hatimb-particle_flow_simulator/ulm_3D_vascular/outputs/cfd_flow/healthy_mouse_capillary_port_grid_sensitivity_research_anchor003274_20260830/dimensionless_kernel/periodic_pipe_force/cases/axis_n27/mesh/
 Load hasQVal from file: /mnt/e/ULM/hatimb-particle_flow_simulator/ulm_3D_vascular/outputs/cfd_flow/healthy_mouse_capillary_port_grid_sensitivity_research_anchor003274_20260830/dimensionless_kernel/periodic_pipe_force/cases/axis_n27/mesh/qval.lsb
 Done, reading the qVal!
 No IBM found!
--------------------------------------------------------------------------------
Lattice dx and dt on each level
level=8, dxL=   1.00000, dtL=   1.00000
--------------------------------------------------------------------------------
--------------------------------------------------------------------------------
  Loading physics table ...
  Physics table is defined.
  All values are expressed in physical units.
 Speed of sound (cs) is not defined.
 Attempting to load time step dt on coarsest level:
   cs =   96.928E+00
   dt =  696.108E-12
 WARNING: No value given for coulomb0
 WARNING: Reference coulomb0 is not found. 
 Setting reference coulomb0 to fundamental electrical charge.
Reference physical quantities:
  rho0       =    1.056E+03
  mass0      =    1.685E-18
  mole0      =    1.661E-24
  moleDens0  =    1.040E-03
  molWeight0 =    1.015E+06
  Temp0      =    1.000E+00
  coulomb0   =  160.218E-21
Conversion factors on level: 8
  dx            =  116.866E-09
  dt            =  696.108E-12
  pressure      =   29.764E+06
  velocity      =  167.885E+00
  kine. visc.   =   19.620E-06
  dyn. visc.    =   20.719E-03
  acceleration  =  241.176E+09
  force         =  406.501E-09
  body force    =  254.682E+12
  strain rate   =    1.437E+09
  energy        =   47.506E-15
  moleFlux      =  174.661E-03
  chargeDens    =  100.380E+00
  currentDens   =   16.852E+03
  massflux      =  177.286E+03
  diffusivity   =   19.620E-06
  faraday       =   96.485E+03
  gasConst      =   28.609E+09
  potential     =  296.510E+03

Over level scale factor: 
    pressure:    1.000E+00
    velocity:    1.000E+00
 strain rate:    1.000E+00
--------------------------------------------------------------------------------
--------------------------------------------------------------------------------
Loading Scheme identify table: 
kind: fluid_incompressible
Layout: d3q19
relaxation: bgk
  variant: standard
--------------------------------------------------------------------------------
 Creating stencil kind: d3q19
--------------------------------------------------------------------------------
 Loading the field base info ...
 No field table defined.
 Assuming single field and label = "".
--------------------------------------------------------------------------------
 Initializing global variable system for scheme kind: fluid_incompressible
 Appending state variables 
--------------------------------------------------------------------------------
Interpolation:
  method: quadratic
   order:  2
  weights_method: linear_distance
  inverse distance powefac:  6
--------------------------------------------------------------------------------
 No possible transport variable defined for scheme kind: fluid_incompressible
--------------------------------------------------------------------------------
 Loading the fields ...
 Number of fields to load:            1
 No field table and scheme table are defined.Loading field data from config
 Loading field: 
 Loading the fluid properties.
 Loading fluid informations
 loading space time function from key: kinematic_viscosity
 Spacetime function is a const value:    3.2700000000000000E-006
 St-fun is not a table, thus setting global shape.
 No nonNewtonian table defined
 No turbulence table defined
--------------------------------------------------------------------------------
--------------------------------------------------------------------------------
  Loading initial conditions
Loading spatial for pressure
 Load spatial as single constant
   Spatial for pressure is a defined as const
value =   23.622E+03
Loading spatial for velocityX
 Load spatial as single constant
   Spatial for velocityX is a defined as const
value =    0.000E+00
Loading spatial for velocityY
 Load spatial as single constant
   Spatial for velocityY is a defined as const
value =    0.000E+00
Loading spatial for velocityZ
   Spatial for velocityZ is a defined as lua_fun
Loading spatial for Sxx
 Load spatial as single constant
 ERROR: Fatal error occured in loading scalar constants
 WARNING: variable is non-existent!
 Setting kind to be "none" and value =    0.000E+00 for all 1 components
   Spatial for Sxx is a defined as none
Loading spatial for Syy
 Load spatial as single constant
 ERROR: Fatal error occured in loading scalar constants
 WARNING: variable is non-existent!
 Setting kind to be "none" and value =    0.000E+00 for all 1 components
   Spatial for Syy is a defined as none
Loading spatial for Szz
 Load spatial as single constant
 ERROR: Fatal error occured in loading scalar constants
 WARNING: variable is non-existent!
 Setting kind to be "none" and value =    0.000E+00 for all 1 components
   Spatial for Szz is a defined as none
Loading spatial for Sxy
 Load spatial as single constant
 ERROR: Fatal error occured in loading scalar constants
 WARNING: variable is non-existent!
 Setting kind to be "none" and value =    0.000E+00 for all 1 components
   Spatial for Sxy is a defined as none
Loading spatial for Syz
 Load spatial as single constant
 ERROR: Fatal error occured in loading scalar constants
 WARNING: variable is non-existent!
 Setting kind to be "none" and value =    0.000E+00 for all 1 components
   Spatial for Syz is a defined as none
Loading spatial for Sxz
 Load spatial as single constant
 ERROR: Fatal error occured in loading scalar constants
 WARNING: variable is non-existent!
 Setting kind to be "none" and value =    0.000E+00 for all 1 components
   Spatial for Sxz is a defined as none
--------------------------------------------------------------------------------
  Loading BC header
   Found BC wall of kind wall_libb
 matching boundary defination in lua to mesh
 Number of Boundaries: 1
--------------------------------------------------------------------------------
 Loading boundary definition for nBCs: 1
   Boundary: 1
    Curved:  F
     Wall LIBB treatment: wall
    Default qVal:   0.50000000000000000     
   required neighbors: 0
--------------------------------------------------------------------------------
 Loading the mappings from table: source
 Table source could not be opened for reading variable mappings!
--------------------------------------------------------------------------------
 Loading the mappings from table: glob_source
 Expected variable force is defined
 Did not find a variable name for force
 Trying to load it as an anonymous space time function
 loading space time function from key: force
 Spacetime function is a const value:    0.0000000000000000        0.0000000000000000        3884423.6432636492     
 St-fun is not a table, thus setting global shape.
 Found a spacetime function for force
 Expected variable turb_channel_force_accel is NOT defined
 Expected variable absorb_layer is NOT defined
 Expected variable absorb_layer_inlet is NOT defined
 Expected variable absorb_layer_outlet is NOT defined
 Expected variable hrr_correction is NOT defined
 Expected variable brinkman is NOT defined
 Order of approximation for force: 2
 Loading transport variables
--------------------------------------------------------------------------------
--------------------------------------------------------------------------------
 Loading variable vel_analy
   nComponents            1
 loading the spacetime functions for variable vel_analy
 loading space time function from key: st_fun
 St-fun is not a table, thus setting global shape.
 Space-time function for key st_fun:
       pos            1  is defined as lua_fun
--------------------------------------------------------------------------------
 Loading variable vel_error
   nComponents            1
   Loading operation table 
     kind = difference
     input_varname:
                  1 vel_mag_phy
                  2 vel_analy
--------------------------------------------------------------------------------
 Loading tracking ...
Number of Tracking entities: 4
Loading tracker: 1
 Tracking label: mean_velocity
 +-------------------------------------------+
Iterations between trigger checks: 1
  - Min:
  iterations:            0
 
  - Max:
  iterations:         5000
 
  - Interval:
  iterations:           50
 +-------------------------------------------+
  Number of reductions loaded: 1
  their reduceTypes are:
    average
   Loading output table ...
   Output format: ascii
  Loading shape kind: all
  Inverted shape:  F
Done tracker 1
Loading tracker: 2
 Tracking label: profile
 +-------------------------------------------+
Iterations between trigger checks: 1
  - Min:
  iterations:            0
 
  - Max:
  iterations:         5000
 
  - Interval:
  iterations:           50
 +-------------------------------------------+
  Number of reductions loaded: 2
  their reduceTypes are:
    l2norm
    l2norm
   Loading output table ...
   Output format: ascii
  Loading shape kind: all
  Inverted shape:  F
Done tracker 2
Loading tracker: 3
 Tracking label: safety
 +-------------------------------------------+
Iterations between trigger checks: 1
  - Min:
  iterations:            0
 
  - Max:
  iterations:         5000
 
  - Interval:
  iterations:           50
 +-------------------------------------------+
  Number of reductions loaded: 2
  their reduceTypes are:
    max
    min
   Loading output table ...
   Output format: ascii
  Loading shape kind: all
  Inverted shape:  F
Done tracker 3
Loading tracker: 4
 Tracking label: cross_section
 +-------------------------------------------+
Iterations between trigger checks: 1
  - Min:
  iterations:            0
 
  - Max:
  iterations:         5000
 
  - Interval:
  iterations:           50
 +-------------------------------------------+
   Loading output table ...
   Output format: asciispatial
  Loading shape kind: canoND
 Trying to read canoND shape...
  Inverted shape:  F
Done tracker 4
--------------------------------------------------------------------------------
--------------------------------------------------------------------------------
 NO particle modelling
--------------------------------------------------------------------------------
--------------------------------------------------------------------------------
 Initializing musubi ...
 Initializing the scheme ...
 Map stencil to treelm definition and vice versa ...
Initializing the moment matrix by stencil: d3q19
 Building variable system for scheme kind: fluid_incompressible
 Appending auxiliary variables 
 Current append variable wave loop:            1
 Append derive variables to varSys
 Variable pressure_deviation cant be added due to missing input variable pressure_reference
 Error: variable pressure_deviation is not added to variable system
 Appending boundary variables 
 Append derive physical variables to varSys
 Append variables defined in lua file to varSys
Appending variable  1: vel_analy
Appending variable  2: vel_error
 Append meshInfo variables to varSys
 Current append variable wave loop:            2
 Append derive variables to varSys
 Appending boundary variables 
 Append derive physical variables to varSys
 Append variables defined in lua file to varSys
Appending variable  1: vel_analy
 Variable already exists!
Appending variable  2: vel_error
 Variable already exists!
 Append meshInfo variables to varSys
 Current append variable wave loop:            3
 Append derive variables to varSys
 Appending boundary variables 
 Append derive physical variables to varSys
 Append variables defined in lua file to varSys
Appending variable  1: vel_analy
 Variable already exists!
Appending variable  2: vel_error
 Variable already exists!
 Append meshInfo variables to varSys
 Done appending variables to varSys
 Storing state variable position 
 Storing derive variable position 
--------------------------------------------------------------------------------
 Starting to initialize the geometry
--------------------------------------------------------------------------------
 Creating boundary lists ...
BC: wall, iBnd: 1, normal:   0  0  0, Ind: 19
 Finalizing stencils...
 Total Number of stencils: 1
 iStencil:  1, label: d3q19
 nElems: 90720
 Allocating level Descriptor ...
 Searching the neighbors for each element ...
 Finished searching the neighbors ID for each fluid.
 Creating level descriptor ...
 Building up the element and total list.
 Building level-wise fluid list ...
--------------------------------------------------------------------------------
 Communicating elements ...
Halo count exchange iteration: 1
 Starting all-to-all exchange of halo counts
Finished all-to-all exchanging number of elements
All to all cost: 0.309298E-02
  Finished counting valid procs and nElemsProcs.
   Done communicating nElems to Transfer
  Requesting remote halos on level 8
   Received requested halo elements successfully.
 Finished requesting remote halos
   Done requesting remote halos.
   Identifying lists
 Done exchanging number of elements to communicate.
Return halo counts and Redefine halos ...
  Returning halo counts on level 8
   Redefining halos ... 
   Done communicating stencil buffer
   Done communicating stencil buffer
   Done communicating stencil buffer
 Done with communication of elements. 
--------------------------------------------------------------------------------

 Assembling total list ...
     Level: 8
    nElems: 46480
       fluid: 45360
gFromCoarser: 0
  gFromFiner: 0
        halo: 1120
 Updating dependencies ...
 Updating the stencil entries
  Updating entries in the element stencils...
 Finished building up element and total list. 
Build neighbor array for stencil: 1
 level:  8, nElems to treat: 46480
--------------------------------------------------------------------------------

 Build vertical dep ...
 Total number of elements on Level: 8
   Fluid:   90720
 Global Elements information:
   nElems overall: 92960
   nElems ghost from finer: 0
   nElems ghost from coarser: 0
 
Start filling field BC neighbor list 
 Allocating PDF state, neighbor and bcBuffer array
 nSize of state array: 46480
 Building state array connectivity ...
 Done with state array connectivity.
Set halo elements comm links
Amount of message per proc: 10728
Communication amount compressed to [%]: 50.41

--------------------------------------------------------------------------------
Done initializing geometry. Took [s]      0.20
--------------------------------------------------------------------------------

 Simulation time homogenize:
  iterations:            0
  simTime   :    0.0000000000000000     
  wallClock :    5.6577600000000004E-003
 Time control homogenize:
 +-------------------------------------------+
Iterations between trigger checks: 1
  - Min:
  iterations:            0
 
  - Max:
  iterations:         5000
 
  - Interval:
  iterations:           50
 +-------------------------------------------+
Initialize fluid
  Set relaxation parameter from kinematic viscosity
Fluid properties:
  Reference density rho0:  1.0000000
  Kinematic viscosity STfun kind: const
Kinematic viscosity, (min, max) on level: 8
  Physical: ( 0.0000033, 0.0000033)
  Lattice: ( 0.1666667, 0.1666667)
  Kinematic omega (min,max):( 1.0000000, 1.0000000)
 viscBulk lattice and omega: 
  viscBulk:   0.1111111
  omegaBulk:  1.0000000
Magic lambda for TRT:  0.2500000
HRR sigma:  0.9800000
DRT tauN:  0.7000000
No nonNewtonian table defined.
--------------------------------------------------------------------------------
 Allocate gradient data ...
 Filling gradient data ...
--------------------------------------------------------------------------------
 Create subtree for all space time functions stored 
 in linked list of spacetime function
 Subtree encompasses all fluid elements
Found corresponding nElems: 90720
--------------------------------------------------------------------------------
 Done creating subtree for   1 spacetime functions
--------------------------------------------------------------------------------
--------------------------------------------------------------------------------
 Initializing Source terms ...
--------------------------------------------------------------------------------
--------------------------------------------------------------------------------
 Initializing transport variables ...
 No active transport variables
  Pulling pdfs from neighbor elements before collision
 Initializing tracker...
--------------------------------------------------------------------------------
 Initialize tracking subTree to remove empty objects
--------------------------------------------------------------------------------
 Creating subTree for tracking object mean_velocity
 Subtree encompasses all fluid elements
Found corresponding nElems: 90720
--------------------------------------------------------------------------------
 Creating subTree for tracking object profile
 Subtree encompasses all fluid elements
Found corresponding nElems: 90720
--------------------------------------------------------------------------------
 Creating subTree for tracking object safety
 Subtree encompasses all fluid elements
Found corresponding nElems: 90720
--------------------------------------------------------------------------------
 Creating subTree for tracking object cross_section
 iShape            1  is a geometrical shape.
   Extracting subTree from geometrical shape - tree intersection
Initializing canonical shapes
Done. This process cost: 0.766515E-02
Found corresponding nElems: 1120
--------------------------------------------------------------------------------
 Time control homogenize:
 +-------------------------------------------+
Iterations between trigger checks: 1
  - Min:
  iterations:            0
 
  - Max:
  iterations:         5000
 
  - Interval:
  iterations:           50
 +-------------------------------------------+
 Time control homogenize:
 +-------------------------------------------+
Iterations between trigger checks: 1
  - Min:
  iterations:            0
 
  - Max:
  iterations:         5000
 
  - Interval:
  iterations:           50
 +-------------------------------------------+
 Time control homogenize:
 +-------------------------------------------+
Iterations between trigger checks: 1
  - Min:
  iterations:            0
 
  - Max:
  iterations:         5000
 
  - Interval:
  iterations:           50
 +-------------------------------------------+
 Time control homogenize:
 +-------------------------------------------+
Iterations between trigger checks: 1
  - Min:
  iterations:            0
 
  - Max:
  iterations:         5000
 
  - Interval:
  iterations:           50
 +-------------------------------------------+
--------------------------------------------------------------------------------
 Initialize tracking objects
--------------------------------------------------------------------------------
Track object: 1, label: mean_velocity
 Initializing reduction ...
Track object: 2, label: profile
 Initializing reduction ...
Track object: 3, label: safety
 Initializing reduction ...
Track object: 4, label: cross_section
 Auxiliary field halo communication DEACTIVATED.
 Initializing convergence...
 Time control homogenize:
 +-------------------------------------------+
Iterations between trigger checks: 1
  - Min:
  iterations:          200
 
  - Max:
  iterations:         5000
 
  - Interval:
  iterations:           50
 +-------------------------------------------+
--------------------------------------------------------------------------------
 Setting up the convergence infrastructure
 Subtree encompasses all fluid elements
Found corresponding nElems: 90720
--------------------------------------------------------------------------------
 Initializing reduction ...
--------------------------------------------------------------------------------
Initialize BndForce
 Initializing IBM surface data
--------------------------------------------------------------------------------

--------------------------------------------------------------------------------
Initialize flow
 Initialize compute kernel for scheme kind: fluid_incompressible
 Choosing fluid_incompressible relaxation model: bgk for layout d3q19
 mus_load_particles: no particle table found
Initialize 1 boundary conditions
 Initializing BC: wall
--------------------------------------------------------------------------------
 Starting Musubi MAIN loop with time control:
 +-------------------------------------------+
Iterations between trigger checks: 1
  - Min:
  iterations:            0
 
  - Max:
  iterations:         5000
 
  - Interval:
  iterations:           50
 +-------------------------------------------+
Select fast single level control routine.
Particulate flow simulations disabled!
--------------------------------------------------------------------------------
  iterations:            0
  simTime   :    0.0000000000000000     
  wallClock :    5.6577600000000004E-003
      field |       total density
          1 |  216.0033561566E+00

  iterations:           50
  simTime   :    3.4805395863752282E-008
  wallClock :    1.3472940449999999     
      field |       total density
          1 |  216.0033561551E+00

  iterations:          100
  simTime   :    6.9610791727504604E-008
  wallClock :    1.8952216420000001     
      field |       total density
          1 |  216.0033561537E+00

  iterations:          150
  simTime   :    1.0441618759125693E-007
  wallClock :    2.4447190480000001     
      field |       total density
          1 |  216.0033561523E+00

  iterations:          200
  simTime   :    1.3922158345500923E-007
  wallClock :    3.0120634449999999     
      field |       total density
          1 |  216.0033561509E+00

  iterations:          250
  simTime   :    1.7402697931876156E-007
  wallClock :    3.6932971360000000     
      field |       total density
          1 |  216.0033561495E+00

  iterations:          300
  simTime   :    2.0883237518251388E-007
  wallClock :    4.3408276920000004     
      field |       total density
          1 |  216.0033561481E+00

  iterations:          350
  simTime   :    2.4363777104626599E-007
  wallClock :    4.9129832430000002     
      field |       total density
          1 |  216.0033561467E+00

  iterations:          400
  simTime   :    2.7844316691001699E-007
  wallClock :    5.4819133749999995     
      field |       total density
          1 |  216.0033561453E+00

  iterations:          450
  simTime   :    3.1324856277376799E-007
  wallClock :    6.1412970450000000     
      field |       total density
          1 |  216.0033561439E+00

  iterations:          500
  simTime   :    3.4805395863751898E-007
  wallClock :    6.7311868449999999     
      field |       total density
          1 |  216.0033561425E+00

  iterations:          550
  simTime   :    3.8285935450126998E-007
  wallClock :    7.3736026429999999     
      field |       total density
          1 |  216.0033561411E+00

  iterations:          600
  simTime   :    4.1766475036502098E-007
  wallClock :    7.9948700879999999     
      field |       total density
          1 |  216.0033561397E+00

  iterations:          650
  simTime   :    4.5247014622877198E-007
  wallClock :    8.6054373569999996     
      field |       total density
          1 |  216.0033561384E+00

  iterations:          700
  simTime   :    4.8727554209252372E-007
  wallClock :    9.2386666450000003     
      field |       total density
          1 |  216.0033561370E+00

  iterations:          750
  simTime   :    5.2208093795627737E-007
  wallClock :    9.8101014249999992     
      field |       total density
          1 |  216.0033561355E+00

  iterations:          800
  simTime   :    5.5688633382003101E-007
  wallClock :    10.487655390000000     
      field |       total density
          1 |  216.0033561342E+00

  iterations:          850
  simTime   :    5.9169172968378466E-007
  wallClock :    11.052825288999999     
      field |       total density
          1 |  216.0033561328E+00

  iterations:          900
  simTime   :    6.2649712554753830E-007
  wallClock :    11.653099237999999     
      field |       total density
          1 |  216.0033561314E+00

  iterations:          950
  simTime   :    6.6130252141129195E-007
  wallClock :    12.220073294000001     
      field |       total density
          1 |  216.0033561300E+00

  iterations:         1000
  simTime   :    6.9610791727504559E-007
  wallClock :    12.841525154999999     
      field |       total density
          1 |  216.0033561286E+00

  iterations:         1050
  simTime   :    7.3091331313879924E-007
  wallClock :    13.404075398000000     
      field |       total density
          1 |  216.0033561272E+00

  iterations:         1100
  simTime   :    7.6571870900255288E-007
  wallClock :    14.105196328000000     
      field |       total density
          1 |  216.0033561258E+00

  iterations:         1150
  simTime   :    8.0052410486630653E-007
  wallClock :    14.730699317999999     
      field |       total density
          1 |  216.0033561244E+00

  iterations:         1200
  simTime   :    8.3532950073006017E-007
  wallClock :    15.298243975000000     
      field |       total density
          1 |  216.0033561230E+00

  iterations:         1250
  simTime   :    8.7013489659381382E-007
  wallClock :    15.873184471000000     
      field |       total density
          1 |  216.0033561216E+00

  iterations:         1300
  simTime   :    9.0494029245756747E-007
  wallClock :    16.554945449999998     
      field |       total density
          1 |  216.0033561202E+00

  iterations:         1350
  simTime   :    9.3974568832132111E-007
  wallClock :    17.258627446999999     
      field |       total density
          1 |  216.0033561188E+00

  iterations:         1400
  simTime   :    9.7455108418507476E-007
  wallClock :    17.837623854000000     
      field |       total density
          1 |  216.0033561174E+00

  iterations:         1450
  simTime   :    1.0093564800488284E-006
  wallClock :    18.399719642000001     
      field |       total density
          1 |  216.0033561161E+00

  iterations:         1500
  simTime   :    1.0441618759125820E-006
  wallClock :    19.018262092000001     
      field |       total density
          1 |  216.0033561147E+00

  iterations:         1550
  simTime   :    1.0789672717763357E-006
  wallClock :    19.662369369000000     
      field |       total density
          1 |  216.0033561133E+00

  iterations:         1600
  simTime   :    1.1137726676400893E-006
  wallClock :    20.361345480000001     
      field |       total density
          1 |  216.0033561119E+00

  iterations:         1650
  simTime   :    1.1485780635038430E-006
  wallClock :    20.936337531000000     
      field |       total density
          1 |  216.0033561105E+00

  iterations:         1700
  simTime   :    1.1833834593675966E-006
  wallClock :    21.561660622000002     
      field |       total density
          1 |  216.0033561091E+00

  iterations:         1750
  simTime   :    1.2181888552313503E-006
  wallClock :    22.148052175000000     
      field |       total density
          1 |  216.0033561077E+00

  iterations:         1800
  simTime   :    1.2529942510951039E-006
  wallClock :    22.722793803999998     
      field |       total density
          1 |  216.0033561063E+00

 Reached steady state         1800 T

SUCCESSFUL run!
 Status of the simulation now:
 +--------------------------------------------+
 STATUS:
  * Status Interval is reached
  * Simulation reached a steady state
 +--------------------------------------------+

  iterations:         1800
  simTime   :    1.2529942510951039E-006
  wallClock :    22.722793803999998     
      field |       total density
          1 |  216.0033561063E+00

--------------------------------------------------------------------------------
 Load balance evaluation:
  max CPU cost:     21.77 (s)
  ave CPU cost:     21.70 (s)
 imbalance (i.e. max/ave):    100.29%
--------------------------------------------------------------------------------
--------------------------------------------------------------------------------
Boundary timing information:
        wall, min time:     1.77, max time:     1.79
--------------------------------------------------------------------------------
Name:	musubi_adaptive
Umask:	0022
State:	R (running)
Tgid:	61081
Ngid:	0
Pid:	61081
PPid:	61077
TracerPid:	0
Uid:	1000	1000	1000	1000
Gid:	1000	1000	1000	1000
FDSize:	64
Groups:	4 24 27 30 46 100 1000 1001
NStgid:	61081
NSpid:	61081
NSpgid:	61081
NSsid:	495
Kthread:	0
VmPeak:	  406112 kB
VmSize:	  395972 kB
VmLck:	       0 kB
VmPin:	       0 kB
VmHWM:	   96640 kB
VmRSS:	   90356 kB
RssAnon:	   74612 kB
RssFile:	   15744 kB
RssShmem:	       0 kB
VmData:	   92480 kB
VmStk:	     168 kB
VmExe:	    7440 kB
VmLib:	   10244 kB
VmPTE:	     292 kB
VmSwap:	       0 kB
HugetlbPages:	       0 kB
CoreDumping:	0
THP_enabled:	1
untag_mask:	0xffffffffffffffff
Threads:	3
SigQ:	1/31177
SigPnd:	0000000000000000
ShdPnd:	0000000000000000
SigBlk:	0000000000000000
SigIgn:	0000000000000000
SigCgt:	00000001418004fc
CapInh:	0000000000000000
CapPrm:	0000000000000000
CapEff:	0000000000000000
CapBnd:	000001ffffffffff
CapAmb:	0000000000000000
NoNewPrivs:	0
Seccomp:	2
Seccomp_filters:	1
Speculation_Store_Bypass:	thread vulnerable
SpeculationIndirectBranch:	conditional enabled
Cpus_allowed:	000003
Cpus_allowed_list:	0-1
Mems_allowed:	00000000,00000000,00000000,00000000,00000000,00000000,00000000,00000000,00000000,00000000,00000000,00000000,000000
Mems_allowed_list:	0
voluntary_ctxt_switches:	5499
nonvoluntary_ctxt_switches:	6

 Done with Musubi in      22.83 s
