Stage 2 completed.
formulation:
    P2/P1 + Real global flux multiplier
    inlet velocity profile = NONE
    pressure pin = NONE
    formal outlet = zero traction
pipe benchmark (traction-consistent analytic reference, fine):
    Q_target = 1.0000000000000000e-14 m^3/s
    Q_in = 1.0000000000001049e-14 m^3/s
    Q_out = 1.0000000000000996e-14 m^3/s
    lambda_FEM = 6.111559705858 Pa
    lambda_exact = 6.111549814729 Pa
    velocity_L2_error = 2.438273e-05
    pressure_error = 1.915593e-06
    formal-BC fine lambda = 6.023107433492 Pa (end effect reported separately)
mesh convergence (reference velocity section L2):
    coarse = 4.109950e-04
    medium = 9.795932e-05
    fine = 2.438273e-05
tests:
    passed = 103
    failed = 0
    skipped = 1 (existing local Stage 0 DOLFINx test)
MPI:
    1 rank = PASS
    2 ranks = PASS
report:
    reports/stage02/REPORT.md
human review:
    pipe_geometry_and_bc.png
    velocity_profile.png
    pressure_axial.png
    lambda_vs_Q.png
    mesh_convergence.png
    flux_balance.png
    velocity_slice_3d.png
STAGE 2 STATUS: PASS
STOP. Stage 3 has not started.

