WSL source hashes verified
{"log_dir": "/workspace/formal_3D_flow_solver_FEM_lzy/logs/stage01/20260917T192844_305899697_medium_topology_qc", "returncode": 0, "wall_time_s": 0.9136613430455327}
IONAL PASS",
  "tetrahedron_count": 147569,
  "vertex_count": 42968,
  "cell_tags": {
    "100": 147569
  },
  "validity": {
    "zero_volume": 0,
    "negative_volume": 0,
    "nonfinite_volume": 0
  },
  "topology": {
    "connected_fluid_components": 1,
    "exterior_facet_count": 67262,
    "interior_facet_count": 261507,
    "nonmanifold_facets": 0,
    "unlabelled_exterior_facets": 0,
    "multiply_labelled_exterior_facets": 0,
    "tagged_nonexterior_facets": 0,
    "boundary_counts": {
      "WALL": 67071,
      "OUTLET_03": 49,
      "OUTLET_01": 44,
      "INLET": 56,
      "OUTLET_02": 42
    },
    "normal_orientation_method": "Each exterior triangle is oriented away from its unique adjacent tetrahedron centroid"
  },
  "boundary_fidelity": {
    "matched_tagged_source_triangles": 67262,
    "source_triangle_count": 67262,
    "final_triangle_count": 67262,
    "maximum_boundary_displacement_m": 0.0,
    "roundoff_tolerance_m": 2.0094283875726758e-17,
    "coordinates_exactly_equal": true,
    "tagged_triangle_connectivity_equal": true,
    "surface_remeshing": false,
    "source_surface_area_m2": 2.053721076456663e-09,
    "final_surface_area_m2": 2.053721076456663e-09,
    "source_bounds_m": [
      [
        7.893795776367187e-05,
        4.109487533569336e-05,
        7.977824401855468e-05
      ],
      [
        0.00017675119018554687,
        0.00013389659118652342,
        0.0001598683166503906
      ]
    ],
    "final_boundary_bounds_m": [
      [
        7.893795776367187e-05,
        4.109487533569336e-05,
        7.977824401855468e-05
      ],
      [
        0.00017675119018554687,
        0.00013389659118652342,
        0.0001598683166503906
      ]
    ],
    "comparison_method": "Bijective boundary vertex correspondence followed by equality of every triangle's vertex set AND its original tag; nearest distances only measure fidelity, never assign tags"
  },
  "ports": {
    "inlet": {
      "entity_id": 4,
      "facet_count": 56,
      "area_m2": 7.819752111687349e-12,
      "source_area_m2": 7.819752111687344e-12,
      "absolute_error_m2": 4.8467614016778965e-27,
      "relative_error": 6.198101081022712e-16,
      "centroid_m": [
        0.00010367370500008982,
        5.755423323876856e-05,
        0.00015880639894086856
      ],
      "centroid_displacement_m": 6.21054815506299e-20,
      "outward_normal": [
        0.02517270908711302,
        0.6720842151431442,
        0.7400467164123083
      ],
      "normal_dot_product": 1.0,
      "max_plane_deviation_m": 8.597128052391865e-12,
      "source_max_plane_deviation_m": 8.597128053899894e-12,
      "status": "PASS"
    },
    "outlet_01": {
      "entity_id": 3,
      "facet_count": 44,
      "area_m2": 4.416141896353051e-12,
      "source_area_m2": 4.416141896353047e-12,
      "absolute_error_m2": 4.0389678347315804e-27,
      "relative_error": 9.14591951419644e-16,
      "centroid_m": [
        0.00011372325572283158,
        0.00013377172587424854,
        9.920496804724539e-05
      ],
      "centroid_displacement_m": 1.1175700191704681e-19,
      "outward_normal": [
        0.0254984142163825,
        0.9944579197928293,
        -0.10199645402546365
      ],
      "normal_dot_product": 0.9999999999999999,
      "max_plane_deviation_m": 1.3089527768896127e-11,
      "source_max_plane_deviation_m": 1.3089527784303223e-11,
      "status": "PASS"
    },
    "outlet_02": {
      "entity_id": 5,
      "facet_count": 42,
      "area_m2": 4.3150704296640695e-12,
      "source_area_m2": 4.315070429664078e-12,
      "absolute_error_m2": 8.077935669463161e-27,
      "relative_error": 1.872028695970095e-15,
      "centroid_m": [
        7.943377945862506e-05,
        4.318397670503501e-05,
        0.00011043130447563963
      ],
      "centroid_displacement_m": 1.9166167708542177e-20,
      "outward_normal": [
        -0.9064635168106034,
        -0.4202692103792974,
        -0.04120295497309398
      ],
      "normal_dot_product": 1.0,
      "max_plane_deviation_m": 6.354756961380572e-12,
      "source_max_plane_deviation_m": 6.354756955609386e-12,
      "status": "PASS"
    },
    "outlet_03": {
      "entity_id": 2,
      "facet_count": 49,
      "area_m2": 5.110621775544013e-12,
      "source_area_m2": 5.110621775544018e-12,
      "absolute_error_m2": 5.6545549686242126e-27,
      "relative_error": 1.106431901433812e-15,
      "centroid_m": [
        0.00017656119173816413,
        9.709983934833469e-05,
        8.104268364749994e-05
      ],
      "centroid_displacement_m": 1.0671270553964467e-19,
      "outward_normal": [
        0.9888190654246353,
        0.058742367510066805,
        -0.13706272327683783
      ],
      "normal_dot_product": 1.0,
      "max_plane_deviation_m": 1.4570317353039758e-11,
      "source_max_plane_deviation_m": 1.457031737134469e-11,
      "status": "PASS"
    }
  },
  "volume_closure": {
    "tetra_volume_m3": 1.4606826324749105e-15,
    "source_enclosed_volume_m3": 1.4606826324749117e-15,
    "relative_error": 8.100947676954334e-16,
    "tolerance": 1e-10
  },
  "quality": {
    "volume_m3": {
      "minimum": 1.762931631717605e-24,
      "P1": 1.1181703507801055e-21,
      "P5": 1.668195652570322e-21,
      "median": 5.903606704442273e-21,
      "P95": 3.104657268558732e-20,
      "maximum": 1.0493507642313491e-19
    },
    "max_to_min_edge_ratio": {
      "minimum": 1.0257274878611293,
      "P1": 1.2541865932173801,
      "P5": 1.3822391668602656,
      "median": 2.0592519514367265,
      "P95": 2.974067982711066,
      "maximum": 23.414942124276845
    },
    "gmsh_min_sicn": {
      "minimum": 0.012171307762867093,
      "P1": 0.3359723496666575,
      "P5": 0.47439613749869236,
      "median": 0.7206460021439326,
      "P95": 0.9290835320561566,
      "maximum": 0.9995865387339077
    },
    "metric": "Gmsh minSICN: signed inverse condition number; higher is better, ideal regular tetrahedron 1",
    "advisory_threshold": 0.1,
    "advisory_count": 153,
    "advisory_fraction": 0.0010368031226070517,
    "threshold_role": "engineering display trigger only, not a convergence or scientific acceptance criterion",
    "low_quality_nearest_boundary_counts": {
      "WALL": 24,
      "OUTLET_03": 36,
      "OUTLET_01": 26,
      "INLET": 51,
      "OUTLET_02": 16
    },
    "location_method": "Nearest boundary triangle center is approximate context only; junction/narrow-vessel interpretation requires image review",
    "worst_elements": [
      {
        "cell_index": 137690,
        "gmsh_element_id": 204953,
        "min_sicn": 0.012171307762867093,
        "volume_m3": 3.687203612478513e-21,
        "edge_ratio": 10.034635726660028,
        "centroid_m": [
          0.00010408256666108735,
          5.822774956293735e-05,
          0.00015811733699160985
        ],
        "nearest_boundary_patch": "INLET",
        "distance_to_nearest_boundary_triangle_center_m": 3.4911007008396666e-07
      },
      {
        "cell_index": 137689,
        "gmsh_element_id": 204952,
        "min_sicn": 0.013232540047654524,
        "volume_m3": 4.429446410796461e-21,
        "edge_ratio": 10.378551007808351,
        "centroid_m": [
          0.00010400006620332369,
          5.823032543726595e-05,
          0.00015811780619937353
        ],
        "nearest_boundary_patch": "INLET",
        "distance_to_nearest_boundary_triangle_center_m": 3.6064636743405165e-07
      },
      {
        "cell_index": 137688,
        "gmsh_element_id": 204951,
        "min_sicn": 0.014644606304129388,
        "volume_m3": 5.281710028870614e-21,
        "edge_ratio": 11.075911733557438,
        "centroid_m": [
          0.00010435575811311372,
          5.8046430326181975e-05,
          0.000158272713425936
        ],
        "nearest_boundary_patch": "INLET",
        "distance_to_nearest_boundary_triangle_center_m": 3.0087945965030555e-07
      },
      {
        "cell_index": 137687,
        "gmsh_element_id": 204950,
        "min_sicn": 0.015812446118330332,
        "volume_m3": 6.09323725455706e-21,
        "edge_ratio": 11.913119083692287,
        "centroid_m": [
          0.00010438835470124849,
          5.798904964991244e-05,
          0.00015832371592837744
        ],
        "nearest_boundary_patch": "INLET",
        "distance_to_nearest_boundary_triangle_center_m": 2.852283669574842e-07
      },
      {
        "cell_index": 137686,
        "gmsh_element_id": 204949,
        "min_sicn": 0.017016179539256403,
        "volume_m3": 6.915600381220243e-21,
        "edge_ratio": 12.708304625885564,
        "centroid_m": [
          0.00010441260854646333,
          5.792978355951937e-05,
          0.00015837671351748875
        ],
        "nearest_boundary_patch": "INLET",
        "distance_to_nearest_boundary_triangle_center_m": 2.6974334654155e-07
      },
      {
        "cell_index": 137685,
        "gmsh_element_id": 204948,
        "min_sicn": 0.018346779180626663,
        "volume_m3": 7.766143420460505e-21,
        "edge_ratio": 13.458127808989998,
        "centroid_m": [
          0.0001044283422653354,
          5.7869244313913905e-05,
          0.00015843115687686377
        ],
        "nearest_boundary_patch": "INLET",
        "distance_to_nearest_boundary_triangle_center_m": 2.5460741668481976e-07
      },
      {
        "cell_index": 137655,
        "gmsh_element_id": 204918,
        "min_sicn": 0.019163720363836755,
        "volume_m3": 8.595622447102914e-21,
        "edge_ratio": 14.199089272800375,
        "centroid_m": [
          0.00010294088498994477,
          5.7851013875681486e-05,
          0.00015849830699283054
        ],
        "nearest_boundary_patch": "INLET",
        "distance_to_nearest_boundary_triangle_center_m": 2.7158509458003763e-07
      },
      {
        "cell_index": 137684,
        "gmsh_element_id": 204947,
        "min_sicn": 0.019770969666069137,
        "volume_m3": 8.609805650700153e-21,
        "edge_ratio": 14.165946084573784,
        "centroid_m": [
          0.00010443544332429536,
          5.7808063245493504e-05,
          0.00015848647761660984
        ],
        "nearest_boundary_patch": "INLET",
        "distance_to_nearest_boundary_triangle_center_m": 2.400424976739825e-07
      },
      {
        "cell_index": 137566,
        "gmsh_element_id": 204829,
        "min_sicn": 0.02052515506363909,
        "volume_m3": 3.1382685682682956e-21,
        "edge_ratio": 12.085236747144759,
        "centroid_m": [
          0.00011310387486593687,
          0.00013369867671076177,
          9.879907108688775e-05
        ],
        "nearest_boundary_patch": "OUTLET_01",
        "distance_to_nearest_boundary_triangle_center_m": 2.171572493861156e-07
      },
      {
        "cell_index": 137657,
        "gmsh_element_id": 204920,
        "min_sicn": 0.020564465681672563,
        "volume_m3": 9.445268244854409e-21,
        "edge_ratio": 14.848981296211985,
        "centroid_m": [
          0.00010301313344880708,
          5.787931797571811e-05,
          0.00015847014308291842
        ],
        "nearest_boundary_patch": "INLET",
        "distance_to_nearest_boundary_triangle_center_m": 2.5876303494536216e-07
      },
      {
        "cell_index": 137581,
        "gmsh_element_id": 204844,
        "min_sicn": 0.020766262049724517,
        "volume_m3": 2.783807611661413e-21,
        "edge_ratio": 8.655366922136565,
        "centroid_m": [
          0.00017656686311305197,
          9.767674169469613e-05,
          8.171099822217319e-05
        ],
        "nearest_boundary_patch": "OUTLET_03",
        "distance_to_nearest_boundary_triangle_center_m": 2.7260631166135736e-07
      },
      {
        "cell_index": 137683,
        "gmsh_element_id": 204946,
        "min_sicn": 0.021379712705352723,
        "volume_m3": 9.460716289772303e-21,
        "edge_ratio": 14.827599215680419,
        "centroid_m": [
          0.00010443387166902194,
          5.7746883130747404e-05,
          0.0001585420920880454
        ],
        "nearest_boundary_patch": "INLET",
        "distance_to_nearest_boundary_triangle_center_m": 2.2632140211125916e-07
      },
      {
        "cell_index": 137654,
        "gmsh_element_id": 204917,
        "min_sicn": 0.022137610771749416,
        "volume_m3": 1.0287955844206224e-20,
        "edge_ratio": 15.4576354693268,
        "centroid_m": [
          0.00010308915464326509,
          5.790180466242465e-05,
          0.00015844713664370946
        ],
        "nearest_boundary_patch": "INLET",
        "distance_to_nearest_boundary_triangle_center_m": 2.465564043904433e-07
      },
      {
        "cell_index": 137681,
        "gmsh_element_id": 204944,
        "min_sicn": 0.023176761015048983,
        "volume_m3": 1.0291400660495257e-20,
        "edge_ratio": 15.445426238877392,
        "centroid_m": [
          0.00010442366544648775,
          5.768635151453646e-05,
          0.0001585974128277915
        ],
        "nearest_boundary_patch": "INLET",
        "distance_to_nearest_boundary_triangle_center_m": 2.137564943394061e-07
      },
      {
        "cell_index": 137579,
        "gmsh_element_id": 204842,
        "min_sicn": 0.02355548239398611,
        "volume_m3": 3.475847464707051e-21,
        "edge_ratio": 9.31192260732115,
        "centroid_m": [
          0.000176521281295425,
          9.785872182775277e-05,
          8.146013610059113e-05
        ],
        "nearest_boundary_patch": "OUTLET_03",
        "distance_to_nearest_boundary_triangle_center_m": 2.303614766491717e-07
      },
      {
        "cell_index": 137652,
        "gmsh_element_id": 204915,
        "min_sicn": 0.0238916616900871,
        "volume_m3": 1.1098133611399101e-20,
        "edge_ratio": 16.024799910294217,
        "centroid_m": [
          0.00010316811506196626,
          5.791822598047885e-05,
          0.0001584295394452231
        ],
        "nearest_boundary_patch": "INLET",
        "distance_to_nearest_boundary_triangle_center_m": 2.3422983904666265e-07
      },
      {
        "cell_index": 137679,
        "gmsh_element_id": 204942,
        "min_sicn": 0.025251026566119255,
        "volume_m3": 1.1106249207456056e-20,
        "edge_ratio": 16.01664626222293,
        "centroid_m": [
          0.00010440495054170258,
          5.7627114034372896e-05,
          0.00015865184855777195
        ],
        "nearest_boundary_patch": "INLET",
        "distance_to_nearest_boundary_triangle_center_m": 2.027006846182176e-07
      },
      {
        "cell_index": 137580,
        "gmsh_element_id": 204843,
        "min_sicn": 0.025727196904593685,
        "volume_m3": 4.1435263039474574e-21,
        "edge_ratio": 10.180742798288678,
        "centroid_m": [
          0.00017651076036036641,
          9.786665258336801e-05,
          8.138762061292025e-05
        ],
        "nearest_boundary_patch": "OUTLET_03",
        "distance_to_nearest_boundary_triangle_center_m": 2.1907162171070227e-07
      },
      {
        "cell_index": 137650,
        "gmsh_element_id": 204913,
        "min_sicn": 0.025917335200914382,
        "volume_m3": 1.1883333607395886e-20,
        "edge_ratio": 16.54781588378939,
        "centroid_m": [
          0.00010324914686128267,
          5.7928403592783534e-05,
          0.00015841754222232276
        ],
        "nearest_boundary_patch": "INLET",
        "distance_to_nearest_boundary_triangle_center_m": 2.5791131377992995e-07
      },
      {
        "cell_index": 137557,
        "gmsh_element_id": 204820,
        "min_sicn": 0.026081423782735293,
        "volume_m3": 4.935573954700963e-21,
        "edge_ratio": 14.976450114403676,
        "centroid_m": [
          0.0001142755190767523,
          0.00013374201548639652,
          9.95145747795147e-05
        ],
        "nearest_boundary_patch": "OUTLET_01",
        "distance_to_nearest_boundary_triangle_center_m": 1.84868905807511e-07
      }
    ]
  },
  "timestamp": "2026-09-17T19:28:48.448599+00:00",
  "mesh_sha256": "e2599cf8c759db77b9d8b44eb804cb808bd5e379f5087dfcc48763c65f86baaf"
}


