Options:
  --silent
    Performs an installation with no further user-input and minimal
    command-line output based on the options provided below. Silent
    installations are useful for scripting the installation of CUDA.
    Using this option implies acceptance of the EULA. If running with
    non-root permissions, additional customizations may be necessary
    with other command-line options.

  --driver
    Install the CUDA Driver.

  --kernelobjects
    Install the CUDA Kernel Objects.
  
  --kopath=<path>
    Install the CUDA Kernel Objects to <path>.

  --toolkit
    Install the CUDA Toolkit.

  --toolkitpath=<path>
    Install the CUDA Toolkit to the <path> directory. If this flag is not
    provided, the default path of /usr/local/cuda-12.6 is used.

  --installpath=<path>
    Install everything to the <path> directory. This flag overrides the
    --toolkitpath flag if it is set.

  --extract=<path>
    Extracts driver runfile and the raw files of the toolkit to <path>.

    This is especially useful when one wants to install the driver using one or
    more of the command-line options provided by the driver installer which
    are not exposed in this installer.

  --override
    Ignores compiler version checks which would prevent installation.

  --no-opengl-libs
    Prevents the driver installation from installing NVIDIA's GL libraries.
    Useful for systems where the display is driven by a non-NVIDIA GPU.
    In such systems, NVIDIA's GL libraries could prevent X from loading
    properly.

  --no-man-page
    Do not install the man pages under /usr/share/man.

  --kernel-module-type=<proprietary|open>
    Tells the driver installation to use proprietary or open flavor of kernel source
    when building the NVIDIA kernel modules. Same as --kernel-module-build-directory.

  --kernel-module-build-directory=<kernel|kernel-open>
    Tells the driver installation to use legacy or open flavor of kernel source
    when building the NVIDIA kernel module. The kernel-open flavor is only
    supported on Turing GPUs and newer.

  -m=kernel
    Tells the driver installation to use legacy flavor of kernel source when
    building the NVIDIA kernel module.
    Shorthand for --kernel-module-build-directory=kernel

  -m=kernel-open
    Tells the driver installation to use open flavor of kernel source when
    building the NVIDIA kernel module. The kernel-open flavor is only supported
    on Turing GPUs and newer.
    Shorthand for --kernel-module-build-directory=kernel-open

  --kernel-source-path=<path>
    Tells the driver installation to use <path> as the kernel source directory
    when building the NVIDIA kernel module. Required for systems where the
    kernel source is installed to a non-standard location.

  --kernel-output-path=<path>
    Tells the driver installation to use <path> as the kernel output directory
    when building the NVIDIA kernel module. Required for systems where the
    kernel obects are loaded from a non-standard location.

  --run-nvidia-xconfig
    Tells the driver installation to run nvidia-xconfig to update the system
    X configuration file so that the NVIDIA X driver is used. The pre-existing
    X configuration file will be backed up.

    This option should not be used on systems that require a custom
    X configuration, or on systems where a non-NVIDIA GPU is rendering the
    display.

  --no-drm
    Do not install the nvidia-drm kernel module. This kernel module provides 
    several features, including X11 autoconfiguration, support for PRIME, and 
    DRM-KMS. The latter is used to support modesetting on windowing systems 
    that run independently of X11. The '--no-drm' option should only be used 
    to work around failures to build or install the nvidia-drm kernel module 
    on systems that do not need these features.

  --tmpdir=<path>
    Performs any temporary actions within <path> instead of /tmp. Useful in
    cases where /tmp cannot be used (doesn't exist, is full, is mounted with
    'noexec', etc.).

  ---
    End of options separator. Arguments passed after will be
    passed-through to the NVIDIA-Linux*.run driver installer.

  --help
    Prints this help message.
