[INFO]: Setting silent=true
[INFO]: Setting toolkit=true
[INFO]: Setting toolkitpath=/workspace/formal_3D_flow_solver_FEM_SimVascular_lzy/sv1_3h/external/cuda-12.6
[INFO]: Setting defaultpath=/workspace/formal_3D_flow_solver_FEM_SimVascular_lzy/sv1_3h/external/cuda-12.6
[INFO]: Not installing manpages
[INFO]: Driver not installed.
[INFO]: Checking compiler version...
[INFO]: gcc location: /usr/bin/gcc

[INFO]: gcc version: gcc version 13.3.0 (Ubuntu 13.3.0-6ubuntu2~24.04.1) 

[INFO]: Initializing menu
[INFO]: nvidia-fs.setKOVersion(2.22.3)
[INFO]: Silent install option: skipping driver
[INFO]: Updating toolkitpath for: CUDA Toolkit 12.6
[WARNING]: Unable to write to directory: /usr/share/applications/
[INFO]: Updating toolkitpath for: CUDA Libraries 12.6
[INFO]: Updating toolkitpath for: CUDA Development 12.6
[INFO]: Updating toolkitpath for: libcufft-dev
[INFO]: Updating toolkitpath for: libnvjpeg-dev
[INFO]: Updating toolkitpath for: libnvjitlink-dev
[INFO]: Updating toolkitpath for: libnvfatbin-dev
[INFO]: Updating toolkitpath for: libnpp-dev
[INFO]: Updating toolkitpath for: libcusparse-dev
[INFO]: Updating toolkitpath for: libcusolver-dev
[INFO]: Updating toolkitpath for: libcurand-dev
[INFO]: Updating toolkitpath for: libcufile-dev
[INFO]: Updating toolkitpath for: cuda-cccl
[INFO]: Updating toolkitpath for: libcublas-dev
[INFO]: Updating toolkitpath for: cuda-profiler-api
[INFO]: Updating toolkitpath for: cuda-opencl-dev
[INFO]: Updating toolkitpath for: cuda-nvrtc-dev
[INFO]: Updating toolkitpath for: cuda-nvml-dev
[INFO]: Updating toolkitpath for: cuda-driver-dev
[INFO]: Updating toolkitpath for: cuda-cudart-dev
[INFO]: Updating toolkitpath for: CUDA Runtime 12.6
[INFO]: Updating toolkitpath for: cuda-cudart
[INFO]: Updating toolkitpath for: cuda-nvrtc
[INFO]: Updating toolkitpath for: cuda-opencl
[INFO]: Updating toolkitpath for: libcublas12
[INFO]: Updating toolkitpath for: libcufft
[INFO]: Updating toolkitpath for: libcufile
[INFO]: Updating toolkitpath for: libcurand
[INFO]: Updating toolkitpath for: libcusolver
[INFO]: Updating toolkitpath for: libcusparse
[INFO]: Updating toolkitpath for: libnpp
[INFO]: Updating toolkitpath for: libnvfatbin
[INFO]: Updating toolkitpath for: libnvjitlink
[INFO]: Updating toolkitpath for: libnvjpeg
[INFO]: Installing: CUDA Toolkit 12.6
[WARNING]: Unable to write to directory: /workspace/formal_3D_flow_solver_FEM_SimVascular_lzy/sv1_3h/external
[ERROR]: Permission denied. Unable to write to /workspace/formal_3D_flow_solver_FEM_SimVascular_lzy/sv1_3h/external/cuda-12.6/
[ERROR]: Install of CUDA Toolkit 12.6 failed, quitting
