Directory ownership check passed
.d..t...... inputs/stage02/
<f+++++++++ inputs/stage02/acceptance_policy.json
<f+++++++++ inputs/stage02/mesh_gate.json
<f.st...... remote/source_manifest.json
.d..t...... scripts/
<f+++++++++ scripts/collect_stage02.py
<f.st...... src/fem3d/diagnostics.py
.d..t...... tests/
<f+++++++++ tests/stage02_helpers.py
<f+++++++++ tests/test_stage02_density_independence.py
<f+++++++++ tests/test_stage02_flow_reversal.py
<f+++++++++ tests/test_stage02_flux_constraint.py
<f+++++++++ tests/test_stage02_lambda_sign.py
<f+++++++++ tests/test_stage02_mass_conservation.py
<f+++++++++ tests/test_stage02_mesh_refinement.py
<f+++++++++ tests/test_stage02_mpi_reproducibility.py
<f+++++++++ tests/test_stage02_poiseuille_pressure.py
<f+++++++++ tests/test_stage02_poiseuille_velocity.py
<f+++++++++ tests/test_stage02_q_linearity.py
<f+++++++++ tests/test_stage02_result_roundtrip.py
<f+++++++++ tests/test_stage02_viscosity_scaling.py
<f+++++++++ tests/test_stage02_visual_artifacts.py
