Multiple -pix_fmt options specified for stream 0, only the last option '-pix_fmt yuv420p' will be used.
{"frame": 0, "total": 751, "elapsed_s": 0.6963395589846186}
{"frame": 60, "total": 751, "elapsed_s": 29.24173565104138}
{"frame": 120, "total": 751, "elapsed_s": 58.302672466030344}
{"frame": 180, "total": 751, "elapsed_s": 89.04258264100645}
{"frame": 240, "total": 751, "elapsed_s": 120.83170682803029}
{"frame": 300, "total": 751, "elapsed_s": 152.04575049399864}
{"frame": 360, "total": 751, "elapsed_s": 180.70328889304074}
{"frame": 420, "total": 751, "elapsed_s": 213.4201631360338}
{"frame": 480, "total": 751, "elapsed_s": 242.89851961302338}
{"frame": 540, "total": 751, "elapsed_s": 274.1715201520128}
{"frame": 600, "total": 751, "elapsed_s": 303.73903838999104}
{"frame": 660, "total": 751, "elapsed_s": 334.0475550109986}
{"frame": 720, "total": 751, "elapsed_s": 361.50038480502553}
{"frame": 750, "total": 751, "elapsed_s": 375.7521563300397}
{
  "run": "/home/lzy/projects/clot_clearance/runs/fragmentation_pilot_003",
  "renderer": "/home/lzy/projects/clot_clearance/scripts/render_damage_source_v3.py",
  "renderer_sha256": "7e76a8b4b4f09e520638637ae75cc5c768ed7ad588201d9bc930b4a797f6b044",
  "input_states_sha256": "a4e4bbae14e20d24999a7a28998af27fef4ccebdfda1e39451f792891e310349",
  "original_state_count": 26,
  "particle_count": 360,
  "fps": 60,
  "frame_count": 751,
  "duration_s": 12.516666666666667,
  "repeated_hold_frames_inserted": 0,
  "positions": "Piecewise linear display interpolation; exact saved positions every 30 frames; no extrapolation",
  "damage": "Original recorded value held until the next macro endpoint; no damage interpolation",
  "interpolation_is_new_simulation": false,
  "original_endpoint_indices": [
    0,
    30,
    60,
    90,
    120,
    150,
    180,
    210,
    240,
    270,
    300,
    330,
    360,
    390,
    420,
    450,
    480,
    510,
    540,
    570,
    600,
    630,
    660,
    690,
    720,
    750
  ],
  "glyph": "Small hollow white diamond at configured streaming.bubble_center_m; localized load centre, not a bubble surface",
  "source_position_m": [
    0.0001,
    0.0,
    -0.0002
  ],
  "source_modulation_visualized": false,
  "background_flow": "Existing distributed pipe field remains in the simulation; no invented point emitter drawn",
  "force_arrows": false,
  "force_chart": false,
  "force_numbers": false,
  "cycle_label": false,
  "bubble_sphere": false,
  "title": "Particle damage & load source",
  "font": {
    "family": "Arial",
    "weight": "normal",
    "path": "/mnt/c/Windows/Fonts/arial.ttf",
    "sha256": "b3658eadae55e682b5f69eb64c439c1ecc8f196c0bb8d4756d145d13bc86476a"
  },
  "background": "#000000",
  "camera": {
    "elevation_deg": 24,
    "azimuth_deg": -68,
    "projection": "orthographic",
    "limits_mm": [
      [
        -0.8,
        3.423485005472423
      ],
      [
        -0.55,
        0.55
      ],
      [
        -1.2,
        0.02
      ]
    ],
    "zoom": 1.7
  },
  "displacement_scale": 1,
  "all_particles_retained": true,
  "screen_bounds_pixels_bottom_origin": [
    [
      355.56245507018446,
      463.49824184994185
    ],
    [
      1558.2822595307775,
      784.4572551088854
    ]
  ],
  "collection_clipping": false,
  "elapsed_render_s": 388.2092503909953,
  "protected_files": 239,
  "changed_preexisting_files": []
}
