contracts/FIXED_MULTIBLOB_WALL_FEASIBILITY_CONTRACT.json: OK
contracts/SCALAR_GENERATION_STAGE1.json: OK
scripts/__pycache__/run_remote_audit.cpython-313.pyc: OK
scripts/audit_tool_and_free_space.py: OK
scripts/freeze_contract.py: OK
scripts/package_generated_scalars.py: OK
scripts/run_remote_audit.py: OK
src/pecnut_fixed_wall_adapter.py: OK
stokesian_dynamics/README.md: OK
stokesian_dynamics/functions/email.py: OK
stokesian_dynamics/functions/generate_Minfinity.py: OK
stokesian_dynamics/functions/generate_Minfinity_periodic.py: OK
stokesian_dynamics/functions/generate_R2Bexact.py: OK
stokesian_dynamics/functions/generate_grand_resistance_matrix.py: OK
stokesian_dynamics/functions/graphics.py: OK
stokesian_dynamics/functions/shared.py: OK
stokesian_dynamics/functions/simulation_tools.py: OK
stokesian_dynamics/functions/timestepping.py: OK
stokesian_dynamics/output/README.md: OK
stokesian_dynamics/plotting/make_video.py: OK
stokesian_dynamics/plotting/plot_positions.py: OK
stokesian_dynamics/resistance_scalars/data.py: OK
stokesian_dynamics/resistance_scalars/scalars_general_resistance.npy: OK
stokesian_dynamics/resistance_scalars/scalars_general_resistance.txt: OK
stokesian_dynamics/resistance_scalars/scalars_general_resistance_d.npy: OK
stokesian_dynamics/resistance_scalars/scalars_general_resistance_d.txt: OK
stokesian_dynamics/resistance_scalars/values_of_lambda.txt: OK
stokesian_dynamics/resistance_scalars/values_of_s_dash.txt: OK
stokesian_dynamics/run_simulation.py: OK
stokesian_dynamics/settings.py: OK
stokesian_dynamics/setups/functions_inputs.py: OK
stokesian_dynamics/setups/functions_positions.py: OK
stokesian_dynamics/setups/inputs.py: OK
stokesian_dynamics/setups/positions.py: OK
stokesian_dynamics/setups/tests/README.md: OK
stokesian_dynamics/setups/tests/inputs.py: OK
stokesian_dynamics/setups/tests/positions.py: OK
