{
  "run": "/home/lzy/projects/clot_clearance/runs/fragmentation_pilot_003",
  "renderer": "/home/lzy/projects/clot_clearance/scripts/render_damage_forces_v2.py",
  "renderer_sha256": "2ceaae43ea1324ad7b85865458ab4c1e656f52957d724fc7410b01a9910668e0",
  "input_state_sha256": "a4e4bbae14e20d24999a7a28998af27fef4ccebdfda1e39451f792891e310349",
  "saved_state_count": 26,
  "fps": 12,
  "repeats_per_state": 6,
  "duration_s": 13,
  "particle_coloring": "damage only, including fixed-base particles",
  "bubble_marker": false,
  "bond_lines": false,
  "fragment_ID_panel": false,
  "clearance_plane": false,
  "all_particles_retained": true,
  "displacement_scale": 1,
  "equal_axis_units": true,
  "camera": {
    "elevation_deg": 24,
    "azimuth_deg": -68,
    "projection": "orthographic",
    "limits_mm": [
      [
        -0.8,
        3.423485005472423
      ],
      [
        -0.55,
        0.55
      ],
      [
        -1.2,
        0.02
      ]
    ]
  },
  "external_force_definition": "saved surface traction * h^2 * area_factor, plus rho*V*(saved_uf-v)/tau on detached mobile particles; anchors zero",
  "force_scope": "Applied fluid force only; internal PD forces, numerical damping and constraint reactions excluded",
  "sampling": "26 saved macro endpoints after damage/topology update, all at the same 500 Hz load phase; no subcycle interpolation or invented oscillation",
  "arrow_selection": "54 fixed non-base material IDs by reference-space coverage; exactly zero forces omitted",
  "arrow_particle_ids": [
    1,
    359,
    107,
    253,
    113,
    211,
    31,
    329,
    349,
    232,
    16,
    121,
    214,
    339,
    146,
    98,
    279,
    81,
    165,
    271,
    20,
    29,
    89,
    331,
    5,
    219,
    305,
    73,
    161,
    3,
    33,
    221,
    281,
    291,
    351,
    193,
    283,
    49,
    139,
    136,
    230,
    308,
    320,
    189,
    346,
    46,
    58,
    141,
    181,
    184,
    202,
    206,
    248,
    51
  ],
  "arrow_mm_per_uN": 0.35,
  "arrows_normalized_per_frame": false,
  "arrows_clipped": false,
  "curve": "Sum of external fluid force over ALL particles at each saved state",
  "layout": {
    "background": "#000000",
    "main_title": "Particle damage & external forces",
    "right_title": "Net external force",
    "cycle_text_color": "#ffffff",
    "main_axes_rectangle": [
      0.0,
      0.17,
      0.765,
      0.75
    ],
    "projection_zoom": 1.5,
    "previous_projection_zoom": 1.18,
    "projected_linear_enlargement": 1.5629341483745487,
    "footer_explanatory_text": false,
    "footer_statistics": false,
    "legend": "Projected 1 microNewton force arrow along +X and fixed-base square",
    "legend_force_arrow_pixels": [
      89.62533523861089,
      -14.728334861938038
    ]
  },
  "layout_checks": [
    {
      "state": 0,
      "data_bounds_pixels_bottom_origin": [
        [
          233.07295814285487,
          485.6198573271092
        ],
        [
          600.1865895543931,
          755.7482563676577
        ]
      ],
      "data_inside_safe_region": true,
      "collection_clipping_disabled": true
    },
    {
      "state": 1,
      "data_bounds_pixels_bottom_origin": [
        [
          233.07295814285487,
          485.6198573271092
        ],
        [
          604.2150858545417,
          756.4114626432332
        ]
      ],
      "data_inside_safe_region": true,
      "collection_clipping_disabled": true
    },
    {
      "state": 2,
      "data_bounds_pixels_bottom_origin": [
        [
          233.07295814285487,
          485.6198573271092
        ],
        [
          604.3735919261745,
          756.4366294201495
        ]
      ],
      "data_inside_safe_region": true,
      "collection_clipping_disabled": true
    },
    {
      "state": 3,
      "data_bounds_pixels_bottom_origin": [
        [
          233.07295814285487,
          485.6198573271092
        ],
        [
          604.5368336353699,
          756.4734156314858
        ]
      ],
      "data_inside_safe_region": true,
      "collection_clipping_disabled": true
    },
    {
      "state": 4,
      "data_bounds_pixels_bottom_origin": [
        [
          233.07295814285487,
          485.6198573271092
        ],
        [
          604.7621769585867,
          756.5860176146371
        ]
      ],
      "data_inside_safe_region": true,
      "collection_clipping_disabled": true
    },
    {
      "state": 5,
      "data_bounds_pixels_bottom_origin": [
        [
          233.07295814285487,
          485.6198573271092
        ],
        [
          605.7625275617028,
          756.8485137940381
        ]
      ],
      "data_inside_safe_region": true,
      "collection_clipping_disabled": true
    },
    {
      "state": 6,
      "data_bounds_pixels_bottom_origin": [
        [
          233.07295814285487,
          485.6198573271092
        ],
        [
          608.6090197538674,
          757.425941114014
        ]
      ],
      "data_inside_safe_region": true,
      "collection_clipping_disabled": true
    },
    {
      "state": 7,
      "data_bounds_pixels_bottom_origin": [
        [
          233.07295814285487,
          485.6198573271092
        ],
        [
          610.654299898735,
          757.9898440143513
        ]
      ],
      "data_inside_safe_region": true,
      "collection_clipping_disabled": true
    },
    {
      "state": 8,
      "data_bounds_pixels_bottom_origin": [
        [
          233.07295814285487,
          485.6198573271092
        ],
        [
          612.0504315316867,
          758.1016316316877
        ]
      ],
      "data_inside_safe_region": true,
      "collection_clipping_disabled": true
    },
    {
      "state": 9,
      "data_bounds_pixels_bottom_origin": [
        [
          233.07295814285487,
          485.6198573271092
        ],
        [
          613.5591069111695,
          758.2142762973048
        ]
      ],
      "data_inside_safe_region": true,
      "collection_clipping_disabled": true
    },
    {
      "state": 10,
      "data_bounds_pixels_bottom_origin": [
        [
          233.07295814285487,
          485.6198573271092
        ],
        [
          614.5893896714615,
          758.0017393380452
        ]
      ],
      "data_inside_safe_region": true,
      "collection_clipping_disabled": true
    },
    {
      "state": 11,
      "data_bounds_pixels_bottom_origin": [
        [
          233.07295814285487,
          485.6198573271092
        ],
        [
          616.3375382556621,
          757.7343773878509
        ]
      ],
      "data_inside_safe_region": true,
      "collection_clipping_disabled": true
    },
    {
      "state": 12,
      "data_bounds_pixels_bottom_origin": [
        [
          233.07295814285487,
          485.6198573271092
        ],
        [
          644.5609491518732,
          757.3808047516109
        ]
      ],
      "data_inside_safe_region": true,
      "collection_clipping_disabled": true
    },
    {
      "state": 13,
      "data_bounds_pixels_bottom_origin": [
        [
          233.07295814285487,
          485.6198573271092
        ],
        [
          623.4455733010125,
          756.0033136498885
        ]
      ],
      "data_inside_safe_region": true,
      "collection_clipping_disabled": true
    },
    {
      "state": 14,
      "data_bounds_pixels_bottom_origin": [
        [
          233.07295814285487,
          485.6198573271092
        ],
        [
          675.0776182821269,
          754.9644750471772
        ]
      ],
      "data_inside_safe_region": true,
      "collection_clipping_disabled": true
    },
    {
      "state": 15,
      "data_bounds_pixels_bottom_origin": [
        [
          233.07295814285487,
          485.6198573271092
        ],
        [
          726.5882391170967,
          754.3857508579504
        ]
      ],
      "data_inside_safe_region": true,
      "collection_clipping_disabled": true
    },
    {
      "state": 16,
      "data_bounds_pixels_bottom_origin": [
        [
          233.07295814285487,
          485.6198573271092
        ],
        [
          778.0608226427473,
          754.3269048801626
        ]
      ],
      "data_inside_safe_region": true,
      "collection_clipping_disabled": true
    },
    {
      "state": 17,
      "data_bounds_pixels_bottom_origin": [
        [
          233.07295814285487,
          485.6198573271092
        ],
        [
          829.525063880714,
          753.5090571000007
        ]
      ],
      "data_inside_safe_region": true,
      "collection_clipping_disabled": true
    },
    {
      "state": 18,
      "data_bounds_pixels_bottom_origin": [
        [
          233.04657414927283,
          485.6198573271092
        ],
        [
          880.9880144161161,
          750.1727085775685
        ]
      ],
      "data_inside_safe_region": true,
      "collection_clipping_disabled": true
    },
    {
      "state": 19,
      "data_bounds_pixels_bottom_origin": [
        [
          233.07295814285487,
          485.6198573271092
        ],
        [
          934.1702066450893,
          746.1012023283456
        ]
      ],
      "data_inside_safe_region": true,
      "collection_clipping_disabled": true
    },
    {
      "state": 20,
      "data_bounds_pixels_bottom_origin": [
        [
          232.71431446114048,
          485.6198573271092
        ],
        [
          989.5374100300671,
          735.6806163894868
        ]
      ],
      "data_inside_safe_region": true,
      "collection_clipping_disabled": true
    },
    {
      "state": 21,
      "data_bounds_pixels_bottom_origin": [
        [
          233.01685183038455,
          485.6198573271092
        ],
        [
          1044.904613678022,
          716.1873652875468
        ]
      ],
      "data_inside_safe_region": true,
      "collection_clipping_disabled": true
    },
    {
      "state": 22,
      "data_bounds_pixels_bottom_origin": [
        [
          233.01841573016134,
          485.6198573271092
        ],
        [
          1100.2718173340081,
          707.1219107536181
        ]
      ],
      "data_inside_safe_region": true,
      "collection_clipping_disabled": true
    },
    {
      "state": 23,
      "data_bounds_pixels_bottom_origin": [
        [
          233.03474297733874,
          485.6198573271092
        ],
        [
          1155.6390209901258,
          699.0523858437989
        ]
      ],
      "data_inside_safe_region": true,
      "collection_clipping_disabled": true
    },
    {
      "state": 24,
      "data_bounds_pixels_bottom_origin": [
        [
          233.0388458674429,
          485.6198573271092
        ],
        [
          1211.0062246462473,
          692.0329770650134
        ]
      ],
      "data_inside_safe_region": true,
      "collection_clipping_disabled": true
    },
    {
      "state": 25,
      "data_bounds_pixels_bottom_origin": [
        [
          233.039115205764,
          482.3709684926359
        ],
        [
          1266.373428302369,
          685.0279433164344
        ]
      ],
      "data_inside_safe_region": true,
      "collection_clipping_disabled": true
    }
  ],
  "checks": {
    "VTK_matches_NPZ": true,
    "simulation_source_identity_matches": true,
    "anchors_zero_force": true,
    "maximum_surface_force_reconstruction_error_N": 0.0,
    "maximum_saved_fluid_velocity_error_m_s": 0.0,
    "protected_preexisting_files": 193,
    "changed_preexisting_files": []
  }
}
