{
  "all_pass": true,
  "dimensions": [
    4560,
    3840
  ],
  "outputs": [
    {
      "path": "/home/lzy/projects/ulm_particle_3d_particle0/particle_3d/reports/particle3/figures/06_capillary_deformation_surrogate_academic_en.png",
      "sha256": "6abc1e43f1dc79575773be8aa22e698a48b0121c6e5861ab63935a851dd8b45b"
    },
    {
      "path": "/home/lzy/projects/ulm_particle_3d_particle0/particle_3d/reports/particle3/figures/06_capillary_deformation_surrogate_academic_en.pdf",
      "sha256": "b65803f44c04f87a7d20b54d7ec7458deeba603c1278f6dd28eecb74146b1141"
    },
    {
      "path": "/home/lzy/projects/ulm_particle_3d_particle0/particle_3d/reports/particle3/figures/06_capillary_deformation_surrogate_academic_en.svg",
      "sha256": "4dd1af38e27f9ecbeb09e5f8846343412f18ca84ca08fbe7c591069462f3bd19"
    }
  ]
}
