..F......                                                                [100%]
=================================== FAILURES ===================================
______ test_random_ellipsoid_separation_against_independent_convex_primal ______

    def test_random_ellipsoid_separation_against_independent_convex_primal():
        from scipy.optimize import minimize
        rng=np.random.default_rng(30303)
        for _ in range(24):
            rotation=rotation_matrix(quaternion_from_short_axis(rng.normal(size=3)))
            shape=Ellipsoid(rng.normal(size=3)*.2,[2.,1.3,.45],rotation)
            tri=rng.normal(size=(3,3))*.3+np.array([4.,1.,1.])
            transform=rotation@np.diag(shape.axes_m)
            def residual(x):return shape.center_m+transform@x[:3]-(x[3:]@tri)
            result=minimize(lambda x:residual(x)@residual(x),np.r_[np.zeros(3),[1/3]*3],method='SLSQP',
                constraints=[{'type':'ineq','fun':lambda x:1-x[:3]@x[:3]},
                             {'type':'eq','fun':lambda x:x[3:].sum()-1}],
                bounds=[(None,None)]*3+[(0,1)]*3,options={'ftol':1e-13,'maxiter':400})
>           assert result.success,result.message
E           AssertionError: Positive directional derivative for linesearch
E           assert False
E            +  where False =      message: Positive directional derivative for linesearch\n     success: False\n      status: 8\n         fun: 11.3214....791e+01  2.937e+01\n                2.896e+01]\n        nfev: 158\n        njev: 18\n multipliers: [ 2.896e+01  1.521e+00].success

particle_3d/tests/particle3/test_support_feature_consistency.py:52: AssertionError
=========================== short test summary info ============================
FAILED particle_3d/tests/particle3/test_support_feature_consistency.py::test_random_ellipsoid_separation_against_independent_convex_primal
1 failed, 8 passed in 1.35s
