Stats at timestep 1 (simulation time 0.000001):
	One timestep takes 22.38 ms	Number of particles (total, min/proc, max/proc): 4096,  4096,  4096
	Average momentum: [-4.220055e-10 6.402843e-10 5.675247e-10]
	Max velocity magnitude: 4.697156
	Temperature: 0.9994

Stats at timestep 201 (simulation time 0.000201):
	One timestep takes 0.05 ms	Number of particles (total, min/proc, max/proc): 4096,  4096,  4096
	Average momentum: [-7.858034e-10 -1.906301e-09 5.034963e-09]
	Max velocity magnitude: 7.464206
	Temperature: 2.9311

Stats at timestep 401 (simulation time 0.000401):
	One timestep takes 0.04 ms	Number of particles (total, min/proc, max/proc): 4096,  4096,  4096
	Average momentum: [-1.513399e-09 -7.945346e-09 -1.746230e-10]
	Max velocity magnitude: 9.623363
	Temperature: 4.2365

Stats at timestep 601 (simulation time 0.000601):
	One timestep takes 0.06 ms	Number of particles (total, min/proc, max/proc): 4096,  4096,  4096
	Average momentum: [-3.259629e-09 -8.789357e-09 1.749140e-08]
	Max velocity magnitude: 10.939706
	Temperature: 5.2386

Stats at timestep 801 (simulation time 0.000801):
	One timestep takes 0.03 ms	Number of particles (total, min/proc, max/proc): 4096,  4096,  4096
	Average momentum: [1.472654e-08 -2.153683e-08 3.218884e-08]
	Max velocity magnitude: 11.742500
	Temperature: 6.0572

Stats at timestep 1001 (simulation time 0.001001):
	One timestep takes 0.03 ms	Number of particles (total, min/proc, max/proc): 4096,  4096,  4096
	Average momentum: [-3.026798e-09 -2.409797e-08 2.188608e-08]
	Max velocity magnitude: 13.279980
	Temperature: 6.6823

Stats at timestep 1201 (simulation time 0.001201):
	One timestep takes 0.03 ms	Number of particles (total, min/proc, max/proc): 4096,  4096,  4096
	Average momentum: [-2.136221e-08 -2.159504e-08 3.323657e-08]
	Max velocity magnitude: 13.948185
	Temperature: 7.1678

Stats at timestep 1401 (simulation time 0.001401):
	One timestep takes 0.04 ms	Number of particles (total, min/proc, max/proc): 4096,  4096,  4096
	Average momentum: [-1.769513e-08 -4.106550e-08 4.321919e-08]
	Max velocity magnitude: 14.893491
	Temperature: 7.5507

Stats at timestep 1601 (simulation time 0.001601):
	One timestep takes 0.03 ms	Number of particles (total, min/proc, max/proc): 4096,  4096,  4096
	Average momentum: [-1.670560e-08 -7.409835e-08 4.639151e-08]
	Max velocity magnitude: 16.116951
	Temperature: 8.0074

Stats at timestep 1801 (simulation time 0.001801):
	One timestep takes 0.04 ms	Number of particles (total, min/proc, max/proc): 4096,  4096,  4096
	Average momentum: [-2.607703e-08 -5.349284e-08 2.741581e-08]
	Max velocity magnitude: 15.495898
	Temperature: 8.2362

