PROJECT_ROOT=/mnt/e/ULM/hatimb-particle_flow_simulator/ulm_3D_vascular
WORKTREE_ROOT=/home/lzy/apes-worktrees/seeder_dimensionless_kernel_20260830
SEEDER_BASE_SHA=667109df6fafdcb39f4409e3f5d90f04d75cd33c
TREELM_BASE_SHA=53f273dbb8e9dcbe7feeb3d9831a35f5ae3cd72c
PATCH_SHA256=c6b005650e08a9fb0d928340050bfe1dbcdf0d52ee51a5fc72831420e894c368
FC=/home/lzy/.local/bin/mpif90
Setting top to                           : /home/lzy/apes-worktrees/seeder_dimensionless_kernel_20260830 
Setting out to                           : /home/lzy/apes-worktrees/seeder_dimensionless_kernel_20260830/build 
Checking for 'gcc' (C compiler)          : /usr/bin/gcc 
Checking for 'fc_open64' (Fortran compiler) : not found 
Checking for 'fc_nag' (Fortran compiler)    : not found 
Checking for 'fc_bgxlf' (Fortran compiler)  : not found 
Checking for 'gfortran' (Fortran compiler)  : /home/lzy/.local/bin/mpif90 
Compiling a simple fortran app              : yes 
Can use POSIX features in Lua               : yes 
Checking for library m                      : yes 
Checking for ISO_C_Binding support          : yes 
Checking for Quadruple precision            : yes 
Checking for Extended double precision      : yes 
Checking for program 'coco'                 : not found 
Checking for program '/home/lzy/apes-worktrees/seeder_dimensionless_kernel_20260830/coco' : /home/lzy/apes-worktrees/seeder_dimensionless_kernel_20260830/coco 
Found CoCo: /home/lzy/apes-worktrees/seeder_dimensionless_kernel_20260830/coco
Checking if MPI provides a module                                                         : yes 
Checking for non-blocking collectives                                                     : yes 
Checking for mpi_f08 MPI_Alloc_mem                                                        : no 
> Checking for (modern) Fortran MPI_mem Wrapper                                           : no 
>> Checking for C MPI_mem Wrapper                                                         : C compiler does not support MPI, using dummy implementation. 
Checking for IEEE_is_NaN                                                                  : yes 
Checking for F2008 Gamma function                                                         : yes 
Checking for F2008 Bessel_jn function                                                     : yes 
Checking for F2008 c_sizeof support                                                       : yes 
Default flags: -O3 -march=native -Wall -Wno-maybe-uninitialized -Werror
Debug flags: -Og -fbacktrace -fcheck=bounds,do,mem,pointer,recursion -finit-real=nan -ffpe-trap=invalid,zero,overflow -g -Wall -Wno-maybe-uninitialized -Werror
Checking for program 'pkg-config'                                                         : /usr/bin/pkg-config 
Checking for 'fftw3'                                                                      : not found 
Checking for library fftw3                                                                : not found 
There was NO FFTW3 library found, using a dummy implementation.
You will not be able to use the FPT with the MODG scheme!

Checking for library m                                                                    : yes 
'configure' finished successfully (5.632s)
Using the *dummy* FFTW here!
Compiler name   : GFORTRAN
Compiler version: 13.4.0
Compiler options: -O3 -march=native -Wall -Wno-maybe-uninitialized -Werror -Wno-unused-dummy-argument -std=f2008 -pedantic-errors -O3 -march=native -Wall -Wno-maybe-uninitialized -Werror
Project version : v1.6.2-1-g667109d
Project revision: 3b3e344aec0a
Build commands will be stored in build/compile_commands.json
Waf: Entering directory `/home/lzy/apes-worktrees/seeder_dimensionless_kernel_20260830/build'
Using the *dummy* FFTW here!
Compiler name   : GFORTRAN
Compiler version: 13.4.0
Compiler options: -O3 -march=native -Wall -Wno-maybe-uninitialized -Werror -Wno-unused-dummy-argument -std=f2008 -pedantic-errors -O3 -march=native -Wall -Wno-maybe-uninitialized -Werror
Project version : v1.6.2-1-g667109d
Project revision: 3b3e344aec0a
Waf: Leaving directory `/home/lzy/apes-worktrees/seeder_dimensionless_kernel_20260830/build'
'build' finished successfully (1.613s)
BINARY_PATH=/home/lzy/apes-worktrees/seeder_dimensionless_kernel_20260830/build/seeder
BINARY_SHA256=d7be681ca90da706559a4fd7e8f769fdb8f4303b8508f751077205f8e00cc7ed
