Frozen NN artifacts: 10 sides, original hard predictions unchanged
{
  "status": "OOD_SUPPORT_GATE_ONLY",
  "selected": {
    "gate": {
      "agreement_threshold": 0.6,
      "distance_percentile": 99,
      "distance_threshold": 12.794977284313543,
      "minimum_donors": 3
    },
    "metrics": {
      "MeVO_f1": 0.9724956850506109,
      "false_inclusion": 0.08813942255499982,
      "MeVO_recall": 0.9541090523842793,
      "false_exclusion_total": 0.04589094761572069,
      "UNKNOWN_fraction": 0.015526892593108377
    },
    "per_side": [
      {
        "case": "001",
        "side": "L",
        "MeVO_f1": 0.9795560747663551,
        "false_inclusion": 0.3399014778325123,
        "MeVO_recall": 0.9994040524433849,
        "false_exclusion_total": 0.0005959475566150178,
        "UNKNOWN_fraction": 0.0
      },
      {
        "case": "001",
        "side": "R",
        "MeVO_f1": 0.9370689655172414,
        "false_inclusion": 0.43548387096774194,
        "MeVO_recall": 0.9013266998341625,
        "false_exclusion_total": 0.09867330016583747,
        "UNKNOWN_fraction": 0.09384858044164038
      },
      {
        "case": "002",
        "side": "L",
        "MeVO_f1": 0.9767441860465116,
        "false_inclusion": 0.0,
        "MeVO_recall": 0.9545454545454546,
        "false_exclusion_total": 0.045454545454545456,
        "UNKNOWN_fraction": 0.0
      },
      {
        "case": "002",
        "side": "R",
        "MeVO_f1": 0.9944186046511628,
        "false_inclusion": 0.0,
        "MeVO_recall": 0.9888991674375578,
        "false_exclusion_total": 0.011100832562442183,
        "UNKNOWN_fraction": 0.0
      },
      {
        "case": "003",
        "side": "L",
        "MeVO_f1": 0.9861182519280206,
        "false_inclusion": 0.0,
        "MeVO_recall": 0.9726166328600405,
        "false_exclusion_total": 0.02738336713995943,
        "UNKNOWN_fraction": 0.0
      },
      {
        "case": "003",
        "side": "R",
        "MeVO_f1": 0.9695982627578719,
        "false_inclusion": 0.0,
        "MeVO_recall": 0.9409905163329821,
        "false_exclusion_total": 0.059009483667017915,
        "UNKNOWN_fraction": 0.061420345489443376
      },
      {
        "case": "004",
        "side": "L",
        "MeVO_f1": 0.9859943977591037,
        "false_inclusion": 0.019801980198019802,
        "MeVO_recall": 0.9759704251386322,
        "false_exclusion_total": 0.024029574861367836,
        "UNKNOWN_fraction": 0.0
      },
      {
        "case": "004",
        "side": "R",
        "MeVO_f1": 0.9713708319299428,
        "false_inclusion": 0.0,
        "MeVO_recall": 0.9443352979698756,
        "false_exclusion_total": 0.05566470203012443,
        "UNKNOWN_fraction": 0.0
      },
      {
        "case": "005",
        "side": "L",
        "MeVO_f1": 0.9964556962025316,
        "false_inclusion": 0.08620689655172414,
        "MeVO_recall": 0.9979716024340771,
        "false_exclusion_total": 0.002028397565922921,
        "UNKNOWN_fraction": 0.0
      },
      {
        "case": "005",
        "side": "R",
        "MeVO_f1": 0.9276315789473685,
        "false_inclusion": 0.0,
        "MeVO_recall": 0.8650306748466258,
        "false_exclusion_total": 0.13496932515337423,
        "UNKNOWN_fraction": 0.0
      }
    ],
    "accepted": false
  }
}
