TYPE rank=0 type=mpicuda base=mpi owned=4 ghost_blocks=1 ghost_index=2
TYPE rank=1 type=mpicuda base=mpi owned=4 ghost_blocks=1 ghost_index=0
LOCAL rank=0 type=NULL size=-1 expected=6 present=0
LOCAL rank=1 type=NULL size=-1 expected=6 present=0
[0]PETSC ERROR: --------------------- Error Message --------------------------------------------------------------
[0]PETSC ERROR: Invalid argument
[0]PETSC ERROR: Vector is not ghosted
[0]PETSC ERROR: WARNING! There are option(s) set that were not used! Could be the program crashed before they were used or a spelling mistake, etc!
[0]PETSC ERROR:   Option left: name:-skip_petscrc (no value) source: environment
[0]PETSC ERROR: See https://petsc.org/release/faq/ for trouble shooting.
[0]PETSC ERROR: Petsc Release Version 3.19.6, Sep 28, 2023 
[0]PETSC ERROR: /workspace/formal_3D_flow_solver_FEM_SimVascular_lzy/sv1_3m/benchmarks/petsc_cuda_ghost_probe_before on a  named f7c62a262077 by root Sat Sep 19 16:06:42 2026
[0]PETSC ERROR: Configure options --prefix=/workspace/formal_3D_flow_solver_FEM_SimVascular_lzy/sv1_3l/external/compat_cuda/petsc-cuda123-mpif PETSC_ARCH=arch-sv13l-cuda123-mpif --with-cc=/workspace/formal_3D_flow_solver_FEM_SimVascular_lzy/sv1_3l/external/gpu_mpi_fortran/bin/mpicc --with-cxx=/workspace/formal_3D_flow_solver_FEM_SimVascular_lzy/sv1_3l/external/gpu_mpi_fortran/bin/mpicxx --with-mpiexec=/workspace/formal_3D_flow_solver_FEM_SimVascular_lzy/sv1_3l/scripts/run_gpu_mpi_fortran.sh --with-fc=0 --with-fortran-bindings=0 --with-debugging=0 --with-shared-libraries=1 --with-scalar-type=real --with-precision=double --with-64-bit-indices=0 --with-blaslapack-lib="[/workspace/formal_3D_flow_solver_FEM_SimVascular_lzy/sv1_3j/external/compat_cuda/system-lib/liblapack.so,/workspace/formal_3D_flow_solver_FEM_SimVascular_lzy/sv1_3j/external/compat_cuda/system-lib/libblas.so]" --with-x=0 --with-cuda=1 --with-cudac=/workspace/formal_3D_flow_solver_FEM_SimVascular_lzy/sv1_3j/external/compat_cuda/cuda-12.3.2/bin/nvcc --with-cuda-include=/workspace/formal_3D_flow_solver_FEM_SimVascular_lzy/sv1_3j/external/compat_cuda/cuda-12.3.2/include --with-cuda-lib="[/workspace/formal_3D_flow_solver_FEM_SimVascular_lzy/sv1_3j/external/compat_cuda/cuda-12.3.2/lib64/libcudart.so,/workspace/formal_3D_flow_solver_FEM_SimVascular_lzy/sv1_3j/external/compat_cuda/cuda-12.3.2/lib64/libcufft.so,/workspace/formal_3D_flow_solver_FEM_SimVascular_lzy/sv1_3j/external/compat_cuda/cuda-12.3.2/lib64/libcublas.so,/workspace/formal_3D_flow_solver_FEM_SimVascular_lzy/sv1_3j/external/compat_cuda/cuda-12.3.2/lib64/libcusparse.so,/workspace/formal_3D_flow_solver_FEM_SimVascular_lzy/sv1_3j/external/compat_cuda/cuda-12.3.2/lib64/libcusolver.so,/workspace/formal_3D_flow_solver_FEM_SimVascular_lzy/sv1_3j/external/compat_cuda/cuda-12.3.2/lib64/libcurand.so,/workspace/formal_3D_flow_solver_FEM_SimVascular_lzy/sv1_3j/external/compat_cuda/cuda-12.3.2/lib64/libnvToolsExt.so]" --with-cuda-arch=89 --with-cxx-dialect=C++17 --with-cuda-dialect=C++17 --with-hip=0 --with-opencl=0
[0]PETSC ERROR: #1 VecGhostUpdateBegin() at /workspace/formal_3D_flow_solver_FEM_SimVascular_lzy/sv1_3l/external/compat_cuda/petsc-3.19.6-cuda123-mpif/src/vec/vec/impls/mpi/commonmpvec.c:216
[0]PETSC ERROR: #2 Probe() at /workspace/formal_3D_flow_solver_FEM_SimVascular_lzy/sv1_3m/benchmarks/petsc_cuda_ghost_probe.c:31
[0]PETSC ERROR: #3 main() at /workspace/formal_3D_flow_solver_FEM_SimVascular_lzy/sv1_3m/benchmarks/petsc_cuda_ghost_probe.c:66
[0]PETSC ERROR: PETSc Option Table entries:
[0]PETSC ERROR: -skip_petscrc (source: environment)
[0]PETSC ERROR: -use_gpu_aware_mpi 0 (source: environment)
[0]PETSC ERROR: -vec_type cuda (source: command line)
[0]PETSC ERROR: ----------------End of Error Message -------send entire error message to petsc-maint@mcs.anl.gov----------
--------------------------------------------------------------------------
MPI_ABORT was invoked on rank 0 in communicator MPI_COMM_SELF
with errorcode 62.

NOTE: invoking MPI_ABORT causes Open MPI to kill all MPI processes.
You may or may not see output from other processes, depending on
exactly when Open MPI kills them.
--------------------------------------------------------------------------
