KSP Object: 1 MPI process
  type: gmres
    restart=30, using Classical (unmodified) Gram-Schmidt Orthogonalization with no iterative refinement
    happy breakdown tolerance 1e-30
  maximum iterations=1000, initial guess is zero
  tolerances:  relative=1e-12, absolute=1e-14, divergence=10000.
  left preconditioning
  using PRECONDITIONED norm type for convergence test
PC Object: 1 MPI process
  type: jacobi
    type DIAGONAL
  linear system matrix = precond matrix:
  Mat Object: 1 MPI process
    type: seqaijcusparse
    rows=128, cols=128
    total: nonzeros=382, allocated nonzeros=382
    total number of mallocs used during MatSetValues calls=0
      not using I-node routines
#PETSc Option Table entries:
-proper_finalize false # (source: command line)
-skip_petscrc # (source: environment)
-use_gpu_aware_mpi 0 # (source: environment)
-vec_type cuda # (source: command line)
#End of PETSc Option Table entries
SMOKE Mat=seqaijcusparse Vec=seqcuda KSP=gmres PC=jacobi reason=2 iterations=21 relative_residual=3.1767506586176323e-13 error_inf=1.2652101588628284e-12
*** The MPI_Comm_rank() function was called after MPI_FINALIZE was invoked.
*** This is disallowed by the MPI standard.
*** Your MPI job will now abort.
[f7c62a262077:509524] Local abort after MPI_FINALIZE started completed successfully, but am not able to aggregate error messages, and not able to guarantee that all other processes were killed!
--------------------------------------------------------------------------
Primary job  terminated normally, but 1 process returned
a non-zero exit code. Per user-direction, the job has been aborted.
--------------------------------------------------------------------------
--------------------------------------------------------------------------
mpiexec detected that one or more processes exited with non-zero status, thus causing
the job to be terminated. The first process to do so was:

  Process name: [[3844,1],0]
  Exit code:    1
--------------------------------------------------------------------------
