TYPE rank=0 type=mpicuda base=mpi owned=4 ghost_blocks=1 ghost_index=2
TYPE rank=1 type=mpicuda base=mpi owned=4 ghost_blocks=1 ghost_index=0
LOCAL rank=0 type=seq size=6 expected=6 present=1
LOCAL rank=1 type=seq size=6 expected=6 present=1
VALUE phase=forward rank=0 local=0 actual=1 expected=1
VALUE phase=forward rank=0 local=1 actual=2 expected=2
VALUE phase=forward rank=0 local=2 actual=3 expected=3
VALUE phase=forward rank=0 local=3 actual=4 expected=4
VALUE phase=forward rank=0 local=4 actual=5 expected=5
VALUE phase=forward rank=0 local=5 actual=6 expected=6
VALUE phase=reverse rank=0 local=0 actual=1 expected=111
VALUE phase=reverse rank=0 local=1 actual=2 expected=113
VALUE phase=reverse rank=0 local=2 actual=3 expected=3
VALUE phase=reverse rank=0 local=3 actual=4 expected=4
VALUE phase=reverse rank=0 local=4 actual=100 expected=100
VALUE phase=reverse rank=0 local=5 actual=101 expected=101
CHECK rank=0 forward_error=0 reverse_error=111 local_size=6 expected_size=6 errors=2
VALUE phase=forward rank=1 local=0 actual=5 expected=5
VALUE phase=forward rank=1 local=1 actual=6 expected=6
VALUE phase=forward rank=1 local=2 actual=7 expected=7
VALUE phase=forward rank=1 local=3 actual=8 expected=8
VALUE phase=forward rank=1 local=4 actual=1 expected=1
VALUE phase=forward rank=1 local=5 actual=2 expected=2
VALUE phase=reverse rank=1 local=0 actual=5 expected=105
VALUE phase=reverse rank=1 local=1 actual=6 expected=107
VALUE phase=reverse rank=1 local=2 actual=7 expected=7
VALUE phase=reverse rank=1 local=3 actual=8 expected=8
VALUE phase=reverse rank=1 local=4 actual=110 expected=110
VALUE phase=reverse rank=1 local=5 actual=111 expected=111
CHECK rank=1 forward_error=0 reverse_error=101 local_size=6 expected_size=6 errors=2
[0]PETSC ERROR: --------------------- Error Message --------------------------------------------------------------
[0]PETSC ERROR: Petsc has generated inconsistent data
[0]PETSC ERROR: Ghost data mismatch
[0]PETSC ERROR: WARNING! There are option(s) set that were not used! Could be the program crashed before they were used or a spelling mistake, etc!
[0]PETSC ERROR:   Option left: name:-skip_petscrc (no value) source: environment
[0]PETSC ERROR: See https://petsc.org/release/faq/ for trouble shooting.
[0]PETSC ERROR: Petsc Release Version 3.19.6, Sep 28, 2023 
[0]PETSC ERROR: /workspace/formal_3D_flow_solver_FEM_SimVascular_lzy/sv1_3m/benchmarks/petsc_cuda_ghost_probe_repair_02 on a  named f7c62a262077 by root Sat Sep 19 16:14:55 2026
[0]PETSC ERROR: Configure options --prefix=/workspace/formal_3D_flow_solver_FEM_SimVascular_lzy/sv1_3m/external/compat_cuda/petsc-cuda123-ghostfix-repair_02 PETSC_ARCH=arch-sv13m-cuda123-repair_02 --with-cc=/workspace/formal_3D_flow_solver_FEM_SimVascular_lzy/sv1_3l/external/gpu_mpi_fortran/bin/mpicc --with-cxx=/workspace/formal_3D_flow_solver_FEM_SimVascular_lzy/sv1_3l/external/gpu_mpi_fortran/bin/mpicxx --with-mpiexec=/workspace/formal_3D_flow_solver_FEM_SimVascular_lzy/sv1_3l/scripts/run_gpu_mpi_fortran.sh --with-fc=0 --with-fortran-bindings=0 --with-debugging=0 --with-shared-libraries=1 --with-scalar-type=real --with-precision=double --with-64-bit-indices=0 --with-blaslapack-lib="[/workspace/formal_3D_flow_solver_FEM_SimVascular_lzy/sv1_3j/external/compat_cuda/system-lib/liblapack.so,/workspace/formal_3D_flow_solver_FEM_SimVascular_lzy/sv1_3j/external/compat_cuda/system-lib/libblas.so]" --with-x=0 --with-cuda=1 --with-cudac=/workspace/formal_3D_flow_solver_FEM_SimVascular_lzy/sv1_3j/external/compat_cuda/cuda-12.3.2/bin/nvcc --with-cuda-include=/workspace/formal_3D_flow_solver_FEM_SimVascular_lzy/sv1_3j/external/compat_cuda/cuda-12.3.2/include --with-cuda-lib="[/workspace/formal_3D_flow_solver_FEM_SimVascular_lzy/sv1_3j/external/compat_cuda/cuda-12.3.2/lib64/libcudart.so,/workspace/formal_3D_flow_solver_FEM_SimVascular_lzy/sv1_3j/external/compat_cuda/cuda-12.3.2/lib64/libcufft.so,/workspace/formal_3D_flow_solver_FEM_SimVascular_lzy/sv1_3j/external/compat_cuda/cuda-12.3.2/lib64/libcublas.so,/workspace/formal_3D_flow_solver_FEM_SimVascular_lzy/sv1_3j/external/compat_cuda/cuda-12.3.2/lib64/libcusparse.so,/workspace/formal_3D_flow_solver_FEM_SimVascular_lzy/sv1_3j/external/compat_cuda/cuda-12.3.2/lib64/libcusolver.so,/workspace/formal_3D_flow_solver_FEM_SimVascular_lzy/sv1_3j/external/compat_cuda/cuda-12.3.2/lib64/libcurand.so,/workspace/formal_3D_flow_solver_FEM_SimVascular_lzy/sv1_3j/external/compat_cuda/cuda-12.3.2/lib64/libnvToolsExt.so]" --with-cuda-arch=89 --with-cxx-dialect=C++17 --with-cuda-dialect=C++17 --with-hip=0 --with-opencl=0
[0]PETSC ERROR: #1 Probe() at /workspace/formal_3D_flow_solver_FEM_SimVascular_lzy/sv1_3m/benchmarks/petsc_cuda_ghost_probe.c:61
[0]PETSC ERROR: #2 main() at /workspace/formal_3D_flow_solver_FEM_SimVascular_lzy/sv1_3m/benchmarks/petsc_cuda_ghost_probe.c:66
[0]PETSC ERROR: PETSc Option Table entries:
[0]PETSC ERROR: -skip_petscrc (source: environment)
[0]PETSC ERROR: -use_gpu_aware_mpi 0 (source: environment)
[0]PETSC ERROR: -vec_type cuda (source: command line)
[0]PETSC ERROR: ----------------End of Error Message -------send entire error message to petsc-maint@mcs.anl.gov----------
--------------------------------------------------------------------------
MPI_ABORT was invoked on rank 0 in communicator MPI_COMM_SELF
with errorcode 77.

NOTE: invoking MPI_ABORT causes Open MPI to kill all MPI processes.
You may or may not see output from other processes, depending on
exactly when Open MPI kills them.
--------------------------------------------------------------------------
