TYPE rank=0 type=mpi base=mpi owned=4 ghost_blocks=1 ghost_index=2
TYPE rank=1 type=mpi base=mpi owned=4 ghost_blocks=1 ghost_index=0
LOCAL rank=0 type=seq size=6 expected=6 present=1
LOCAL rank=1 type=seq size=6 expected=6 present=1
VALUE phase=forward rank=0 local=0 actual=1 expected=1
VALUE phase=forward rank=0 local=1 actual=2 expected=2
VALUE phase=forward rank=0 local=2 actual=3 expected=3
VALUE phase=forward rank=0 local=3 actual=4 expected=4
VALUE phase=forward rank=0 local=4 actual=5 expected=5
VALUE phase=forward rank=0 local=5 actual=6 expected=6
VALUE phase=reverse rank=0 local=0 actual=111 expected=111
VALUE phase=reverse rank=0 local=1 actual=113 expected=113
VALUE phase=reverse rank=0 local=2 actual=3 expected=3
VALUE phase=reverse rank=0 local=3 actual=4 expected=4
VALUE phase=reverse rank=0 local=4 actual=100 expected=100
VALUE phase=reverse rank=0 local=5 actual=101 expected=101
CHECK rank=0 forward_error=0 reverse_error=0 local_size=6 expected_size=6 errors=0
VALUE phase=forward rank=1 local=0 actual=5 expected=5
VALUE phase=forward rank=1 local=1 actual=6 expected=6
VALUE phase=forward rank=1 local=2 actual=7 expected=7
VALUE phase=forward rank=1 local=3 actual=8 expected=8
VALUE phase=forward rank=1 local=4 actual=1 expected=1
VALUE phase=forward rank=1 local=5 actual=2 expected=2
VALUE phase=reverse rank=1 local=0 actual=105 expected=105
VALUE phase=reverse rank=1 local=1 actual=107 expected=107
VALUE phase=reverse rank=1 local=2 actual=7 expected=7
VALUE phase=reverse rank=1 local=3 actual=8 expected=8
VALUE phase=reverse rank=1 local=4 actual=110 expected=110
VALUE phase=reverse rank=1 local=5 actual=111 expected=111
CHECK rank=1 forward_error=0 reverse_error=0 local_size=6 expected_size=6 errors=0
GHOST_PROBE PASS
