[1/214] Building CXX object src/extern/pugixml/CMakeFiles/pugixml-static.dir/src/pugixml.cpp.o
[2/214] Linking CXX static library src/extern/pugixml/libpugixml-static.a
[3/214] Building CXX object src/extern/pugixml/CMakeFiles/pugixml.dir/src/pugixml.cpp.o
[4/214] Linking CXX static library src/extern/pugixml/libpugixml.a
[5/214] Building CXX object src/mirheo/core/CMakeFiles/mirheoCore.dir/domain.cpp.o
[6/214] Building CXX object src/mirheo/core/CMakeFiles/mirheoCore.dir/logger.cpp.o
[7/214] Building CXX object src/mirheo/core/CMakeFiles/mirheoCore.dir/marching_cubes.cpp.o
[8/214] Building CXX object src/mirheo/core/CMakeFiles/mirheoCore.dir/mirheo.cpp.o
[9/214] Building CXX object src/mirheo/core/CMakeFiles/mirheoCore.dir/mirheo_object.cpp.o
[10/214] Building CXX object src/mirheo/core/CMakeFiles/mirheoCore.dir/mirheo_state.cpp.o
[11/214] Building CXX object src/mirheo/core/CMakeFiles/mirheoCore.dir/plugins.cpp.o
[12/214] Building CXX object src/mirheo/core/CMakeFiles/mirheoCore.dir/postproc.cpp.o
[13/214] Building CUDA object src/mirheo/core/CMakeFiles/mirheoCore.dir/celllist.cu.o
[14/214] Building CXX object src/mirheo/core/CMakeFiles/mirheoCore.dir/task_scheduler.cpp.o
[15/214] Building CXX object src/mirheo/core/CMakeFiles/mirheoCore.dir/version.cpp.o
[16/214] Building CXX object src/mirheo/core/CMakeFiles/mirheoCore.dir/analytical_shapes/api.cpp.o
[17/214] Building CXX object src/mirheo/core/CMakeFiles/mirheoCore.dir/simulation.cpp.o
[18/214] Building CUDA object src/mirheo/core/CMakeFiles/mirheoCore.dir/bouncers/from_mesh.cu.o
[19/214] Building CUDA object src/mirheo/core/CMakeFiles/mirheoCore.dir/bouncers/from_rod.cu.o
[20/214] Building CXX object src/mirheo/core/CMakeFiles/mirheoCore.dir/bouncers/interface.cpp.o
[21/214] Building CUDA object src/mirheo/core/CMakeFiles/mirheoCore.dir/bouncers/from_shape.cu.o
[22/214] Building CXX object src/mirheo/core/CMakeFiles/mirheoCore.dir/exchangers/interface.cpp.o
[23/214] Building CUDA object src/mirheo/core/CMakeFiles/mirheoCore.dir/exchangers/exchange_entity.cu.o
[24/214] Building CUDA object src/mirheo/core/CMakeFiles/mirheoCore.dir/exchangers/object_halo_extra_exchanger.cu.o
[25/214] Building CUDA object src/mirheo/core/CMakeFiles/mirheoCore.dir/exchangers/object_halo_exchanger.cu.o
[26/214] Building CUDA object src/mirheo/core/CMakeFiles/mirheoCore.dir/exchangers/object_redistributor.cu.o
[27/214] Building CUDA object src/mirheo/core/CMakeFiles/mirheoCore.dir/exchangers/object_reverse_exchanger.cu.o
[28/214] Building CUDA object src/mirheo/core/CMakeFiles/mirheoCore.dir/exchangers/particle_redistributor.cu.o
[29/214] Building CXX object src/mirheo/core/CMakeFiles/mirheoCore.dir/exchangers/engines/interface.cpp.o
[30/214] Building CUDA object src/mirheo/core/CMakeFiles/mirheoCore.dir/exchangers/particle_halo_exchanger.cu.o
[31/214] Building CXX object src/mirheo/core/CMakeFiles/mirheoCore.dir/exchangers/engines/single_node.cpp.o
[32/214] Building CXX object src/mirheo/core/CMakeFiles/mirheoCore.dir/exchangers/engines/mpi.cpp.o
[33/214] Building CXX object src/mirheo/core/CMakeFiles/mirheoCore.dir/field/from_function.cpp.o
[34/214] Building CXX object src/mirheo/core/CMakeFiles/mirheoCore.dir/field/interface.cpp.o
[35/214] Building CUDA object src/mirheo/core/CMakeFiles/mirheoCore.dir/field/from_file.cu.o
FAILED: src/mirheo/core/CMakeFiles/mirheoCore.dir/field/from_file.cu.o 
/usr/local/cuda-12.6/bin/nvcc -forward-unknown-to-host-compiler -ccbin=/usr/bin/g++-12  -I/home/lzy/projects/mirheo_starter/vendor/Mirheo/src -I/home/lzy/projects/mirheo_starter/vendor/Mirheo/src/extern/cuda_variant -I/usr/local/cuda-12.6/include -I/usr/include/hdf5/openmpi -I/home/lzy/projects/mirheo_starter/vendor/Mirheo/src/extern/pugixml/src -isystem /usr/lib/x86_64-linux-gnu/openmpi/include -isystem /usr/lib/x86_64-linux-gnu/openmpi/include/openmpi -gencode=arch=compute_89,code=sm_89 -O3 -DNDEBUG -std=c++17 "--generate-code=arch=compute_89,code=[compute_89,sm_89]" -Xcompiler=-fPIC --compiler-options "-Wall -Wextra -Wno-unknown-pragmas  -Wshadow" --expt-extended-lambda --expt-relaxed-constexpr -Wno-deprecated-gpu-targets -g -DNDEBUG --use_fast_math -lineinfo --std=c++17 -MD -MT src/mirheo/core/CMakeFiles/mirheoCore.dir/field/from_file.cu.o -MF src/mirheo/core/CMakeFiles/mirheoCore.dir/field/from_file.cu.o.d -x cu -c /home/lzy/projects/mirheo_starter/vendor/Mirheo/src/mirheo/core/field/from_file.cu -o src/mirheo/core/CMakeFiles/mirheoCore.dir/field/from_file.cu.o
In file included from /usr/lib/gcc/x86_64-linux-gnu/12/include/stddef.h:218:
/tmp/tmpxft_000bbcce_00000000-6_from_file.cudafe1.stub.c: In function ‘void __nv_cudaEntityRegisterCallback(void**)’:
/tmp/tmpxft_000bbcce_00000000-6_from_file.cudafe1.stub.c:22:752: error: ‘::cuda’ has not been declared
   22 | static void __nv_cudaEntityRegisterCallback(void **__T183){__nv_dummy_param_ref(__T183);__nv_save_fatbinhandle_for_managed_rt(__T183);__cudaRegisterEntry(__T183, ((void ( *)(const struct float4 *, struct int3, struct float3, struct float4 *, struct int3, struct float3, struct float3, float))mirheo::interpolate_kernels::cubicInterpolate3D<    ::float4> ), _ZN6mirheo19interpolate_kernels18cubicInterpolate3DI6float4EEvPKT_4int36float3PS3_S6_S7_S7_f, (-1));__cudaRegisterEntry(__T183, ((void ( *)(const float *, struct int3, struct float3, float *, struct int3, struct float3, struct float3, float))mirheo::interpolate_kernels::cubicInterpolate3D<float> ), _ZN6mirheo19interpolate_kernels18cubicInterpolate3DIfEEvPKT_4int36float3PS2_S5_S6_S6_f, (-1));__cudaRegisterVariable(__T183, __shadow_var(_ZN43_INTERNAL_7c3cd943_12_from_file_cu_8f73d64e4cuda3std6ranges3__45__cpo4swapE,::cuda::std::ranges::__4::__cpo::swap), 0, 1UL, 0, 0);__cudaRegisterVariable(__T183, __shadow_var(_ZN43_INTERNAL_7c3cd943_12_from_file_cu_8f73d64e4cuda3std6ranges3__45__cpo9iter_moveE,::cuda::std::ranges::__4::__cpo::iter_move), 0, 1UL, 0, 0);}
      |                                                                                                                                                                                                                                                                                                                                                                                                                                                                                                                                                                                                                                                                                                                                                                                ^~~~~~~~~~~~~~~~~~~~~~
/tmp/tmpxft_000bbcce_00000000-6_from_file.cudafe1.stub.c:22:931: error: ‘::cuda’ has not been declared
   22 | static void __nv_cudaEntityRegisterCallback(void **__T183){__nv_dummy_param_ref(__T183);__nv_save_fatbinhandle_for_managed_rt(__T183);__cudaRegisterEntry(__T183, ((void ( *)(const struct float4 *, struct int3, struct float3, struct float4 *, struct int3, struct float3, struct float3, float))mirheo::interpolate_kernels::cubicInterpolate3D<    ::float4> ), _ZN6mirheo19interpolate_kernels18cubicInterpolate3DI6float4EEvPKT_4int36float3PS3_S6_S7_S7_f, (-1));__cudaRegisterEntry(__T183, ((void ( *)(const float *, struct int3, struct float3, float *, struct int3, struct float3, struct float3, float))mirheo::interpolate_kernels::cubicInterpolate3D<float> ), _ZN6mirheo19interpolate_kernels18cubicInterpolate3DIfEEvPKT_4int36float3PS2_S5_S6_S6_f, (-1));__cudaRegisterVariable(__T183, __shadow_var(_ZN43_INTERNAL_7c3cd943_12_from_file_cu_8f73d64e4cuda3std6ranges3__45__cpo4swapE,::cuda::std::ranges::__4::__cpo::swap), 0, 1UL, 0, 0);__cudaRegisterVariable(__T183, __shadow_var(_ZN43_INTERNAL_7c3cd943_12_from_file_cu_8f73d64e4cuda3std6ranges3__45__cpo9iter_moveE,::cuda::std::ranges::__4::__cpo::iter_move), 0, 1UL, 0, 0);}
      |                                                                                                                                                                                                                                                                                                                                                                                                                                                                                                                                                                                                                                                                                                                                                                                                                                                                                                                                                                   ^~~~~~~~~~~~~~~~~~~~~~
[36/214] Building CXX object src/mirheo/core/CMakeFiles/mirheoCore.dir/initial_conditions/from_array.cpp.o
ninja: build stopped: subcommand failed.
