 Starting up Musubi with nprocs:            4

 .___  ___.  __    __       _______. __    __  .______    __  
 |   \/   | |  |  |  |     /       ||  |  |  | |   _  \  |  | 
 |  \  /  | |  |  |  |    |   (----`|  |  |  | |  |_)  | |  | 
 |  |\/|  | |  |  |  |     \   \    |  |  |  | |   _  <  |  | 
 |  |  |  | |  `--'  | .----)   |   |  `--'  | |  |_)  | |  | 
 |__|  |__|  \______/  |_______/     \______/  |______/  |_v2.0.0-4-g4e8b27

 (C) 2012 German Research School for Simulation Sciences
 (C) 2013-2020 University Siegen
 (C) 2021 German Aerospace Center (DLR) -
          Institute of Software Methods for Product Virtualization
 
--------------------------------------------------------------------------------
 | INFORMATION ON THE EXECUTABLE
 | Revision of the code in this executable: 81f8c4f13772+
 |
 | Compiled with GFORTRAN in version 13.4.0
 | Using the command /home/lzy/.local/bin/mpif90
 | And the following flags:
 | -O3 -march=native -Wall -Wno-maybe-uninitialized -Werror -Wno-unused-dum
 | my-argument -fmax-stack-var-size=131072 -std=f2008 -pedantic-errors -O3
 | -march=native -Wall -Wno-maybe-uninitialized -Werror
 |
 | Build date: 2026-08-29
--------------------------------------------------------------------------------
--------------------------------------------------------------------------------
 | PRE-PROCESSING SETTINGS:
 | Using AOS (array of structures data layout)
 | Using PULL for streaming
--------------------------------------------------------------------------------

Run at: 2026-09-01 20:42 UTC+02:00

 Loading configuration file: musubi.lua
--------------------------------------------------------------------------------
--------------------------------------------------------------------------------
--------------------------------------------------------------------------------
Loading general parameters:
Using /dev/null as null device.
Will print run time info in the end
(/proc/self/status).
Size of the IO Buffer (MB): 8
Simulation Name: tau1_reference_scaled_coarse
 +-------------------------------------------+
  - Now:
  iterations:            0
  simTime   :    0.0000000000000000     
  wallClock :    4.4304710000000001E-003
 
  - Time Control:
 +-------------------------------------------+
Iterations between trigger checks: 1
  - Min:
  iterations:            0
  simTime   :    0.0000000000000000     
 
  - Max:
  iterations:       283436
 
  - Interval:
  iterations:          708
 +-------------------------------------------+
 
  - Abort Criteria:
  stop_file: /home/lzy/u3da/tau1_reference_scaled_cbf_20260901/coarse/stop
  steady_state:  F
 
  - Status:
 +-------------------------------------------+
 Using global alltoall
 Loading communication pattern:
 isend_irecv
Write timings to: tracking/timing.res
--------------------------------------------------------------------------------
 Loading general solver params: 
 Choosing Control Routine: standard
 Setting SCALING to:diffusive
Solid elements will be removed from BC list
Block size (elements): 576
--------------------------------------------------------------------------------
--------------------------------------------------------------------------------
 Loading restart ...
 *****************************
 Restart read parameters: 
   filename : /home/lzy/u3da/tau1_reference_scaled_cbf_20260901/coarse/restart/tau1_reference_scaled_coarse_header_141718.lua
 Opening Restart Header /home/lzy/u3da/tau1_reference_scaled_cbf_20260901/coarse/restart/tau1_reference_scaled_coarse_header_141718.lua
 Solver: Musubi_v2.0.0-4-g4e8b27
--------------------------------------------------------------------------------
 Load mesh header from file: /mnt/e/ULM/hatimb-particle_flow_simulator/ulm_3D_vascular/outputs/cfd_flow/healthy_mouse_capillary_tau1_reference_scaled_grid_convergence_anchor003274_20260901/coarse/seeder/mesh/header.lua
 The real bounding cube is...
   min:    8.0422771579034588E-005   5.5896359424537687E-005   1.1160639894086849E-004
   max:    1.7844277157903459E-004   1.5469635942453770E-004   1.6698639894086848E-004
 Load mesh from file: /mnt/e/ULM/hatimb-particle_flow_simulator/ulm_3D_vascular/outputs/cfd_flow/healthy_mouse_capillary_tau1_reference_scaled_grid_convergence_anchor003274_20260901/coarse/seeder/mesh/elemlist.lsb
 using one process to read and broadcast
 Done, reading the mesh!
 NO BALANCING!
 Done loading weights.
 Got a mesh with following properties:
                 Mesh name: fluidTree
  Total number of elements: 82957
  Local number of elements: 20740
      Number of properties: 2
      Number of partitions: 4
             Minimum level: 9
             Maximum level: 9
       Bounding Box Origin:     0.0001    0.0001    0.0001
       Bounding Box Length:     0.0001
     Coarsest element size:     0.0000
       Finest element size:     0.0000
  Number of boundary elements: 11748
      Number of qVal elements: 11702
--------------------------------------------------------------------------------
 Restarting from point in time:
  iterations:       141718
  simTime   :    4.8828424056948096E-004
  wallClock :    1459.3108602620000     
 Loading varsys table 
 Syshandle            1
 *****************************
 
 *****************************
 Restart write parameters: 
   prefix   : /home/lzy/u3da/tau1_reference_scaled_cbf_20260901/coarse/restart/
 +-------------------------------------------+
Iterations between trigger checks: 1
  - Min:
  iterations:       212577
 
  - Max:
  iterations:       283436
 
  - Interval:
  iterations:        70859
 +-------------------------------------------+
 *****************************
 
--------------------------------------------------------------------------------
 Load boundary ID from file: /mnt/e/ULM/hatimb-particle_flow_simulator/ulm_3D_vascular/outputs/cfd_flow/healthy_mouse_capillary_tau1_reference_scaled_grid_convergence_anchor003274_20260901/coarse/seeder/mesh/bnd.lsb
 read on a single process
Loading qVal data from directory: /mnt/e/ULM/hatimb-particle_flow_simulator/ulm_3D_vascular/outputs/cfd_flow/healthy_mouse_capillary_tau1_reference_scaled_grid_convergence_anchor003274_20260901/coarse/seeder/mesh/
 Load hasQVal from file: /mnt/e/ULM/hatimb-particle_flow_simulator/ulm_3D_vascular/outputs/cfd_flow/healthy_mouse_capillary_tau1_reference_scaled_grid_convergence_anchor003274_20260901/coarse/seeder/mesh/qval.lsb
 Done, reading the qVal!
 No IBM found!
--------------------------------------------------------------------------------
Lattice dx and dt on each level
level=9, dxL=   1.00000, dtL=   1.00000
--------------------------------------------------------------------------------
--------------------------------------------------------------------------------
  Loading physics table ...
  Physics table is defined.
  All values are expressed in physical units.
 Speed of sound (cs) is not defined.
 Attempting to load time step dt on coarsest level:
   cs =   43.568E+00
   dt =    3.445E-09
 WARNING: No value given for coulomb0
 WARNING: Reference coulomb0 is not found. 
 Setting reference coulomb0 to fundamental electrical charge.
Reference physical quantities:
  rho0       =    1.056E+03
  mass0      =   18.560E-18
  mole0      =    1.661E-24
  moleDens0  =   94.478E-06
  molWeight0 =   11.177E+06
  Temp0      =    1.000E+00
  coulomb0   =  160.218E-21
Conversion factors on level: 9
  dx            =  260.000E-09
  dt            =    3.445E-09
  pressure      =    6.013E+06
  velocity      =   75.462E+00
  kine. visc.   =   19.620E-06
  dyn. visc.    =   20.719E-03
  acceleration  =   21.902E+09
  force         =  406.501E-09
  body force    =   23.128E+12
  strain rate   =  290.237E+06
  energy        =  105.690E-15
  moleFlux      =    7.129E-03
  chargeDens    =    9.116E+00
  currentDens   =  687.885E+00
  massflux      =   79.687E+03
  diffusivity   =   19.620E-06
  faraday       =   96.485E+03
  gasConst      =   63.648E+09
  potential     =  659.667E+03

Over level scale factor: 
    pressure:    1.000E+00
    velocity:    1.000E+00
 strain rate:    1.000E+00
--------------------------------------------------------------------------------
--------------------------------------------------------------------------------
Loading Scheme identify table: 
kind: fluid
Layout: d3q19
relaxation: bgk
  variant: standard
--------------------------------------------------------------------------------
 Creating stencil kind: d3q19
--------------------------------------------------------------------------------
 Loading the field base info ...
 No field table defined.
 Assuming single field and label = "".
--------------------------------------------------------------------------------
 Initializing global variable system for scheme kind: fluid
 Appending state variables 
--------------------------------------------------------------------------------
Interpolation:
  method: quadratic
   order:  2
  weights_method: linear_distance
  inverse distance powefac:  6
--------------------------------------------------------------------------------
 No possible transport variable defined for scheme kind: fluid
--------------------------------------------------------------------------------
 Loading the fields ...
 Number of fields to load:            1
 No field table and scheme table are defined.Loading field data from config
 Loading field: 
 Loading the fluid properties.
 Loading fluid informations
 loading space time function from key: kinematic_viscosity
 Spacetime function is a const value:    3.2700000000000000E-006
 St-fun is not a table, thus setting global shape.
 No nonNewtonian table defined
 No turbulence table defined
--------------------------------------------------------------------------------
--------------------------------------------------------------------------------
  Loading initial conditions
Loading spatial for pressure
 Load spatial as single constant
   Spatial for pressure is a defined as const
value =    2.004E+06
Loading spatial for velocityX
 Load spatial as single constant
   Spatial for velocityX is a defined as const
value =    0.000E+00
Loading spatial for velocityY
 Load spatial as single constant
   Spatial for velocityY is a defined as const
value =    0.000E+00
Loading spatial for velocityZ
 Load spatial as single constant
   Spatial for velocityZ is a defined as const
value =    0.000E+00
Loading spatial for Sxx
 Load spatial as single constant
 ERROR: Fatal error occured in loading scalar constants
 WARNING: variable is non-existent!
 Setting kind to be "none" and value =    0.000E+00 for all 1 components
   Spatial for Sxx is a defined as none
Loading spatial for Syy
 Load spatial as single constant
 ERROR: Fatal error occured in loading scalar constants
 WARNING: variable is non-existent!
 Setting kind to be "none" and value =    0.000E+00 for all 1 components
   Spatial for Syy is a defined as none
Loading spatial for Szz
 Load spatial as single constant
 ERROR: Fatal error occured in loading scalar constants
 WARNING: variable is non-existent!
 Setting kind to be "none" and value =    0.000E+00 for all 1 components
   Spatial for Szz is a defined as none
Loading spatial for Sxy
 Load spatial as single constant
 ERROR: Fatal error occured in loading scalar constants
 WARNING: variable is non-existent!
 Setting kind to be "none" and value =    0.000E+00 for all 1 components
   Spatial for Sxy is a defined as none
Loading spatial for Syz
 Load spatial as single constant
 ERROR: Fatal error occured in loading scalar constants
 WARNING: variable is non-existent!
 Setting kind to be "none" and value =    0.000E+00 for all 1 components
   Spatial for Syz is a defined as none
Loading spatial for Sxz
 Load spatial as single constant
 ERROR: Fatal error occured in loading scalar constants
 WARNING: variable is non-existent!
 Setting kind to be "none" and value =    0.000E+00 for all 1 components
   Spatial for Sxz is a defined as none
--------------------------------------------------------------------------------
  Loading BC header
   Found BC wall of kind wall_libb
   Found BC inlet of kind adaptive_flux_pressure
   Found BC outlet_01 of kind pressure_eq
   Found BC outlet_02 of kind pressure_eq
   Found BC outlet_03 of kind pressure_eq
 matching boundary defination in lua to mesh
 Number of Boundaries: 5
--------------------------------------------------------------------------------
 Loading boundary definition for nBCs: 5
   Boundary: 1
    Curved:  F
     Wall LIBB treatment: wall
    Default qVal:   0.50000000000000000     
   required neighbors: 0
   Boundary: 2
    Curved:  F
    Adaptive global flux/pressure treatment for inlet
  Loading bc state for mass_flowrate
 Expected variable mass_flowrate is defined
 Did not find a variable name for mass_flowrate
 Trying to load it as an anonymous space time function
 loading space time function from key: mass_flowrate
 Spacetime function is a const value:    2.8901803804796421E-012
 St-fun is not a table, thus setting global shape.
 Found a spacetime function for mass_flowrate
    Default qVal:   0.50000000000000000     
   required neighbors: 2
   Boundary: 3
    Curved:  F
     Outlet pressure equilibrium type for outlet_01
  Loading bc state for pressure
 Expected variable pressure is defined
 Did not find a variable name for pressure
 Trying to load it as an anonymous space time function
 loading space time function from key: pressure
 St-fun is not a table, thus setting global shape.
 Found a spacetime function for pressure
    Default qVal:   0.50000000000000000     
   required neighbors: 2
   Boundary: 4
    Curved:  F
     Outlet pressure equilibrium type for outlet_02
  Loading bc state for pressure
 Expected variable pressure is defined
 Did not find a variable name for pressure
 Trying to load it as an anonymous space time function
 loading space time function from key: pressure
 St-fun is not a table, thus setting global shape.
 Found a spacetime function for pressure
    Default qVal:   0.50000000000000000     
   required neighbors: 2
   Boundary: 5
    Curved:  F
     Outlet pressure equilibrium type for outlet_03
  Loading bc state for pressure
 Expected variable pressure is defined
 Did not find a variable name for pressure
 Trying to load it as an anonymous space time function
 loading space time function from key: pressure
 St-fun is not a table, thus setting global shape.
 Found a spacetime function for pressure
    Default qVal:   0.50000000000000000     
   required neighbors: 2
--------------------------------------------------------------------------------
 Loading the mappings from table: source
 Table source could not be opened for reading variable mappings!
--------------------------------------------------------------------------------
 Loading the mappings from table: glob_source
 Table glob_source could not be opened for reading variable mappings!
 Loading transport variables
--------------------------------------------------------------------------------
 Variable table not defined with key: variable
--------------------------------------------------------------------------------
 No Tracking entities found!
--------------------------------------------------------------------------------
--------------------------------------------------------------------------------
 NO particle modelling
--------------------------------------------------------------------------------
--------------------------------------------------------------------------------
 Initializing musubi ...
 Initializing the scheme ...
 Map stencil to treelm definition and vice versa ...
Initializing the moment matrix by stencil: d3q19
 Building variable system for scheme kind: fluid
 Appending auxiliary variables 
 Current append variable wave loop:            1
 Append derive variables to varSys
 Variable pressure_deviation cant be added due to missing input variable pressure_reference
 Error: variable pressure_deviation is not added to variable system
 Appending boundary variables 
 Append derive physical variables to varSys
 Append meshInfo variables to varSys
 Current append variable wave loop:            2
 Append derive variables to varSys
 Appending boundary variables 
 Append derive physical variables to varSys
 Append meshInfo variables to varSys
 Current append variable wave loop:            3
 Append derive variables to varSys
 Appending boundary variables 
 Append derive physical variables to varSys
 Append meshInfo variables to varSys
 Done appending variables to varSys
 Storing state variable position 
 Storing derive variable position 
--------------------------------------------------------------------------------
 Starting to initialize the geometry
--------------------------------------------------------------------------------
 Creating boundary lists ...
BC: wall, iBnd: 1, normal:   0 -1  1, Ind: 8
BC: outlet_02, iBnd: 2, normal:   1  0  1, Ind: 14
BC: outlet_03, iBnd: 3, normal:  -1  0  0, Ind: 1
BC: inlet, iBnd: 4, normal:   0  0 -1, Ind: 3
BC: outlet_01, iBnd: 5, normal:   0 -1 -1, Ind: 7
 Set BC stencil: outlet_02
 Set BC stencil: outlet_03
 Set BC stencil: inlet
 Set BC stencil: outlet_01
 Finalizing stencils...
 Total Number of stencils: 5
 iStencil:  1, label: d3q19
 nElems: 82957
 iStencil:  2, label: outlet_02_TE2TE3_QQN2
 nElems: 98
 iStencil:  3, label: outlet_03_WW2_QQN2
 nElems: 105
 iStencil:  4, label: inlet_BB2_QQN2
 nElems: 136
 iStencil:  5, label: outlet_01_BS2BS3_QQN2
 nElems: 103
 Allocating level Descriptor ...
 Searching the neighbors for each element ...
 Finished searching the neighbors ID for each fluid.
 Creating level descriptor ...
 Building up the element and total list.
 Building level-wise fluid list ...
--------------------------------------------------------------------------------
 Communicating elements ...
Halo count exchange iteration: 1
 Starting all-to-all exchange of halo counts
Finished all-to-all exchanging number of elements
All to all cost: 0.464441E-02
  Finished counting valid procs and nElemsProcs.
   Done communicating nElems to Transfer
  Requesting remote halos on level 9
   Received requested halo elements successfully.
 Finished requesting remote halos
   Done requesting remote halos.
   Identifying lists
 Done exchanging number of elements to communicate.
Return halo counts and Redefine halos ...
  Returning halo counts on level 9
   Redefining halos ... 
   Done communicating stencil buffer
   Done communicating stencil buffer
   Done communicating stencil buffer
 Done with communication of elements. 
--------------------------------------------------------------------------------

--------------------------------------------------------------------------------
 Communicating elements ...
Halo count exchange iteration: 1
 Starting all-to-all exchange of halo counts
Finished all-to-all exchanging number of elements
All to all cost: 0.318928E-03
  Finished counting valid procs and nElemsProcs.
   Done communicating nElems to Transfer
  Requesting remote halos on level 9
   Received requested halo elements successfully.
 Finished requesting remote halos
   Done requesting remote halos.
   Identifying lists
 Done exchanging number of elements to communicate.
Return halo counts and Redefine halos ...
  Returning halo counts on level 9
   Redefining halos ... 
   Done communicating stencil buffer
   Done communicating stencil buffer
   Done communicating stencil buffer
 Done with communication of elements. 
--------------------------------------------------------------------------------

 Assembling total list ...
     Level: 9
    nElems: 21495
       fluid: 20740
gFromCoarser: 0
  gFromFiner: 0
        halo: 755
 Updating dependencies ...
 Updating the stencil entries
  Updating entries in the element stencils...
 Finished building up element and total list. 
Build neighbor array for stencil: 1
 level:  9, nElems to treat: 21495
Build neighbor array for stencil: 2
 level:  9, nElems to treat: 98
--------------------------------------------------------------------------------

Try to remove solid from BC: outlet_02
 Removed 23 elements on level 9
Try to remove solid from BC: outlet_03
Try to remove solid from BC: inlet
Try to remove solid from BC: outlet_01
 Build vertical dep ...
 Total number of elements on Level: 9
   Fluid:   82957
 Global Elements information:
   nElems overall: 87297
   nElems ghost from finer: 0
   nElems ghost from coarser: 0
 
Start filling field BC neighbor list 
 Allocating PDF state, neighbor and bcBuffer array
 nSize of state array: 21496
 Building state array connectivity ...
 Done with state array connectivity.
Set halo elements comm links
Amount of message per proc: 13858
Communication amount compressed to [%]: 67.22

--------------------------------------------------------------------------------
Done initializing geometry. Took [s]      0.17
--------------------------------------------------------------------------------

 Simulation time homogenize:
  iterations:       141718
  simTime   :    4.8828424057084608E-004
  wallClock :    7.5080410000000000E-002
 Time control homogenize:
 +-------------------------------------------+
Iterations between trigger checks: 1
  - Min:
  iterations:       141718
 
  - Max:
  iterations:       283436
 
  - Interval:
  iterations:          708
 +-------------------------------------------+
Initialize fluid
  Set relaxation parameter from kinematic viscosity
Fluid properties:
  Reference density rho0:  1.0000000
  Kinematic viscosity STfun kind: const
Kinematic viscosity, (min, max) on level: 9
  Physical: ( 0.0000033, 0.0000033)
  Lattice: ( 0.1666667, 0.1666667)
  Kinematic omega (min,max):( 1.0000000, 1.0000000)
 viscBulk lattice and omega: 
  viscBulk:   0.1111111
  omegaBulk:  1.0000000
Magic lambda for TRT:  0.2500000
HRR sigma:  0.9800000
DRT tauN:  0.7000000
No nonNewtonian table defined.
--------------------------------------------------------------------------------
 Allocate gradient data ...
 Filling gradient data ...
--------------------------------------------------------------------------------
 Create subtree for all space time functions stored 
 in linked list of spacetime function
 Done creating subtree for   0 spacetime functions
--------------------------------------------------------------------------------
--------------------------------------------------------------------------------
 Initializing Source terms ...
 No active source terms
--------------------------------------------------------------------------------
 Initializing transport variables ...
 No active transport variables
  Pulling pdfs from neighbor elements before collision
 Initializing restart...
 Time control homogenize:
 +-------------------------------------------+
Iterations between trigger checks: 1
  - Min:
  iterations:       212577
 
  - Max:
  iterations:       283436
 
  - Interval:
  iterations:        70859
 +-------------------------------------------+
 Auxiliary field halo communication DEACTIVATED.
Initialize BndForce
 Initializing IBM surface data
--------------------------------------------------------------------------------

 Reading restart...
  Open read... 
  Closed Read.
 Done reading restart.
 Initialize compute kernel for scheme kind: fluid
 Choosing fluid relaxation model: bgk for layout d3q19
 mus_load_particles: no particle table found
Initialize 5 boundary conditions
 Initializing BC: wall
 Initializing BC: outlet_02
 Initializing BC: outlet_03
 Initializing BC: inlet
 Initializing BC: outlet_01
--------------------------------------------------------------------------------
 Starting Musubi MAIN loop with time control:
 +-------------------------------------------+
Iterations between trigger checks: 1
  - Min:
  iterations:       141718
 
  - Max:
  iterations:       283436
 
  - Interval:
  iterations:          708
 +-------------------------------------------+
Select fast single level control routine.
Particulate flow simulations disabled!
--------------------------------------------------------------------------------
  iterations:       141718
  simTime   :    4.8828424057084608E-004
  wallClock :    7.5080410000000000E-002
      field |       total density
          1 |   82.9639613769E+03

  iterations:       142426
  simTime   :    4.9072362895008015E-004
  wallClock :    6.6997700719999997     
      field |       total density
          1 |   82.9639613769E+03

  iterations:       143134
  simTime   :    4.9316301732931422E-004
  wallClock :    12.722856330999999     
      field |       total density
          1 |   82.9639613769E+03

  iterations:       143842
  simTime   :    4.9560240570854829E-004
  wallClock :    18.428321201999999     
      field |       total density
          1 |   82.9639613769E+03

  iterations:       144550
  simTime   :    4.9804179408778236E-004
  wallClock :    25.054953095999998     
      field |       total density
          1 |   82.9639613769E+03

  iterations:       145258
  simTime   :    5.0048118246701643E-004
  wallClock :    31.205694142999999     
      field |       total density
          1 |   82.9639613769E+03

  iterations:       145966
  simTime   :    5.0292057084625049E-004
  wallClock :    36.951329172999998     
      field |       total density
          1 |   82.9639613769E+03

  iterations:       146674
  simTime   :    5.0535995922548456E-004
  wallClock :    42.604053487999998     
      field |       total density
          1 |   82.9639613769E+03

  iterations:       147382
  simTime   :    5.0779934760471863E-004
  wallClock :    48.850386168000000     
      field |       total density
          1 |   82.9639613769E+03

  iterations:       148090
  simTime   :    5.1023873598395270E-004
  wallClock :    54.745302567000003     
      field |       total density
          1 |   82.9639613769E+03

  iterations:       148798
  simTime   :    5.1267812436318677E-004
  wallClock :    60.761155957000000     
      field |       total density
          1 |   82.9639613769E+03

  iterations:       149506
  simTime   :    5.1511751274242084E-004
  wallClock :    67.087142557999996     
      field |       total density
          1 |   82.9639613769E+03

  iterations:       150214
  simTime   :    5.1755690112165490E-004
  wallClock :    74.059111634000004     
      field |       total density
          1 |   82.9639613770E+03

  iterations:       150922
  simTime   :    5.1999628950088897E-004
  wallClock :    80.459152951999997     
      field |       total density
          1 |   82.9639613770E+03

  iterations:       151630
  simTime   :    5.2243567788012304E-004
  wallClock :    86.538588632000000     
      field |       total density
          1 |   82.9639613770E+03

  iterations:       152338
  simTime   :    5.2487506625935711E-004
  wallClock :    93.244868910999998     
      field |       total density
          1 |   82.9639613770E+03

  iterations:       153046
  simTime   :    5.2731445463859118E-004
  wallClock :    99.265429377999993     
      field |       total density
          1 |   82.9639613770E+03

  iterations:       153754
  simTime   :    5.2975384301782525E-004
  wallClock :    107.43647378199999     
      field |       total density
          1 |   82.9639613770E+03

  iterations:       154462
  simTime   :    5.3219323139705932E-004
  wallClock :    113.85573488900000     
      field |       total density
          1 |   82.9639613770E+03

  iterations:       155170
  simTime   :    5.3463261977629338E-004
  wallClock :    120.58590137800000     
      field |       total density
          1 |   82.9639613770E+03

  iterations:       155878
  simTime   :    5.3707200815552745E-004
  wallClock :    127.92832548400000     
      field |       total density
          1 |   82.9639613770E+03

  iterations:       156586
  simTime   :    5.3951139653476152E-004
  wallClock :    135.36256939800001     
      field |       total density
          1 |   82.9639613770E+03

  iterations:       157294
  simTime   :    5.4195078491399559E-004
  wallClock :    142.50394391600000     
      field |       total density
          1 |   82.9639613770E+03

  iterations:       158002
  simTime   :    5.4439017329322966E-004
  wallClock :    151.99742697200000     
      field |       total density
          1 |   82.9639613770E+03

  iterations:       158710
  simTime   :    5.4682956167246373E-004
  wallClock :    158.66889178700001     
      field |       total density
          1 |   82.9639613770E+03

  iterations:       159418
  simTime   :    5.4926895005169779E-004
  wallClock :    164.79219991200000     
      field |       total density
          1 |   82.9639613770E+03

  iterations:       160126
  simTime   :    5.5170833843093186E-004
  wallClock :    171.16499189800001     
      field |       total density
          1 |   82.9639613770E+03

  iterations:       160834
  simTime   :    5.5414772681016593E-004
  wallClock :    177.22235541699999     
      field |       total density
          1 |   82.9639613770E+03

  iterations:       161542
  simTime   :    5.5658711518940000E-004
  wallClock :    183.16772313300001     
      field |       total density
          1 |   82.9639613770E+03

  iterations:       162250
  simTime   :    5.5902650356863407E-004
  wallClock :    190.20243793600000     
      field |       total density
          1 |   82.9639613770E+03

  iterations:       162958
  simTime   :    5.6146589194786814E-004
  wallClock :    196.48032750300001     
      field |       total density
          1 |   82.9639613770E+03

  iterations:       163666
  simTime   :    5.6390528032710220E-004
  wallClock :    202.77844899700000     
      field |       total density
          1 |   82.9639613770E+03

  iterations:       164374
  simTime   :    5.6634466870633627E-004
  wallClock :    208.69743439199999     
      field |       total density
          1 |   82.9639613770E+03

  iterations:       165082
  simTime   :    5.6878405708557034E-004
  wallClock :    215.44025832500000     
      field |       total density
          1 |   82.9639613770E+03

  iterations:       165790
  simTime   :    5.7122344546480441E-004
  wallClock :    221.53536133200001     
      field |       total density
          1 |   82.9639613770E+03

  iterations:       166498
  simTime   :    5.7366283384403848E-004
  wallClock :    227.41225826100001     
      field |       total density
          1 |   82.9639613770E+03

  iterations:       167206
  simTime   :    5.7610222222327255E-004
  wallClock :    233.06209574499999     
      field |       total density
          1 |   82.9639613770E+03

  iterations:       167914
  simTime   :    5.7854161060250662E-004
  wallClock :    238.82497467900001     
      field |       total density
          1 |   82.9639613770E+03

  iterations:       168622
  simTime   :    5.8098099898174068E-004
  wallClock :    244.84052527599999     
      field |       total density
          1 |   82.9639613770E+03

  iterations:       169330
  simTime   :    5.8342038736097475E-004
  wallClock :    250.77172700400001     
      field |       total density
          1 |   82.9639613770E+03

  iterations:       170038
  simTime   :    5.8585977574020882E-004
  wallClock :    256.70277077200001     
      field |       total density
          1 |   82.9639613770E+03

  iterations:       170746
  simTime   :    5.8829916411944289E-004
  wallClock :    262.32265878099997     
      field |       total density
          1 |   82.9639613770E+03

  iterations:       171454
  simTime   :    5.9073855249867696E-004
  wallClock :    268.27062706900000     
      field |       total density
          1 |   82.9639613770E+03

  iterations:       172162
  simTime   :    5.9317794087791103E-004
  wallClock :    275.69979971599997     
      field |       total density
          1 |   82.9639613770E+03

  iterations:       172870
  simTime   :    5.9561732925714509E-004
  wallClock :    282.43643448900002     
      field |       total density
          1 |   82.9639613770E+03

  iterations:       173578
  simTime   :    5.9805671763637916E-004
  wallClock :    288.50725189200000     
      field |       total density
          1 |   82.9639613770E+03

  iterations:       174286
  simTime   :    6.0049610601561323E-004
  wallClock :    294.00703299399999     
      field |       total density
          1 |   82.9639613770E+03

  iterations:       174994
  simTime   :    6.0293549439484730E-004
  wallClock :    300.28929579700002     
      field |       total density
          1 |   82.9639613770E+03

  iterations:       175702
  simTime   :    6.0537488277408137E-004
  wallClock :    305.77802245499998     
      field |       total density
          1 |   82.9639613770E+03

  iterations:       176410
  simTime   :    6.0781427115331544E-004
  wallClock :    311.96063394499998     
      field |       total density
          1 |   82.9639613770E+03

  iterations:       177118
  simTime   :    6.1025365953254950E-004
  wallClock :    317.53988432800003     
      field |       total density
          1 |   82.9639613770E+03

  iterations:       177826
  simTime   :    6.1269304791178357E-004
  wallClock :    323.70980560100003     
      field |       total density
          1 |   82.9639613770E+03

  iterations:       178534
  simTime   :    6.1513243629101764E-004
  wallClock :    330.52873679300001     
      field |       total density
          1 |   82.9639613770E+03

  iterations:       179242
  simTime   :    6.1757182467025171E-004
  wallClock :    337.38018733100000     
      field |       total density
          1 |   82.9639613770E+03

  iterations:       179950
  simTime   :    6.2001121304948578E-004
  wallClock :    344.56638879899998     
      field |       total density
          1 |   82.9639613770E+03

  iterations:       180658
  simTime   :    6.2245060142871985E-004
  wallClock :    350.31368332699998     
      field |       total density
          1 |   82.9639613770E+03

  iterations:       181366
  simTime   :    6.2488998980795392E-004
  wallClock :    355.89808787499999     
      field |       total density
          1 |   82.9639613770E+03

  iterations:       182074
  simTime   :    6.2732937818718798E-004
  wallClock :    362.32514903600003     
      field |       total density
          1 |   82.9639613770E+03

  iterations:       182782
  simTime   :    6.2976876656642205E-004
  wallClock :    368.41962629099999     
      field |       total density
          1 |   82.9639613770E+03

  iterations:       183490
  simTime   :    6.3220815494565612E-004
  wallClock :    375.25290835599998     
      field |       total density
          1 |   82.9639613770E+03

  iterations:       184198
  simTime   :    6.3464754332489019E-004
  wallClock :    382.39085406300001     
      field |       total density
          1 |   82.9639613770E+03

  iterations:       184906
  simTime   :    6.3708693170412426E-004
  wallClock :    389.31475052399998     
      field |       total density
          1 |   82.9639613770E+03

  iterations:       185614
  simTime   :    6.3952632008335833E-004
  wallClock :    396.06220846200000     
      field |       total density
          1 |   82.9639613770E+03

  iterations:       186322
  simTime   :    6.4196570846259239E-004
  wallClock :    401.98751151599998     
      field |       total density
          1 |   82.9639613770E+03

  iterations:       187030
  simTime   :    6.4440509684182646E-004
  wallClock :    407.72921775300000     
      field |       total density
          1 |   82.9639613770E+03

  iterations:       187738
  simTime   :    6.4684448522106053E-004
  wallClock :    413.76980489699997     
      field |       total density
          1 |   82.9639613770E+03

  iterations:       188446
  simTime   :    6.4928387360029460E-004
  wallClock :    420.56887155499999     
      field |       total density
          1 |   82.9639613770E+03

  iterations:       189154
  simTime   :    6.5172326197952867E-004
  wallClock :    426.33327035700000     
      field |       total density
          1 |   82.9639613770E+03

  iterations:       189862
  simTime   :    6.5416265035876274E-004
  wallClock :    432.51179438499997     
      field |       total density
          1 |   82.9639613770E+03

  iterations:       190570
  simTime   :    6.5660203873799680E-004
  wallClock :    439.10489568300000     
      field |       total density
          1 |   82.9639613770E+03

  iterations:       191278
  simTime   :    6.5904142711723087E-004
  wallClock :    445.44399835600001     
      field |       total density
          1 |   82.9639613770E+03

  iterations:       191986
  simTime   :    6.6148081549646494E-004
  wallClock :    451.74893947900000     
      field |       total density
          1 |   82.9639613770E+03

  iterations:       192694
  simTime   :    6.6392020387569901E-004
  wallClock :    458.17583257400003     
      field |       total density
          1 |   82.9639613770E+03

  iterations:       193402
  simTime   :    6.6635959225493308E-004
  wallClock :    465.21315701899999     
      field |       total density
          1 |   82.9639613770E+03

  iterations:       194110
  simTime   :    6.6879898063416715E-004
  wallClock :    472.00452762499998     
      field |       total density
          1 |   82.9639613770E+03

  iterations:       194818
  simTime   :    6.7123836901340122E-004
  wallClock :    479.12189191700003     
      field |       total density
          1 |   82.9639613770E+03

  iterations:       195526
  simTime   :    6.7367775739263528E-004
  wallClock :    486.55839622200000     
      field |       total density
          1 |   82.9639613770E+03

  iterations:       196234
  simTime   :    6.7611714577186935E-004
  wallClock :    492.96824110199998     
      field |       total density
          1 |   82.9639613770E+03

  iterations:       196942
  simTime   :    6.7855653415110342E-004
  wallClock :    499.48726153199999     
      field |       total density
          1 |   82.9639613770E+03

  iterations:       197650
  simTime   :    6.8099592253033749E-004
  wallClock :    505.30914187100001     
      field |       total density
          1 |   82.9639613770E+03

  iterations:       198358
  simTime   :    6.8343531090957156E-004
  wallClock :    511.22804019199998     
      field |       total density
          1 |   82.9639613770E+03

  iterations:       199066
  simTime   :    6.8587469928880563E-004
  wallClock :    517.66099160099998     
      field |       total density
          1 |   82.9639613770E+03

  iterations:       199774
  simTime   :    6.8831408766803969E-004
  wallClock :    524.23023371299996     
      field |       total density
          1 |   82.9639613770E+03

  iterations:       200482
  simTime   :    6.9075347604727376E-004
  wallClock :    531.63266111899998     
      field |       total density
          1 |   82.9639613770E+03

  iterations:       201190
  simTime   :    6.9319286442650783E-004
  wallClock :    538.75573033499995     
      field |       total density
          1 |   82.9639613770E+03

  iterations:       201898
  simTime   :    6.9563225280574190E-004
  wallClock :    547.18872978399997     
      field |       total density
          1 |   82.9639613770E+03

  iterations:       202606
  simTime   :    6.9807164118497597E-004
  wallClock :    554.77195514699997     
      field |       total density
          1 |   82.9639613770E+03

  iterations:       203314
  simTime   :    7.0051102956421004E-004
  wallClock :    562.36793203599996     
      field |       total density
          1 |   82.9639613770E+03

  iterations:       204022
  simTime   :    7.0295041794344411E-004
  wallClock :    570.18276719899995     
      field |       total density
          1 |   82.9639613770E+03

  iterations:       204730
  simTime   :    7.0538980632267817E-004
  wallClock :    578.30944315399995     
      field |       total density
          1 |   82.9639613770E+03

  iterations:       205438
  simTime   :    7.0782919470191224E-004
  wallClock :    584.74871560600002     
      field |       total density
          1 |   82.9639613770E+03

  iterations:       206146
  simTime   :    7.1026858308114631E-004
  wallClock :    591.31779054300000     
      field |       total density
          1 |   82.9639613770E+03

  iterations:       206854
  simTime   :    7.1270797146038038E-004
  wallClock :    597.13683465800000     
      field |       total density
          1 |   82.9639613770E+03

  iterations:       207562
  simTime   :    7.1514735983961445E-004
  wallClock :    603.46341763199996     
      field |       total density
          1 |   82.9639613770E+03

  iterations:       208270
  simTime   :    7.1758674821884852E-004
  wallClock :    609.67317362200004     
      field |       total density
          1 |   82.9639613770E+03

  iterations:       208978
  simTime   :    7.2002613659808258E-004
  wallClock :    616.53345573199999     
      field |       total density
          1 |   82.9639613770E+03

  iterations:       209686
  simTime   :    7.2246552497731665E-004
  wallClock :    622.60154161699995     
      field |       total density
          1 |   82.9639613770E+03

  iterations:       210394
  simTime   :    7.2490491335655072E-004
  wallClock :    628.79041610900003     
      field |       total density
          1 |   82.9639613770E+03

  iterations:       211102
  simTime   :    7.2734430173578479E-004
  wallClock :    635.97576586200000     
      field |       total density
          1 |   82.9639613770E+03

  iterations:       211810
  simTime   :    7.2978369011501886E-004
  wallClock :    642.80915489200004     
      field |       total density
          1 |   82.9639613770E+03

  iterations:       212518
  simTime   :    7.3222307849425293E-004
  wallClock :    650.05466003499998     
      field |       total density
          1 |   82.9639613770E+03

ADAPTIVE_FLUX_PRESSURE iter=212577 target_lattice= 5.3652341392036740E-004 controlled_lattice= 5.3652341392117426E-004 relative_error= 1.5038733367999290E-012 rho_boundary= 1.0002669458180424E+000 pressure_pa= 2.0049792910179154E+006 max_lattice_velocity= 1.0915134567291910E-005 minimum_pdf= 2.7784274911099437E-002 globBC_count=136
  Writing restart at:
  iterations:       212577
  simTime   :    7.3242636085918910E-004
  wallClock :    650.69757989599998     
 Done writing
  iterations:       213226
  simTime   :    7.3466246687348699E-004
  wallClock :    658.24033481799995     
      field |       total density
          1 |   82.9639613770E+03

  iterations:       213934
  simTime   :    7.3710185525272106E-004
  wallClock :    666.61657651899998     
      field |       total density
          1 |   82.9639613770E+03

  iterations:       214642
  simTime   :    7.3954124363195513E-004
  wallClock :    674.57633820700005     
      field |       total density
          1 |   82.9639613770E+03

  iterations:       215350
  simTime   :    7.4198063201118920E-004
  wallClock :    682.18349251699999     
      field |       total density
          1 |   82.9639613770E+03

  iterations:       216058
  simTime   :    7.4442002039042327E-004
  wallClock :    689.85803877000001     
      field |       total density
          1 |   82.9639613770E+03

  iterations:       216766
  simTime   :    7.4685940876965734E-004
  wallClock :    698.29545695900003     
      field |       total density
          1 |   82.9639613770E+03

  iterations:       217474
  simTime   :    7.4929879714889141E-004
  wallClock :    705.12771308399999     
      field |       total density
          1 |   82.9639613770E+03

  iterations:       218182
  simTime   :    7.5173818552812547E-004
  wallClock :    711.80759579799997     
      field |       total density
          1 |   82.9639613770E+03

  iterations:       218890
  simTime   :    7.5417757390735954E-004
  wallClock :    717.66414326200004     
      field |       total density
          1 |   82.9639613770E+03

  iterations:       219598
  simTime   :    7.5661696228659361E-004
  wallClock :    723.74533614799998     
      field |       total density
          1 |   82.9639613770E+03

  iterations:       220306
  simTime   :    7.5905635066582768E-004
  wallClock :    730.31259612300005     
      field |       total density
          1 |   82.9639613770E+03

  iterations:       221014
  simTime   :    7.6149573904506175E-004
  wallClock :    736.43798272000004     
      field |       total density
          1 |   82.9639613770E+03

  iterations:       221722
  simTime   :    7.6393512742429582E-004
  wallClock :    743.36165146799999     
      field |       total density
          1 |   82.9639613770E+03

  iterations:       222430
  simTime   :    7.6637451580352988E-004
  wallClock :    749.03274459800002     
      field |       total density
          1 |   82.9639613770E+03

  iterations:       223138
  simTime   :    7.6881390418276395E-004
  wallClock :    754.66982605700002     
      field |       total density
          1 |   82.9639613770E+03

  iterations:       223846
  simTime   :    7.7125329256199802E-004
  wallClock :    760.58022845200003     
      field |       total density
          1 |   82.9639613770E+03

  iterations:       224554
  simTime   :    7.7369268094123209E-004
  wallClock :    766.54814454899997     
      field |       total density
          1 |   82.9639613770E+03

  iterations:       225262
  simTime   :    7.7613206932046616E-004
  wallClock :    772.71286934199998     
      field |       total density
          1 |   82.9639613770E+03

  iterations:       225970
  simTime   :    7.7857145769970023E-004
  wallClock :    780.40155415400000     
      field |       total density
          1 |   82.9639613770E+03

  iterations:       226678
  simTime   :    7.8101084607893429E-004
  wallClock :    786.76226429899998     
      field |       total density
          1 |   82.9639613770E+03

  iterations:       227386
  simTime   :    7.8345023445816836E-004
  wallClock :    793.31829850099996     
      field |       total density
          1 |   82.9639613770E+03

  iterations:       228094
  simTime   :    7.8588962283740243E-004
  wallClock :    799.07032989899994     
      field |       total density
          1 |   82.9639613770E+03

  iterations:       228802
  simTime   :    7.8832901121663650E-004
  wallClock :    805.32192510400000     
      field |       total density
          1 |   82.9639613770E+03

  iterations:       229510
  simTime   :    7.9076839959587057E-004
  wallClock :    811.06817234799996     
      field |       total density
          1 |   82.9639613770E+03

  iterations:       230218
  simTime   :    7.9320778797510464E-004
  wallClock :    816.60596081799997     
      field |       total density
          1 |   82.9639613770E+03

  iterations:       230926
  simTime   :    7.9564717635433871E-004
  wallClock :    822.23190284299994     
      field |       total density
          1 |   82.9639613770E+03

  iterations:       231634
  simTime   :    7.9808656473357277E-004
  wallClock :    828.12278726299996     
      field |       total density
          1 |   82.9639613770E+03

  iterations:       232342
  simTime   :    8.0052595311280684E-004
  wallClock :    834.11592947700001     
      field |       total density
          1 |   82.9639613770E+03

  iterations:       233050
  simTime   :    8.0296534149204091E-004
  wallClock :    840.83724753199999     
      field |       total density
          1 |   82.9639613770E+03

  iterations:       233758
  simTime   :    8.0540472987127498E-004
  wallClock :    847.44838517100004     
      field |       total density
          1 |   82.9639613770E+03

  iterations:       234466
  simTime   :    8.0784411825050905E-004
  wallClock :    853.19211128799998     
      field |       total density
          1 |   82.9639613770E+03

  iterations:       235174
  simTime   :    8.1028350662974312E-004
  wallClock :    858.79921532000003     
      field |       total density
          1 |   82.9639613770E+03

  iterations:       235882
  simTime   :    8.1272289500897718E-004
  wallClock :    864.42680990700001     
      field |       total density
          1 |   82.9639613770E+03

  iterations:       236590
  simTime   :    8.1516228338821125E-004
  wallClock :    870.09513049099996     
      field |       total density
          1 |   82.9639613770E+03

  iterations:       237298
  simTime   :    8.1760167176744532E-004
  wallClock :    876.88686933899999     
      field |       total density
          1 |   82.9639613770E+03

  iterations:       238006
  simTime   :    8.2004106014667939E-004
  wallClock :    883.04040049299999     
      field |       total density
          1 |   82.9639613770E+03

  iterations:       238714
  simTime   :    8.2248044852591346E-004
  wallClock :    888.74102355499997     
      field |       total density
          1 |   82.9639613770E+03

  iterations:       239422
  simTime   :    8.2491983690514753E-004
  wallClock :    894.39682539000000     
      field |       total density
          1 |   82.9639613770E+03

  iterations:       240130
  simTime   :    8.2735922528438159E-004
  wallClock :    900.07118715399997     
      field |       total density
          1 |   82.9639613770E+03

  iterations:       240838
  simTime   :    8.2979861366361566E-004
  wallClock :    905.63694665100002     
      field |       total density
          1 |   82.9639613770E+03

  iterations:       241546
  simTime   :    8.3223800204284973E-004
  wallClock :    911.09920070999999     
      field |       total density
          1 |   82.9639613770E+03

  iterations:       242254
  simTime   :    8.3467739042208380E-004
  wallClock :    916.67238473400005     
      field |       total density
          1 |   82.9639613770E+03

  iterations:       242962
  simTime   :    8.3711677880131787E-004
  wallClock :    922.37363915100002     
      field |       total density
          1 |   82.9639613770E+03

  iterations:       243670
  simTime   :    8.3955616718055194E-004
  wallClock :    927.87290552000002     
      field |       total density
          1 |   82.9639613770E+03

  iterations:       244378
  simTime   :    8.4199555555978601E-004
  wallClock :    933.42504285699999     
      field |       total density
          1 |   82.9639613770E+03

  iterations:       245086
  simTime   :    8.4443494393902007E-004
  wallClock :    939.08071104299995     
      field |       total density
          1 |   82.9639613770E+03

  iterations:       245794
  simTime   :    8.4687433231825414E-004
  wallClock :    944.63816074700003     
      field |       total density
          1 |   82.9639613770E+03

  iterations:       246502
  simTime   :    8.4931372069748821E-004
  wallClock :    950.30690129400000     
      field |       total density
          1 |   82.9639613770E+03

  iterations:       247210
  simTime   :    8.5175310907672228E-004
  wallClock :    955.82207855900003     
      field |       total density
          1 |   82.9639613770E+03

  iterations:       247918
  simTime   :    8.5419249745595635E-004
  wallClock :    961.44423719899999     
      field |       total density
          1 |   82.9639613770E+03

  iterations:       248626
  simTime   :    8.5663188583519042E-004
  wallClock :    967.01597538299995     
      field |       total density
          1 |   82.9639613770E+03

  iterations:       249334
  simTime   :    8.5907127421442448E-004
  wallClock :    972.51646422600004     
      field |       total density
          1 |   82.9639613770E+03

  iterations:       250042
  simTime   :    8.6151066259365855E-004
  wallClock :    978.08564987800003     
      field |       total density
          1 |   82.9639613770E+03

  iterations:       250750
  simTime   :    8.6395005097289262E-004
  wallClock :    983.59888102100001     
      field |       total density
          1 |   82.9639613770E+03

  iterations:       251458
  simTime   :    8.6638943935212669E-004
  wallClock :    989.00214549700001     
      field |       total density
          1 |   82.9639613770E+03

  iterations:       252166
  simTime   :    8.6882882773136076E-004
  wallClock :    994.85400599800005     
      field |       total density
          1 |   82.9639613770E+03

  iterations:       252874
  simTime   :    8.7126821611059483E-004
  wallClock :    1000.6897517560000     
      field |       total density
          1 |   82.9639613770E+03

  iterations:       253582
  simTime   :    8.7370760448982889E-004
  wallClock :    1006.3671239600000     
      field |       total density
          1 |   82.9639613770E+03

  iterations:       254290
  simTime   :    8.7614699286906296E-004
  wallClock :    1012.8134419850001     
      field |       total density
          1 |   82.9639613770E+03

  iterations:       254998
  simTime   :    8.7858638124829703E-004
  wallClock :    1019.1849619800000     
      field |       total density
          1 |   82.9639613770E+03

  iterations:       255706
  simTime   :    8.8102576962753110E-004
  wallClock :    1024.9452238800000     
      field |       total density
          1 |   82.9639613770E+03

  iterations:       256414
  simTime   :    8.8346515800676517E-004
  wallClock :    1030.5527470320001     
      field |       total density
          1 |   82.9639613770E+03

  iterations:       257122
  simTime   :    8.8590454638599924E-004
  wallClock :    1036.1516512840001     
      field |       total density
          1 |   82.9639613770E+03

  iterations:       257830
  simTime   :    8.8834393476523331E-004
  wallClock :    1041.6907856590001     
      field |       total density
          1 |   82.9639613770E+03

  iterations:       258538
  simTime   :    8.9078332314446737E-004
  wallClock :    1047.6751538850001     
      field |       total density
          1 |   82.9639613770E+03

  iterations:       259246
  simTime   :    8.9322271152370144E-004
  wallClock :    1053.1828187680001     
      field |       total density
          1 |   82.9639613770E+03

  iterations:       259954
  simTime   :    8.9566209990293551E-004
  wallClock :    1058.9351620100001     
      field |       total density
          1 |   82.9639613770E+03

  iterations:       260662
  simTime   :    8.9810148828216958E-004
  wallClock :    1064.6117632529999     
      field |       total density
          1 |   82.9639613770E+03

  iterations:       261370
  simTime   :    9.0054087666140365E-004
  wallClock :    1070.2200483720001     
      field |       total density
          1 |   82.9639613770E+03

  iterations:       262078
  simTime   :    9.0298026504063772E-004
  wallClock :    1076.2232513230001     
      field |       total density
          1 |   82.9639613770E+03

  iterations:       262786
  simTime   :    9.0541965341987178E-004
  wallClock :    1082.6303477439999     
      field |       total density
          1 |   82.9639613770E+03

  iterations:       263494
  simTime   :    9.0785904179910585E-004
  wallClock :    1088.9526285510001     
      field |       total density
          1 |   82.9639613770E+03

  iterations:       264202
  simTime   :    9.1029843017833992E-004
  wallClock :    1094.9911186590000     
      field |       total density
          1 |   82.9639613770E+03

  iterations:       264910
  simTime   :    9.1273781855757399E-004
  wallClock :    1101.0713555679999     
      field |       total density
          1 |   82.9639613770E+03

  iterations:       265618
  simTime   :    9.1517720693680806E-004
  wallClock :    1107.0979983840000     
      field |       total density
          1 |   82.9639613770E+03

  iterations:       266326
  simTime   :    9.1761659531604213E-004
  wallClock :    1113.0821981590000     
      field |       total density
          1 |   82.9639613770E+03

  iterations:       267034
  simTime   :    9.2005598369527620E-004
  wallClock :    1118.7176896880001     
      field |       total density
          1 |   82.9639613770E+03

  iterations:       267742
  simTime   :    9.2249537207451026E-004
  wallClock :    1124.8362110080000     
      field |       total density
          1 |   82.9639613770E+03

  iterations:       268450
  simTime   :    9.2493476045374433E-004
  wallClock :    1130.9984247299999     
      field |       total density
          1 |   82.9639613770E+03

  iterations:       269158
  simTime   :    9.2737414883297840E-004
  wallClock :    1136.7276142080000     
      field |       total density
          1 |   82.9639613770E+03

  iterations:       269866
  simTime   :    9.2981353721221247E-004
  wallClock :    1142.3424385210001     
      field |       total density
          1 |   82.9639613770E+03

  iterations:       270574
  simTime   :    9.3225292559144654E-004
  wallClock :    1147.9903908970000     
      field |       total density
          1 |   82.9639613770E+03

  iterations:       271282
  simTime   :    9.3469231397068061E-004
  wallClock :    1153.5044902540001     
      field |       total density
          1 |   82.9639613770E+03

  iterations:       271990
  simTime   :    9.3713170234991467E-004
  wallClock :    1159.1505352830000     
      field |       total density
          1 |   82.9639613770E+03

  iterations:       272698
  simTime   :    9.3957109072914874E-004
  wallClock :    1164.7075643440000     
      field |       total density
          1 |   82.9639613770E+03

  iterations:       273406
  simTime   :    9.4201047910838281E-004
  wallClock :    1170.2878777850001     
      field |       total density
          1 |   82.9639613770E+03

  iterations:       274114
  simTime   :    9.4444986748761688E-004
  wallClock :    1176.5843938210000     
      field |       total density
          1 |   82.9639613770E+03

  iterations:       274822
  simTime   :    9.4688925586685095E-004
  wallClock :    1182.8550319280000     
      field |       total density
          1 |   82.9639613770E+03

  iterations:       275530
  simTime   :    9.4932864424608502E-004
  wallClock :    1188.6915866610000     
      field |       total density
          1 |   82.9639613770E+03

  iterations:       276238
  simTime   :    9.5176803262531908E-004
  wallClock :    1194.2587486230000     
      field |       total density
          1 |   82.9639613770E+03

  iterations:       276946
  simTime   :    9.5420742100455315E-004
  wallClock :    1200.3725409660001     
      field |       total density
          1 |   82.9639613770E+03

  iterations:       277654
  simTime   :    9.5664680938378722E-004
  wallClock :    1205.9218682539999     
      field |       total density
          1 |   82.9639613770E+03

  iterations:       278362
  simTime   :    9.5908619776302129E-004
  wallClock :    1211.7306591340000     
      field |       total density
          1 |   82.9639613770E+03

  iterations:       279070
  simTime   :    9.6152558614225536E-004
  wallClock :    1217.3924053450000     
      field |       total density
          1 |   82.9639613770E+03

  iterations:       279778
  simTime   :    9.6396497452148943E-004
  wallClock :    1223.0155644490001     
      field |       total density
          1 |   82.9639613770E+03

  iterations:       280486
  simTime   :    9.6640436290072350E-004
  wallClock :    1228.6816654050001     
      field |       total density
          1 |   82.9639613770E+03

  iterations:       281194
  simTime   :    9.6884375127995756E-004
  wallClock :    1234.2133375950000     
      field |       total density
          1 |   82.9639613770E+03

  iterations:       281902
  simTime   :    9.7128313965919163E-004
  wallClock :    1239.8311304340000     
      field |       total density
          1 |   82.9639613770E+03

  iterations:       282610
  simTime   :    9.7372252803842570E-004
  wallClock :    1245.9487858709999     
      field |       total density
          1 |   82.9639613770E+03

  iterations:       283318
  simTime   :    9.7616191641765977E-004
  wallClock :    1251.6684377449999     
      field |       total density
          1 |   82.9639613770E+03

ADAPTIVE_FLUX_PRESSURE iter=283436 target_lattice= 5.3652341392036740E-004 controlled_lattice= 5.3652341391872201E-004 relative_error= 3.0667537972689766E-012 rho_boundary= 1.0002669458180657E+000 pressure_pa= 2.0049792910179619E+006 max_lattice_velocity= 1.0915134567319488E-005 minimum_pdf= 2.7784274911100096E-002 globBC_count=136
  Writing restart at:
  iterations:       283436
  simTime   :    9.7656848114753211E-004
  wallClock :    1252.5787495430000     
 Done writing

SUCCESSFUL run!
 Status of the simulation now:
 +--------------------------------------------+
 STATUS:
  * Reached maximal number of iterations
 +--------------------------------------------+

  iterations:       283436
  simTime   :    9.7656848114753211E-004
  wallClock :    1252.5787495430000     
      field |       total density
          1 |   82.9639613770E+03

--------------------------------------------------------------------------------
 Load balance evaluation:
  max CPU cost:   1193.59 (s)
  ave CPU cost:   1186.75 (s)
 imbalance (i.e. max/ave):    100.58%
--------------------------------------------------------------------------------
--------------------------------------------------------------------------------
Boundary timing information:
        wall, min time:   251.30, max time:   277.55
   outlet_02, min time:     1.46, max time:     8.94
   outlet_03, min time:     0.37, max time:    10.69
       inlet, min time:    34.96, max time:    82.06
   outlet_01, min time:     0.39, max time:     6.64
--------------------------------------------------------------------------------
Name:	musubi_adaptive
Umask:	0022
State:	R (running)
Tgid:	2340
Ngid:	0
Pid:	2340
PPid:	2335
TracerPid:	0
Uid:	1000	1000	1000	1000
Gid:	1000	1000	1000	1000
FDSize:	64
Groups:	4 24 27 30 46 100 1000 1001
NStgid:	2340
NSpid:	2340
NSpgid:	2340
NSsid:	2333
Kthread:	0
VmPeak:	  413028 kB
VmSize:	  380244 kB
VmLck:	       0 kB
VmPin:	       0 kB
VmHWM:	   79148 kB
VmRSS:	   66972 kB
RssAnon:	   51036 kB
RssFile:	   15552 kB
RssShmem:	     384 kB
VmData:	   68552 kB
VmStk:	     168 kB
VmExe:	    7440 kB
VmLib:	   10244 kB
VmPTE:	     244 kB
VmSwap:	       0 kB
HugetlbPages:	       0 kB
CoreDumping:	0
THP_enabled:	1
untag_mask:	0xffffffffffffffff
Threads:	3
SigQ:	1/31177
SigPnd:	0000000000000000
ShdPnd:	0000000000000000
SigBlk:	0000000000000000
SigIgn:	0000000000000000
SigCgt:	00000001418004fc
CapInh:	0000000000000000
CapPrm:	0000000000000000
CapEff:	0000000000000000
CapBnd:	000001ffffffffff
CapAmb:	0000000000000000
NoNewPrivs:	0
Seccomp:	2
Seccomp_filters:	1
Speculation_Store_Bypass:	thread vulnerable
SpeculationIndirectBranch:	conditional enabled
Cpus_allowed:	000003
Cpus_allowed_list:	0-1
Mems_allowed:	00000000,00000000,00000000,00000000,00000000,00000000,00000000,00000000,00000000,00000000,00000000,00000000,000000
Mems_allowed_list:	0
voluntary_ctxt_switches:	665
nonvoluntary_ctxt_switches:	1068

 Done with Musubi in    1252.64 s
ADAPTIVE_FLUX_PRESSURE iter=283436 target_lattice= 5.3652341392036740E-004 controlled_lattice= 5.3652341391872201E-004 relative_error= 3.0667537972689766E-012 rho_boundary= 1.0002669458180657E+000 pressure_pa= 2.0049792910179619E+006 max_lattice_velocity= 1.0915134567319488E-005 minimum_pdf= 2.7784274911100096E-002 globBC_count=136
