
========================================================================
[22:09:51] [准备] [文档 4.3.1] 运行配置与阶段说明
------------------------------------------------------------------------
  输入配置（Configuration）：/tmp/mouse_vmd_baseline.yaml
    用途：本次实际读取的 YAML 参数文件。
  文档：references/文本记录 - SWC 预处理与 ROI 生成.md
  日志中的章节号对应上述文档；结果保存与验收（4.3.7）在各阶段分别执行。
  全局处理范围：pipeline.stage=all；4.3.1～4.3.4 数据编目、SWC 预处理与血管层级图构建
  ROI 采样开关：启用；双视窗开关：启用；显示方式：屏幕外预览

========================================================================
[22:09:51] [开始] [文档 4.3.1～4.3.4 数据编目、SWC 预处理与血管层级图构建] 全局 SWC 处理
------------------------------------------------------------------------
[22:09:51] [INFO] [文档 4.3.1 整体处理流程与运行约定]
    Starting rodent vasculature stage=all
[22:09:51] [INFO] [文档 4.3.1 整体处理流程与运行约定]
    Direction convention: SWC parent_id node -> current node (structural inference)
[22:09:51] [INFO] [文档 4.3.1 整体处理流程与运行约定]
    Cataloged 108 records (108 eligible); selected 1.
[22:09:53] [INFO] [文档 4.3.3 主血管网络的连通性预处理]
    SWC-centric preprocessing for raw-analysis__fMOST_0_5_6_0_0_6_0001_02_01: reference components=43, nodes=9828; analysis component=42, nodes=7419, edges=7418; topology modifications=0; mask available=True and role=QC/display only
[22:09:53] [INFO] [文档 4.3.2～4.3.3 输入检查、尺度统一与连通性预处理]
    Preprocessed raw-analysis__fMOST_0_5_6_0_0_6_0001_02_01: PASS
[22:09:58] [INFO] [文档 4.3.4 血管层级图构建与结构方向表达]
    Built directed graph for raw-analysis__fMOST_0_5_6_0_0_6_0001_02_01: PASS
[22:09:58] [INFO] [文档 4.3.6～4.3.7 可视化图像保存]
    Wrote 4 visualizations for raw-analysis__fMOST_0_5_6_0_0_6_0001_02_01: direction_parent_to_current_3d.png, direction_parent_to_current_orthogonal.png, directed_branch_topology_xy.png, figure2a_interactive_preview.png
[22:09:58] [INFO] [文档 4.3.7 结果保存与功能验收]
    Run finished: completed (PASS)

========================================================================
[22:09:58] [结果] [文档 4.3.7] 全局 SWC 处理：输出文件与验收结果
------------------------------------------------------------------------
  全局结果目录（Run directory）：/home/lzy/projects/ulm_3D_vascular/outputs/mouse_brava_vmd_validation/raw/rodent_vasculature/all_run_20260923_220951
    用途：保存本次全局处理的清单、样本数据、图结构和验收文件。
  源配置副本（Saved source configuration）：/home/lzy/projects/ulm_3D_vascular/outputs/mouse_brava_vmd_validation/raw/rodent_vasculature/all_run_20260923_220951/source_swc_roi_generate.yaml
    用途：保存输入 YAML 的原样副本，便于追溯和复现本次参数。
  全局有效配置：/home/lzy/projects/ulm_3D_vascular/outputs/mouse_brava_vmd_validation/raw/rodent_vasculature/all_run_20260923_220951/run_config.json
    用途：保存解析后的全局处理参数与实际路径。
  全局验收报告（Acceptance report）：/home/lzy/projects/ulm_3D_vascular/outputs/mouse_brava_vmd_validation/raw/rodent_vasculature/all_run_20260923_220951/acceptance_report.html
    用途：用浏览器打开，查看本次全局处理的检查项目和通过 / 警告 / 失败原因。
  全局详细日志：/home/lzy/projects/ulm_3D_vascular/outputs/mouse_brava_vmd_validation/raw/rodent_vasculature/all_run_20260923_220951/pipeline.log
    用途：查看全局 SWC 处理的详细过程和异常堆栈。
  全局验收状态（Acceptance status）：PASS（通过）
  验收范围：本次 pipeline.stage=all 的全局处理；ROI 采样另行验收。

========================================================================
[22:09:58] [开始] [文档 4.3.5] 真实连通局部区域的代表性采样
------------------------------------------------------------------------
  处理顺序：读取 analysis_swc → 生成锚点并裁切连通 ROI（4.3.5）
            → 区分 TRUE_TERMINAL / CUT_PORT（4.3.5.1）
            → 计算半径与结构特征（4.3.5.2）
            → 聚类、选择真实代表 ROI（4.3.5.3）→ 保存与验收（4.3.7）
[22:09:58] [INFO] [文档 4.3.5～4.3.5.2 采样输入 / 候选 ROI、边界语义与特征计算]
    Sampling scope: full real vascular network -> representative real ROI library
[22:09:58] [INFO] [文档 4.3.5～4.3.5.2 采样输入 / 候选 ROI、边界语义与特征计算]
    Input models: raw-analysis__fMOST_0_5_6_0_0_6_0001_02_01
[22:09:58] [INFO] [文档 4.3.5～4.3.5.2 采样输入 / 候选 ROI、边界语义与特征计算]
    Global node count=7419; global edge count=7418
[22:09:58] [INFO] [文档 4.3.5～4.3.5.2 采样输入 / 候选 ROI、边界语义与特征计算]
    ROI size um=(80.0, 80.0, 120.0); anchor mode=farthest_point; minimum anchor distance um=45.000; seed=42
[22:09:58] [INFO] [文档 4.3.5～4.3.5.2 候选生成与特征筛选结果]
    Candidate anchors=16; valid candidate ROIs=14; rejected=2; reasons={'disconnected': 0, 'empty': 0, 'excessive_overlap': 0, 'invalid_graph': 0, 'invalid_radius': 0, 'too_few_branches': 2}
[22:09:58] [INFO] [文档 4.3.5.2 血管尺度与结构特征]
    Feature mode=radius_plus_structure; names=('r10', 'r25', 'r50', 'r75', 'r90', 'branch_count', 'bifurcation_count', 'total_vessel_length_um', 'cycle_rank'); dimension=9
[22:09:58] [INFO] [文档 4.3.5.3 聚类与真实代表区域选择]
    Clustering method=kmeans; K=5; sizes=(1, 4, 3, 4, 2); silhouette=0.24270939300619274
[22:09:58] [INFO] [文档 4.3.5.3 聚类与真实代表区域选择]
    Selection mode=coverage_balanced (benchmark-balanced); selected=7/9; overlap rejections=6
[22:10:19] [INFO] [文档 4.3.7 结果保存与功能验收]
    Validation metrics={'radius': {'wasserstein': 0.5179447459086092, 'ks': 0.10024252241504261, 'quantile_error': 0.16344459484178947}, 'structure': {'branch_count': {'wasserstein': 1.857142857142857, 'ks': 0.2142857142857143, 'quantile_error': 0.33082905982900507}, 'bifurcation_count': {'wasserstein': 0.9285714285714285, 'ks': 0.2142857142857143, 'quantile_error': 0.3975621890545636}, 'total_vessel_length_um': {'wasserstein': 29.632485213828634, 'ks': 0.2857142857142857, 'quantile_error': 0.09762755218887169}, 'cycle_rank': {'wasserstein': 0.0, 'ks': 0.0, 'quantile_error': 0.0}}, 'cluster_coverage': 0.8, 'represented_cluster_count': 4, 'cluster_count': 5, 'selected_count': 7, 'representatives_are_real_candidates': True, 'spatial_redundancy': {'mean_spatial_overlap': 0.040830861881696434, 'median_spatial_overlap': 0.0016365407552083738, 'maximum_spatial_overlap': 0.2031089308124999, 'nearest_selected_roi_distance_um': [102.08918845793612, 61.28671063126164, 61.530072322401836, 75.5437998779516, 84.75826154422943, 61.28671063126164, 61.530072322401836], 'mean_nearest_selected_roi_distance_um': 72.57497368392059}, 'roi_integrity': {'candidate_count': 14, 'connected_count': 14, 'globally_traceable_count': 14, 'boundary_semantics_valid_count': 14, 'all_connected': True, 'all_globally_traceable': True, 'all_boundary_semantics_valid': True}}
[22:10:19] [INFO] [文档 4.3.7 结果保存与功能验收]
    Runtime seconds={'anchor_generation': 0.0010580020025372505, 'roi_extraction': 0.2815333749895217, 'feature_extraction': 0.016521981000551023, 'scaling': 0.0008615670085418969, 'clustering': 0.013827486996888183, 'representative_selection': 0.0005279160104691982, 'validation': 0.013674577989149839, 'feature_mode_comparison': 0.010224655008642003, 'export': 0.051350920999539085, 'visualization': 20.863652238011127, 'total': 21.260703456995543}
[22:10:19] [INFO] [文档 4.3.7 结果保存与功能验收]
    Output directory=/home/lzy/projects/ulm_3D_vascular/outputs/mouse_brava_vmd_validation/raw/sampling/20260923_220958_radius_plus_structure_k5
[22:10:19] [INFO] [文档 4.3.7 结果保存与功能验收]
    Sampling run finished: PASS
[22:10:19] [INFO] [文档 4.3.7 结果保存与功能验收]
    Model loading seconds=0.138388; total including model loading seconds=21.399092

========================================================================
[22:10:19] [结果] [文档 4.3.7] ROI 采样：输出文件与验收结果
------------------------------------------------------------------------
  ROI 采样结果目录（Sampling run directory）：/home/lzy/projects/ulm_3D_vascular/outputs/mouse_brava_vmd_validation/raw/sampling/20260923_220958_radius_plus_structure_k5
    用途：保存基于上述全局结果生成的候选 ROI、特征、聚类和代表样本。
  采样源配置副本（Sampling source configuration）：/home/lzy/projects/ulm_3D_vascular/outputs/mouse_brava_vmd_validation/raw/sampling/20260923_220958_radius_plus_structure_k5/config/source_swc_roi_generate.yaml
    用途：与全局结果中的源 YAML 副本内容相同，用于追溯本次完整参数。
  采样有效配置：/home/lzy/projects/ulm_3D_vascular/outputs/mouse_brava_vmd_validation/raw/sampling/20260923_220958_radius_plus_structure_k5/config/sampling_config.yaml
    用途：保存解析后的 ROI 采样参数。
  采样汇总（Sampling summary）：/home/lzy/projects/ulm_3D_vascular/outputs/mouse_brava_vmd_validation/raw/sampling/20260923_220958_radius_plus_structure_k5/report/sampling_summary.json
    用途：JSON 文件：候选数、拒绝原因、聚类、代表数量、完整性检查和运行时间。
  最终代表 ROI 清单：/home/lzy/projects/ulm_3D_vascular/outputs/mouse_brava_vmd_validation/raw/sampling/20260923_220958_radius_plus_structure_k5/manifests/selected_rois.csv
    用途：列出最终入选的真实代表 ROI；查找后续使用的代表样本时从此处开始。
  ROI 几何库：/home/lzy/projects/ulm_3D_vascular/outputs/mouse_brava_vmd_validation/raw/sampling/20260923_220958_radius_plus_structure_k5/roi_library
    用途：每个 NPZ 保存一个有效候选的几何、半径和局部—全局映射；代表身份以清单为准。
  采样详细日志：/home/lzy/projects/ulm_3D_vascular/outputs/mouse_brava_vmd_validation/raw/sampling/20260923_220958_radius_plus_structure_k5/logs/sampling.log
    用途：查看 ROI 候选生成、聚类、代表选择与验收的过程记录。
  ROI 采样验收状态（Sampling status）：PASS（通过）

========================================================================
[22:10:19] [开始] [文档 4.3.6] 生成双视窗屏幕外预览（当前不打开交互窗口）
------------------------------------------------------------------------

========================================================================
[22:10:21] [完成] [文档 4.3.6～4.3.7] 双视窗预览已保存
------------------------------------------------------------------------
  双视窗预览图（Sampling GUI preview）：/home/lzy/projects/ulm_3D_vascular/outputs/mouse_brava_vmd_validation/raw/sampling/20260923_220958_radius_plus_structure_k5/figures/interactive_sampling_layer_preview.png
    用途：PNG 图片：左侧展示整体血管与 ROI 位置，右侧展示当前 ROI 的局部结构。

[结束] 本次请求的处理已完成，退出码 0；各阶段的验收状态及文件用途见上方结果区。
