Remote working directory: /workspace/formal_3D_flow_solver_FEM_lzy
$ ssh -p 4159 -o BatchMode=yes -o ConnectTimeout=15 -o ServerAliveInterval=30 -o ServerAliveCountMax=6 -o IdentitiesOnly=yes -i /home/lzy/.ssh/vast_step3b_ed25519 root@50.115.148.16 'python3 -B -'
WSL source hashes verified

$ ssh -p 4159 -o BatchMode=yes -o ConnectTimeout=15 -o ServerAliveInterval=30 -o ServerAliveCountMax=6 -o IdentitiesOnly=yes -i /home/lzy/.ssh/vast_step3b_ed25519 root@50.115.148.16 'cd /workspace/formal_3D_flow_solver_FEM_lzy && python3 -B scripts/record_run.py --label environment_plan --ranks 1 --remote-dir /workspace/formal_3D_flow_solver_FEM_lzy -- bash remote/setup_environment.sh --dry-run'
{"log_dir": "/workspace/formal_3D_flow_solver_FEM_lzy/logs/stage00/20260917T171337_477701957_environment_plan", "returncode": 0, "wall_time_s": 275.0755596990348}
Remote project directory: /workspace/formal_3D_flow_solver_FEM_lzy
Environment prefix: /workspace/formal_3D_flow_solver_FEM_lzy/remote/.env
{
  "name": "formal-fem3d-stage00",
  "channels": [
    "conda-forge",
    "nodefaults"
  ],
  "dependencies": [
    "conda-forge/noarch::_x86_64-microarch-level==4=3_zen4",
    "conda-forge/noarch::ca-certificates==2026.7.22=hbd8a1cb_0",
    "conda-forge/linux-64::fenics-basix-nanobind-abi==2.19=py311hc17270f_0",
    "conda-forge/noarch::fenics-ufcx==0.11.0=haec879b_0",
    "conda-forge/noarch::font-ttf-dejavu-sans-mono==2.37=hab24e00_0",
    "conda-forge/noarch::font-ttf-inconsolata==3.000=h77eed37_0",
    "conda-forge/noarch::font-ttf-source-code-pro==2.038=h77eed37_0",
    "conda-forge/noarch::font-ttf-ubuntu==0.83=h77eed37_3",
    "conda-forge/noarch::kernel-headers_linux-64==6.12.0=he073ed8_6",
    "conda-forge/noarch::libboost-headers==1.90.0=h707e725_2",
    "conda-forge/noarch::libgcc-devel_linux-64==16.2.0=he3ce08f_105",
    "conda-forge/linux-64::libglvnd==1.7.0=ha4b6fd6_5",
    "conda-forge/linux-64::libgomp==16.2.0=he0feb66_5",
    "conda-forge/noarch::libstdcxx-devel_linux-64==16.2.0=h86e191b_105",
    "conda-forge/linux-64::libzlib==1.3.2=h25fd6f3_3",
    "conda-forge/linux-64::llvm-openmp==23.1.1=h7148c6a_0",
    "conda-forge/noarch::mpi==1.0.1=mpich",
    "conda-forge/linux-64::mumps-include==5.8.2=h580308f_2",
    "conda-forge/noarch::nanobind-abi==19=hd8ed1ab_0",
    "conda-forge/noarch::python_abi==3.12=9_cp312",
    "conda-forge/noarch::tzdata==2026c=h151e31d_0",
    "conda-forge/linux-64::_openmp_mutex==4.5=8_kmp_llvm",
    "conda-forge/noarch::fonts-conda-forge==1=hc364b38_1",
    "conda-forge/linux-64::libopengl==1.7.0=ha4b6fd6_5",
    "conda-forge/noarch::sysroot_linux-64==2.39=hc4b9eeb_6",
    "conda-forge/linux-64::zstd==1.5.7=hb78ec9c_7",
    "conda-forge/noarch::fonts-conda-ecosystem==1=0",
    "conda-forge/linux-64::ld_impl_linux-64==2.46.1=default_hbd61a6d_102",
    "conda-forge/linux-64::libgcc==16.2.0=ha9f2e26_5",
    "conda-forge/linux-64::binutils_impl_linux-64==2.46.1=default_hfdba357_102",
    "conda-forge/linux-64::bzip2==1.0.8=hda65f42_10",
    "conda-forge/linux-64::c-ares==1.34.8=hebe6cf0_2",
    "conda-forge/linux-64::keyutils==1.6.3=h7cc23a3_1",
    "conda-forge/linux-64::libcap==2.78=h084b8d7_1",
    "conda-forge/linux-64::libdeflate==1.25=hd45a770_1",
    "conda-forge/linux-64::libev==4.33=h280c20c_3",
    "conda-forge/linux-64::libexpat==2.8.1=hecca717_1",
    "conda-forge/linux-64::libffi==3.5.2=h3435931_0",
    "conda-forge/linux-64::libgcc-ng==16.2.0=h69a702a_5",
    "conda-forge/linux-64::libgfortran5==16.2.0=h6b99dfc_5",
    "conda-forge/linux-64::libiconv==1.18=h0cb94f2_3",
    "conda-forge/linux-64::libjpeg-turbo==3.2.0=hb03c661_1",
    "conda-forge/linux-64::liblzma==5.8.3=hb03c661_1",
    "conda-forge/linux-64::libnl==3.11.0=hb03c661_1",
    "conda-forge/linux-64::libnsl==2.0.1=hb9d3cd8_1",
    "conda-forge/linux-64::libpng==1.6.58=h922cc85_1",
    "conda-forge/linux-64::libsodium==1.0.22=hebe6cf0_3",
    "conda-forge/linux-64::libstdcxx==16.2.0=h934c35e_5",
    "conda-forge/linux-64::libuuid==2.42.3=hcfc3c73_0",
    "conda-forge/linux-64::libwebp-base==1.6.0=hd42ef1d_1",
    "conda-forge/linux-64::libxcrypt==4.4.38=h280c20c_0",
    "conda-forge/linux-64::ncurses==6.6=hdb14827_1",
    "conda-forge/linux-64::openssl==3.6.4=h781a0a9_0",
    "conda-forge/linux-64::pkg-config==0.29.2=h1114479_1013",
    "conda-forge/linux-64::pthread-stubs==0.4=h7cc23a3_1004",
    "conda-forge/linux-64::tk==8.6.13=noxft_h1df4ec4_4",
    "conda-forge/linux-64::xorg-libice==1.1.2=h280c20c_0",
    "conda-forge/linux-64::xorg-libxau==1.0.12=h7cc23a3_2",
    "conda-forge/linux-64::xorg-libxdmcp==1.1.5=hb03c661_2",
    "conda-forge/linux-64::yaml==0.2.5=hebe6cf0_3",
    "conda-forge/linux-64::ann==1.1.3=hd2095e1_1",
    "conda-forge/linux-64::fmt==12.1.0=h76c4fd7_1",
    "conda-forge/linux-64::gmp==6.3.0=hfd2156b_3",
    "conda-forge/linux-64::icu==78.3=py310h44b86e0_2",
    "conda-forge/linux-64::imath==3.2.2=hde8ca8f_0",
    "conda-forge/linux-64::jxrlib==1.1=hd590300_3",
    "conda-forge/linux-64::lerc==4.2.0=hdb68285_0",
    "conda-forge/linux-64::libaec==1.1.5=h088129d_0",
    "conda-forge/linux-64::libedit==3.1.20250104=pl5321h373387f_1",
    "conda-forge/linux-64::libfreetype6==2.14.3=h5e6c136_2",
    "conda-forge/linux-64::libgfortran==16.2.0=h69a702a_5",
    "conda-forge/linux-64::libglu==9.0.3=h5888daf_1",
    "conda-forge/linux-64::libnghttp2==1.68.1=h74cf4be_1",
    "conda-forge/linux-64::libsanitizer==16.2.0=h3048135_5",
    "conda-forge/linux-64::libssh2==1.11.1=h6154650_1",
    "conda-forge/linux-64::libstdcxx-ng==16.2.0=hdf11a46_5",
    "conda-forge/linux-64::libsystemd0==261.3=h26e0ef7_0",
    "conda-forge/linux-64::libudev1==261.3=h26e0ef7_0",
    "conda-forge/linux-64::libxcb==1.17.0=hb83e432_2",
    "conda-forge/linux-64::lz4-c==1.10.0=hee9eb32_2",
    "conda-forge/linux-64::metis==5.1.0=hd0bcaf9_1007",
    "conda-forge/linux-64::pcre2==10.47=h8b3dc9c_1",
    "conda-forge/linux-64::pixman==0.46.4=h54a6638_3",
    "conda-forge/linux-64::pugixml==1.15=h3f63f65_0",
    "conda-forge/linux-64::rapidjson==1.1.0.post20250205=h54a6638_0",
    "conda-forge/linux-64::readline==8.3=hd6e31c0_1",
    "conda-forge/linux-64::tinyxml2==11.0.0=hee9eb32_1",
    "conda-forge/linux-64::xorg-libsm==1.2.6=h0d788c3_1",
    "conda-forge/linux-64::zfp==1.0.1=h79e284d_6",
    "conda-forge/linux-64::zlib-ng==2.3.3=hce19668_1",
    "conda-forge/linux-64::c-blosc2==3.2.3=hc31b594_0",
    "conda-forge/linux-64::gcc_impl_linux-64==16.2.0=hfe51025_5",
    "conda-forge/linux-64::krb5==1.22.2=hbc21106_2",
    "conda-forge/linux-64::libboost==1.90.0=h1101c1b_2",
    "conda-forge/linux-64::libfreetype==2.14.3=ha770c72_2",
    "conda-forge/linux-64::libglib==2.88.3=h0d30a3d_0",
    "conda-forge/linux-64::libopenblas==0.3.34=openmp_h156ec52_2",
    "conda-forge/linux-64::libpsl==0.23.1=hd9e3e90_1",
    "conda-forge/linux-64::libscotch==7.0.11=int32_hbb129e3_3",
    "conda-forge/linux-64::libsqlite==3.53.4=h13e7031_1",
    "conda-forge/linux-64::libsuitesparseconfig==7.10.1=h92d6892_7100102",
    "conda-forge/linux-64::libtiff==4.7.2=hcc2c06a_1",
    "conda-forge/linux-64::libxml2-16==2.15.4=hf3af7cc_0",
    "conda-forge/linux-64::rdma-core==65.0=h7b4f2e6_0",
    "conda-forge/linux-64::spdlog==1.17.0=hb6aa676_2",
    "conda-forge/linux-64::voro==0.4.6=h00ab1b0_0",
    "conda-forge/linux-64::xorg-libx11==1.8.13=he1eb515_1",
    "conda-forge/linux-64::conda-gcc-specs==16.2.0=hf8037ed_5",
    "conda-forge/linux-64::fontconfig==2.18.3=h4db4eae_1",
    "conda-forge/linux-64::freetype==2.14.3=ha770c72_2",
    "conda-forge/linux-64::lcms2==2.19.1=h9073bf1_3",
    "conda-forge/linux-64::libamd==3.3.3=haaf9dc3_7100102",
    "conda-forge/linux-64::libblas==3.11.0=11_h4a7cf45_openblas",
    "conda-forge/linux-64::libboost-devel==1.90.0=hdab9b82_2",
    "conda-forge/linux-64::libbtf==2.3.2=h32481e8_7100102",
    "conda-forge/linux-64::libcamd==3.3.3=h32481e8_7100102",
    "conda-forge/linux-64::libccolamd==3.3.4=h32481e8_7100102",
    "conda-forge/linux-64::libcolamd==3.3.4=h32481e8_7100102",
    "conda-forge/linux-64::libcurl==8.22.0=ha042cf0_0",
    "conda-forge/linux-64::libfabric1==2.6.0=h6b3ec72_0",
    "conda-forge/linux-64::libglx==1.7.0=ha4b6fd6_5",
    "conda-forge/linux-64::libxml2==2.15.4=h7df9aa5_0",
    "conda-forge/linux-64::openjpeg==2.5.4=heb1ab33_2",
    "conda-forge/linux-64::openjph==0.31.0=h8d634f6_0",
    "conda-forge/linux-64::python==3.12.13=hd63d673_0_cpython",
    "conda-forge/linux-64::ucx==1.20.1=hbe80e26_0",
    "conda-forge/linux-64::xorg-libxext==1.3.7=h7cc23a3_1",
    "conda-forge/linux-64::xorg-libxfixes==6.0.2=h7cc23a3_1",
    "conda-forge/linux-64::xorg-libxrender==0.9.12=hb03c661_1",
    "conda-forge/linux-64::xorg-libxt==1.3.1=h7cc23a3_1",
    "conda-forge/linux-64::zeromq==4.3.5=h901266b_12",
    "conda-forge/linux-64::cairo==1.18.4=h3c89d7e_3",
    "conda-forge/noarch::colorama==0.4.6=pyhd8ed1ab_1",
    "conda-forge/noarch::cpython==3.12.14=py312hd8ed1ab_3",
    "conda-forge/linux-64::fltk==1.3.10=hff38c0f_0",
    "conda-forge/linux-64::gcc==16.2.0=hc6a0c74_5",
    "conda-forge/noarch::iniconfig==2.3.0=pyhd8ed1ab_0",
    "conda-forge/linux-64::libcblas==3.11.0=11_h0358290_openblas",
    "conda-forge/linux-64::libfabric==2.6.0=ha770c72_0",
    "conda-forge/linux-64::libgl==1.7.0=ha4b6fd6_5",
    "conda-forge/linux-64::libhwloc==2.13.0=default_he001693_1000",
    "conda-forge/linux-64::liblapack==3.11.0=11_h47877c9_openblas",
    "conda-forge/linux-64::openexr==3.4.15=ha9edf89_0",
    "conda-forge/noarch::packaging==26.3=pyhc364b38_0",
    "conda-forge/noarch::pluggy==1.6.0=pyhf9edf01_1",
    "conda-forge/noarch::pycparser==3.0=pyhcf101f3_0",
    "conda-forge/noarch::pygments==2.21.0=pyhcf101f3_0",
    "conda-forge/noarch::setuptools==84.0.0=pyh332efcf_0",
    "conda-forge/noarch::tomli==2.4.1=pyhcf101f3_0",
    "conda-forge/noarch::typing_extensions==4.16.0=pyhcf101f3_0",
    "conda-forge/linux-64::xorg-libxi==1.8.3=h7cc23a3_1",
    "conda-forge/linux-64::xorg-libxmu==1.3.1=hb03c661_0",
    "conda-forge/linux-64::xorg-libxxf86vm==1.1.7=hb03c661_0",
    "conda-forge/linux-64::cffi==2.1.1=py312h460c074_0",
    "conda-forge/noarch::exceptiongroup==1.3.1=pyhd8ed1ab_0",
    "conda-forge/linux-64::fenics-libbasix==0.11.0=py312h6a37f7e_0",
    "conda-forge/linux-64::freeglut==3.2.2=h215f996_4",
    "conda-forge/linux-64::libcholmod==5.3.1=h59ddab4_7100102",
    "conda-forge/linux-64::mpich==5.0.1=h6f9170e_1",
    "conda-forge/linux-64::numpy==2.5.3=py312he827f4e_0",
    "conda-forge/noarch::python-gil==3.12.14=hd8ed1ab_3",
    "conda-forge/linux-64::superlu==7.0.1=h8f6e6c4_0",
    "conda-forge/noarch::wheel==0.48.0=pyhd8ed1ab_0",
    "conda-forge/noarch::_python_abi3_support==1.0=hd8ed1ab_3",
    "conda-forge/noarch::fenics-ufl==2026.1.0=pyhc364b38_0",
    "conda-forge/linux-64::fftw==3.3.11=mpi_mpich_h084ba78_0",
    "conda-forge/linux-64::hdf5==1.14.6=mpi_mpich_hfe583f4_10",
    "conda-forge/linux-64::hypre==3.2.0=h158544c_0",
    "conda-forge/linux-64::jasper==4.2.9=hd038ad9_2",
    "conda-forge/linux-64::kahip==3.25=py313h9a93555_0",
    "conda-forge/linux-64::libklu==2.3.5=hf24d653_7100102",
    "conda-forge/linux-64::libptscotch==7.0.11=int32_hf9c0034_3",
    "conda-forge/linux-64::libspqr==4.3.4=h852d39f_7100102",
    "conda-forge/linux-64::libumfpack==6.3.5=heb53515_7100102",
    "conda-forge/linux-64::mpi4py==4.1.2=py312h5ecf655_101",
    "conda-forge/linux-64::parmetis==4.0.3=hbfcd2fd_1009",
    "conda-forge/noarch::pip==26.2.1=pyh8b19718_0",
    "conda-forge/noarch::pytest==9.1.1=pyhc364b38_2",
    "conda-forge/linux-64::scalapack==2.2.0=h13b89aa_6",
    "conda-forge/linux-64::scipy==1.18.1=py312h106c528_0",
    "conda-forge/linux-64::fenics-basix==0.11.0=py312h9f08889_0",
    "conda-forge/linux-64::libadios2==2.12.1=mpi_mpich_h77144d9_7",
    "conda-forge/linux-64::libmed==4.2=nompi_hd150add_28",
    "conda-forge/linux-64::libraw==0.22.2=h074291d_0",
    "conda-forge/linux-64::mumps-mpi==5.8.2=hf581c51_2",
    "conda-forge/linux-64::superlu_dist==9.2.1=h5edd517_2",
    "conda-forge/noarch::fenics-ffcx==0.11.0=pyh4a40500_0",
    "conda-forge/linux-64::freeimage==3.18.0=hd1b7436_25",
    "conda-forge/linux-64::petsc==3.25.5=real_h848054b_0",
    "conda-forge/linux-64::occt==8.0.0=novtk_h53f07c7_102",
    "conda-forge/linux-64::petsc4py==3.25.5=np2py310h24df1d0_0",
    "conda-forge/linux-64::slepc==3.25.1=real_h2a2c1a1_0",
    "conda-forge/linux-64::fenics-libdolfinx==0.11.0=py312hf02e3b9_101",
    "conda-forge/linux-64::gmsh==4.15.2=h9922278_10",
    "conda-forge/linux-64::slepc4py==3.25.1=np2py310hd586191_0",
    "conda-forge/linux-64::fenics-dolfinx==0.11.0=py312h347f9e7_101",
    "conda-forge/noarch::python-gmsh==4.15.2=pyh694c41f_10"
  ]
}



