Collecting pytest==8.4.2
  Downloading pytest-8.4.2-py3-none-any.whl.metadata (7.7 kB)
Collecting pyvista==0.46.3
  Downloading pyvista-0.46.3-py3-none-any.whl.metadata (15 kB)
Collecting iniconfig>=1 (from pytest==8.4.2)
  Using cached iniconfig-2.3.0-py3-none-any.whl.metadata (2.5 kB)
Requirement already satisfied: packaging>=20 in /usr/lib/python3/dist-packages (from pytest==8.4.2) (24.0)
Collecting pluggy<2,>=1.5 (from pytest==8.4.2)
  Using cached pluggy-1.6.0-py3-none-any.whl.metadata (4.8 kB)
Requirement already satisfied: pygments>=2.7.2 in /usr/lib/python3/dist-packages (from pytest==8.4.2) (2.17.2)
Requirement already satisfied: matplotlib>=3.0.1 in /usr/lib/python3/dist-packages (from pyvista==0.46.3) (3.6.3)
Requirement already satisfied: numpy>=1.21.0 in /usr/lib/python3/dist-packages (from pyvista==0.46.3) (1.26.4)
Requirement already satisfied: pillow in /usr/lib/python3/dist-packages (from pyvista==0.46.3) (10.2.0)
Collecting pooch (from pyvista==0.46.3)
  Using cached pooch-1.9.0-py3-none-any.whl.metadata (10 kB)
Collecting scooby>=0.5.1 (from pyvista==0.46.3)
  Downloading scooby-0.12.0-py3-none-any.whl.metadata (16 kB)
Requirement already satisfied: typing-extensions>=4.10 in /home/lzy/.local/lib/python3.12/site-packages (from pyvista==0.46.3) (4.15.0)
Collecting vtk!=9.4.0 (from pyvista==0.46.3)
  Downloading vtk-9.7.0-cp312-cp312-manylinux2014_x86_64.manylinux_2_17_x86_64.whl.metadata (5.6 kB)
  Downloading vtk-9.5.2-cp312-cp312-manylinux2014_x86_64.manylinux_2_17_x86_64.whl.metadata (5.6 kB)
Requirement already satisfied: platformdirs>=2.5.0 in /usr/lib/python3/dist-packages (from pooch->pyvista==0.46.3) (4.2.0)
Requirement already satisfied: requests>=2.19.0 in /usr/lib/python3/dist-packages (from pooch->pyvista==0.46.3) (2.31.0)
Downloading pytest-8.4.2-py3-none-any.whl (365 kB)
   ━━━━━━━━━━━━━━━━━━━━━━━━━━━━━━━━━━━━━━━━ 365.8/365.8 kB 3.1 MB/s eta 0:00:00
Downloading pyvista-0.46.3-py3-none-any.whl (2.4 MB)
   ━━━━━━━━━━━━━━━━━━━━━━━━━━━━━━━━━━━━━━━━ 2.4/2.4 MB 8.6 MB/s eta 0:00:00
Using cached iniconfig-2.3.0-py3-none-any.whl (7.5 kB)
Using cached pluggy-1.6.0-py3-none-any.whl (20 kB)
Downloading scooby-0.12.0-py3-none-any.whl (21 kB)
Downloading vtk-9.5.2-cp312-cp312-manylinux2014_x86_64.manylinux_2_17_x86_64.whl (112.3 MB)
   ━━━━━━━━━━━━━━━━━━━━━━━━━━━━━━━━━━━━━━━━ 112.3/112.3 MB 11.9 MB/s eta 0:00:00
Using cached pooch-1.9.0-py3-none-any.whl (67 kB)
Installing collected packages: vtk, scooby, pooch, pluggy, iniconfig, pyvista, pytest
Successfully installed iniconfig-2.3.0 pluggy-1.6.0 pooch-1.9.0 pytest-8.4.2 pyvista-0.46.3 scooby-0.12.0 vtk-9.5.2
