Remote working directory: /workspace/formal_3D_flow_solver_FEM_lzy
$ ssh -p 4159 -o BatchMode=yes -o ConnectTimeout=15 -o ServerAliveInterval=30 -o ServerAliveCountMax=6 -o IdentitiesOnly=yes -i /home/lzy/.ssh/vast_step3b_ed25519 root@50.115.148.16 'python3 -B -'
WSL source hashes verified

$ ssh -p 4159 -o BatchMode=yes -o ConnectTimeout=15 -o ServerAliveInterval=30 -o ServerAliveCountMax=6 -o IdentitiesOnly=yes -i /home/lzy/.ssh/vast_step3b_ed25519 root@50.115.148.16 'cd /workspace/formal_3D_flow_solver_FEM_lzy && remote/.env/bin/python -B scripts/record_run.py --label remote_fem_environment --ranks 1 --remote-dir /workspace/formal_3D_flow_solver_FEM_lzy -- remote/.env/bin/python -B scripts/environment_probe.py --output reports/stage00/remote_fem_environment.txt'
{"log_dir": "/workspace/formal_3D_flow_solver_FEM_lzy/logs/stage00/20260917T172550_305325420_remote_fem_environment", "returncode": 0, "wall_time_s": 2.108451260952279}
oble
ID=ubuntu
ID_LIKE=debian
HOME_URL="https://www.ubuntu.com/"
SUPPORT_URL="https://help.ubuntu.com/"
BUG_REPORT_URL="https://bugs.launchpad.net/ubuntu/"
PRIVACY_POLICY_URL="https://www.ubuntu.com/legal/terms-and-policies/privacy-policy"
UBUNTU_CODENAME=noble
LOGO=ubuntu-logo



$ lscpu
exit=0
Architecture:                            x86_64
CPU op-mode(s):                          32-bit, 64-bit
Address sizes:                           48 bits physical, 48 bits virtual
Byte Order:                              Little Endian
CPU(s):                                  16
On-line CPU(s) list:                     0-15
Vendor ID:                               AuthenticAMD
Model name:                              AMD Ryzen 7 7800X3D 8-Core Processor
CPU family:                              25
Model:                                   97
Thread(s) per core:                      2
Core(s) per socket:                      8
Socket(s):                               1
Stepping:                                2
Frequency boost:                         enabled
CPU(s) scaling MHz:                      67%
CPU max MHz:                             5050.2251
CPU min MHz:                             3000.0000
BogoMIPS:                                8383.85
Flags:                                   fpu vme de pse tsc msr pae mce cx8 apic sep mtrr pge mca cmov pat pse36 clflush mmx fxsr sse sse2 ht syscall nx mmxext fxsr_opt pdpe1gb rdtscp lm constant_tsc rep_good nopl nonstop_tsc cpuid extd_apicid aperfmperf rapl pni pclmulqdq monitor ssse3 fma cx16 sse4_1 sse4_2 movbe popcnt aes xsave avx f16c rdrand lahf_lm cmp_legacy svm extapic cr8_legacy abm sse4a misalignsse 3dnowprefetch osvw ibs skinit wdt tce topoext perfctr_core perfctr_nb bpext perfctr_llc mwaitx cpb cat_l3 cdp_l3 hw_pstate ssbd mba ibrs ibpb stibp ibrs_enhanced vmmcall fsgsbase bmi1 avx2 smep bmi2 erms invpcid cqm rdt_a avx512f avx512dq rdseed adx smap avx512ifma clflushopt clwb avx512cd sha_ni avx512bw avx512vl xsaveopt xsavec xgetbv1 xsaves cqm_llc cqm_occup_llc cqm_mbm_total cqm_mbm_local avx512_bf16 clzero irperf xsaveerptr rdpru wbnoinvd cppc arat npt lbrv svm_lock nrip_save tsc_scale vmcb_clean flushbyasid decodeassists pausefilter pfthreshold avic vgif v_spec_ctrl avx512vbmi umip pku ospke avx512_vbmi2 gfni vaes vpclmulqdq avx512_vnni avx512_bitalg avx512_vpopcntdq rdpid overflow_recov succor smca fsrm flush_l1d ibpb_exit_to_user
Virtualization:                          AMD-V
L1d cache:                               256 KiB (8 instances)
L1i cache:                               256 KiB (8 instances)
L2 cache:                                8 MiB (8 instances)
L3 cache:                                96 MiB (1 instance)
NUMA node(s):                            1
NUMA node0 CPU(s):                       0-15
Vulnerability Gather data sampling:      Not affected
Vulnerability Indirect target selection: Not affected
Vulnerability Itlb multihit:             Not affected
Vulnerability L1tf:                      Not affected
Vulnerability Mds:                       Not affected
Vulnerability Meltdown:                  Not affected
Vulnerability Mmio stale data:           Not affected
Vulnerability Reg file data sampling:    Not affected
Vulnerability Retbleed:                  Not affected
Vulnerability Spec rstack overflow:      Mitigation; safe RET
Vulnerability Spec store bypass:         Mitigation; Speculative Store Bypass disabled via prctl and seccomp
Vulnerability Spectre v1:                Mitigation; usercopy/swapgs barriers and __user pointer sanitization
Vulnerability Spectre v2:                Mitigation; Enhanced / Automatic IBRS; IBPB conditional; STIBP always-on; PBRSB-eIBRS Not affected; BHI Not affected
Vulnerability Srbds:                     Not affected
Vulnerability Tsa:                       Mitigation; Clear CPU buffers
Vulnerability Tsx async abort:           Not affected
Vulnerability Vmscape:                   Mitigation; IBPB before exit to userspace



$ free -h
exit=0
               total        used        free      shared  buff/cache   available
Mem:            61Gi       6.4Gi        27Gi        10Mi        28Gi        55Gi
Swap:          8.0Gi       174Mi       7.8Gi



$ df -h
exit=0
Filesystem      Size  Used Avail Use% Mounted on
overlay         300G   58G  243G  20% /
tmpfs            64M     0   64M   0% /dev
shm              15G     0   15G   0% /dev/shm
/dev/nvme0n1p3  1.8T  396G  1.4T  23% /etc/hosts
tmpfs           6.2G  2.5M  6.2G   1% /run/nvidia-persistenced/socket
/dev/nvme0n1p2   98G   28G   65G  31% /usr/bin/nvidia-smi
tmpfs            31G     0   31G   0% /proc/asound
tmpfs            31G     0   31G   0% /proc/acpi
tmpfs            31G     0   31G   0% /proc/scsi
tmpfs            31G     0   31G   0% /sys/firmware
tmpfs            31G     0   31G   0% /sys/devices/virtual/powercap



$ nvidia-smi
exit=0
Thu Sep 17 17:25:55 2026       
+-----------------------------------------------------------------------------------------+
| NVIDIA-SMI 595.84                 Driver Version: 595.84         CUDA Version: 13.2     |
+-----------------------------------------+------------------------+----------------------+
| GPU  Name                 Persistence-M | Bus-Id          Disp.A | Volatile Uncorr. ECC |
| Fan  Temp   Perf          Pwr:Usage/Cap |           Memory-Usage | GPU-Util  Compute M. |
|                                         |                        |               MIG M. |
|=========================================+========================+======================|
|   0  NVIDIA GeForce RTX 4090        On  |   00000000:03:00.0 Off |                  Off |
|  0%   28C    P8             12W /  350W |       1MiB /  24564MiB |      0%      Default |
|                                         |                        |                  N/A |
+-----------------------------------------+------------------------+----------------------+

+-----------------------------------------------------------------------------------------+
| Processes:                                                                              |
|  GPU   GI   CI              PID   Type   Process name                        GPU Memory |
|        ID   ID                                                               Usage      |
|=========================================================================================|
|  No running processes found                                                             |
+-----------------------------------------------------------------------------------------+



$ nvcc --version
exit=0
nvcc: NVIDIA (R) Cuda compiler driver
Copyright (c) 2005-2026 NVIDIA Corporation
Built on Fri_May_08_10:53:34_AM_PDT_2026
Cuda compilation tools, release 13.2, V13.2.86
Build cuda_13.2.r13.2/compiler.37953736_0



$ mpirun --version
exit=0
mpirun (Open MPI) 4.1.6

Report bugs to http://www.open-mpi.org/community/help/



$ python --version
exit=None

[Errno 2] No such file or directory: 'python'

$ /workspace/formal_3D_flow_solver_FEM_lzy/remote/.env/bin/python --version
exit=0
Python 3.12.13



$ /workspace/formal_3D_flow_solver_FEM_lzy/remote/.env/bin/python -B -c import importlib; m=importlib.import_module('dolfinx'); print(getattr(m, '__version__', 'version attribute unavailable'))
exit=0
0.11.0



$ /workspace/formal_3D_flow_solver_FEM_lzy/remote/.env/bin/python -B -c import importlib; m=importlib.import_module('petsc4py'); print(getattr(m, '__version__', 'version attribute unavailable'))
exit=0
3.25.5



$ /workspace/formal_3D_flow_solver_FEM_lzy/remote/.env/bin/python -B -c import importlib; m=importlib.import_module('mpi4py'); print(getattr(m, '__version__', 'version attribute unavailable'))
exit=0
4.1.2



$ /workspace/formal_3D_flow_solver_FEM_lzy/remote/.env/bin/python -B -c import importlib; m=importlib.import_module('basix'); print(getattr(m, '__version__', 'version attribute unavailable'))
exit=0
0.11.0



$ /workspace/formal_3D_flow_solver_FEM_lzy/remote/.env/bin/python -B -c import importlib; m=importlib.import_module('ufl'); print(getattr(m, '__version__', 'version attribute unavailable'))
exit=0
2026.1.0



$ /workspace/formal_3D_flow_solver_FEM_lzy/remote/.env/bin/python -B -c import importlib; m=importlib.import_module('ffcx'); print(getattr(m, '__version__', 'version attribute unavailable'))
exit=0
0.11.0



$ /workspace/formal_3D_flow_solver_FEM_lzy/remote/.env/bin/python -B -c import importlib; m=importlib.import_module('gmsh'); print(getattr(m, '__version__', 'version attribute unavailable'))
exit=0
4.15.2



$ /workspace/formal_3D_flow_solver_FEM_lzy/remote/.env/bin/python -B -c import importlib; m=importlib.import_module('numpy'); print(getattr(m, '__version__', 'version attribute unavailable'))
exit=0
2.5.3



$ /workspace/formal_3D_flow_solver_FEM_lzy/remote/.env/bin/python -B -c import importlib; m=importlib.import_module('scipy'); print(getattr(m, '__version__', 'version attribute unavailable'))
exit=0
1.18.1



$ /workspace/formal_3D_flow_solver_FEM_lzy/remote/.env/bin/python -B -c import importlib; m=importlib.import_module('pyvista'); print(getattr(m, '__version__', 'version attribute unavailable'))
exit=1

Traceback (most recent call last):
  File "<string>", line 1, in <module>
  File "/workspace/formal_3D_flow_solver_FEM_lzy/remote/.env/lib/python3.12/importlib/__init__.py", line 90, in import_module
    return _bootstrap._gcd_import(name[level:], package, level)
           ^^^^^^^^^^^^^^^^^^^^^^^^^^^^^^^^^^^^^^^^^^^^^^^^^^^^
  File "<frozen importlib._bootstrap>", line 1387, in _gcd_import
  File "<frozen importlib._bootstrap>", line 1360, in _find_and_load
  File "<frozen importlib._bootstrap>", line 1324, in _find_and_load_unlocked
ModuleNotFoundError: No module named 'pyvista'


$ /workspace/formal_3D_flow_solver_FEM_lzy/remote/.env/bin/python -B -c import importlib; m=importlib.import_module('vtk'); print(getattr(m, '__version__', 'version attribute unavailable'))
exit=1

Traceback (most recent call last):
  File "<string>", line 1, in <module>
  File "/workspace/formal_3D_flow_solver_FEM_lzy/remote/.env/lib/python3.12/importlib/__init__.py", line 90, in import_module
    return _bootstrap._gcd_import(name[level:], package, level)
           ^^^^^^^^^^^^^^^^^^^^^^^^^^^^^^^^^^^^^^^^^^^^^^^^^^^^
  File "<frozen importlib._bootstrap>", line 1387, in _gcd_import
  File "<frozen importlib._bootstrap>", line 1360, in _find_and_load
  File "<frozen importlib._bootstrap>", line 1324, in _find_and_load_unlocked
ModuleNotFoundError: No module named 'vtk'


$ /workspace/formal_3D_flow_solver_FEM_lzy/remote/.env/bin/python -B -c import importlib; m=importlib.import_module('pytest'); print(getattr(m, '__version__', 'version attribute unavailable'))
exit=0
9.1.1



$ /workspace/formal_3D_flow_solver_FEM_lzy/remote/.env/bin/python -B -c import importlib; m=importlib.import_module('yaml'); print(getattr(m, '__version__', 'version attribute unavailable'))
exit=1

Traceback (most recent call last):
  File "<string>", line 1, in <module>
  File "/workspace/formal_3D_flow_solver_FEM_lzy/remote/.env/lib/python3.12/importlib/__init__.py", line 90, in import_module
    return _bootstrap._gcd_import(name[level:], package, level)
           ^^^^^^^^^^^^^^^^^^^^^^^^^^^^^^^^^^^^^^^^^^^^^^^^^^^^
  File "<frozen importlib._bootstrap>", line 1387, in _gcd_import
  File "<frozen importlib._bootstrap>", line 1360, in _find_and_load
  File "<frozen importlib._bootstrap>", line 1324, in _find_and_load_unlocked
ModuleNotFoundError: No module named 'yaml'


$ /workspace/formal_3D_flow_solver_FEM_lzy/remote/.env/bin/python -B -c import importlib; m=importlib.import_module('matplotlib'); print(getattr(m, '__version__', 'version attribute unavailable'))
exit=1

Traceback (most recent call last):
  File "<string>", line 1, in <module>
  File "/workspace/formal_3D_flow_solver_FEM_lzy/remote/.env/lib/python3.12/importlib/__init__.py", line 90, in import_module
    return _bootstrap._gcd_import(name[level:], package, level)
           ^^^^^^^^^^^^^^^^^^^^^^^^^^^^^^^^^^^^^^^^^^^^^^^^^^^^
  File "<frozen importlib._bootstrap>", line 1387, in _gcd_import
  File "<frozen importlib._bootstrap>", line 1360, in _find_and_load
  File "<frozen importlib._bootstrap>", line 1324, in _find_and_load_unlocked
ModuleNotFoundError: No module named 'matplotlib'


$ /workspace/formal_3D_flow_solver_FEM_lzy/remote/.env/bin/python -B -c from petsc4py import PETSc; print('PETSc',PETSc.Sys.getVersion()); print('CUDA',PETSc.Sys.hasExternalPackage('cuda')); print('scalar',PETSc.ScalarType); print('MUMPS',PETSc.Sys.hasExternalPackage('mumps'))
exit=0
PETSc (3, 25, 5)
CUDA False
scalar <class 'numpy.float64'>
MUMPS True



$ /workspace/formal_3D_flow_solver_FEM_lzy/remote/.env/bin/python -B -c from mpi4py import MPI; print(MPI.Get_library_version())
exit=0
MPICH Version:      5.0.1
MPICH Release date: Fri Apr 10 09:45:31 AM CDT 2026
MPICH ABI:          18:1:6
MPICH Device:       ch4:ucx ofi
MPICH configure:    --prefix=/workspace/formal_3D_flow_solver_FEM_lzy/remote/.env --disable-doc --disable-dependency-tracking --enable-cxx --enable-fortran --enable-f08 --enable-mpi-abi --with-wrapper-dl-type=none --disable-static --with-device=ch4:ucx,ofi --with-ucx=/workspace/formal_3D_flow_solver_FEM_lzy/remote/.env --with-libfabric=/workspace/formal_3D_flow_solver_FEM_lzy/remote/.env --with-hwloc=/workspace/formal_3D_flow_solver_FEM_lzy/remote/.env --with-yaksa=embedded --with-pm=hydra:gforker
MPICH CC:           x86_64-conda-linux-gnu-cc -I/workspace/formal_3D_flow_solver_FEM_lzy/remote/.env/include -march=nocona -mtune=haswell -ftree-vectorize -fPIC -fstack-protector-strong -fno-plt -O2 -ffunction-sections -pipe -fno-merge-constants -isystem /workspace/formal_3D_flow_solver_FEM_lzy/remote/.env/include -fdebug-prefix-map=/home/conda/feedstock_root/build_artifacts/bld/rattler-build_mpich_1784230131/work=/usr/local/src/conda/mpich-5.0.1 -fdebug-prefix-map=/workspace/formal_3D_flow_solver_FEM_lzy/remote/.env=/usr/local/src/conda-prefix   -O2
MPICH CXX:          x86_64-conda-linux-gnu-c++ -I/workspace/formal_3D_flow_solver_FEM_lzy/remote/.env/include -fvisibility-inlines-hidden -fmessage-length=0 -march=nocona -mtune=haswell -ftree-vectorize -fPIC -fstack-protector-strong -fno-plt -O2 -ffunction-sections -pipe -fno-merge-constants -isystem /workspace/formal_3D_flow_solver_FEM_lzy/remote/.env/include -fdebug-prefix-map=/home/conda/feedstock_root/build_artifacts/bld/rattler-build_mpich_1784230131/work=/usr/local/src/conda/mpich-5.0.1 -fdebug-prefix-map=/workspace/formal_3D_flow_solver_FEM_lzy/remote/.env=/usr/local/src/conda-prefix -O2
MPICH F77:          x86_64-conda-linux-gnu-gfortran -I/workspace/formal_3D_flow_solver_FEM_lzy/remote/.env/include -march=nocona -mtune=haswell -ftree-vectorize -fPIC -fstack-protector-strong -fno-plt -O2 -ffunction-sections -pipe -fno-merge-constants -isystem /workspace/formal_3D_flow_solver_FEM_lzy/remote/.env/include -I/home/conda/feedstock_root/build_artifacts/bld/rattler-build_mpich_1784230131/build_env/include -fdebug-prefix-map=/home/conda/feedstock_root/build_artifacts/bld/rattler-build_mpich_1784230131/work=/usr/local/src/conda/mpich-5.0.1 -fdebug-prefix-map=/workspace/formal_3D_flow_solver_FEM_lzy/remote/.env=/usr/local/src/conda-prefix -O2
MPICH FC:           x86_64-conda-linux-gnu-gfortran -I/workspace/formal_3D_flow_solver_FEM_lzy/remote/.env/include -march=nocona -mtune=haswell -ftree-vectorize -fPIC -fstack-protector-strong -fno-plt -O2 -ffunction-sections -pipe -fno-merge-constants -isystem /workspace/formal_3D_flow_solver_FEM_lzy/remote/.env/include -I/home/conda/feedstock_root/build_artifacts/bld/rattler-build_mpich_1784230131/build_env/include -fdebug-prefix-map=/home/conda/feedstock_root/build_artifacts/bld/rattler-build_mpich_1784230131/work=/usr/local/src/conda/mpich-5.0.1 -fdebug-prefix-map=/workspace/formal_3D_flow_solver_FEM_lzy/remote/.env=/usr/local/src/conda-prefix -O2
MPICH features:     threadcomm






