Remote working directory: /workspace/formal_3D_flow_solver_FEM_lzy
$ ssh -p 4159 -o BatchMode=yes -o ConnectTimeout=15 -o ServerAliveInterval=30 -o ServerAliveCountMax=6 -o IdentitiesOnly=yes -i /home/lzy/.ssh/vast_step3b_ed25519 root@50.115.148.16 'python3 -B -'
Directory ownership check passed

$ rsync -az --relative --itemize-changes --exclude=__pycache__/ '--exclude=.*' --exclude=connection.local.json -e 'ssh -p 4159 -o BatchMode=yes -o ConnectTimeout=15 -o ServerAliveInterval=30 -o ServerAliveCountMax=6 -o IdentitiesOnly=yes -i /home/lzy/.ssh/vast_step3b_ed25519' /home/lzy/projects/formal_3D_flow_solver/FEM/./pyproject.toml /home/lzy/projects/formal_3D_flow_solver/FEM/./README.md /home/lzy/projects/formal_3D_flow_solver/FEM/./src /home/lzy/projects/formal_3D_flow_solver/FEM/./scripts /home/lzy/projects/formal_3D_flow_solver/FEM/./tests /home/lzy/projects/formal_3D_flow_solver/FEM/./configs /home/lzy/projects/formal_3D_flow_solver/FEM/./remote /home/lzy/projects/formal_3D_flow_solver/FEM/./inputs root@50.115.148.16:/workspace/formal_3D_flow_solver_FEM_lzy/
cd+++++++++ inputs/
cd+++++++++ inputs/stage00/
<f+++++++++ inputs/stage00/boundary_manifest.csv
<f+++++++++ inputs/stage00/input_manifest.json
<f+++++++++ inputs/stage00/legacy_boundary_conditions.json
<f+++++++++ inputs/stage00/source_contract.json
<f+++++++++ inputs/stage00/source_surface_m.stl
<f+++++++++ inputs/stage00/source_surface_um.vtp
.d..t...... remote/
<f.st...... remote/source_manifest.json
.d..t...... scripts/
<f+++++++++ scripts/build_source_contract.py
<f+++++++++ scripts/launch_mpi.py
<f+++++++++ scripts/render_geometry.py
<f+++++++++ scripts/run_smoke_matrix.py
<f+++++++++ scripts/verify_remote_inputs.py
.d..t...... src/
.d..t...... src/fem3d/
<f+++++++++ src/fem3d/source.py
cd+++++++++ src/formal_fem3d.egg-info/
<f+++++++++ src/formal_fem3d.egg-info/PKG-INFO
<f+++++++++ src/formal_fem3d.egg-info/SOURCES.txt
<f+++++++++ src/formal_fem3d.egg-info/dependency_links.txt
<f+++++++++ src/formal_fem3d.egg-info/requires.txt
<f+++++++++ src/formal_fem3d.egg-info/top_level.txt
.d..t...... tests/
<f+++++++++ tests/test_dolfinx_remote_smoke.py
<f+++++++++ tests/test_stage00.py

