Remote working directory: /workspace/formal_3D_flow_solver_FEM_lzy
$ ssh -p 4159 -o BatchMode=yes -o ConnectTimeout=15 -o ServerAliveInterval=30 -o ServerAliveCountMax=6 -o IdentitiesOnly=yes -i /home/lzy/.ssh/vast_step3b_ed25519 root@50.115.148.16 'python3 -B -'
Directory ownership check passed

$ rsync -az --itemize-changes --include=/logs/ '--include=/logs/***' --include=/outputs/ '--include=/outputs/***' --include=/reports/ '--include=/reports/***' '--exclude=*' -e 'ssh -p 4159 -o BatchMode=yes -o ConnectTimeout=15 -o ServerAliveInterval=30 -o ServerAliveCountMax=6 -o IdentitiesOnly=yes -i /home/lzy/.ssh/vast_step3b_ed25519' root@50.115.148.16:/workspace/formal_3D_flow_solver_FEM_lzy/ /home/lzy/projects/formal_3D_flow_solver/FEM/outputs/stage00/remote_return/
.d..tp..... ./
cd+++++++++ logs/
cd+++++++++ logs/stage00/
cd+++++++++ logs/stage00/20260917T171337_477701957_environment_plan/
>f+++++++++ logs/stage00/20260917T171337_477701957_environment_plan/metadata.json
>f+++++++++ logs/stage00/20260917T171337_477701957_environment_plan/stderr.log
>f+++++++++ logs/stage00/20260917T171337_477701957_environment_plan/stdout.log
cd+++++++++ logs/stage00/20260917T171839_707332607_environment_setup/
>f+++++++++ logs/stage00/20260917T171839_707332607_environment_setup/metadata.json
>f+++++++++ logs/stage00/20260917T171839_707332607_environment_setup/stderr.log
>f+++++++++ logs/stage00/20260917T171839_707332607_environment_setup/stdout.log
cd+++++++++ outputs/
cd+++++++++ outputs/stage00/
cd+++++++++ outputs/stage00/environment/
>f+++++++++ outputs/stage00/environment/conda-linux-64.explicit.txt
>f+++++++++ outputs/stage00/environment/resolved_environment.yml

