Remote working directory: /workspace/formal_3D_flow_solver_FEM_lzy
$ ssh -p 4159 -o BatchMode=yes -o ConnectTimeout=15 -o ServerAliveInterval=30 -o ServerAliveCountMax=6 -o IdentitiesOnly=yes -i /home/lzy/.ssh/vast_step3b_ed25519 root@50.115.148.16 'python3 -B -'
Directory ownership check passed

$ rsync -az --relative --itemize-changes --exclude=__pycache__/ '--exclude=.*' --exclude=connection.local.json -e 'ssh -p 4159 -o BatchMode=yes -o ConnectTimeout=15 -o ServerAliveInterval=30 -o ServerAliveCountMax=6 -o IdentitiesOnly=yes -i /home/lzy/.ssh/vast_step3b_ed25519' /home/lzy/projects/formal_3D_flow_solver/FEM/./pyproject.toml /home/lzy/projects/formal_3D_flow_solver/FEM/./README.md /home/lzy/projects/formal_3D_flow_solver/FEM/./src /home/lzy/projects/formal_3D_flow_solver/FEM/./scripts /home/lzy/projects/formal_3D_flow_solver/FEM/./tests /home/lzy/projects/formal_3D_flow_solver/FEM/./configs /home/lzy/projects/formal_3D_flow_solver/FEM/./remote root@50.115.148.16:/workspace/formal_3D_flow_solver_FEM_lzy/
<f+++++++++ README.md
<f+++++++++ pyproject.toml
cd+++++++++ configs/
<f+++++++++ configs/remote.json
<f+++++++++ configs/stage00.json
cd+++++++++ remote/
<f+++++++++ remote/environment.yml
<f+++++++++ remote/setup_environment.sh
<f+++++++++ remote/source_manifest.json
cd+++++++++ scripts/
<f+++++++++ scripts/environment_probe.py
<f+++++++++ scripts/record_run.py
<f+++++++++ scripts/reference_snapshot.py
<f+++++++++ scripts/remote_control.py
<f+++++++++ scripts/remote_fetch.sh
<f+++++++++ scripts/remote_probe.sh
<f+++++++++ scripts/remote_run.sh
<f+++++++++ scripts/remote_sync.sh
cd+++++++++ src/
cd+++++++++ src/fem3d/
<f+++++++++ src/fem3d/__init__.py
<f+++++++++ src/fem3d/audit.py
cd+++++++++ tests/

