RUN trial dt 2e-05 horizon 0.002 initial gap um 0.03500000000001459
ACCEPTED 25 time 0.0003255670309066772 gap 4.0151673914471573e-16
ACCEPTED 50 time 0.0003262501525878906 gap -1.0428527240321124e-17
ACCEPTED 75 time 0.000327501220703125 gap 2.3581028759088076e-18
Timeout (0:00:40)!
Thread 0x00007230cc798740 (most recent call first):
  File "/home/lzy/projects/formal_3D_flow_solver/FEM_SimVascular/.venv/lib/python3.13/site-packages/numpy/lib/_index_tricks_impl.py", line 373 in __getitem__
  File "/home/lzy/projects/ulm_particle_3d_particle0/particle_3d/src/particle_3d/pair_geometry.py", line 51 in _simplex
  File "/home/lzy/projects/ulm_particle_3d_particle0/particle_3d/src/particle_3d/pair_geometry.py", line 79 in _gjk
  File "/home/lzy/projects/ulm_particle_3d_particle0/particle_3d/src/particle_3d/pair_geometry.py", line 158 in _ordered_gap
  File "/home/lzy/projects/ulm_particle_3d_particle0/particle_3d/src/particle_3d/pair_geometry.py", line 206 in pair_gap
  File "/home/lzy/projects/ulm_particle_3d_particle0/particle_3d/src/particle_3d/particle4_motion.py", line 81 in pair_interval_certificate
  File "/home/lzy/projects/ulm_particle_3d_particle0/particle_3d/src/particle_3d/particle4_motion.py", line 188 in trial
  File "/home/lzy/projects/ulm_particle_3d_particle0/particle_3d/src/particle_3d/physical_time_refinement.py", line 33 in refine_interval
  File "/home/lzy/projects/ulm_particle_3d_particle0/particle_3d/src/particle_3d/physical_time_refinement.py", line 49 in refine_interval
  File "/home/lzy/projects/ulm_particle_3d_particle0/particle_3d/src/particle_3d/physical_time_refinement.py", line 47 in refine_interval
  File "/home/lzy/projects/ulm_particle_3d_particle0/particle_3d/src/particle_3d/physical_time_refinement.py", line 47 in refine_interval
  File "/home/lzy/projects/ulm_particle_3d_particle0/particle_3d/src/particle_3d/physical_time_refinement.py", line 47 in refine_interval
  File "/home/lzy/projects/ulm_particle_3d_particle0/particle_3d/src/particle_3d/physical_time_refinement.py", line 47 in refine_interval
  File "/home/lzy/projects/ulm_particle_3d_particle0/particle_3d/src/particle_3d/physical_time_refinement.py", line 47 in refine_interval
  File "/home/lzy/projects/ulm_particle_3d_particle0/particle_3d/src/particle_3d/physical_time_refinement.py", line 47 in refine_interval
  File "/home/lzy/projects/ulm_particle_3d_particle0/particle_3d/src/particle_3d/physical_time_refinement.py", line 47 in refine_interval
  File "/home/lzy/projects/ulm_particle_3d_particle0/particle_3d/src/particle_3d/physical_time_refinement.py", line 47 in refine_interval
  File "/home/lzy/projects/ulm_particle_3d_particle0/particle_3d/src/particle_3d/physical_time_refinement.py", line 49 in refine_interval
  File "/home/lzy/projects/ulm_particle_3d_particle0/particle_3d/src/particle_3d/physical_time_refinement.py", line 49 in refine_interval
  File "/home/lzy/projects/ulm_particle_3d_particle0/particle_3d/src/particle_3d/physical_time_refinement.py", line 47 in refine_interval
  File "/home/lzy/projects/ulm_particle_3d_particle0/particle_3d/scripts/simulate_rbc_mb_interaction.py", line 102 in run
  File "/home/lzy/projects/ulm_particle_3d_particle0/particle_3d/scripts/simulate_rbc_mb_interaction.py", line 129 in <module>
ACCEPTED 100 time 0.000328134765625 gap -1.0038819394797844e-17
ACCEPTED 125 time 0.0003303125 gap -1.0478739872468144e-17
Timeout (0:00:40)!
Thread 0x00007230cc798740 (most recent call first):
  File "/home/lzy/projects/formal_3D_flow_solver/FEM_SimVascular/.venv/lib/python3.13/site-packages/numpy/_core/_methods.py", line ??? in _sum
  <invalid frame>
ACCEPTED 150 time 0.00033187500059604646 gap -1.472847108942074e-17
ACCEPTED 175 time 0.0003350000086426735 gap 2.2780914377013456e-18
ACCEPTED 200 time 0.0003356250190734863 gap -1.0124122519247257e-17
Timeout (0:00:40)!
Thread 0x00007230cc798740 (most recent call first):
  File "/home/lzy/projects/ulm_particle_3d_particle0/particle_3d/src/particle_3d/field.py", line 99 in locate
  File "/home/lzy/projects/ulm_particle_3d_particle0/particle_3d/src/particle_3d/field.py", line 111 in sample
  File "/home/lzy/projects/ulm_particle_3d_particle0/particle_3d/scripts/simulate_rbc_mb_interaction.py", line 39 in provider
  File "/home/lzy/projects/ulm_particle_3d_particle0/particle_3d/src/particle_3d/particle4_motion.py", line 150 in trial
  File "/home/lzy/projects/ulm_particle_3d_particle0/particle_3d/src/particle_3d/physical_time_refinement.py", line 33 in refine_interval
  File "/home/lzy/projects/ulm_particle_3d_particle0/particle_3d/src/particle_3d/physical_time_refinement.py", line 49 in refine_interval
  File "/home/lzy/projects/ulm_particle_3d_particle0/particle_3d/src/particle_3d/physical_time_refinement.py", line 49 in refine_interval
  File "/home/lzy/projects/ulm_particle_3d_particle0/particle_3d/src/particle_3d/physical_time_refinement.py", line 49 in refine_interval
  File "/home/lzy/projects/ulm_particle_3d_particle0/particle_3d/scripts/simulate_rbc_mb_interaction.py", line 102 in run
  File "/home/lzy/projects/ulm_particle_3d_particle0/particle_3d/scripts/simulate_rbc_mb_interaction.py", line 129 in <module>
ACCEPTED 225 time 0.0003375006103515625 gap -1.5153720948236094e-17
