{
  "status": "PASS",
  "selected_C_gap": 0.4,
  "reference_C_gap": 0.1,
  "gates_from": "RIGID_SPHERE_LUBRICATION_REFERENCE_CONTRACT.json",
  "comparisons": {
    "0.4": [
      {
        "case": "A",
        "max_position_diff_m": 0,
        "max_gap_diff_m": 0,
        "pass": true
      },
      {
        "case": "F",
        "max_position_diff_m": 3.771930661314515e-11,
        "max_gap_diff_m": 6.134178148201627e-11,
        "pass": true
      }
    ],
    "0.2": [
      {
        "case": "A",
        "max_position_diff_m": 0,
        "max_gap_diff_m": 0,
        "pass": true
      },
      {
        "case": "F",
        "max_position_diff_m": 2.2420327215828793e-11,
        "max_gap_diff_m": 3.8354535836455804e-11,
        "pass": true
      }
    ],
    "0.1": [
      {
        "case": "A",
        "max_position_diff_m": 0,
        "max_gap_diff_m": 0,
        "pass": true
      },
      {
        "case": "F",
        "max_position_diff_m": 0,
        "max_gap_diff_m": 0,
        "pass": true
      }
    ]
  }
}
