A_normal_cg04 PASS
F_contact_cg04 PASS
A_normal_cg02 PASS
F_contact_cg02 PASS
A_normal_cg01 PASS
F_contact_cg01 PASS
B_tangential PASS
C1_equal_transverse PASS
C2_opposite_transverse PASS
D_pass_by PASS
E_arbitrary_pair PASS
G_three_particle PASS
H_permuted PASS
I_mpi1 PASS
I_mpi4 PASS
J_passive PASS
K_real_8 PASS
kokkos_smoke PASS
J2_passive_separated_pair PASS
{
  "status": "PASS_WITH_TWIST_PENDING",
  "checks": {
    "A_normal_cg04": true,
    "F_contact_cg04": true,
    "A_normal_cg02": true,
    "F_contact_cg02": true,
    "A_normal_cg01": true,
    "F_contact_cg01": true,
    "B_tangential": true,
    "C1_equal_transverse": true,
    "C2_opposite_transverse": true,
    "D_pass_by": true,
    "E_arbitrary_pair": true,
    "G_three_particle": true,
    "H_permuted": true,
    "I_mpi1": true,
    "I_mpi4": true,
    "J_passive": true,
    "K_real_8": true,
    "kokkos_smoke": true,
    "J2_passive_separated_pair": true,
    "Cgap": true,
    "permutation": true,
    "MPI": true,
    "passive_regression": true,
    "nonempty_pair_passive_regression": true,
    "old8": true,
    "required_motion_coverage": true,
    "contact_continuation": true,
    "independent_wall": true
  },
  "twist": "PENDING_BLOCKER",
  "full_rotational_lubrication": "NOT_PASS_TWIST_PENDING",
  "C3": "BLOCKED_TWIST_NOT_IMPLEMENTED",
  "selected_C_gap": 0.4,
  "MPI": {
    "max_position_m": 0,
    "max_velocity_m_s": 0,
    "max_omega_rad_s": 0,
    "max_gap_m": 0,
    "cross_rank_active_pair_observations": 100,
    "status": "PASS"
  },
  "permutation": {
    "max_position_m": 7.864941138895908e-21,
    "max_velocity_m_s": 2.833833428333987e-17,
    "max_omega_rad_s": 3.186073627148289e-11,
    "max_gap_m": 4.235164736271502e-21,
    "status": "PASS"
  },
  "passive_regression": {
    "status": "PASS",
    "old_case": "case2_c025",
    "compared_steps": 754,
    "old_final_step": 3010,
    "new_final_step": 3011,
    "max_position_diff_m": 0.0,
    "max_velocity_diff_m_s": 2.0328790734103208e-20,
    "old_rotation": "absent",
    "new_rotation": "Omega_inf, no center trajectory feedback outside cutoff",
    "terminal_position_diff_m": 2.168404344971009e-19,
    "terminal_time_diff_s": 0.0,
    "extra_terminal_roundoff_step": 1
  },
  "Case_K": {
    "status": "PASS",
    "same_population_positions_field": true,
    "old_stop_time_s": 0.005675914432167097,
    "new_time_s": 0.02,
    "reason": "MAX_PHYSICAL_TIME",
    "minimum_pair_gap_m": 2.2782224788624537e-08,
    "max_angular_speed_rad_s": 18.925388954845115,
    "wall_safety_stop": false,
    "exact_nearest_gap_source": "validation/CASE_K_NEAREST_PAIR_GAPS.csv",
    "raw_neighbor_gap_scope": "Raw trajectory uses nearest pair within 8um LAMMPS list; 1e100 sentinel denotes no such neighbor; final VTP uses exact offline all-pair nearest gap."
  },
  "all_validation_recomputed_from_raw_CSV": true,
  "Cplusplus_loaded": false,
  "local_independent_wall_required_for_final": false,
  "human_visual_review": "PENDING"
}
