COMMAND_JSON=["cmake", "--build", "/workspace/microbubble_lammps/work/lammps_particle_engine_20260915_214759/build_cpu", "--parallel", "8"]
[0/2] Re-checking globbed directories...
[1/431] Generating includes/lammps/angle.h
[2/431] Generating includes/lammps/bond.h
[3/431] Generating includes/lammps/compute.h
[4/431] Generating includes/lammps/comm.h
[5/431] Generating includes/lammps/command.h
[6/431] Generating includes/lammps/atom.h
[7/431] Generating includes/lammps/citeme.h
[8/431] Generating includes/lammps/dihedral.h
[9/431] Generating includes/lammps/domain.h
[10/431] Generating includes/lammps/error.h
[11/431] Generating includes/lammps/fix.h
[12/431] Generating includes/lammps/force.h
[13/431] Generating includes/lammps/group.h
[14/431] Generating includes/lammps/exceptions.h
[15/431] cd /workspace/microbubble_lammps/work/lammps_particle_engine_20260915_214759/build_cpu && /usr/bin/cmake -DLAMMPS_DIR="/workspace/microbubble_lammps/work/lammps_particle_engine_20260915_214759/upstream/lammps" -DGIT_EXECUTABLE="/usr/bin/git" -DGIT_FOUND="TRUE" -DLAMMPS_STYLE_HEADERS_DIR="/workspace/microbubble_lammps/work/lammps_particle_engine_20260915_214759/build_cpu/styles" -P /workspace/microbubble_lammps/work/lammps_particle_engine_20260915_214759/upstream/lammps/cmake/Modules/generate_lmpgitversion.cmake
-- Git Directory: /workspace/microbubble_lammps/work/lammps_particle_engine_20260915_214759/upstream/lammps/.git
-- Generating lmpgitversion.h...
[16/431] Generating includes/lammps/improper.h
[17/431] Generating includes/lammps/input.h
[18/431] Generating includes/lammps/info.h
[19/431] Generating includes/lammps/json.h
[20/431] Generating includes/lammps/json_fwd.h
[21/431] Generating includes/lammps/kspace.h
[22/431] Generating includes/lammps/lammps.h
[23/431] Generating includes/lammps/lattice.h
[24/431] Generating includes/lammps/library.h
[25/431] Generating includes/lammps/lmppython.h
[26/431] Generating includes/lammps/lmptype.h
[27/431] Generating includes/lammps/memory.h
[28/431] Generating includes/lammps/modify.h
[29/431] Generating includes/lammps/neighbor.h
[30/431] Generating includes/lammps/neigh_list.h
[31/431] Generating includes/lammps/output.h
[32/431] Generating includes/lammps/pair.h
[33/431] Generating includes/lammps/platform.h
[34/431] Generating includes/lammps/pointers.h
[35/431] Generating includes/lammps/region.h
[36/431] Generating includes/lammps/timer.h
[37/431] Generating includes/lammps/universe.h
[38/431] Generating includes/lammps/update.h
[39/431] Generating includes/lammps/utils.h
[40/431] Generating includes/lammps/variable.h
[41/431] Generating includes/lammps/fmt/core.h
[42/431] Generating includes/lammps/fmt/format.h
[43/431] Generating includes/lammps/nlohmann/json_fwd.hpp
[44/431] Generating includes/lammps/nlohmann/json.hpp
[45/431] Building CXX object CMakeFiles/lammps.dir/workspace/microbubble_lammps/work/lammps_particle_engine_20260915_214759/upstream/lammps/src/arg_info.cpp.o
[46/431] Building CXX object CMakeFiles/lammps.dir/workspace/microbubble_lammps/work/lammps_particle_engine_20260915_214759/upstream/lammps/src/angle_deprecated.cpp.o
[47/431] Building CXX object CMakeFiles/lammps.dir/workspace/microbubble_lammps/work/lammps_particle_engine_20260915_214759/upstream/lammps/src/angle_zero.cpp.o
[48/431] Building CXX object CMakeFiles/lammps.dir/workspace/microbubble_lammps/work/lammps_particle_engine_20260915_214759/upstream/lammps/src/atom_map.cpp.o
[49/431] Building CXX object CMakeFiles/lammps.dir/workspace/microbubble_lammps/work/lammps_particle_engine_20260915_214759/upstream/lammps/src/angle.cpp.o
[50/431] Building CXX object CMakeFiles/lammps.dir/workspace/microbubble_lammps/work/lammps_particle_engine_20260915_214759/upstream/lammps/src/angle_write.cpp.o
[51/431] Building CXX object CMakeFiles/lammps.dir/workspace/microbubble_lammps/work/lammps_particle_engine_20260915_214759/upstream/lammps/src/angle_hybrid.cpp.o
[52/431] Building CXX object CMakeFiles/lammps.dir/workspace/microbubble_lammps/work/lammps_particle_engine_20260915_214759/upstream/lammps/src/atom_vec_atomic.cpp.o
[53/431] Building CXX object CMakeFiles/lammps.dir/workspace/microbubble_lammps/work/lammps_particle_engine_20260915_214759/upstream/lammps/src/atom_vec_charge.cpp.o
[54/431] Building CXX object CMakeFiles/lammps.dir/workspace/microbubble_lammps/work/lammps_particle_engine_20260915_214759/upstream/lammps/src/atom_vec_body.cpp.o
[55/431] Building CXX object CMakeFiles/lammps.dir/workspace/microbubble_lammps/work/lammps_particle_engine_20260915_214759/upstream/lammps/src/atom_vec_ellipsoid.cpp.o
[56/431] Building CXX object CMakeFiles/lammps.dir/workspace/microbubble_lammps/work/lammps_particle_engine_20260915_214759/upstream/lammps/src/atom_vec_line.cpp.o
[57/431] Building CXX object CMakeFiles/lammps.dir/workspace/microbubble_lammps/work/lammps_particle_engine_20260915_214759/upstream/lammps/src/atom_vec_hybrid.cpp.o
[58/431] Building CXX object CMakeFiles/lammps.dir/workspace/microbubble_lammps/work/lammps_particle_engine_20260915_214759/upstream/lammps/src/body.cpp.o
[59/431] Building CXX object CMakeFiles/lammps.dir/workspace/microbubble_lammps/work/lammps_particle_engine_20260915_214759/upstream/lammps/src/atom_vec_sphere.cpp.o
[60/431] Building CXX object CMakeFiles/lammps.dir/workspace/microbubble_lammps/work/lammps_particle_engine_20260915_214759/upstream/lammps/src/atom_vec_tri.cpp.o
[61/431] Building CXX object CMakeFiles/lammps.dir/workspace/microbubble_lammps/work/lammps_particle_engine_20260915_214759/upstream/lammps/src/bond.cpp.o
[62/431] Building CXX object CMakeFiles/lammps.dir/workspace/microbubble_lammps/work/lammps_particle_engine_20260915_214759/upstream/lammps/src/bond_deprecated.cpp.o
[63/431] Building CXX object CMakeFiles/lammps.dir/workspace/microbubble_lammps/work/lammps_particle_engine_20260915_214759/upstream/lammps/src/bond_zero.cpp.o
[64/431] Building CXX object CMakeFiles/lammps.dir/workspace/microbubble_lammps/work/lammps_particle_engine_20260915_214759/upstream/lammps/src/balance.cpp.o
[65/431] Building CXX object CMakeFiles/lammps.dir/workspace/microbubble_lammps/work/lammps_particle_engine_20260915_214759/upstream/lammps/src/bond_hybrid.cpp.o
[66/431] Building CXX object CMakeFiles/lammps.dir/workspace/microbubble_lammps/work/lammps_particle_engine_20260915_214759/upstream/lammps/src/atom_vec.cpp.o
[67/431] Building CXX object CMakeFiles/lammps.dir/workspace/microbubble_lammps/work/lammps_particle_engine_20260915_214759/upstream/lammps/src/citeme.cpp.o
[68/431] Building CXX object CMakeFiles/lammps.dir/workspace/microbubble_lammps/work/lammps_particle_engine_20260915_214759/upstream/lammps/src/atom.cpp.o
[69/431] Building CXX object CMakeFiles/lammps.dir/workspace/microbubble_lammps/work/lammps_particle_engine_20260915_214759/upstream/lammps/src/change_box.cpp.o
[70/431] Building CXX object CMakeFiles/lammps.dir/workspace/microbubble_lammps/work/lammps_particle_engine_20260915_214759/upstream/lammps/src/compute.cpp.o
[71/431] Building CXX object CMakeFiles/lammps.dir/workspace/microbubble_lammps/work/lammps_particle_engine_20260915_214759/upstream/lammps/src/compute_angle.cpp.o
[72/431] Building CXX object CMakeFiles/lammps.dir/workspace/microbubble_lammps/work/lammps_particle_engine_20260915_214759/upstream/lammps/src/compute_aggregate_atom.cpp.o
[73/431] Building CXX object CMakeFiles/lammps.dir/workspace/microbubble_lammps/work/lammps_particle_engine_20260915_214759/upstream/lammps/src/comm.cpp.o
[74/431] Building CXX object CMakeFiles/lammps.dir/workspace/microbubble_lammps/work/lammps_particle_engine_20260915_214759/upstream/lammps/src/compute_angle_local.cpp.o
[75/431] Building CXX object CMakeFiles/lammps.dir/workspace/microbubble_lammps/work/lammps_particle_engine_20260915_214759/upstream/lammps/src/compute_angmom_chunk.cpp.o
[76/431] Building CXX object CMakeFiles/lammps.dir/workspace/microbubble_lammps/work/lammps_particle_engine_20260915_214759/upstream/lammps/src/compute_bond.cpp.o
[77/431] Building CXX object CMakeFiles/lammps.dir/workspace/microbubble_lammps/work/lammps_particle_engine_20260915_214759/upstream/lammps/src/comm_brick.cpp.o
[78/431] Building CXX object CMakeFiles/lammps.dir/workspace/microbubble_lammps/work/lammps_particle_engine_20260915_214759/upstream/lammps/src/compute_centro_atom.cpp.o
[79/431] Building CXX object CMakeFiles/lammps.dir/workspace/microbubble_lammps/work/lammps_particle_engine_20260915_214759/upstream/lammps/src/compute_bond_local.cpp.o
[80/431] Building CXX object CMakeFiles/lammps.dir/workspace/microbubble_lammps/work/lammps_particle_engine_20260915_214759/upstream/lammps/src/compute_centroid_stress_atom.cpp.o
[81/431] Building CXX object CMakeFiles/lammps.dir/workspace/microbubble_lammps/work/lammps_particle_engine_20260915_214759/upstream/lammps/src/compute_chunk.cpp.o
[82/431] Building CXX object CMakeFiles/lammps.dir/workspace/microbubble_lammps/work/lammps_particle_engine_20260915_214759/upstream/lammps/src/compute_cluster_atom.cpp.o
[83/431] Building CXX object CMakeFiles/lammps.dir/workspace/microbubble_lammps/work/lammps_particle_engine_20260915_214759/upstream/lammps/src/compute_chunk_spread_atom.cpp.o
[84/431] Building CXX object CMakeFiles/lammps.dir/workspace/microbubble_lammps/work/lammps_particle_engine_20260915_214759/upstream/lammps/src/comm_tiled.cpp.o
[85/431] Building CXX object CMakeFiles/lammps.dir/workspace/microbubble_lammps/work/lammps_particle_engine_20260915_214759/upstream/lammps/src/compute_com.cpp.o
[86/431] Building CXX object CMakeFiles/lammps.dir/workspace/microbubble_lammps/work/lammps_particle_engine_20260915_214759/upstream/lammps/src/compute_cna_atom.cpp.o
[87/431] Building CXX object CMakeFiles/lammps.dir/workspace/microbubble_lammps/work/lammps_particle_engine_20260915_214759/upstream/lammps/src/compute_com_chunk.cpp.o
[88/431] Building CXX object CMakeFiles/lammps.dir/workspace/microbubble_lammps/work/lammps_particle_engine_20260915_214759/upstream/lammps/src/compute_coord_atom.cpp.o
[89/431] Building CXX object CMakeFiles/lammps.dir/workspace/microbubble_lammps/work/lammps_particle_engine_20260915_214759/upstream/lammps/src/compute_count_type.cpp.o
[90/431] Building CXX object CMakeFiles/lammps.dir/workspace/microbubble_lammps/work/lammps_particle_engine_20260915_214759/upstream/lammps/src/compute_deprecated.cpp.o
[91/431] Building CXX object CMakeFiles/lammps.dir/workspace/microbubble_lammps/work/lammps_particle_engine_20260915_214759/upstream/lammps/src/compute_dihedral.cpp.o
[92/431] Building CXX object CMakeFiles/lammps.dir/workspace/microbubble_lammps/work/lammps_particle_engine_20260915_214759/upstream/lammps/src/compute_dipole.cpp.o
[93/431] Building CXX object CMakeFiles/lammps.dir/workspace/microbubble_lammps/work/lammps_particle_engine_20260915_214759/upstream/lammps/src/compute_chunk_atom.cpp.o
[94/431] Building CXX object CMakeFiles/lammps.dir/workspace/microbubble_lammps/work/lammps_particle_engine_20260915_214759/upstream/lammps/src/compute_dihedral_local.cpp.o
[95/431] Building CXX object CMakeFiles/lammps.dir/workspace/microbubble_lammps/work/lammps_particle_engine_20260915_214759/upstream/lammps/src/compute_dipole_chunk.cpp.o
[96/431] Building CXX object CMakeFiles/lammps.dir/workspace/microbubble_lammps/work/lammps_particle_engine_20260915_214759/upstream/lammps/src/compute_erotate_sphere.cpp.o
[97/431] Building CXX object CMakeFiles/lammps.dir/workspace/microbubble_lammps/work/lammps_particle_engine_20260915_214759/upstream/lammps/src/compute_displace_atom.cpp.o
[98/431] Building CXX object CMakeFiles/lammps.dir/workspace/microbubble_lammps/work/lammps_particle_engine_20260915_214759/upstream/lammps/src/compute_erotate_sphere_atom.cpp.o
[99/431] Building CXX object CMakeFiles/lammps.dir/workspace/microbubble_lammps/work/lammps_particle_engine_20260915_214759/upstream/lammps/src/compute_fragment_atom.cpp.o
[100/431] Building CXX object CMakeFiles/lammps.dir/workspace/microbubble_lammps/work/lammps_particle_engine_20260915_214759/upstream/lammps/src/compute_gyration.cpp.o
[101/431] Building CXX object CMakeFiles/lammps.dir/workspace/microbubble_lammps/work/lammps_particle_engine_20260915_214759/upstream/lammps/src/compute_group_group.cpp.o
[102/431] Building CXX object CMakeFiles/lammps.dir/workspace/microbubble_lammps/work/lammps_particle_engine_20260915_214759/upstream/lammps/src/compute_gyration_chunk.cpp.o
[103/431] Building CXX object CMakeFiles/lammps.dir/workspace/microbubble_lammps/work/lammps_particle_engine_20260915_214759/upstream/lammps/src/compute_heat_flux.cpp.o
[104/431] Building CXX object CMakeFiles/lammps.dir/workspace/microbubble_lammps/work/lammps_particle_engine_20260915_214759/upstream/lammps/src/compute_improper.cpp.o
[105/431] Building CXX object CMakeFiles/lammps.dir/workspace/microbubble_lammps/work/lammps_particle_engine_20260915_214759/upstream/lammps/src/compute_global_atom.cpp.o
[106/431] Building CXX object CMakeFiles/lammps.dir/workspace/microbubble_lammps/work/lammps_particle_engine_20260915_214759/upstream/lammps/src/compute_improper_local.cpp.o
[107/431] Building CXX object CMakeFiles/lammps.dir/workspace/microbubble_lammps/work/lammps_particle_engine_20260915_214759/upstream/lammps/src/compute_inertia_chunk.cpp.o
[108/431] Building CXX object CMakeFiles/lammps.dir/workspace/microbubble_lammps/work/lammps_particle_engine_20260915_214759/upstream/lammps/src/compute_ke.cpp.o
[109/431] Building CXX object CMakeFiles/lammps.dir/workspace/microbubble_lammps/work/lammps_particle_engine_20260915_214759/upstream/lammps/src/compute_ke_atom.cpp.o
[110/431] Building CXX object CMakeFiles/lammps.dir/workspace/microbubble_lammps/work/lammps_particle_engine_20260915_214759/upstream/lammps/src/compute_msd_chunk.cpp.o
[111/431] Building CXX object CMakeFiles/lammps.dir/workspace/microbubble_lammps/work/lammps_particle_engine_20260915_214759/upstream/lammps/src/compute_msd.cpp.o
[112/431] Building CXX object CMakeFiles/lammps.dir/workspace/microbubble_lammps/work/lammps_particle_engine_20260915_214759/upstream/lammps/src/compute_omega_chunk.cpp.o
[113/431] Building CXX object CMakeFiles/lammps.dir/workspace/microbubble_lammps/work/lammps_particle_engine_20260915_214759/upstream/lammps/src/compute_pair.cpp.o
[114/431] Building CXX object CMakeFiles/lammps.dir/workspace/microbubble_lammps/work/lammps_particle_engine_20260915_214759/upstream/lammps/src/compute_pair_local.cpp.o
[115/431] Building CXX object CMakeFiles/lammps.dir/workspace/microbubble_lammps/work/lammps_particle_engine_20260915_214759/upstream/lammps/src/compute_pe.cpp.o
[116/431] Building CXX object CMakeFiles/lammps.dir/workspace/microbubble_lammps/work/lammps_particle_engine_20260915_214759/upstream/lammps/src/compute_orientorder_atom.cpp.o
[117/431] Building CXX object CMakeFiles/lammps.dir/workspace/microbubble_lammps/work/lammps_particle_engine_20260915_214759/upstream/lammps/src/compute_pe_atom.cpp.o
[118/431] Building CXX object CMakeFiles/lammps.dir/workspace/microbubble_lammps/work/lammps_particle_engine_20260915_214759/upstream/lammps/src/compute_property_chunk.cpp.o
[119/431] Building CXX object CMakeFiles/lammps.dir/workspace/microbubble_lammps/work/lammps_particle_engine_20260915_214759/upstream/lammps/src/compute_pressure.cpp.o
[120/431] Building CXX object CMakeFiles/lammps.dir/workspace/microbubble_lammps/work/lammps_particle_engine_20260915_214759/upstream/lammps/src/compute_rdf.cpp.o
[121/431] Building CXX object CMakeFiles/lammps.dir/workspace/microbubble_lammps/work/lammps_particle_engine_20260915_214759/upstream/lammps/src/compute_reduce_region.cpp.o
[122/431] Building CXX object CMakeFiles/lammps.dir/workspace/microbubble_lammps/work/lammps_particle_engine_20260915_214759/upstream/lammps/src/compute_reduce_chunk.cpp.o
[123/431] Building CXX object CMakeFiles/lammps.dir/workspace/microbubble_lammps/work/lammps_particle_engine_20260915_214759/upstream/lammps/src/compute_property_local.cpp.o
[124/431] Building CXX object CMakeFiles/lammps.dir/workspace/microbubble_lammps/work/lammps_particle_engine_20260915_214759/upstream/lammps/src/compute_property_grid.cpp.o
[125/431] Building CXX object CMakeFiles/lammps.dir/workspace/microbubble_lammps/work/lammps_particle_engine_20260915_214759/upstream/lammps/src/compute_reduce.cpp.o
[126/431] Building CXX object CMakeFiles/lammps.dir/workspace/microbubble_lammps/work/lammps_particle_engine_20260915_214759/upstream/lammps/src/compute_property_atom.cpp.o
[127/431] Building CXX object CMakeFiles/lammps.dir/workspace/microbubble_lammps/work/lammps_particle_engine_20260915_214759/upstream/lammps/src/compute_slice.cpp.o
[128/431] Building CXX object CMakeFiles/lammps.dir/workspace/microbubble_lammps/work/lammps_particle_engine_20260915_214759/upstream/lammps/src/compute_stress_atom.cpp.o
[129/431] Building CXX object CMakeFiles/lammps.dir/workspace/microbubble_lammps/work/lammps_particle_engine_20260915_214759/upstream/lammps/src/compute_temp.cpp.o
[130/431] Building CXX object CMakeFiles/lammps.dir/workspace/microbubble_lammps/work/lammps_particle_engine_20260915_214759/upstream/lammps/src/compute_temp_com.cpp.o
[131/431] Building CXX object CMakeFiles/lammps.dir/workspace/microbubble_lammps/work/lammps_particle_engine_20260915_214759/upstream/lammps/src/compute_temp_chunk.cpp.o
[132/431] Building CXX object CMakeFiles/lammps.dir/workspace/microbubble_lammps/work/lammps_particle_engine_20260915_214759/upstream/lammps/src/compute_temp_deform.cpp.o
[133/431] Building CXX object CMakeFiles/lammps.dir/workspace/microbubble_lammps/work/lammps_particle_engine_20260915_214759/upstream/lammps/src/compute_temp_partial.cpp.o
[134/431] Building CXX object CMakeFiles/lammps.dir/workspace/microbubble_lammps/work/lammps_particle_engine_20260915_214759/upstream/lammps/src/compute_temp_ramp.cpp.o
[135/431] Building CXX object CMakeFiles/lammps.dir/workspace/microbubble_lammps/work/lammps_particle_engine_20260915_214759/upstream/lammps/src/compute_temp_profile.cpp.o
[136/431] Building CXX object CMakeFiles/lammps.dir/workspace/microbubble_lammps/work/lammps_particle_engine_20260915_214759/upstream/lammps/src/compute_torque_chunk.cpp.o
[137/431] Building CXX object CMakeFiles/lammps.dir/workspace/microbubble_lammps/work/lammps_particle_engine_20260915_214759/upstream/lammps/src/compute_temp_region.cpp.o
[138/431] Building CXX object CMakeFiles/lammps.dir/workspace/microbubble_lammps/work/lammps_particle_engine_20260915_214759/upstream/lammps/src/compute_temp_sphere.cpp.o
[139/431] Building CXX object CMakeFiles/lammps.dir/workspace/microbubble_lammps/work/lammps_particle_engine_20260915_214759/upstream/lammps/src/compute_vacf.cpp.o
[140/431] Building CXX object CMakeFiles/lammps.dir/workspace/microbubble_lammps/work/lammps_particle_engine_20260915_214759/upstream/lammps/src/compute_vcm_chunk.cpp.o
[141/431] Building CXX object CMakeFiles/lammps.dir/workspace/microbubble_lammps/work/lammps_particle_engine_20260915_214759/upstream/lammps/src/compute_vacf_chunk.cpp.o
[142/431] Building CXX object CMakeFiles/lammps.dir/workspace/microbubble_lammps/work/lammps_particle_engine_20260915_214759/upstream/lammps/src/create_box.cpp.o
[143/431] Building CXX object CMakeFiles/lammps.dir/workspace/microbubble_lammps/work/lammps_particle_engine_20260915_214759/upstream/lammps/src/deprecated.cpp.o
[144/431] Building CXX object CMakeFiles/lammps.dir/workspace/microbubble_lammps/work/lammps_particle_engine_20260915_214759/upstream/lammps/src/create_bonds.cpp.o
[145/431] Building CXX object CMakeFiles/lammps.dir/workspace/microbubble_lammps/work/lammps_particle_engine_20260915_214759/upstream/lammps/src/dihedral_deprecated.cpp.o
[146/431] Building CXX object CMakeFiles/lammps.dir/workspace/microbubble_lammps/work/lammps_particle_engine_20260915_214759/upstream/lammps/src/dihedral.cpp.o
[147/431] Building CXX object CMakeFiles/lammps.dir/workspace/microbubble_lammps/work/lammps_particle_engine_20260915_214759/upstream/lammps/src/delete_atoms.cpp.o
[148/431] Building CXX object CMakeFiles/lammps.dir/workspace/microbubble_lammps/work/lammps_particle_engine_20260915_214759/upstream/lammps/src/delete_bonds.cpp.o
[149/431] Building CXX object CMakeFiles/lammps.dir/workspace/microbubble_lammps/work/lammps_particle_engine_20260915_214759/upstream/lammps/src/dihedral_zero.cpp.o
[150/431] Building CXX object CMakeFiles/lammps.dir/workspace/microbubble_lammps/work/lammps_particle_engine_20260915_214759/upstream/lammps/src/dihedral_hybrid.cpp.o
[151/431] Building CXX object CMakeFiles/lammps.dir/workspace/microbubble_lammps/work/lammps_particle_engine_20260915_214759/upstream/lammps/src/create_atoms.cpp.o
[152/431] Building CXX object CMakeFiles/lammps.dir/workspace/microbubble_lammps/work/lammps_particle_engine_20260915_214759/upstream/lammps/src/dihedral_write.cpp.o
[153/431] Building CXX object CMakeFiles/lammps.dir/workspace/microbubble_lammps/work/lammps_particle_engine_20260915_214759/upstream/lammps/src/displace_atoms.cpp.o
[154/431] Building CXX object CMakeFiles/lammps.dir/workspace/microbubble_lammps/work/lammps_particle_engine_20260915_214759/upstream/lammps/src/dump_deprecated.cpp.o
[155/431] Building CXX object CMakeFiles/lammps.dir/workspace/microbubble_lammps/work/lammps_particle_engine_20260915_214759/upstream/lammps/src/dump_cfg.cpp.o
[156/431] Building CXX object CMakeFiles/lammps.dir/workspace/microbubble_lammps/work/lammps_particle_engine_20260915_214759/upstream/lammps/src/dump_grid_vtk.cpp.o
[157/431] Building CXX object CMakeFiles/lammps.dir/workspace/microbubble_lammps/work/lammps_particle_engine_20260915_214759/upstream/lammps/src/dump_atom.cpp.o
[158/431] Building CXX object CMakeFiles/lammps.dir/workspace/microbubble_lammps/work/lammps_particle_engine_20260915_214759/upstream/lammps/src/dump.cpp.o
[159/431] Building CXX object CMakeFiles/lammps.dir/workspace/microbubble_lammps/work/lammps_particle_engine_20260915_214759/upstream/lammps/src/dump_grid.cpp.o
[160/431] Building CXX object CMakeFiles/lammps.dir/workspace/microbubble_lammps/work/lammps_particle_engine_20260915_214759/upstream/lammps/src/dump_movie.cpp.o
[161/431] Building CXX object CMakeFiles/lammps.dir/workspace/microbubble_lammps/work/lammps_particle_engine_20260915_214759/upstream/lammps/src/domain.cpp.o
[162/431] Building CXX object CMakeFiles/lammps.dir/workspace/microbubble_lammps/work/lammps_particle_engine_20260915_214759/upstream/lammps/src/dump_xyz.cpp.o
[163/431] Building CXX object CMakeFiles/lammps.dir/workspace/microbubble_lammps/work/lammps_particle_engine_20260915_214759/upstream/lammps/src/error.cpp.o
[164/431] Building CXX object CMakeFiles/lammps.dir/workspace/microbubble_lammps/work/lammps_particle_engine_20260915_214759/upstream/lammps/src/dump_local.cpp.o
[165/431] Building CXX object CMakeFiles/lammps.dir/workspace/microbubble_lammps/work/lammps_particle_engine_20260915_214759/upstream/lammps/src/fix.cpp.o
[166/431] Building CXX object CMakeFiles/lammps.dir/workspace/microbubble_lammps/work/lammps_particle_engine_20260915_214759/upstream/lammps/src/finish.cpp.o
[167/431] Building CXX object CMakeFiles/lammps.dir/workspace/microbubble_lammps/work/lammps_particle_engine_20260915_214759/upstream/lammps/src/fix_addforce.cpp.o
[168/431] Building CXX object CMakeFiles/lammps.dir/workspace/microbubble_lammps/work/lammps_particle_engine_20260915_214759/upstream/lammps/src/dump_image.cpp.o
[169/431] Building CXX object CMakeFiles/lammps.dir/workspace/microbubble_lammps/work/lammps_particle_engine_20260915_214759/upstream/lammps/src/fix_ave_atom.cpp.o
[170/431] Building CXX object CMakeFiles/lammps.dir/workspace/microbubble_lammps/work/lammps_particle_engine_20260915_214759/upstream/lammps/src/dump_custom.cpp.o
[171/431] Building CXX object CMakeFiles/lammps.dir/workspace/microbubble_lammps/work/lammps_particle_engine_20260915_214759/upstream/lammps/src/fix_adapt.cpp.o
[172/431] Building CXX object CMakeFiles/lammps.dir/workspace/microbubble_lammps/work/lammps_particle_engine_20260915_214759/upstream/lammps/src/fix_ave_histo_weight.cpp.o
[173/431] Building CXX object CMakeFiles/lammps.dir/workspace/microbubble_lammps/work/lammps_particle_engine_20260915_214759/upstream/lammps/src/fix_ave_correlate.cpp.o
[174/431] Building CXX object CMakeFiles/lammps.dir/workspace/microbubble_lammps/work/lammps_particle_engine_20260915_214759/upstream/lammps/src/fix_ave_chunk.cpp.o
[175/431] Building CXX object CMakeFiles/lammps.dir/workspace/microbubble_lammps/work/lammps_particle_engine_20260915_214759/upstream/lammps/src/fix_aveforce.cpp.o
[176/431] Building CXX object CMakeFiles/lammps.dir/workspace/microbubble_lammps/work/lammps_particle_engine_20260915_214759/upstream/lammps/src/fix_balance.cpp.o
[177/431] Building CXX object CMakeFiles/lammps.dir/workspace/microbubble_lammps/work/lammps_particle_engine_20260915_214759/upstream/lammps/src/fix_ave_histo.cpp.o
[178/431] Building CXX object CMakeFiles/lammps.dir/workspace/microbubble_lammps/work/lammps_particle_engine_20260915_214759/upstream/lammps/src/fix_ave_time.cpp.o
[179/431] Building CXX object CMakeFiles/lammps.dir/workspace/microbubble_lammps/work/lammps_particle_engine_20260915_214759/upstream/lammps/src/fix_bond_history.cpp.o
[180/431] Building CXX object CMakeFiles/lammps.dir/workspace/microbubble_lammps/work/lammps_particle_engine_20260915_214759/upstream/lammps/src/fix_ave_grid.cpp.o
[181/431] Building CXX object CMakeFiles/lammps.dir/workspace/microbubble_lammps/work/lammps_particle_engine_20260915_214759/upstream/lammps/src/fix_deprecated.cpp.o
[182/431] Building CXX object CMakeFiles/lammps.dir/workspace/microbubble_lammps/work/lammps_particle_engine_20260915_214759/upstream/lammps/src/fix_dt_reset.cpp.o
[183/431] Building CXX object CMakeFiles/lammps.dir/workspace/microbubble_lammps/work/lammps_particle_engine_20260915_214759/upstream/lammps/src/fix_box_relax.cpp.o
[184/431] Building CXX object CMakeFiles/lammps.dir/workspace/microbubble_lammps/work/lammps_particle_engine_20260915_214759/upstream/lammps/src/fix_dummy.cpp.o
[185/431] Building CXX object CMakeFiles/lammps.dir/workspace/microbubble_lammps/work/lammps_particle_engine_20260915_214759/upstream/lammps/src/fix_deposit.cpp.o
[186/431] Building CXX object CMakeFiles/lammps.dir/workspace/microbubble_lammps/work/lammps_particle_engine_20260915_214759/upstream/lammps/src/fix_enforce2d.cpp.o
[187/431] Building CXX object CMakeFiles/lammps.dir/workspace/microbubble_lammps/work/lammps_particle_engine_20260915_214759/upstream/lammps/src/fix_efield.cpp.o
[188/431] Building CXX object CMakeFiles/lammps.dir/workspace/microbubble_lammps/work/lammps_particle_engine_20260915_214759/upstream/lammps/src/fix_evaporate.cpp.o
[189/431] Building CXX object CMakeFiles/lammps.dir/workspace/microbubble_lammps/work/lammps_particle_engine_20260915_214759/upstream/lammps/src/fix_external.cpp.o
[190/431] Building CXX object CMakeFiles/lammps.dir/workspace/microbubble_lammps/work/lammps_particle_engine_20260915_214759/upstream/lammps/src/fix_deform.cpp.o
[191/431] Building CXX object CMakeFiles/lammps.dir/workspace/microbubble_lammps/work/lammps_particle_engine_20260915_214759/upstream/lammps/src/fix_gravity.cpp.o
[192/431] Building CXX object CMakeFiles/lammps.dir/workspace/microbubble_lammps/work/lammps_particle_engine_20260915_214759/upstream/lammps/src/fix_group.cpp.o
[193/431] Building CXX object CMakeFiles/lammps.dir/workspace/microbubble_lammps/work/lammps_particle_engine_20260915_214759/upstream/lammps/src/fix_halt.cpp.o
[194/431] Building CXX object CMakeFiles/lammps.dir/workspace/microbubble_lammps/work/lammps_particle_engine_20260915_214759/upstream/lammps/src/fix_heat.cpp.o
[195/431] Building CXX object CMakeFiles/lammps.dir/workspace/microbubble_lammps/work/lammps_particle_engine_20260915_214759/upstream/lammps/src/fix_lineforce.cpp.o
[196/431] Building CXX object CMakeFiles/lammps.dir/workspace/microbubble_lammps/work/lammps_particle_engine_20260915_214759/upstream/lammps/src/fix_minimize.cpp.o
[197/431] Building CXX object CMakeFiles/lammps.dir/workspace/microbubble_lammps/work/lammps_particle_engine_20260915_214759/upstream/lammps/src/fix_momentum.cpp.o
[198/431] Building CXX object CMakeFiles/lammps.dir/workspace/microbubble_lammps/work/lammps_particle_engine_20260915_214759/upstream/lammps/src/fix_indent.cpp.o
[199/431] Building CXX object CMakeFiles/lammps.dir/workspace/microbubble_lammps/work/lammps_particle_engine_20260915_214759/upstream/lammps/src/fix_nh_sphere.cpp.o
[200/431] Building CXX object CMakeFiles/lammps.dir/workspace/microbubble_lammps/work/lammps_particle_engine_20260915_214759/upstream/lammps/src/fix_nph.cpp.o
[201/431] Building CXX object CMakeFiles/lammps.dir/workspace/microbubble_lammps/work/lammps_particle_engine_20260915_214759/upstream/lammps/src/fix_neigh_history.cpp.o
[202/431] Building CXX object CMakeFiles/lammps.dir/workspace/microbubble_lammps/work/lammps_particle_engine_20260915_214759/upstream/lammps/src/fix_nph_sphere.cpp.o
[203/431] Building CXX object CMakeFiles/lammps.dir/workspace/microbubble_lammps/work/lammps_particle_engine_20260915_214759/upstream/lammps/src/fix_move.cpp.o
[204/431] Building CXX object CMakeFiles/lammps.dir/workspace/microbubble_lammps/work/lammps_particle_engine_20260915_214759/upstream/lammps/src/fix_npt.cpp.o
[205/431] Building CXX object CMakeFiles/lammps.dir/workspace/microbubble_lammps/work/lammps_particle_engine_20260915_214759/upstream/lammps/src/fix_npt_sphere.cpp.o
[206/431] Building CXX object CMakeFiles/lammps.dir/workspace/microbubble_lammps/work/lammps_particle_engine_20260915_214759/upstream/lammps/src/fix_nve.cpp.o
[207/431] Building CXX object CMakeFiles/lammps.dir/workspace/microbubble_lammps/work/lammps_particle_engine_20260915_214759/upstream/lammps/src/fix_nve_noforce.cpp.o
[208/431] Building CXX object CMakeFiles/lammps.dir/workspace/microbubble_lammps/work/lammps_particle_engine_20260915_214759/upstream/lammps/src/fix_nve_limit.cpp.o
[209/431] Building CXX object CMakeFiles/lammps.dir/workspace/microbubble_lammps/work/lammps_particle_engine_20260915_214759/upstream/lammps/src/fix_nvt.cpp.o
[210/431] Building CXX object CMakeFiles/lammps.dir/workspace/microbubble_lammps/work/lammps_particle_engine_20260915_214759/upstream/lammps/src/fix_nve_sphere.cpp.o
[211/431] Building CXX object CMakeFiles/lammps.dir/workspace/microbubble_lammps/work/lammps_particle_engine_20260915_214759/upstream/lammps/src/fix_nh.cpp.o
[212/431] Building CXX object CMakeFiles/lammps.dir/workspace/microbubble_lammps/work/lammps_particle_engine_20260915_214759/upstream/lammps/src/fix_nvt_sphere.cpp.o
[213/431] Building CXX object CMakeFiles/lammps.dir/workspace/microbubble_lammps/work/lammps_particle_engine_20260915_214759/upstream/lammps/src/fix_nvt_sllod.cpp.o
[214/431] Building CXX object CMakeFiles/lammps.dir/workspace/microbubble_lammps/work/lammps_particle_engine_20260915_214759/upstream/lammps/src/fix_planeforce.cpp.o
[215/431] Building CXX object CMakeFiles/lammps.dir/workspace/microbubble_lammps/work/lammps_particle_engine_20260915_214759/upstream/lammps/src/fix_pair.cpp.o
[216/431] Building CXX object CMakeFiles/lammps.dir/workspace/microbubble_lammps/work/lammps_particle_engine_20260915_214759/upstream/lammps/src/fix_langevin.cpp.o
[217/431] Building CXX object CMakeFiles/lammps.dir/workspace/microbubble_lammps/work/lammps_particle_engine_20260915_214759/upstream/lammps/src/fix_print.cpp.o
[218/431] Building CXX object CMakeFiles/lammps.dir/workspace/microbubble_lammps/work/lammps_particle_engine_20260915_214759/upstream/lammps/src/fix_read_restart.cpp.o
[219/431] Building CXX object CMakeFiles/lammps.dir/workspace/microbubble_lammps/work/lammps_particle_engine_20260915_214759/upstream/lammps/src/fix_press_berendsen.cpp.o
[220/431] Building CXX object CMakeFiles/lammps.dir/workspace/microbubble_lammps/work/lammps_particle_engine_20260915_214759/upstream/lammps/src/fix_recenter.cpp.o
[221/431] Building CXX object CMakeFiles/lammps.dir/workspace/microbubble_lammps/work/lammps_particle_engine_20260915_214759/upstream/lammps/src/fix_respa.cpp.o
[222/431] Building CXX object CMakeFiles/lammps.dir/workspace/microbubble_lammps/work/lammps_particle_engine_20260915_214759/upstream/lammps/src/fix_press_langevin.cpp.o
[223/431] Building CXX object CMakeFiles/lammps.dir/workspace/microbubble_lammps/work/lammps_particle_engine_20260915_214759/upstream/lammps/src/fix_set.cpp.o
[224/431] Building CXX object CMakeFiles/lammps.dir/workspace/microbubble_lammps/work/lammps_particle_engine_20260915_214759/upstream/lammps/src/fix_property_atom.cpp.o
[225/431] Building CXX object CMakeFiles/lammps.dir/workspace/microbubble_lammps/work/lammps_particle_engine_20260915_214759/upstream/lammps/src/fix_setforce.cpp.o
[226/431] Building CXX object CMakeFiles/lammps.dir/workspace/microbubble_lammps/work/lammps_particle_engine_20260915_214759/upstream/lammps/src/fix_spring_chunk.cpp.o
[227/431] Building CXX object CMakeFiles/lammps.dir/workspace/microbubble_lammps/work/lammps_particle_engine_20260915_214759/upstream/lammps/src/fix_spring.cpp.o
[228/431] Building CXX object CMakeFiles/lammps.dir/workspace/microbubble_lammps/work/lammps_particle_engine_20260915_214759/upstream/lammps/src/fix_restrain.cpp.o
[229/431] Building CXX object CMakeFiles/lammps.dir/workspace/microbubble_lammps/work/lammps_particle_engine_20260915_214759/upstream/lammps/src/fix_store_atom.cpp.o
[230/431] Building CXX object CMakeFiles/lammps.dir/workspace/microbubble_lammps/work/lammps_particle_engine_20260915_214759/upstream/lammps/src/fix_spring_self.cpp.o
[231/431] Building CXX object CMakeFiles/lammps.dir/workspace/microbubble_lammps/work/lammps_particle_engine_20260915_214759/upstream/lammps/src/fix_store_force.cpp.o
[232/431] Building CXX object CMakeFiles/lammps.dir/workspace/microbubble_lammps/work/lammps_particle_engine_20260915_214759/upstream/lammps/src/fix_store_global.cpp.o
[233/431] Building CXX object CMakeFiles/lammps.dir/workspace/microbubble_lammps/work/lammps_particle_engine_20260915_214759/upstream/lammps/src/fix_store_local.cpp.o
[234/431] Building CXX object CMakeFiles/lammps.dir/workspace/microbubble_lammps/work/lammps_particle_engine_20260915_214759/upstream/lammps/src/fix_temp_berendsen.cpp.o
[235/431] Building CXX object CMakeFiles/lammps.dir/workspace/microbubble_lammps/work/lammps_particle_engine_20260915_214759/upstream/lammps/src/fix_temp_rescale.cpp.o
[236/431] Building CXX object CMakeFiles/lammps.dir/workspace/microbubble_lammps/work/lammps_particle_engine_20260915_214759/upstream/lammps/src/fix_viscous.cpp.o
[237/431] Building CXX object CMakeFiles/lammps.dir/workspace/microbubble_lammps/work/lammps_particle_engine_20260915_214759/upstream/lammps/src/fix_thermal_conductivity.cpp.o
[238/431] Building CXX object CMakeFiles/lammps.dir/workspace/microbubble_lammps/work/lammps_particle_engine_20260915_214759/upstream/lammps/src/fix_vector.cpp.o
[239/431] Building CXX object CMakeFiles/lammps.dir/workspace/microbubble_lammps/work/lammps_particle_engine_20260915_214759/upstream/lammps/src/fix_wall_harmonic.cpp.o
[240/431] Building CXX object CMakeFiles/lammps.dir/workspace/microbubble_lammps/work/lammps_particle_engine_20260915_214759/upstream/lammps/src/fix_wall.cpp.o
[241/431] Building CXX object CMakeFiles/lammps.dir/workspace/microbubble_lammps/work/lammps_particle_engine_20260915_214759/upstream/lammps/src/fix_wall_lj1043.cpp.o
[242/431] Building CXX object CMakeFiles/lammps.dir/workspace/microbubble_lammps/work/lammps_particle_engine_20260915_214759/upstream/lammps/src/fix_wall_lj126.cpp.o
[243/431] Building CXX object CMakeFiles/lammps.dir/workspace/microbubble_lammps/work/lammps_particle_engine_20260915_214759/upstream/lammps/src/fix_wall_lj93.cpp.o
[244/431] Building CXX object CMakeFiles/lammps.dir/workspace/microbubble_lammps/work/lammps_particle_engine_20260915_214759/upstream/lammps/src/fix_store_state.cpp.o
[245/431] Building CXX object CMakeFiles/lammps.dir/workspace/microbubble_lammps/work/lammps_particle_engine_20260915_214759/upstream/lammps/src/fix_wall_morse.cpp.o
[246/431] Building CXX object CMakeFiles/lammps.dir/workspace/microbubble_lammps/work/lammps_particle_engine_20260915_214759/upstream/lammps/src/fix_wall_region.cpp.o
[247/431] Building CXX object CMakeFiles/lammps.dir/workspace/microbubble_lammps/work/lammps_particle_engine_20260915_214759/upstream/lammps/src/fmtlib_os.cpp.o
[248/431] Building CXX object CMakeFiles/lammps.dir/workspace/microbubble_lammps/work/lammps_particle_engine_20260915_214759/upstream/lammps/src/hashlittle.cpp.o
[249/431] Building CXX object CMakeFiles/lammps.dir/workspace/microbubble_lammps/work/lammps_particle_engine_20260915_214759/upstream/lammps/src/fix_wall_reflect.cpp.o
[250/431] Building CXX object CMakeFiles/lammps.dir/workspace/microbubble_lammps/work/lammps_particle_engine_20260915_214759/upstream/lammps/src/fix_wall_table.cpp.o
[251/431] Building CXX object CMakeFiles/lammps.dir/workspace/microbubble_lammps/work/lammps_particle_engine_20260915_214759/upstream/lammps/src/imbalance.cpp.o
[252/431] Building CXX object CMakeFiles/lammps.dir/workspace/microbubble_lammps/work/lammps_particle_engine_20260915_214759/upstream/lammps/src/grid2d.cpp.o
[253/431] Building CXX object CMakeFiles/lammps.dir/workspace/microbubble_lammps/work/lammps_particle_engine_20260915_214759/upstream/lammps/src/grid3d.cpp.o
[254/431] Building CXX object CMakeFiles/lammps.dir/workspace/microbubble_lammps/work/lammps_particle_engine_20260915_214759/upstream/lammps/src/imbalance_group.cpp.o
[255/431] Building CXX object CMakeFiles/lammps.dir/workspace/microbubble_lammps/work/lammps_particle_engine_20260915_214759/upstream/lammps/src/image.cpp.o
[256/431] Building CXX object CMakeFiles/lammps.dir/workspace/microbubble_lammps/work/lammps_particle_engine_20260915_214759/upstream/lammps/src/imbalance_store.cpp.o
[257/431] Building CXX object CMakeFiles/lammps.dir/workspace/microbubble_lammps/work/lammps_particle_engine_20260915_214759/upstream/lammps/src/imbalance_neigh.cpp.o
[258/431] Building CXX object CMakeFiles/lammps.dir/workspace/microbubble_lammps/work/lammps_particle_engine_20260915_214759/upstream/lammps/src/imbalance_time.cpp.o
[259/431] Building CXX object CMakeFiles/lammps.dir/workspace/microbubble_lammps/work/lammps_particle_engine_20260915_214759/upstream/lammps/src/imbalance_var.cpp.o
[260/431] Building CXX object CMakeFiles/lammps.dir/workspace/microbubble_lammps/work/lammps_particle_engine_20260915_214759/upstream/lammps/src/improper_deprecated.cpp.o
[261/431] Building CXX object CMakeFiles/lammps.dir/workspace/microbubble_lammps/work/lammps_particle_engine_20260915_214759/upstream/lammps/src/force.cpp.o
[262/431] Building CXX object CMakeFiles/lammps.dir/workspace/microbubble_lammps/work/lammps_particle_engine_20260915_214759/upstream/lammps/src/improper.cpp.o
[263/431] Building CXX object CMakeFiles/lammps.dir/workspace/microbubble_lammps/work/lammps_particle_engine_20260915_214759/upstream/lammps/src/group.cpp.o
[264/431] Building CXX object CMakeFiles/lammps.dir/workspace/microbubble_lammps/work/lammps_particle_engine_20260915_214759/upstream/lammps/src/improper_zero.cpp.o
[265/431] Building CXX object CMakeFiles/lammps.dir/workspace/microbubble_lammps/work/lammps_particle_engine_20260915_214759/upstream/lammps/src/integrate.cpp.o
[266/431] Building CXX object CMakeFiles/lammps.dir/workspace/microbubble_lammps/work/lammps_particle_engine_20260915_214759/upstream/lammps/src/improper_hybrid.cpp.o
[267/431] Building CXX object CMakeFiles/lammps.dir/workspace/microbubble_lammps/work/lammps_particle_engine_20260915_214759/upstream/lammps/src/kspace.cpp.o
[268/431] Building CXX object CMakeFiles/lammps.dir/workspace/microbubble_lammps/work/lammps_particle_engine_20260915_214759/upstream/lammps/src/kspace_deprecated.cpp.o
[269/431] Building CXX object CMakeFiles/lammps.dir/workspace/microbubble_lammps/work/lammps_particle_engine_20260915_214759/upstream/lammps/src/kspace_zero.cpp.o
[270/431] Building CXX object CMakeFiles/lammps.dir/workspace/microbubble_lammps/work/lammps_particle_engine_20260915_214759/upstream/lammps/src/irregular.cpp.o
[271/431] Building CXX object CMakeFiles/lammps.dir/workspace/microbubble_lammps/work/lammps_particle_engine_20260915_214759/upstream/lammps/src/fmtlib_format.cpp.o
[272/431] Building CXX object CMakeFiles/lammps.dir/workspace/microbubble_lammps/work/lammps_particle_engine_20260915_214759/upstream/lammps/src/lmppython.cpp.o
[273/431] Building CXX object CMakeFiles/lammps.dir/workspace/microbubble_lammps/work/lammps_particle_engine_20260915_214759/upstream/lammps/src/label_map.cpp.o
[274/431] Building CXX object CMakeFiles/lammps.dir/workspace/microbubble_lammps/work/lammps_particle_engine_20260915_214759/upstream/lammps/src/math_special.cpp.o
[275/431] Building CXX object CMakeFiles/lammps.dir/workspace/microbubble_lammps/work/lammps_particle_engine_20260915_214759/upstream/lammps/src/math_extra.cpp.o
[276/431] Building CXX object CMakeFiles/lammps.dir/workspace/microbubble_lammps/work/lammps_particle_engine_20260915_214759/upstream/lammps/src/math_eigen.cpp.o
[277/431] Building CXX object CMakeFiles/lammps.dir/workspace/microbubble_lammps/work/lammps_particle_engine_20260915_214759/upstream/lammps/src/lattice.cpp.o
[278/431] Building CXX object CMakeFiles/lammps.dir/workspace/microbubble_lammps/work/lammps_particle_engine_20260915_214759/upstream/lammps/src/input.cpp.o
[279/431] Building CXX object CMakeFiles/lammps.dir/workspace/microbubble_lammps/work/lammps_particle_engine_20260915_214759/upstream/lammps/src/memory.cpp.o
[280/431] Building CXX object CMakeFiles/lammps.dir/workspace/microbubble_lammps/work/lammps_particle_engine_20260915_214759/upstream/lammps/src/min_deprecated.cpp.o
[281/431] Building CXX object CMakeFiles/lammps.dir/workspace/microbubble_lammps/work/lammps_particle_engine_20260915_214759/upstream/lammps/src/min_cg.cpp.o
[282/431] Building CXX object CMakeFiles/lammps.dir/workspace/microbubble_lammps/work/lammps_particle_engine_20260915_214759/upstream/lammps/src/min.cpp.o
[283/431] Building CXX object CMakeFiles/lammps.dir/workspace/microbubble_lammps/work/lammps_particle_engine_20260915_214759/upstream/lammps/src/info.cpp.o
[284/431] Building CXX object CMakeFiles/lammps.dir/workspace/microbubble_lammps/work/lammps_particle_engine_20260915_214759/upstream/lammps/src/min_linesearch.cpp.o
[285/431] Building CXX object CMakeFiles/lammps.dir/workspace/microbubble_lammps/work/lammps_particle_engine_20260915_214759/upstream/lammps/src/min_sd.cpp.o
[286/431] Building CXX object CMakeFiles/lammps.dir/workspace/microbubble_lammps/work/lammps_particle_engine_20260915_214759/upstream/lammps/src/min_fire.cpp.o
[287/431] Building CXX object CMakeFiles/lammps.dir/workspace/microbubble_lammps/work/lammps_particle_engine_20260915_214759/upstream/lammps/src/min_hftn.cpp.o
[288/431] Building CXX object CMakeFiles/lammps.dir/workspace/microbubble_lammps/work/lammps_particle_engine_20260915_214759/upstream/lammps/src/minimize.cpp.o
[289/431] Building CXX object CMakeFiles/lammps.dir/workspace/microbubble_lammps/work/lammps_particle_engine_20260915_214759/upstream/lammps/src/min_quickmin.cpp.o
[290/431] Building CXX object CMakeFiles/lammps.dir/workspace/microbubble_lammps/work/lammps_particle_engine_20260915_214759/upstream/lammps/src/my_pool_chunk.cpp.o
[291/431] Building CXX object CMakeFiles/lammps.dir/workspace/microbubble_lammps/work/lammps_particle_engine_20260915_214759/upstream/lammps/src/my_page.cpp.o
[292/431] Building CXX object CMakeFiles/lammps.dir/workspace/microbubble_lammps/work/lammps_particle_engine_20260915_214759/upstream/lammps/src/nbin.cpp.o
[293/431] Building CXX object CMakeFiles/lammps.dir/workspace/microbubble_lammps/work/lammps_particle_engine_20260915_214759/upstream/lammps/src/nbin_standard.cpp.o
[294/431] Building CXX object CMakeFiles/lammps.dir/workspace/microbubble_lammps/work/lammps_particle_engine_20260915_214759/upstream/lammps/src/nbin_multi.cpp.o
[295/431] Building CXX object CMakeFiles/lammps.dir/workspace/microbubble_lammps/work/lammps_particle_engine_20260915_214759/upstream/lammps/src/neigh_list.cpp.o
[296/431] Building CXX object CMakeFiles/lammps.dir/workspace/microbubble_lammps/work/lammps_particle_engine_20260915_214759/upstream/lammps/src/neigh_request.cpp.o
[297/431] Building CXX object CMakeFiles/lammps.dir/workspace/microbubble_lammps/work/lammps_particle_engine_20260915_214759/upstream/lammps/src/npair.cpp.o
[298/431] Building CXX object CMakeFiles/lammps.dir/workspace/microbubble_lammps/work/lammps_particle_engine_20260915_214759/upstream/lammps/src/npair_bin_ghost.cpp.o
[299/431] Building CXX object CMakeFiles/lammps.dir/workspace/microbubble_lammps/work/lammps_particle_engine_20260915_214759/upstream/lammps/src/npair_copy.cpp.o
[300/431] Building CXX object CMakeFiles/lammps.dir/workspace/microbubble_lammps/work/lammps_particle_engine_20260915_214759/upstream/lammps/src/npair_bin.cpp.o
[301/431] Building CXX object CMakeFiles/lammps.dir/workspace/microbubble_lammps/work/lammps_particle_engine_20260915_214759/upstream/lammps/src/modify.cpp.o
[302/431] Building CXX object CMakeFiles/lammps.dir/workspace/microbubble_lammps/work/lammps_particle_engine_20260915_214759/upstream/lammps/src/npair_halffull.cpp.o
[303/431] Building CXX object CMakeFiles/lammps.dir/workspace/microbubble_lammps/work/lammps_particle_engine_20260915_214759/upstream/lammps/src/neighbor.cpp.o
[304/431] Building CXX object CMakeFiles/lammps.dir/workspace/microbubble_lammps/work/lammps_particle_engine_20260915_214759/upstream/lammps/src/npair_multi_old.cpp.o
[305/431] Building CXX object CMakeFiles/lammps.dir/workspace/microbubble_lammps/work/lammps_particle_engine_20260915_214759/upstream/lammps/src/npair_nsq_ghost.cpp.o
[306/431] Building CXX object CMakeFiles/lammps.dir/workspace/microbubble_lammps/work/lammps_particle_engine_20260915_214759/upstream/lammps/src/npair_nsq.cpp.o
[307/431] Building CXX object CMakeFiles/lammps.dir/workspace/microbubble_lammps/work/lammps_particle_engine_20260915_214759/upstream/lammps/src/npair_multi.cpp.o
[308/431] Building CXX object CMakeFiles/lammps.dir/workspace/microbubble_lammps/work/lammps_particle_engine_20260915_214759/upstream/lammps/src/npair_respa_bin.cpp.o
[309/431] Building CXX object CMakeFiles/lammps.dir/workspace/microbubble_lammps/work/lammps_particle_engine_20260915_214759/upstream/lammps/src/npair_skip.cpp.o
[310/431] Building CXX object CMakeFiles/lammps.dir/workspace/microbubble_lammps/work/lammps_particle_engine_20260915_214759/upstream/lammps/src/npair_skip_size_off2on.cpp.o
[311/431] Building CXX object CMakeFiles/lammps.dir/workspace/microbubble_lammps/work/lammps_particle_engine_20260915_214759/upstream/lammps/src/library.cpp.o
[312/431] Building CXX object CMakeFiles/lammps.dir/workspace/microbubble_lammps/work/lammps_particle_engine_20260915_214759/upstream/lammps/src/npair_respa_nsq.cpp.o
[313/431] Building CXX object CMakeFiles/lammps.dir/workspace/microbubble_lammps/work/lammps_particle_engine_20260915_214759/upstream/lammps/src/npair_skip_respa.cpp.o
[314/431] Building CXX object CMakeFiles/lammps.dir/workspace/microbubble_lammps/work/lammps_particle_engine_20260915_214759/upstream/lammps/src/npair_trim.cpp.o
[315/431] Building CXX object CMakeFiles/lammps.dir/workspace/microbubble_lammps/work/lammps_particle_engine_20260915_214759/upstream/lammps/src/npair_skip_size_off2on_oneside.cpp.o
[316/431] Building CXX object CMakeFiles/lammps.dir/workspace/microbubble_lammps/work/lammps_particle_engine_20260915_214759/upstream/lammps/src/nstencil_ghost_bin.cpp.o
[317/431] Building CXX object CMakeFiles/lammps.dir/workspace/microbubble_lammps/work/lammps_particle_engine_20260915_214759/upstream/lammps/src/nstencil.cpp.o
[318/431] Building CXX object CMakeFiles/lammps.dir/workspace/microbubble_lammps/work/lammps_particle_engine_20260915_214759/upstream/lammps/src/nstencil_bin.cpp.o
[319/431] Building CXX object CMakeFiles/lammps.dir/workspace/microbubble_lammps/work/lammps_particle_engine_20260915_214759/upstream/lammps/src/nstencil_multi.cpp.o
[320/431] Building CXX object CMakeFiles/lammps.dir/workspace/microbubble_lammps/work/lammps_particle_engine_20260915_214759/upstream/lammps/src/nstencil_multi_old.cpp.o
[321/431] Building CXX object CMakeFiles/lammps.dir/workspace/microbubble_lammps/work/lammps_particle_engine_20260915_214759/upstream/lammps/src/ntopo.cpp.o
[322/431] Building CXX object CMakeFiles/lammps.dir/workspace/microbubble_lammps/work/lammps_particle_engine_20260915_214759/upstream/lammps/src/ntopo_angle_all.cpp.o
[323/431] Building CXX object CMakeFiles/lammps.dir/workspace/microbubble_lammps/work/lammps_particle_engine_20260915_214759/upstream/lammps/src/ntopo_angle_partial.cpp.o
[324/431] Building CXX object CMakeFiles/lammps.dir/workspace/microbubble_lammps/work/lammps_particle_engine_20260915_214759/upstream/lammps/src/ntopo_angle_template.cpp.o
[325/431] Building CXX object CMakeFiles/lammps.dir/workspace/microbubble_lammps/work/lammps_particle_engine_20260915_214759/upstream/lammps/src/ntopo_bond_all.cpp.o
[326/431] Building CXX object CMakeFiles/lammps.dir/workspace/microbubble_lammps/work/lammps_particle_engine_20260915_214759/upstream/lammps/src/ntopo_bond_template.cpp.o
[327/431] Building CXX object CMakeFiles/lammps.dir/workspace/microbubble_lammps/work/lammps_particle_engine_20260915_214759/upstream/lammps/src/ntopo_dihedral_all.cpp.o
[328/431] Building CXX object CMakeFiles/lammps.dir/workspace/microbubble_lammps/work/lammps_particle_engine_20260915_214759/upstream/lammps/src/ntopo_bond_partial.cpp.o
[329/431] Building CXX object CMakeFiles/lammps.dir/workspace/microbubble_lammps/work/lammps_particle_engine_20260915_214759/upstream/lammps/src/ntopo_dihedral_partial.cpp.o
[330/431] Building CXX object CMakeFiles/lammps.dir/workspace/microbubble_lammps/work/lammps_particle_engine_20260915_214759/upstream/lammps/src/ntopo_dihedral_template.cpp.o
[331/431] Building CXX object CMakeFiles/lammps.dir/workspace/microbubble_lammps/work/lammps_particle_engine_20260915_214759/upstream/lammps/src/ntopo_improper_all.cpp.o
[332/431] Building CXX object CMakeFiles/lammps.dir/workspace/microbubble_lammps/work/lammps_particle_engine_20260915_214759/upstream/lammps/src/ntopo_improper_partial.cpp.o
[333/431] Building CXX object CMakeFiles/lammps.dir/workspace/microbubble_lammps/work/lammps_particle_engine_20260915_214759/upstream/lammps/src/ntopo_improper_template.cpp.o
[334/431] Building CXX object CMakeFiles/lammps.dir/workspace/microbubble_lammps/work/lammps_particle_engine_20260915_214759/upstream/lammps/src/pair_born.cpp.o
[335/431] Building CXX object CMakeFiles/lammps.dir/workspace/microbubble_lammps/work/lammps_particle_engine_20260915_214759/upstream/lammps/src/pair_buck.cpp.o
[336/431] Building CXX object CMakeFiles/lammps.dir/workspace/microbubble_lammps/work/lammps_particle_engine_20260915_214759/upstream/lammps/src/pair_buck_coul_cut.cpp.o
[337/431] Building CXX object CMakeFiles/lammps.dir/workspace/microbubble_lammps/work/lammps_particle_engine_20260915_214759/upstream/lammps/src/pair_coul_cut.cpp.o
[338/431] Building CXX object CMakeFiles/lammps.dir/workspace/microbubble_lammps/work/lammps_particle_engine_20260915_214759/upstream/lammps/src/pair_coul_debye.cpp.o
[339/431] Building CXX object CMakeFiles/lammps.dir/workspace/microbubble_lammps/work/lammps_particle_engine_20260915_214759/upstream/lammps/src/output.cpp.o
[340/431] Building CXX object CMakeFiles/lammps.dir/workspace/microbubble_lammps/work/lammps_particle_engine_20260915_214759/upstream/lammps/src/lammps.cpp.o
[341/431] Building CXX object CMakeFiles/lammps.dir/workspace/microbubble_lammps/work/lammps_particle_engine_20260915_214759/upstream/lammps/src/pair_coul_dsf.cpp.o
[342/431] Building CXX object CMakeFiles/lammps.dir/workspace/microbubble_lammps/work/lammps_particle_engine_20260915_214759/upstream/lammps/src/pair_deprecated.cpp.o
[343/431] Building CXX object CMakeFiles/lammps.dir/workspace/microbubble_lammps/work/lammps_particle_engine_20260915_214759/upstream/lammps/src/pair_coul_wolf.cpp.o
[344/431] Building CXX object CMakeFiles/lammps.dir/workspace/microbubble_lammps/work/lammps_particle_engine_20260915_214759/upstream/lammps/src/pair.cpp.o
[345/431] Building CXX object CMakeFiles/lammps.dir/workspace/microbubble_lammps/work/lammps_particle_engine_20260915_214759/upstream/lammps/src/pair_hybrid_molecular.cpp.o
[346/431] Building CXX object CMakeFiles/lammps.dir/workspace/microbubble_lammps/work/lammps_particle_engine_20260915_214759/upstream/lammps/src/pair_hybrid_overlay.cpp.o
[347/431] Building CXX object CMakeFiles/lammps.dir/workspace/microbubble_lammps/work/lammps_particle_engine_20260915_214759/upstream/lammps/src/pair_lj_expand.cpp.o
[348/431] Building CXX object CMakeFiles/lammps.dir/workspace/microbubble_lammps/work/lammps_particle_engine_20260915_214759/upstream/lammps/src/pair_lj_cut_coul_cut.cpp.o
[349/431] Building CXX object CMakeFiles/lammps.dir/workspace/microbubble_lammps/work/lammps_particle_engine_20260915_214759/upstream/lammps/src/pair_lj_cut.cpp.o
[350/431] Building CXX object CMakeFiles/lammps.dir/workspace/microbubble_lammps/work/lammps_particle_engine_20260915_214759/upstream/lammps/src/pair_morse.cpp.o
[351/431] Building CXX object CMakeFiles/lammps.dir/workspace/microbubble_lammps/work/lammps_particle_engine_20260915_214759/upstream/lammps/src/pair_hybrid.cpp.o
[352/431] Building CXX object CMakeFiles/lammps.dir/workspace/microbubble_lammps/work/lammps_particle_engine_20260915_214759/upstream/lammps/src/pair_soft.cpp.o
[353/431] Building CXX object CMakeFiles/lammps.dir/workspace/microbubble_lammps/work/lammps_particle_engine_20260915_214759/upstream/lammps/src/pair_hybrid_scaled.cpp.o
[354/431] Building CXX object CMakeFiles/lammps.dir/workspace/microbubble_lammps/work/lammps_particle_engine_20260915_214759/upstream/lammps/src/pair_yukawa.cpp.o
[355/431] Building CXX object CMakeFiles/lammps.dir/workspace/microbubble_lammps/work/lammps_particle_engine_20260915_214759/upstream/lammps/src/pair_zero.cpp.o
[356/431] Building CXX object CMakeFiles/lammps.dir/workspace/microbubble_lammps/work/lammps_particle_engine_20260915_214759/upstream/lammps/src/pair_zbl.cpp.o
[357/431] Building CXX object CMakeFiles/lammps.dir/workspace/microbubble_lammps/work/lammps_particle_engine_20260915_214759/upstream/lammps/src/potential_file_reader.cpp.o
[358/431] Building CXX object CMakeFiles/lammps.dir/workspace/microbubble_lammps/work/lammps_particle_engine_20260915_214759/upstream/lammps/src/pair_table.cpp.o
[359/431] Building CXX object CMakeFiles/lammps.dir/workspace/microbubble_lammps/work/lammps_particle_engine_20260915_214759/upstream/lammps/src/random_mars.cpp.o
[360/431] Building CXX object CMakeFiles/lammps.dir/workspace/microbubble_lammps/work/lammps_particle_engine_20260915_214759/upstream/lammps/src/random_park.cpp.o
[361/431] Building CXX object CMakeFiles/lammps.dir/workspace/microbubble_lammps/work/lammps_particle_engine_20260915_214759/upstream/lammps/src/rcb.cpp.o
[362/431] Building CXX object CMakeFiles/lammps.dir/workspace/microbubble_lammps/work/lammps_particle_engine_20260915_214759/upstream/lammps/src/molecule.cpp.o
[363/431] Building CXX object CMakeFiles/lammps.dir/workspace/microbubble_lammps/work/lammps_particle_engine_20260915_214759/upstream/lammps/src/platform.cpp.o
[364/431] Building CXX object CMakeFiles/lammps.dir/workspace/microbubble_lammps/work/lammps_particle_engine_20260915_214759/upstream/lammps/src/reader.cpp.o
[365/431] Building CXX object CMakeFiles/lammps.dir/workspace/microbubble_lammps/work/lammps_particle_engine_20260915_214759/upstream/lammps/src/procmap.cpp.o
[366/431] Building CXX object CMakeFiles/lammps.dir/workspace/microbubble_lammps/work/lammps_particle_engine_20260915_214759/upstream/lammps/src/reader_xyz.cpp.o
[367/431] Building CXX object CMakeFiles/lammps.dir/workspace/microbubble_lammps/work/lammps_particle_engine_20260915_214759/upstream/lammps/src/read_dump.cpp.o
[368/431] Building CXX object CMakeFiles/lammps.dir/workspace/microbubble_lammps/work/lammps_particle_engine_20260915_214759/upstream/lammps/src/reader_native.cpp.o
[369/431] Building CXX object CMakeFiles/lammps.dir/workspace/microbubble_lammps/work/lammps_particle_engine_20260915_214759/upstream/lammps/src/region_block.cpp.o
[370/431] Building CXX object CMakeFiles/lammps.dir/workspace/microbubble_lammps/work/lammps_particle_engine_20260915_214759/upstream/lammps/src/region_deprecated.cpp.o
[371/431] Building CXX object CMakeFiles/lammps.dir/workspace/microbubble_lammps/work/lammps_particle_engine_20260915_214759/upstream/lammps/src/region.cpp.o
[372/431] Building CXX object CMakeFiles/lammps.dir/workspace/microbubble_lammps/work/lammps_particle_engine_20260915_214759/upstream/lammps/src/region_cone.cpp.o
[373/431] Building CXX object CMakeFiles/lammps.dir/workspace/microbubble_lammps/work/lammps_particle_engine_20260915_214759/upstream/lammps/src/read_restart.cpp.o
[374/431] Building CXX object CMakeFiles/lammps.dir/workspace/microbubble_lammps/work/lammps_particle_engine_20260915_214759/upstream/lammps/src/region_cylinder.cpp.o
[375/431] Building CXX object CMakeFiles/lammps.dir/workspace/microbubble_lammps/work/lammps_particle_engine_20260915_214759/upstream/lammps/src/region_intersect.cpp.o
[376/431] Building CXX object CMakeFiles/lammps.dir/workspace/microbubble_lammps/work/lammps_particle_engine_20260915_214759/upstream/lammps/src/region_plane.cpp.o
[377/431] Building CXX object CMakeFiles/lammps.dir/workspace/microbubble_lammps/work/lammps_particle_engine_20260915_214759/upstream/lammps/src/region_ellipsoid.cpp.o
[378/431] Building CXX object CMakeFiles/lammps.dir/workspace/microbubble_lammps/work/lammps_particle_engine_20260915_214759/upstream/lammps/src/region_sphere.cpp.o
[379/431] Building CXX object CMakeFiles/lammps.dir/workspace/microbubble_lammps/work/lammps_particle_engine_20260915_214759/upstream/lammps/src/region_union.cpp.o
[380/431] Building CXX object CMakeFiles/lammps.dir/workspace/microbubble_lammps/work/lammps_particle_engine_20260915_214759/upstream/lammps/src/rerun.cpp.o
[381/431] Building CXX object CMakeFiles/lammps.dir/workspace/microbubble_lammps/work/lammps_particle_engine_20260915_214759/upstream/lammps/src/reset_atoms_image.cpp.o
[382/431] Building CXX object CMakeFiles/lammps.dir/workspace/microbubble_lammps/work/lammps_particle_engine_20260915_214759/upstream/lammps/src/reset_atoms_id.cpp.o
[383/431] Building CXX object CMakeFiles/lammps.dir/workspace/microbubble_lammps/work/lammps_particle_engine_20260915_214759/upstream/lammps/src/read_data.cpp.o
[384/431] Building CXX object CMakeFiles/lammps.dir/workspace/microbubble_lammps/work/lammps_particle_engine_20260915_214759/upstream/lammps/src/reset_atoms_mol.cpp.o
[385/431] Building CXX object CMakeFiles/lammps.dir/workspace/microbubble_lammps/work/lammps_particle_engine_20260915_214759/upstream/lammps/src/region_prism.cpp.o
[386/431] Building CXX object CMakeFiles/lammps.dir/workspace/microbubble_lammps/work/lammps_particle_engine_20260915_214759/upstream/lammps/src/replicate.cpp.o
[387/431] Building CXX object CMakeFiles/lammps.dir/workspace/microbubble_lammps/work/lammps_particle_engine_20260915_214759/upstream/lammps/src/tabular_function.cpp.o
[388/431] Building CXX object CMakeFiles/lammps.dir/workspace/microbubble_lammps/work/lammps_particle_engine_20260915_214759/upstream/lammps/src/run.cpp.o
[389/431] Building CXX object CMakeFiles/lammps.dir/workspace/microbubble_lammps/work/lammps_particle_engine_20260915_214759/upstream/lammps/src/respa.cpp.o
[390/431] Building CXX object CMakeFiles/lammps.dir/workspace/microbubble_lammps/work/lammps_particle_engine_20260915_214759/upstream/lammps/src/table_file_reader.cpp.o
[391/431] Building CXX object CMakeFiles/lammps.dir/workspace/microbubble_lammps/work/lammps_particle_engine_20260915_214759/upstream/lammps/src/text_file_reader.cpp.o
[392/431] Building CXX object CMakeFiles/lammps.dir/workspace/microbubble_lammps/work/lammps_particle_engine_20260915_214759/upstream/lammps/src/universe.cpp.o
[393/431] Building CXX object CMakeFiles/lammps.dir/workspace/microbubble_lammps/work/lammps_particle_engine_20260915_214759/upstream/lammps/src/tokenizer.cpp.o
[394/431] Building CXX object CMakeFiles/lammps.dir/workspace/microbubble_lammps/work/lammps_particle_engine_20260915_214759/upstream/lammps/src/special.cpp.o
[395/431] Building CXX object CMakeFiles/lammps.dir/workspace/microbubble_lammps/work/lammps_particle_engine_20260915_214759/upstream/lammps/src/update.cpp.o
[396/431] Building CXX object CMakeFiles/lammps.dir/workspace/microbubble_lammps/work/lammps_particle_engine_20260915_214759/upstream/lammps/src/timer.cpp.o
[397/431] Building CXX object CMakeFiles/lammps.dir/workspace/microbubble_lammps/work/lammps_particle_engine_20260915_214759/upstream/lammps/src/verlet.cpp.o
[398/431] Building CXX object CMakeFiles/lammps.dir/workspace/microbubble_lammps/work/lammps_particle_engine_20260915_214759/upstream/lammps/src/write_coeff.cpp.o
[399/431] Building CXX object CMakeFiles/lammps.dir/workspace/microbubble_lammps/work/lammps_particle_engine_20260915_214759/upstream/lammps/src/velocity.cpp.o
[400/431] Building CXX object CMakeFiles/lammps.dir/workspace/microbubble_lammps/work/lammps_particle_engine_20260915_214759/upstream/lammps/src/write_dump.cpp.o
[401/431] Building CXX object CMakeFiles/lammps.dir/workspace/microbubble_lammps/work/lammps_particle_engine_20260915_214759/upstream/lammps/src/thermo.cpp.o
[402/431] Building CXX object CMakeFiles/lammps.dir/workspace/microbubble_lammps/work/lammps_particle_engine_20260915_214759/upstream/lammps/src/set.cpp.o
[403/431] Building CXX object CMakeFiles/lammps.dir/workspace/microbubble_lammps/work/lammps_particle_engine_20260915_214759/upstream/lammps/src/GRANULAR/compute_contact_atom.cpp.o
[404/431] Building CXX object CMakeFiles/lammps.dir/workspace/microbubble_lammps/work/lammps_particle_engine_20260915_214759/upstream/lammps/src/write_data.cpp.o
[405/431] Building CXX object CMakeFiles/lammps.dir/workspace/microbubble_lammps/work/lammps_particle_engine_20260915_214759/upstream/lammps/src/write_restart.cpp.o
[406/431] Building CXX object CMakeFiles/lammps.dir/workspace/microbubble_lammps/work/lammps_particle_engine_20260915_214759/upstream/lammps/src/GRANULAR/fix_add_heat.cpp.o
[407/431] Building CXX object CMakeFiles/lammps.dir/workspace/microbubble_lammps/work/lammps_particle_engine_20260915_214759/upstream/lammps/src/GRANULAR/compute_fabric.cpp.o
[408/431] Building CXX object CMakeFiles/lammps.dir/workspace/microbubble_lammps/work/lammps_particle_engine_20260915_214759/upstream/lammps/src/GRANULAR/fix_damping_cundall.cpp.o
[409/431] Building CXX object CMakeFiles/lammps.dir/workspace/microbubble_lammps/work/lammps_particle_engine_20260915_214759/upstream/lammps/src/GRANULAR/fix_freeze.cpp.o
[410/431] Building CXX object CMakeFiles/lammps.dir/workspace/microbubble_lammps/work/lammps_particle_engine_20260915_214759/upstream/lammps/src/utils.cpp.o
[411/431] Building CXX object CMakeFiles/lammps.dir/workspace/microbubble_lammps/work/lammps_particle_engine_20260915_214759/upstream/lammps/src/GRANULAR/fix_heat_flow.cpp.o
[412/431] Building CXX object CMakeFiles/lammps.dir/workspace/microbubble_lammps/work/lammps_particle_engine_20260915_214759/upstream/lammps/src/GRANULAR/fix_granular_mdr.cpp.o
[413/431] Building CXX object CMakeFiles/lammps.dir/workspace/microbubble_lammps/work/lammps_particle_engine_20260915_214759/upstream/lammps/src/GRANULAR/gran_sub_mod.cpp.o
[414/431] Building CXX object CMakeFiles/lammps.dir/workspace/microbubble_lammps/work/lammps_particle_engine_20260915_214759/upstream/lammps/src/GRANULAR/fix_wall_gran_region.cpp.o
[415/431] Building CXX object CMakeFiles/lammps.dir/workspace/microbubble_lammps/work/lammps_particle_engine_20260915_214759/upstream/lammps/src/GRANULAR/fix_wall_gran.cpp.o
[416/431] Building CXX object CMakeFiles/lammps.dir/workspace/microbubble_lammps/work/lammps_particle_engine_20260915_214759/upstream/lammps/src/GRANULAR/gran_sub_mod_heat.cpp.o
[417/431] Building CXX object CMakeFiles/lammps.dir/workspace/microbubble_lammps/work/lammps_particle_engine_20260915_214759/upstream/lammps/src/GRANULAR/gran_sub_mod_damping.cpp.o
[418/431] Building CXX object CMakeFiles/lammps.dir/workspace/microbubble_lammps/work/lammps_particle_engine_20260915_214759/upstream/lammps/src/GRANULAR/fix_pour.cpp.o
[419/431] Building CXX object CMakeFiles/lammps.dir/workspace/microbubble_lammps/work/lammps_particle_engine_20260915_214759/upstream/lammps/src/GRANULAR/gran_sub_mod_normal.cpp.o
[420/431] Building CXX object CMakeFiles/lammps.dir/workspace/microbubble_lammps/work/lammps_particle_engine_20260915_214759/upstream/lammps/src/GRANULAR/gran_sub_mod_twisting.cpp.o
[421/431] Building CXX object CMakeFiles/lammps.dir/workspace/microbubble_lammps/work/lammps_particle_engine_20260915_214759/upstream/lammps/src/GRANULAR/gran_sub_mod_rolling.cpp.o
[422/431] Building CXX object CMakeFiles/lammps.dir/workspace/microbubble_lammps/work/lammps_particle_engine_20260915_214759/upstream/lammps/src/GRANULAR/gran_sub_mod_tangential.cpp.o
[423/431] Building CXX object CMakeFiles/lammps.dir/workspace/microbubble_lammps/work/lammps_particle_engine_20260915_214759/upstream/lammps/src/GRANULAR/pair_gran_hertz_history.cpp.o
[424/431] Building CXX object CMakeFiles/lammps.dir/workspace/microbubble_lammps/work/lammps_particle_engine_20260915_214759/upstream/lammps/src/GRANULAR/pair_gran_hooke.cpp.o
[425/431] Building CXX object CMakeFiles/lammps.dir/workspace/microbubble_lammps/work/lammps_particle_engine_20260915_214759/upstream/lammps/src/GRANULAR/granular_model.cpp.o
[426/431] Building CXX object CMakeFiles/lammps.dir/workspace/microbubble_lammps/work/lammps_particle_engine_20260915_214759/upstream/lammps/src/GRANULAR/pair_gran_hooke_history.cpp.o
[427/431] Building CXX object CMakeFiles/lammps.dir/workspace/microbubble_lammps/work/lammps_particle_engine_20260915_214759/upstream/lammps/src/GRANULAR/pair_granular.cpp.o
[428/431] Building CXX object CMakeFiles/lmp.dir/workspace/microbubble_lammps/work/lammps_particle_engine_20260915_214759/upstream/lammps/src/main.cpp.o
[429/431] Building CXX object CMakeFiles/lammps.dir/workspace/microbubble_lammps/work/lammps_particle_engine_20260915_214759/upstream/lammps/src/variable.cpp.o
In file included from /usr/include/stdio.h:980,
                 from /usr/include/c++/13/cstdio:42,
                 from /workspace/microbubble_lammps/work/lammps_particle_engine_20260915_214759/upstream/lammps/src/pointers.h:29,
                 from /workspace/microbubble_lammps/work/lammps_particle_engine_20260915_214759/upstream/lammps/src/variable.h:17,
                 from /workspace/microbubble_lammps/work/lammps_particle_engine_20260915_214759/upstream/lammps/src/variable.cpp:15:
In function ‘char* fgets(char*, int, FILE*)’,
    inlined from ‘int LAMMPS_NS::VarReader::read_scalar(char*)’ at /workspace/microbubble_lammps/work/lammps_particle_engine_20260915_214759/upstream/lammps/src/variable.cpp:5792:18:
/usr/include/x86_64-linux-gnu/bits/stdio2.h:200:26: warning: argument 1 is null but the corresponding size argument 2 value is 256 [-Wnonnull]
  200 |     return __fgets_alias (__s, __n, __stream);
      |            ~~~~~~~~~~~~~~^~~~~~~~~~~~~~~~~~~~
In file included from /usr/include/features.h:502,
                 from /usr/include/x86_64-linux-gnu/c++/13/bits/os_defines.h:39,
                 from /usr/include/x86_64-linux-gnu/c++/13/bits/c++config.h:679,
                 from /usr/include/c++/13/cstdint:38,
                 from /usr/include/c++/13/cinttypes:38,
                 from /workspace/microbubble_lammps/work/lammps_particle_engine_20260915_214759/upstream/lammps/src/lmptype.h:45,
                 from /workspace/microbubble_lammps/work/lammps_particle_engine_20260915_214759/upstream/lammps/src/pointers.h:25:
/usr/include/x86_64-linux-gnu/bits/stdio2-decl.h: In member function ‘int LAMMPS_NS::VarReader::read_scalar(char*)’:
/usr/include/x86_64-linux-gnu/bits/stdio2-decl.h:96:14: note: in a call to function ‘char* __fgets_alias(char*, int, FILE*)’ declared with attribute ‘access (write_only, 1, 2)’
   96 | extern char *__REDIRECT (__fgets_alias,
      |              ^~~~~~~~~~
[430/431] Linking CXX static library liblammps.a
[431/431] Linking CXX executable lmp
