COMMAND_JSON=["cmake", "--build", "/workspace/microbubble_lammps/work/lammps_particle_engine_20260915_214759/build_gpu", "--parallel", "8"]
[0/2] Re-checking globbed directories...
[1/540] Generating includes/lammps/atom.h
[2/540] Generating includes/lammps/bond.h
[3/540] Generating includes/lammps/citeme.h
[4/540] Generating includes/lammps/angle.h
[5/540] Generating includes/lammps/command.h
[6/540] Generating includes/lammps/compute.h
[7/540] Generating includes/lammps/comm.h
[8/540] Generating includes/lammps/domain.h
[9/540] Generating includes/lammps/error.h
[10/540] Generating includes/lammps/exceptions.h
[11/540] Generating includes/lammps/fix.h
[12/540] Generating includes/lammps/dihedral.h
[13/540] Generating includes/lammps/force.h
[14/540] Generating includes/lammps/group.h
[15/540] Generating includes/lammps/improper.h
[16/540] Generating includes/lammps/input.h
[17/540] Generating includes/lammps/json.h
[18/540] Generating includes/lammps/info.h
[19/540] Generating includes/lammps/json_fwd.h
[20/540] Generating includes/lammps/kspace.h
[21/540] Generating includes/lammps/lammps.h
[22/540] Generating includes/lammps/lattice.h
[23/540] Generating includes/lammps/library.h
[24/540] Generating includes/lammps/lmppython.h
[25/540] cd /workspace/microbubble_lammps/work/lammps_particle_engine_20260915_214759/build_gpu && /usr/bin/cmake -DLAMMPS_DIR="/workspace/microbubble_lammps/work/lammps_particle_engine_20260915_214759/upstream/lammps" -DGIT_EXECUTABLE="/usr/bin/git" -DGIT_FOUND="TRUE" -DLAMMPS_STYLE_HEADERS_DIR="/workspace/microbubble_lammps/work/lammps_particle_engine_20260915_214759/build_gpu/styles" -P /workspace/microbubble_lammps/work/lammps_particle_engine_20260915_214759/upstream/lammps/cmake/Modules/generate_lmpgitversion.cmake
-- Git Directory: /workspace/microbubble_lammps/work/lammps_particle_engine_20260915_214759/upstream/lammps/.git
-- Generating lmpgitversion.h...
[26/540] Generating includes/lammps/lmptype.h
[27/540] Generating includes/lammps/memory.h
[28/540] Generating includes/lammps/modify.h
[29/540] Generating includes/lammps/neighbor.h
[30/540] Generating includes/lammps/neigh_list.h
[31/540] Generating includes/lammps/output.h
[32/540] Generating includes/lammps/pair.h
[33/540] Generating includes/lammps/platform.h
[34/540] Generating includes/lammps/pointers.h
[35/540] Generating includes/lammps/universe.h
[36/540] Generating includes/lammps/region.h
[37/540] Generating includes/lammps/timer.h
[38/540] Generating includes/lammps/update.h
[39/540] Generating includes/lammps/utils.h
[40/540] Generating includes/lammps/variable.h
[41/540] Generating includes/lammps/fmt/core.h
[42/540] Generating includes/lammps/fmt/format.h
[43/540] Generating includes/lammps/nlohmann/json_fwd.hpp
[44/540] Generating includes/lammps/nlohmann/json.hpp
[45/540] Building CXX object lib/kokkos/core/src/CMakeFiles/kokkoscore.dir/impl/Kokkos_CPUDiscovery.cpp.o
[46/540] Building CXX object lib/kokkos/core/src/CMakeFiles/kokkoscore.dir/impl/Kokkos_Abort.cpp.o
[47/540] Building CXX object lib/kokkos/core/src/CMakeFiles/kokkoscore.dir/impl/Kokkos_HostBarrier.cpp.o
[48/540] Building CXX object CMakeFiles/lammps.dir/workspace/microbubble_lammps/work/lammps_particle_engine_20260915_214759/upstream/lammps/src/angle.cpp.o
[49/540] Building CXX object CMakeFiles/lammps.dir/workspace/microbubble_lammps/work/lammps_particle_engine_20260915_214759/upstream/lammps/src/angle_deprecated.cpp.o
[50/540] Building CXX object CMakeFiles/lammps.dir/workspace/microbubble_lammps/work/lammps_particle_engine_20260915_214759/upstream/lammps/src/angle_hybrid.cpp.o
[51/540] Building CXX object CMakeFiles/lammps.dir/workspace/microbubble_lammps/work/lammps_particle_engine_20260915_214759/upstream/lammps/src/angle_write.cpp.o
[52/540] Building CXX object CMakeFiles/lammps.dir/workspace/microbubble_lammps/work/lammps_particle_engine_20260915_214759/upstream/lammps/src/angle_zero.cpp.o
[53/540] Building CXX object CMakeFiles/lammps.dir/workspace/microbubble_lammps/work/lammps_particle_engine_20260915_214759/upstream/lammps/src/arg_info.cpp.o
[54/540] Building CXX object lib/kokkos/core/src/CMakeFiles/kokkoscore.dir/impl/Kokkos_Command_Line_Parsing.cpp.o
[55/540] Building CXX object lib/kokkos/core/src/CMakeFiles/kokkoscore.dir/impl/Kokkos_ExecPolicy.cpp.o
[56/540] Building CXX object lib/kokkos/core/src/CMakeFiles/kokkoscore.dir/impl/Kokkos_Error.cpp.o
[57/540] Building CXX object CMakeFiles/lammps.dir/workspace/microbubble_lammps/work/lammps_particle_engine_20260915_214759/upstream/lammps/src/atom_map.cpp.o
[58/540] Building CXX object CMakeFiles/lammps.dir/workspace/microbubble_lammps/work/lammps_particle_engine_20260915_214759/upstream/lammps/src/atom_vec_atomic.cpp.o
[59/540] Building CXX object CMakeFiles/lammps.dir/workspace/microbubble_lammps/work/lammps_particle_engine_20260915_214759/upstream/lammps/src/atom_vec_body.cpp.o
[60/540] Building CXX object CMakeFiles/lammps.dir/workspace/microbubble_lammps/work/lammps_particle_engine_20260915_214759/upstream/lammps/src/atom_vec_charge.cpp.o
[61/540] Building CXX object CMakeFiles/lammps.dir/workspace/microbubble_lammps/work/lammps_particle_engine_20260915_214759/upstream/lammps/src/atom_vec.cpp.o
[62/540] Building CXX object CMakeFiles/lammps.dir/workspace/microbubble_lammps/work/lammps_particle_engine_20260915_214759/upstream/lammps/src/atom_vec_ellipsoid.cpp.o
[63/540] Building CXX object lib/kokkos/core/src/CMakeFiles/kokkoscore.dir/impl/Kokkos_Core.cpp.o
[64/540] Building CXX object CMakeFiles/lammps.dir/workspace/microbubble_lammps/work/lammps_particle_engine_20260915_214759/upstream/lammps/src/atom_vec_hybrid.cpp.o
[65/540] Building CXX object CMakeFiles/lammps.dir/workspace/microbubble_lammps/work/lammps_particle_engine_20260915_214759/upstream/lammps/src/atom_vec_line.cpp.o
[66/540] Building CXX object CMakeFiles/lammps.dir/workspace/microbubble_lammps/work/lammps_particle_engine_20260915_214759/upstream/lammps/src/atom_vec_sphere.cpp.o
[67/540] Building CXX object CMakeFiles/lammps.dir/workspace/microbubble_lammps/work/lammps_particle_engine_20260915_214759/upstream/lammps/src/atom_vec_tri.cpp.o
[68/540] Building CXX object CMakeFiles/lammps.dir/workspace/microbubble_lammps/work/lammps_particle_engine_20260915_214759/upstream/lammps/src/body.cpp.o
[69/540] Building CXX object CMakeFiles/lammps.dir/workspace/microbubble_lammps/work/lammps_particle_engine_20260915_214759/upstream/lammps/src/balance.cpp.o
[70/540] Building CXX object CMakeFiles/lammps.dir/workspace/microbubble_lammps/work/lammps_particle_engine_20260915_214759/upstream/lammps/src/bond.cpp.o
[71/540] Building CXX object CMakeFiles/lammps.dir/workspace/microbubble_lammps/work/lammps_particle_engine_20260915_214759/upstream/lammps/src/bond_deprecated.cpp.o
[72/540] Building CXX object CMakeFiles/lammps.dir/workspace/microbubble_lammps/work/lammps_particle_engine_20260915_214759/upstream/lammps/src/bond_hybrid.cpp.o
[73/540] Building CXX object CMakeFiles/lammps.dir/workspace/microbubble_lammps/work/lammps_particle_engine_20260915_214759/upstream/lammps/src/bond_zero.cpp.o
[74/540] Building CXX object CMakeFiles/lammps.dir/workspace/microbubble_lammps/work/lammps_particle_engine_20260915_214759/upstream/lammps/src/citeme.cpp.o
[75/540] Building CXX object CMakeFiles/lammps.dir/workspace/microbubble_lammps/work/lammps_particle_engine_20260915_214759/upstream/lammps/src/change_box.cpp.o
[76/540] Building CXX object CMakeFiles/lammps.dir/workspace/microbubble_lammps/work/lammps_particle_engine_20260915_214759/upstream/lammps/src/comm_brick.cpp.o
[77/540] Building CXX object CMakeFiles/lammps.dir/workspace/microbubble_lammps/work/lammps_particle_engine_20260915_214759/upstream/lammps/src/compute.cpp.o
[78/540] Building CXX object CMakeFiles/lammps.dir/workspace/microbubble_lammps/work/lammps_particle_engine_20260915_214759/upstream/lammps/src/compute_aggregate_atom.cpp.o
[79/540] Building CXX object CMakeFiles/lammps.dir/workspace/microbubble_lammps/work/lammps_particle_engine_20260915_214759/upstream/lammps/src/comm_tiled.cpp.o
[80/540] Building CXX object CMakeFiles/lammps.dir/workspace/microbubble_lammps/work/lammps_particle_engine_20260915_214759/upstream/lammps/src/compute_angle.cpp.o
[81/540] Building CXX object CMakeFiles/lammps.dir/workspace/microbubble_lammps/work/lammps_particle_engine_20260915_214759/upstream/lammps/src/compute_angle_local.cpp.o
[82/540] Building CXX object CMakeFiles/lammps.dir/workspace/microbubble_lammps/work/lammps_particle_engine_20260915_214759/upstream/lammps/src/compute_angmom_chunk.cpp.o
[83/540] Building CXX object CMakeFiles/lammps.dir/workspace/microbubble_lammps/work/lammps_particle_engine_20260915_214759/upstream/lammps/src/compute_bond.cpp.o
[84/540] Building CXX object CMakeFiles/lammps.dir/workspace/microbubble_lammps/work/lammps_particle_engine_20260915_214759/upstream/lammps/src/compute_bond_local.cpp.o
[85/540] Building CXX object CMakeFiles/lammps.dir/workspace/microbubble_lammps/work/lammps_particle_engine_20260915_214759/upstream/lammps/src/compute_centro_atom.cpp.o
[86/540] Building CXX object CMakeFiles/lammps.dir/workspace/microbubble_lammps/work/lammps_particle_engine_20260915_214759/upstream/lammps/src/compute_centroid_stress_atom.cpp.o
[87/540] Building CXX object CMakeFiles/lammps.dir/workspace/microbubble_lammps/work/lammps_particle_engine_20260915_214759/upstream/lammps/src/compute_chunk.cpp.o
[88/540] Building CXX object CMakeFiles/lammps.dir/workspace/microbubble_lammps/work/lammps_particle_engine_20260915_214759/upstream/lammps/src/compute_chunk_spread_atom.cpp.o
[89/540] Building CXX object CMakeFiles/lammps.dir/workspace/microbubble_lammps/work/lammps_particle_engine_20260915_214759/upstream/lammps/src/compute_chunk_atom.cpp.o
[90/540] Building CXX object CMakeFiles/lammps.dir/workspace/microbubble_lammps/work/lammps_particle_engine_20260915_214759/upstream/lammps/src/compute_cluster_atom.cpp.o
[91/540] Building CXX object CMakeFiles/lammps.dir/workspace/microbubble_lammps/work/lammps_particle_engine_20260915_214759/upstream/lammps/src/compute_cna_atom.cpp.o
[92/540] Building CXX object CMakeFiles/lammps.dir/workspace/microbubble_lammps/work/lammps_particle_engine_20260915_214759/upstream/lammps/src/compute_com.cpp.o
[93/540] Building CXX object CMakeFiles/lammps.dir/workspace/microbubble_lammps/work/lammps_particle_engine_20260915_214759/upstream/lammps/src/compute_com_chunk.cpp.o
[94/540] Building CXX object CMakeFiles/lammps.dir/workspace/microbubble_lammps/work/lammps_particle_engine_20260915_214759/upstream/lammps/src/compute_coord_atom.cpp.o
[95/540] Building CXX object CMakeFiles/lammps.dir/workspace/microbubble_lammps/work/lammps_particle_engine_20260915_214759/upstream/lammps/src/compute_count_type.cpp.o
[96/540] Building CXX object CMakeFiles/lammps.dir/workspace/microbubble_lammps/work/lammps_particle_engine_20260915_214759/upstream/lammps/src/compute_deprecated.cpp.o
[97/540] Building CXX object CMakeFiles/lammps.dir/workspace/microbubble_lammps/work/lammps_particle_engine_20260915_214759/upstream/lammps/src/compute_dihedral.cpp.o
[98/540] Building CXX object CMakeFiles/lammps.dir/workspace/microbubble_lammps/work/lammps_particle_engine_20260915_214759/upstream/lammps/src/compute_dihedral_local.cpp.o
[99/540] Building CXX object CMakeFiles/lammps.dir/workspace/microbubble_lammps/work/lammps_particle_engine_20260915_214759/upstream/lammps/src/compute_dipole.cpp.o
[100/540] Building CXX object CMakeFiles/lammps.dir/workspace/microbubble_lammps/work/lammps_particle_engine_20260915_214759/upstream/lammps/src/compute_dipole_chunk.cpp.o
[101/540] Building CXX object CMakeFiles/lammps.dir/workspace/microbubble_lammps/work/lammps_particle_engine_20260915_214759/upstream/lammps/src/compute_erotate_sphere.cpp.o
[102/540] Building CXX object CMakeFiles/lammps.dir/workspace/microbubble_lammps/work/lammps_particle_engine_20260915_214759/upstream/lammps/src/compute_displace_atom.cpp.o
[103/540] Building CXX object CMakeFiles/lammps.dir/workspace/microbubble_lammps/work/lammps_particle_engine_20260915_214759/upstream/lammps/src/compute_fragment_atom.cpp.o
[104/540] Building CXX object CMakeFiles/lammps.dir/workspace/microbubble_lammps/work/lammps_particle_engine_20260915_214759/upstream/lammps/src/compute_erotate_sphere_atom.cpp.o
[105/540] Building CXX object CMakeFiles/lammps.dir/workspace/microbubble_lammps/work/lammps_particle_engine_20260915_214759/upstream/lammps/src/compute_global_atom.cpp.o
[106/540] Building CXX object CMakeFiles/lammps.dir/workspace/microbubble_lammps/work/lammps_particle_engine_20260915_214759/upstream/lammps/src/compute_gyration.cpp.o
[107/540] Building CXX object CMakeFiles/lammps.dir/workspace/microbubble_lammps/work/lammps_particle_engine_20260915_214759/upstream/lammps/src/compute_group_group.cpp.o
[108/540] Building CXX object CMakeFiles/lammps.dir/workspace/microbubble_lammps/work/lammps_particle_engine_20260915_214759/upstream/lammps/src/compute_gyration_chunk.cpp.o
[109/540] Building CXX object CMakeFiles/lammps.dir/workspace/microbubble_lammps/work/lammps_particle_engine_20260915_214759/upstream/lammps/src/atom.cpp.o
[110/540] Building CXX object CMakeFiles/lammps.dir/workspace/microbubble_lammps/work/lammps_particle_engine_20260915_214759/upstream/lammps/src/compute_improper.cpp.o
[111/540] Building CXX object CMakeFiles/lammps.dir/workspace/microbubble_lammps/work/lammps_particle_engine_20260915_214759/upstream/lammps/src/compute_heat_flux.cpp.o
[112/540] Building CXX object CMakeFiles/lammps.dir/workspace/microbubble_lammps/work/lammps_particle_engine_20260915_214759/upstream/lammps/src/compute_ke.cpp.o
[113/540] Building CXX object CMakeFiles/lammps.dir/workspace/microbubble_lammps/work/lammps_particle_engine_20260915_214759/upstream/lammps/src/compute_ke_atom.cpp.o
[114/540] Building CXX object CMakeFiles/lammps.dir/workspace/microbubble_lammps/work/lammps_particle_engine_20260915_214759/upstream/lammps/src/compute_improper_local.cpp.o
[115/540] Building CXX object CMakeFiles/lammps.dir/workspace/microbubble_lammps/work/lammps_particle_engine_20260915_214759/upstream/lammps/src/compute_inertia_chunk.cpp.o
[116/540] Building CXX object CMakeFiles/lammps.dir/workspace/microbubble_lammps/work/lammps_particle_engine_20260915_214759/upstream/lammps/src/compute_msd.cpp.o
[117/540] Building CXX object CMakeFiles/lammps.dir/workspace/microbubble_lammps/work/lammps_particle_engine_20260915_214759/upstream/lammps/src/compute_omega_chunk.cpp.o
[118/540] Building CXX object CMakeFiles/lammps.dir/workspace/microbubble_lammps/work/lammps_particle_engine_20260915_214759/upstream/lammps/src/compute_msd_chunk.cpp.o
[119/540] Building CXX object CMakeFiles/lammps.dir/workspace/microbubble_lammps/work/lammps_particle_engine_20260915_214759/upstream/lammps/src/compute_pair.cpp.o
[120/540] Building CXX object CMakeFiles/lammps.dir/workspace/microbubble_lammps/work/lammps_particle_engine_20260915_214759/upstream/lammps/src/compute_orientorder_atom.cpp.o
[121/540] Building CXX object CMakeFiles/lammps.dir/workspace/microbubble_lammps/work/lammps_particle_engine_20260915_214759/upstream/lammps/src/comm.cpp.o
[122/540] Building CXX object CMakeFiles/lammps.dir/workspace/microbubble_lammps/work/lammps_particle_engine_20260915_214759/upstream/lammps/src/compute_pe.cpp.o
[123/540] Building CXX object CMakeFiles/lammps.dir/workspace/microbubble_lammps/work/lammps_particle_engine_20260915_214759/upstream/lammps/src/compute_pair_local.cpp.o
[124/540] Building CXX object CMakeFiles/lammps.dir/workspace/microbubble_lammps/work/lammps_particle_engine_20260915_214759/upstream/lammps/src/compute_pe_atom.cpp.o
[125/540] Building CXX object CMakeFiles/lammps.dir/workspace/microbubble_lammps/work/lammps_particle_engine_20260915_214759/upstream/lammps/src/compute_pressure.cpp.o
[126/540] Building CXX object CMakeFiles/lammps.dir/workspace/microbubble_lammps/work/lammps_particle_engine_20260915_214759/upstream/lammps/src/compute_property_chunk.cpp.o
[127/540] Building CXX object CMakeFiles/lammps.dir/workspace/microbubble_lammps/work/lammps_particle_engine_20260915_214759/upstream/lammps/src/compute_property_atom.cpp.o
[128/540] Building CXX object CMakeFiles/lammps.dir/workspace/microbubble_lammps/work/lammps_particle_engine_20260915_214759/upstream/lammps/src/compute_reduce_chunk.cpp.o
[129/540] Building CXX object CMakeFiles/lammps.dir/workspace/microbubble_lammps/work/lammps_particle_engine_20260915_214759/upstream/lammps/src/compute_property_grid.cpp.o
[130/540] Building CXX object CMakeFiles/lammps.dir/workspace/microbubble_lammps/work/lammps_particle_engine_20260915_214759/upstream/lammps/src/compute_rdf.cpp.o
[131/540] Building CXX object CMakeFiles/lammps.dir/workspace/microbubble_lammps/work/lammps_particle_engine_20260915_214759/upstream/lammps/src/compute_property_local.cpp.o
[132/540] Building CXX object CMakeFiles/lammps.dir/workspace/microbubble_lammps/work/lammps_particle_engine_20260915_214759/upstream/lammps/src/compute_reduce.cpp.o
[133/540] Building CXX object CMakeFiles/lammps.dir/workspace/microbubble_lammps/work/lammps_particle_engine_20260915_214759/upstream/lammps/src/compute_reduce_region.cpp.o
[134/540] Building CXX object CMakeFiles/lammps.dir/workspace/microbubble_lammps/work/lammps_particle_engine_20260915_214759/upstream/lammps/src/compute_slice.cpp.o
[135/540] Building CXX object CMakeFiles/lammps.dir/workspace/microbubble_lammps/work/lammps_particle_engine_20260915_214759/upstream/lammps/src/compute_stress_atom.cpp.o
[136/540] Building CXX object CMakeFiles/lammps.dir/workspace/microbubble_lammps/work/lammps_particle_engine_20260915_214759/upstream/lammps/src/compute_temp.cpp.o
[137/540] Building CXX object CMakeFiles/lammps.dir/workspace/microbubble_lammps/work/lammps_particle_engine_20260915_214759/upstream/lammps/src/compute_temp_deform.cpp.o
[138/540] Building CXX object CMakeFiles/lammps.dir/workspace/microbubble_lammps/work/lammps_particle_engine_20260915_214759/upstream/lammps/src/compute_temp_com.cpp.o
[139/540] Building CXX object CMakeFiles/lammps.dir/workspace/microbubble_lammps/work/lammps_particle_engine_20260915_214759/upstream/lammps/src/compute_temp_partial.cpp.o
[140/540] Building CXX object CMakeFiles/lammps.dir/workspace/microbubble_lammps/work/lammps_particle_engine_20260915_214759/upstream/lammps/src/compute_temp_chunk.cpp.o
[141/540] Building CXX object CMakeFiles/lammps.dir/workspace/microbubble_lammps/work/lammps_particle_engine_20260915_214759/upstream/lammps/src/compute_temp_profile.cpp.o
[142/540] Building CXX object CMakeFiles/lammps.dir/workspace/microbubble_lammps/work/lammps_particle_engine_20260915_214759/upstream/lammps/src/compute_temp_region.cpp.o
[143/540] Building CXX object CMakeFiles/lammps.dir/workspace/microbubble_lammps/work/lammps_particle_engine_20260915_214759/upstream/lammps/src/compute_temp_ramp.cpp.o
[144/540] Building CXX object CMakeFiles/lammps.dir/workspace/microbubble_lammps/work/lammps_particle_engine_20260915_214759/upstream/lammps/src/compute_temp_sphere.cpp.o
[145/540] Building CXX object CMakeFiles/lammps.dir/workspace/microbubble_lammps/work/lammps_particle_engine_20260915_214759/upstream/lammps/src/compute_torque_chunk.cpp.o
[146/540] Building CXX object CMakeFiles/lammps.dir/workspace/microbubble_lammps/work/lammps_particle_engine_20260915_214759/upstream/lammps/src/compute_vacf.cpp.o
[147/540] Building CXX object CMakeFiles/lammps.dir/workspace/microbubble_lammps/work/lammps_particle_engine_20260915_214759/upstream/lammps/src/compute_vacf_chunk.cpp.o
[148/540] Building CXX object CMakeFiles/lammps.dir/workspace/microbubble_lammps/work/lammps_particle_engine_20260915_214759/upstream/lammps/src/compute_vcm_chunk.cpp.o
[149/540] Building CXX object CMakeFiles/lammps.dir/workspace/microbubble_lammps/work/lammps_particle_engine_20260915_214759/upstream/lammps/src/create_box.cpp.o
[150/540] Building CXX object CMakeFiles/lammps.dir/workspace/microbubble_lammps/work/lammps_particle_engine_20260915_214759/upstream/lammps/src/create_bonds.cpp.o
[151/540] Building CXX object CMakeFiles/lammps.dir/workspace/microbubble_lammps/work/lammps_particle_engine_20260915_214759/upstream/lammps/src/deprecated.cpp.o
[152/540] Building CXX object CMakeFiles/lammps.dir/workspace/microbubble_lammps/work/lammps_particle_engine_20260915_214759/upstream/lammps/src/create_atoms.cpp.o
[153/540] Building CXX object CMakeFiles/lammps.dir/workspace/microbubble_lammps/work/lammps_particle_engine_20260915_214759/upstream/lammps/src/delete_bonds.cpp.o
[154/540] Building CXX object CMakeFiles/lammps.dir/workspace/microbubble_lammps/work/lammps_particle_engine_20260915_214759/upstream/lammps/src/delete_atoms.cpp.o
[155/540] Building CXX object CMakeFiles/lammps.dir/workspace/microbubble_lammps/work/lammps_particle_engine_20260915_214759/upstream/lammps/src/dihedral_deprecated.cpp.o
[156/540] Building CXX object CMakeFiles/lammps.dir/workspace/microbubble_lammps/work/lammps_particle_engine_20260915_214759/upstream/lammps/src/dihedral.cpp.o
[157/540] Building CXX object CMakeFiles/lammps.dir/workspace/microbubble_lammps/work/lammps_particle_engine_20260915_214759/upstream/lammps/src/dihedral_hybrid.cpp.o
[158/540] Building CXX object CMakeFiles/lammps.dir/workspace/microbubble_lammps/work/lammps_particle_engine_20260915_214759/upstream/lammps/src/dihedral_write.cpp.o
[159/540] Building CXX object CMakeFiles/lammps.dir/workspace/microbubble_lammps/work/lammps_particle_engine_20260915_214759/upstream/lammps/src/dihedral_zero.cpp.o
[160/540] Building CXX object CMakeFiles/lammps.dir/workspace/microbubble_lammps/work/lammps_particle_engine_20260915_214759/upstream/lammps/src/displace_atoms.cpp.o
[161/540] Building CXX object CMakeFiles/lammps.dir/workspace/microbubble_lammps/work/lammps_particle_engine_20260915_214759/upstream/lammps/src/dump_atom.cpp.o
[162/540] Building CXX object CMakeFiles/lammps.dir/workspace/microbubble_lammps/work/lammps_particle_engine_20260915_214759/upstream/lammps/src/dump.cpp.o
[163/540] Building CXX object CMakeFiles/lammps.dir/workspace/microbubble_lammps/work/lammps_particle_engine_20260915_214759/upstream/lammps/src/dump_cfg.cpp.o
[164/540] Building CXX object CMakeFiles/lammps.dir/workspace/microbubble_lammps/work/lammps_particle_engine_20260915_214759/upstream/lammps/src/dump_deprecated.cpp.o
[165/540] Building CXX object CMakeFiles/lammps.dir/workspace/microbubble_lammps/work/lammps_particle_engine_20260915_214759/upstream/lammps/src/dump_grid_vtk.cpp.o
[166/540] Building CXX object CMakeFiles/lammps.dir/workspace/microbubble_lammps/work/lammps_particle_engine_20260915_214759/upstream/lammps/src/dump_grid.cpp.o
[167/540] Building CXX object CMakeFiles/lammps.dir/workspace/microbubble_lammps/work/lammps_particle_engine_20260915_214759/upstream/lammps/src/dump_movie.cpp.o
[168/540] Building CXX object CMakeFiles/lammps.dir/workspace/microbubble_lammps/work/lammps_particle_engine_20260915_214759/upstream/lammps/src/dump_custom.cpp.o
[169/540] Building CXX object CMakeFiles/lammps.dir/workspace/microbubble_lammps/work/lammps_particle_engine_20260915_214759/upstream/lammps/src/dump_xyz.cpp.o
[170/540] Building CXX object CMakeFiles/lammps.dir/workspace/microbubble_lammps/work/lammps_particle_engine_20260915_214759/upstream/lammps/src/dump_local.cpp.o
[171/540] Building CXX object CMakeFiles/lammps.dir/workspace/microbubble_lammps/work/lammps_particle_engine_20260915_214759/upstream/lammps/src/dump_image.cpp.o
[172/540] Building CXX object CMakeFiles/lammps.dir/workspace/microbubble_lammps/work/lammps_particle_engine_20260915_214759/upstream/lammps/src/fix.cpp.o
[173/540] Building CXX object CMakeFiles/lammps.dir/workspace/microbubble_lammps/work/lammps_particle_engine_20260915_214759/upstream/lammps/src/fix_addforce.cpp.o
[174/540] Building CXX object CMakeFiles/lammps.dir/workspace/microbubble_lammps/work/lammps_particle_engine_20260915_214759/upstream/lammps/src/fix_adapt.cpp.o
[175/540] Building CXX object CMakeFiles/lammps.dir/workspace/microbubble_lammps/work/lammps_particle_engine_20260915_214759/upstream/lammps/src/fix_ave_atom.cpp.o
[176/540] Building CXX object CMakeFiles/lammps.dir/workspace/microbubble_lammps/work/lammps_particle_engine_20260915_214759/upstream/lammps/src/fix_ave_chunk.cpp.o
[177/540] Building CXX object CMakeFiles/lammps.dir/workspace/microbubble_lammps/work/lammps_particle_engine_20260915_214759/upstream/lammps/src/fix_ave_correlate.cpp.o
[178/540] Building CXX object CMakeFiles/lammps.dir/workspace/microbubble_lammps/work/lammps_particle_engine_20260915_214759/upstream/lammps/src/fix_ave_histo_weight.cpp.o
[179/540] Building CXX object CMakeFiles/lammps.dir/workspace/microbubble_lammps/work/lammps_particle_engine_20260915_214759/upstream/lammps/src/fix_ave_grid.cpp.o
[180/540] Building CXX object CMakeFiles/lammps.dir/workspace/microbubble_lammps/work/lammps_particle_engine_20260915_214759/upstream/lammps/src/fix_ave_histo.cpp.o
[181/540] Building CXX object CMakeFiles/lammps.dir/workspace/microbubble_lammps/work/lammps_particle_engine_20260915_214759/upstream/lammps/src/fix_ave_time.cpp.o
[182/540] Building CXX object CMakeFiles/lammps.dir/workspace/microbubble_lammps/work/lammps_particle_engine_20260915_214759/upstream/lammps/src/fix_aveforce.cpp.o
[183/540] Building CXX object CMakeFiles/lammps.dir/workspace/microbubble_lammps/work/lammps_particle_engine_20260915_214759/upstream/lammps/src/fix_balance.cpp.o
[184/540] Building CXX object CMakeFiles/lammps.dir/workspace/microbubble_lammps/work/lammps_particle_engine_20260915_214759/upstream/lammps/src/fix_bond_history.cpp.o
[185/540] Building CXX object CMakeFiles/lammps.dir/workspace/microbubble_lammps/work/lammps_particle_engine_20260915_214759/upstream/lammps/src/fix_box_relax.cpp.o
[186/540] Building CXX object CMakeFiles/lammps.dir/workspace/microbubble_lammps/work/lammps_particle_engine_20260915_214759/upstream/lammps/src/fix_deposit.cpp.o
[187/540] Building CXX object CMakeFiles/lammps.dir/workspace/microbubble_lammps/work/lammps_particle_engine_20260915_214759/upstream/lammps/src/fix_deform.cpp.o
[188/540] Building CXX object CMakeFiles/lammps.dir/workspace/microbubble_lammps/work/lammps_particle_engine_20260915_214759/upstream/lammps/src/fix_deprecated.cpp.o
[189/540] Building CXX object CMakeFiles/lammps.dir/workspace/microbubble_lammps/work/lammps_particle_engine_20260915_214759/upstream/lammps/src/fix_dt_reset.cpp.o
[190/540] Building CXX object CMakeFiles/lammps.dir/workspace/microbubble_lammps/work/lammps_particle_engine_20260915_214759/upstream/lammps/src/fix_dummy.cpp.o
[191/540] Building CXX object CMakeFiles/lammps.dir/workspace/microbubble_lammps/work/lammps_particle_engine_20260915_214759/upstream/lammps/src/fix_enforce2d.cpp.o
[192/540] Building CXX object CMakeFiles/lammps.dir/workspace/microbubble_lammps/work/lammps_particle_engine_20260915_214759/upstream/lammps/src/fix_efield.cpp.o
[193/540] Building CXX object CMakeFiles/lammps.dir/workspace/microbubble_lammps/work/lammps_particle_engine_20260915_214759/upstream/lammps/src/fix_evaporate.cpp.o
[194/540] Building CXX object CMakeFiles/lammps.dir/workspace/microbubble_lammps/work/lammps_particle_engine_20260915_214759/upstream/lammps/src/fix_external.cpp.o
[195/540] Building CXX object CMakeFiles/lammps.dir/workspace/microbubble_lammps/work/lammps_particle_engine_20260915_214759/upstream/lammps/src/fix_gravity.cpp.o
[196/540] Building CXX object CMakeFiles/lammps.dir/workspace/microbubble_lammps/work/lammps_particle_engine_20260915_214759/upstream/lammps/src/domain.cpp.o
[197/540] Building CXX object CMakeFiles/lammps.dir/workspace/microbubble_lammps/work/lammps_particle_engine_20260915_214759/upstream/lammps/src/fix_group.cpp.o
[198/540] Building CXX object CMakeFiles/lammps.dir/workspace/microbubble_lammps/work/lammps_particle_engine_20260915_214759/upstream/lammps/src/fix_halt.cpp.o
[199/540] Building CXX object CMakeFiles/lammps.dir/workspace/microbubble_lammps/work/lammps_particle_engine_20260915_214759/upstream/lammps/src/fix_heat.cpp.o
[200/540] Building CXX object CMakeFiles/lammps.dir/workspace/microbubble_lammps/work/lammps_particle_engine_20260915_214759/upstream/lammps/src/fix_indent.cpp.o
[201/540] Building CXX object CMakeFiles/lammps.dir/workspace/microbubble_lammps/work/lammps_particle_engine_20260915_214759/upstream/lammps/src/fix_lineforce.cpp.o
[202/540] Building CXX object CMakeFiles/lammps.dir/workspace/microbubble_lammps/work/lammps_particle_engine_20260915_214759/upstream/lammps/src/fix_minimize.cpp.o
[203/540] Building CXX object CMakeFiles/lammps.dir/workspace/microbubble_lammps/work/lammps_particle_engine_20260915_214759/upstream/lammps/src/fix_momentum.cpp.o
[204/540] Building CXX object CMakeFiles/lammps.dir/workspace/microbubble_lammps/work/lammps_particle_engine_20260915_214759/upstream/lammps/src/finish.cpp.o
[205/540] Building CXX object CMakeFiles/lammps.dir/workspace/microbubble_lammps/work/lammps_particle_engine_20260915_214759/upstream/lammps/src/error.cpp.o
[206/540] Building CXX object CMakeFiles/lammps.dir/workspace/microbubble_lammps/work/lammps_particle_engine_20260915_214759/upstream/lammps/src/fix_langevin.cpp.o
[207/540] Building CXX object CMakeFiles/lammps.dir/workspace/microbubble_lammps/work/lammps_particle_engine_20260915_214759/upstream/lammps/src/fix_move.cpp.o
[208/540] Building CXX object CMakeFiles/lammps.dir/workspace/microbubble_lammps/work/lammps_particle_engine_20260915_214759/upstream/lammps/src/fix_neigh_history.cpp.o
[209/540] Building CXX object CMakeFiles/lammps.dir/workspace/microbubble_lammps/work/lammps_particle_engine_20260915_214759/upstream/lammps/src/fix_nh_sphere.cpp.o
[210/540] Building CXX object CMakeFiles/lammps.dir/workspace/microbubble_lammps/work/lammps_particle_engine_20260915_214759/upstream/lammps/src/fix_nph.cpp.o
[211/540] Building CXX object CMakeFiles/lammps.dir/workspace/microbubble_lammps/work/lammps_particle_engine_20260915_214759/upstream/lammps/src/fix_nh.cpp.o
[212/540] Building CXX object CMakeFiles/lammps.dir/workspace/microbubble_lammps/work/lammps_particle_engine_20260915_214759/upstream/lammps/src/fix_nph_sphere.cpp.o
[213/540] Building CXX object CMakeFiles/lammps.dir/workspace/microbubble_lammps/work/lammps_particle_engine_20260915_214759/upstream/lammps/src/fix_npt.cpp.o
[214/540] Building CXX object CMakeFiles/lammps.dir/workspace/microbubble_lammps/work/lammps_particle_engine_20260915_214759/upstream/lammps/src/fix_npt_sphere.cpp.o
[215/540] Building CXX object CMakeFiles/lammps.dir/workspace/microbubble_lammps/work/lammps_particle_engine_20260915_214759/upstream/lammps/src/fix_nve.cpp.o
[216/540] Building CXX object CMakeFiles/lammps.dir/workspace/microbubble_lammps/work/lammps_particle_engine_20260915_214759/upstream/lammps/src/fix_nve_limit.cpp.o
[217/540] Building CXX object CMakeFiles/lammps.dir/workspace/microbubble_lammps/work/lammps_particle_engine_20260915_214759/upstream/lammps/src/fix_nve_noforce.cpp.o
[218/540] Building CXX object CMakeFiles/lammps.dir/workspace/microbubble_lammps/work/lammps_particle_engine_20260915_214759/upstream/lammps/src/fix_nvt.cpp.o
[219/540] Building CXX object CMakeFiles/lammps.dir/workspace/microbubble_lammps/work/lammps_particle_engine_20260915_214759/upstream/lammps/src/fix_nve_sphere.cpp.o
[220/540] Building CXX object CMakeFiles/lammps.dir/workspace/microbubble_lammps/work/lammps_particle_engine_20260915_214759/upstream/lammps/src/fix_nvt_sphere.cpp.o
[221/540] Building CXX object CMakeFiles/lammps.dir/workspace/microbubble_lammps/work/lammps_particle_engine_20260915_214759/upstream/lammps/src/fix_nvt_sllod.cpp.o
[222/540] Building CXX object CMakeFiles/lammps.dir/workspace/microbubble_lammps/work/lammps_particle_engine_20260915_214759/upstream/lammps/src/fix_planeforce.cpp.o
[223/540] Building CXX object CMakeFiles/lammps.dir/workspace/microbubble_lammps/work/lammps_particle_engine_20260915_214759/upstream/lammps/src/fix_pair.cpp.o
[224/540] Building CXX object CMakeFiles/lammps.dir/workspace/microbubble_lammps/work/lammps_particle_engine_20260915_214759/upstream/lammps/src/fix_press_berendsen.cpp.o
[225/540] Building CXX object CMakeFiles/lammps.dir/workspace/microbubble_lammps/work/lammps_particle_engine_20260915_214759/upstream/lammps/src/fix_print.cpp.o
[226/540] Building CXX object CMakeFiles/lammps.dir/workspace/microbubble_lammps/work/lammps_particle_engine_20260915_214759/upstream/lammps/src/fix_press_langevin.cpp.o
[227/540] Building CXX object CMakeFiles/lammps.dir/workspace/microbubble_lammps/work/lammps_particle_engine_20260915_214759/upstream/lammps/src/fix_read_restart.cpp.o
[228/540] Building CXX object CMakeFiles/lammps.dir/workspace/microbubble_lammps/work/lammps_particle_engine_20260915_214759/upstream/lammps/src/fix_respa.cpp.o
[229/540] Building CXX object CMakeFiles/lammps.dir/workspace/microbubble_lammps/work/lammps_particle_engine_20260915_214759/upstream/lammps/src/fix_recenter.cpp.o
[230/540] Building CXX object CMakeFiles/lammps.dir/workspace/microbubble_lammps/work/lammps_particle_engine_20260915_214759/upstream/lammps/src/fix_property_atom.cpp.o
[231/540] Building CXX object CMakeFiles/lammps.dir/workspace/microbubble_lammps/work/lammps_particle_engine_20260915_214759/upstream/lammps/src/fix_restrain.cpp.o
[232/540] Building CXX object CMakeFiles/lammps.dir/workspace/microbubble_lammps/work/lammps_particle_engine_20260915_214759/upstream/lammps/src/fix_set.cpp.o
[233/540] Building CXX object CMakeFiles/lammps.dir/workspace/microbubble_lammps/work/lammps_particle_engine_20260915_214759/upstream/lammps/src/fix_setforce.cpp.o
[234/540] Building CXX object CMakeFiles/lammps.dir/workspace/microbubble_lammps/work/lammps_particle_engine_20260915_214759/upstream/lammps/src/fix_spring.cpp.o
[235/540] Building CXX object CMakeFiles/lammps.dir/workspace/microbubble_lammps/work/lammps_particle_engine_20260915_214759/upstream/lammps/src/fix_spring_chunk.cpp.o
[236/540] Building CXX object CMakeFiles/lammps.dir/workspace/microbubble_lammps/work/lammps_particle_engine_20260915_214759/upstream/lammps/src/fix_spring_self.cpp.o
[237/540] Building CXX object CMakeFiles/lammps.dir/workspace/microbubble_lammps/work/lammps_particle_engine_20260915_214759/upstream/lammps/src/fix_store_force.cpp.o
[238/540] Building CXX object CMakeFiles/lammps.dir/workspace/microbubble_lammps/work/lammps_particle_engine_20260915_214759/upstream/lammps/src/fix_store_atom.cpp.o
[239/540] Building CXX object CMakeFiles/lammps.dir/workspace/microbubble_lammps/work/lammps_particle_engine_20260915_214759/upstream/lammps/src/fix_store_global.cpp.o
[240/540] Building CXX object CMakeFiles/lammps.dir/workspace/microbubble_lammps/work/lammps_particle_engine_20260915_214759/upstream/lammps/src/fix_store_local.cpp.o
[241/540] Building CXX object CMakeFiles/lammps.dir/workspace/microbubble_lammps/work/lammps_particle_engine_20260915_214759/upstream/lammps/src/fix_store_state.cpp.o
[242/540] Building CXX object CMakeFiles/lammps.dir/workspace/microbubble_lammps/work/lammps_particle_engine_20260915_214759/upstream/lammps/src/fix_thermal_conductivity.cpp.o
[243/540] Building CXX object CMakeFiles/lammps.dir/workspace/microbubble_lammps/work/lammps_particle_engine_20260915_214759/upstream/lammps/src/fix_temp_berendsen.cpp.o
[244/540] Building CXX object CMakeFiles/lammps.dir/workspace/microbubble_lammps/work/lammps_particle_engine_20260915_214759/upstream/lammps/src/fix_vector.cpp.o
[245/540] Building CXX object CMakeFiles/lammps.dir/workspace/microbubble_lammps/work/lammps_particle_engine_20260915_214759/upstream/lammps/src/fix_temp_rescale.cpp.o
[246/540] Building CXX object CMakeFiles/lammps.dir/workspace/microbubble_lammps/work/lammps_particle_engine_20260915_214759/upstream/lammps/src/fix_viscous.cpp.o
[247/540] Building CXX object CMakeFiles/lammps.dir/workspace/microbubble_lammps/work/lammps_particle_engine_20260915_214759/upstream/lammps/src/fix_wall_harmonic.cpp.o
[248/540] Building CXX object CMakeFiles/lammps.dir/workspace/microbubble_lammps/work/lammps_particle_engine_20260915_214759/upstream/lammps/src/fix_wall.cpp.o
[249/540] Building CXX object CMakeFiles/lammps.dir/workspace/microbubble_lammps/work/lammps_particle_engine_20260915_214759/upstream/lammps/src/fix_wall_lj1043.cpp.o
[250/540] Building CXX object CMakeFiles/lammps.dir/workspace/microbubble_lammps/work/lammps_particle_engine_20260915_214759/upstream/lammps/src/fix_wall_lj126.cpp.o
[251/540] Building CXX object CMakeFiles/lammps.dir/workspace/microbubble_lammps/work/lammps_particle_engine_20260915_214759/upstream/lammps/src/fix_wall_lj93.cpp.o
[252/540] Building CXX object CMakeFiles/lammps.dir/workspace/microbubble_lammps/work/lammps_particle_engine_20260915_214759/upstream/lammps/src/fix_wall_morse.cpp.o
[253/540] Building CXX object CMakeFiles/lammps.dir/workspace/microbubble_lammps/work/lammps_particle_engine_20260915_214759/upstream/lammps/src/fix_wall_reflect.cpp.o
[254/540] Building CXX object CMakeFiles/lammps.dir/workspace/microbubble_lammps/work/lammps_particle_engine_20260915_214759/upstream/lammps/src/fix_wall_region.cpp.o
[255/540] Building CXX object CMakeFiles/lammps.dir/workspace/microbubble_lammps/work/lammps_particle_engine_20260915_214759/upstream/lammps/src/fix_wall_table.cpp.o
[256/540] Building CXX object CMakeFiles/lammps.dir/workspace/microbubble_lammps/work/lammps_particle_engine_20260915_214759/upstream/lammps/src/hashlittle.cpp.o
[257/540] Building CXX object CMakeFiles/lammps.dir/workspace/microbubble_lammps/work/lammps_particle_engine_20260915_214759/upstream/lammps/src/fmtlib_os.cpp.o
[258/540] Building CXX object CMakeFiles/lammps.dir/workspace/microbubble_lammps/work/lammps_particle_engine_20260915_214759/upstream/lammps/src/grid2d.cpp.o
[259/540] Building CXX object CMakeFiles/lammps.dir/workspace/microbubble_lammps/work/lammps_particle_engine_20260915_214759/upstream/lammps/src/grid3d.cpp.o
[260/540] Building CXX object CMakeFiles/lammps.dir/workspace/microbubble_lammps/work/lammps_particle_engine_20260915_214759/upstream/lammps/src/fmtlib_format.cpp.o
[261/540] Building CXX object CMakeFiles/lammps.dir/workspace/microbubble_lammps/work/lammps_particle_engine_20260915_214759/upstream/lammps/src/imbalance.cpp.o
[262/540] Building CXX object CMakeFiles/lammps.dir/workspace/microbubble_lammps/work/lammps_particle_engine_20260915_214759/upstream/lammps/src/group.cpp.o
[263/540] Building CXX object CMakeFiles/lammps.dir/workspace/microbubble_lammps/work/lammps_particle_engine_20260915_214759/upstream/lammps/src/imbalance_group.cpp.o
[264/540] Building CXX object CMakeFiles/lammps.dir/workspace/microbubble_lammps/work/lammps_particle_engine_20260915_214759/upstream/lammps/src/image.cpp.o
[265/540] Building CXX object CMakeFiles/lammps.dir/workspace/microbubble_lammps/work/lammps_particle_engine_20260915_214759/upstream/lammps/src/imbalance_store.cpp.o
[266/540] Building CXX object CMakeFiles/lammps.dir/workspace/microbubble_lammps/work/lammps_particle_engine_20260915_214759/upstream/lammps/src/imbalance_var.cpp.o
[267/540] Building CXX object CMakeFiles/lammps.dir/workspace/microbubble_lammps/work/lammps_particle_engine_20260915_214759/upstream/lammps/src/imbalance_time.cpp.o
[268/540] Building CXX object CMakeFiles/lammps.dir/workspace/microbubble_lammps/work/lammps_particle_engine_20260915_214759/upstream/lammps/src/improper_deprecated.cpp.o
[269/540] Building CXX object CMakeFiles/lammps.dir/workspace/microbubble_lammps/work/lammps_particle_engine_20260915_214759/upstream/lammps/src/improper.cpp.o
[270/540] Building CXX object CMakeFiles/lammps.dir/workspace/microbubble_lammps/work/lammps_particle_engine_20260915_214759/upstream/lammps/src/improper_hybrid.cpp.o
[271/540] Building CXX object CMakeFiles/lammps.dir/workspace/microbubble_lammps/work/lammps_particle_engine_20260915_214759/upstream/lammps/src/improper_zero.cpp.o
[272/540] Building CXX object CMakeFiles/lammps.dir/workspace/microbubble_lammps/work/lammps_particle_engine_20260915_214759/upstream/lammps/src/integrate.cpp.o
[273/540] Building CXX object CMakeFiles/lammps.dir/workspace/microbubble_lammps/work/lammps_particle_engine_20260915_214759/upstream/lammps/src/kspace_deprecated.cpp.o
[274/540] Building CXX object CMakeFiles/lammps.dir/workspace/microbubble_lammps/work/lammps_particle_engine_20260915_214759/upstream/lammps/src/kspace.cpp.o
[275/540] Building CXX object CMakeFiles/lammps.dir/workspace/microbubble_lammps/work/lammps_particle_engine_20260915_214759/upstream/lammps/src/irregular.cpp.o
[276/540] Building CXX object CMakeFiles/lammps.dir/workspace/microbubble_lammps/work/lammps_particle_engine_20260915_214759/upstream/lammps/src/kspace_zero.cpp.o
[277/540] Building CXX object CMakeFiles/lammps.dir/workspace/microbubble_lammps/work/lammps_particle_engine_20260915_214759/upstream/lammps/src/label_map.cpp.o
[278/540] Building CXX object CMakeFiles/lammps.dir/workspace/microbubble_lammps/work/lammps_particle_engine_20260915_214759/upstream/lammps/src/lattice.cpp.o
[279/540] Building CXX object CMakeFiles/lammps.dir/workspace/microbubble_lammps/work/lammps_particle_engine_20260915_214759/upstream/lammps/src/lmppython.cpp.o
[280/540] Building CXX object CMakeFiles/lammps.dir/workspace/microbubble_lammps/work/lammps_particle_engine_20260915_214759/upstream/lammps/src/math_eigen.cpp.o
[281/540] Building CXX object CMakeFiles/lammps.dir/workspace/microbubble_lammps/work/lammps_particle_engine_20260915_214759/upstream/lammps/src/math_extra.cpp.o
[282/540] Building CXX object CMakeFiles/lammps.dir/workspace/microbubble_lammps/work/lammps_particle_engine_20260915_214759/upstream/lammps/src/math_special.cpp.o
[283/540] Building CXX object CMakeFiles/lammps.dir/workspace/microbubble_lammps/work/lammps_particle_engine_20260915_214759/upstream/lammps/src/memory.cpp.o
[284/540] Building CXX object CMakeFiles/lammps.dir/workspace/microbubble_lammps/work/lammps_particle_engine_20260915_214759/upstream/lammps/src/min.cpp.o
[285/540] Building CXX object CMakeFiles/lammps.dir/workspace/microbubble_lammps/work/lammps_particle_engine_20260915_214759/upstream/lammps/src/min_cg.cpp.o
[286/540] Building CXX object CMakeFiles/lammps.dir/workspace/microbubble_lammps/work/lammps_particle_engine_20260915_214759/upstream/lammps/src/min_deprecated.cpp.o
[287/540] Building CXX object CMakeFiles/lammps.dir/workspace/microbubble_lammps/work/lammps_particle_engine_20260915_214759/upstream/lammps/src/force.cpp.o
[288/540] Building CXX object CMakeFiles/lammps.dir/workspace/microbubble_lammps/work/lammps_particle_engine_20260915_214759/upstream/lammps/src/min_fire.cpp.o
[289/540] Building CXX object CMakeFiles/lammps.dir/workspace/microbubble_lammps/work/lammps_particle_engine_20260915_214759/upstream/lammps/src/imbalance_neigh.cpp.o
[290/540] Building CXX object CMakeFiles/lammps.dir/workspace/microbubble_lammps/work/lammps_particle_engine_20260915_214759/upstream/lammps/src/min_hftn.cpp.o
[291/540] Building CXX object CMakeFiles/lammps.dir/workspace/microbubble_lammps/work/lammps_particle_engine_20260915_214759/upstream/lammps/src/min_quickmin.cpp.o
[292/540] Building CXX object CMakeFiles/lammps.dir/workspace/microbubble_lammps/work/lammps_particle_engine_20260915_214759/upstream/lammps/src/min_linesearch.cpp.o
[293/540] Building CXX object CMakeFiles/lammps.dir/workspace/microbubble_lammps/work/lammps_particle_engine_20260915_214759/upstream/lammps/src/min_sd.cpp.o
[294/540] Building CXX object CMakeFiles/lammps.dir/workspace/microbubble_lammps/work/lammps_particle_engine_20260915_214759/upstream/lammps/src/minimize.cpp.o
[295/540] Building CXX object CMakeFiles/lammps.dir/workspace/microbubble_lammps/work/lammps_particle_engine_20260915_214759/upstream/lammps/src/my_page.cpp.o
[296/540] Building CXX object CMakeFiles/lammps.dir/workspace/microbubble_lammps/work/lammps_particle_engine_20260915_214759/upstream/lammps/src/my_pool_chunk.cpp.o
[297/540] Building CXX object CMakeFiles/lammps.dir/workspace/microbubble_lammps/work/lammps_particle_engine_20260915_214759/upstream/lammps/src/input.cpp.o
[298/540] Building CXX object CMakeFiles/lammps.dir/workspace/microbubble_lammps/work/lammps_particle_engine_20260915_214759/upstream/lammps/src/nbin.cpp.o
[299/540] Building CXX object CMakeFiles/lammps.dir/workspace/microbubble_lammps/work/lammps_particle_engine_20260915_214759/upstream/lammps/src/nbin_multi.cpp.o
[300/540] Building CXX object CMakeFiles/lammps.dir/workspace/microbubble_lammps/work/lammps_particle_engine_20260915_214759/upstream/lammps/src/nbin_standard.cpp.o
[301/540] Building CXX object CMakeFiles/lammps.dir/workspace/microbubble_lammps/work/lammps_particle_engine_20260915_214759/upstream/lammps/src/neigh_list.cpp.o
[302/540] Building CXX object CMakeFiles/lammps.dir/workspace/microbubble_lammps/work/lammps_particle_engine_20260915_214759/upstream/lammps/src/info.cpp.o
/workspace/microbubble_lammps/work/lammps_particle_engine_20260915_214759/upstream/lammps/src/info.cpp(509): warning #177-D: variable "ngroup" was declared but never referenced
      int ngroup = group->ngroup;
          ^

Remark: The warnings can be suppressed with "-diag-suppress <warning-number>"

[303/540] Building CXX object CMakeFiles/lammps.dir/workspace/microbubble_lammps/work/lammps_particle_engine_20260915_214759/upstream/lammps/src/neigh_request.cpp.o
[304/540] Building CXX object CMakeFiles/lammps.dir/workspace/microbubble_lammps/work/lammps_particle_engine_20260915_214759/upstream/lammps/src/npair.cpp.o
[305/540] Building CXX object CMakeFiles/lammps.dir/workspace/microbubble_lammps/work/lammps_particle_engine_20260915_214759/upstream/lammps/src/npair_bin.cpp.o
[306/540] Building CXX object CMakeFiles/lammps.dir/workspace/microbubble_lammps/work/lammps_particle_engine_20260915_214759/upstream/lammps/src/npair_bin_ghost.cpp.o
[307/540] Building CXX object CMakeFiles/lammps.dir/workspace/microbubble_lammps/work/lammps_particle_engine_20260915_214759/upstream/lammps/src/npair_copy.cpp.o
[308/540] Building CXX object CMakeFiles/lammps.dir/workspace/microbubble_lammps/work/lammps_particle_engine_20260915_214759/upstream/lammps/src/library.cpp.o
[309/540] Building CXX object CMakeFiles/lammps.dir/workspace/microbubble_lammps/work/lammps_particle_engine_20260915_214759/upstream/lammps/src/lammps.cpp.o
[310/540] Building CXX object CMakeFiles/lammps.dir/workspace/microbubble_lammps/work/lammps_particle_engine_20260915_214759/upstream/lammps/src/npair_halffull.cpp.o
[311/540] Building CXX object CMakeFiles/lammps.dir/workspace/microbubble_lammps/work/lammps_particle_engine_20260915_214759/upstream/lammps/src/npair_multi.cpp.o
[312/540] Building CXX object CMakeFiles/lammps.dir/workspace/microbubble_lammps/work/lammps_particle_engine_20260915_214759/upstream/lammps/src/npair_multi_old.cpp.o
[313/540] Building CXX object CMakeFiles/lammps.dir/workspace/microbubble_lammps/work/lammps_particle_engine_20260915_214759/upstream/lammps/src/npair_nsq_ghost.cpp.o
[314/540] Building CXX object CMakeFiles/lammps.dir/workspace/microbubble_lammps/work/lammps_particle_engine_20260915_214759/upstream/lammps/src/molecule.cpp.o
[315/540] Building CXX object CMakeFiles/lammps.dir/workspace/microbubble_lammps/work/lammps_particle_engine_20260915_214759/upstream/lammps/src/npair_nsq.cpp.o
[316/540] Building CXX object CMakeFiles/lammps.dir/workspace/microbubble_lammps/work/lammps_particle_engine_20260915_214759/upstream/lammps/src/npair_respa_bin.cpp.o
[317/540] Building CXX object CMakeFiles/lammps.dir/workspace/microbubble_lammps/work/lammps_particle_engine_20260915_214759/upstream/lammps/src/npair_respa_nsq.cpp.o
[318/540] Building CXX object CMakeFiles/lammps.dir/workspace/microbubble_lammps/work/lammps_particle_engine_20260915_214759/upstream/lammps/src/npair_skip.cpp.o
[319/540] Building CXX object CMakeFiles/lammps.dir/workspace/microbubble_lammps/work/lammps_particle_engine_20260915_214759/upstream/lammps/src/npair_skip_size_off2on.cpp.o
[320/540] Building CXX object CMakeFiles/lammps.dir/workspace/microbubble_lammps/work/lammps_particle_engine_20260915_214759/upstream/lammps/src/npair_skip_respa.cpp.o
[321/540] Building CXX object CMakeFiles/lammps.dir/workspace/microbubble_lammps/work/lammps_particle_engine_20260915_214759/upstream/lammps/src/npair_skip_size_off2on_oneside.cpp.o
[322/540] Building CXX object CMakeFiles/lammps.dir/workspace/microbubble_lammps/work/lammps_particle_engine_20260915_214759/upstream/lammps/src/npair_trim.cpp.o
[323/540] Building CXX object CMakeFiles/lammps.dir/workspace/microbubble_lammps/work/lammps_particle_engine_20260915_214759/upstream/lammps/src/nstencil_bin.cpp.o
[324/540] Building CXX object CMakeFiles/lammps.dir/workspace/microbubble_lammps/work/lammps_particle_engine_20260915_214759/upstream/lammps/src/nstencil_multi.cpp.o
[325/540] Building CXX object CMakeFiles/lammps.dir/workspace/microbubble_lammps/work/lammps_particle_engine_20260915_214759/upstream/lammps/src/nstencil.cpp.o
[326/540] Building CXX object CMakeFiles/lammps.dir/workspace/microbubble_lammps/work/lammps_particle_engine_20260915_214759/upstream/lammps/src/nstencil_ghost_bin.cpp.o
[327/540] Building CXX object CMakeFiles/lammps.dir/workspace/microbubble_lammps/work/lammps_particle_engine_20260915_214759/upstream/lammps/src/ntopo.cpp.o
[328/540] Building CXX object CMakeFiles/lammps.dir/workspace/microbubble_lammps/work/lammps_particle_engine_20260915_214759/upstream/lammps/src/nstencil_multi_old.cpp.o
[329/540] Building CXX object CMakeFiles/lammps.dir/workspace/microbubble_lammps/work/lammps_particle_engine_20260915_214759/upstream/lammps/src/ntopo_angle_all.cpp.o
[330/540] Building CXX object CMakeFiles/lammps.dir/workspace/microbubble_lammps/work/lammps_particle_engine_20260915_214759/upstream/lammps/src/ntopo_angle_partial.cpp.o
[331/540] Building CXX object CMakeFiles/lammps.dir/workspace/microbubble_lammps/work/lammps_particle_engine_20260915_214759/upstream/lammps/src/ntopo_angle_template.cpp.o
[332/540] Building CXX object CMakeFiles/lammps.dir/workspace/microbubble_lammps/work/lammps_particle_engine_20260915_214759/upstream/lammps/src/ntopo_bond_all.cpp.o
[333/540] Building CXX object CMakeFiles/lammps.dir/workspace/microbubble_lammps/work/lammps_particle_engine_20260915_214759/upstream/lammps/src/ntopo_bond_partial.cpp.o
[334/540] Building CXX object CMakeFiles/lammps.dir/workspace/microbubble_lammps/work/lammps_particle_engine_20260915_214759/upstream/lammps/src/ntopo_bond_template.cpp.o
[335/540] Building CXX object CMakeFiles/lammps.dir/workspace/microbubble_lammps/work/lammps_particle_engine_20260915_214759/upstream/lammps/src/modify.cpp.o
[336/540] Building CXX object CMakeFiles/lammps.dir/workspace/microbubble_lammps/work/lammps_particle_engine_20260915_214759/upstream/lammps/src/ntopo_dihedral_partial.cpp.o
[337/540] Building CXX object CMakeFiles/lammps.dir/workspace/microbubble_lammps/work/lammps_particle_engine_20260915_214759/upstream/lammps/src/ntopo_dihedral_all.cpp.o
[338/540] Building CXX object CMakeFiles/lammps.dir/workspace/microbubble_lammps/work/lammps_particle_engine_20260915_214759/upstream/lammps/src/ntopo_improper_template.cpp.o
[339/540] Building CXX object CMakeFiles/lammps.dir/workspace/microbubble_lammps/work/lammps_particle_engine_20260915_214759/upstream/lammps/src/ntopo_improper_all.cpp.o
[340/540] Building CXX object CMakeFiles/lammps.dir/workspace/microbubble_lammps/work/lammps_particle_engine_20260915_214759/upstream/lammps/src/ntopo_dihedral_template.cpp.o
[341/540] Building CXX object CMakeFiles/lammps.dir/workspace/microbubble_lammps/work/lammps_particle_engine_20260915_214759/upstream/lammps/src/ntopo_improper_partial.cpp.o
[342/540] Building CXX object CMakeFiles/lammps.dir/workspace/microbubble_lammps/work/lammps_particle_engine_20260915_214759/upstream/lammps/src/output.cpp.o
[343/540] Building CXX object CMakeFiles/lammps.dir/workspace/microbubble_lammps/work/lammps_particle_engine_20260915_214759/upstream/lammps/src/pair_born.cpp.o
[344/540] Building CXX object CMakeFiles/lammps.dir/workspace/microbubble_lammps/work/lammps_particle_engine_20260915_214759/upstream/lammps/src/pair_buck.cpp.o
[345/540] Building CXX object CMakeFiles/lammps.dir/workspace/microbubble_lammps/work/lammps_particle_engine_20260915_214759/upstream/lammps/src/pair_buck_coul_cut.cpp.o
[346/540] Building CXX object CMakeFiles/lammps.dir/workspace/microbubble_lammps/work/lammps_particle_engine_20260915_214759/upstream/lammps/src/pair_coul_cut.cpp.o
[347/540] Building CXX object CMakeFiles/lammps.dir/workspace/microbubble_lammps/work/lammps_particle_engine_20260915_214759/upstream/lammps/src/pair.cpp.o
[348/540] Building CXX object CMakeFiles/lammps.dir/workspace/microbubble_lammps/work/lammps_particle_engine_20260915_214759/upstream/lammps/src/pair_coul_debye.cpp.o
[349/540] Building CXX object CMakeFiles/lammps.dir/workspace/microbubble_lammps/work/lammps_particle_engine_20260915_214759/upstream/lammps/src/pair_coul_dsf.cpp.o
[350/540] Building CXX object CMakeFiles/lammps.dir/workspace/microbubble_lammps/work/lammps_particle_engine_20260915_214759/upstream/lammps/src/neighbor.cpp.o
[351/540] Building CXX object CMakeFiles/lammps.dir/workspace/microbubble_lammps/work/lammps_particle_engine_20260915_214759/upstream/lammps/src/pair_hybrid_molecular.cpp.o
[352/540] Building CXX object CMakeFiles/lammps.dir/workspace/microbubble_lammps/work/lammps_particle_engine_20260915_214759/upstream/lammps/src/pair_deprecated.cpp.o
[353/540] Building CXX object CMakeFiles/lammps.dir/workspace/microbubble_lammps/work/lammps_particle_engine_20260915_214759/upstream/lammps/src/pair_coul_wolf.cpp.o
[354/540] Building CXX object CMakeFiles/lammps.dir/workspace/microbubble_lammps/work/lammps_particle_engine_20260915_214759/upstream/lammps/src/pair_hybrid_overlay.cpp.o
[355/540] Building CXX object CMakeFiles/lammps.dir/workspace/microbubble_lammps/work/lammps_particle_engine_20260915_214759/upstream/lammps/src/pair_hybrid.cpp.o
[356/540] Building CXX object CMakeFiles/lammps.dir/workspace/microbubble_lammps/work/lammps_particle_engine_20260915_214759/upstream/lammps/src/pair_hybrid_scaled.cpp.o
[357/540] Building CXX object CMakeFiles/lammps.dir/workspace/microbubble_lammps/work/lammps_particle_engine_20260915_214759/upstream/lammps/src/pair_lj_cut.cpp.o
[358/540] Building CXX object CMakeFiles/lammps.dir/workspace/microbubble_lammps/work/lammps_particle_engine_20260915_214759/upstream/lammps/src/pair_lj_cut_coul_cut.cpp.o
[359/540] Building CXX object CMakeFiles/lammps.dir/workspace/microbubble_lammps/work/lammps_particle_engine_20260915_214759/upstream/lammps/src/pair_lj_expand.cpp.o
[360/540] Building CXX object CMakeFiles/lammps.dir/workspace/microbubble_lammps/work/lammps_particle_engine_20260915_214759/upstream/lammps/src/pair_morse.cpp.o
[361/540] Building CXX object CMakeFiles/lammps.dir/workspace/microbubble_lammps/work/lammps_particle_engine_20260915_214759/upstream/lammps/src/pair_soft.cpp.o
[362/540] Building CXX object CMakeFiles/lammps.dir/workspace/microbubble_lammps/work/lammps_particle_engine_20260915_214759/upstream/lammps/src/pair_yukawa.cpp.o
[363/540] Building CXX object CMakeFiles/lammps.dir/workspace/microbubble_lammps/work/lammps_particle_engine_20260915_214759/upstream/lammps/src/pair_table.cpp.o
[364/540] Building CXX object CMakeFiles/lammps.dir/workspace/microbubble_lammps/work/lammps_particle_engine_20260915_214759/upstream/lammps/src/pair_zbl.cpp.o
[365/540] Building CXX object CMakeFiles/lammps.dir/workspace/microbubble_lammps/work/lammps_particle_engine_20260915_214759/upstream/lammps/src/pair_zero.cpp.o
[366/540] Building CXX object CMakeFiles/lammps.dir/workspace/microbubble_lammps/work/lammps_particle_engine_20260915_214759/upstream/lammps/src/random_mars.cpp.o
[367/540] Building CXX object CMakeFiles/lammps.dir/workspace/microbubble_lammps/work/lammps_particle_engine_20260915_214759/upstream/lammps/src/potential_file_reader.cpp.o
[368/540] Building CXX object CMakeFiles/lammps.dir/workspace/microbubble_lammps/work/lammps_particle_engine_20260915_214759/upstream/lammps/src/random_park.cpp.o
[369/540] Building CXX object CMakeFiles/lammps.dir/workspace/microbubble_lammps/work/lammps_particle_engine_20260915_214759/upstream/lammps/src/platform.cpp.o
[370/540] Building CXX object CMakeFiles/lammps.dir/workspace/microbubble_lammps/work/lammps_particle_engine_20260915_214759/upstream/lammps/src/procmap.cpp.o
[371/540] Building CXX object CMakeFiles/lammps.dir/workspace/microbubble_lammps/work/lammps_particle_engine_20260915_214759/upstream/lammps/src/rcb.cpp.o
[372/540] Building CXX object CMakeFiles/lammps.dir/workspace/microbubble_lammps/work/lammps_particle_engine_20260915_214759/upstream/lammps/src/read_dump.cpp.o
[373/540] Building CXX object CMakeFiles/lammps.dir/workspace/microbubble_lammps/work/lammps_particle_engine_20260915_214759/upstream/lammps/src/reader.cpp.o
[374/540] Building CXX object CMakeFiles/lammps.dir/workspace/microbubble_lammps/work/lammps_particle_engine_20260915_214759/upstream/lammps/src/reader_xyz.cpp.o
[375/540] Building CXX object CMakeFiles/lammps.dir/workspace/microbubble_lammps/work/lammps_particle_engine_20260915_214759/upstream/lammps/src/region.cpp.o
[376/540] Building CXX object CMakeFiles/lammps.dir/workspace/microbubble_lammps/work/lammps_particle_engine_20260915_214759/upstream/lammps/src/read_restart.cpp.o
[377/540] Building CXX object CMakeFiles/lammps.dir/workspace/microbubble_lammps/work/lammps_particle_engine_20260915_214759/upstream/lammps/src/reader_native.cpp.o
[378/540] Building CXX object CMakeFiles/lammps.dir/workspace/microbubble_lammps/work/lammps_particle_engine_20260915_214759/upstream/lammps/src/region_block.cpp.o
[379/540] Building CXX object CMakeFiles/lammps.dir/workspace/microbubble_lammps/work/lammps_particle_engine_20260915_214759/upstream/lammps/src/read_data.cpp.o
[380/540] Building CXX object CMakeFiles/lammps.dir/workspace/microbubble_lammps/work/lammps_particle_engine_20260915_214759/upstream/lammps/src/region_cylinder.cpp.o
[381/540] Building CXX object CMakeFiles/lammps.dir/workspace/microbubble_lammps/work/lammps_particle_engine_20260915_214759/upstream/lammps/src/region_cone.cpp.o
[382/540] Building CXX object CMakeFiles/lammps.dir/workspace/microbubble_lammps/work/lammps_particle_engine_20260915_214759/upstream/lammps/src/region_deprecated.cpp.o
[383/540] Building CXX object CMakeFiles/lammps.dir/workspace/microbubble_lammps/work/lammps_particle_engine_20260915_214759/upstream/lammps/src/region_intersect.cpp.o
[384/540] Building CXX object CMakeFiles/lammps.dir/workspace/microbubble_lammps/work/lammps_particle_engine_20260915_214759/upstream/lammps/src/region_ellipsoid.cpp.o
[385/540] Building CXX object CMakeFiles/lammps.dir/workspace/microbubble_lammps/work/lammps_particle_engine_20260915_214759/upstream/lammps/src/region_plane.cpp.o
[386/540] Building CXX object CMakeFiles/lammps.dir/workspace/microbubble_lammps/work/lammps_particle_engine_20260915_214759/upstream/lammps/src/region_sphere.cpp.o
[387/540] Building CXX object CMakeFiles/lammps.dir/workspace/microbubble_lammps/work/lammps_particle_engine_20260915_214759/upstream/lammps/src/region_prism.cpp.o
[388/540] Building CXX object CMakeFiles/lammps.dir/workspace/microbubble_lammps/work/lammps_particle_engine_20260915_214759/upstream/lammps/src/rerun.cpp.o
[389/540] Building CXX object CMakeFiles/lammps.dir/workspace/microbubble_lammps/work/lammps_particle_engine_20260915_214759/upstream/lammps/src/region_union.cpp.o
[390/540] Building CXX object CMakeFiles/lammps.dir/workspace/microbubble_lammps/work/lammps_particle_engine_20260915_214759/upstream/lammps/src/reset_atoms_id.cpp.o
[391/540] Building CXX object CMakeFiles/lammps.dir/workspace/microbubble_lammps/work/lammps_particle_engine_20260915_214759/upstream/lammps/src/reset_atoms_image.cpp.o
[392/540] Building CXX object CMakeFiles/lammps.dir/workspace/microbubble_lammps/work/lammps_particle_engine_20260915_214759/upstream/lammps/src/reset_atoms_mol.cpp.o
[393/540] Building CXX object CMakeFiles/lammps.dir/workspace/microbubble_lammps/work/lammps_particle_engine_20260915_214759/upstream/lammps/src/run.cpp.o
[394/540] Building CXX object CMakeFiles/lammps.dir/workspace/microbubble_lammps/work/lammps_particle_engine_20260915_214759/upstream/lammps/src/respa.cpp.o
[395/540] Building CXX object CMakeFiles/lammps.dir/workspace/microbubble_lammps/work/lammps_particle_engine_20260915_214759/upstream/lammps/src/tabular_function.cpp.o
[396/540] Building CXX object CMakeFiles/lammps.dir/workspace/microbubble_lammps/work/lammps_particle_engine_20260915_214759/upstream/lammps/src/table_file_reader.cpp.o
[397/540] Building CXX object CMakeFiles/lammps.dir/workspace/microbubble_lammps/work/lammps_particle_engine_20260915_214759/upstream/lammps/src/text_file_reader.cpp.o
[398/540] Building CXX object CMakeFiles/lammps.dir/workspace/microbubble_lammps/work/lammps_particle_engine_20260915_214759/upstream/lammps/src/tokenizer.cpp.o
[399/540] Building CXX object CMakeFiles/lammps.dir/workspace/microbubble_lammps/work/lammps_particle_engine_20260915_214759/upstream/lammps/src/set.cpp.o
[400/540] Building CXX object CMakeFiles/lammps.dir/workspace/microbubble_lammps/work/lammps_particle_engine_20260915_214759/upstream/lammps/src/timer.cpp.o
[401/540] Building CXX object CMakeFiles/lammps.dir/workspace/microbubble_lammps/work/lammps_particle_engine_20260915_214759/upstream/lammps/src/thermo.cpp.o
[402/540] Building CXX object CMakeFiles/lammps.dir/workspace/microbubble_lammps/work/lammps_particle_engine_20260915_214759/upstream/lammps/src/universe.cpp.o
[403/540] Building CXX object CMakeFiles/lammps.dir/workspace/microbubble_lammps/work/lammps_particle_engine_20260915_214759/upstream/lammps/src/velocity.cpp.o
[404/540] Building CXX object CMakeFiles/lammps.dir/workspace/microbubble_lammps/work/lammps_particle_engine_20260915_214759/upstream/lammps/src/write_coeff.cpp.o
[405/540] Building CXX object CMakeFiles/lammps.dir/workspace/microbubble_lammps/work/lammps_particle_engine_20260915_214759/upstream/lammps/src/verlet.cpp.o
[406/540] Building CXX object CMakeFiles/lammps.dir/workspace/microbubble_lammps/work/lammps_particle_engine_20260915_214759/upstream/lammps/src/write_dump.cpp.o
[407/540] Building CXX object CMakeFiles/lammps.dir/workspace/microbubble_lammps/work/lammps_particle_engine_20260915_214759/upstream/lammps/src/utils.cpp.o
[408/540] Building CXX object CMakeFiles/lammps.dir/workspace/microbubble_lammps/work/lammps_particle_engine_20260915_214759/upstream/lammps/src/write_data.cpp.o
[409/540] Building CXX object CMakeFiles/lammps.dir/workspace/microbubble_lammps/work/lammps_particle_engine_20260915_214759/upstream/lammps/src/write_restart.cpp.o
[410/540] Building CXX object CMakeFiles/lammps.dir/workspace/microbubble_lammps/work/lammps_particle_engine_20260915_214759/upstream/lammps/src/GRANULAR/compute_contact_atom.cpp.o
[411/540] Building CXX object CMakeFiles/lammps.dir/workspace/microbubble_lammps/work/lammps_particle_engine_20260915_214759/upstream/lammps/src/GRANULAR/fix_add_heat.cpp.o
[412/540] Building CXX object CMakeFiles/lammps.dir/workspace/microbubble_lammps/work/lammps_particle_engine_20260915_214759/upstream/lammps/src/GRANULAR/compute_fabric.cpp.o
[413/540] Building CXX object CMakeFiles/lammps.dir/workspace/microbubble_lammps/work/lammps_particle_engine_20260915_214759/upstream/lammps/src/variable.cpp.o
In function ‘char* fgets(char*, int, FILE*)’,
    inlined from ‘int LAMMPS_NS::VarReader::read_scalar(char*)’ at /workspace/microbubble_lammps/work/lammps_particle_engine_20260915_214759/upstream/lammps/src/variable.cpp:5792:12:
/usr/include/x86_64-linux-gnu/bits/stdio2.h:203:19: warning: argument 1 is null but the corresponding size argument 3 value is 256 [-Wnonnull]
  203 |   return __fgets_chk (__s, sz, __n, __stream);
      |        ~~~~~~~~~~~^~~~~~~~~~~~~~~~~~~~~~~~
/usr/include/x86_64-linux-gnu/bits/stdio2-decl.h: In member function ‘int LAMMPS_NS::VarReader::read_scalar(char*)’:
/usr/include/x86_64-linux-gnu/bits/stdio2-decl.h:106:14: note: in a call to function ‘char* __fgets_chk(char*, size_t, int, FILE*)’ declared with attribute ‘access (write_only, 1, 3)’
  106 | extern char *__fgets_chk (char *__restrict __s, size_t __size, int __n,
      |              ^~~~~~~~~~~
[414/540] Building CXX object CMakeFiles/lammps.dir/workspace/microbubble_lammps/work/lammps_particle_engine_20260915_214759/upstream/lammps/src/GRANULAR/fix_damping_cundall.cpp.o
[415/540] Building CXX object CMakeFiles/lammps.dir/workspace/microbubble_lammps/work/lammps_particle_engine_20260915_214759/upstream/lammps/src/update.cpp.o
[416/540] Building CXX object CMakeFiles/lammps.dir/workspace/microbubble_lammps/work/lammps_particle_engine_20260915_214759/upstream/lammps/src/GRANULAR/fix_freeze.cpp.o
[417/540] Building CXX object CMakeFiles/lammps.dir/workspace/microbubble_lammps/work/lammps_particle_engine_20260915_214759/upstream/lammps/src/GRANULAR/fix_granular_mdr.cpp.o
[418/540] Building CXX object CMakeFiles/lammps.dir/workspace/microbubble_lammps/work/lammps_particle_engine_20260915_214759/upstream/lammps/src/GRANULAR/fix_heat_flow.cpp.o
[419/540] Building CXX object CMakeFiles/lammps.dir/workspace/microbubble_lammps/work/lammps_particle_engine_20260915_214759/upstream/lammps/src/GRANULAR/fix_pour.cpp.o
[420/540] Building CXX object CMakeFiles/lammps.dir/workspace/microbubble_lammps/work/lammps_particle_engine_20260915_214759/upstream/lammps/src/GRANULAR/fix_wall_gran.cpp.o
[421/540] Building CXX object CMakeFiles/lammps.dir/workspace/microbubble_lammps/work/lammps_particle_engine_20260915_214759/upstream/lammps/src/GRANULAR/gran_sub_mod.cpp.o
[422/540] Building CXX object CMakeFiles/lammps.dir/workspace/microbubble_lammps/work/lammps_particle_engine_20260915_214759/upstream/lammps/src/GRANULAR/fix_wall_gran_region.cpp.o
[423/540] Building CXX object CMakeFiles/lammps.dir/workspace/microbubble_lammps/work/lammps_particle_engine_20260915_214759/upstream/lammps/src/replicate.cpp.o
[424/540] Building CXX object CMakeFiles/lammps.dir/workspace/microbubble_lammps/work/lammps_particle_engine_20260915_214759/upstream/lammps/src/GRANULAR/gran_sub_mod_damping.cpp.o
[425/540] Building CXX object CMakeFiles/lammps.dir/workspace/microbubble_lammps/work/lammps_particle_engine_20260915_214759/upstream/lammps/src/GRANULAR/gran_sub_mod_heat.cpp.o
[426/540] Building CXX object CMakeFiles/lammps.dir/workspace/microbubble_lammps/work/lammps_particle_engine_20260915_214759/upstream/lammps/src/GRANULAR/gran_sub_mod_rolling.cpp.o
[427/540] Building CXX object CMakeFiles/lammps.dir/workspace/microbubble_lammps/work/lammps_particle_engine_20260915_214759/upstream/lammps/src/GRANULAR/gran_sub_mod_twisting.cpp.o
[428/540] Building CXX object CMakeFiles/lammps.dir/workspace/microbubble_lammps/work/lammps_particle_engine_20260915_214759/upstream/lammps/src/GRANULAR/gran_sub_mod_tangential.cpp.o
[429/540] Building CXX object CMakeFiles/lammps.dir/workspace/microbubble_lammps/work/lammps_particle_engine_20260915_214759/upstream/lammps/src/GRANULAR/gran_sub_mod_normal.cpp.o
[430/540] Building CXX object CMakeFiles/lammps.dir/workspace/microbubble_lammps/work/lammps_particle_engine_20260915_214759/upstream/lammps/src/GRANULAR/granular_model.cpp.o
[431/540] Building CXX object CMakeFiles/lammps.dir/workspace/microbubble_lammps/work/lammps_particle_engine_20260915_214759/upstream/lammps/src/GRANULAR/pair_gran_hooke.cpp.o
[432/540] Building CXX object CMakeFiles/lammps.dir/workspace/microbubble_lammps/work/lammps_particle_engine_20260915_214759/upstream/lammps/src/GRANULAR/pair_gran_hertz_history.cpp.o
[433/540] Building CXX object CMakeFiles/lammps.dir/workspace/microbubble_lammps/work/lammps_particle_engine_20260915_214759/upstream/lammps/src/GRANULAR/pair_gran_hooke_history.cpp.o
[434/540] Building CXX object CMakeFiles/lammps.dir/workspace/microbubble_lammps/work/lammps_particle_engine_20260915_214759/upstream/lammps/src/GRANULAR/pair_granular.cpp.o
[435/540] Building CXX object CMakeFiles/lammps.dir/workspace/microbubble_lammps/work/lammps_particle_engine_20260915_214759/upstream/lammps/src/special.cpp.o
[436/540] Building CXX object CMakeFiles/lammps.dir/workspace/microbubble_lammps/work/lammps_particle_engine_20260915_214759/upstream/lammps/src/KOKKOS/kokkos.cpp.o
[437/540] Building CXX object CMakeFiles/lammps.dir/workspace/microbubble_lammps/work/lammps_particle_engine_20260915_214759/upstream/lammps/src/KOKKOS/min_kokkos.cpp.o
[438/540] Building CXX object CMakeFiles/lammps.dir/workspace/microbubble_lammps/work/lammps_particle_engine_20260915_214759/upstream/lammps/src/KOKKOS/min_linesearch_kokkos.cpp.o
[439/540] Building CXX object CMakeFiles/lammps.dir/workspace/microbubble_lammps/work/lammps_particle_engine_20260915_214759/upstream/lammps/src/KOKKOS/atom_vec_kokkos.cpp.o
[440/540] Building CXX object CMakeFiles/lammps.dir/workspace/microbubble_lammps/work/lammps_particle_engine_20260915_214759/upstream/lammps/src/KOKKOS/atom_map_kokkos.cpp.o
[441/540] Building CXX object CMakeFiles/lammps.dir/workspace/microbubble_lammps/work/lammps_particle_engine_20260915_214759/upstream/lammps/src/KOKKOS/atom_kokkos.cpp.o
[442/540] Building CXX object CMakeFiles/lammps.dir/workspace/microbubble_lammps/work/lammps_particle_engine_20260915_214759/upstream/lammps/src/KOKKOS/comm_tiled_kokkos.cpp.o
[443/540] Building CXX object CMakeFiles/lammps.dir/workspace/microbubble_lammps/work/lammps_particle_engine_20260915_214759/upstream/lammps/src/KOKKOS/comm_kokkos.cpp.o
[444/540] Building CXX object CMakeFiles/lammps.dir/workspace/microbubble_lammps/work/lammps_particle_engine_20260915_214759/upstream/lammps/src/KOKKOS/neigh_list_kokkos.cpp.o
[445/540] Building CXX object CMakeFiles/lammps.dir/workspace/microbubble_lammps/work/lammps_particle_engine_20260915_214759/upstream/lammps/src/KOKKOS/neighbor_kokkos.cpp.o
[446/540] Building CXX object CMakeFiles/lammps.dir/workspace/microbubble_lammps/work/lammps_particle_engine_20260915_214759/upstream/lammps/src/KOKKOS/fix_wall_gran_old.cpp.o
[447/540] Building CXX object CMakeFiles/lammps.dir/workspace/microbubble_lammps/work/lammps_particle_engine_20260915_214759/upstream/lammps/src/KOKKOS/fix_nh_kokkos.cpp.o
[448/540] Building CXX object CMakeFiles/lammps.dir/workspace/microbubble_lammps/work/lammps_particle_engine_20260915_214759/upstream/lammps/src/KOKKOS/nbin_kokkos.cpp.o
[449/540] Building CXX object CMakeFiles/lammps.dir/workspace/microbubble_lammps/work/lammps_particle_engine_20260915_214759/upstream/lammps/src/KOKKOS/npair_halffull_kokkos.cpp.o
[450/540] Building CXX object CMakeFiles/lammps.dir/workspace/microbubble_lammps/work/lammps_particle_engine_20260915_214759/upstream/lammps/src/KOKKOS/domain_kokkos.cpp.o
[451/540] Building CXX object CMakeFiles/lammps.dir/workspace/microbubble_lammps/work/lammps_particle_engine_20260915_214759/upstream/lammps/src/KOKKOS/modify_kokkos.cpp.o
[452/540] Building CXX object CMakeFiles/lammps.dir/workspace/microbubble_lammps/work/lammps_particle_engine_20260915_214759/upstream/lammps/src/KOKKOS/neigh_bond_kokkos.cpp.o
[453/540] Building CXX object CMakeFiles/lammps.dir/workspace/microbubble_lammps/work/lammps_particle_engine_20260915_214759/upstream/lammps/src/KOKKOS/angle_hybrid_kokkos.cpp.o
[454/540] Building CXX object CMakeFiles/lammps.dir/workspace/microbubble_lammps/work/lammps_particle_engine_20260915_214759/upstream/lammps/src/KOKKOS/npair_kokkos.cpp.o
[455/540] Building CXX object CMakeFiles/lammps.dir/workspace/microbubble_lammps/work/lammps_particle_engine_20260915_214759/upstream/lammps/src/KOKKOS/atom_vec_hybrid_kokkos.cpp.o
[456/540] Building CXX object CMakeFiles/lammps.dir/workspace/microbubble_lammps/work/lammps_particle_engine_20260915_214759/upstream/lammps/src/KOKKOS/atom_vec_atomic_kokkos.cpp.o
[457/540] Building CXX object CMakeFiles/lammps.dir/workspace/microbubble_lammps/work/lammps_particle_engine_20260915_214759/upstream/lammps/src/KOKKOS/bond_hybrid_kokkos.cpp.o
[458/540] Building CXX object CMakeFiles/lammps.dir/workspace/microbubble_lammps/work/lammps_particle_engine_20260915_214759/upstream/lammps/src/KOKKOS/atom_vec_charge_kokkos.cpp.o
[459/540] Building CXX object CMakeFiles/lammps.dir/workspace/microbubble_lammps/work/lammps_particle_engine_20260915_214759/upstream/lammps/src/KOKKOS/compute_erotate_sphere_kokkos.cpp.o
[460/540] Building CXX object CMakeFiles/lammps.dir/workspace/microbubble_lammps/work/lammps_particle_engine_20260915_214759/upstream/lammps/src/KOKKOS/compute_coord_atom_kokkos.cpp.o
[461/540] Building CXX object CMakeFiles/lammps.dir/workspace/microbubble_lammps/work/lammps_particle_engine_20260915_214759/upstream/lammps/src/KOKKOS/atom_vec_sphere_kokkos.cpp.o
[462/540] Building CXX object CMakeFiles/lammps.dir/workspace/microbubble_lammps/work/lammps_particle_engine_20260915_214759/upstream/lammps/src/KOKKOS/compute_temp_kokkos.cpp.o
[463/540] Building CXX object CMakeFiles/lammps.dir/workspace/microbubble_lammps/work/lammps_particle_engine_20260915_214759/upstream/lammps/src/KOKKOS/compute_orientorder_atom_kokkos.cpp.o
[464/540] Building CXX object CMakeFiles/lammps.dir/workspace/microbubble_lammps/work/lammps_particle_engine_20260915_214759/upstream/lammps/src/KOKKOS/fix_deform_kokkos.cpp.o
[465/540] Building CXX object CMakeFiles/lammps.dir/workspace/microbubble_lammps/work/lammps_particle_engine_20260915_214759/upstream/lammps/src/KOKKOS/dihedral_hybrid_kokkos.cpp.o
[466/540] Building CXX object CMakeFiles/lammps.dir/workspace/microbubble_lammps/work/lammps_particle_engine_20260915_214759/upstream/lammps/src/KOKKOS/compute_temp_deform_kokkos.cpp.o
[467/540] Building CXX object CMakeFiles/lammps.dir/workspace/microbubble_lammps/work/lammps_particle_engine_20260915_214759/upstream/lammps/src/KOKKOS/fix_dt_reset_kokkos.cpp.o
[468/540] Building CXX object CMakeFiles/lammps.dir/workspace/microbubble_lammps/work/lammps_particle_engine_20260915_214759/upstream/lammps/src/KOKKOS/fix_efield_kokkos.cpp.o
[469/540] Building CXX object CMakeFiles/lammps.dir/workspace/microbubble_lammps/work/lammps_particle_engine_20260915_214759/upstream/lammps/src/KOKKOS/fix_nph_kokkos.cpp.o
[470/540] Building CXX object CMakeFiles/lammps.dir/workspace/microbubble_lammps/work/lammps_particle_engine_20260915_214759/upstream/lammps/src/KOKKOS/fix_enforce2d_kokkos.cpp.o
[471/540] Building CXX object CMakeFiles/lammps.dir/workspace/microbubble_lammps/work/lammps_particle_engine_20260915_214759/upstream/lammps/src/KOKKOS/fix_gravity_kokkos.cpp.o
[472/540] Building CXX object CMakeFiles/lammps.dir/workspace/microbubble_lammps/work/lammps_particle_engine_20260915_214759/upstream/lammps/src/KOKKOS/fix_minimize_kokkos.cpp.o
[473/540] Building CXX object CMakeFiles/lammps.dir/workspace/microbubble_lammps/work/lammps_particle_engine_20260915_214759/upstream/lammps/src/KOKKOS/fix_npt_kokkos.cpp.o
[474/540] Building CXX object CMakeFiles/lammps.dir/workspace/microbubble_lammps/work/lammps_particle_engine_20260915_214759/upstream/lammps/src/KOKKOS/fix_momentum_kokkos.cpp.o
[475/540] Building CXX object CMakeFiles/lammps.dir/workspace/microbubble_lammps/work/lammps_particle_engine_20260915_214759/upstream/lammps/src/KOKKOS/fix_nvt_kokkos.cpp.o
[476/540] Building CXX object CMakeFiles/lammps.dir/workspace/microbubble_lammps/work/lammps_particle_engine_20260915_214759/upstream/lammps/src/KOKKOS/fix_neigh_history_kokkos.cpp.o
[477/540] Building CXX object CMakeFiles/lammps.dir/workspace/microbubble_lammps/work/lammps_particle_engine_20260915_214759/upstream/lammps/src/KOKKOS/fix_nve_kokkos.cpp.o
[478/540] Building CXX object CMakeFiles/lammps.dir/workspace/microbubble_lammps/work/lammps_particle_engine_20260915_214759/upstream/lammps/src/KOKKOS/fix_nve_sphere_kokkos.cpp.o
[479/540] Building CXX object CMakeFiles/lammps.dir/workspace/microbubble_lammps/work/lammps_particle_engine_20260915_214759/upstream/lammps/src/KOKKOS/fix_nve_limit_kokkos.cpp.o
[480/540] Building CXX object CMakeFiles/lammps.dir/workspace/microbubble_lammps/work/lammps_particle_engine_20260915_214759/upstream/lammps/src/KOKKOS/fix_langevin_kokkos.cpp.o
[481/540] Building CXX object CMakeFiles/lammps.dir/workspace/microbubble_lammps/work/lammps_particle_engine_20260915_214759/upstream/lammps/src/KOKKOS/fix_nvt_sllod_kokkos.cpp.o
[482/540] Building CXX object CMakeFiles/lammps.dir/workspace/microbubble_lammps/work/lammps_particle_engine_20260915_214759/upstream/lammps/src/KOKKOS/fix_recenter_kokkos.cpp.o
[483/540] Building CXX object CMakeFiles/lammps.dir/workspace/microbubble_lammps/work/lammps_particle_engine_20260915_214759/upstream/lammps/src/KOKKOS/fix_property_atom_kokkos.cpp.o
[484/540] Building CXX object CMakeFiles/lammps.dir/workspace/microbubble_lammps/work/lammps_particle_engine_20260915_214759/upstream/lammps/src/KOKKOS/fix_setforce_kokkos.cpp.o
[485/540] Building CXX object CMakeFiles/lammps.dir/workspace/microbubble_lammps/work/lammps_particle_engine_20260915_214759/upstream/lammps/src/KOKKOS/fix_temp_berendsen_kokkos.cpp.o
[486/540] Building CXX object CMakeFiles/lammps.dir/workspace/microbubble_lammps/work/lammps_particle_engine_20260915_214759/upstream/lammps/src/KOKKOS/fix_spring_self_kokkos.cpp.o
[487/540] Building CXX object CMakeFiles/lammps.dir/workspace/microbubble_lammps/work/lammps_particle_engine_20260915_214759/upstream/lammps/src/KOKKOS/fix_temp_rescale_kokkos.cpp.o
[488/540] Building CXX object CMakeFiles/lammps.dir/workspace/microbubble_lammps/work/lammps_particle_engine_20260915_214759/upstream/lammps/src/KOKKOS/fix_wall_lj93_kokkos.cpp.o
[489/540] Building CXX object CMakeFiles/lammps.dir/workspace/microbubble_lammps/work/lammps_particle_engine_20260915_214759/upstream/lammps/src/KOKKOS/fix_viscous_kokkos.cpp.o
[490/540] Building CXX object CMakeFiles/lammps.dir/workspace/microbubble_lammps/work/lammps_particle_engine_20260915_214759/upstream/lammps/src/KOKKOS/fix_wall_reflect_kokkos.cpp.o
[491/540] Building CXX object CMakeFiles/lammps.dir/workspace/microbubble_lammps/work/lammps_particle_engine_20260915_214759/upstream/lammps/src/KOKKOS/fix_freeze_kokkos.cpp.o
[492/540] Building CXX object CMakeFiles/lammps.dir/workspace/microbubble_lammps/work/lammps_particle_engine_20260915_214759/upstream/lammps/src/KOKKOS/fix_wall_region_kokkos.cpp.o
[493/540] Building CXX object CMakeFiles/lammps.dir/workspace/microbubble_lammps/work/lammps_particle_engine_20260915_214759/upstream/lammps/src/KOKKOS/improper_hybrid_kokkos.cpp.o
[494/540] Building CXX object CMakeFiles/lammps.dir/workspace/microbubble_lammps/work/lammps_particle_engine_20260915_214759/upstream/lammps/src/KOKKOS/verlet_kokkos.cpp.o
[495/540] Building CXX object CMakeFiles/lammps.dir/workspace/microbubble_lammps/work/lammps_particle_engine_20260915_214759/upstream/lammps/src/KOKKOS/npair_copy_kokkos.cpp.o
[496/540] Building CXX object CMakeFiles/lammps.dir/workspace/microbubble_lammps/work/lammps_particle_engine_20260915_214759/upstream/lammps/src/KOKKOS/fix_wall_gran_kokkos.cpp.o
[497/540] Building CXX object CMakeFiles/lammps.dir/workspace/microbubble_lammps/work/lammps_particle_engine_20260915_214759/upstream/lammps/src/KOKKOS/min_cg_kokkos.cpp.o
[498/540] Building CXX object CMakeFiles/lammps.dir/workspace/microbubble_lammps/work/lammps_particle_engine_20260915_214759/upstream/lammps/src/KOKKOS/npair_skip_kokkos.cpp.o
[499/540] Building CXX object CMakeFiles/lammps.dir/workspace/microbubble_lammps/work/lammps_particle_engine_20260915_214759/upstream/lammps/src/KOKKOS/npair_trim_kokkos.cpp.o
[500/540] Building CXX object CMakeFiles/lammps.dir/workspace/microbubble_lammps/work/lammps_particle_engine_20260915_214759/upstream/lammps/src/KOKKOS/pair_hybrid_overlay_kokkos.cpp.o
[501/540] Building CXX object CMakeFiles/lammps.dir/workspace/microbubble_lammps/work/lammps_particle_engine_20260915_214759/upstream/lammps/src/KOKKOS/pair_coul_dsf_kokkos.cpp.o
[502/540] Building CXX object CMakeFiles/lammps.dir/workspace/microbubble_lammps/work/lammps_particle_engine_20260915_214759/upstream/lammps/src/KOKKOS/pair_hybrid_kokkos.cpp.o
[503/540] Building CXX object CMakeFiles/lammps.dir/workspace/microbubble_lammps/work/lammps_particle_engine_20260915_214759/upstream/lammps/src/KOKKOS/pair_coul_wolf_kokkos.cpp.o
[504/540] Building CXX object CMakeFiles/lammps.dir/workspace/microbubble_lammps/work/lammps_particle_engine_20260915_214759/upstream/lammps/src/KOKKOS/pair_buck_kokkos.cpp.o
[505/540] Building CXX object CMakeFiles/lammps.dir/workspace/microbubble_lammps/work/lammps_particle_engine_20260915_214759/upstream/lammps/src/KOKKOS/pair_buck_coul_cut_kokkos.cpp.o
[506/540] Building CXX object CMakeFiles/lammps.dir/workspace/microbubble_lammps/work/lammps_particle_engine_20260915_214759/upstream/lammps/src/KOKKOS/pair_coul_debye_kokkos.cpp.o
[507/540] Building CXX object CMakeFiles/lammps.dir/workspace/microbubble_lammps/work/lammps_particle_engine_20260915_214759/upstream/lammps/src/KOKKOS/pair_coul_cut_kokkos.cpp.o
[508/540] Building CXX object CMakeFiles/lammps.dir/workspace/microbubble_lammps/work/lammps_particle_engine_20260915_214759/upstream/lammps/src/KOKKOS/pair_lj_cut_kokkos.cpp.o
[509/540] Building CXX object CMakeFiles/lammps.dir/workspace/microbubble_lammps/work/lammps_particle_engine_20260915_214759/upstream/lammps/src/KOKKOS/pair_lj_cut_coul_cut_kokkos.cpp.o
[510/540] Building CXX object CMakeFiles/lammps.dir/workspace/microbubble_lammps/work/lammps_particle_engine_20260915_214759/upstream/lammps/src/KOKKOS/pair_lj_expand_kokkos.cpp.o
[511/540] Building CXX object CMakeFiles/lammps.dir/workspace/microbubble_lammps/work/lammps_particle_engine_20260915_214759/upstream/lammps/src/KOKKOS/pair_morse_kokkos.cpp.o
[512/540] Building CXX object CMakeFiles/lammps.dir/workspace/microbubble_lammps/work/lammps_particle_engine_20260915_214759/upstream/lammps/src/KOKKOS/pair_soft_kokkos.cpp.o
[513/540] Building CXX object CMakeFiles/lmp.dir/workspace/microbubble_lammps/work/lammps_particle_engine_20260915_214759/upstream/lammps/src/main.cpp.o
[514/540] Building CXX object lib/kokkos/core/src/CMakeFiles/kokkoscore.dir/impl/Kokkos_HostSpace.cpp.o
[515/540] Building CXX object lib/kokkos/core/src/CMakeFiles/kokkoscore.dir/impl/Kokkos_HostThreadTeam.cpp.o
[516/540] Building CXX object CMakeFiles/lammps.dir/workspace/microbubble_lammps/work/lammps_particle_engine_20260915_214759/upstream/lammps/src/KOKKOS/pair_yukawa_kokkos.cpp.o
[517/540] Building CXX object lib/kokkos/core/src/CMakeFiles/kokkoscore.dir/impl/Kokkos_MemoryPool.cpp.o
[518/540] Building CXX object lib/kokkos/core/src/CMakeFiles/kokkoscore.dir/impl/Kokkos_HostSpace_deepcopy.cpp.o
[519/540] Building CXX object lib/kokkos/core/src/CMakeFiles/kokkoscore.dir/impl/Kokkos_Stacktrace.cpp.o
[520/540] Building CXX object CMakeFiles/lammps.dir/workspace/microbubble_lammps/work/lammps_particle_engine_20260915_214759/upstream/lammps/src/KOKKOS/pair_zbl_kokkos.cpp.o
[521/540] Building CXX object lib/kokkos/core/src/CMakeFiles/kokkoscore.dir/impl/Kokkos_SharedAlloc.cpp.o
[522/540] Building CXX object lib/kokkos/core/src/CMakeFiles/kokkoscore.dir/impl/Kokkos_Profiling.cpp.o
[523/540] Building CXX object CMakeFiles/lammps.dir/workspace/microbubble_lammps/work/lammps_particle_engine_20260915_214759/upstream/lammps/src/KOKKOS/pair_table_kokkos.cpp.o
[524/540] Building CXX object lib/kokkos/core/src/CMakeFiles/kokkoscore.dir/Cuda/Kokkos_Cuda_Task.cpp.o
[525/540] Building CXX object lib/kokkos/core/src/CMakeFiles/kokkoscore.dir/Serial/Kokkos_Serial_Task.cpp.o
[526/540] Building CXX object CMakeFiles/lammps.dir/workspace/microbubble_lammps/work/lammps_particle_engine_20260915_214759/upstream/lammps/src/KOKKOS/region_block_kokkos.cpp.o
[527/540] Building CXX object lib/kokkos/core/src/CMakeFiles/kokkoscore.dir/impl/Kokkos_hwloc.cpp.o
[528/540] Building CXX object lib/kokkos/simd/src/CMakeFiles/kokkossimd.dir/Kokkos_SIMD_dummy.cpp.o
[529/540] Linking CXX static library lib/kokkos/simd/src/libkokkossimd.a
[530/540] Building CXX object lib/kokkos/core/src/CMakeFiles/kokkoscore.dir/workspace/microbubble_lammps/work/lammps_particle_engine_20260915_214759/upstream/lammps/lib/kokkos/tpls/desul/src/Lock_Array_CUDA.cpp.o
[531/540] Building CXX object CMakeFiles/lammps.dir/workspace/microbubble_lammps/work/lammps_particle_engine_20260915_214759/upstream/lammps/src/KOKKOS/pair_gran_hooke_history_kokkos.cpp.o
[532/540] Building CXX object CMakeFiles/lammps.dir/workspace/microbubble_lammps/work/lammps_particle_engine_20260915_214759/upstream/lammps/src/KOKKOS/region_sphere_kokkos.cpp.o
[533/540] Building CXX object lib/kokkos/core/src/CMakeFiles/kokkoscore.dir/Cuda/Kokkos_CudaSpace.cpp.o
[534/540] Building CXX object lib/kokkos/core/src/CMakeFiles/kokkoscore.dir/Serial/Kokkos_Serial.cpp.o
[535/540] Building CXX object lib/kokkos/core/src/CMakeFiles/kokkoscore.dir/Cuda/Kokkos_Cuda_Instance.cpp.o
[536/540] Linking CXX static library lib/kokkos/core/src/libkokkoscore.a
[537/540] Building CXX object lib/kokkos/containers/src/CMakeFiles/kokkoscontainers.dir/impl/Kokkos_UnorderedMap_impl.cpp.o
[538/540] Linking CXX static library lib/kokkos/containers/src/libkokkoscontainers.a
[539/540] Linking CXX static library liblammps.a
[540/540] Linking CXX executable lmp
