 Starting up Musubi with nprocs:            4

 .___  ___.  __    __       _______. __    __  .______    __  
 |   \/   | |  |  |  |     /       ||  |  |  | |   _  \  |  | 
 |  \  /  | |  |  |  |    |   (----`|  |  |  | |  |_)  | |  | 
 |  |\/|  | |  |  |  |     \   \    |  |  |  | |   _  <  |  | 
 |  |  |  | |  `--'  | .----)   |   |  `--'  | |  |_)  | |  | 
 |__|  |__|  \______/  |_______/     \______/  |______/  |_v2.0.0-4-g4e8b27

 (C) 2012 German Research School for Simulation Sciences
 (C) 2013-2020 University Siegen
 (C) 2021 German Aerospace Center (DLR) -
          Institute of Software Methods for Product Virtualization
 
--------------------------------------------------------------------------------
 | INFORMATION ON THE EXECUTABLE
 | Revision of the code in this executable: 81f8c4f13772+
 |
 | Compiled with GFORTRAN in version 13.4.0
 | Using the command /home/lzy/.local/bin/mpif90
 | And the following flags:
 | -O3 -march=native -Wall -Wno-maybe-uninitialized -Werror -Wno-unused-dum
 | my-argument -fmax-stack-var-size=131072 -std=f2008 -pedantic-errors -O3
 | -march=native -Wall -Wno-maybe-uninitialized -Werror
 |
 | Build date: 2026-08-29
--------------------------------------------------------------------------------
--------------------------------------------------------------------------------
 | PRE-PROCESSING SETTINGS:
 | Using AOS (array of structures data layout)
 | Using PULL for streaming
--------------------------------------------------------------------------------

Run at: 2026-08-31 09:31 UTC+02:00

 Loading configuration file: musubi.lua
--------------------------------------------------------------------------------
--------------------------------------------------------------------------------
--------------------------------------------------------------------------------
Loading general parameters:
Using /dev/null as null device.
Will print run time info in the end
(/proc/self/status).
Size of the IO Buffer (MB): 8
Simulation Name: tau1_base
 +-------------------------------------------+
  - Now:
  iterations:            0
  simTime   :    0.0000000000000000     
  wallClock :    8.4719700000000005E-004
 
  - Time Control:
 +-------------------------------------------+
Iterations between trigger checks: 1
  - Min:
  iterations:            0
  simTime   :    0.0000000000000000     
 
  - Max:
  iterations:      6131250
  wallClock :    8400.0000000000000     
 
  - Interval:
  iterations:         1198
 +-------------------------------------------+
 
  - Abort Criteria:
  stop_file: /home/lzy/u3da/tau1_base_20260830/stop
  steady_state:  F
 
  - Status:
 +-------------------------------------------+
 Using global alltoall
 Loading communication pattern:
 isend_irecv
Write timings to: tracking/timing.res
--------------------------------------------------------------------------------
 Loading general solver params: 
 Choosing Control Routine: standard
 Setting SCALING to:diffusive
Solid elements will be removed from BC list
Block size (elements): 576
--------------------------------------------------------------------------------
--------------------------------------------------------------------------------
 Loading restart ...
 *****************************
 Restart read parameters: 
   filename : /home/lzy/u3da/tau1_base_20260830/restart/tau1_base_header_5.380E-03.lua
 Opening Restart Header /home/lzy/u3da/tau1_base_20260830/restart/tau1_base_header_5.380E-03.lua
 Solver: Musubi_v2.0.0-4-g4e8b27
--------------------------------------------------------------------------------
 Load mesh header from file: /mnt/e/ULM/hatimb-particle_flow_simulator/ulm_3D_vascular/outputs/cfd_flow/healthy_mouse_capillary_dimensionless_qvalue_base_preflight_anchor003274_20260830/seeder/mesh/header.lua
 The real bounding cube is...
   min:    8.0282771579034593E-005   5.5876359424537691E-005   1.1160639894086849E-004
   max:    1.7828277157903459E-004   1.5467635942453768E-004   1.6700639894086849E-004
 Load mesh from file: /mnt/e/ULM/hatimb-particle_flow_simulator/ulm_3D_vascular/outputs/cfd_flow/healthy_mouse_capillary_dimensionless_qvalue_base_preflight_anchor003274_20260830/seeder/mesh/elemlist.lsb
 using one process to read and broadcast
 Done, reading the mesh!
 NO BALANCING!
 Done loading weights.
 Got a mesh with following properties:
                 Mesh name: fluidTree
  Total number of elements: 182320
  Local number of elements: 45580
      Number of properties: 2
      Number of partitions: 4
             Minimum level: 9
             Maximum level: 9
       Bounding Box Origin:     0.0001    0.0001    0.0001
       Bounding Box Length:     0.0001
     Coarsest element size:     0.0000
       Finest element size:     0.0000
  Number of boundary elements: 17907
      Number of qVal elements: 17820
--------------------------------------------------------------------------------
 Restarting from point in time:
  iterations:      2638923
  simTime   :    5.3800672783857499E-003
  wallClock :    8400.0136729890000     
 Loading varsys table 
 Syshandle            1
 *****************************
 
 *****************************
 Restart write parameters: 
   prefix   : /home/lzy/u3da/tau1_base_20260830/restart/
 +-------------------------------------------+
Iterations between trigger checks: 1
  - Min:
  iterations:      2758674
 
  - Max:
  iterations:      6131250
 
  - Interval:
  iterations:       119751
 +-------------------------------------------+
 *****************************
 
--------------------------------------------------------------------------------
 Load boundary ID from file: /mnt/e/ULM/hatimb-particle_flow_simulator/ulm_3D_vascular/outputs/cfd_flow/healthy_mouse_capillary_dimensionless_qvalue_base_preflight_anchor003274_20260830/seeder/mesh/bnd.lsb
 read with MPI
Loading qVal data from directory: /mnt/e/ULM/hatimb-particle_flow_simulator/ulm_3D_vascular/outputs/cfd_flow/healthy_mouse_capillary_dimensionless_qvalue_base_preflight_anchor003274_20260830/seeder/mesh/
 Load hasQVal from file: /mnt/e/ULM/hatimb-particle_flow_simulator/ulm_3D_vascular/outputs/cfd_flow/healthy_mouse_capillary_dimensionless_qvalue_base_preflight_anchor003274_20260830/seeder/mesh/qval.lsb
 Done, reading the qVal!
 No IBM found!
--------------------------------------------------------------------------------
Lattice dx and dt on each level
level=9, dxL=   1.00000, dtL=   1.00000
--------------------------------------------------------------------------------
--------------------------------------------------------------------------------
  Loading physics table ...
  Physics table is defined.
  All values are expressed in physical units.
 Speed of sound (cs) is not defined.
 Attempting to load time step dt on coarsest level:
   cs =   56.638E+00
   dt =    2.039E-09
 WARNING: No value given for coulomb0
 WARNING: Reference coulomb0 is not found. 
 Setting reference coulomb0 to fundamental electrical charge.
Reference physical quantities:
  rho0       =    1.056E+03
  mass0      =    8.448E-18
  mole0      =    1.661E-24
  moleDens0  =  207.567E-06
  molWeight0 =    5.088E+06
  Temp0      =    1.000E+00
  coulomb0   =  160.218E-21
Conversion factors on level: 9
  dx            =  200.000E-09
  dt            =    2.039E-09
  pressure      =   10.163E+06
  velocity      =   98.100E+00
  kine. visc.   =   19.620E-06
  dyn. visc.    =   20.719E-03
  acceleration  =   48.118E+09
  force         =  406.501E-09
  body force    =   50.813E+12
  strain rate   =  490.500E+06
  energy        =   81.300E-15
  moleFlux      =   20.362E-03
  chargeDens    =   20.027E+00
  currentDens   =    1.965E+03
  massflux      =  103.594E+03
  diffusivity   =   19.620E-06
  faraday       =   96.485E+03
  gasConst      =   48.960E+09
  potential     =  507.436E+03

Over level scale factor: 
    pressure:    1.000E+00
    velocity:    1.000E+00
 strain rate:    1.000E+00
--------------------------------------------------------------------------------
--------------------------------------------------------------------------------
Loading Scheme identify table: 
kind: fluid
Layout: d3q19
relaxation: bgk
  variant: standard
--------------------------------------------------------------------------------
 Creating stencil kind: d3q19
--------------------------------------------------------------------------------
 Loading the field base info ...
 No field table defined.
 Assuming single field and label = "".
--------------------------------------------------------------------------------
 Initializing global variable system for scheme kind: fluid
 Appending state variables 
--------------------------------------------------------------------------------
Interpolation:
  method: quadratic
   order:  2
  weights_method: linear_distance
  inverse distance powefac:  6
--------------------------------------------------------------------------------
 No possible transport variable defined for scheme kind: fluid
--------------------------------------------------------------------------------
 Loading the fields ...
 Number of fields to load:            1
 No field table and scheme table are defined.Loading field data from config
 Loading field: 
 Loading the fluid properties.
 Loading fluid informations
 loading space time function from key: kinematic_viscosity
 Spacetime function is a const value:    3.2700000000000000E-006
 St-fun is not a table, thus setting global shape.
 No nonNewtonian table defined
 No turbulence table defined
--------------------------------------------------------------------------------
--------------------------------------------------------------------------------
  Loading initial conditions
Loading spatial for pressure
 Load spatial as single constant
   Spatial for pressure is a defined as const
value =   23.622E+03
Loading spatial for velocityX
 Load spatial as single constant
   Spatial for velocityX is a defined as const
value =    0.000E+00
Loading spatial for velocityY
 Load spatial as single constant
   Spatial for velocityY is a defined as const
value =    0.000E+00
Loading spatial for velocityZ
 Load spatial as single constant
   Spatial for velocityZ is a defined as const
value =    0.000E+00
Loading spatial for Sxx
 Load spatial as single constant
 ERROR: Fatal error occured in loading scalar constants
 WARNING: variable is non-existent!
 Setting kind to be "none" and value =    0.000E+00 for all 1 components
   Spatial for Sxx is a defined as none
Loading spatial for Syy
 Load spatial as single constant
 ERROR: Fatal error occured in loading scalar constants
 WARNING: variable is non-existent!
 Setting kind to be "none" and value =    0.000E+00 for all 1 components
   Spatial for Syy is a defined as none
Loading spatial for Szz
 Load spatial as single constant
 ERROR: Fatal error occured in loading scalar constants
 WARNING: variable is non-existent!
 Setting kind to be "none" and value =    0.000E+00 for all 1 components
   Spatial for Szz is a defined as none
Loading spatial for Sxy
 Load spatial as single constant
 ERROR: Fatal error occured in loading scalar constants
 WARNING: variable is non-existent!
 Setting kind to be "none" and value =    0.000E+00 for all 1 components
   Spatial for Sxy is a defined as none
Loading spatial for Syz
 Load spatial as single constant
 ERROR: Fatal error occured in loading scalar constants
 WARNING: variable is non-existent!
 Setting kind to be "none" and value =    0.000E+00 for all 1 components
   Spatial for Syz is a defined as none
Loading spatial for Sxz
 Load spatial as single constant
 ERROR: Fatal error occured in loading scalar constants
 WARNING: variable is non-existent!
 Setting kind to be "none" and value =    0.000E+00 for all 1 components
   Spatial for Sxz is a defined as none
--------------------------------------------------------------------------------
  Loading BC header
   Found BC wall of kind wall_libb
   Found BC inlet of kind adaptive_flux_pressure
   Found BC outlet_01 of kind pressure_eq
   Found BC outlet_02 of kind pressure_eq
   Found BC outlet_03 of kind pressure_eq
 matching boundary defination in lua to mesh
 Number of Boundaries: 5
--------------------------------------------------------------------------------
 Loading boundary definition for nBCs: 5
   Boundary: 1
    Curved:  F
     Wall LIBB treatment: wall
    Default qVal:   0.50000000000000000     
   required neighbors: 0
   Boundary: 2
    Curved:  F
    Adaptive global flux/pressure treatment for inlet
  Loading bc state for mass_flowrate
 Expected variable mass_flowrate is defined
 Did not find a variable name for mass_flowrate
 Trying to load it as an anonymous space time function
 loading space time function from key: mass_flowrate
 Spacetime function is a const value:    2.8901803804796421E-012
 St-fun is not a table, thus setting global shape.
 Found a spacetime function for mass_flowrate
    Default qVal:   0.50000000000000000     
   required neighbors: 2
   Boundary: 3
    Curved:  F
     Outlet pressure equilibrium type for outlet_01
  Loading bc state for pressure
 Expected variable pressure is defined
 Did not find a variable name for pressure
 Trying to load it as an anonymous space time function
 loading space time function from key: pressure
 St-fun is not a table, thus setting global shape.
 Found a spacetime function for pressure
    Default qVal:   0.50000000000000000     
   required neighbors: 2
   Boundary: 4
    Curved:  F
     Outlet pressure equilibrium type for outlet_02
  Loading bc state for pressure
 Expected variable pressure is defined
 Did not find a variable name for pressure
 Trying to load it as an anonymous space time function
 loading space time function from key: pressure
 St-fun is not a table, thus setting global shape.
 Found a spacetime function for pressure
    Default qVal:   0.50000000000000000     
   required neighbors: 2
   Boundary: 5
    Curved:  F
     Outlet pressure equilibrium type for outlet_03
  Loading bc state for pressure
 Expected variable pressure is defined
 Did not find a variable name for pressure
 Trying to load it as an anonymous space time function
 loading space time function from key: pressure
 St-fun is not a table, thus setting global shape.
 Found a spacetime function for pressure
    Default qVal:   0.50000000000000000     
   required neighbors: 2
--------------------------------------------------------------------------------
 Loading the mappings from table: source
 Table source could not be opened for reading variable mappings!
--------------------------------------------------------------------------------
 Loading the mappings from table: glob_source
 Table glob_source could not be opened for reading variable mappings!
 Loading transport variables
--------------------------------------------------------------------------------
 Variable table not defined with key: variable
--------------------------------------------------------------------------------
 Loading tracking ...
Number of Tracking entities: 2
Loading tracker: 1
 Tracking label: p
 +-------------------------------------------+
Iterations between trigger checks: 1
  - Min:
  iterations:            0
 
  - Max:
  iterations:      6131250
 
  - Interval:
  iterations:        59875
 +-------------------------------------------+
  Number of reductions loaded: 1
  their reduceTypes are:
    average
   Loading output table ...
   Output format: ascii
  Loading shape kind: all
  Inverted shape:  F
Done tracker 1
Loading tracker: 2
 Tracking label: u
 +-------------------------------------------+
Iterations between trigger checks: 1
  - Min:
  iterations:            0
 
  - Max:
  iterations:      6131250
 
  - Interval:
  iterations:        59875
 +-------------------------------------------+
  Number of reductions loaded: 1
  their reduceTypes are:
    average
   Loading output table ...
   Output format: ascii
  Loading shape kind: all
  Inverted shape:  F
Done tracker 2
--------------------------------------------------------------------------------
--------------------------------------------------------------------------------
 NO particle modelling
--------------------------------------------------------------------------------
--------------------------------------------------------------------------------
 Initializing musubi ...
 Initializing the scheme ...
 Map stencil to treelm definition and vice versa ...
Initializing the moment matrix by stencil: d3q19
 Building variable system for scheme kind: fluid
 Appending auxiliary variables 
 Current append variable wave loop:            1
 Append derive variables to varSys
 Variable pressure_deviation cant be added due to missing input variable pressure_reference
 Error: variable pressure_deviation is not added to variable system
 Appending boundary variables 
 Append derive physical variables to varSys
 Append meshInfo variables to varSys
 Current append variable wave loop:            2
 Append derive variables to varSys
 Appending boundary variables 
 Append derive physical variables to varSys
 Append meshInfo variables to varSys
 Current append variable wave loop:            3
 Append derive variables to varSys
 Appending boundary variables 
 Append derive physical variables to varSys
 Append meshInfo variables to varSys
 Done appending variables to varSys
 Storing state variable position 
 Storing derive variable position 
--------------------------------------------------------------------------------
 Starting to initialize the geometry
--------------------------------------------------------------------------------
 Creating boundary lists ...
BC: wall, iBnd: 1, normal:   0 -1  1, Ind: 8
BC: outlet_02, iBnd: 2, normal:   1  0  1, Ind: 14
BC: outlet_03, iBnd: 3, normal:  -1  0  0, Ind: 1
BC: inlet, iBnd: 4, normal:   0  0 -1, Ind: 3
BC: outlet_01, iBnd: 5, normal:   0 -1 -1, Ind: 7
 Set BC stencil: outlet_02
 Set BC stencil: outlet_03
 Set BC stencil: inlet
 Set BC stencil: outlet_01
 Finalizing stencils...
 Total Number of stencils: 5
 iStencil:  1, label: d3q19
 nElems: 182320
 iStencil:  2, label: outlet_02_TE2TE3_QQN2
 nElems: 158
 iStencil:  3, label: outlet_03_WW2_QQN2
 nElems: 175
 iStencil:  4, label: inlet_BB2_QQN2
 nElems: 223
 iStencil:  5, label: outlet_01_BS2BS3_QQN2
 nElems: 167
 Allocating level Descriptor ...
 Searching the neighbors for each element ...
 Finished searching the neighbors ID for each fluid.
 Creating level descriptor ...
 Building up the element and total list.
 Building level-wise fluid list ...
--------------------------------------------------------------------------------
 Communicating elements ...
Halo count exchange iteration: 1
 Starting all-to-all exchange of halo counts
Finished all-to-all exchanging number of elements
All to all cost: 0.150900E-04
  Finished counting valid procs and nElemsProcs.
   Done communicating nElems to Transfer
  Requesting remote halos on level 9
   Received requested halo elements successfully.
 Finished requesting remote halos
   Done requesting remote halos.
   Identifying lists
 Done exchanging number of elements to communicate.
Return halo counts and Redefine halos ...
  Returning halo counts on level 9
   Redefining halos ... 
   Done communicating stencil buffer
   Done communicating stencil buffer
   Done communicating stencil buffer
 Done with communication of elements. 
--------------------------------------------------------------------------------

--------------------------------------------------------------------------------
 Communicating elements ...
Halo count exchange iteration: 1
 Starting all-to-all exchange of halo counts
Finished all-to-all exchanging number of elements
All to all cost: 0.491526E-03
  Finished counting valid procs and nElemsProcs.
   Done communicating nElems to Transfer
  Requesting remote halos on level 9
   Received requested halo elements successfully.
 Finished requesting remote halos
   Done requesting remote halos.
   Identifying lists
 Done exchanging number of elements to communicate.
Return halo counts and Redefine halos ...
  Returning halo counts on level 9
   Redefining halos ... 
   Done communicating stencil buffer
   Done communicating stencil buffer
   Done communicating stencil buffer
 Done with communication of elements. 
--------------------------------------------------------------------------------

 Assembling total list ...
     Level: 9
    nElems: 45980
       fluid: 45580
gFromCoarser: 0
  gFromFiner: 0
        halo: 400
 Updating dependencies ...
 Updating the stencil entries
  Updating entries in the element stencils...
 Finished building up element and total list. 
Build neighbor array for stencil: 1
 level:  9, nElems to treat: 45980
Build neighbor array for stencil: 2
 level:  9, nElems to treat: 158
--------------------------------------------------------------------------------

Try to remove solid from BC: outlet_02
 Removed 28 elements on level 9
Try to remove solid from BC: outlet_03
Try to remove solid from BC: inlet
Try to remove solid from BC: outlet_01
 Build vertical dep ...
 Total number of elements on Level: 9
   Fluid:   182320
 Global Elements information:
   nElems overall: 185060
   nElems ghost from finer: 0
   nElems ghost from coarser: 0
 
Start filling field BC neighbor list 
 Allocating PDF state, neighbor and bcBuffer array
 nSize of state array: 45980
 Building state array connectivity ...
 Done with state array connectivity.
Set halo elements comm links
Amount of message per proc: 7914
Communication amount compressed to [%]: 60.81

--------------------------------------------------------------------------------
Done initializing geometry. Took [s]      0.21
--------------------------------------------------------------------------------

 Simulation time homogenize:
  iterations:      2638923
  simTime   :    5.3800672782874613E-003
  wallClock :    6.1011775999999997E-002
 Time control homogenize:
 +-------------------------------------------+
Iterations between trigger checks: 1
  - Min:
  iterations:      2638923
 
  - Max:
  iterations:      6131250
  wallClock :    8400.0000000000000     
 
  - Interval:
  iterations:         1198
 +-------------------------------------------+
Initialize fluid
  Set relaxation parameter from kinematic viscosity
Fluid properties:
  Reference density rho0:  1.0000000
  Kinematic viscosity STfun kind: const
Kinematic viscosity, (min, max) on level: 9
  Physical: ( 0.0000033, 0.0000033)
  Lattice: ( 0.1666667, 0.1666667)
  Kinematic omega (min,max):( 1.0000000, 1.0000000)
 viscBulk lattice and omega: 
  viscBulk:   0.1111111
  omegaBulk:  1.0000000
Magic lambda for TRT:  0.2500000
HRR sigma:  0.9800000
DRT tauN:  0.7000000
No nonNewtonian table defined.
--------------------------------------------------------------------------------
 Allocate gradient data ...
 Filling gradient data ...
--------------------------------------------------------------------------------
 Create subtree for all space time functions stored 
 in linked list of spacetime function
 Done creating subtree for   0 spacetime functions
--------------------------------------------------------------------------------
--------------------------------------------------------------------------------
 Initializing Source terms ...
 No active source terms
--------------------------------------------------------------------------------
 Initializing transport variables ...
 No active transport variables
  Pulling pdfs from neighbor elements before collision
 Initializing restart...
 Time control homogenize:
 +-------------------------------------------+
Iterations between trigger checks: 1
  - Min:
  iterations:      2758674
 
  - Max:
  iterations:      6131250
 
  - Interval:
  iterations:       119751
 +-------------------------------------------+
 Initializing tracker...
--------------------------------------------------------------------------------
 Initialize tracking subTree to remove empty objects
--------------------------------------------------------------------------------
 Creating subTree for tracking object p
 Subtree encompasses all fluid elements
Found corresponding nElems: 182320
--------------------------------------------------------------------------------
 Creating subTree for tracking object u
 Subtree encompasses all fluid elements
Found corresponding nElems: 182320
--------------------------------------------------------------------------------
 Time control homogenize:
 +-------------------------------------------+
Iterations between trigger checks: 1
  - Min:
  iterations:            0
 
  - Max:
  iterations:      6131250
 
  - Interval:
  iterations:        59875
 +-------------------------------------------+
 Time control homogenize:
 +-------------------------------------------+
Iterations between trigger checks: 1
  - Min:
  iterations:            0
 
  - Max:
  iterations:      6131250
 
  - Interval:
  iterations:        59875
 +-------------------------------------------+
--------------------------------------------------------------------------------
 Initialize tracking objects
--------------------------------------------------------------------------------
Track object: 1, label: p
 Initializing reduction ...
Track object: 2, label: u
 Initializing reduction ...
 Auxiliary field halo communication DEACTIVATED.
Initialize BndForce
 Initializing IBM surface data
--------------------------------------------------------------------------------

 Reading restart...
  Open read... 
  Closed Read.
 Done reading restart.
 Initialize compute kernel for scheme kind: fluid
 Choosing fluid relaxation model: bgk for layout d3q19
 mus_load_particles: no particle table found
Initialize 5 boundary conditions
 Initializing BC: wall
 Initializing BC: outlet_02
 Initializing BC: outlet_03
 Initializing BC: inlet
 Initializing BC: outlet_01
--------------------------------------------------------------------------------
 Starting Musubi MAIN loop with time control:
 +-------------------------------------------+
Iterations between trigger checks: 1
  - Min:
  iterations:      2638923
 
  - Max:
  iterations:      6131250
  wallClock :    8400.0000000000000     
 
  - Interval:
  iterations:         1198
 +-------------------------------------------+
Select fast single level control routine.
Particulate flow simulations disabled!
--------------------------------------------------------------------------------
  iterations:      2638923
  simTime   :    5.3800672782874613E-003
  wallClock :    6.1011775999999997E-002
      field |       total density
          1 |    1.2803708439E+03

  iterations:      2640121
  simTime   :    5.3825096839961173E-003
  wallClock :    17.218014773000000     
      field |       total density
          1 |    1.2803708439E+03

  iterations:      2641319
  simTime   :    5.3849520897047733E-003
  wallClock :    33.832219563000002     
      field |       total density
          1 |    1.2803708439E+03

  iterations:      2642517
  simTime   :    5.3873944954134292E-003
  wallClock :    50.495057858999999     
      field |       total density
          1 |    1.2803708439E+03

  iterations:      2643715
  simTime   :    5.3898369011220852E-003
  wallClock :    67.230803804999994     
      field |       total density
          1 |    1.2803708439E+03

  iterations:      2644913
  simTime   :    5.3922793068307412E-003
  wallClock :    84.232473169000002     
      field |       total density
          1 |    1.2803708439E+03

  iterations:      2646111
  simTime   :    5.3947217125393972E-003
  wallClock :    101.19160999899999     
      field |       total density
          1 |    1.2803708439E+03

  iterations:      2647309
  simTime   :    5.3971641182480531E-003
  wallClock :    118.32385350700000     
      field |       total density
          1 |    1.2803708439E+03

  iterations:      2648507
  simTime   :    5.3996065239567091E-003
  wallClock :    135.64096351600000     
      field |       total density
          1 |    1.2803708439E+03

  iterations:      2649705
  simTime   :    5.4020489296653651E-003
  wallClock :    152.70627820300001     
      field |       total density
          1 |    1.2803708439E+03

  iterations:      2650903
  simTime   :    5.4044913353740211E-003
  wallClock :    169.61930438900001     
      field |       total density
          1 |    1.2803708439E+03

  iterations:      2652101
  simTime   :    5.4069337410826770E-003
  wallClock :    186.28268749800000     
      field |       total density
          1 |    1.2803708439E+03

  iterations:      2653299
  simTime   :    5.4093761467913330E-003
  wallClock :    202.92295398300001     
      field |       total density
          1 |    1.2803708439E+03

  iterations:      2654497
  simTime   :    5.4118185524999890E-003
  wallClock :    219.33935490900001     
      field |       total density
          1 |    1.2803708439E+03

  iterations:      2655695
  simTime   :    5.4142609582086450E-003
  wallClock :    236.37755018199999     
      field |       total density
          1 |    1.2803708439E+03

  iterations:      2656893
  simTime   :    5.4167033639173010E-003
  wallClock :    253.70526941500000     
      field |       total density
          1 |    1.2803708439E+03

  iterations:      2658091
  simTime   :    5.4191457696259569E-003
  wallClock :    270.33480963000000     
      field |       total density
          1 |    1.2803708439E+03

  iterations:      2659289
  simTime   :    5.4215881753346129E-003
  wallClock :    287.16685760799999     
      field |       total density
          1 |    1.2803708439E+03

  iterations:      2660487
  simTime   :    5.4240305810432689E-003
  wallClock :    303.81380113400002     
      field |       total density
          1 |    1.2803708439E+03

  iterations:      2661685
  simTime   :    5.4264729867519249E-003
  wallClock :    320.43221814899999     
      field |       total density
          1 |    1.2803708439E+03

  iterations:      2662883
  simTime   :    5.4289153924605808E-003
  wallClock :    337.22500457600000     
      field |       total density
          1 |    1.2803708439E+03

  iterations:      2664081
  simTime   :    5.4313577981692368E-003
  wallClock :    353.93612887299997     
      field |       total density
          1 |    1.2803708439E+03

  iterations:      2665279
  simTime   :    5.4338002038778928E-003
  wallClock :    370.45483011499999     
      field |       total density
          1 |    1.2803708439E+03

  iterations:      2666477
  simTime   :    5.4362426095865488E-003
  wallClock :    387.12891080100002     
      field |       total density
          1 |    1.2803708439E+03

  iterations:      2667675
  simTime   :    5.4386850152952047E-003
  wallClock :    403.86189443299997     
      field |       total density
          1 |    1.2803708439E+03

  iterations:      2668873
  simTime   :    5.4411274210038607E-003
  wallClock :    420.39522585399999     
      field |       total density
          1 |    1.2803708439E+03

  iterations:      2670071
  simTime   :    5.4435698267125167E-003
  wallClock :    436.85337683799997     
      field |       total density
          1 |    1.2803708439E+03

  iterations:      2671269
  simTime   :    5.4460122324211727E-003
  wallClock :    453.57564361400000     
      field |       total density
          1 |    1.2803708439E+03

  iterations:      2672467
  simTime   :    5.4484546381298286E-003
  wallClock :    470.30588850599997     
      field |       total density
          1 |    1.2803708439E+03

  iterations:      2673665
  simTime   :    5.4508970438384846E-003
  wallClock :    487.07442754499999     
      field |       total density
          1 |    1.2803708439E+03

  iterations:      2674863
  simTime   :    5.4533394495471406E-003
  wallClock :    503.52458864499999     
      field |       total density
          1 |    1.2803708439E+03

  iterations:      2676061
  simTime   :    5.4557818552557966E-003
  wallClock :    520.26118863399995     
      field |       total density
          1 |    1.2803708439E+03

  iterations:      2677259
  simTime   :    5.4582242609644525E-003
  wallClock :    536.83847646000004     
      field |       total density
          1 |    1.2803708439E+03

  iterations:      2678457
  simTime   :    5.4606666666731085E-003
  wallClock :    553.55429960300000     
      field |       total density
          1 |    1.2803708439E+03

  iterations:      2679655
  simTime   :    5.4631090723817645E-003
  wallClock :    570.11811908899995     
      field |       total density
          1 |    1.2803708439E+03

  iterations:      2680853
  simTime   :    5.4655514780904205E-003
  wallClock :    586.91752649700004     
      field |       total density
          1 |    1.2803708439E+03

  iterations:      2682051
  simTime   :    5.4679938837990764E-003
  wallClock :    603.59840918400005     
      field |       total density
          1 |    1.2803708439E+03

  iterations:      2683249
  simTime   :    5.4704362895077324E-003
  wallClock :    620.11085616499997     
      field |       total density
          1 |    1.2803708439E+03

  iterations:      2684447
  simTime   :    5.4728786952163884E-003
  wallClock :    636.86074426400000     
      field |       total density
          1 |    1.2803708439E+03

  iterations:      2685645
  simTime   :    5.4753211009250444E-003
  wallClock :    653.37222172999998     
      field |       total density
          1 |    1.2803708439E+03

  iterations:      2686843
  simTime   :    5.4777635066337003E-003
  wallClock :    670.00116494400004     
      field |       total density
          1 |    1.2803708439E+03

  iterations:      2688041
  simTime   :    5.4802059123423563E-003
  wallClock :    686.92469659100004     
      field |       total density
          1 |    1.2803708439E+03

  iterations:      2689239
  simTime   :    5.4826483180510123E-003
  wallClock :    703.45515122600000     
      field |       total density
          1 |    1.2803708439E+03

  iterations:      2690437
  simTime   :    5.4850907237596683E-003
  wallClock :    719.99571773900004     
      field |       total density
          1 |    1.2803708439E+03

  iterations:      2691635
  simTime   :    5.4875331294683243E-003
  wallClock :    736.53279697000005     
      field |       total density
          1 |    1.2803708439E+03

  iterations:      2692833
  simTime   :    5.4899755351769802E-003
  wallClock :    753.27633723199995     
      field |       total density
          1 |    1.2803708439E+03

  iterations:      2694031
  simTime   :    5.4924179408856362E-003
  wallClock :    769.72291859200004     
      field |       total density
          1 |    1.2803708439E+03

ADAPTIVE_FLUX_PRESSURE iter=2694375 target_lattice= 6.9748043809647912E-004 controlled_lattice= 6.9748043809647511E-004 relative_error= 5.7514846568950917E-015 rho_boundary= 7.1302311822119260E-003 pressure_pa= 2.4153734565821171E+004 max_lattice_velocity= 1.1601463213840363E-003 minimum_pdf= 1.9737262253266972E-004 globBC_count=223
  iterations:      2695229
  simTime   :    5.4948603465942922E-003
  wallClock :    786.26535736599999     
      field |       total density
          1 |    1.2803708439E+03

  iterations:      2696427
  simTime   :    5.4973027523029482E-003
  wallClock :    802.69413294399999     
      field |       total density
          1 |    1.2803708439E+03

  iterations:      2697625
  simTime   :    5.4997451580116041E-003
  wallClock :    819.47224786400000     
      field |       total density
          1 |    1.2803708439E+03

  iterations:      2698823
  simTime   :    5.5021875637202601E-003
  wallClock :    836.03351696699997     
      field |       total density
          1 |    1.2803708439E+03

  iterations:      2700021
  simTime   :    5.5046299694289161E-003
  wallClock :    852.60862331999999     
      field |       total density
          1 |    1.2803708439E+03

  iterations:      2701219
  simTime   :    5.5070723751375721E-003
  wallClock :    869.64786904200002     
      field |       total density
          1 |    1.2803708439E+03

  iterations:      2702417
  simTime   :    5.5095147808462280E-003
  wallClock :    886.45520709000004     
      field |       total density
          1 |    1.2803708439E+03

  iterations:      2703615
  simTime   :    5.5119571865548840E-003
  wallClock :    902.86036091799997     
      field |       total density
          1 |    1.2803708439E+03

  iterations:      2704813
  simTime   :    5.5143995922635400E-003
  wallClock :    919.67067954100003     
      field |       total density
          1 |    1.2803708439E+03

  iterations:      2706011
  simTime   :    5.5168419979721960E-003
  wallClock :    936.45912217600005     
      field |       total density
          1 |    1.2803708439E+03

  iterations:      2707209
  simTime   :    5.5192844036808519E-003
  wallClock :    952.80258758200000     
      field |       total density
          1 |    1.2803708439E+03

  iterations:      2708407
  simTime   :    5.5217268093895079E-003
  wallClock :    969.26424473300006     
      field |       total density
          1 |    1.2803708439E+03

  iterations:      2709605
  simTime   :    5.5241692150981639E-003
  wallClock :    985.90217998499998     
      field |       total density
          1 |    1.2803708439E+03

  iterations:      2710803
  simTime   :    5.5266116208068199E-003
  wallClock :    1002.4298157750000     
      field |       total density
          1 |    1.2803708439E+03

  iterations:      2712001
  simTime   :    5.5290540265154758E-003
  wallClock :    1018.8974053740000     
      field |       total density
          1 |    1.2803708439E+03

  iterations:      2713199
  simTime   :    5.5314964322241318E-003
  wallClock :    1035.5422063460001     
      field |       total density
          1 |    1.2803708439E+03

  iterations:      2714397
  simTime   :    5.5339388379327878E-003
  wallClock :    1052.3489908540000     
      field |       total density
          1 |    1.2803708439E+03

  iterations:      2715595
  simTime   :    5.5363812436414438E-003
  wallClock :    1068.8988095289999     
      field |       total density
          1 |    1.2803708439E+03

  iterations:      2716793
  simTime   :    5.5388236493500997E-003
  wallClock :    1085.9315253069999     
      field |       total density
          1 |    1.2803708439E+03

  iterations:      2717991
  simTime   :    5.5412660550587557E-003
  wallClock :    1102.8453910500000     
      field |       total density
          1 |    1.2803708439E+03

  iterations:      2719189
  simTime   :    5.5437084607674117E-003
  wallClock :    1119.2798737910000     
      field |       total density
          1 |    1.2803708439E+03

  iterations:      2720387
  simTime   :    5.5461508664760677E-003
  wallClock :    1135.8217914879999     
      field |       total density
          1 |    1.2803708439E+03

  iterations:      2721585
  simTime   :    5.5485932721847236E-003
  wallClock :    1152.6103180810001     
      field |       total density
          1 |    1.2803708439E+03

  iterations:      2722783
  simTime   :    5.5510356778933796E-003
  wallClock :    1169.7798409180000     
      field |       total density
          1 |    1.2803708439E+03

  iterations:      2723981
  simTime   :    5.5534780836020356E-003
  wallClock :    1186.4958208020000     
      field |       total density
          1 |    1.2803708439E+03

  iterations:      2725179
  simTime   :    5.5559204893106916E-003
  wallClock :    1203.2731261500001     
      field |       total density
          1 |    1.2803708439E+03

  iterations:      2726377
  simTime   :    5.5583628950193475E-003
  wallClock :    1220.0500608100001     
      field |       total density
          1 |    1.2803708439E+03

  iterations:      2727575
  simTime   :    5.5608053007280035E-003
  wallClock :    1236.5588504509999     
      field |       total density
          1 |    1.2803708439E+03

  iterations:      2728773
  simTime   :    5.5632477064366595E-003
  wallClock :    1252.9292092630001     
      field |       total density
          1 |    1.2803708439E+03

  iterations:      2729971
  simTime   :    5.5656901121453155E-003
  wallClock :    1269.9178800080001     
      field |       total density
          1 |    1.2803708439E+03

  iterations:      2731169
  simTime   :    5.5681325178539715E-003
  wallClock :    1286.5665507670001     
      field |       total density
          1 |    1.2803708439E+03

  iterations:      2732367
  simTime   :    5.5705749235626274E-003
  wallClock :    1303.3720784899999     
      field |       total density
          1 |    1.2803708439E+03

  iterations:      2733565
  simTime   :    5.5730173292712834E-003
  wallClock :    1319.8693181670001     
      field |       total density
          1 |    1.2803708439E+03

  iterations:      2734763
  simTime   :    5.5754597349799394E-003
  wallClock :    1336.6350907750000     
      field |       total density
          1 |    1.2803708439E+03

  iterations:      2735961
  simTime   :    5.5779021406885954E-003
  wallClock :    1353.0950281240000     
      field |       total density
          1 |    1.2803708439E+03

  iterations:      2737159
  simTime   :    5.5803445463972513E-003
  wallClock :    1369.7378084780000     
      field |       total density
          1 |    1.2803708439E+03

  iterations:      2738357
  simTime   :    5.5827869521059073E-003
  wallClock :    1386.5950577550000     
      field |       total density
          1 |    1.2803708439E+03

  iterations:      2739555
  simTime   :    5.5852293578145633E-003
  wallClock :    1403.6180227790001     
      field |       total density
          1 |    1.2803708439E+03

  iterations:      2740753
  simTime   :    5.5876717635232193E-003
  wallClock :    1420.4030369160000     
      field |       total density
          1 |    1.2803708439E+03

  iterations:      2741951
  simTime   :    5.5901141692318752E-003
  wallClock :    1436.8157006450001     
      field |       total density
          1 |    1.2803708439E+03

  iterations:      2743149
  simTime   :    5.5925565749405312E-003
  wallClock :    1453.6009233790001     
      field |       total density
          1 |    1.2803708439E+03

  iterations:      2744347
  simTime   :    5.5949989806491872E-003
  wallClock :    1470.0594235550000     
      field |       total density
          1 |    1.2803708439E+03

  iterations:      2745545
  simTime   :    5.5974413863578432E-003
  wallClock :    1486.5553284980001     
      field |       total density
          1 |    1.2803708439E+03

  iterations:      2746743
  simTime   :    5.5998837920664991E-003
  wallClock :    1503.1489544750000     
      field |       total density
          1 |    1.2803708439E+03

  iterations:      2747941
  simTime   :    5.6023261977751551E-003
  wallClock :    1519.8511414909999     
      field |       total density
          1 |    1.2803708439E+03

  iterations:      2749139
  simTime   :    5.6047686034838111E-003
  wallClock :    1536.4119618380000     
      field |       total density
          1 |    1.2803708439E+03

  iterations:      2750337
  simTime   :    5.6072110091924671E-003
  wallClock :    1552.9520410480000     
      field |       total density
          1 |    1.2803708439E+03

  iterations:      2751535
  simTime   :    5.6096534149011230E-003
  wallClock :    1569.8217993010001     
      field |       total density
          1 |    1.2803708439E+03

  iterations:      2752733
  simTime   :    5.6120958206097790E-003
  wallClock :    1586.3251599929999     
      field |       total density
          1 |    1.2803708439E+03

  iterations:      2753931
  simTime   :    5.6145382263184350E-003
  wallClock :    1602.8712339440001     
      field |       total density
          1 |    1.2803708439E+03

ADAPTIVE_FLUX_PRESSURE iter=2754250 target_lattice= 6.9748043809647912E-004 controlled_lattice= 6.9748043809647511E-004 relative_error= 5.7514846568950917E-015 rho_boundary= 7.1302311822119260E-003 pressure_pa= 2.4153734565821171E+004 max_lattice_velocity= 1.1601463213839641E-003 minimum_pdf= 1.9737262253266980E-004 globBC_count=223
  iterations:      2755129
  simTime   :    5.6169806320270910E-003
  wallClock :    1619.6817024859999     
      field |       total density
          1 |    1.2803708439E+03

  iterations:      2756327
  simTime   :    5.6194230377357469E-003
  wallClock :    1636.3281055049999     
      field |       total density
          1 |    1.2803708439E+03

  iterations:      2757525
  simTime   :    5.6218654434444029E-003
  wallClock :    1653.0268913039999     
      field |       total density
          1 |    1.2803708439E+03

  Writing restart at:
  iterations:      2758674
  simTime   :    5.6242079510898501E-003
  wallClock :    1669.0874639819999     
 Done writing
  iterations:      2758723
  simTime   :    5.6243078491530589E-003
  wallClock :    1669.8348318190001     
      field |       total density
          1 |    1.2803708439E+03

  iterations:      2759921
  simTime   :    5.6267502548617149E-003
  wallClock :    1686.9919827369999     
      field |       total density
          1 |    1.2803708439E+03

  iterations:      2761119
  simTime   :    5.6291926605703708E-003
  wallClock :    1704.0350925870000     
      field |       total density
          1 |    1.2803708439E+03

  iterations:      2762317
  simTime   :    5.6316350662790268E-003
  wallClock :    1720.9254052680001     
      field |       total density
          1 |    1.2803708439E+03

  iterations:      2763515
  simTime   :    5.6340774719876828E-003
  wallClock :    1737.5084883950001     
      field |       total density
          1 |    1.2803708439E+03

  iterations:      2764713
  simTime   :    5.6365198776963388E-003
  wallClock :    1754.5047145340000     
      field |       total density
          1 |    1.2803708439E+03

  iterations:      2765911
  simTime   :    5.6389622834049948E-003
  wallClock :    1771.4686466090000     
      field |       total density
          1 |    1.2803708439E+03

  iterations:      2767109
  simTime   :    5.6414046891136507E-003
  wallClock :    1788.1288755900000     
      field |       total density
          1 |    1.2803708439E+03

  iterations:      2768307
  simTime   :    5.6438470948223067E-003
  wallClock :    1804.7936727330000     
      field |       total density
          1 |    1.2803708439E+03

  iterations:      2769505
  simTime   :    5.6462895005309627E-003
  wallClock :    1821.6101757140000     
      field |       total density
          1 |    1.2803708439E+03

  iterations:      2770703
  simTime   :    5.6487319062396187E-003
  wallClock :    1838.0421187080001     
      field |       total density
          1 |    1.2803708439E+03

  iterations:      2771901
  simTime   :    5.6511743119482746E-003
  wallClock :    1854.5509662290001     
      field |       total density
          1 |    1.2803708439E+03

  iterations:      2773099
  simTime   :    5.6536167176569306E-003
  wallClock :    1871.2855504859999     
      field |       total density
          1 |    1.2803708439E+03

  iterations:      2774297
  simTime   :    5.6560591233655866E-003
  wallClock :    1888.1242606640001     
      field |       total density
          1 |    1.2803708439E+03

  iterations:      2775495
  simTime   :    5.6585015290742426E-003
  wallClock :    1904.9105643460000     
      field |       total density
          1 |    1.2803708439E+03

  iterations:      2776693
  simTime   :    5.6609439347828985E-003
  wallClock :    1921.4114391920000     
      field |       total density
          1 |    1.2803708439E+03

  iterations:      2777891
  simTime   :    5.6633863404915545E-003
  wallClock :    1938.1375767760001     
      field |       total density
          1 |    1.2803708439E+03

  iterations:      2779089
  simTime   :    5.6658287462002105E-003
  wallClock :    1954.9685749270000     
      field |       total density
          1 |    1.2803708439E+03

  iterations:      2780287
  simTime   :    5.6682711519088665E-003
  wallClock :    1971.7682942380000     
      field |       total density
          1 |    1.2803708439E+03

  iterations:      2781485
  simTime   :    5.6707135576175224E-003
  wallClock :    1988.3540460849999     
      field |       total density
          1 |    1.2803708439E+03

  iterations:      2782683
  simTime   :    5.6731559633261784E-003
  wallClock :    2005.2476878620000     
      field |       total density
          1 |    1.2803708439E+03

  iterations:      2783881
  simTime   :    5.6755983690348344E-003
  wallClock :    2021.7897686530000     
      field |       total density
          1 |    1.2803708439E+03

  iterations:      2785079
  simTime   :    5.6780407747434904E-003
  wallClock :    2038.4067169870000     
      field |       total density
          1 |    1.2803708439E+03

  iterations:      2786277
  simTime   :    5.6804831804521463E-003
  wallClock :    2055.0200343480001     
      field |       total density
          1 |    1.2803708439E+03

  iterations:      2787475
  simTime   :    5.6829255861608023E-003
  wallClock :    2072.6609149480000     
      field |       total density
          1 |    1.2803708439E+03

  iterations:      2788673
  simTime   :    5.6853679918694583E-003
  wallClock :    2089.3207154669999     
      field |       total density
          1 |    1.2803708439E+03

  iterations:      2789871
  simTime   :    5.6878103975781143E-003
  wallClock :    2105.8830014209998     
      field |       total density
          1 |    1.2803708439E+03

  iterations:      2791069
  simTime   :    5.6902528032867702E-003
  wallClock :    2122.6382306529999     
      field |       total density
          1 |    1.2803708439E+03

  iterations:      2792267
  simTime   :    5.6926952089954262E-003
  wallClock :    2139.2772747849999     
      field |       total density
          1 |    1.2803708439E+03

  iterations:      2793465
  simTime   :    5.6951376147040822E-003
  wallClock :    2155.9233879459998     
      field |       total density
          1 |    1.2803708439E+03

  iterations:      2794663
  simTime   :    5.6975800204127382E-003
  wallClock :    2172.6955346410000     
      field |       total density
          1 |    1.2803708439E+03

  iterations:      2795861
  simTime   :    5.7000224261213941E-003
  wallClock :    2189.3178703439999     
      field |       total density
          1 |    1.2803708439E+03

  iterations:      2797059
  simTime   :    5.7024648318300501E-003
  wallClock :    2205.9306434310001     
      field |       total density
          1 |    1.2803708439E+03

  iterations:      2798257
  simTime   :    5.7049072375387061E-003
  wallClock :    2222.5016588660001     
      field |       total density
          1 |    1.2803708439E+03

  iterations:      2799455
  simTime   :    5.7073496432473621E-003
  wallClock :    2239.2094073540002     
      field |       total density
          1 |    1.2803708439E+03

  iterations:      2800653
  simTime   :    5.7097920489560181E-003
  wallClock :    2256.1980887380000     
      field |       total density
          1 |    1.2803708439E+03

  iterations:      2801851
  simTime   :    5.7122344546646740E-003
  wallClock :    2272.7559996250002     
      field |       total density
          1 |    1.2803708439E+03

  iterations:      2803049
  simTime   :    5.7146768603733300E-003
  wallClock :    2289.7469020330000     
      field |       total density
          1 |    1.2803708439E+03

  iterations:      2804247
  simTime   :    5.7171192660819860E-003
  wallClock :    2306.6139341369999     
      field |       total density
          1 |    1.2803708439E+03

  iterations:      2805445
  simTime   :    5.7195616717906420E-003
  wallClock :    2323.1587877249999     
      field |       total density
          1 |    1.2803708439E+03

  iterations:      2806643
  simTime   :    5.7220040774992979E-003
  wallClock :    2339.8478401930001     
      field |       total density
          1 |    1.2803708439E+03

  iterations:      2807841
  simTime   :    5.7244464832079539E-003
  wallClock :    2356.4938858129999     
      field |       total density
          1 |    1.2803708439E+03

  iterations:      2809039
  simTime   :    5.7268888889166099E-003
  wallClock :    2373.1478918339999     
      field |       total density
          1 |    1.2803708439E+03

  iterations:      2810237
  simTime   :    5.7293312946252659E-003
  wallClock :    2389.7993242240000     
      field |       total density
          1 |    1.2803708439E+03

  iterations:      2811435
  simTime   :    5.7317737003339218E-003
  wallClock :    2406.9463721430002     
      field |       total density
          1 |    1.2803708439E+03

  iterations:      2812633
  simTime   :    5.7342161060425778E-003
  wallClock :    2424.5104207919999     
      field |       total density
          1 |    1.2803708439E+03

  iterations:      2813831
  simTime   :    5.7366585117512338E-003
  wallClock :    2441.0923134320001     
      field |       total density
          1 |    1.2803708439E+03

ADAPTIVE_FLUX_PRESSURE iter=2814125 target_lattice= 6.9748043809647912E-004 controlled_lattice= 6.9748043809648248E-004 relative_error= 4.8188114692904824E-015 rho_boundary= 7.1302311822119286E-003 pressure_pa= 2.4153734565821174E+004 max_lattice_velocity= 1.1601463213839903E-003 minimum_pdf= 1.9737262253266986E-004 globBC_count=223
  iterations:      2815029
  simTime   :    5.7391009174598898E-003
  wallClock :    2457.6362476290001     
      field |       total density
          1 |    1.2803708439E+03

  iterations:      2816227
  simTime   :    5.7415433231685457E-003
  wallClock :    2474.2119342920000     
      field |       total density
          1 |    1.2803708439E+03

  iterations:      2817425
  simTime   :    5.7439857288772017E-003
  wallClock :    2490.9620473929999     
      field |       total density
          1 |    1.2803708439E+03

  iterations:      2818623
  simTime   :    5.7464281345858577E-003
  wallClock :    2507.7230993640001     
      field |       total density
          1 |    1.2803708439E+03

  iterations:      2819821
  simTime   :    5.7488705402945137E-003
  wallClock :    2524.6935546929999     
      field |       total density
          1 |    1.2803708439E+03

  iterations:      2821019
  simTime   :    5.7513129460031696E-003
  wallClock :    2541.3712769529998     
      field |       total density
          1 |    1.2803708439E+03

  iterations:      2822217
  simTime   :    5.7537553517118256E-003
  wallClock :    2557.9867863999998     
      field |       total density
          1 |    1.2803708439E+03

  iterations:      2823415
  simTime   :    5.7561977574204816E-003
  wallClock :    2574.5989924700002     
      field |       total density
          1 |    1.2803708439E+03

  iterations:      2824613
  simTime   :    5.7586401631291376E-003
  wallClock :    2591.3518820360000     
      field |       total density
          1 |    1.2803708439E+03

  iterations:      2825811
  simTime   :    5.7610825688377935E-003
  wallClock :    2608.0815949710000     
      field |       total density
          1 |    1.2803708439E+03

  iterations:      2827009
  simTime   :    5.7635249745464495E-003
  wallClock :    2624.7937051590002     
      field |       total density
          1 |    1.2803708439E+03

  iterations:      2828207
  simTime   :    5.7659673802551055E-003
  wallClock :    2641.4246299460001     
      field |       total density
          1 |    1.2803708439E+03

  iterations:      2829405
  simTime   :    5.7684097859637615E-003
  wallClock :    2658.1027407719998     
      field |       total density
          1 |    1.2803708439E+03

  iterations:      2830603
  simTime   :    5.7708521916724174E-003
  wallClock :    2675.1924988639998     
      field |       total density
          1 |    1.2803708439E+03

  iterations:      2831801
  simTime   :    5.7732945973810734E-003
  wallClock :    2691.5951506460001     
      field |       total density
          1 |    1.2803708439E+03

  iterations:      2832999
  simTime   :    5.7757370030897294E-003
  wallClock :    2709.1188523540000     
      field |       total density
          1 |    1.2803708439E+03

  iterations:      2834197
  simTime   :    5.7781794087983854E-003
  wallClock :    2728.6334162449998     
      field |       total density
          1 |    1.2803708439E+03

  iterations:      2835395
  simTime   :    5.7806218145070414E-003
  wallClock :    2747.1485357669999     
      field |       total density
          1 |    1.2803708439E+03

  iterations:      2836593
  simTime   :    5.7830642202156973E-003
  wallClock :    2765.3334841060000     
      field |       total density
          1 |    1.2803708439E+03

  iterations:      2837791
  simTime   :    5.7855066259243533E-003
  wallClock :    2783.9072729780000     
      field |       total density
          1 |    1.2803708439E+03

  iterations:      2838989
  simTime   :    5.7879490316330093E-003
  wallClock :    2802.1531638329998     
      field |       total density
          1 |    1.2803708439E+03

  iterations:      2840187
  simTime   :    5.7903914373416653E-003
  wallClock :    2820.4963026149999     
      field |       total density
          1 |    1.2803708439E+03

  iterations:      2841385
  simTime   :    5.7928338430503212E-003
  wallClock :    2839.0475616790000     
      field |       total density
          1 |    1.2803708439E+03

  iterations:      2842583
  simTime   :    5.7952762487589772E-003
  wallClock :    2857.3686573939999     
      field |       total density
          1 |    1.2803708439E+03

  iterations:      2843781
  simTime   :    5.7977186544676332E-003
  wallClock :    2876.3419913100001     
      field |       total density
          1 |    1.2803708439E+03

  iterations:      2844979
  simTime   :    5.8001610601762892E-003
  wallClock :    2895.4347929440000     
      field |       total density
          1 |    1.2803708439E+03

  iterations:      2846177
  simTime   :    5.8026034658849451E-003
  wallClock :    2914.4131946359998     
      field |       total density
          1 |    1.2803708439E+03

  iterations:      2847375
  simTime   :    5.8050458715936011E-003
  wallClock :    2933.0547057560002     
      field |       total density
          1 |    1.2803708439E+03

  iterations:      2848573
  simTime   :    5.8074882773022571E-003
  wallClock :    2951.7439144240002     
      field |       total density
          1 |    1.2803708439E+03

  iterations:      2849771
  simTime   :    5.8099306830109131E-003
  wallClock :    2970.7294235390000     
      field |       total density
          1 |    1.2803708439E+03

  iterations:      2850969
  simTime   :    5.8123730887195690E-003
  wallClock :    2989.8147824890002     
      field |       total density
          1 |    1.2803708439E+03

  iterations:      2852167
  simTime   :    5.8148154944282250E-003
  wallClock :    3008.7986093680001     
      field |       total density
          1 |    1.2803708439E+03

  iterations:      2853365
  simTime   :    5.8172579001368810E-003
  wallClock :    3027.9729338630000     
      field |       total density
          1 |    1.2803708439E+03

  iterations:      2854563
  simTime   :    5.8197003058455370E-003
  wallClock :    3047.8946410140002     
      field |       total density
          1 |    1.2803708439E+03

  iterations:      2855761
  simTime   :    5.8221427115541929E-003
  wallClock :    3069.1771176799998     
      field |       total density
          1 |    1.2803708439E+03

  iterations:      2856959
  simTime   :    5.8245851172628489E-003
  wallClock :    3089.8546423540001     
      field |       total density
          1 |    1.2803708439E+03

  iterations:      2858157
  simTime   :    5.8270275229715049E-003
  wallClock :    3110.1899329399998     
      field |       total density
          1 |    1.2803708439E+03

  iterations:      2859355
  simTime   :    5.8294699286801609E-003
  wallClock :    3129.4016228930000     
      field |       total density
          1 |    1.2803708439E+03

  iterations:      2860553
  simTime   :    5.8319123343888168E-003
  wallClock :    3148.3969255749998     
      field |       total density
          1 |    1.2803708439E+03

  iterations:      2861751
  simTime   :    5.8343547400974728E-003
  wallClock :    3167.2197426980001     
      field |       total density
          1 |    1.2803708439E+03

  iterations:      2862949
  simTime   :    5.8367971458061288E-003
  wallClock :    3185.8407219070000     
      field |       total density
          1 |    1.2803708439E+03

  iterations:      2864147
  simTime   :    5.8392395515147848E-003
  wallClock :    3204.5806801730000     
      field |       total density
          1 |    1.2803708439E+03

  iterations:      2865345
  simTime   :    5.8416819572234407E-003
  wallClock :    3223.5753167660000     
      field |       total density
          1 |    1.2803708439E+03

  iterations:      2866543
  simTime   :    5.8441243629320967E-003
  wallClock :    3242.4801813820000     
      field |       total density
          1 |    1.2803708439E+03

  iterations:      2867741
  simTime   :    5.8465667686407527E-003
  wallClock :    3261.7813284320000     
      field |       total density
          1 |    1.2803708439E+03

  iterations:      2868939
  simTime   :    5.8490091743494087E-003
  wallClock :    3282.2066648959999     
      field |       total density
          1 |    1.2803708439E+03

  iterations:      2870137
  simTime   :    5.8514515800580646E-003
  wallClock :    3306.4255068990001     
      field |       total density
          1 |    1.2803708439E+03

  iterations:      2871335
  simTime   :    5.8538939857667206E-003
  wallClock :    3330.0298895159999     
      field |       total density
          1 |    1.2803708439E+03

  iterations:      2872533
  simTime   :    5.8563363914753766E-003
  wallClock :    3353.5477759410001     
      field |       total density
          1 |    1.2803708439E+03

  iterations:      2873731
  simTime   :    5.8587787971840326E-003
  wallClock :    3375.8247213620002     
      field |       total density
          1 |    1.2803708439E+03

ADAPTIVE_FLUX_PRESSURE iter=2874000 target_lattice= 6.9748043809647912E-004 controlled_lattice= 6.9748043809648324E-004 relative_error= 5.9069301881625267E-015 rho_boundary= 7.1302311822119295E-003 pressure_pa= 2.4153734565821178E+004 max_lattice_velocity= 1.1601463213839296E-003 minimum_pdf= 1.9737262253266988E-004 globBC_count=223
