Welcome to vast.ai. If authentication fails, try again after a few seconds, and double check your ssh key.
Have fun!
AI agents: READ /etc/vast-agents-guide.md (also linked as ./AGENTS.md) before acting on or describing this instance: it is the operating guide. ('vast-capabilities' shows live state only, not the guide.)
Welcome to vast.ai. If authentication fails, try again after a few seconds, and double check your ssh key.
Have fun!
AI agents: READ /etc/vast-agents-guide.md (also linked as ./AGENTS.md) before acting on or describing this instance: it is the operating guide. ('vast-capabilities' shows live state only, not the guide.)
Welcome to vast.ai. If authentication fails, try again after a few seconds, and double check your ssh key.
Have fun!
AI agents: READ /etc/vast-agents-guide.md (also linked as ./AGENTS.md) before acting on or describing this instance: it is the operating guide. ('vast-capabilities' shows live state only, not the guide.)
Welcome to vast.ai. If authentication fails, try again after a few seconds, and double check your ssh key.
Have fun!
AI agents: READ /etc/vast-agents-guide.md (also linked as ./AGENTS.md) before acting on or describing this instance: it is the operating guide. ('vast-capabilities' shows live state only, not the guide.)
Welcome to vast.ai. If authentication fails, try again after a few seconds, and double check your ssh key.
Have fun!
AI agents: READ /etc/vast-agents-guide.md (also linked as ./AGENTS.md) before acting on or describing this instance: it is the operating guide. ('vast-capabilities' shows live state only, not the guide.)
Welcome to vast.ai. If authentication fails, try again after a few seconds, and double check your ssh key.
Have fun!
AI agents: READ /etc/vast-agents-guide.md (also linked as ./AGENTS.md) before acting on or describing this instance: it is the operating guide. ('vast-capabilities' shows live state only, not the guide.)
EXACT_SOURCE_AND_FROZEN_HASH_MATCH
/root/particle8_2_runs/cd68cd42f7f7c5a9be4d1da501d0389180de6bb0/checkpoint_pipeline
