........................................................................ [ 27%]
......................................EE.....F................F......... [ 54%]
................F.........FF............................................ [ 81%]
.F..............................................                         [100%]
==================================== ERRORS ====================================
______ ERROR at setup of test_actual_lammps_storage_neighbors_and_solver _______

tmp_path_factory = TempPathFactory(_given_basetemp=None, _trace=<pluggy._tracing.TagTracerSub object at 0x75b280398b00>, _basetemp=PosixPath('/tmp/pytest-of-lzy/pytest-202'), _retention_count=3, _retention_policy='all')

    @pytest.fixture(scope='session')
    def bridge_result(tmp_path_factory):
        from particle_3d.particle65_validation import bridge_case
>       return bridge_case(tmp_path_factory.mktemp('v1_binary')/'checkpoint')
               ^^^^^^^^^^^^^^^^^^^^^^^^^^^^^^^^^^^^^^^^^^^^^^^^^^^^^^^^^^^^^^

particle_3d/tests/particle6_5/conftest.py:28: 
_ _ _ _ _ _ _ _ _ _ _ _ _ _ _ _ _ _ _ _ _ _ _ _ _ _ _ _ _ _ _ _ _ _ _ _ _ _ _ _ 
particle_3d/src/particle_3d/particle65_validation.py:67: in bridge_case
    before=b.read();write_checkpoint(folder,b,provenance,REPO);allforces+=bridge.force_audits;allcommands+=bridge.commands
                    ^^^^^^^^^^^^^^^^^^^^^^^^^^^^^^^^^^^^^^^^^^
particle_3d/src/particle_3d/particle65_checkpoint.py:23: in write_checkpoint
    manifest=dict(**source_identity(repo),files={name:sha256(folder/name) for name in ['state.restart','particle_sidecar.json']})
                    ^^^^^^^^^^^^^^^^^^^^^
particle_3d/src/particle_3d/particle6_checkpoint.py:34: in source_identity
    return dict(source_commit=subprocess.check_output(['git','rev-parse','HEAD'],cwd=repo,text=True).strip(),
                              ^^^^^^^^^^^^^^^^^^^^^^^^^^^^^^^^^^^^^^^^^^^^^^^^^^^^^^^^^^^^^^^^^^^^^^
/home/lzy/miniconda3/lib/python3.13/subprocess.py:472: in check_output
    return run(*popenargs, stdout=PIPE, timeout=timeout, check=True,
_ _ _ _ _ _ _ _ _ _ _ _ _ _ _ _ _ _ _ _ _ _ _ _ _ _ _ _ _ _ _ _ _ _ _ _ _ _ _ _ 

input = None, capture_output = False, timeout = None, check = True
popenargs = (['git', 'rev-parse', 'HEAD'],)
kwargs = {'stdout': -1, 'cwd': PosixPath('/tmp/particle82_upstream_regression_20260921'), 'text': True}

    def run(*popenargs,
            input=None, capture_output=False, timeout=None, check=False, **kwargs):
        """Run command with arguments and return a CompletedProcess instance.
    
        The returned instance will have attributes args, returncode, stdout and
        stderr. By default, stdout and stderr are not captured, and those attributes
        will be None. Pass stdout=PIPE and/or stderr=PIPE in order to capture them,
        or pass capture_output=True to capture both.
    
        If check is True and the exit code was non-zero, it raises a
        CalledProcessError. The CalledProcessError object will have the return code
        in the returncode attribute, and output & stderr attributes if those streams
        were captured.
    
        If timeout (seconds) is given and the process takes too long,
         a TimeoutExpired exception will be raised.
    
        There is an optional argument "input", allowing you to
        pass bytes or a string to the subprocess's stdin.  If you use this argument
        you may not also use the Popen constructor's "stdin" argument, as
        it will be used internally.
    
        By default, all communication is in bytes, and therefore any "input" should
        be bytes, and the stdout and stderr will be bytes. If in text mode, any
        "input" should be a string, and stdout and stderr will be strings decoded
        according to locale encoding, or by "encoding" if set. Text mode is
        triggered by setting any of text, encoding, errors or universal_newlines.
    
        The other arguments are the same as for the Popen constructor.
        """
        if input is not None:
            if kwargs.get('stdin') is not None:
                raise ValueError('stdin and input arguments may not both be used.')
            kwargs['stdin'] = PIPE
    
        if capture_output:
            if kwargs.get('stdout') is not None or kwargs.get('stderr') is not None:
                raise ValueError('stdout and stderr arguments may not be used '
                                 'with capture_output.')
            kwargs['stdout'] = PIPE
            kwargs['stderr'] = PIPE
    
        with Popen(*popenargs, **kwargs) as process:
            try:
                stdout, stderr = process.communicate(input, timeout=timeout)
            except TimeoutExpired as exc:
                process.kill()
                if _mswindows:
                    # Windows accumulates the output in a single blocking
                    # read() call run on child threads, with the timeout
                    # being done in a join() on those threads.  communicate()
                    # _after_ kill() is required to collect that and add it
                    # to the exception.
                    exc.stdout, exc.stderr = process.communicate()
                else:
                    # POSIX _communicate already populated the output so
                    # far into the TimeoutExpired exception.
                    process.wait()
                raise
            except:  # Including KeyboardInterrupt, communicate handled that.
                process.kill()
                # We don't call process.wait() as .__exit__ does that for us.
                raise
            retcode = process.poll()
            if check and retcode:
>               raise CalledProcessError(retcode, process.args,
                                         output=stdout, stderr=stderr)
E               subprocess.CalledProcessError: Command '['git', 'rev-parse', 'HEAD']' returned non-zero exit status 128.

/home/lzy/miniconda3/lib/python3.13/subprocess.py:577: CalledProcessError
---------------------------- Captured stderr setup -----------------------------
fatal: not a git repository (or any of the parent directories): .git
____________ ERROR at setup of test_actual_binary_restart_continues ____________

tmp_path_factory = TempPathFactory(_given_basetemp=None, _trace=<pluggy._tracing.TagTracerSub object at 0x75b280398b00>, _basetemp=PosixPath('/tmp/pytest-of-lzy/pytest-202'), _retention_count=3, _retention_policy='all')

    @pytest.fixture(scope='session')
    def bridge_result(tmp_path_factory):
        from particle_3d.particle65_validation import bridge_case
>       return bridge_case(tmp_path_factory.mktemp('v1_binary')/'checkpoint')
               ^^^^^^^^^^^^^^^^^^^^^^^^^^^^^^^^^^^^^^^^^^^^^^^^^^^^^^^^^^^^^^

particle_3d/tests/particle6_5/conftest.py:28: 
_ _ _ _ _ _ _ _ _ _ _ _ _ _ _ _ _ _ _ _ _ _ _ _ _ _ _ _ _ _ _ _ _ _ _ _ _ _ _ _ 
particle_3d/src/particle_3d/particle65_validation.py:67: in bridge_case
    before=b.read();write_checkpoint(folder,b,provenance,REPO);allforces+=bridge.force_audits;allcommands+=bridge.commands
                    ^^^^^^^^^^^^^^^^^^^^^^^^^^^^^^^^^^^^^^^^^^
particle_3d/src/particle_3d/particle65_checkpoint.py:23: in write_checkpoint
    manifest=dict(**source_identity(repo),files={name:sha256(folder/name) for name in ['state.restart','particle_sidecar.json']})
                    ^^^^^^^^^^^^^^^^^^^^^
particle_3d/src/particle_3d/particle6_checkpoint.py:34: in source_identity
    return dict(source_commit=subprocess.check_output(['git','rev-parse','HEAD'],cwd=repo,text=True).strip(),
                              ^^^^^^^^^^^^^^^^^^^^^^^^^^^^^^^^^^^^^^^^^^^^^^^^^^^^^^^^^^^^^^^^^^^^^^
/home/lzy/miniconda3/lib/python3.13/subprocess.py:472: in check_output
    return run(*popenargs, stdout=PIPE, timeout=timeout, check=True,
_ _ _ _ _ _ _ _ _ _ _ _ _ _ _ _ _ _ _ _ _ _ _ _ _ _ _ _ _ _ _ _ _ _ _ _ _ _ _ _ 

input = None, capture_output = False, timeout = None, check = True
popenargs = (['git', 'rev-parse', 'HEAD'],)
kwargs = {'stdout': -1, 'cwd': PosixPath('/tmp/particle82_upstream_regression_20260921'), 'text': True}

    def run(*popenargs,
            input=None, capture_output=False, timeout=None, check=False, **kwargs):
        """Run command with arguments and return a CompletedProcess instance.
    
        The returned instance will have attributes args, returncode, stdout and
        stderr. By default, stdout and stderr are not captured, and those attributes
        will be None. Pass stdout=PIPE and/or stderr=PIPE in order to capture them,
        or pass capture_output=True to capture both.
    
        If check is True and the exit code was non-zero, it raises a
        CalledProcessError. The CalledProcessError object will have the return code
        in the returncode attribute, and output & stderr attributes if those streams
        were captured.
    
        If timeout (seconds) is given and the process takes too long,
         a TimeoutExpired exception will be raised.
    
        There is an optional argument "input", allowing you to
        pass bytes or a string to the subprocess's stdin.  If you use this argument
        you may not also use the Popen constructor's "stdin" argument, as
        it will be used internally.
    
        By default, all communication is in bytes, and therefore any "input" should
        be bytes, and the stdout and stderr will be bytes. If in text mode, any
        "input" should be a string, and stdout and stderr will be strings decoded
        according to locale encoding, or by "encoding" if set. Text mode is
        triggered by setting any of text, encoding, errors or universal_newlines.
    
        The other arguments are the same as for the Popen constructor.
        """
        if input is not None:
            if kwargs.get('stdin') is not None:
                raise ValueError('stdin and input arguments may not both be used.')
            kwargs['stdin'] = PIPE
    
        if capture_output:
            if kwargs.get('stdout') is not None or kwargs.get('stderr') is not None:
                raise ValueError('stdout and stderr arguments may not be used '
                                 'with capture_output.')
            kwargs['stdout'] = PIPE
            kwargs['stderr'] = PIPE
    
        with Popen(*popenargs, **kwargs) as process:
            try:
                stdout, stderr = process.communicate(input, timeout=timeout)
            except TimeoutExpired as exc:
                process.kill()
                if _mswindows:
                    # Windows accumulates the output in a single blocking
                    # read() call run on child threads, with the timeout
                    # being done in a join() on those threads.  communicate()
                    # _after_ kill() is required to collect that and add it
                    # to the exception.
                    exc.stdout, exc.stderr = process.communicate()
                else:
                    # POSIX _communicate already populated the output so
                    # far into the TimeoutExpired exception.
                    process.wait()
                raise
            except:  # Including KeyboardInterrupt, communicate handled that.
                process.kill()
                # We don't call process.wait() as .__exit__ does that for us.
                raise
            retcode = process.poll()
            if check and retcode:
>               raise CalledProcessError(retcode, process.args,
                                         output=stdout, stderr=stderr)
E               subprocess.CalledProcessError: Command '['git', 'rev-parse', 'HEAD']' returned non-zero exit status 128.

/home/lzy/miniconda3/lib/python3.13/subprocess.py:577: CalledProcessError
=================================== FAILURES ===================================
_______________________________ test_dependency ________________________________

repo = PosixPath('/tmp/particle82_upstream_regression_20260921')
report = PosixPath('/tmp/particle82_upstream_regression_20260921/particle_3d/reports/particle6_5')

    def test_dependency(repo,report):
     d=json.loads((report/'data/00_scope.json').read_text())
     assert all(sha256(repo/k)==v for k,v in d['p6_source_sha256'].items())
     assert all(sha256(repo/k)==v for k,v in d['historical_p5_sha256'].items())
>    subprocess.run(['git','merge-base','--is-ancestor','c8e22f99359d15fd6075f2083ed60724ad0cfc2f','HEAD'],cwd=repo,check=True)

particle_3d/tests/particle6_5/test_particle6_dependency_locked.py:8: 
_ _ _ _ _ _ _ _ _ _ _ _ _ _ _ _ _ _ _ _ _ _ _ _ _ _ _ _ _ _ _ _ _ _ _ _ _ _ _ _ 

input = None, capture_output = False, timeout = None, check = True
popenargs = (['git', 'merge-base', '--is-ancestor', 'c8e22f99359d15fd6075f2083ed60724ad0cfc2f', 'HEAD'],)
kwargs = {'cwd': PosixPath('/tmp/particle82_upstream_regression_20260921')}

    def run(*popenargs,
            input=None, capture_output=False, timeout=None, check=False, **kwargs):
        """Run command with arguments and return a CompletedProcess instance.
    
        The returned instance will have attributes args, returncode, stdout and
        stderr. By default, stdout and stderr are not captured, and those attributes
        will be None. Pass stdout=PIPE and/or stderr=PIPE in order to capture them,
        or pass capture_output=True to capture both.
    
        If check is True and the exit code was non-zero, it raises a
        CalledProcessError. The CalledProcessError object will have the return code
        in the returncode attribute, and output & stderr attributes if those streams
        were captured.
    
        If timeout (seconds) is given and the process takes too long,
         a TimeoutExpired exception will be raised.
    
        There is an optional argument "input", allowing you to
        pass bytes or a string to the subprocess's stdin.  If you use this argument
        you may not also use the Popen constructor's "stdin" argument, as
        it will be used internally.
    
        By default, all communication is in bytes, and therefore any "input" should
        be bytes, and the stdout and stderr will be bytes. If in text mode, any
        "input" should be a string, and stdout and stderr will be strings decoded
        according to locale encoding, or by "encoding" if set. Text mode is
        triggered by setting any of text, encoding, errors or universal_newlines.
    
        The other arguments are the same as for the Popen constructor.
        """
        if input is not None:
            if kwargs.get('stdin') is not None:
                raise ValueError('stdin and input arguments may not both be used.')
            kwargs['stdin'] = PIPE
    
        if capture_output:
            if kwargs.get('stdout') is not None or kwargs.get('stderr') is not None:
                raise ValueError('stdout and stderr arguments may not be used '
                                 'with capture_output.')
            kwargs['stdout'] = PIPE
            kwargs['stderr'] = PIPE
    
        with Popen(*popenargs, **kwargs) as process:
            try:
                stdout, stderr = process.communicate(input, timeout=timeout)
            except TimeoutExpired as exc:
                process.kill()
                if _mswindows:
                    # Windows accumulates the output in a single blocking
                    # read() call run on child threads, with the timeout
                    # being done in a join() on those threads.  communicate()
                    # _after_ kill() is required to collect that and add it
                    # to the exception.
                    exc.stdout, exc.stderr = process.communicate()
                else:
                    # POSIX _communicate already populated the output so
                    # far into the TimeoutExpired exception.
                    process.wait()
                raise
            except:  # Including KeyboardInterrupt, communicate handled that.
                process.kill()
                # We don't call process.wait() as .__exit__ does that for us.
                raise
            retcode = process.poll()
            if check and retcode:
>               raise CalledProcessError(retcode, process.args,
                                         output=stdout, stderr=stderr)
E               subprocess.CalledProcessError: Command '['git', 'merge-base', '--is-ancestor', 'c8e22f99359d15fd6075f2083ed60724ad0cfc2f', 'HEAD']' returned non-zero exit status 128.

/home/lzy/miniconda3/lib/python3.13/subprocess.py:577: CalledProcessError
----------------------------- Captured stderr call -----------------------------
fatal: not a git repository (or any of the parent directories): .git
______________________________ test_binary_exact _______________________________

tmp_path = PosixPath('/tmp/pytest-of-lzy/pytest-202/test_binary_exact0')

    def test_binary_exact(tmp_path):
     a=synthetic_engine(); b=synthetic_engine()
     try:
>     a.step_to(.002); b.step_to(.002); write_checkpoint(tmp_path/'restart',b,{'test':'P7'}); b.bridge.close()
                                        ^^^^^^^^^^^^^^^^^^^^^^^^^^^^^^^^^^^^^^^^^^^^^^^^^^^^

particle_3d/tests/particle7/test_injection_restart_sequence.py:10: 
_ _ _ _ _ _ _ _ _ _ _ _ _ _ _ _ _ _ _ _ _ _ _ _ _ _ _ _ _ _ _ _ _ _ _ _ _ _ _ _ 
particle_3d/src/particle_3d/particle7_checkpoint.py:39: in write_checkpoint
    sonovue_contract=engine.scheduler.source.mb_contract,source_commit=subprocess.check_output(['git','rev-parse','HEAD'],cwd=REPO,text=True).strip(),used_ids=sorted(b.used_ids),policy=b.policy.to_dict(),box_half_width_m=b.box_half_width_m,lammps_version=b.version))
                                                                       ^^^^^^^^^^^^^^^^^^^^^^^^^^^^^^^^^^^^^^^^^^^^^^^^^^^^^^^^^^^^^^^^^^^^^^
/home/lzy/miniconda3/lib/python3.13/subprocess.py:472: in check_output
    return run(*popenargs, stdout=PIPE, timeout=timeout, check=True,
_ _ _ _ _ _ _ _ _ _ _ _ _ _ _ _ _ _ _ _ _ _ _ _ _ _ _ _ _ _ _ _ _ _ _ _ _ _ _ _ 

input = None, capture_output = False, timeout = None, check = True
popenargs = (['git', 'rev-parse', 'HEAD'],)
kwargs = {'stdout': -1, 'cwd': PosixPath('/tmp/particle82_upstream_regression_20260921'), 'text': True}

    def run(*popenargs,
            input=None, capture_output=False, timeout=None, check=False, **kwargs):
        """Run command with arguments and return a CompletedProcess instance.
    
        The returned instance will have attributes args, returncode, stdout and
        stderr. By default, stdout and stderr are not captured, and those attributes
        will be None. Pass stdout=PIPE and/or stderr=PIPE in order to capture them,
        or pass capture_output=True to capture both.
    
        If check is True and the exit code was non-zero, it raises a
        CalledProcessError. The CalledProcessError object will have the return code
        in the returncode attribute, and output & stderr attributes if those streams
        were captured.
    
        If timeout (seconds) is given and the process takes too long,
         a TimeoutExpired exception will be raised.
    
        There is an optional argument "input", allowing you to
        pass bytes or a string to the subprocess's stdin.  If you use this argument
        you may not also use the Popen constructor's "stdin" argument, as
        it will be used internally.
    
        By default, all communication is in bytes, and therefore any "input" should
        be bytes, and the stdout and stderr will be bytes. If in text mode, any
        "input" should be a string, and stdout and stderr will be strings decoded
        according to locale encoding, or by "encoding" if set. Text mode is
        triggered by setting any of text, encoding, errors or universal_newlines.
    
        The other arguments are the same as for the Popen constructor.
        """
        if input is not None:
            if kwargs.get('stdin') is not None:
                raise ValueError('stdin and input arguments may not both be used.')
            kwargs['stdin'] = PIPE
    
        if capture_output:
            if kwargs.get('stdout') is not None or kwargs.get('stderr') is not None:
                raise ValueError('stdout and stderr arguments may not be used '
                                 'with capture_output.')
            kwargs['stdout'] = PIPE
            kwargs['stderr'] = PIPE
    
        with Popen(*popenargs, **kwargs) as process:
            try:
                stdout, stderr = process.communicate(input, timeout=timeout)
            except TimeoutExpired as exc:
                process.kill()
                if _mswindows:
                    # Windows accumulates the output in a single blocking
                    # read() call run on child threads, with the timeout
                    # being done in a join() on those threads.  communicate()
                    # _after_ kill() is required to collect that and add it
                    # to the exception.
                    exc.stdout, exc.stderr = process.communicate()
                else:
                    # POSIX _communicate already populated the output so
                    # far into the TimeoutExpired exception.
                    process.wait()
                raise
            except:  # Including KeyboardInterrupt, communicate handled that.
                process.kill()
                # We don't call process.wait() as .__exit__ does that for us.
                raise
            retcode = process.poll()
            if check and retcode:
>               raise CalledProcessError(retcode, process.args,
                                         output=stdout, stderr=stderr)
E               subprocess.CalledProcessError: Command '['git', 'rev-parse', 'HEAD']' returned non-zero exit status 128.

/home/lzy/miniconda3/lib/python3.13/subprocess.py:577: CalledProcessError
----------------------------- Captured stderr call -----------------------------
fatal: not a git repository (or any of the parent directories): .git
_________________________________ test_locked __________________________________

repo = PosixPath('/tmp/particle82_upstream_regression_20260921')

    def test_locked(repo):
     snapshot=json.loads((repo/'particle_3d/reports/particle6_5/PARTICLE6_5_VALIDATION.json').read_text())
     for name,digest in snapshot['source_sha256'].items():
      assert hashlib.sha256((repo/name).read_bytes()).hexdigest()==digest,name
>    subprocess.run(['git','merge-base','--is-ancestor','57dfe7bd15b29aca9a941ab4fd74dae081d9f161','HEAD'],cwd=repo,check=True)

particle_3d/tests/particle7/test_particle6_5_dependency_locked.py:6: 
_ _ _ _ _ _ _ _ _ _ _ _ _ _ _ _ _ _ _ _ _ _ _ _ _ _ _ _ _ _ _ _ _ _ _ _ _ _ _ _ 

input = None, capture_output = False, timeout = None, check = True
popenargs = (['git', 'merge-base', '--is-ancestor', '57dfe7bd15b29aca9a941ab4fd74dae081d9f161', 'HEAD'],)
kwargs = {'cwd': PosixPath('/tmp/particle82_upstream_regression_20260921')}

    def run(*popenargs,
            input=None, capture_output=False, timeout=None, check=False, **kwargs):
        """Run command with arguments and return a CompletedProcess instance.
    
        The returned instance will have attributes args, returncode, stdout and
        stderr. By default, stdout and stderr are not captured, and those attributes
        will be None. Pass stdout=PIPE and/or stderr=PIPE in order to capture them,
        or pass capture_output=True to capture both.
    
        If check is True and the exit code was non-zero, it raises a
        CalledProcessError. The CalledProcessError object will have the return code
        in the returncode attribute, and output & stderr attributes if those streams
        were captured.
    
        If timeout (seconds) is given and the process takes too long,
         a TimeoutExpired exception will be raised.
    
        There is an optional argument "input", allowing you to
        pass bytes or a string to the subprocess's stdin.  If you use this argument
        you may not also use the Popen constructor's "stdin" argument, as
        it will be used internally.
    
        By default, all communication is in bytes, and therefore any "input" should
        be bytes, and the stdout and stderr will be bytes. If in text mode, any
        "input" should be a string, and stdout and stderr will be strings decoded
        according to locale encoding, or by "encoding" if set. Text mode is
        triggered by setting any of text, encoding, errors or universal_newlines.
    
        The other arguments are the same as for the Popen constructor.
        """
        if input is not None:
            if kwargs.get('stdin') is not None:
                raise ValueError('stdin and input arguments may not both be used.')
            kwargs['stdin'] = PIPE
    
        if capture_output:
            if kwargs.get('stdout') is not None or kwargs.get('stderr') is not None:
                raise ValueError('stdout and stderr arguments may not be used '
                                 'with capture_output.')
            kwargs['stdout'] = PIPE
            kwargs['stderr'] = PIPE
    
        with Popen(*popenargs, **kwargs) as process:
            try:
                stdout, stderr = process.communicate(input, timeout=timeout)
            except TimeoutExpired as exc:
                process.kill()
                if _mswindows:
                    # Windows accumulates the output in a single blocking
                    # read() call run on child threads, with the timeout
                    # being done in a join() on those threads.  communicate()
                    # _after_ kill() is required to collect that and add it
                    # to the exception.
                    exc.stdout, exc.stderr = process.communicate()
                else:
                    # POSIX _communicate already populated the output so
                    # far into the TimeoutExpired exception.
                    process.wait()
                raise
            except:  # Including KeyboardInterrupt, communicate handled that.
                process.kill()
                # We don't call process.wait() as .__exit__ does that for us.
                raise
            retcode = process.poll()
            if check and retcode:
>               raise CalledProcessError(retcode, process.args,
                                         output=stdout, stderr=stderr)
E               subprocess.CalledProcessError: Command '['git', 'merge-base', '--is-ancestor', '57dfe7bd15b29aca9a941ab4fd74dae081d9f161', 'HEAD']' returned non-zero exit status 128.

/home/lzy/miniconda3/lib/python3.13/subprocess.py:577: CalledProcessError
----------------------------- Captured stderr call -----------------------------
fatal: not a git repository (or any of the parent directories): .git
______________________________ test_pending_exact ______________________________

engine = <particle_3d.particle7_lifecycle.PopulationLifecycle object at 0x75b274cf6510>
tmp_path = PosixPath('/tmp/pytest-of-lzy/pytest-202/test_pending_exact0')

    def test_pending_exact(engine,tmp_path):
     e=engine.scheduler.pop(); e['attempt_count']=17; e['last_candidate']={'position_m':[0,0,0],'status':'DEFORMATION_INFEASIBLE'}
     engine.events.append(deepcopy(e)); engine.pending['RBC'].append(e); engine.time_s=e['scheduled_time_s']
>    write_checkpoint(tmp_path/'r',engine,{'test':'pending'})

particle_3d/tests/particle7/test_pending_queue_restart.py:9: 
_ _ _ _ _ _ _ _ _ _ _ _ _ _ _ _ _ _ _ _ _ _ _ _ _ _ _ _ _ _ _ _ _ _ _ _ _ _ _ _ 
particle_3d/src/particle_3d/particle7_checkpoint.py:39: in write_checkpoint
    sonovue_contract=engine.scheduler.source.mb_contract,source_commit=subprocess.check_output(['git','rev-parse','HEAD'],cwd=REPO,text=True).strip(),used_ids=sorted(b.used_ids),policy=b.policy.to_dict(),box_half_width_m=b.box_half_width_m,lammps_version=b.version))
                                                                       ^^^^^^^^^^^^^^^^^^^^^^^^^^^^^^^^^^^^^^^^^^^^^^^^^^^^^^^^^^^^^^^^^^^^^^
/home/lzy/miniconda3/lib/python3.13/subprocess.py:472: in check_output
    return run(*popenargs, stdout=PIPE, timeout=timeout, check=True,
_ _ _ _ _ _ _ _ _ _ _ _ _ _ _ _ _ _ _ _ _ _ _ _ _ _ _ _ _ _ _ _ _ _ _ _ _ _ _ _ 

input = None, capture_output = False, timeout = None, check = True
popenargs = (['git', 'rev-parse', 'HEAD'],)
kwargs = {'stdout': -1, 'cwd': PosixPath('/tmp/particle82_upstream_regression_20260921'), 'text': True}

    def run(*popenargs,
            input=None, capture_output=False, timeout=None, check=False, **kwargs):
        """Run command with arguments and return a CompletedProcess instance.
    
        The returned instance will have attributes args, returncode, stdout and
        stderr. By default, stdout and stderr are not captured, and those attributes
        will be None. Pass stdout=PIPE and/or stderr=PIPE in order to capture them,
        or pass capture_output=True to capture both.
    
        If check is True and the exit code was non-zero, it raises a
        CalledProcessError. The CalledProcessError object will have the return code
        in the returncode attribute, and output & stderr attributes if those streams
        were captured.
    
        If timeout (seconds) is given and the process takes too long,
         a TimeoutExpired exception will be raised.
    
        There is an optional argument "input", allowing you to
        pass bytes or a string to the subprocess's stdin.  If you use this argument
        you may not also use the Popen constructor's "stdin" argument, as
        it will be used internally.
    
        By default, all communication is in bytes, and therefore any "input" should
        be bytes, and the stdout and stderr will be bytes. If in text mode, any
        "input" should be a string, and stdout and stderr will be strings decoded
        according to locale encoding, or by "encoding" if set. Text mode is
        triggered by setting any of text, encoding, errors or universal_newlines.
    
        The other arguments are the same as for the Popen constructor.
        """
        if input is not None:
            if kwargs.get('stdin') is not None:
                raise ValueError('stdin and input arguments may not both be used.')
            kwargs['stdin'] = PIPE
    
        if capture_output:
            if kwargs.get('stdout') is not None or kwargs.get('stderr') is not None:
                raise ValueError('stdout and stderr arguments may not be used '
                                 'with capture_output.')
            kwargs['stdout'] = PIPE
            kwargs['stderr'] = PIPE
    
        with Popen(*popenargs, **kwargs) as process:
            try:
                stdout, stderr = process.communicate(input, timeout=timeout)
            except TimeoutExpired as exc:
                process.kill()
                if _mswindows:
                    # Windows accumulates the output in a single blocking
                    # read() call run on child threads, with the timeout
                    # being done in a join() on those threads.  communicate()
                    # _after_ kill() is required to collect that and add it
                    # to the exception.
                    exc.stdout, exc.stderr = process.communicate()
                else:
                    # POSIX _communicate already populated the output so
                    # far into the TimeoutExpired exception.
                    process.wait()
                raise
            except:  # Including KeyboardInterrupt, communicate handled that.
                process.kill()
                # We don't call process.wait() as .__exit__ does that for us.
                raise
            retcode = process.poll()
            if check and retcode:
>               raise CalledProcessError(retcode, process.args,
                                         output=stdout, stderr=stderr)
E               subprocess.CalledProcessError: Command '['git', 'rev-parse', 'HEAD']' returned non-zero exit status 128.

/home/lzy/miniconda3/lib/python3.13/subprocess.py:577: CalledProcessError
----------------------------- Captured stderr call -----------------------------
fatal: not a git repository (or any of the parent directories): .git
___________________ test_restart_rejects_changed_inlet_model ___________________

engine = <particle_3d.particle7_lifecycle.PopulationLifecycle object at 0x75b274cf7230>
tmp_path = PosixPath('/tmp/pytest-of-lzy/pytest-202/test_restart_rejects_changed_i0')

    def test_restart_rejects_changed_inlet_model(engine,tmp_path):
     import pytest
>    write_checkpoint(tmp_path/'r',engine,{'test':'model'})

particle_3d/tests/particle7/test_pending_queue_restart.py:19: 
_ _ _ _ _ _ _ _ _ _ _ _ _ _ _ _ _ _ _ _ _ _ _ _ _ _ _ _ _ _ _ _ _ _ _ _ _ _ _ _ 
particle_3d/src/particle_3d/particle7_checkpoint.py:39: in write_checkpoint
    sonovue_contract=engine.scheduler.source.mb_contract,source_commit=subprocess.check_output(['git','rev-parse','HEAD'],cwd=REPO,text=True).strip(),used_ids=sorted(b.used_ids),policy=b.policy.to_dict(),box_half_width_m=b.box_half_width_m,lammps_version=b.version))
                                                                       ^^^^^^^^^^^^^^^^^^^^^^^^^^^^^^^^^^^^^^^^^^^^^^^^^^^^^^^^^^^^^^^^^^^^^^
/home/lzy/miniconda3/lib/python3.13/subprocess.py:472: in check_output
    return run(*popenargs, stdout=PIPE, timeout=timeout, check=True,
_ _ _ _ _ _ _ _ _ _ _ _ _ _ _ _ _ _ _ _ _ _ _ _ _ _ _ _ _ _ _ _ _ _ _ _ _ _ _ _ 

input = None, capture_output = False, timeout = None, check = True
popenargs = (['git', 'rev-parse', 'HEAD'],)
kwargs = {'stdout': -1, 'cwd': PosixPath('/tmp/particle82_upstream_regression_20260921'), 'text': True}

    def run(*popenargs,
            input=None, capture_output=False, timeout=None, check=False, **kwargs):
        """Run command with arguments and return a CompletedProcess instance.
    
        The returned instance will have attributes args, returncode, stdout and
        stderr. By default, stdout and stderr are not captured, and those attributes
        will be None. Pass stdout=PIPE and/or stderr=PIPE in order to capture them,
        or pass capture_output=True to capture both.
    
        If check is True and the exit code was non-zero, it raises a
        CalledProcessError. The CalledProcessError object will have the return code
        in the returncode attribute, and output & stderr attributes if those streams
        were captured.
    
        If timeout (seconds) is given and the process takes too long,
         a TimeoutExpired exception will be raised.
    
        There is an optional argument "input", allowing you to
        pass bytes or a string to the subprocess's stdin.  If you use this argument
        you may not also use the Popen constructor's "stdin" argument, as
        it will be used internally.
    
        By default, all communication is in bytes, and therefore any "input" should
        be bytes, and the stdout and stderr will be bytes. If in text mode, any
        "input" should be a string, and stdout and stderr will be strings decoded
        according to locale encoding, or by "encoding" if set. Text mode is
        triggered by setting any of text, encoding, errors or universal_newlines.
    
        The other arguments are the same as for the Popen constructor.
        """
        if input is not None:
            if kwargs.get('stdin') is not None:
                raise ValueError('stdin and input arguments may not both be used.')
            kwargs['stdin'] = PIPE
    
        if capture_output:
            if kwargs.get('stdout') is not None or kwargs.get('stderr') is not None:
                raise ValueError('stdout and stderr arguments may not be used '
                                 'with capture_output.')
            kwargs['stdout'] = PIPE
            kwargs['stderr'] = PIPE
    
        with Popen(*popenargs, **kwargs) as process:
            try:
                stdout, stderr = process.communicate(input, timeout=timeout)
            except TimeoutExpired as exc:
                process.kill()
                if _mswindows:
                    # Windows accumulates the output in a single blocking
                    # read() call run on child threads, with the timeout
                    # being done in a join() on those threads.  communicate()
                    # _after_ kill() is required to collect that and add it
                    # to the exception.
                    exc.stdout, exc.stderr = process.communicate()
                else:
                    # POSIX _communicate already populated the output so
                    # far into the TimeoutExpired exception.
                    process.wait()
                raise
            except:  # Including KeyboardInterrupt, communicate handled that.
                process.kill()
                # We don't call process.wait() as .__exit__ does that for us.
                raise
            retcode = process.poll()
            if check and retcode:
>               raise CalledProcessError(retcode, process.args,
                                         output=stdout, stderr=stderr)
E               subprocess.CalledProcessError: Command '['git', 'rev-parse', 'HEAD']' returned non-zero exit status 128.

/home/lzy/miniconda3/lib/python3.13/subprocess.py:577: CalledProcessError
----------------------------- Captured stderr call -----------------------------
fatal: not a git repository (or any of the parent directories): .git
____________________ test_keyframe_reproduces_exact_pixels _____________________

output = PosixPath('/tmp/particle82_upstream_regression_20260921/particle_3d/reports/particle8')

    def test_keyframe_reproduces_exact_pixels(output):
        import matplotlib.pyplot as plt
        idx=3;name=ANIMATIONS[idx-1];m=read(output/'data'/(name+'_frames.json'));k=m['keyframe_indices'][2]
        f=m['frames'][k];v=ReplayView(output,idx);v.draw(f['physical_or_display_time_s'],f['window_label']);v.fig.canvas.draw()
        actual=np.asarray(v.fig.canvas.buffer_rgba())[:,:,:3]
        saved=np.asarray(Image.open(output/'frames'/f'{name}_frame_{k:04d}.png'))
>       np.testing.assert_array_equal(actual,saved);plt.close(v.fig)
        ^^^^^^^^^^^^^^^^^^^^^^^^^^^^^^^^^^^^^^^^^^^
E       AssertionError: 
E       Arrays are not equal
E       
E       Mismatched elements: 90882 / 3888000 (2.34%)
E       First 5 mismatches are at indices:
E        [211, 291, 0]: 255 (ACTUAL), 180 (DESIRED)
E        [211, 291, 1]: 255 (ACTUAL), 189 (DESIRED)
E        [211, 291, 2]: 255 (ACTUAL), 196 (DESIRED)
E        [211, 292, 0]: 255 (ACTUAL), 179 (DESIRED)
E        [211, 292, 1]: 255 (ACTUAL), 188 (DESIRED)
E       Max absolute difference among violations: 128
E       Max relative difference among violations: 128.
E        ACTUAL: array([[[255, 255, 255],
E               [255, 255, 255],
E               [255, 255, 255],...
E        DESIRED: array([[[255, 255, 255],
E               [255, 255, 255],
E               [255, 255, 255],...

particle_3d/tests/particle8/test_visual_outputs.py:65: AssertionError
=============================== warnings summary ===============================
tests/particle1/test_particle1_plot_generation.py::test_synthetic_plot_functions_rerun_without_real_fem
  /tmp/particle82_upstream_regression_20260921/particle_3d/scripts/generate_particle1_report.py:54: UserWarning: Glyph 26597 (\N{CJK UNIFIED IDEOGRAPH-67E5}) missing from font(s) DejaVu Sans.
    fig.savefig(FIGURES/name,bbox_inches='tight'); plt.close(fig)

tests/particle1/test_particle1_plot_generation.py::test_synthetic_plot_functions_rerun_without_real_fem
  /tmp/particle82_upstream_regression_20260921/particle_3d/scripts/generate_particle1_report.py:54: UserWarning: Glyph 27969 (\N{CJK UNIFIED IDEOGRAPH-6D41}) missing from font(s) DejaVu Sans.
    fig.savefig(FIGURES/name,bbox_inches='tight'); plt.close(fig)

tests/particle1/test_particle1_plot_generation.py::test_synthetic_plot_functions_rerun_without_real_fem
  /tmp/particle82_upstream_regression_20260921/particle_3d/scripts/generate_particle1_report.py:54: UserWarning: Glyph 22330 (\N{CJK UNIFIED IDEOGRAPH-573A}) missing from font(s) DejaVu Sans.
    fig.savefig(FIGURES/name,bbox_inches='tight'); plt.close(fig)

tests/particle1/test_particle1_plot_generation.py::test_synthetic_plot_functions_rerun_without_real_fem
  /tmp/particle82_upstream_regression_20260921/particle_3d/scripts/generate_particle1_report.py:54: UserWarning: Glyph 24471 (\N{CJK UNIFIED IDEOGRAPH-5F97}) missing from font(s) DejaVu Sans.
    fig.savefig(FIGURES/name,bbox_inches='tight'); plt.close(fig)

tests/particle1/test_particle1_plot_generation.py::test_synthetic_plot_functions_rerun_without_real_fem
  /tmp/particle82_upstream_regression_20260921/particle_3d/scripts/generate_particle1_report.py:54: UserWarning: Glyph 21040 (\N{CJK UNIFIED IDEOGRAPH-5230}) missing from font(s) DejaVu Sans.
    fig.savefig(FIGURES/name,bbox_inches='tight'); plt.close(fig)

tests/particle1/test_particle1_plot_generation.py::test_synthetic_plot_functions_rerun_without_real_fem
  /tmp/particle82_upstream_regression_20260921/particle_3d/scripts/generate_particle1_report.py:54: UserWarning: Glyph 31890 (\N{CJK UNIFIED IDEOGRAPH-7C92}) missing from font(s) DejaVu Sans.
    fig.savefig(FIGURES/name,bbox_inches='tight'); plt.close(fig)

tests/particle1/test_particle1_plot_generation.py::test_synthetic_plot_functions_rerun_without_real_fem
  /tmp/particle82_upstream_regression_20260921/particle_3d/scripts/generate_particle1_report.py:54: UserWarning: Glyph 23376 (\N{CJK UNIFIED IDEOGRAPH-5B50}) missing from font(s) DejaVu Sans.
    fig.savefig(FIGURES/name,bbox_inches='tight'); plt.close(fig)

tests/particle1/test_particle1_plot_generation.py::test_synthetic_plot_functions_rerun_without_real_fem
  /tmp/particle82_upstream_regression_20260921/particle_3d/scripts/generate_particle1_report.py:54: UserWarning: Glyph 36895 (\N{CJK UNIFIED IDEOGRAPH-901F}) missing from font(s) DejaVu Sans.
    fig.savefig(FIGURES/name,bbox_inches='tight'); plt.close(fig)

tests/particle1/test_particle1_plot_generation.py::test_synthetic_plot_functions_rerun_without_real_fem
  /tmp/particle82_upstream_regression_20260921/particle_3d/scripts/generate_particle1_report.py:54: UserWarning: Glyph 24230 (\N{CJK UNIFIED IDEOGRAPH-5EA6}) missing from font(s) DejaVu Sans.
    fig.savefig(FIGURES/name,bbox_inches='tight'); plt.close(fig)

tests/particle1/test_particle1_plot_generation.py::test_synthetic_plot_functions_rerun_without_real_fem
  /tmp/particle82_upstream_regression_20260921/particle_3d/scripts/generate_particle1_report.py:54: UserWarning: Glyph 25512 (\N{CJK UNIFIED IDEOGRAPH-63A8}) missing from font(s) DejaVu Sans.
    fig.savefig(FIGURES/name,bbox_inches='tight'); plt.close(fig)

tests/particle1/test_particle1_plot_generation.py::test_synthetic_plot_functions_rerun_without_real_fem
  /tmp/particle82_upstream_regression_20260921/particle_3d/scripts/generate_particle1_report.py:54: UserWarning: Glyph 36827 (\N{CJK UNIFIED IDEOGRAPH-8FDB}) missing from font(s) DejaVu Sans.
    fig.savefig(FIGURES/name,bbox_inches='tight'); plt.close(fig)

tests/particle1/test_particle1_plot_generation.py::test_synthetic_plot_functions_rerun_without_real_fem
  /tmp/particle82_upstream_regression_20260921/particle_3d/scripts/generate_particle1_report.py:54: UserWarning: Glyph 19968 (\N{CJK UNIFIED IDEOGRAPH-4E00}) missing from font(s) DejaVu Sans.
    fig.savefig(FIGURES/name,bbox_inches='tight'); plt.close(fig)

tests/particle1/test_particle1_plot_generation.py::test_synthetic_plot_functions_rerun_without_real_fem
  /tmp/particle82_upstream_regression_20260921/particle_3d/scripts/generate_particle1_report.py:54: UserWarning: Glyph 27493 (\N{CJK UNIFIED IDEOGRAPH-6B65}) missing from font(s) DejaVu Sans.
    fig.savefig(FIGURES/name,bbox_inches='tight'); plt.close(fig)

tests/particle1/test_particle1_plot_generation.py::test_synthetic_plot_functions_rerun_without_real_fem
  /tmp/particle82_upstream_regression_20260921/particle_3d/scripts/generate_particle1_report.py:54: UserWarning: Glyph 65306 (\N{FULLWIDTH COLON}) missing from font(s) DejaVu Sans.
    fig.savefig(FIGURES/name,bbox_inches='tight'); plt.close(fig)

tests/particle1/test_particle1_plot_generation.py::test_synthetic_plot_functions_rerun_without_real_fem
  /tmp/particle82_upstream_regression_20260921/particle_3d/scripts/generate_particle1_report.py:54: UserWarning: Glyph 22312 (\N{CJK UNIFIED IDEOGRAPH-5728}) missing from font(s) DejaVu Sans.
    fig.savefig(FIGURES/name,bbox_inches='tight'); plt.close(fig)

tests/particle1/test_particle1_plot_generation.py::test_synthetic_plot_functions_rerun_without_real_fem
  /tmp/particle82_upstream_regression_20260921/particle_3d/scripts/generate_particle1_report.py:54: UserWarning: Glyph 26087 (\N{CJK UNIFIED IDEOGRAPH-65E7}) missing from font(s) DejaVu Sans.
    fig.savefig(FIGURES/name,bbox_inches='tight'); plt.close(fig)

tests/particle1/test_particle1_plot_generation.py::test_synthetic_plot_functions_rerun_without_real_fem
  /tmp/particle82_upstream_regression_20260921/particle_3d/scripts/generate_particle1_report.py:54: UserWarning: Glyph 20301 (\N{CJK UNIFIED IDEOGRAPH-4F4D}) missing from font(s) DejaVu Sans.
    fig.savefig(FIGURES/name,bbox_inches='tight'); plt.close(fig)

tests/particle1/test_particle1_plot_generation.py::test_synthetic_plot_functions_rerun_without_real_fem
  /tmp/particle82_upstream_regression_20260921/particle_3d/scripts/generate_particle1_report.py:54: UserWarning: Glyph 32622 (\N{CJK UNIFIED IDEOGRAPH-7F6E}) missing from font(s) DejaVu Sans.
    fig.savefig(FIGURES/name,bbox_inches='tight'); plt.close(fig)

tests/particle1/test_particle1_plot_generation.py::test_synthetic_plot_functions_rerun_without_real_fem
  /tmp/particle82_upstream_regression_20260921/particle_3d/scripts/generate_particle1_report.py:54: UserWarning: Glyph 35835 (\N{CJK UNIFIED IDEOGRAPH-8BFB}) missing from font(s) DejaVu Sans.
    fig.savefig(FIGURES/name,bbox_inches='tight'); plt.close(fig)

tests/particle1/test_particle1_plot_generation.py::test_synthetic_plot_functions_rerun_without_real_fem
  /tmp/particle82_upstream_regression_20260921/particle_3d/scripts/generate_particle1_report.py:54: UserWarning: Glyph 21462 (\N{CJK UNIFIED IDEOGRAPH-53D6}) missing from font(s) DejaVu Sans.
    fig.savefig(FIGURES/name,bbox_inches='tight'); plt.close(fig)

tests/particle1/test_particle1_plot_generation.py::test_synthetic_plot_functions_rerun_without_real_fem
  /tmp/particle82_upstream_regression_20260921/particle_3d/scripts/generate_particle1_report.py:54: UserWarning: Glyph 21644 (\N{CJK UNIFIED IDEOGRAPH-548C}) missing from font(s) DejaVu Sans.
    fig.savefig(FIGURES/name,bbox_inches='tight'); plt.close(fig)

tests/particle1/test_particle1_plot_generation.py::test_synthetic_plot_functions_rerun_without_real_fem
  /tmp/particle82_upstream_regression_20260921/particle_3d/scripts/generate_particle1_report.py:54: UserWarning: Glyph 12290 (\N{IDEOGRAPHIC FULL STOP}) missing from font(s) DejaVu Sans.
    fig.savefig(FIGURES/name,bbox_inches='tight'); plt.close(fig)

tests/particle1/test_particle1_plot_generation.py::test_synthetic_plot_functions_rerun_without_real_fem
  /tmp/particle82_upstream_regression_20260921/particle_3d/scripts/generate_particle1_report.py:54: UserWarning: Glyph 65307 (\N{FULLWIDTH SEMICOLON}) missing from font(s) DejaVu Sans.
    fig.savefig(FIGURES/name,bbox_inches='tight'); plt.close(fig)

tests/particle1/test_particle1_plot_generation.py::test_synthetic_plot_functions_rerun_without_real_fem
  /tmp/particle82_upstream_regression_20260921/particle_3d/scripts/generate_particle1_report.py:54: UserWarning: Glyph 26059 (\N{CJK UNIFIED IDEOGRAPH-65CB}) missing from font(s) DejaVu Sans.
    fig.savefig(FIGURES/name,bbox_inches='tight'); plt.close(fig)

tests/particle1/test_particle1_plot_generation.py::test_synthetic_plot_functions_rerun_without_real_fem
  /tmp/particle82_upstream_regression_20260921/particle_3d/scripts/generate_particle1_report.py:54: UserWarning: Glyph 36716 (\N{CJK UNIFIED IDEOGRAPH-8F6C}) missing from font(s) DejaVu Sans.
    fig.savefig(FIGURES/name,bbox_inches='tight'); plt.close(fig)

tests/particle1/test_particle1_plot_generation.py::test_synthetic_plot_functions_rerun_without_real_fem
  /tmp/particle82_upstream_regression_20260921/particle_3d/scripts/generate_particle1_report.py:54: UserWarning: Glyph 21521 (\N{CJK UNIFIED IDEOGRAPH-5411}) missing from font(s) DejaVu Sans.
    fig.savefig(FIGURES/name,bbox_inches='tight'); plt.close(fig)

tests/particle1/test_particle1_plot_generation.py::test_synthetic_plot_functions_rerun_without_real_fem
  /tmp/particle82_upstream_regression_20260921/particle_3d/scripts/generate_particle1_report.py:54: UserWarning: Glyph 21069 (\N{CJK UNIFIED IDEOGRAPH-524D}) missing from font(s) DejaVu Sans.
    fig.savefig(FIGURES/name,bbox_inches='tight'); plt.close(fig)

tests/particle1/test_particle1_plot_generation.py::test_synthetic_plot_functions_rerun_without_real_fem
  /tmp/particle82_upstream_regression_20260921/particle_3d/scripts/generate_particle1_report.py:54: UserWarning: Glyph 20010 (\N{CJK UNIFIED IDEOGRAPH-4E2A}) missing from font(s) DejaVu Sans.
    fig.savefig(FIGURES/name,bbox_inches='tight'); plt.close(fig)

tests/particle1/test_particle1_plot_generation.py::test_synthetic_plot_functions_rerun_without_real_fem
  /tmp/particle82_upstream_regression_20260921/particle_3d/scripts/generate_particle1_report.py:54: UserWarning: Glyph 39564 (\N{CJK UNIFIED IDEOGRAPH-9A8C}) missing from font(s) DejaVu Sans.
    fig.savefig(FIGURES/name,bbox_inches='tight'); plt.close(fig)

tests/particle1/test_particle1_plot_generation.py::test_synthetic_plot_functions_rerun_without_real_fem
  /tmp/particle82_upstream_regression_20260921/particle_3d/scripts/generate_particle1_report.py:54: UserWarning: Glyph 35777 (\N{CJK UNIFIED IDEOGRAPH-8BC1}) missing from font(s) DejaVu Sans.
    fig.savefig(FIGURES/name,bbox_inches='tight'); plt.close(fig)

tests/particle1/test_particle1_plot_generation.py::test_synthetic_plot_functions_rerun_without_real_fem
  /tmp/particle82_upstream_regression_20260921/particle_3d/scripts/generate_particle1_report.py:54: UserWarning: Glyph 26102 (\N{CJK UNIFIED IDEOGRAPH-65F6}) missing from font(s) DejaVu Sans.
    fig.savefig(FIGURES/name,bbox_inches='tight'); plt.close(fig)

tests/particle1/test_particle1_plot_generation.py::test_synthetic_plot_functions_rerun_without_real_fem
  /tmp/particle82_upstream_regression_20260921/particle_3d/scripts/generate_particle1_report.py:54: UserWarning: Glyph 38388 (\N{CJK UNIFIED IDEOGRAPH-95F4}) missing from font(s) DejaVu Sans.
    fig.savefig(FIGURES/name,bbox_inches='tight'); plt.close(fig)

tests/particle1/test_particle1_plot_generation.py::test_synthetic_plot_functions_rerun_without_real_fem
  /tmp/particle82_upstream_regression_20260921/particle_3d/scripts/generate_particle1_report.py:54: UserWarning: Glyph 26412 (\N{CJK UNIFIED IDEOGRAPH-672C}) missing from font(s) DejaVu Sans.
    fig.savefig(FIGURES/name,bbox_inches='tight'); plt.close(fig)

tests/particle1/test_particle1_plot_generation.py::test_synthetic_plot_functions_rerun_without_real_fem
  /tmp/particle82_upstream_regression_20260921/particle_3d/scripts/generate_particle1_report.py:54: UserWarning: Glyph 20363 (\N{CJK UNIFIED IDEOGRAPH-4F8B}) missing from font(s) DejaVu Sans.
    fig.savefig(FIGURES/name,bbox_inches='tight'); plt.close(fig)

tests/particle1/test_particle1_plot_generation.py::test_synthetic_plot_functions_rerun_without_real_fem
  /tmp/particle82_upstream_regression_20260921/particle_3d/scripts/generate_particle1_report.py:54: UserWarning: Glyph 65288 (\N{FULLWIDTH LEFT PARENTHESIS}) missing from font(s) DejaVu Sans.
    fig.savefig(FIGURES/name,bbox_inches='tight'); plt.close(fig)

tests/particle1/test_particle1_plot_generation.py::test_synthetic_plot_functions_rerun_without_real_fem
  /tmp/particle82_upstream_regression_20260921/particle_3d/scripts/generate_particle1_report.py:54: UserWarning: Glyph 20165 (\N{CJK UNIFIED IDEOGRAPH-4EC5}) missing from font(s) DejaVu Sans.
    fig.savefig(FIGURES/name,bbox_inches='tight'); plt.close(fig)

tests/particle1/test_particle1_plot_generation.py::test_synthetic_plot_functions_rerun_without_real_fem
  /tmp/particle82_upstream_regression_20260921/particle_3d/scripts/generate_particle1_report.py:54: UserWarning: Glyph 29992 (\N{CJK UNIFIED IDEOGRAPH-7528}) missing from font(s) DejaVu Sans.
    fig.savefig(FIGURES/name,bbox_inches='tight'); plt.close(fig)

tests/particle1/test_particle1_plot_generation.py::test_synthetic_plot_functions_rerun_without_real_fem
  /tmp/particle82_upstream_regression_20260921/particle_3d/scripts/generate_particle1_report.py:54: UserWarning: Glyph 65289 (\N{FULLWIDTH RIGHT PARENTHESIS}) missing from font(s) DejaVu Sans.
    fig.savefig(FIGURES/name,bbox_inches='tight'); plt.close(fig)

tests/particle1/test_particle1_plot_generation.py::test_synthetic_plot_functions_rerun_without_real_fem
  /tmp/particle82_upstream_regression_20260921/particle_3d/scripts/generate_particle1_report.py:54: UserWarning: Glyph 26032 (\N{CJK UNIFIED IDEOGRAPH-65B0}) missing from font(s) DejaVu Sans.
    fig.savefig(FIGURES/name,bbox_inches='tight'); plt.close(fig)

tests/particle1/test_particle1_plot_generation.py::test_synthetic_plot_functions_rerun_without_real_fem
  /tmp/particle82_upstream_regression_20260921/particle_3d/scripts/generate_particle1_report.py:54: UserWarning: Glyph 37325 (\N{CJK UNIFIED IDEOGRAPH-91CD}) missing from font(s) DejaVu Sans.
    fig.savefig(FIGURES/name,bbox_inches='tight'); plt.close(fig)

tests/particle1/test_particle1_plot_generation.py::test_synthetic_plot_functions_rerun_without_real_fem
  /tmp/particle82_upstream_regression_20260921/particle_3d/scripts/generate_particle1_report.py:54: UserWarning: Glyph 65292 (\N{FULLWIDTH COMMA}) missing from font(s) DejaVu Sans.
    fig.savefig(FIGURES/name,bbox_inches='tight'); plt.close(fig)

tests/particle1/test_particle1_plot_generation.py::test_synthetic_plot_functions_rerun_without_real_fem
  /tmp/particle82_upstream_regression_20260921/particle_3d/scripts/generate_particle1_report.py:54: UserWarning: Glyph 20445 (\N{CJK UNIFIED IDEOGRAPH-4FDD}) missing from font(s) DejaVu Sans.
    fig.savefig(FIGURES/name,bbox_inches='tight'); plt.close(fig)

tests/particle1/test_particle1_plot_generation.py::test_synthetic_plot_functions_rerun_without_real_fem
  /tmp/particle82_upstream_regression_20260921/particle_3d/scripts/generate_particle1_report.py:54: UserWarning: Glyph 23384 (\N{CJK UNIFIED IDEOGRAPH-5B58}) missing from font(s) DejaVu Sans.
    fig.savefig(FIGURES/name,bbox_inches='tight'); plt.close(fig)

tests/particle1/test_particle1_plot_generation.py::test_synthetic_plot_functions_rerun_without_real_fem
  /tmp/particle82_upstream_regression_20260921/particle_3d/scripts/generate_particle1_report.py:54: UserWarning: Glyph 23545 (\N{CJK UNIFIED IDEOGRAPH-5BF9}) missing from font(s) DejaVu Sans.
    fig.savefig(FIGURES/name,bbox_inches='tight'); plt.close(fig)

tests/particle1/test_particle1_plot_generation.py::test_synthetic_plot_functions_rerun_without_real_fem
  /tmp/particle82_upstream_regression_20260921/particle_3d/scripts/generate_particle1_report.py:54: UserWarning: Glyph 24212 (\N{CJK UNIFIED IDEOGRAPH-5E94}) missing from font(s) DejaVu Sans.
    fig.savefig(FIGURES/name,bbox_inches='tight'); plt.close(fig)

tests/particle1/test_particle1_plot_generation.py::test_synthetic_plot_functions_rerun_without_real_fem
  /tmp/particle82_upstream_regression_20260921/particle_3d/scripts/generate_particle1_report.py:54: UserWarning: Glyph 30340 (\N{CJK UNIFIED IDEOGRAPH-7684}) missing from font(s) DejaVu Sans.
    fig.savefig(FIGURES/name,bbox_inches='tight'); plt.close(fig)

tests/particle1/test_particle1_plot_generation.py::test_synthetic_plot_functions_rerun_without_real_fem
  /tmp/particle82_upstream_regression_20260921/particle_3d/scripts/generate_particle1_report.py:54: UserWarning: Glyph 19981 (\N{CJK UNIFIED IDEOGRAPH-4E0D}) missing from font(s) DejaVu Sans.
    fig.savefig(FIGURES/name,bbox_inches='tight'); plt.close(fig)

tests/particle1/test_particle1_plot_generation.py::test_synthetic_plot_functions_rerun_without_real_fem
  /tmp/particle82_upstream_regression_20260921/particle_3d/scripts/generate_particle1_report.py:54: UserWarning: Glyph 20877 (\N{CJK UNIFIED IDEOGRAPH-518D}) missing from font(s) DejaVu Sans.
    fig.savefig(FIGURES/name,bbox_inches='tight'); plt.close(fig)

tests/particle1/test_particle1_plot_generation.py::test_synthetic_plot_functions_rerun_without_real_fem
  /tmp/particle82_upstream_regression_20260921/particle_3d/scripts/generate_particle1_report.py:54: UserWarning: Glyph 31227 (\N{CJK UNIFIED IDEOGRAPH-79FB}) missing from font(s) DejaVu Sans.
    fig.savefig(FIGURES/name,bbox_inches='tight'); plt.close(fig)

tests/particle1/test_particle1_plot_generation.py::test_synthetic_plot_functions_rerun_without_real_fem
  /tmp/particle82_upstream_regression_20260921/particle_3d/scripts/generate_particle1_report.py:54: UserWarning: Glyph 21160 (\N{CJK UNIFIED IDEOGRAPH-52A8}) missing from font(s) DejaVu Sans.
    fig.savefig(FIGURES/name,bbox_inches='tight'); plt.close(fig)

tests/particle1/test_particle1_plot_generation.py::test_synthetic_plot_functions_rerun_without_real_fem
  /tmp/particle82_upstream_regression_20260921/particle_3d/scripts/generate_particle1_report.py:54: UserWarning: Glyph 20173 (\N{CJK UNIFIED IDEOGRAPH-4ECD}) missing from font(s) DejaVu Sans.
    fig.savefig(FIGURES/name,bbox_inches='tight'); plt.close(fig)

tests/particle1/test_particle1_plot_generation.py::test_synthetic_plot_functions_rerun_without_real_fem
  /tmp/particle82_upstream_regression_20260921/particle_3d/scripts/generate_particle1_report.py:54: UserWarning: Glyph 26159 (\N{CJK UNIFIED IDEOGRAPH-662F}) missing from font(s) DejaVu Sans.
    fig.savefig(FIGURES/name,bbox_inches='tight'); plt.close(fig)

tests/particle1/test_particle1_plot_generation.py::test_synthetic_plot_functions_rerun_without_real_fem
  /tmp/particle82_upstream_regression_20260921/particle_3d/scripts/generate_particle1_report.py:54: UserWarning: Glyph 26174 (\N{CJK UNIFIED IDEOGRAPH-663E}) missing from font(s) DejaVu Sans.
    fig.savefig(FIGURES/name,bbox_inches='tight'); plt.close(fig)

tests/particle1/test_particle1_plot_generation.py::test_synthetic_plot_functions_rerun_without_real_fem
  /tmp/particle82_upstream_regression_20260921/particle_3d/scripts/generate_particle1_report.py:54: UserWarning: Glyph 24335 (\N{CJK UNIFIED IDEOGRAPH-5F0F}) missing from font(s) DejaVu Sans.
    fig.savefig(FIGURES/name,bbox_inches='tight'); plt.close(fig)

tests/particle1/test_particle1_plot_generation.py::test_synthetic_plot_functions_rerun_without_real_fem
  /tmp/particle82_upstream_regression_20260921/particle_3d/scripts/generate_particle1_report.py:54: UserWarning: Glyph 36755 (\N{CJK UNIFIED IDEOGRAPH-8F93}) missing from font(s) DejaVu Sans.
    fig.savefig(FIGURES/name,bbox_inches='tight'); plt.close(fig)

tests/particle1/test_particle1_plot_generation.py::test_synthetic_plot_functions_rerun_without_real_fem
  /tmp/particle82_upstream_regression_20260921/particle_3d/scripts/generate_particle1_report.py:54: UserWarning: Glyph 20837 (\N{CJK UNIFIED IDEOGRAPH-5165}) missing from font(s) DejaVu Sans.
    fig.savefig(FIGURES/name,bbox_inches='tight'); plt.close(fig)

tests/particle1/test_particle1_plot_generation.py::test_synthetic_plot_functions_rerun_without_real_fem
  /tmp/particle82_upstream_regression_20260921/particle_3d/scripts/generate_particle1_report.py:54: UserWarning: Glyph 25345 (\N{CJK UNIFIED IDEOGRAPH-6301}) missing from font(s) DejaVu Sans.
    fig.savefig(FIGURES/name,bbox_inches='tight'); plt.close(fig)

tests/particle1/test_particle1_plot_generation.py::test_synthetic_plot_functions_rerun_without_real_fem
  /tmp/particle82_upstream_regression_20260921/particle_3d/scripts/generate_particle1_report.py:54: UserWarning: Glyph 21464 (\N{CJK UNIFIED IDEOGRAPH-53D8}) missing from font(s) DejaVu Sans.
    fig.savefig(FIGURES/name,bbox_inches='tight'); plt.close(fig)

tests/particle1/test_particle1_plot_generation.py::test_synthetic_plot_functions_rerun_without_real_fem
  /tmp/particle82_upstream_regression_20260921/particle_3d/scripts/generate_particle1_report.py:54: UserWarning: Glyph 36820 (\N{CJK UNIFIED IDEOGRAPH-8FD4}) missing from font(s) DejaVu Sans.
    fig.savefig(FIGURES/name,bbox_inches='tight'); plt.close(fig)

tests/particle1/test_particle1_plot_generation.py::test_synthetic_plot_functions_rerun_without_real_fem
  /tmp/particle82_upstream_regression_20260921/particle_3d/scripts/generate_particle1_report.py:54: UserWarning: Glyph 22238 (\N{CJK UNIFIED IDEOGRAPH-56DE}) missing from font(s) DejaVu Sans.
    fig.savefig(FIGURES/name,bbox_inches='tight'); plt.close(fig)

tests/particle1/test_particle1_plot_generation.py::test_synthetic_plot_functions_rerun_without_real_fem
  /tmp/particle82_upstream_regression_20260921/particle_3d/scripts/generate_particle1_report.py:54: UserWarning: Glyph 29420 (\N{CJK UNIFIED IDEOGRAPH-72EC}) missing from font(s) DejaVu Sans.
    fig.savefig(FIGURES/name,bbox_inches='tight'); plt.close(fig)

tests/particle1/test_particle1_plot_generation.py::test_synthetic_plot_functions_rerun_without_real_fem
  /tmp/particle82_upstream_regression_20260921/particle_3d/scripts/generate_particle1_report.py:54: UserWarning: Glyph 31435 (\N{CJK UNIFIED IDEOGRAPH-7ACB}) missing from font(s) DejaVu Sans.
    fig.savefig(FIGURES/name,bbox_inches='tight'); plt.close(fig)

tests/particle1/test_particle1_plot_generation.py::test_synthetic_plot_functions_rerun_without_real_fem
  /tmp/particle82_upstream_regression_20260921/particle_3d/scripts/generate_particle1_report.py:54: UserWarning: Glyph 27809 (\N{CJK UNIFIED IDEOGRAPH-6CA1}) missing from font(s) DejaVu Sans.
    fig.savefig(FIGURES/name,bbox_inches='tight'); plt.close(fig)

tests/particle1/test_particle1_plot_generation.py::test_synthetic_plot_functions_rerun_without_real_fem
  /tmp/particle82_upstream_regression_20260921/particle_3d/scripts/generate_particle1_report.py:54: UserWarning: Glyph 26377 (\N{CJK UNIFIED IDEOGRAPH-6709}) missing from font(s) DejaVu Sans.
    fig.savefig(FIGURES/name,bbox_inches='tight'); plt.close(fig)

tests/particle1/test_particle1_plot_generation.py::test_synthetic_plot_functions_rerun_without_real_fem
  /tmp/particle82_upstream_regression_20260921/particle_3d/scripts/generate_particle1_report.py:54: UserWarning: Glyph 36136 (\N{CJK UNIFIED IDEOGRAPH-8D28}) missing from font(s) DejaVu Sans.
    fig.savefig(FIGURES/name,bbox_inches='tight'); plt.close(fig)

tests/particle1/test_particle1_plot_generation.py::test_synthetic_plot_functions_rerun_without_real_fem
  /tmp/particle82_upstream_regression_20260921/particle_3d/scripts/generate_particle1_report.py:54: UserWarning: Glyph 37327 (\N{CJK UNIFIED IDEOGRAPH-91CF}) missing from font(s) DejaVu Sans.
    fig.savefig(FIGURES/name,bbox_inches='tight'); plt.close(fig)

tests/particle1/test_particle1_plot_generation.py::test_synthetic_plot_functions_rerun_without_real_fem
  /tmp/particle82_upstream_regression_20260921/particle_3d/scripts/generate_particle1_report.py:54: UserWarning: Glyph 12289 (\N{IDEOGRAPHIC COMMA}) missing from font(s) DejaVu Sans.
    fig.savefig(FIGURES/name,bbox_inches='tight'); plt.close(fig)

tests/particle1/test_particle1_plot_generation.py::test_synthetic_plot_functions_rerun_without_real_fem
  /tmp/particle82_upstream_regression_20260921/particle_3d/scripts/generate_particle1_report.py:54: UserWarning: Glyph 21152 (\N{CJK UNIFIED IDEOGRAPH-52A0}) missing from font(s) DejaVu Sans.
    fig.savefig(FIGURES/name,bbox_inches='tight'); plt.close(fig)

tests/particle1/test_particle1_plot_generation.py::test_synthetic_plot_functions_rerun_without_real_fem
  /tmp/particle82_upstream_regression_20260921/particle_3d/scripts/generate_particle1_report.py:54: UserWarning: Glyph 25110 (\N{CJK UNIFIED IDEOGRAPH-6216}) missing from font(s) DejaVu Sans.
    fig.savefig(FIGURES/name,bbox_inches='tight'); plt.close(fig)

tests/particle1/test_particle1_plot_generation.py::test_synthetic_plot_functions_rerun_without_real_fem
  /tmp/particle82_upstream_regression_20260921/particle_3d/scripts/generate_particle1_report.py:54: UserWarning: Glyph 24815 (\N{CJK UNIFIED IDEOGRAPH-60EF}) missing from font(s) DejaVu Sans.
    fig.savefig(FIGURES/name,bbox_inches='tight'); plt.close(fig)

tests/particle1/test_particle1_plot_generation.py::test_synthetic_plot_functions_rerun_without_real_fem
  /tmp/particle82_upstream_regression_20260921/particle_3d/scripts/generate_particle1_report.py:54: UserWarning: Glyph 24615 (\N{CJK UNIFIED IDEOGRAPH-6027}) missing from font(s) DejaVu Sans.
    fig.savefig(FIGURES/name,bbox_inches='tight'); plt.close(fig)

tests/particle1/test_particle1_plot_generation.py::test_synthetic_plot_functions_rerun_without_real_fem
  /tmp/particle82_upstream_regression_20260921/particle_3d/scripts/generate_particle1_report.py:54: UserWarning: Glyph 31215 (\N{CJK UNIFIED IDEOGRAPH-79EF}) missing from font(s) DejaVu Sans.
    fig.savefig(FIGURES/name,bbox_inches='tight'); plt.close(fig)

tests/particle1/test_particle1_plot_generation.py::test_synthetic_plot_functions_rerun_without_real_fem
  /tmp/particle82_upstream_regression_20260921/particle_3d/scripts/generate_particle1_report.py:54: UserWarning: Glyph 20998 (\N{CJK UNIFIED IDEOGRAPH-5206}) missing from font(s) DejaVu Sans.
    fig.savefig(FIGURES/name,bbox_inches='tight'); plt.close(fig)

-- Docs: https://docs.pytest.org/en/stable/how-to/capture-warnings.html
=========================== short test summary info ============================
FAILED particle_3d/tests/particle6_5/test_particle6_dependency_locked.py::test_dependency
FAILED particle_3d/tests/particle7/test_injection_restart_sequence.py::test_binary_exact
FAILED particle_3d/tests/particle7/test_particle6_5_dependency_locked.py::test_locked
FAILED particle_3d/tests/particle7/test_pending_queue_restart.py::test_pending_exact
FAILED particle_3d/tests/particle7/test_pending_queue_restart.py::test_restart_rejects_changed_inlet_model
FAILED particle_3d/tests/particle8/test_visual_outputs.py::test_keyframe_reproduces_exact_pixels
ERROR particle_3d/tests/particle6_5/test_particle6_5_bridge_parity.py::test_actual_lammps_storage_neighbors_and_solver
ERROR particle_3d/tests/particle6_5/test_particle6_5_bridge_parity.py::test_actual_binary_restart_continues
6 failed, 256 passed, 73 warnings, 2 errors in 81.35s (0:01:21)
