{"macro_step": 0, "represented_cycles": 0, "mean_damage": 0.0, "broken_bond_fraction": 0.0, "detached_volume_fraction": 0.0, "detached_components": 0, "cleared_volume_fraction": 0.0, "maximum_fragment_travel_m": 0.0, "rank_counts": [0, 0, 0, 360]}
{"macro_step": 1, "represented_cycles": 1000, "mean_damage": 0.0273089996104598, "broken_bond_fraction": 0.001747141041931385, "detached_volume_fraction": 0.0, "detached_components": 0, "cleared_volume_fraction": 0.0, "maximum_fragment_travel_m": 0.0, "rank_counts": [0, 0, 0, 360]}
{"macro_step": 2, "represented_cycles": 2000, "mean_damage": 0.07386199979609313, "broken_bond_fraction": 0.028113087674714106, "detached_volume_fraction": 0.0, "detached_components": 0, "cleared_volume_fraction": 0.0, "maximum_fragment_travel_m": 0.0, "rank_counts": [0, 0, 0, 360]}
{"macro_step": 3, "represented_cycles": 3000, "mean_damage": 0.18458360162696463, "broken_bond_fraction": 0.1383418043202033, "detached_volume_fraction": 0.0, "detached_components": 0, "cleared_volume_fraction": 0.0, "maximum_fragment_travel_m": 0.0, "rank_counts": [0, 0, 0, 360]}
{"macro_step": 4, "represented_cycles": 4000, "mean_damage": 0.32643644635808183, "broken_bond_fraction": 0.2911372299872935, "detached_volume_fraction": 0.0, "detached_components": 0, "cleared_volume_fraction": 0.0, "maximum_fragment_travel_m": 0.0, "rank_counts": [0, 0, 0, 360]}
{"macro_step": 5, "represented_cycles": 5000, "mean_damage": 0.4293795609447251, "broken_bond_fraction": 0.39898348157560354, "detached_volume_fraction": 0.0, "detached_components": 0, "cleared_volume_fraction": 0.0, "maximum_fragment_travel_m": 0.0, "rank_counts": [0, 0, 0, 360]}
{"macro_step": 6, "represented_cycles": 6000, "mean_damage": 0.5437946401053867, "broken_bond_fraction": 0.5262865311308768, "detached_volume_fraction": 0.0, "detached_components": 0, "cleared_volume_fraction": 0.0, "maximum_fragment_travel_m": 0.0, "rank_counts": [0, 0, 0, 360]}
{"macro_step": 7, "represented_cycles": 7000, "mean_damage": 0.6618405191075271, "broken_bond_fraction": 0.6613722998729352, "detached_volume_fraction": 0.04444444444444443, "detached_components": 16, "cleared_volume_fraction": 0.0, "maximum_fragment_travel_m": 0.0, "rank_counts": [16, 12, 6, 326]}
{"macro_step": 8, "represented_cycles": 8000, "mean_damage": 0.7572721189576263, "broken_bond_fraction": 0.7679479034307497, "detached_volume_fraction": 0.21111111111111103, "detached_components": 74, "cleared_volume_fraction": 0.0, "maximum_fragment_travel_m": 0.00019844390173882174, "rank_counts": [72, 16, 10, 262]}
{"macro_step": 9, "represented_cycles": 9000, "mean_damage": 0.8369013213289448, "broken_bond_fraction": 0.8508576874205845, "detached_volume_fraction": 0.4166666666666665, "detached_components": 109, "cleared_volume_fraction": 0.0, "maximum_fragment_travel_m": 0.00042481629747965127, "rank_counts": [108, 14, 20, 218]}
{"macro_step": 10, "represented_cycles": 10000, "mean_damage": 0.8678145740391047, "broken_bond_fraction": 0.883338627700127, "detached_volume_fraction": 0.4666666666666666, "detached_components": 129, "cleared_volume_fraction": 0.005555555555555554, "maximum_fragment_travel_m": 0.0006495419798693804, "rank_counts": [128, 26, 16, 190]}
{"macro_step": 11, "represented_cycles": 11000, "mean_damage": 0.8896156426934269, "broken_bond_fraction": 0.9043837357052097, "detached_volume_fraction": 0.6444444444444445, "detached_components": 158, "cleared_volume_fraction": 0.1555555555555555, "maximum_fragment_travel_m": 0.0008727000149818247, "rank_counts": [156, 18, 20, 166]}
{"macro_step": 12, "represented_cycles": 12000, "mean_damage": 0.8960269644880776, "broken_bond_fraction": 0.9108958068614994, "detached_volume_fraction": 0.65, "detached_components": 162, "cleared_volume_fraction": 0.2555555555555555, "maximum_fragment_travel_m": 0.0010950801912065317, "rank_counts": [160, 22, 30, 148]}
{"macro_step": 13, "represented_cycles": 13000, "mean_damage": 0.9015782671260721, "broken_bond_fraction": 0.9170108005082592, "detached_volume_fraction": 0.6666666666666667, "detached_components": 170, "cleared_volume_fraction": 0.3277777777777777, "maximum_fragment_travel_m": 0.0013172337810334954, "rank_counts": [168, 26, 30, 136]}
{"macro_step": 14, "represented_cycles": 14000, "mean_damage": 0.9066974533527254, "broken_bond_fraction": 0.9228875476493011, "detached_volume_fraction": 0.6833333333333333, "detached_components": 178, "cleared_volume_fraction": 0.37777777777777766, "maximum_fragment_travel_m": 0.0015393530761357431, "rank_counts": [176, 34, 28, 122]}
{"macro_step": 15, "represented_cycles": 15000, "mean_damage": 0.9094932201070378, "broken_bond_fraction": 0.9259847522236341, "detached_volume_fraction": 0.6944444444444444, "detached_components": 185, "cleared_volume_fraction": 0.40555555555555545, "maximum_fragment_travel_m": 0.001761475578032641, "rank_counts": [182, 42, 28, 108]}
{"macro_step": 16, "represented_cycles": 16000, "mean_damage": 0.9113199665499514, "broken_bond_fraction": 0.9278907242693774, "detached_volume_fraction": 0.6999999999999998, "detached_components": 197, "cleared_volume_fraction": 0.4222222222222222, "maximum_fragment_travel_m": 0.001983603883758305, "rank_counts": [194, 38, 24, 104]}
{"macro_step": 17, "represented_cycles": 17000, "mean_damage": 0.9123656271661479, "broken_bond_fraction": 0.928843710292249, "detached_volume_fraction": 0.6999999999999998, "detached_components": 207, "cleared_volume_fraction": 0.44999999999999996, "maximum_fragment_travel_m": 0.0022057365809286657, "rank_counts": [204, 36, 20, 100]}
{"macro_step": 18, "represented_cycles": 18000, "mean_damage": 0.9126283719809856, "broken_bond_fraction": 0.929161372299873, "detached_volume_fraction": 0.7055555555555554, "detached_components": 209, "cleared_volume_fraction": 0.5499999999999999, "maximum_fragment_travel_m": 0.0024278724844152893, "rank_counts": [206, 34, 20, 100]}
{"macro_step": 19, "represented_cycles": 19000, "mean_damage": 0.9126336563557109, "broken_bond_fraction": 0.929161372299873, "detached_volume_fraction": 0.7055555555555554, "detached_components": 209, "cleared_volume_fraction": 0.6000000000000001, "maximum_fragment_travel_m": 0.0026500107886926394, "rank_counts": [206, 34, 20, 100]}
{"macro_step": 20, "represented_cycles": 20000, "mean_damage": 0.9126379561145904, "broken_bond_fraction": 0.929161372299873, "detached_volume_fraction": 0.7055555555555554, "detached_components": 209, "cleared_volume_fraction": 0.6277777777777778, "maximum_fragment_travel_m": 0.0028721509367334447, "rank_counts": [206, 34, 20, 100]}
{"macro_step": 21, "represented_cycles": 21000, "mean_damage": 0.9126420026148923, "broken_bond_fraction": 0.929161372299873, "detached_volume_fraction": 0.7055555555555554, "detached_components": 209, "cleared_volume_fraction": 0.6388888888888888, "maximum_fragment_travel_m": 0.0030942925314451277, "rank_counts": [206, 34, 20, 100]}
{"macro_step": 22, "represented_cycles": 22000, "mean_damage": 0.9128807829405272, "broken_bond_fraction": 0.9294790343074968, "detached_volume_fraction": 0.7055555555555554, "detached_components": 209, "cleared_volume_fraction": 0.65, "maximum_fragment_travel_m": 0.0033164352821248113, "rank_counts": [206, 36, 18, 100]}
{"macro_step": 23, "represented_cycles": 23000, "mean_damage": 0.9128931886493875, "broken_bond_fraction": 0.9294790343074968, "detached_volume_fraction": 0.7055555555555554, "detached_components": 209, "cleared_volume_fraction": 0.6611111111111111, "maximum_fragment_travel_m": 0.003538578971066542, "rank_counts": [206, 36, 18, 100]}
{"macro_step": 24, "represented_cycles": 24000, "mean_damage": 0.9128948583456201, "broken_bond_fraction": 0.9294790343074968, "detached_volume_fraction": 0.7055555555555554, "detached_components": 209, "cleared_volume_fraction": 0.6777777777777778, "maximum_fragment_travel_m": 0.0037607234320025853, "rank_counts": [206, 36, 18, 100]}
Traceback (most recent call last):
  File "<frozen runpy>", line 198, in _run_module_as_main
  File "<frozen runpy>", line 88, in _run_code
  File "/home/lzy/projects/clot_clearance/pd_clot/fragmentation.py", line 173, in <module>
    if __name__=='__main__':main()
                            ~~~~^^
  File "/home/lzy/projects/clot_clearance/pd_clot/fragmentation.py", line 170, in main
    args=parser.parse_args();run(json.loads(args.config.read_text()),args.output)
                             ~~~^^^^^^^^^^^^^^^^^^^^^^^^^^^^^^^^^^^^^^^^^^^^^^^^^
  File "/home/lzy/projects/clot_clearance/pd_clot/fragmentation.py", line 111, in run
    raise FloatingPointError('Configured displacement guard exceeded')
FloatingPointError: Configured displacement guard exceeded
