{"macro_step": 0, "represented_cycles": 0, "mean_damage": 0.0, "broken_bond_fraction": 0.0, "detached_volume_fraction": 0.0, "detached_components": 0, "cleared_volume_fraction": 0.0, "maximum_fragment_travel_m": 0.0, "rank_counts": [0, 0, 0, 360]}
{"macro_step": 1, "represented_cycles": 1000, "mean_damage": 0.0009651700681118175, "broken_bond_fraction": 0.0, "detached_volume_fraction": 0.0, "detached_components": 0, "cleared_volume_fraction": 0.0, "maximum_fragment_travel_m": 0.0, "rank_counts": [0, 0, 0, 360]}
{"macro_step": 2, "represented_cycles": 2000, "mean_damage": 0.0019430834785328169, "broken_bond_fraction": 0.0, "detached_volume_fraction": 0.0, "detached_components": 0, "cleared_volume_fraction": 0.0, "maximum_fragment_travel_m": 0.0, "rank_counts": [0, 0, 0, 360]}
{"macro_step": 3, "represented_cycles": 3000, "mean_damage": 0.0029236514953541373, "broken_bond_fraction": 0.0, "detached_volume_fraction": 0.0, "detached_components": 0, "cleared_volume_fraction": 0.0, "maximum_fragment_travel_m": 0.0, "rank_counts": [0, 0, 0, 360]}
{"macro_step": 4, "represented_cycles": 4000, "mean_damage": 0.003906452404115442, "broken_bond_fraction": 0.0, "detached_volume_fraction": 0.0, "detached_components": 0, "cleared_volume_fraction": 0.0, "maximum_fragment_travel_m": 0.0, "rank_counts": [0, 0, 0, 360]}
{"macro_step": 5, "represented_cycles": 5000, "mean_damage": 0.0048915552893086, "broken_bond_fraction": 0.0, "detached_volume_fraction": 0.0, "detached_components": 0, "cleared_volume_fraction": 0.0, "maximum_fragment_travel_m": 0.0, "rank_counts": [0, 0, 0, 360]}
{"macro_step": 6, "represented_cycles": 6000, "mean_damage": 0.005878997182197593, "broken_bond_fraction": 0.0, "detached_volume_fraction": 0.0, "detached_components": 0, "cleared_volume_fraction": 0.0, "maximum_fragment_travel_m": 0.0, "rank_counts": [0, 0, 0, 360]}
{"macro_step": 7, "represented_cycles": 7000, "mean_damage": 0.006868817426121099, "broken_bond_fraction": 0.0, "detached_volume_fraction": 0.0, "detached_components": 0, "cleared_volume_fraction": 0.0, "maximum_fragment_travel_m": 0.0, "rank_counts": [0, 0, 0, 360]}
{"macro_step": 8, "represented_cycles": 8000, "mean_damage": 0.007861056589963673, "broken_bond_fraction": 0.0, "detached_volume_fraction": 0.0, "detached_components": 0, "cleared_volume_fraction": 0.0, "maximum_fragment_travel_m": 0.0, "rank_counts": [0, 0, 0, 360]}
{"macro_step": 9, "represented_cycles": 9000, "mean_damage": 0.008855756358024823, "broken_bond_fraction": 0.0, "detached_volume_fraction": 0.0, "detached_components": 0, "cleared_volume_fraction": 0.0, "maximum_fragment_travel_m": 0.0, "rank_counts": [0, 0, 0, 360]}
{"macro_step": 10, "represented_cycles": 10000, "mean_damage": 0.009852959616415056, "broken_bond_fraction": 0.0, "detached_volume_fraction": 0.0, "detached_components": 0, "cleared_volume_fraction": 0.0, "maximum_fragment_travel_m": 0.0, "rank_counts": [0, 0, 0, 360]}
{"macro_step": 11, "represented_cycles": 11000, "mean_damage": 0.010852710591089386, "broken_bond_fraction": 0.0, "detached_volume_fraction": 0.0, "detached_components": 0, "cleared_volume_fraction": 0.0, "maximum_fragment_travel_m": 0.0, "rank_counts": [0, 0, 0, 360]}
{"macro_step": 12, "represented_cycles": 12000, "mean_damage": 0.011855054724244554, "broken_bond_fraction": 0.0, "detached_volume_fraction": 0.0, "detached_components": 0, "cleared_volume_fraction": 0.0, "maximum_fragment_travel_m": 0.0, "rank_counts": [0, 0, 0, 360]}
{"macro_step": 13, "represented_cycles": 13000, "mean_damage": 0.01286003901375597, "broken_bond_fraction": 0.0, "detached_volume_fraction": 0.0, "detached_components": 0, "cleared_volume_fraction": 0.0, "maximum_fragment_travel_m": 0.0, "rank_counts": [0, 0, 0, 360]}
{"macro_step": 14, "represented_cycles": 14000, "mean_damage": 0.013867712001139811, "broken_bond_fraction": 0.0, "detached_volume_fraction": 0.0, "detached_components": 0, "cleared_volume_fraction": 0.0, "maximum_fragment_travel_m": 0.0, "rank_counts": [0, 0, 0, 360]}
{"macro_step": 15, "represented_cycles": 15000, "mean_damage": 0.014878123816828983, "broken_bond_fraction": 0.0, "detached_volume_fraction": 0.0, "detached_components": 0, "cleared_volume_fraction": 0.0, "maximum_fragment_travel_m": 0.0, "rank_counts": [0, 0, 0, 360]}
{"macro_step": 16, "represented_cycles": 16000, "mean_damage": 0.015891326175616626, "broken_bond_fraction": 0.0, "detached_volume_fraction": 0.0, "detached_components": 0, "cleared_volume_fraction": 0.0, "maximum_fragment_travel_m": 0.0, "rank_counts": [0, 0, 0, 360]}
{"macro_step": 17, "represented_cycles": 17000, "mean_damage": 0.016907372710398633, "broken_bond_fraction": 0.0, "detached_volume_fraction": 0.0, "detached_components": 0, "cleared_volume_fraction": 0.0, "maximum_fragment_travel_m": 0.0, "rank_counts": [0, 0, 0, 360]}
{"macro_step": 18, "represented_cycles": 18000, "mean_damage": 0.01792631870537602, "broken_bond_fraction": 0.0, "detached_volume_fraction": 0.0, "detached_components": 0, "cleared_volume_fraction": 0.0, "maximum_fragment_travel_m": 0.0, "rank_counts": [0, 0, 0, 360]}
{"macro_step": 19, "represented_cycles": 19000, "mean_damage": 0.018948221513845724, "broken_bond_fraction": 0.0, "detached_volume_fraction": 0.0, "detached_components": 0, "cleared_volume_fraction": 0.0, "maximum_fragment_travel_m": 0.0, "rank_counts": [0, 0, 0, 360]}
{"macro_step": 20, "represented_cycles": 20000, "mean_damage": 0.020141992567907056, "broken_bond_fraction": 0.0003176620076238882, "detached_volume_fraction": 0.0, "detached_components": 0, "cleared_volume_fraction": 0.0, "maximum_fragment_travel_m": 0.0, "rank_counts": [0, 0, 0, 360]}
{"macro_step": 21, "represented_cycles": 21000, "mean_damage": 0.021172385867241815, "broken_bond_fraction": 0.0003176620076238882, "detached_volume_fraction": 0.0, "detached_components": 0, "cleared_volume_fraction": 0.0, "maximum_fragment_travel_m": 0.0, "rank_counts": [0, 0, 0, 360]}
{"macro_step": 22, "represented_cycles": 22000, "mean_damage": 0.022205738610324932, "broken_bond_fraction": 0.0003176620076238882, "detached_volume_fraction": 0.0, "detached_components": 0, "cleared_volume_fraction": 0.0, "maximum_fragment_travel_m": 0.0, "rank_counts": [0, 0, 0, 360]}
{"macro_step": 23, "represented_cycles": 23000, "mean_damage": 0.023326732774392775, "broken_bond_fraction": 0.0004764930114358323, "detached_volume_fraction": 0.0, "detached_components": 0, "cleared_volume_fraction": 0.0, "maximum_fragment_travel_m": 0.0, "rank_counts": [0, 0, 0, 360]}
{"macro_step": 24, "represented_cycles": 24000, "mean_damage": 0.024536761244578317, "broken_bond_fraction": 0.0007941550190597204, "detached_volume_fraction": 0.0, "detached_components": 0, "cleared_volume_fraction": 0.0, "maximum_fragment_travel_m": 0.0, "rank_counts": [0, 0, 0, 360]}
{"macro_step": 25, "represented_cycles": 25000, "mean_damage": 0.025661847775597716, "broken_bond_fraction": 0.0009529860228716646, "detached_volume_fraction": 0.0, "detached_components": 0, "cleared_volume_fraction": 0.0, "maximum_fragment_travel_m": 0.0, "rank_counts": [0, 0, 0, 360]}
{"macro_step": 26, "represented_cycles": 26000, "mean_damage": 0.026885425328941448, "broken_bond_fraction": 0.0012706480304955528, "detached_volume_fraction": 0.0, "detached_components": 0, "cleared_volume_fraction": 0.0, "maximum_fragment_travel_m": 0.0, "rank_counts": [0, 0, 0, 360]}
{"macro_step": 27, "represented_cycles": 27000, "mean_damage": 0.028031003280159665, "broken_bond_fraction": 0.0014294790343074967, "detached_volume_fraction": 0.0, "detached_components": 0, "cleared_volume_fraction": 0.0, "maximum_fragment_travel_m": 0.0, "rank_counts": [0, 0, 0, 360]}
{"macro_step": 28, "represented_cycles": 28000, "mean_damage": 0.029268021469026767, "broken_bond_fraction": 0.001747141041931385, "detached_volume_fraction": 0.0, "detached_components": 0, "cleared_volume_fraction": 0.0, "maximum_fragment_travel_m": 0.0, "rank_counts": [0, 0, 0, 360]}
{"macro_step": 29, "represented_cycles": 29000, "mean_damage": 0.030594041611972312, "broken_bond_fraction": 0.002064803049555273, "detached_volume_fraction": 0.0, "detached_components": 0, "cleared_volume_fraction": 0.0, "maximum_fragment_travel_m": 0.0, "rank_counts": [0, 0, 0, 360]}
{"macro_step": 30, "represented_cycles": 30000, "mean_damage": 0.03204402862277123, "broken_bond_fraction": 0.0027001270648030497, "detached_volume_fraction": 0.0, "detached_components": 0, "cleared_volume_fraction": 0.0, "maximum_fragment_travel_m": 0.0, "rank_counts": [0, 0, 0, 360]}
{"macro_step": 31, "represented_cycles": 31000, "mean_damage": 0.03339657443602518, "broken_bond_fraction": 0.0031766200762388818, "detached_volume_fraction": 0.0, "detached_components": 0, "cleared_volume_fraction": 0.0, "maximum_fragment_travel_m": 0.0, "rank_counts": [0, 0, 0, 360]}
{"macro_step": 32, "represented_cycles": 32000, "mean_damage": 0.034796113175674666, "broken_bond_fraction": 0.003653113087674714, "detached_volume_fraction": 0.0, "detached_components": 0, "cleared_volume_fraction": 0.0, "maximum_fragment_travel_m": 0.0, "rank_counts": [0, 0, 0, 360]}
{"macro_step": 33, "represented_cycles": 33000, "mean_damage": 0.036124984626938424, "broken_bond_fraction": 0.004129606099110546, "detached_volume_fraction": 0.0, "detached_components": 0, "cleared_volume_fraction": 0.0, "maximum_fragment_travel_m": 0.0, "rank_counts": [0, 0, 0, 360]}
{"macro_step": 34, "represented_cycles": 34000, "mean_damage": 0.03759989108314865, "broken_bond_fraction": 0.004764930114358323, "detached_volume_fraction": 0.0, "detached_components": 0, "cleared_volume_fraction": 0.0, "maximum_fragment_travel_m": 0.0, "rank_counts": [0, 0, 0, 360]}
{"macro_step": 35, "represented_cycles": 35000, "mean_damage": 0.03914834964035715, "broken_bond_fraction": 0.0054002541296060995, "detached_volume_fraction": 0.0, "detached_components": 0, "cleared_volume_fraction": 0.0, "maximum_fragment_travel_m": 0.0, "rank_counts": [0, 0, 0, 360]}
