{
  "run": "/home/lzy/projects/clot_clearance/runs/fragmentation_pilot_003",
  "frame_count": 26,
  "fps": 12,
  "repeats_per_saved_state": 6,
  "movie_seconds": 13.0,
  "selected_event_frame_indices": [
    0,
    2,
    11,
    25
  ],
  "camera": {
    "elevation_deg": 22,
    "azimuth_deg": -68,
    "xlim_mm": [
      -0.8,
      3.4534850054724227
    ],
    "ylim_mm": [
      -0.55,
      0.55
    ],
    "zlim_mm": [
      -1.2,
      0.0
    ]
  },
  "displacement_scale": 1,
  "equal_axis_units": true,
  "active_bond_display": "spanning forest of ALL active graph components",
  "recent_broken_display": "deterministic sample up to 350 per macro",
  "particle_display": "all particles; no culling or deletion",
  "damage_color_range": [
    0,
    1
  ]
}
