 Starting up Musubi with nprocs:            4

 .___  ___.  __    __       _______. __    __  .______    __  
 |   \/   | |  |  |  |     /       ||  |  |  | |   _  \  |  | 
 |  \  /  | |  |  |  |    |   (----`|  |  |  | |  |_)  | |  | 
 |  |\/|  | |  |  |  |     \   \    |  |  |  | |   _  <  |  | 
 |  |  |  | |  `--'  | .----)   |   |  `--'  | |  |_)  | |  | 
 |__|  |__|  \______/  |_______/     \______/  |______/  |_v2.0.0-4-g4e8b27

 (C) 2012 German Research School for Simulation Sciences
 (C) 2013-2020 University Siegen
 (C) 2021 German Aerospace Center (DLR) -
          Institute of Software Methods for Product Virtualization
 
--------------------------------------------------------------------------------
 | INFORMATION ON THE EXECUTABLE
 | Revision of the code in this executable: 81f8c4f13772+
 |
 | Compiled with GFORTRAN in version 13.4.0
 | Using the command /home/lzy/.local/bin/mpif90
 | And the following flags:
 | -O3 -march=native -Wall -Wno-maybe-uninitialized -Werror -Wno-unused-dum
 | my-argument -fmax-stack-var-size=131072 -std=f2008 -pedantic-errors -O3
 | -march=native -Wall -Wno-maybe-uninitialized -Werror
 |
 | Build date: 2026-09-01
--------------------------------------------------------------------------------
--------------------------------------------------------------------------------
 | PRE-PROCESSING SETTINGS:
 | Using AOS (array of structures data layout)
 | Using PULL for streaming
--------------------------------------------------------------------------------

Run at: 2026-09-01 22:44 UTC+02:00

 Loading configuration file: musubi.lua
--------------------------------------------------------------------------------
--------------------------------------------------------------------------------
--------------------------------------------------------------------------------
Loading general parameters:
Using /dev/null as null device.
Will print run time info in the end
(/proc/self/status).
Size of the IO Buffer (MB): 8
Simulation Name: tau1_reference_scaled_fine_pref_fix_forensic
 +-------------------------------------------+
  - Now:
  iterations:            0
  simTime   :    0.0000000000000000     
  wallClock :    1.9725350000000001E-003
 
  - Time Control:
 +-------------------------------------------+
Iterations between trigger checks: 1
  - Min:
  iterations:            0
  simTime   :    0.0000000000000000     
 
  - Max:
  iterations:         5001
 
  - Interval:
  iterations:            1
 +-------------------------------------------+
 
  - Abort Criteria:
  stop_file: /home/lzy/u3da/tau1_reference_scaled_cbf_20260901/fine_pref_fix_forensic/stop
  steady_state:  F
 
  - Status:
 +-------------------------------------------+
 Using global alltoall
 Loading communication pattern:
 isend_irecv
Write timings to: tracking/timing.res
--------------------------------------------------------------------------------
 Loading general solver params: 
 Choosing Control Routine: standard
 Setting SCALING to:diffusive
Solid elements will be removed from BC list
Block size (elements): 576
--------------------------------------------------------------------------------
--------------------------------------------------------------------------------
 Loading restart ...
 *****************************
 Restart read parameters: 
   filename : /home/lzy/u3da/tau1_reference_scaled_cbf_20260901/fine/restart/tau1_reference_scaled_fine_header_5000.lua
 Opening Restart Header /home/lzy/u3da/tau1_reference_scaled_cbf_20260901/fine/restart/tau1_reference_scaled_fine_header_5000.lua
 Solver: Musubi_v2.0.0-4-g4e8b27
--------------------------------------------------------------------------------
 Load mesh header from file: /mnt/e/ULM/hatimb-particle_flow_simulator/ulm_3D_vascular/outputs/cfd_flow/healthy_mouse_capillary_tau1_reference_scaled_grid_convergence_anchor003274_20260901/fine/seeder/mesh/header.lua
 The real bounding cube is...
   min:    8.0390463886726904E-005   5.5922513270691531E-005   1.1159101432548387E-004
   max:    1.7839046388672689E-004   1.5453789788607615E-004   1.6712947586394541E-004
 Load mesh from file: /mnt/e/ULM/hatimb-particle_flow_simulator/ulm_3D_vascular/outputs/cfd_flow/healthy_mouse_capillary_tau1_reference_scaled_grid_convergence_anchor003274_20260901/fine/seeder/mesh/elemlist.lsb
 using one process to read and broadcast
 Done, reading the mesh!
 NO BALANCING!
 Done loading weights.
 Got a mesh with following properties:
                 Mesh name: fluidTree
  Total number of elements: 400949
  Local number of elements: 100238
      Number of properties: 2
      Number of partitions: 4
             Minimum level: 10
             Maximum level: 10
       Bounding Box Origin:     0.0001    0.0001    0.0001
       Bounding Box Length:     0.0002
     Coarsest element size:     0.0000
       Finest element size:     0.0000
  Number of boundary elements: 34979
      Number of qVal elements: 34801
--------------------------------------------------------------------------------
 Restarting from point in time:
  iterations:         5000
  simTime   :    6.0317632653556086E-006
  wallClock :    244.27075745600001     
 Loading varsys table 
 Syshandle            1
 *****************************
 
 *****************************
 Restart write parameters: 
   prefix   : /home/lzy/u3da/tau1_reference_scaled_cbf_20260901/fine_pref_fix_forensic/restart/
 +-------------------------------------------+
Iterations between trigger checks: 1
  - Min:
  iterations:         5001
 
  - Max:
  iterations:         5001
 
  - Interval:
  iterations:            1
 +-------------------------------------------+
 *****************************
 
--------------------------------------------------------------------------------
 Load boundary ID from file: /mnt/e/ULM/hatimb-particle_flow_simulator/ulm_3D_vascular/outputs/cfd_flow/healthy_mouse_capillary_tau1_reference_scaled_grid_convergence_anchor003274_20260901/fine/seeder/mesh/bnd.lsb
 read with MPI
Loading qVal data from directory: /mnt/e/ULM/hatimb-particle_flow_simulator/ulm_3D_vascular/outputs/cfd_flow/healthy_mouse_capillary_tau1_reference_scaled_grid_convergence_anchor003274_20260901/fine/seeder/mesh/
 Load hasQVal from file: /mnt/e/ULM/hatimb-particle_flow_simulator/ulm_3D_vascular/outputs/cfd_flow/healthy_mouse_capillary_tau1_reference_scaled_grid_convergence_anchor003274_20260901/fine/seeder/mesh/qval.lsb
 Done, reading the qVal!
 No IBM found!
--------------------------------------------------------------------------------
Lattice dx and dt on each level
level=10, dxL=   1.00000, dtL=   1.00000
--------------------------------------------------------------------------------
--------------------------------------------------------------------------------
  Loading physics table ...
  Physics table is defined.
  All values are expressed in physical units.
 Speed of sound (cs) is not defined.
 Attempting to load time step dt on coarsest level:
   cs =   73.629E+00
   dt =    1.206E-09
 WARNING: No value given for coulomb0
 WARNING: Reference coulomb0 is not found. 
 Setting reference coulomb0 to fundamental electrical charge.
Reference physical quantities:
  rho0       =    1.056E+03
  mass0      =    3.845E-18
  mole0      =    1.661E-24
  moleDens0  =  456.025E-06
  molWeight0 =    2.316E+06
  Temp0      =    1.000E+00
  coulomb0   =  160.218E-21
Conversion factors on level: 10
  dx            =  153.846E-09
  dt            =    1.206E-09
  pressure      =   17.175E+06
  velocity      =  127.530E+00
  kine. visc.   =   19.620E-06
  dyn. visc.    =   20.719E-03
  acceleration  =  105.715E+09
  force         =  406.501E-09
  body force    =  111.635E+12
  strain rate   =  828.945E+06
  energy        =   62.539E-15
  moleFlux      =   58.157E-03
  chargeDens    =   44.000E+00
  currentDens   =    5.611E+03
  massflux      =  134.672E+03
  diffusivity   =   19.620E-06
  faraday       =   96.485E+03
  gasConst      =   37.662E+09
  potential     =  390.336E+03

Over level scale factor: 
    pressure:    1.000E+00
    velocity:    1.000E+00
 strain rate:    1.000E+00
--------------------------------------------------------------------------------
--------------------------------------------------------------------------------
Loading Scheme identify table: 
kind: fluid
Layout: d3q19
relaxation: bgk
  variant: standard
--------------------------------------------------------------------------------
 Creating stencil kind: d3q19
--------------------------------------------------------------------------------
 Loading the field base info ...
 No field table defined.
 Assuming single field and label = "".
--------------------------------------------------------------------------------
 Initializing global variable system for scheme kind: fluid
 Appending state variables 
--------------------------------------------------------------------------------
Interpolation:
  method: quadratic
   order:  2
  weights_method: linear_distance
  inverse distance powefac:  6
--------------------------------------------------------------------------------
 No possible transport variable defined for scheme kind: fluid
--------------------------------------------------------------------------------
 Loading the fields ...
 Number of fields to load:            1
 No field table and scheme table are defined.Loading field data from config
 Loading field: 
 Loading the fluid properties.
 Loading fluid informations
 loading space time function from key: kinematic_viscosity
 Spacetime function is a const value:    3.2700000000000000E-006
 St-fun is not a table, thus setting global shape.
 No nonNewtonian table defined
 No turbulence table defined
--------------------------------------------------------------------------------
--------------------------------------------------------------------------------
  Loading initial conditions
Loading spatial for pressure
 Load spatial as single constant
   Spatial for pressure is a defined as const
value =    5.725E+06
Loading spatial for velocityX
 Load spatial as single constant
   Spatial for velocityX is a defined as const
value =    0.000E+00
Loading spatial for velocityY
 Load spatial as single constant
   Spatial for velocityY is a defined as const
value =    0.000E+00
Loading spatial for velocityZ
 Load spatial as single constant
   Spatial for velocityZ is a defined as const
value =    0.000E+00
Loading spatial for Sxx
 Load spatial as single constant
 ERROR: Fatal error occured in loading scalar constants
 WARNING: variable is non-existent!
 Setting kind to be "none" and value =    0.000E+00 for all 1 components
   Spatial for Sxx is a defined as none
Loading spatial for Syy
 Load spatial as single constant
 ERROR: Fatal error occured in loading scalar constants
 WARNING: variable is non-existent!
 Setting kind to be "none" and value =    0.000E+00 for all 1 components
   Spatial for Syy is a defined as none
Loading spatial for Szz
 Load spatial as single constant
 ERROR: Fatal error occured in loading scalar constants
 WARNING: variable is non-existent!
 Setting kind to be "none" and value =    0.000E+00 for all 1 components
   Spatial for Szz is a defined as none
Loading spatial for Sxy
 Load spatial as single constant
 ERROR: Fatal error occured in loading scalar constants
 WARNING: variable is non-existent!
 Setting kind to be "none" and value =    0.000E+00 for all 1 components
   Spatial for Sxy is a defined as none
Loading spatial for Syz
 Load spatial as single constant
 ERROR: Fatal error occured in loading scalar constants
 WARNING: variable is non-existent!
 Setting kind to be "none" and value =    0.000E+00 for all 1 components
   Spatial for Syz is a defined as none
Loading spatial for Sxz
 Load spatial as single constant
 ERROR: Fatal error occured in loading scalar constants
 WARNING: variable is non-existent!
 Setting kind to be "none" and value =    0.000E+00 for all 1 components
   Spatial for Sxz is a defined as none
--------------------------------------------------------------------------------
  Loading BC header
   Found BC wall of kind wall_libb
   Found BC inlet of kind adaptive_flux_pressure
   Found BC outlet_01 of kind pressure_eq
   Found BC outlet_02 of kind pressure_eq
   Found BC outlet_03 of kind pressure_eq
 matching boundary defination in lua to mesh
 Number of Boundaries: 5
--------------------------------------------------------------------------------
 Loading boundary definition for nBCs: 5
   Boundary: 1
    Curved:  F
     Wall LIBB treatment: wall
    Default qVal:   0.50000000000000000     
   required neighbors: 0
   Boundary: 2
    Curved:  F
    Adaptive global flux/pressure treatment for inlet
  Loading bc state for mass_flowrate
 Expected variable mass_flowrate is defined
 Did not find a variable name for mass_flowrate
 Trying to load it as an anonymous space time function
 loading space time function from key: mass_flowrate
 Spacetime function is a const value:    2.8901803804796421E-012
 St-fun is not a table, thus setting global shape.
 Found a spacetime function for mass_flowrate
    Default qVal:   0.50000000000000000     
   required neighbors: 2
   Boundary: 3
    Curved:  F
     Outlet pressure equilibrium type for outlet_01
  Loading bc state for pressure
 Expected variable pressure is defined
 Did not find a variable name for pressure
 Trying to load it as an anonymous space time function
 loading space time function from key: pressure
 St-fun is not a table, thus setting global shape.
 Found a spacetime function for pressure
    Default qVal:   0.50000000000000000     
   required neighbors: 2
   Boundary: 4
    Curved:  F
     Outlet pressure equilibrium type for outlet_02
  Loading bc state for pressure
 Expected variable pressure is defined
 Did not find a variable name for pressure
 Trying to load it as an anonymous space time function
 loading space time function from key: pressure
 St-fun is not a table, thus setting global shape.
 Found a spacetime function for pressure
    Default qVal:   0.50000000000000000     
   required neighbors: 2
   Boundary: 5
    Curved:  F
     Outlet pressure equilibrium type for outlet_03
  Loading bc state for pressure
 Expected variable pressure is defined
 Did not find a variable name for pressure
 Trying to load it as an anonymous space time function
 loading space time function from key: pressure
 St-fun is not a table, thus setting global shape.
 Found a spacetime function for pressure
    Default qVal:   0.50000000000000000     
   required neighbors: 2
--------------------------------------------------------------------------------
 Loading the mappings from table: source
 Table source could not be opened for reading variable mappings!
--------------------------------------------------------------------------------
 Loading the mappings from table: glob_source
 Table glob_source could not be opened for reading variable mappings!
 Loading transport variables
--------------------------------------------------------------------------------
 Variable table not defined with key: variable
--------------------------------------------------------------------------------
 No Tracking entities found!
--------------------------------------------------------------------------------
--------------------------------------------------------------------------------
 NO particle modelling
--------------------------------------------------------------------------------
--------------------------------------------------------------------------------
 Initializing musubi ...
 Initializing the scheme ...
 Map stencil to treelm definition and vice versa ...
Initializing the moment matrix by stencil: d3q19
 Building variable system for scheme kind: fluid
 Appending auxiliary variables 
 Current append variable wave loop:            1
 Append derive variables to varSys
 Variable pressure_deviation cant be added due to missing input variable pressure_reference
 Error: variable pressure_deviation is not added to variable system
 Appending boundary variables 
 Append derive physical variables to varSys
 Append meshInfo variables to varSys
 Current append variable wave loop:            2
 Append derive variables to varSys
 Appending boundary variables 
 Append derive physical variables to varSys
 Append meshInfo variables to varSys
 Current append variable wave loop:            3
 Append derive variables to varSys
 Appending boundary variables 
 Append derive physical variables to varSys
 Append meshInfo variables to varSys
 Done appending variables to varSys
 Storing state variable position 
 Storing derive variable position 
--------------------------------------------------------------------------------
 Starting to initialize the geometry
--------------------------------------------------------------------------------
 Creating boundary lists ...
BC: wall, iBnd: 1, normal:   0 -1  1, Ind: 8
BC: outlet_02, iBnd: 2, normal:   1  0  1, Ind: 14
BC: inlet, iBnd: 3, normal:   0  0 -1, Ind: 3
BC: outlet_01, iBnd: 4, normal:   0 -1 -1, Ind: 7
BC: outlet_03, iBnd: 5, normal:  -1  0  0, Ind: 1
 Set BC stencil: outlet_02
 Set BC stencil: inlet
 Set BC stencil: outlet_01
 Set BC stencil: outlet_03
 Finalizing stencils...
 Total Number of stencils: 5
 iStencil:  1, label: d3q19
 nElems: 400949
 iStencil:  2, label: outlet_02_TE2TE3_QQN2
 nElems: 258
 iStencil:  3, label: inlet_BB2_QQN2
 nElems: 376
 iStencil:  4, label: outlet_01_BS2BS3_QQN2
 nElems: 274
 iStencil:  5, label: outlet_03_WW2_QQN2
 nElems: 277
 Allocating level Descriptor ...
 Searching the neighbors for each element ...
 Finished searching the neighbors ID for each fluid.
 Creating level descriptor ...
 Building up the element and total list.
 Building level-wise fluid list ...
--------------------------------------------------------------------------------
 Communicating elements ...
Halo count exchange iteration: 1
 Starting all-to-all exchange of halo counts
Finished all-to-all exchanging number of elements
All to all cost: 0.588455E-01
  Finished counting valid procs and nElemsProcs.
   Done communicating nElems to Transfer
  Requesting remote halos on level 10
   Received requested halo elements successfully.
 Finished requesting remote halos
   Done requesting remote halos.
   Identifying lists
 Done exchanging number of elements to communicate.
Return halo counts and Redefine halos ...
  Returning halo counts on level 10
   Redefining halos ... 
   Done communicating stencil buffer
   Done communicating stencil buffer
   Done communicating stencil buffer
 Done with communication of elements. 
--------------------------------------------------------------------------------

--------------------------------------------------------------------------------
 Communicating elements ...
Halo count exchange iteration: 1
 Starting all-to-all exchange of halo counts
Finished all-to-all exchanging number of elements
All to all cost: 0.604792E-03
  Finished counting valid procs and nElemsProcs.
   Done communicating nElems to Transfer
  Requesting remote halos on level 10
   Received requested halo elements successfully.
 Finished requesting remote halos
   Done requesting remote halos.
   Identifying lists
 Done exchanging number of elements to communicate.
Return halo counts and Redefine halos ...
  Returning halo counts on level 10
   Redefining halos ... 
   Done communicating stencil buffer
   Done communicating stencil buffer
   Done communicating stencil buffer
 Done with communication of elements. 
--------------------------------------------------------------------------------

 Assembling total list ...
     Level: 10
    nElems: 101174
       fluid: 100238
gFromCoarser: 0
  gFromFiner: 0
        halo: 936
 Updating dependencies ...
 Updating the stencil entries
  Updating entries in the element stencils...
 Finished building up element and total list. 
Build neighbor array for stencil: 1
 level: 10, nElems to treat: 101174
Build neighbor array for stencil: 2
 level: 10, nElems to treat: 258
PREF_FIX_FILTER_COUNT rank=1 bc=outlet_02 level=10 initial_local=0 active_local=0 removed=0
PREF_FIX_FILTER_COUNT rank=1 bc=inlet level=10 initial_local=0 active_local=0 removed=0
PREF_FIX_FILTER_COUNT rank=1 bc=outlet_01 level=10 initial_local=0 active_local=0 removed=0
PREF_FIX_FILTER_COUNT rank=1 bc=outlet_03 level=10 initial_local=0 active_local=0 removed=0
PREF_FIX_FILTER_COUNT rank=2 bc=outlet_02 level=10 initial_local=0 active_local=0 removed=0
PREF_FIX_FILTER rank=2 bc=inlet level=10 original_iElem=39 posInTotal=52889 treeID=232050831 active_links=1 reason=solid
PREF_FIX_FILTER_COUNT rank=3 bc=outlet_02 level=10 initial_local=0 active_local=0 removed=0
PREF_FIX_FILTER_COUNT rank=3 bc=inlet level=10 initial_local=0 active_local=0 removed=0
PREF_FIX_FILTER rank=3 bc=outlet_01 level=10 original_iElem=8 posInTotal=47203 treeID=505108530 active_links=4 reason=solid
PREF_FIX_FILTER rank=3 bc=outlet_01 level=10 original_iElem=54 posInTotal=47371 treeID=505108938 active_links=1 reason=solid
PREF_FIX_FILTER rank=3 bc=outlet_01 level=10 original_iElem=55 posInTotal=47372 treeID=505108941 active_links=2 reason=solid
PREF_FIX_FILTER rank=3 bc=outlet_01 level=10 original_iElem=57 posInTotal=47374 treeID=505108945 active_links=3 reason=solid
PREF_FIX_FILTER rank=3 bc=outlet_01 level=10 original_iElem=61 posInTotal=47378 treeID=505109009 active_links=3 reason=solid
PREF_FIX_FILTER rank=3 bc=outlet_01 level=10 original_iElem=62 posInTotal=47379 treeID=505109010 active_links=1 reason=solid
PREF_FIX_FILTER rank=3 bc=outlet_01 level=10 original_iElem=172 posInTotal=47902 treeID=505110191 active_links=2 reason=solid
PREF_FIX_FILTER rank=3 bc=outlet_01 level=10 original_iElem=206 posInTotal=48165 treeID=505112416 active_links=1 reason=solid
--------------------------------------------------------------------------------

Try to remove solid from BC: outlet_02
PREF_FIX_FILTER rank=0 bc=outlet_02 level=10 original_iElem=1 posInTotal=21277 treeID=166006792 active_links=4 reason=solid
PREF_FIX_FILTER rank=0 bc=outlet_02 level=10 original_iElem=2 posInTotal=21278 treeID=166006815 active_links=4 reason=solid
PREF_FIX_FILTER rank=0 bc=outlet_02 level=10 original_iElem=3 posInTotal=21279 treeID=166006843 active_links=4 reason=solid
PREF_FIX_FILTER rank=0 bc=outlet_02 level=10 original_iElem=4 posInTotal=21280 treeID=166006847 active_links=3 reason=solid
PREF_FIX_FILTER rank=0 bc=outlet_02 level=10 original_iElem=134 posInTotal=22206 treeID=166119140 active_links=4 reason=solid
PREF_FIX_FILTER rank=0 bc=outlet_02 level=10 original_iElem=135 posInTotal=22207 treeID=166119143 active_links=4 reason=solid
PREF_FIX_FILTER rank=0 bc=outlet_02 level=10 original_iElem=136 posInTotal=22208 treeID=166119144 active_links=3 reason=solid
PREF_FIX_FILTER rank=0 bc=outlet_02 level=10 original_iElem=137 posInTotal=22209 treeID=166119171 active_links=3 reason=solid
PREF_FIX_FILTER rank=0 bc=outlet_02 level=10 original_iElem=138 posInTotal=22210 treeID=166119195 active_links=1 reason=solid
PREF_FIX_FILTER rank=0 bc=outlet_02 level=10 original_iElem=139 posInTotal=22211 treeID=166119199 active_links=1 reason=solid
PREF_FIX_FILTER rank=0 bc=outlet_02 level=10 original_iElem=140 posInTotal=22212 treeID=166172210 active_links=4 reason=solid
PREF_FIX_FILTER rank=0 bc=outlet_02 level=10 original_iElem=141 posInTotal=22213 treeID=166172212 active_links=3 reason=solid
PREF_FIX_FILTER rank=0 bc=outlet_02 level=10 original_iElem=142 posInTotal=22214 treeID=166172226 active_links=3 reason=solid
PREF_FIX_FILTER rank=0 bc=outlet_02 level=10 original_iElem=143 posInTotal=22215 treeID=166172228 active_links=4 reason=solid
PREF_FIX_FILTER rank=3 bc=outlet_01 level=10 original_iElem=215 posInTotal=48187 treeID=505112451 active_links=1 reason=solid
PREF_FIX_FILTER rank=3 bc=outlet_01 level=10 original_iElem=218 posInTotal=48190 treeID=505112525 active_links=3 reason=solid
PREF_FIX_FILTER_COUNT rank=2 bc=inlet level=10 initial_local=376 active_local=375 removed=1
PREF_FIX_FILTER rank=0 bc=outlet_02 level=10 original_iElem=148 posInTotal=22220 treeID=166172982 active_links=1 reason=solid
PREF_FIX_FILTER rank=3 bc=outlet_01 level=10 original_iElem=266 posInTotal=48353 treeID=505114212 active_links=2 reason=solid
PREF_FIX_FILTER_COUNT rank=3 bc=outlet_01 level=10 initial_local=274 active_local=263 removed=11
PREF_FIX_FILTER rank=0 bc=outlet_02 level=10 original_iElem=149 posInTotal=22221 treeID=166173080 active_links=4 reason=solid
PREF_FIX_FILTER rank=0 bc=outlet_02 level=10 original_iElem=151 posInTotal=22223 treeID=166173092 active_links=1 reason=solid
PREF_FIX_FILTER rank=0 bc=outlet_02 level=10 original_iElem=152 posInTotal=22224 treeID=166173094 active_links=1 reason=solid
PREF_FIX_FILTER rank=0 bc=outlet_02 level=10 original_iElem=153 posInTotal=22225 treeID=166173106 active_links=2 reason=solid
PREF_FIX_FILTER rank=0 bc=outlet_02 level=10 original_iElem=159 posInTotal=22231 treeID=166175342 active_links=4 reason=solid
PREF_FIX_FILTER rank=0 bc=outlet_02 level=10 original_iElem=160 posInTotal=22232 treeID=166175346 active_links=4 reason=solid
PREF_FIX_FILTER rank=0 bc=outlet_02 level=10 original_iElem=162 posInTotal=22234 treeID=166175349 active_links=4 reason=solid
PREF_FIX_FILTER rank=0 bc=outlet_02 level=10 original_iElem=163 posInTotal=22235 treeID=166175350 active_links=1 reason=solid
PREF_FIX_FILTER rank=0 bc=outlet_02 level=10 original_iElem=177 posInTotal=22277 treeID=166175401 active_links=1 reason=solid
PREF_FIX_FILTER rank=0 bc=outlet_02 level=10 original_iElem=199 posInTotal=22409 treeID=166175564 active_links=5 reason=solid
PREF_FIX_FILTER rank=0 bc=outlet_02 level=10 original_iElem=200 posInTotal=22410 treeID=166175571 active_links=2 reason=solid
PREF_FIX_FILTER rank=0 bc=outlet_02 level=10 original_iElem=202 posInTotal=22414 treeID=166175581 active_links=6 reason=solid
PREF_FIX_FILTER rank=0 bc=outlet_02 level=10 original_iElem=203 posInTotal=22415 treeID=166175582 active_links=3 reason=solid
PREF_FIX_FILTER rank=0 bc=outlet_02 level=10 original_iElem=204 posInTotal=22416 treeID=166175584 active_links=4 reason=solid
PREF_FIX_FILTER rank=0 bc=outlet_02 level=10 original_iElem=207 posInTotal=22421 treeID=166175589 active_links=1 reason=solid
PREF_FIX_FILTER rank=0 bc=outlet_02 level=10 original_iElem=208 posInTotal=22425 treeID=166175612 active_links=1 reason=solid
PREF_FIX_FILTER_COUNT rank=2 bc=outlet_01 level=10 initial_local=0 active_local=0 removed=0
PREF_FIX_FILTER_COUNT rank=2 bc=outlet_03 level=10 initial_local=0 active_local=0 removed=0
PREF_FIX_FILTER rank=3 bc=outlet_03 level=10 original_iElem=47 posInTotal=98646 treeID=625277142 active_links=1 reason=solid
PREF_FIX_FILTER rank=0 bc=outlet_02 level=10 original_iElem=221 posInTotal=22489 treeID=166175721 active_links=3 reason=solid
PREF_FIX_FILTER rank=0 bc=outlet_02 level=10 original_iElem=222 posInTotal=22490 treeID=166175722 active_links=1 reason=solid
PREF_FIX_FILTER rank=0 bc=outlet_02 level=10 original_iElem=223 posInTotal=22491 treeID=166175723 active_links=2 reason=solid
PREF_FIX_FILTER rank=0 bc=outlet_02 level=10 original_iElem=224 posInTotal=22500 treeID=166175737 active_links=1 reason=solid
PREF_FIX_FILTER rank=0 bc=outlet_02 level=10 original_iElem=225 posInTotal=22502 treeID=166175739 active_links=1 reason=solid
PREF_FIX_FILTER rank=0 bc=outlet_02 level=10 original_iElem=258 posInTotal=23203 treeID=166176617 active_links=1 reason=solid
 Removed 37 elements on level 10
PREF_FIX_FILTER_COUNT rank=0 bc=outlet_02 level=10 initial_local=258 active_local=221 removed=37
PREF_FIX_FILTER rank=3 bc=outlet_03 level=10 original_iElem=62 posInTotal=98806 treeID=625317207 active_links=2 reason=solid
PREF_FIX_FILTER rank=3 bc=outlet_03 level=10 original_iElem=80 posInTotal=98829 treeID=625317327 active_links=1 reason=solid
PREF_FIX_FILTER rank=3 bc=outlet_03 level=10 original_iElem=81 posInTotal=98830 treeID=625317328 active_links=3 reason=solid
PREF_FIX_FILTER rank=3 bc=outlet_03 level=10 original_iElem=91 posInTotal=98845 treeID=625318250 active_links=2 reason=solid
Try to remove solid from BC: inlet
PREF_FIX_FILTER_COUNT rank=0 bc=inlet level=10 initial_local=0 active_local=0 removed=0
Try to remove solid from BC: outlet_01
PREF_FIX_FILTER_COUNT rank=0 bc=outlet_01 level=10 initial_local=0 active_local=0 removed=0
Try to remove solid from BC: outlet_03
PREF_FIX_FILTER_COUNT rank=0 bc=outlet_03 level=10 initial_local=0 active_local=0 removed=0
PREF_FIX_FILTER rank=3 bc=outlet_03 level=10 original_iElem=93 posInTotal=98847 treeID=625318255 active_links=2 reason=solid
PREF_FIX_FILTER rank=3 bc=outlet_03 level=10 original_iElem=94 posInTotal=98848 treeID=625318256 active_links=3 reason=solid
PREF_FIX_FILTER rank=3 bc=outlet_03 level=10 original_iElem=171 posInTotal=99656 treeID=625320026 active_links=2 reason=solid
PREF_FIX_FILTER rank=3 bc=outlet_03 level=10 original_iElem=174 posInTotal=99659 treeID=625320032 active_links=1 reason=solid
PREF_FIX_FILTER rank=3 bc=outlet_03 level=10 original_iElem=180 posInTotal=99665 treeID=625320059 active_links=1 reason=solid
PREF_FIX_FILTER rank=3 bc=outlet_03 level=10 original_iElem=181 posInTotal=99666 treeID=625320060 active_links=2 reason=solid
PREF_FIX_FILTER rank=3 bc=outlet_03 level=10 original_iElem=202 posInTotal=99687 treeID=625320394 active_links=2 reason=solid
PREF_FIX_FILTER rank=3 bc=outlet_03 level=10 original_iElem=203 posInTotal=99688 treeID=625320398 active_links=3 reason=solid
PREF_FIX_FILTER rank=3 bc=outlet_03 level=10 original_iElem=204 posInTotal=99689 treeID=625320426 active_links=2 reason=solid
PREF_FIX_FILTER rank=3 bc=outlet_03 level=10 original_iElem=260 posInTotal=100141 treeID=625333733 active_links=3 reason=solid
PREF_FIX_FILTER rank=3 bc=outlet_03 level=10 original_iElem=261 posInTotal=100142 treeID=625333735 active_links=2 reason=solid
PREF_FIX_FILTER rank=3 bc=outlet_03 level=10 original_iElem=267 posInTotal=100220 treeID=625334363 active_links=1 reason=solid
PREF_FIX_FILTER rank=3 bc=outlet_03 level=10 original_iElem=274 posInTotal=100227 treeID=625334383 active_links=2 reason=solid
PREF_FIX_FILTER rank=3 bc=outlet_03 level=10 original_iElem=276 posInTotal=100229 treeID=625334393 active_links=1 reason=solid
PREF_FIX_FILTER rank=3 bc=outlet_03 level=10 original_iElem=277 posInTotal=100230 treeID=625334394 active_links=2 reason=solid
PREF_FIX_FILTER_COUNT rank=3 bc=outlet_03 level=10 initial_local=277 active_local=257 removed=20
 Build vertical dep ...
 Total number of elements on Level: 10
   Fluid:   400949
 Global Elements information:
   nElems overall: 415560
   nElems ghost from finer: 0
   nElems ghost from coarser: 0
 
Start filling field BC neighbor list 
 Allocating PDF state, neighbor and bcBuffer array
 nSize of state array: 101176
 Building state array connectivity ...
 Done with state array connectivity.
Set halo elements comm links
Amount of message per proc: 33433
Communication amount compressed to [%]: 48.17

--------------------------------------------------------------------------------
Done initializing geometry. Took [s]      0.79
--------------------------------------------------------------------------------

 Simulation time homogenize:
  iterations:         5000
  simTime   :    6.0317632653553613E-006
  wallClock :   0.16618018100000001     
 Time control homogenize:
 +-------------------------------------------+
Iterations between trigger checks: 1
  - Min:
  iterations:         5000
 
  - Max:
  iterations:         5001
 
  - Interval:
  iterations:            1
 +-------------------------------------------+
Initialize fluid
  Set relaxation parameter from kinematic viscosity
Fluid properties:
  Reference density rho0:  1.0000000
  Kinematic viscosity STfun kind: const
Kinematic viscosity, (min, max) on level: 10
  Physical: ( 0.0000033, 0.0000033)
  Lattice: ( 0.1666667, 0.1666667)
  Kinematic omega (min,max):( 1.0000000, 1.0000000)
 viscBulk lattice and omega: 
  viscBulk:   0.1111111
  omegaBulk:  1.0000000
Magic lambda for TRT:  0.2500000
HRR sigma:  0.9800000
DRT tauN:  0.7000000
No nonNewtonian table defined.
--------------------------------------------------------------------------------
 Allocate gradient data ...
 Filling gradient data ...
--------------------------------------------------------------------------------
 Create subtree for all space time functions stored 
 in linked list of spacetime function
 Done creating subtree for   0 spacetime functions
--------------------------------------------------------------------------------
--------------------------------------------------------------------------------
 Initializing Source terms ...
 No active source terms
--------------------------------------------------------------------------------
 Initializing transport variables ...
 No active transport variables
  Pulling pdfs from neighbor elements before collision
 Initializing restart...
 Time control homogenize:
 +-------------------------------------------+
Iterations between trigger checks: 1
  - Min:
  iterations:         5001
 
  - Max:
  iterations:         5001
 
  - Interval:
  iterations:            1
 +-------------------------------------------+
 Auxiliary field halo communication DEACTIVATED.
Initialize BndForce
 Initializing IBM surface data
--------------------------------------------------------------------------------

 Reading restart...
  Open read... 
  Closed Read.
 Done reading restart.
 Initialize compute kernel for scheme kind: fluid
 Choosing fluid relaxation model: bgk for layout d3q19
 mus_load_particles: no particle table found
Initialize 5 boundary conditions
 Initializing BC: wall
 Initializing BC: outlet_02
 Initializing BC: inlet
 Initializing BC: outlet_01
 Initializing BC: outlet_03
--------------------------------------------------------------------------------
 Starting Musubi MAIN loop with time control:
 +-------------------------------------------+
Iterations between trigger checks: 1
  - Min:
  iterations:         5000
 
  - Max:
  iterations:         5001
 
  - Interval:
  iterations:            1
 +-------------------------------------------+
Select fast single level control routine.
Particulate flow simulations disabled!
--------------------------------------------------------------------------------
  iterations:         5000
  simTime   :    6.0317632653553613E-006
  wallClock :   0.16618018100000001     
      field |       total density
          1 |  400.9546536804E+03

PREF_FIX_ADAPTIVE_INDEX rank=3 local_active=0 stale_total=376 pnt_nvals=0 pnt_positive=0 pnt_zero=0 pnt_negative=0
PREF_FIX_ADAPTIVE_LINK rank=3 duplicates=0 elems_with_links=0 elems_without_links=0 active_links=0 sample_finite=0
PREF_FIX_ADAPTIVE_SAMPLE rank=3 sample_nonzero=0 sample_zero=0 sample_sum= 0.0000000000000000E+000 sample_min= 0.0000000000000000E+000 sample_max= 0.0000000000000000E+000
PREF_FIX_ADAPTIVE_INDEX rank=1 local_active=0 stale_total=376 pnt_nvals=0 pnt_positive=0 pnt_zero=0 pnt_negative=0
PREF_FIX_ADAPTIVE_LINK rank=1 duplicates=0 elems_with_links=0 elems_without_links=0 active_links=0 sample_finite=0
PREF_FIX_ADAPTIVE_SAMPLE rank=1 sample_nonzero=0 sample_zero=0 sample_sum= 0.0000000000000000E+000 sample_min= 0.0000000000000000E+000 sample_max= 0.0000000000000000E+000
PREF_FIX_ADAPTIVE_INDEX rank=2 local_active=375 stale_total=376 pnt_nvals=375 pnt_positive=375 pnt_zero=0 pnt_negative=0
PREF_FIX_ADAPTIVE_LINK rank=2 duplicates=0 elems_with_links=375 elems_without_links=0 active_links=1564 sample_finite=375
PREF_FIX_ADAPTIVE_SAMPLE rank=2 sample_nonzero=375 sample_zero=0 sample_sum= 1.0838176426798724E-009 sample_min= 2.8901803804796421E-012 sample_max= 2.8901803804796421E-012
PREF_FIX_ADAPTIVE_INDEX rank=0 local_active=0 stale_total=376 pnt_nvals=0 pnt_positive=0 pnt_zero=0 pnt_negative=0
PREF_FIX_ADAPTIVE_LINK rank=0 duplicates=0 elems_with_links=0 elems_without_links=0 active_links=0 sample_finite=0
PREF_FIX_ADAPTIVE_SAMPLE rank=0 sample_nonzero=0 sample_zero=0 sample_sum= 0.0000000000000000E+000 sample_min= 0.0000000000000000E+000 sample_max= 0.0000000000000000E+000
PREF_FIX_ADAPTIVE_GLOBAL active=375 stale_total=376 pnt_nvals_sum=375 pnt_positive_sum=375 elems_with_links_sum=375 sample_finite_sum=375
PREF_FIX_ADAPTIVE_TARGET mass_global= 1.0838176426798724E-009 target_mass_old= 2.8824937305315756E-012 active_denominator=375 stale_denominator=376 target_mass_active= 2.8901803804796595E-012
ADAPTIVE_FLUX_PRESSURE iter=5001 target_lattice= 9.0431306801072846E-004 controlled_lattice= 9.0431306800701258E-004 relative_error= 4.1090704504952322E-012 rho_boundary= 1.0000526116970423E+000 pressure_pa= 5.7251943131422605E+006 max_lattice_velocity= 6.3197423098822753E-006 minimum_pdf= 2.7778713677239143E-002 globBC_count=376
  iterations:         5001
  simTime   :    6.0329696180084324E-006
  wallClock :    1.6989984790000001     
      field |       total density
          1 |  400.9546544801E+03

  Writing restart at:
  iterations:         5001
  simTime   :    6.0329696180084324E-006
  wallClock :    1.6989984790000001     
 Done writing

SUCCESSFUL run!
 Status of the simulation now:
 +--------------------------------------------+
 STATUS:
  * Status Interval is reached
  * Reached maximal number of iterations
 +--------------------------------------------+

  iterations:         5001
  simTime   :    6.0329696180084324E-006
  wallClock :    1.6989984790000001     
      field |       total density
          1 |  400.9546544801E+03

--------------------------------------------------------------------------------
 Load balance evaluation:
  max CPU cost:      0.14 (s)
  ave CPU cost:      0.14 (s)
 imbalance (i.e. max/ave):    100.96%
--------------------------------------------------------------------------------
--------------------------------------------------------------------------------
Boundary timing information:
        wall, min time:     0.01, max time:     0.01
   outlet_02, min time:     0.00, max time:     0.00
       inlet, min time:     0.00, max time:     0.00
   outlet_01, min time:     0.00, max time:     0.00
   outlet_03, min time:     0.00, max time:     0.00
--------------------------------------------------------------------------------
Name:	musubi
Umask:	0022
State:	R (running)
Tgid:	3985
Ngid:	0
Pid:	3985
PPid:	3981
TracerPid:	0
Uid:	1000	1000	1000	1000
Gid:	1000	1000	1000	1000
FDSize:	64
Groups:	4 24 27 30 46 100 1000 1001
NStgid:	3985
NSpid:	3985
NSpgid:	3985
NSsid:	3975
Kthread:	0
VmPeak:	  520200 kB
VmSize:	  514180 kB
VmLck:	       0 kB
VmPin:	       0 kB
VmHWM:	  200944 kB
VmRSS:	  195104 kB
RssAnon:	  178784 kB
RssFile:	   15936 kB
RssShmem:	     384 kB
VmData:	  202480 kB
VmStk:	     172 kB
VmExe:	    7448 kB
VmLib:	   10244 kB
VmPTE:	     500 kB
VmSwap:	       0 kB
HugetlbPages:	       0 kB
CoreDumping:	0
THP_enabled:	1
untag_mask:	0xffffffffffffffff
Threads:	3
SigQ:	1/31177
SigPnd:	0000000000000000
ShdPnd:	0000000000000000
SigBlk:	0000000000000000
SigIgn:	0000000000000000
SigCgt:	00000001418004fc
CapInh:	0000000000000000
CapPrm:	0000000000000000
CapEff:	0000000000000000
CapBnd:	000001ffffffffff
CapAmb:	0000000000000000
NoNewPrivs:	0
Seccomp:	2
Seccomp_filters:	1
Speculation_Store_Bypass:	thread vulnerable
SpeculationIndirectBranch:	conditional enabled
Cpus_allowed:	000003
Cpus_allowed_list:	0-1
Mems_allowed:	00000000,00000000,00000000,00000000,00000000,00000000,00000000,00000000,00000000,00000000,00000000,00000000,000000
Mems_allowed_list:	0
voluntary_ctxt_switches:	1623
nonvoluntary_ctxt_switches:	3

 Done with Musubi in       1.83 s
