Traceback (most recent call last):
  File "<frozen runpy>", line 198, in _run_module_as_main
  File "<frozen runpy>", line 88, in _run_code
  File "/home/lzy/projects/mirheo_starter/py_scripts/single_rbc_repair/continuous_worker.py", line 221, in <module>
    if __name__=='__main__':main()
                            ^^^^^^
  File "/home/lzy/projects/mirheo_starter/py_scripts/single_rbc_repair/continuous_worker.py", line 207, in main
    state,done=stage('relaxation',prep,min(sample,max(1,prep//10)),0.,None)
               ^^^^^^^^^^^^^^^^^^^^^^^^^^^^^^^^^^^^^^^^^^^^^^^^^^^^^^^^^^^^
  File "/home/lzy/projects/mirheo_starter/py_scripts/single_rbc_repair/continuous_worker.py", line 193, in stage
    done=evolve_stage(u,count,dt,sample);sync()
         ^^^^^^^^^^^^^^^^^^^^^^^^^^^^^^^
  File "/home/lzy/projects/mirheo_starter/py_scripts/single_rbc_repair/continuous_protocol.py", line 12, in evolve_stage
    coordinator.run(count, dt=dt)
  File "/home/lzy/projects/mirheo_starter/.venv/lib/python3.12/site-packages/mirheo/__init__.py", line 100, in wrapper
    return o(*args, **kwargs)
           ^^^^^^^^^^^^^^^^^^
RuntimeError: Mirheo has encountered a fatal error and will quit now.
The error message follows, and more details can be found in the log
***************************************
	Found too many triangle collision candidates (coarse) (13675, max 6400) in bouncer 'membrane_bounce_outer'; phase_step_zero_based=6407 pv=outer locality=local.
***************************************
--------------------------------------------------------------------------
MPI_ABORT was invoked on rank 0 in communicator MPI_COMM_WORLD
with errorcode -1.

NOTE: invoking MPI_ABORT causes Open MPI to kill all MPI processes.
You may or may not see output from other processes, depending on
exactly when Open MPI kills them.
--------------------------------------------------------------------------
