Welcome to vast.ai. If authentication fails, try again after a few seconds, and double check your ssh key.
Have fun!
AI agents: READ /etc/vast-agents-guide.md (also linked as ./AGENTS.md) before acting on or describing this instance: it is the operating guide. ('vast-capabilities' shows live state only, not the guide.)
START configure_help
END configure_help exit=0
START configure
END configure exit=1
g/BuildSystem/config/headers.py:77)
TESTING: check from config.headers(config/BuildSystem/config/headers.py:77)
TESTING: check from config.headers(config/BuildSystem/config/headers.py:77)
TESTING: check from config.headers(config/BuildSystem/config/headers.py:77)
TESTING: check from config.headers(config/BuildSystem/config/headers.py:77)
TESTING: check from config.headers(config/BuildSystem/config/headers.py:77)
TESTING: check from config.headers(config/BuildSystem/config/headers.py:77)
TESTING: check from config.headers(config/BuildSystem/config/headers.py:77)
TESTING: check from config.headers(config/BuildSystem/config/headers.py:77)
TESTING: check from config.headers(config/BuildSystem/config/headers.py:77)
TESTING: check from config.headers(config/BuildSystem/config/headers.py:77)
TESTING: check from config.headers(config/BuildSystem/config/headers.py:77)
TESTING: check from config.headers(config/BuildSystem/config/headers.py:77)
TESTING: check from config.headers(config/BuildSystem/config/headers.py:77)
TESTING: check from config.headers(config/BuildSystem/config/headers.py:77)
TESTING: check from config.headers(config/BuildSystem/config/headers.py:77)
TESTING: check from config.headers(config/BuildSystem/config/headers.py:77)
TESTING: check from config.headers(config/BuildSystem/config/headers.py:77)
TESTING: check from config.headers(config/BuildSystem/config/headers.py:77)
TESTING: check from config.headers(config/BuildSystem/config/headers.py:77)
TESTING: checkRecursiveMacros from config.headers(config/BuildSystem/config/headers.py:184)
TESTING: configureL1CacheLineSize from config.utilities.cacheDetails(config/BuildSystem/config/utilities/cacheDetails.py:127)
TESTING: check_struct_sigaction from config.types(config/BuildSystem/config/types.py:42)
TESTING: check__int64 from config.types(config/BuildSystem/config/types.py:48)
TESTING: checkSizeTypes from config.types(config/BuildSystem/config/types.py:54)
TESTING: checkFileTypes from config.types(config/BuildSystem/config/types.py:64)
TESTING: checkIntegerTypes from config.types(config/BuildSystem/config/types.py:59)
TESTING: checkPID from config.types(config/BuildSystem/config/types.py:70)
TESTING: checkC99Complex from config.types(config/BuildSystem/config/types.py:74)
TESTING: checkCxxComplex from config.types(config/BuildSystem/config/types.py:88)
TESTING: checkSizeof from config.types(config/BuildSystem/config/types.py:99)
TESTING: checkSizeof from config.types(config/BuildSystem/config/types.py:99)
TESTING: checkSizeof from config.types(config/BuildSystem/config/types.py:99)
TESTING: checkSizeof from config.types(config/BuildSystem/config/types.py:99)
TESTING: checkSizeof from config.types(config/BuildSystem/config/types.py:99)
TESTING: checkVisibility from config.types(config/BuildSystem/config/types.py:133)
TESTING: checkMaxPathLen from config.types(config/BuildSystem/config/types.py:155)
TESTING: configureMemAlign from PETSc.options.memAlign(config/PETSc/options/memAlign.py:28)
TESTING: check from config.libraries(config/BuildSystem/config/libraries.py:168)
TESTING: check from config.libraries(config/BuildSystem/config/libraries.py:168)
TESTING: check from config.libraries(config/BuildSystem/config/libraries.py:168)
TESTING: check from config.libraries(config/BuildSystem/config/libraries.py:168)
TESTING: checkMath from config.libraries(config/BuildSystem/config/libraries.py:297)
TESTING: checkMathErf from config.libraries(config/BuildSystem/config/libraries.py:318)
TESTING: checkMathTgamma from config.libraries(config/BuildSystem/config/libraries.py:327)
TESTING: checkMathLgamma from config.libraries(config/BuildSystem/config/libraries.py:336)
TESTING: checkMathFenv from config.libraries(config/BuildSystem/config/libraries.py:349)
TESTING: checkMathLog2 from config.libraries(config/BuildSystem/config/libraries.py:361)
TESTING: checkRealtime from config.libraries(config/BuildSystem/config/libraries.py:370)
TESTING: checkDynamic from config.libraries(config/BuildSystem/config/libraries.py:386)
TESTING: checkExecutableExportFlag from config.libraries(config/BuildSystem/config/libraries.py:612)
TESTING: configureLibraryOptions from PETSc.options.libraryOptions(config/PETSc/options/libraryOptions.py:38)
TESTING: configureISColorValueType from PETSc.options.libraryOptions(config/PETSc/options/libraryOptions.py:93)
TESTING: checkVSNPrintf from config.functions(config/BuildSystem/config/functions.py:106)
TESTING: checkNanosleep from config.functions(config/BuildSystem/config/functions.py:136)
TESTING: checkMemmove from config.functions(config/BuildSystem/config/functions.py:142)
TESTING: checkSignalHandlerType from config.functions(config/BuildSystem/config/functions.py:112)
TESTING: checkFreeReturnType from config.functions(config/BuildSystem/config/functions.py:122)
TESTING: checkVariableArgumentLists from config.functions(config/BuildSystem/config/functions.py:128)
TESTING: checkClassify from config.functions(config/BuildSystem/config/functions.py:85)
TESTING: checkMmap from config.functions(config/BuildSystem/config/functions.py:148)
TESTING: checkMkstemp from config.functions(config/BuildSystem/config/functions.py:154)
TESTING: checkTmpnam_s from config.functions(config/BuildSystem/config/functions.py:159)
TESTING: configureMemorySize from config.utilities.getResidentSetSize(config/BuildSystem/config/utilities/getResidentSetSize.py:31)
TESTING: configureFPTrap from config.utilities.FPTrap(config/BuildSystem/config/utilities/FPTrap.py:26)
TESTING: configureFeatureTestMacros from config.utilities.featureTestMacros(config/BuildSystem/config/utilities/featureTestMacros.py:13)
TESTING: configureMissingUtypeTypedefs from config.utilities.missing(config/BuildSystem/config/utilities/missing.py:54)
TESTING: configureMissingFunctions from config.utilities.missing(config/BuildSystem/config/utilities/missing.py:60)
TESTING: configureMissingSignals from config.utilities.missing(config/BuildSystem/config/utilities/missing.py:80)
TESTING: configureMissingGetdomainnamePrototype from config.utilities.missing(config/BuildSystem/config/utilities/missing.py:97)
TESTING: configureMissingSrandPrototype from config.utilities.missing(config/BuildSystem/config/utilities/missing.py:123)
TESTING: checkSharedDynamicPicOptions from PETSc.options.sharedLibraries(config/PETSc/options/sharedLibraries.py:33)
TESTING: configureSharedLibraries from PETSc.options.sharedLibraries(config/PETSc/options/sharedLibraries.py:48)
TESTING: configureDynamicLibraries from PETSc.options.sharedLibraries(config/PETSc/options/sharedLibraries.py:92)
TESTING: configureSerializedFunctions from PETSc.options.sharedLibraries(config/PETSc/options/sharedLibraries.py:98)
TESTING: checkSymbolResolution from PETSc.options.sharedLibraries(config/PETSc/options/sharedLibraries.py:107)
TESTING: configureScalarType from PETSc.options.scalarTypes(config/PETSc/options/scalarTypes.py:42)
TESTING: configurePrecision from PETSc.options.scalarTypes(config/PETSc/options/scalarTypes.py:83)
TESTING: configureMkdir from config.programs(config/BuildSystem/config/programs.py:23)
TESTING: configureAutoreconf from config.programs(config/BuildSystem/config/programs.py:45)
TESTING: configurePrograms from config.programs(config/BuildSystem/config/programs.py:74)
TESTING: consistencyChecks from config.packages.make(config/BuildSystem/config/package.py:1042)
TESTING: alternateConfigureLibrary from config.packages.make(config/BuildSystem/config/package.py:1038)
TESTING: configureMake from config.packages.make(config/BuildSystem/config/packages/make.py:98)
TESTING: setupGNUMake from config.packages.make(config/BuildSystem/config/packages/make.py:152)
TESTING: configureMakeNP from config.packages.make(config/BuildSystem/config/packages/make.py:200)
TESTING: locateBison from config.packages.bison(config/BuildSystem/config/packages/bison.py:31)
TESTING: consistencyChecks from config.packages.sycl(config/BuildSystem/config/package.py:1042)
TESTING: alternateConfigureLibrary from config.packages.sycl(config/BuildSystem/config/package.py:1038)
TESTING: consistencyChecks from config.packages.X(config/BuildSystem/config/package.py:1042)
TESTING: alternateConfigureLibrary from config.packages.X(config/BuildSystem/config/package.py:1038)
TESTING: consistencyChecks from config.packages.hwloc(config/BuildSystem/config/package.py:1042)
TESTING: alternateConfigureLibrary from config.packages.hwloc(config/BuildSystem/config/package.py:1038)
TESTING: consistencyChecks from config.packages.hip(config/BuildSystem/config/package.py:1042)
TESTING: alternateConfigureLibrary from config.packages.hip(config/BuildSystem/config/package.py:1038)
TESTING: consistencyChecks from config.packages.thrust(config/BuildSystem/config/package.py:1042)
TESTING: alternateConfigureLibrary from config.packages.thrust(config/BuildSystem/config/package.py:1038)
TESTING: consistencyChecks from config.packages.cuda(config/BuildSystem/config/package.py:1042)
TESTING: checkDependencies from config.packages.cuda(config/BuildSystem/config/package.py:936)
TESTING: configureLibrary from config.packages.cuda(config/BuildSystem/config/packages/cuda.py:313)
TESTING: check from config.libraries(config/BuildSystem/config/libraries.py:168)
TESTING: check from config.libraries(config/BuildSystem/config/libraries.py:168)
TESTING: checkInclude from config.headers(config/BuildSystem/config/headers.py:86)
TESTING: checkInclude from config.headers(config/BuildSystem/config/headers.py:86)
TESTING: checkVersion from config.packages.cuda(config/BuildSystem/config/package.py:1109)
TESTING: checkSharedLibrary from config.packages.cuda(config/BuildSystem/config/package.py:1034)
TESTING: checkKnownBadCUDAHostCompilerCombo from config.packages.cuda(config/BuildSystem/config/packages/cuda.py:462)
TESTING: consistencyChecks from config.packages.OpenMPI(config/BuildSystem/config/package.py:1042)
TESTING: alternateConfigureLibrary from config.packages.OpenMPI(config/BuildSystem/config/package.py:1038)
TESTING: consistencyChecks from config.packages.MPICH(config/BuildSystem/config/package.py:1042)
TESTING: alternateConfigureLibrary from config.packages.MPICH(config/BuildSystem/config/package.py:1038)
TESTING: consistencyChecks from config.packages.MPI(config/BuildSystem/config/package.py:1042)
TESTING: checkDependencies from config.packages.MPI(config/BuildSystem/config/package.py:936)
TESTING: configureLibrary from config.packages.MPI(config/BuildSystem/config/packages/MPI.py:916)
TESTING: check from config.libraries(config/BuildSystem/config/libraries.py:168)
TESTING: checkInclude from config.headers(config/BuildSystem/config/headers.py:86)
TESTING: checkInclude from config.headers(config/BuildSystem/config/headers.py:86)
TESTING: checkMPIDistro from config.packages.MPI(config/BuildSystem/config/packages/MPI.py:717)
TESTING: configureMPI2 from config.packages.MPI(config/BuildSystem/config/packages/MPI.py:396)
TESTING: configureMPI3 from config.packages.MPI(config/BuildSystem/config/packages/MPI.py:464)
TESTING: configureMPI4 from config.packages.MPI(config/BuildSystem/config/packages/MPI.py:533)
TESTING: configureMPIX from config.packages.MPI(config/BuildSystem/config/packages/MPI.py:563)
TESTING: configureMPIEXEC from config.packages.MPI(config/BuildSystem/config/packages/MPI.py:205)

*********************************************************************************************
           UNABLE to CONFIGURE with GIVEN OPTIONS (see configure.log for details):
---------------------------------------------------------------------------------------------
  Timeout: Unable to run MPI program with /usr/bin/mpiexec --oversubscribe -n 1
  (1) make sure this is the correct program to run MPI jobs
  (2) your network may be misconfigured; see
  https://petsc.org/release/faq/#mpi-network-misconfigure
  (3) you may have VPN running whose network settings may not play nice with MPI
*********************************************************************************************


