ELF file    1: add_force.sm_120.cubin
ELF file    2: add_force_field.sm_120.cubin
ELF file    3: add_perparticleforce.sm_120.cubin
ELF file    4: add_potential_force.sm_120.cubin
ELF file    5: add_reverse_poiseuille_force.sm_120.cubin
ELF file    6: add_sinusoidal_force.sm_120.cubin
ELF file    7: add_torque.sm_120.cubin
ELF file    8: anchor_particle.sm_120.cubin
ELF file    9: average_flow.sm_120.cubin
ELF file   10: average_relative_flow.sm_120.cubin
ELF file   11: berendsen_thermostat.sm_120.cubin
ELF file   12: copy_pv.sm_120.cubin
ELF file   13: density_control.sm_120.cubin
ELF file   14: displacement.sm_120.cubin
ELF file   15: dump_obj_stats.sm_120.cubin
ELF file   16: dump_particles.sm_120.cubin
ELF file   17: exchange_pvs_flux_plane.sm_120.cubin
ELF file   18: exp_moving_average.sm_120.cubin
ELF file   19: external_magnetic_torque.sm_120.cubin
ELF file   20: force_saver.sm_120.cubin
ELF file   21: four_roll_mill.sm_120.cubin
ELF file   22: impose_profile.sm_120.cubin
ELF file   23: impose_velocity.sm_120.cubin
ELF file   24: magnetic_dipole_interactions.sm_120.cubin
ELF file   25: membrane_extra_force.sm_120.cubin
ELF file   26: msd.sm_120.cubin
ELF file   27: outlet.sm_120.cubin
ELF file   28: particle_channel_averager.sm_120.cubin
ELF file   29: particle_checker.sm_120.cubin
ELF file   30: particle_drag.sm_120.cubin
ELF file   31: pin_object.sm_120.cubin
ELF file   32: pin_rod_extremity.sm_120.cubin
ELF file   33: rdf.sm_120.cubin
ELF file   34: rmacf.sm_120.cubin
ELF file   35: shear_field.sm_120.cubin
ELF file   36: sinusoidal_field.sm_120.cubin
ELF file   37: stats.sm_120.cubin
ELF file   38: stress_tensor.sm_120.cubin
ELF file   39: temperaturize.sm_120.cubin
ELF file   40: vacf.sm_120.cubin
ELF file   41: velocity_control.sm_120.cubin
ELF file   42: velocity_inlet.sm_120.cubin
ELF file   43: virial_pressure.sm_120.cubin
ELF file   44: wall_force_collector.sm_120.cubin
ELF file   45: wall_repulsion.sm_120.cubin
ELF file   46: celllist.sm_120.cubin
ELF file   47: from_mesh.sm_120.cubin
ELF file   48: from_rod.sm_120.cubin
ELF file   49: from_shape.sm_120.cubin
ELF file   50: object_halo_exchanger.sm_120.cubin
ELF file   51: object_halo_extra_exchanger.sm_120.cubin
ELF file   52: object_redistributor.sm_120.cubin
ELF file   53: object_reverse_exchanger.sm_120.cubin
ELF file   54: particle_halo_exchanger.sm_120.cubin
ELF file   55: particle_redistributor.sm_120.cubin
ELF file   56: from_file.sm_120.cubin
ELF file   57: const_omega.sm_120.cubin
ELF file   58: minimize.sm_120.cubin
ELF file   59: oscillate.sm_120.cubin
ELF file   60: rbc_shardlow.sm_120.cubin
ELF file   61: rigid_vv.sm_120.cubin
ELF file   62: shear.sm_120.cubin
ELF file   63: shear_pol_chain.sm_120.cubin
ELF file   64: translate.sm_120.cubin
ELF file   65: vv.sm_120.cubin
ELF file   66: vv_pol_chain.sm_120.cubin
ELF file   67: obj_binding.sm_120.cubin
ELF file   68: obj_rod_binding.sm_120.cubin
ELF file   69: chain.sm_120.cubin
ELF file   70: base_membrane.sm_120.cubin
ELF file   71: factory.sm_120.cubin
ELF file   72: prerequisites.sm_120.cubin
ELF file   73: growing_repulsive_lj.sm_120.cubin
ELF file   74: lj.sm_120.cubin
ELF file   75: mdpd.sm_120.cubin
ELF file   76: morse.sm_120.cubin
ELF file   77: repulsive_lj.sm_120.cubin
ELF file   78: sdpd.sm_120.cubin
ELF file   79: sw.sm_120.cubin
ELF file   80: factory.sm_120.cubin
ELF file   81: factory.sm_120.cubin
ELF file   82: mesh_belonging.sm_120.cubin
ELF file   83: object_belonging.sm_120.cubin
ELF file   84: rod_belonging.sm_120.cubin
ELF file   85: shape_belonging.sm_120.cubin
ELF file   86: compute_com_extents.sm_120.cubin
ELF file   87: operations.sm_120.cubin
ELF file   88: simple_stationary_wall.sm_120.cubin
ELF file   89: wall_helpers.sm_120.cubin
ELF file   90: wall_with_velocity.sm_120.cubin
ELF file   91: exchange_entity.sm_120.cubin
ELF file   92: density.sm_120.cubin
ELF file   93: dpd.sm_120.cubin
ELF file   94: dpd_visco_elastic.sm_120.cubin
ELF file   95: dpd_visco_elastic_smooth_vel.sm_120.cubin
