	linux-vdso.so.1 (0x000075579c4ac000)
	libmpi_cxx.so.40 => /lib/x86_64-linux-gnu/libmpi_cxx.so.40 (0x0000755797a6d000)
	libmpi.so.40 => /lib/x86_64-linux-gnu/libmpi.so.40 (0x000075579793b000)
	libhdf5_openmpi.so.103 => /lib/x86_64-linux-gnu/libhdf5_openmpi.so.103 (0x00007557975a1000)
	libstdc++.so.6 => /lib/x86_64-linux-gnu/libstdc++.so.6 (0x0000755797323000)
	libm.so.6 => /lib/x86_64-linux-gnu/libm.so.6 (0x000075579723a000)
	libgcc_s.so.1 => /lib/x86_64-linux-gnu/libgcc_s.so.1 (0x000075579720a000)
	libc.so.6 => /lib/x86_64-linux-gnu/libc.so.6 (0x0000755796ff7000)
	/lib64/ld-linux-x86-64.so.2 (0x000075579c4ae000)
	libopen-pal.so.40 => /lib/x86_64-linux-gnu/libopen-pal.so.40 (0x0000755796f43000)
	libopen-rte.so.40 => /lib/x86_64-linux-gnu/libopen-rte.so.40 (0x0000755796e87000)
	libhwloc.so.15 => /lib/x86_64-linux-gnu/libhwloc.so.15 (0x0000755796e26000)
	libcrypto.so.3 => /lib/x86_64-linux-gnu/libcrypto.so.3 (0x0000755796910000)
	libcurl.so.4 => /lib/x86_64-linux-gnu/libcurl.so.4 (0x000075579684f000)
	libsz.so.2 => /lib/x86_64-linux-gnu/libsz.so.2 (0x000075579684a000)
	libz.so.1 => /lib/x86_64-linux-gnu/libz.so.1 (0x000075579682e000)
	libevent_core-2.1.so.7 => /lib/x86_64-linux-gnu/libevent_core-2.1.so.7 (0x00007557967f9000)
	libevent_pthreads-2.1.so.7 => /lib/x86_64-linux-gnu/libevent_pthreads-2.1.so.7 (0x00007557967f2000)
	libudev.so.1 => /lib/x86_64-linux-gnu/libudev.so.1 (0x00007557967bf000)
	libnghttp2.so.14 => /lib/x86_64-linux-gnu/libnghttp2.so.14 (0x0000755796794000)
	libidn2.so.0 => /lib/x86_64-linux-gnu/libidn2.so.0 (0x0000755796772000)
	librtmp.so.1 => /lib/x86_64-linux-gnu/librtmp.so.1 (0x0000755796754000)
	libssh.so.4 => /lib/x86_64-linux-gnu/libssh.so.4 (0x00007557966e0000)
	libpsl.so.5 => /lib/x86_64-linux-gnu/libpsl.so.5 (0x00007557966cc000)
	libssl.so.3 => /lib/x86_64-linux-gnu/libssl.so.3 (0x0000755796622000)
	libgssapi_krb5.so.2 => /lib/x86_64-linux-gnu/libgssapi_krb5.so.2 (0x00007557965ce000)
	libldap.so.2 => /lib/x86_64-linux-gnu/libldap.so.2 (0x0000755796570000)
	liblber.so.2 => /lib/x86_64-linux-gnu/liblber.so.2 (0x0000755796560000)
	libzstd.so.1 => /lib/x86_64-linux-gnu/libzstd.so.1 (0x00007557964a4000)
	libbrotlidec.so.1 => /lib/x86_64-linux-gnu/libbrotlidec.so.1 (0x0000755796496000)
	libaec.so.0 => /lib/x86_64-linux-gnu/libaec.so.0 (0x000075579648d000)
	libcap.so.2 => /lib/x86_64-linux-gnu/libcap.so.2 (0x0000755796480000)
	libunistring.so.5 => /lib/x86_64-linux-gnu/libunistring.so.5 (0x00007557962d3000)
	libgnutls.so.30 => /lib/x86_64-linux-gnu/libgnutls.so.30 (0x00007557960d6000)
	libhogweed.so.6 => /lib/x86_64-linux-gnu/libhogweed.so.6 (0x000075579608e000)
	libnettle.so.8 => /lib/x86_64-linux-gnu/libnettle.so.8 (0x0000755796039000)
	libgmp.so.10 => /lib/x86_64-linux-gnu/libgmp.so.10 (0x0000755795fb5000)
	libkrb5.so.3 => /lib/x86_64-linux-gnu/libkrb5.so.3 (0x0000755795eec000)
	libk5crypto.so.3 => /lib/x86_64-linux-gnu/libk5crypto.so.3 (0x0000755795ebe000)
	libcom_err.so.2 => /lib/x86_64-linux-gnu/libcom_err.so.2 (0x0000755795eb8000)
	libkrb5support.so.0 => /lib/x86_64-linux-gnu/libkrb5support.so.0 (0x0000755795eab000)
	libsasl2.so.2 => /lib/x86_64-linux-gnu/libsasl2.so.2 (0x0000755795e91000)
	libbrotlicommon.so.1 => /lib/x86_64-linux-gnu/libbrotlicommon.so.1 (0x0000755795e6e000)
	libp11-kit.so.0 => /lib/x86_64-linux-gnu/libp11-kit.so.0 (0x0000755795cc8000)
	libtasn1.so.6 => /lib/x86_64-linux-gnu/libtasn1.so.6 (0x0000755795cb2000)
	libkeyutils.so.1 => /lib/x86_64-linux-gnu/libkeyutils.so.1 (0x0000755795cab000)
	libresolv.so.2 => /lib/x86_64-linux-gnu/libresolv.so.2 (0x0000755795c99000)
	libffi.so.8 => /lib/x86_64-linux-gnu/libffi.so.8 (0x0000755795c8d000)
