	linux-vdso.so.1 (0x00007ffc42167000)
	liblapack.so.3 => /usr/lib/x86_64-linux-gnu/liblapack.so.3 (0x00007f9e79ad0000)
	libvtkIOXML-9.3.so.1 => /workspace/formal_3D_flow_solver_FEM_SimVascular_lzy/sv1_3n/external/solver-inputs/vtk/lib/libvtkIOXML-9.3.so.1 (0x00007f9e799a9000)
	libpetsc.so.3.25 => /workspace/formal_3D_flow_solver_FEM_SimVascular_lzy/sv1_3n/external/petsc325/install_gpu13/lib/libpetsc.so.3.25 (0x00007f9e7794f000)
	libmpi.so.40 => /workspace/formal_3D_flow_solver_FEM_SimVascular_lzy/sv1_3l/external/gpu_mpi_fortran/lib/libmpi.so.40 (0x00007f9e7780d000)
	libvtkCommonDataModel-9.3.so.1 => /workspace/formal_3D_flow_solver_FEM_SimVascular_lzy/sv1_3n/external/solver-inputs/vtk/lib/libvtkCommonDataModel-9.3.so.1 (0x00007f9e77260000)
	libvtkCommonMisc-9.3.so.1 => /workspace/formal_3D_flow_solver_FEM_SimVascular_lzy/sv1_3n/external/solver-inputs/vtk/lib/libvtkCommonMisc-9.3.so.1 (0x00007f9e76e41000)
	libvtkCommonCore-9.3.so.1 => /workspace/formal_3D_flow_solver_FEM_SimVascular_lzy/sv1_3n/external/solver-inputs/vtk/lib/libvtkCommonCore-9.3.so.1 (0x00007f9e75859000)
	libvtksys-9.3.so.1 => /workspace/formal_3D_flow_solver_FEM_SimVascular_lzy/sv1_3n/external/solver-inputs/vtk/lib/libvtksys-9.3.so.1 (0x00007f9e75801000)
	libstdc++.so.6 => /usr/lib/x86_64-linux-gnu/libstdc++.so.6 (0x00007f9e75583000)
	libm.so.6 => /usr/lib/x86_64-linux-gnu/libm.so.6 (0x00007f9e75498000)
	libgcc_s.so.1 => /usr/lib/x86_64-linux-gnu/libgcc_s.so.1 (0x00007f9e7546a000)
	libc.so.6 => /usr/lib/x86_64-linux-gnu/libc.so.6 (0x00007f9e75257000)
	libblas.so.3 => /usr/lib/x86_64-linux-gnu/libblas.so.3 (0x00007f9e751b0000)
	libgfortran.so.5 => /usr/lib/x86_64-linux-gnu/libgfortran.so.5 (0x00007f9e74e92000)
	libvtkIOXMLParser-9.3.so.1 => /workspace/formal_3D_flow_solver_FEM_SimVascular_lzy/sv1_3n/external/solver-inputs/vtk/lib/libvtkIOXMLParser-9.3.so.1 (0x00007f9e74e76000)
	libvtkIOCore-9.3.so.1 => /workspace/formal_3D_flow_solver_FEM_SimVascular_lzy/sv1_3n/external/solver-inputs/vtk/lib/libvtkIOCore-9.3.so.1 (0x00007f9e74dea000)
	libvtkCommonExecutionModel-9.3.so.1 => /workspace/formal_3D_flow_solver_FEM_SimVascular_lzy/sv1_3n/external/solver-inputs/vtk/lib/libvtkCommonExecutionModel-9.3.so.1 (0x00007f9e74ce7000)
	libvtkCommonSystem-9.3.so.1 => /workspace/formal_3D_flow_solver_FEM_SimVascular_lzy/sv1_3n/external/solver-inputs/vtk/lib/libvtkCommonSystem-9.3.so.1 (0x00007f9e74cc9000)
	libcudart.so.13 => /usr/local/cuda/lib64/libcudart.so.13 (0x00007f9e74a00000)
	libcublas.so.13 => /usr/local/cuda/lib64/libcublas.so.13 (0x00007f9e71400000)
	libcusparse.so.12 => /usr/local/cuda/lib64/libcusparse.so.12 (0x00007f9e67200000)
	libcusolver.so.12 => /usr/local/cuda/lib64/libcusolver.so.12 (0x00007f9e5da00000)
	libcurand.so.10 => /usr/local/cuda/lib64/libcurand.so.10 (0x00007f9e55200000)
	libnvidia-ml.so.1 => /usr/lib/x86_64-linux-gnu/libnvidia-ml.so.1 (0x00007f9e540e7000)
	/lib64/ld-linux-x86-64.so.2 (0x00007f9e7a731000)
	libopen-rte.so.40 => /workspace/formal_3D_flow_solver_FEM_SimVascular_lzy/sv1_3l/external/gpu_mpi_fortran/lib/libopen-rte.so.40 (0x00007f9e54029000)
	libopen-pal.so.40 => /workspace/formal_3D_flow_solver_FEM_SimVascular_lzy/sv1_3l/external/gpu_mpi_fortran/lib/libopen-pal.so.40 (0x00007f9e53f13000)
	libvtkCommonTransforms-9.3.so.1 => /workspace/formal_3D_flow_solver_FEM_SimVascular_lzy/sv1_3n/external/solver-inputs/vtk/lib/libvtkCommonTransforms-9.3.so.1 (0x00007f9e53ed4000)
	libvtkpugixml-9.3.so.1 => /workspace/formal_3D_flow_solver_FEM_SimVascular_lzy/sv1_3n/external/solver-inputs/vtk/lib/libvtkpugixml-9.3.so.1 (0x00007f9e53e97000)
	libvtkCommonMath-9.3.so.1 => /workspace/formal_3D_flow_solver_FEM_SimVascular_lzy/sv1_3n/external/solver-inputs/vtk/lib/libvtkCommonMath-9.3.so.1 (0x00007f9e749d6000)
	libvtkloguru-9.3.so.1 => /workspace/formal_3D_flow_solver_FEM_SimVascular_lzy/sv1_3n/external/solver-inputs/vtk/lib/libvtkloguru-9.3.so.1 (0x00007f9e713ec000)
	libvtkexpat-9.3.so.1 => /workspace/formal_3D_flow_solver_FEM_SimVascular_lzy/sv1_3n/external/solver-inputs/vtk/lib/libvtkexpat-9.3.so.1 (0x00007f9e671d2000)
	libvtkdoubleconversion-9.3.so.1 => /workspace/formal_3D_flow_solver_FEM_SimVascular_lzy/sv1_3n/external/solver-inputs/vtk/lib/libvtkdoubleconversion-9.3.so.1 (0x00007f9e53e85000)
	libvtklz4-9.3.so.1 => /workspace/formal_3D_flow_solver_FEM_SimVascular_lzy/sv1_3n/external/solver-inputs/vtk/lib/libvtklz4-9.3.so.1 (0x00007f9e53e4e000)
	libvtklzma-9.3.so.1 => /workspace/formal_3D_flow_solver_FEM_SimVascular_lzy/sv1_3n/external/solver-inputs/vtk/lib/libvtklzma-9.3.so.1 (0x00007f9e53e21000)
	libvtkzlib-9.3.so.1 => /workspace/formal_3D_flow_solver_FEM_SimVascular_lzy/sv1_3n/external/solver-inputs/vtk/lib/libvtkzlib-9.3.so.1 (0x00007f9e53e03000)
	libdl.so.2 => /usr/lib/x86_64-linux-gnu/libdl.so.2 (0x00007f9e5d9fb000)
	libpthread.so.0 => /usr/lib/x86_64-linux-gnu/libpthread.so.0 (0x00007f9e5d9f6000)
	librt.so.1 => /usr/lib/x86_64-linux-gnu/librt.so.1 (0x00007f9e53dfe000)
	libcublasLt.so.13 => /usr/local/cuda/lib64/libcublasLt.so.13 (0x00007f9e2f800000)
	libnvJitLink.so.13 => /usr/local/cuda/lib64/libnvJitLink.so.13 (0x00007f9e2971c000)
	libz.so.1 => /usr/lib/x86_64-linux-gnu/libz.so.1 (0x00007f9e53de2000)
	libvtkkissfft-9.3.so.1 => /workspace/formal_3D_flow_solver_FEM_SimVascular_lzy/sv1_3n/external/solver-inputs/vtk/lib/libvtkkissfft-9.3.so.1 (0x00007f9e53ddb000)
