{
  "reference_integrity": {
    "status": "PASS",
    "timestamp": "2026-09-17T19:41:51.380980+00:00",
    "reference_files_modified": 0,
    "reference_files_deleted": 0,
    "reference_files_added": 0,
    "modified": [],
    "deleted": [],
    "added": [],
    "per_root": {
      "/home/lzy/projects/ulm_microbubble_traj_gen_2D": {
        "modified": 0,
        "deleted": 0,
        "added": 0
      },
      "/home/lzy/projects/ulm_3D_vascular": {
        "modified": 0,
        "deleted": 0,
        "added": 0
      }
    },
    "entries": 43038,
    "baseline_sha256": "18fb0f7dfa614b3a10e737fd89a116bc654543f2dda3bda8943513382d197f0a",
    "final_sha256": "49d6e30a22d5cdaa1ae68b048c1d38982ab26c404df82a593df3ab1ab8f22474",
    "method": "Full SHA256 + size, mode, mtime recomputation; directories and symlinks inventoried; same mechanism as Stage 0"
  },
  "stage00_preservation": {
    "status": "PASS",
    "timestamp": "2026-09-17T19:41:51.489168+00:00",
    "entries": 189,
    "changes": [],
    "method": "All Stage 0 report, input, output and log file contents and sizes compared with Stage 1 start snapshot"
  }
}
