{
  "status": "PASS",
  "checks": {
    "A_no_load": true,
    "B_small_uniform": true,
    "C_localization": true,
    "D_history_monotone": true,
    "stronger_load_control": true,
    "E_zero_rate": true,
    "damage_disabled": true,
    "F_fragmentation": true,
    "all_fixed_bases_unchanged": true
  },
  "results": {
    "A_no_load": {
      "macro_step": 3,
      "represented_cycles": 3000,
      "carrier_exposure_s": 0.003,
      "representative_time_s": 0.0029999999999999463,
      "mean_particle_damage": 0.0,
      "maximum_particle_damage": 0.0,
      "damaged_particle_fraction": 0.0,
      "broken_bond_fraction": 0.0,
      "maximum_displacement_um": 1.3552527156068805e-13,
      "minimum_J": 0.9999999999999993,
      "strain_energy_J": 5.204170427930526e-24,
      "stabilization_energy_J": 2.908171365551172e-38,
      "kinetic_energy_J": 3.6010455866298864e-36,
      "maximum_cycle_amplitude": 5.551115123125783e-16,
      "fixed_base_error_m": 0.0,
      "number_of_fragments": 1,
      "fragment_sizes": [
        96
      ],
      "fragment_volumes_m3": [
        1.8749999999999982e-10
      ],
      "largest_fragment_volume_m3": 1.8749999999999982e-10,
      "largest_fragment_fraction": 1.0,
      "detached_volume_fraction": 0.0
    },
    "B_small_uniform": {
      "macro_step": 3,
      "represented_cycles": 3000,
      "carrier_exposure_s": 0.003,
      "representative_time_s": 0.0029999999999999463,
      "mean_particle_damage": 0.0,
      "maximum_particle_damage": 0.0,
      "damaged_particle_fraction": 0.0,
      "broken_bond_fraction": 0.0,
      "maximum_displacement_um": 0.5978406218819584,
      "minimum_J": 0.9998710708050709,
      "strain_energy_J": 1.4780589511125455e-13,
      "stabilization_energy_J": 8.348684220801067e-15,
      "kinetic_energy_J": 6.254194583530425e-14,
      "maximum_cycle_amplitude": 0.0005002419985489226,
      "fixed_base_error_m": 0.0,
      "number_of_fragments": 1,
      "fragment_sizes": [
        96
      ],
      "fragment_volumes_m3": [
        1.8749999999999982e-10
      ],
      "largest_fragment_volume_m3": 1.8749999999999982e-10,
      "largest_fragment_fraction": 1.0,
      "detached_volume_fraction": 0.0
    },
    "C_localized": {
      "macro_step": 3,
      "represented_cycles": 3000,
      "carrier_exposure_s": 0.003,
      "representative_time_s": 0.0029999999999999463,
      "mean_particle_damage": 0.2274867891533855,
      "maximum_particle_damage": 0.5063924919970612,
      "damaged_particle_fraction": 1.0,
      "broken_bond_fraction": 0.03339041095890411,
      "maximum_displacement_um": 77.88022372206215,
      "minimum_J": 0.9823130896039416,
      "strain_energy_J": 1.994893396785308e-09,
      "stabilization_energy_J": 1.278101778415581e-10,
      "kinetic_energy_J": 6.302734844330428e-10,
      "maximum_cycle_amplitude": 0.10165265598077666,
      "fixed_base_error_m": 0.0,
      "number_of_fragments": 1,
      "fragment_sizes": [
        96
      ],
      "fragment_volumes_m3": [
        1.8749999999999982e-10
      ],
      "largest_fragment_volume_m3": 1.8749999999999982e-10,
      "largest_fragment_fraction": 1.0,
      "detached_volume_fraction": 0.0
    },
    "C_stronger_control": {
      "macro_step": 3,
      "represented_cycles": 3000,
      "carrier_exposure_s": 0.003,
      "representative_time_s": 0.0029999999999999463,
      "mean_particle_damage": 0.3064890461431487,
      "maximum_particle_damage": 0.6755218845662477,
      "damaged_particle_fraction": 1.0,
      "broken_bond_fraction": 0.09332191780821918,
      "maximum_displacement_um": 101.45967669828859,
      "minimum_J": 0.9781564884181386,
      "strain_energy_J": 2.8930747909966197e-09,
      "stabilization_energy_J": 2.16350320366876e-10,
      "kinetic_energy_J": 7.752229724236773e-10,
      "maximum_cycle_amplitude": 0.16408113572244476,
      "fixed_base_error_m": 0.0,
      "number_of_fragments": 1,
      "fragment_sizes": [
        96
      ],
      "fragment_volumes_m3": [
        1.8749999999999982e-10
      ],
      "largest_fragment_volume_m3": 1.8749999999999982e-10,
      "largest_fragment_fraction": 1.0,
      "detached_volume_fraction": 0.0
    },
    "E_zero_rate": {
      "macro_step": 3,
      "represented_cycles": 3000,
      "carrier_exposure_s": 0.003,
      "representative_time_s": 0.0029999999999999463,
      "mean_particle_damage": 0.0,
      "maximum_particle_damage": 0.0,
      "damaged_particle_fraction": 0.0,
      "broken_bond_fraction": 0.0,
      "maximum_displacement_um": 58.02694557665893,
      "minimum_J": 0.9870592618873346,
      "strain_energy_J": 1.4516260931036185e-09,
      "stabilization_energy_J": 7.06266170999715e-11,
      "kinetic_energy_J": 6.034059642508774e-10,
      "maximum_cycle_amplitude": 0.05461225913121326,
      "fixed_base_error_m": 0.0,
      "number_of_fragments": 1,
      "fragment_sizes": [
        96
      ],
      "fragment_volumes_m3": [
        1.8749999999999982e-10
      ],
      "largest_fragment_volume_m3": 1.8749999999999982e-10,
      "largest_fragment_fraction": 1.0,
      "detached_volume_fraction": 0.0
    },
    "damage_disabled": {
      "macro_step": 3,
      "represented_cycles": 3000,
      "carrier_exposure_s": 0.003,
      "representative_time_s": 0.0029999999999999463,
      "mean_particle_damage": 0.0,
      "maximum_particle_damage": 0.0,
      "damaged_particle_fraction": 0.0,
      "broken_bond_fraction": 0.0,
      "maximum_displacement_um": 58.02694557665893,
      "minimum_J": 0.9870592618873346,
      "strain_energy_J": 1.4516260931036185e-09,
      "stabilization_energy_J": 7.06266170999715e-11,
      "kinetic_energy_J": 6.034059642508774e-10,
      "maximum_cycle_amplitude": 0.05461225913121326,
      "fixed_base_error_m": 0.0,
      "number_of_fragments": 1,
      "fragment_sizes": [
        96
      ],
      "fragment_volumes_m3": [
        1.8749999999999982e-10
      ],
      "largest_fragment_volume_m3": 1.8749999999999982e-10,
      "largest_fragment_fraction": 1.0,
      "detached_volume_fraction": 0.0
    }
  },
  "artificial_fragmentation": {
    "number_of_fragments": 2,
    "fragment_sizes": [
      48,
      48
    ],
    "fragment_volumes_m3": [
      9.375000000000006e-11,
      9.375000000000006e-11
    ],
    "largest_fragment_volume_m3": 9.375000000000006e-11,
    "largest_fragment_fraction": 0.5,
    "detached_volume_fraction": 0.5
  },
  "limitations": "A-F software verification. Artificial cleavage is imposed kinematics; not ultrasound fragmentation."
}
