Traceback (most recent call last):
  File "/home/lzy/projects/clot_clearance/scripts/verify_campaign.py", line 56, in <module>
    if __name__=='__main__':main()
                            ~~~~^^
  File "/home/lzy/projects/clot_clearance/scripts/verify_campaign.py", line 52, in main
    write_json(output/'ACCEPTANCE.json',result);print(json.dumps(result,indent=2))
    ~~~~~~~~~~^^^^^^^^^^^^^^^^^^^^^^^^^^^^^^^^^
  File "/home/lzy/projects/clot_clearance/pd_clot/output.py", line 42, in write_json
    Path(path).write_text(json.dumps(data,indent=2,allow_nan=False)+'\n')
                          ~~~~~~~~~~^^^^^^^^^^^^^^^^^^^^^^^^^^^^^^^
  File "/home/lzy/miniconda3/lib/python3.13/json/__init__.py", line 242, in dumps
    **kw).encode(obj)
          ~~~~~~^^^^^
  File "/home/lzy/miniconda3/lib/python3.13/json/encoder.py", line 202, in encode
    chunks = self.iterencode(o, _one_shot=True)
  File "/home/lzy/miniconda3/lib/python3.13/json/encoder.py", line 263, in iterencode
    return _iterencode(o, 0)
  File "/home/lzy/miniconda3/lib/python3.13/json/encoder.py", line 182, in default
    raise TypeError(f'Object of type {o.__class__.__name__} '
                    f'is not JSON serializable')
TypeError: Object of type bool is not JSON serializable
