[ 50%] Building CXX object CMakeFiles/vascular_pure_fluid.dir/vascularPureFluid.cpp.o
In file included from /home/lzy/projects/hemocell_starter/palabos/src/gridRefinement/octreeGridGenerator.hh:47,
                 from /home/lzy/projects/hemocell_starter/palabos/src/gridRefinement/headers3D.hh:46,
                 from /home/lzy/projects/hemocell_starter/palabos/src/palabos3D.hh:43,
                 from /home/lzy/projects/hemocell_starter/test_code/step3_vascular_pure_fluid/vascularPureFluid.cpp:6:
/home/lzy/projects/hemocell_starter/palabos/src/offLattice/triangleSet.hh: In member function ‘bool plb::TriangleSet<T>::isAsciiSTL(FILE*) [with T = double]’:
/home/lzy/projects/hemocell_starter/palabos/src/offLattice/triangleSet.hh:265:16: warning: ignoring return value of ‘size_t fread(void*, size_t, size_t, FILE*)’ declared with attribute ‘warn_unused_result’ [-Wunused-result]
  265 |     (void)fread(buf, sizeof(char), PLB_CBUFSIZ, fp);  // TODO: (void) does not suppress warning. We
      |           ~~~~~^~~~~~~~~~~~~~~~~~~~~~~~~~~~~~~~~~~~
/home/lzy/projects/hemocell_starter/palabos/src/offLattice/triangleSet.hh:288:16: warning: ignoring return value of ‘size_t fread(void*, size_t, size_t, FILE*)’ declared with attribute ‘warn_unused_result’ [-Wunused-result]
  288 |     (void)fread(buf, sizeof(char), PLB_CBUFSIZ, fp);  // TODO: (void) does not suppress warning. We
      |           ~~~~~^~~~~~~~~~~~~~~~~~~~~~~~~~~~~~~~~~~~
/home/lzy/projects/hemocell_starter/palabos/src/offLattice/triangleSet.hh: In member function ‘void plb::TriangleSet<T>::readAsciiSTL(FILE*, plb::TriangleSelector<T>*) [with T = double]’:
/home/lzy/projects/hemocell_starter/palabos/src/offLattice/triangleSet.hh:310:16: warning: ignoring return value of ‘char* fgets(char*, int, FILE*)’ declared with attribute ‘warn_unused_result’ [-Wunused-result]
  310 |     (void)fgets(buf, PLB_CBUFSIZ, fp);  // TODO: (void) does not suppress warning. We should alway
      |           ~~~~~^~~~~~~~~~~~~~~~~~~~~~
/home/lzy/projects/hemocell_starter/palabos/src/offLattice/triangleSet.hh: In member function ‘void plb::TriangleSet<T>::readOFF(std::string, plb::TriangleSelector<T>*) [with T = double]’:
/home/lzy/projects/hemocell_starter/palabos/src/offLattice/triangleSet.hh:504:16: warning: ignoring return value of ‘char* fgets(char*, int, FILE*)’ declared with attribute ‘warn_unused_result’ [-Wunused-result]
  504 |     (void)fgets(buf, PLB_CBUFSIZ, fp);  // TODO: (void) does not suppress warning. We should alway
      |           ~~~~~^~~~~~~~~~~~~~~~~~~~~~
[100%] Linking CXX executable vascular_pure_fluid
[100%] Built target vascular_pure_fluid
	Command being timed: "/usr/bin/cmake --build /home/lzy/projects/compre_output/step3/20260913_002844/build -j 1"
	User time (seconds): 9.16
	System time (seconds): 0.92
	Percent of CPU this job got: 99%
	Elapsed (wall clock) time (h:mm:ss or m:ss): 0:10.14
	Average shared text size (kbytes): 0
	Average unshared data size (kbytes): 0
	Average stack size (kbytes): 0
	Average total size (kbytes): 0
	Maximum resident set size (kbytes): 736704
	Average resident set size (kbytes): 0
	Major (requiring I/O) page faults: 0
	Minor (reclaiming a frame) page faults: 377263
	Voluntary context switches: 63
	Involuntary context switches: 26
	Swaps: 0
	File system inputs: 16
	File system outputs: 124600
	Socket messages sent: 0
	Socket messages received: 0
	Signals delivered: 0
	Page size (bytes): 4096
	Exit status: 0
