NATIVE_CAP_TAGS_PASS triangles=191 profile_integral_error=0
STAGE 0 safe=1 rho=[1,1] Ma=0 Qin=-0 inlet_error=1 closure=0
STAGE 1 safe=1 rho=[1,1] Ma=0 Qin=-0 inlet_error=1 closure=0
STAGE 10 safe=1 rho=[0.99999707053198339,1.0000266064828791] Ma=2.5908284906485082e-05 Qin=5.8372754561572563e-16 inlet_error=0.78672047864780381 closure=2.8752700283158239
STAGE 100 safe=1 rho=[0.99999578825597302,1.0000405142522149] Ma=2.7164624615513499e-05 Qin=2.3306659200326166e-15 inlet_error=0.14843266248108863 closure=2.3587852194730123
STAGE 1000 safe=1 rho=[0.99999589665461286,1.0000395474670289] Ma=1.0624666536689791e-05 Qin=2.393002565633944e-15 inlet_error=0.12565640318613169 closure=1.5063678750451197
PURE_FLUID_COMPLETE timesteps=1000 CELL_COUNT=0
	Command being timed: "/usr/bin/mpirun -n 1 /home/lzy/projects/compre_output/step3/20260913_002844/build/vascular_pure_fluid /home/lzy/projects/compre_output/step3/20260913_002844"
	User time (seconds): 272.98
	System time (seconds): 2.75
	Percent of CPU this job got: 99%
	Elapsed (wall clock) time (h:mm:ss or m:ss): 4:36.32
	Average shared text size (kbytes): 0
	Average unshared data size (kbytes): 0
	Average stack size (kbytes): 0
	Average total size (kbytes): 0
	Maximum resident set size (kbytes): 1970960
	Average resident set size (kbytes): 0
	Major (requiring I/O) page faults: 5
	Minor (reclaiming a frame) page faults: 1136406
	Voluntary context switches: 1267
	Involuntary context switches: 582
	Swaps: 0
	File system inputs: 0
	File system outputs: 57776
	Socket messages sent: 0
	Socket messages received: 0
	Signals delivered: 0
	Page size (bytes): 4096
	Exit status: 0
