{
  "bc_api": "PASS",
  "lattice_units": "PASS",
  "preflight": {
    "status": "PASS",
    "expected_inlet_mean_velocity_m_s": 0.00034999995992566726,
    "inlet_area_m2": 7.819753007034155e-12,
    "equivalent_diameter_m": 3.1553793367228587e-06,
    "Re_inlet": 0.0003377316946187398,
    "expected_inlet_u_lu": 3.5659890557034867e-06,
    "expected_inlet_mach": 6.176474223713003e-06,
    "conservative_1000_step_speed_bound_m_s": 1.4080781384618235,
    "max_expected_mach": 0.02484845520848144,
    "pressure_speed_bound_assumption": "Full gauge pressure range across one dx for 1000dt without viscous damping; startup screening bound, not expected solution or mathematical stability proof.",
    "rho_lu_min_expected": 0.999995959623917,
    "rho_lu_max_expected": 1.0000389877128606,
    "max_pressure_density_deviation": 3.8987712860594215e-05,
    "tau": 1.0,
    "Q_lu": 0.0006978322124862894,
    "runtime_mach_limit": 0.05,
    "runtime_density_limits": [
      0.99,
      1.01
    ],
    "density_limit_rationale": "1% compressibility ceiling, much larger than imposed pressure offsets; selected for this candidate before execution, not inherited from old CFD."
  },
  "flux_planes": [
    {
      "port": "inlet",
      "label": 1,
      "outward_normal": [
        -7.007266199383469e-07,
        -6.027718016794421e-07,
        0.9999999999995729
      ],
      "cap_center_m": [
        0.00010367370563330126,
        5.7554233041039264e-05,
        0.00015880639888138026
      ],
      "center_m": [
        0.00010367370619359997,
        5.755423352301362e-05,
        0.000158006802158138
      ],
      "offset_inward_lu": 4,
      "offset_inward_m": 7.995967232426138e-07,
      "known_extension_length_m": 1.5708206574238363e-05,
      "full_plane_contour_count": 2,
      "selected_contour_count": 1,
      "selection": "Unique actual STL contour containing projected frozen cap center; extent <2 cap radius; distance inside first quarter of known artificial extension",
      "area_m2": 7.809451294598422e-12,
      "area_lu2": 195.43326693832154,
      "quadrature_points": 7272,
      "refined_triangles": 2424,
      "native_interpolation_node_flag_counts": {
        "2": 7786,
        "3": 29010,
        "4": 21380
      },
      "max_quadrature_triangle_edge_m": 1.9989918081065344e-07
    },
    {
      "port": "outlet_01",
      "label": 2,
      "outward_normal": [
        0.018388404769920114,
        0.8046101061009614,
        0.5935186970350784
      ],
      "cap_center_m": [
        0.000114478874948153,
        0.00015394596532480393,
        0.00016617610422877752
      ],
      "center_m": [
        0.00011446417163995332,
        0.00015330260172047771,
        0.00016570152862344504
      ],
      "offset_inward_lu": 4,
      "offset_inward_m": 7.995967232426138e-07,
      "known_extension_length_m": 1.1797441733582932e-05,
      "full_plane_contour_count": 1,
      "selected_contour_count": 1,
      "selection": "Unique actual STL contour containing projected frozen cap center; extent <2 cap radius; distance inside first quarter of known artificial extension",
      "area_m2": 4.413004767819842e-12,
      "area_lu2": 110.4364322479291,
      "quadrature_points": 5496,
      "refined_triangles": 1832,
      "native_interpolation_node_flag_counts": {
        "2": 6167,
        "3": 18737,
        "4": 19064
      },
      "max_quadrature_triangle_edge_m": 1.9989918081065344e-07
    },
    {
      "port": "outlet_02",
      "label": 3,
      "outward_normal": [
        -0.9010100696103183,
        -0.2746666844492976,
        -0.3357663874101153
      ],
      "cap_center_m": [
        8.0800058383901e-05,
        7.966215707512321e-05,
        0.00011273836139137068
      ],
      "center_m": [
        8.152050308317e-05,
        7.988177965599278e-05,
        0.00011300683909451881
      ],
      "offset_inward_lu": 4,
      "offset_inward_m": 7.995967232426138e-07,
      "known_extension_length_m": 1.1696299329081974e-05,
      "full_plane_contour_count": 1,
      "selected_contour_count": 1,
      "selection": "Unique actual STL contour containing projected frozen cap center; extent <2 cap radius; distance inside first quarter of known artificial extension",
      "area_m2": 4.313114809281649e-12,
      "area_lu2": 107.93666367328478,
      "quadrature_points": 4059,
      "refined_triangles": 1353,
      "native_interpolation_node_flag_counts": {
        "2": 4830,
        "3": 14565,
        "4": 13077
      },
      "max_quadrature_triangle_edge_m": 1.9989918081065344e-07
    },
    {
      "port": "outlet_03",
      "label": 4,
      "outward_normal": [
        0.9913380590746697,
        0.12599709605873874,
        -0.03706189977364442
      ],
      "cap_center_m": [
        0.00017810767760060634,
        0.0001383893240340422,
        0.00012967037042376975
      ],
      "center_m": [
        0.00017731500693694455,
        0.00013828857716889555,
        0.0001297000049973859
      ],
      "offset_inward_lu": 4,
      "offset_inward_m": 7.995967232426138e-07,
      "known_extension_length_m": 1.2692437375542347e-05,
      "full_plane_contour_count": 1,
      "selected_contour_count": 1,
      "selection": "Unique actual STL contour containing projected frozen cap center; extent <2 cap radius; distance inside first quarter of known artificial extension",
      "area_m2": 5.0941216628569844e-12,
      "area_lu2": 127.48153502692524,
      "quadrature_points": 5745,
      "refined_triangles": 1915,
      "native_interpolation_node_flag_counts": {
        "2": 5136,
        "3": 24291,
        "4": 16533
      },
      "max_quadrature_triangle_edge_m": 1.9989918081065344e-07
    }
  ]
}
