{
  "status": "AUTO_PASS_HUMAN_PENDING",
  "failed_checks": [],
  "final": {
    "iteration": 1000.0,
    "time_s": 2.0366810646671924e-06,
    "rho_min": 0.9999958966546129,
    "rho_max": 1.000039547467029,
    "rho_mean": 1.0000059979320886,
    "u_max_m_s": 0.0006020640137682854,
    "u_max_lu": 6.1341540850078595e-06,
    "mach_max": 1.0624666536689791e-05,
    "q_in_m3_s": 2.393002565633944e-15,
    "q_outlet_01_m3_s": -9.598005832259214e-17,
    "q_outlet_02_m3_s": -1.2953825597370832e-15,
    "q_outlet_03_m3_s": 1.7962299392209555e-16,
    "flow_closure": 1.5063678750451197,
    "inlet_target_error": 0.1256564031861317,
    "total_mass": 1.5410752681963664e-12,
    "relative_mass_drift": 5.997932088537499e-06,
    "inlet_outward_flux_m3_s": -2.393002565633944e-15,
    "net_outward_flux_m3_s": -3.604742189771524e-15,
    "startup_ramp": 1.0,
    "ghost_rho_min": 0.9999959001133019,
    "ghost_rho_max": 1.000039547467029,
    "ghost_mach_max": 9.673919251012765e-06
  },
  "integrity": "PASS"
}
