{"log_dir": "/home/lzy/projects/formal_3D_flow_solver/FEM/logs/stage01/20260917T191340_184927692_adapter", "returncode": 0, "wall_time_s": 0.6705592540001817}
{
  "input_units": "um",
  "solver_units": "m",
  "conversion_factor": 1e-06,
  "area_conversion_factor": 1e-12,
  "source_surface_sha256": "8820376703e1c51a5b27bca56f754d7125a524b95c8ad58205e2a185fcc1dc83",
  "source_contract_sha256": "0635c4929d83269a3af6b3758d2a7dbac9ebd6f7d2068c5e21f401c317675721",
  "welding": {
    "points_before_welding": 73416,
    "unique_points_after_welding": 33673,
    "merged_record_count": 39743,
    "maximum_merge_distance_m": 0.0,
    "welding_tolerance_m": 0.0,
    "triangle_count_before": 67262,
    "triangle_count_after": 67262,
    "retained_vertices_moved": 0,
    "method": "exact coordinate equality, deterministic lexicographic order",
    "unreferenced_unique_point_records": 40,
    "mesher_boundary_vertex_count": 33633,
    "unreferenced_record_policy": "Not geometric surface vertices: omit only records unused by every frozen triangle; all triangles unchanged"
  },
  "topology": {
    "boundary_edges": 0,
    "nonmanifold_edges": 0,
    "inconsistent_oriented_edges": 0,
    "connected_surface_components": 1
  },
  "boundary_edge_lengths_m": {
    "minimum": 2.1105991559864956e-08,
    "P5": 1.6647082220828074e-07,
    "median": 2.373172188617283e-07,
    "P95": 4.154742800457301e-07,
    "maximum": 3.158801975070192e-06
  },
  "facet_tag_meanings": {
    "1": "WALL",
    "2": "OUTLET_03",
    "3": "OUTLET_01",
    "4": "INLET",
    "5": "OUTLET_02"
  },
  "cell_tag_meanings": {
    "100": "FLUID"
  },
  "adapted_surface_sha256": "70f5a8968c1b0e68792af134a397229404fa3eb5f87db5d9c96ccc95dd1791af"
}


