Remote working directory: /workspace/formal_3D_flow_solver_FEM_lzy
$ ssh -p 4159 -o BatchMode=yes -o ConnectTimeout=15 -o ServerAliveInterval=30 -o ServerAliveCountMax=6 -o IdentitiesOnly=yes -i /home/lzy/.ssh/vast_step3b_ed25519 root@50.115.148.16 'python3 -B -'
Directory ownership check passed

$ rsync -az --itemize-changes --include=/logs/ '--include=/logs/stage01/***' --include=/outputs/ '--include=/outputs/stage01/***' --include=/reports/ '--include=/reports/stage01/***' '--exclude=*' -e 'ssh -p 4159 -o BatchMode=yes -o ConnectTimeout=15 -o ServerAliveInterval=30 -o ServerAliveCountMax=6 -o IdentitiesOnly=yes -i /home/lzy/.ssh/vast_step3b_ed25519' root@50.115.148.16:/workspace/formal_3D_flow_solver_FEM_lzy/ /home/lzy/projects/formal_3D_flow_solver/FEM/outputs/stage01/remote_return/
.d..tp..... ./
cd+++++++++ logs/
cd+++++++++ logs/stage01/
cd+++++++++ logs/stage01/20260917T191843_230215145_coarse_meshing/
>f+++++++++ logs/stage01/20260917T191843_230215145_coarse_meshing/metadata.json
>f+++++++++ logs/stage01/20260917T191843_230215145_coarse_meshing/stderr.log
>f+++++++++ logs/stage01/20260917T191843_230215145_coarse_meshing/stdout.log
cd+++++++++ logs/stage01/20260917T192235_811736127_coarse_topology_qc/
>f+++++++++ logs/stage01/20260917T192235_811736127_coarse_topology_qc/metadata.json
>f+++++++++ logs/stage01/20260917T192235_811736127_coarse_topology_qc/stderr.log
>f+++++++++ logs/stage01/20260917T192235_811736127_coarse_topology_qc/stdout.log
cd+++++++++ logs/stage01/20260917T192243_829156503_coarse_save/
>f+++++++++ logs/stage01/20260917T192243_829156503_coarse_save/metadata.json
>f+++++++++ logs/stage01/20260917T192243_829156503_coarse_save/stderr.log
>f+++++++++ logs/stage01/20260917T192243_829156503_coarse_save/stdout.log
cd+++++++++ logs/stage01/20260917T192252_013676372_coarse_reload_r1/
>f+++++++++ logs/stage01/20260917T192252_013676372_coarse_reload_r1/metadata.json
>f+++++++++ logs/stage01/20260917T192252_013676372_coarse_reload_r1/stderr.log
>f+++++++++ logs/stage01/20260917T192252_013676372_coarse_reload_r1/stdout.log
cd+++++++++ logs/stage01/20260917T192301_250360354_coarse_reload_r2/
>f+++++++++ logs/stage01/20260917T192301_250360354_coarse_reload_r2/metadata.json
>f+++++++++ logs/stage01/20260917T192301_250360354_coarse_reload_r2/stderr.log
>f+++++++++ logs/stage01/20260917T192301_250360354_coarse_reload_r2/stdout.log
cd+++++++++ outputs/
cd+++++++++ outputs/stage01/
cd+++++++++ outputs/stage01/coarse/
cd+++++++++ outputs/stage01/coarse/mesh/
>f+++++++++ outputs/stage01/coarse/mesh/fluid.h5
>f+++++++++ outputs/stage01/coarse/mesh/fluid.msh
>f+++++++++ outputs/stage01/coarse/mesh/fluid.xdmf
>f+++++++++ outputs/stage01/coarse/mesh/volume_mesh.npz
cd+++++++++ outputs/stage01/coarse/metadata/
>f+++++++++ outputs/stage01/coarse/metadata/dolfinx_save.json
>f+++++++++ outputs/stage01/coarse/metadata/meshing.json
cd+++++++++ outputs/stage01/coarse/qc/
>f+++++++++ outputs/stage01/coarse/qc/geometry_qc.json
>f+++++++++ outputs/stage01/coarse/qc/reload_r1.json
>f+++++++++ outputs/stage01/coarse/qc/reload_r2.json
cd+++++++++ reports/

