Remote working directory: /workspace/formal_3D_flow_solver_FEM_lzy
$ ssh -p 4159 -o BatchMode=yes -o ConnectTimeout=15 -o ServerAliveInterval=30 -o ServerAliveCountMax=6 -o IdentitiesOnly=yes -i /home/lzy/.ssh/vast_step3b_ed25519 root@50.115.148.16 'python3 -B -'
WSL source hashes verified

$ ssh -p 4159 -o BatchMode=yes -o ConnectTimeout=15 -o ServerAliveInterval=30 -o ServerAliveCountMax=6 -o IdentitiesOnly=yes -i /home/lzy/.ssh/vast_step3b_ed25519 root@50.115.148.16 'cd /workspace/formal_3D_flow_solver_FEM_lzy && remote/.env/bin/python -B scripts/record_run.py --label mesh_metadata_comparison --stage 1 --ranks 1 --remote-dir /workspace/formal_3D_flow_solver_FEM_lzy -- remote/.env/bin/python -B scripts/compare_stage01.py'
{"log_dir": "/workspace/formal_3D_flow_solver_FEM_lzy/logs/stage01/20260917T194104_647408534_mesh_metadata_comparison", "returncode": 0, "wall_time_s": 0.023645932029467076}
{
  "coarse": {
    "mesh_profile": "development_coarse",
    "requested_bulk_size_m": 1e-06,
    "vertex_count": 37224,
    "tetrahedron_count": 105979,
    "boundary_facet_count": 67262,
    "boundary_counts": {
      "WALL": 67071,
      "OUTLET_03": 49,
      "OUTLET_01": 44,
      "INLET": 56,
      "OUTLET_02": 42
    },
    "wall_time_s": 2.1951145110069774,
    "peak_rss_kib": 280964,
    "hard_gate_status": "PASS",
    "status": "CONDITIONAL PASS",
    "gpu_used": false,
    "mesh_sha256": "a997527c43339b97c1b4a6875a568eb5b53e38cac614a383565045a7089be60e",
    "run_id": "20260917T191843_230215145_coarse_meshing",
    "configuration_sha256": "a607ca3390477b3766bc5b1ed6cad194f08688d8880cc66922da2cd2076c7f49"
  },
  "medium": {
    "mesh_profile": "development_medium",
    "requested_bulk_size_m": 5e-07,
    "vertex_count": 42968,
    "tetrahedron_count": 147569,
    "boundary_facet_count": 67262,
    "boundary_counts": {
      "WALL": 67071,
      "OUTLET_03": 49,
      "OUTLET_01": 44,
      "INLET": 56,
      "OUTLET_02": 42
    },
    "wall_time_s": 2.742868806992192,
    "peak_rss_kib": 280948,
    "hard_gate_status": "PASS",
    "status": "CONDITIONAL PASS",
    "gpu_used": false,
    "mesh_sha256": "e2599cf8c759db77b9d8b44eb804cb808bd5e379f5087dfcc48763c65f86baaf",
    "run_id": "20260917T192831_486484705_medium_meshing",
    "configuration_sha256": "a607ca3390477b3766bc5b1ed6cad194f08688d8880cc66922da2cd2076c7f49"
  }
}



