Remote working directory: /workspace/formal_3D_flow_solver_FEM_lzy
$ ssh -p 4159 -o BatchMode=yes -o ConnectTimeout=15 -o ServerAliveInterval=30 -o ServerAliveCountMax=6 -o IdentitiesOnly=yes -i /home/lzy/.ssh/vast_step3b_ed25519 root@50.115.148.16 'python3 -B -'
Directory ownership check passed

$ rsync -az --itemize-changes --include=/logs/ '--include=/logs/stage01/***' --include=/outputs/ '--include=/outputs/stage01/***' --include=/reports/ '--include=/reports/stage01/***' '--exclude=*' -e 'ssh -p 4159 -o BatchMode=yes -o ConnectTimeout=15 -o ServerAliveInterval=30 -o ServerAliveCountMax=6 -o IdentitiesOnly=yes -i /home/lzy/.ssh/vast_step3b_ed25519' root@50.115.148.16:/workspace/formal_3D_flow_solver_FEM_lzy/ /home/lzy/projects/formal_3D_flow_solver/FEM/outputs/stage01/remote_return/
.d..t...... logs/stage01/
cd+++++++++ logs/stage01/20260917T192831_486484705_medium_meshing/
>f+++++++++ logs/stage01/20260917T192831_486484705_medium_meshing/metadata.json
>f+++++++++ logs/stage01/20260917T192831_486484705_medium_meshing/stderr.log
>f+++++++++ logs/stage01/20260917T192831_486484705_medium_meshing/stdout.log
cd+++++++++ logs/stage01/20260917T192844_305899697_medium_topology_qc/
>f+++++++++ logs/stage01/20260917T192844_305899697_medium_topology_qc/metadata.json
>f+++++++++ logs/stage01/20260917T192844_305899697_medium_topology_qc/stderr.log
>f+++++++++ logs/stage01/20260917T192844_305899697_medium_topology_qc/stdout.log
cd+++++++++ logs/stage01/20260917T192853_374765424_medium_save/
>f+++++++++ logs/stage01/20260917T192853_374765424_medium_save/metadata.json
>f+++++++++ logs/stage01/20260917T192853_374765424_medium_save/stderr.log
>f+++++++++ logs/stage01/20260917T192853_374765424_medium_save/stdout.log
cd+++++++++ logs/stage01/20260917T192901_802866971_medium_reload_r1/
>f+++++++++ logs/stage01/20260917T192901_802866971_medium_reload_r1/metadata.json
>f+++++++++ logs/stage01/20260917T192901_802866971_medium_reload_r1/stderr.log
>f+++++++++ logs/stage01/20260917T192901_802866971_medium_reload_r1/stdout.log
cd+++++++++ logs/stage01/20260917T192910_823875114_medium_reload_r2/
>f+++++++++ logs/stage01/20260917T192910_823875114_medium_reload_r2/metadata.json
>f+++++++++ logs/stage01/20260917T192910_823875114_medium_reload_r2/stderr.log
>f+++++++++ logs/stage01/20260917T192910_823875114_medium_reload_r2/stdout.log
.d..t...... outputs/stage01/
cd+++++++++ outputs/stage01/medium/
cd+++++++++ outputs/stage01/medium/mesh/
>f+++++++++ outputs/stage01/medium/mesh/fluid.h5
>f+++++++++ outputs/stage01/medium/mesh/fluid.msh
>f+++++++++ outputs/stage01/medium/mesh/fluid.xdmf
>f+++++++++ outputs/stage01/medium/mesh/volume_mesh.npz
cd+++++++++ outputs/stage01/medium/metadata/
>f+++++++++ outputs/stage01/medium/metadata/dolfinx_save.json
>f+++++++++ outputs/stage01/medium/metadata/meshing.json
cd+++++++++ outputs/stage01/medium/qc/
>f+++++++++ outputs/stage01/medium/qc/geometry_qc.json
>f+++++++++ outputs/stage01/medium/qc/reload_r1.json
>f+++++++++ outputs/stage01/medium/qc/reload_r2.json

