{"log_dir": "/home/lzy/projects/formal_3D_flow_solver/FEM/logs/stage01/20260917T194210_712246317_build_final_report", "returncode": 0, "wall_time_s": 0.09184844799983694}
Stage 1 completed.

coarse:
    tetrahedra = 105979
    vertices = 37224
    boundary facets = 67262
    status = CONDITIONAL PASS

medium:
    tetrahedra = 147569
    vertices = 42968
    boundary facets = 67262
    status = CONDITIONAL PASS

tests:
    passed = 61
    failed = 0
    skipped = 1

report:
    reports/stage01/REPORT.md

human review required:
    mesh_quality_distribution.png
    boundary_tags.png
    tetrahedral_cutaway.png
    worst_elements.png
    port_closeups.png

STAGE 1 STATUS: CONDITIONAL PASS
Stage 2 not started.



