Remote working directory: /workspace/formal_3D_flow_solver_FEM_lzy
$ ssh -p 4159 -o BatchMode=yes -o ConnectTimeout=15 -o ServerAliveInterval=30 -o ServerAliveCountMax=6 -o IdentitiesOnly=yes -i /home/lzy/.ssh/vast_step3b_ed25519 root@50.115.148.16 'python3 -B -'
Directory ownership check passed

$ rsync -az --relative --itemize-changes --exclude=__pycache__/ '--exclude=.*' --exclude=connection.local.json -e 'ssh -p 4159 -o BatchMode=yes -o ConnectTimeout=15 -o ServerAliveInterval=30 -o ServerAliveCountMax=6 -o IdentitiesOnly=yes -i /home/lzy/.ssh/vast_step3b_ed25519' /home/lzy/projects/formal_3D_flow_solver/FEM/./pyproject.toml /home/lzy/projects/formal_3D_flow_solver/FEM/./README.md /home/lzy/projects/formal_3D_flow_solver/FEM/./src /home/lzy/projects/formal_3D_flow_solver/FEM/./scripts /home/lzy/projects/formal_3D_flow_solver/FEM/./tests /home/lzy/projects/formal_3D_flow_solver/FEM/./configs /home/lzy/projects/formal_3D_flow_solver/FEM/./remote /home/lzy/projects/formal_3D_flow_solver/FEM/./inputs root@50.115.148.16:/workspace/formal_3D_flow_solver_FEM_lzy/
.d..t...... configs/
<f+++++++++ configs/meshing.json
<f+++++++++ configs/stage01_source_lock.json
.d..t...... inputs/
cd+++++++++ inputs/stage01/
<f+++++++++ inputs/stage01/source_contract.json
<f+++++++++ inputs/stage01/surface_adapter.json
<f+++++++++ inputs/stage01/tagged_surface_si.npz
<f.st...... remote/source_manifest.json
.d..t...... scripts/
<f+++++++++ scripts/mesh_stage01.py
<f+++++++++ scripts/prepare_stage01_surface.py
<f.st...... scripts/record_run.py
<f.st...... scripts/remote_control.py
.d..t...... src/fem3d/
<f+++++++++ src/fem3d/mesh_input.py
.d..t...... tests/
<f+++++++++ tests/test_stage01_source_contract.py
<f+++++++++ tests/test_stage01_vertex_welding.py

