Remote working directory: /workspace/formal_3D_flow_solver_FEM_lzy
$ ssh -p 4159 -o BatchMode=yes -o ConnectTimeout=15 -o ServerAliveInterval=30 -o ServerAliveCountMax=6 -o IdentitiesOnly=yes -i /home/lzy/.ssh/vast_step3b_ed25519 root@50.115.148.16 'python3 -B -'
Directory ownership check passed

$ rsync -az --relative --itemize-changes --exclude=__pycache__/ '--exclude=.*' --exclude=connection.local.json -e 'ssh -p 4159 -o BatchMode=yes -o ConnectTimeout=15 -o ServerAliveInterval=30 -o ServerAliveCountMax=6 -o IdentitiesOnly=yes -i /home/lzy/.ssh/vast_step3b_ed25519' /home/lzy/projects/formal_3D_flow_solver/FEM/./pyproject.toml /home/lzy/projects/formal_3D_flow_solver/FEM/./README.md /home/lzy/projects/formal_3D_flow_solver/FEM/./src /home/lzy/projects/formal_3D_flow_solver/FEM/./scripts /home/lzy/projects/formal_3D_flow_solver/FEM/./tests /home/lzy/projects/formal_3D_flow_solver/FEM/./configs /home/lzy/projects/formal_3D_flow_solver/FEM/./remote /home/lzy/projects/formal_3D_flow_solver/FEM/./inputs root@50.115.148.16:/workspace/formal_3D_flow_solver_FEM_lzy/
.d..t...... inputs/stage01/
<f+++++++++ inputs/stage01/coarse_gate.json
<f.st...... remote/source_manifest.json
.d..t...... scripts/
<f+++++++++ scripts/collect_stage01.py
<f+++++++++ scripts/gate_stage01_coarse.py
<f.st...... scripts/mesh_stage01.py
<f+++++++++ scripts/render_stage01.py
.d..t...... tests/
<f+++++++++ tests/conftest.py
<f.st...... tests/test_stage00.py
<f+++++++++ tests/test_stage01_boundary_partition.py
<f+++++++++ tests/test_stage01_geometry_fidelity.py
<f+++++++++ tests/test_stage01_mesh_roundtrip.py
<f+++++++++ tests/test_stage01_visual_artifacts.py
<f+++++++++ tests/test_stage01_volume_mesh.py

