Directory ownership check passed
.d..tp..... ./
cd+++++++++ logs/
cd+++++++++ logs/stage01_6/
cd+++++++++ logs/stage01_6/20260917T220155_766668187_sparse_A_surface/
>f+++++++++ logs/stage01_6/20260917T220155_766668187_sparse_A_surface/metadata.json
>f+++++++++ logs/stage01_6/20260917T220155_766668187_sparse_A_surface/stderr.log
>f+++++++++ logs/stage01_6/20260917T220155_766668187_sparse_A_surface/stdout.log
cd+++++++++ logs/stage01_6/20260917T220313_694505023_sparse_B_surface/
>f+++++++++ logs/stage01_6/20260917T220313_694505023_sparse_B_surface/metadata.json
>f+++++++++ logs/stage01_6/20260917T220313_694505023_sparse_B_surface/stderr.log
>f+++++++++ logs/stage01_6/20260917T220313_694505023_sparse_B_surface/stdout.log
cd+++++++++ logs/stage01_6/20260917T220321_753542293_sparse_C_surface/
>f+++++++++ logs/stage01_6/20260917T220321_753542293_sparse_C_surface/metadata.json
>f+++++++++ logs/stage01_6/20260917T220321_753542293_sparse_C_surface/stderr.log
>f+++++++++ logs/stage01_6/20260917T220321_753542293_sparse_C_surface/stdout.log
cd+++++++++ outputs/
cd+++++++++ outputs/stage01_6/
cd+++++++++ outputs/stage01_6/sparse_A/
cd+++++++++ outputs/stage01_6/sparse_A/metadata/
>f+++++++++ outputs/stage01_6/sparse_A/metadata/cap_remesh.json
cd+++++++++ outputs/stage01_6/sparse_A/qc/
>f+++++++++ outputs/stage01_6/sparse_A/qc/cap_quality.npz
>f+++++++++ outputs/stage01_6/sparse_A/qc/surface_invariants.json
cd+++++++++ outputs/stage01_6/sparse_A/surface/
>f+++++++++ outputs/stage01_6/sparse_A/surface/tagged_surface_si.npz
cd+++++++++ outputs/stage01_6/sparse_B/
cd+++++++++ outputs/stage01_6/sparse_B/metadata/
>f+++++++++ outputs/stage01_6/sparse_B/metadata/cap_remesh.json
cd+++++++++ outputs/stage01_6/sparse_B/qc/
>f+++++++++ outputs/stage01_6/sparse_B/qc/cap_quality.npz
>f+++++++++ outputs/stage01_6/sparse_B/qc/surface_invariants.json
cd+++++++++ outputs/stage01_6/sparse_B/surface/
>f+++++++++ outputs/stage01_6/sparse_B/surface/tagged_surface_si.npz
cd+++++++++ outputs/stage01_6/sparse_C/
cd+++++++++ outputs/stage01_6/sparse_C/metadata/
>f+++++++++ outputs/stage01_6/sparse_C/metadata/cap_remesh.json
cd+++++++++ outputs/stage01_6/sparse_C/qc/
>f+++++++++ outputs/stage01_6/sparse_C/qc/cap_quality.npz
>f+++++++++ outputs/stage01_6/sparse_C/qc/surface_invariants.json
cd+++++++++ outputs/stage01_6/sparse_C/surface/
>f+++++++++ outputs/stage01_6/sparse_C/surface/tagged_surface_si.npz
cd+++++++++ reports/
