Stats at timestep 1 (simulation time 0.000001):
	One timestep takes 12.54 ms	Number of particles (total, min/proc, max/proc): 4096,  4096,  4096
	Average momentum: [-1.018634e-09 -1.804437e-09 -9.895302e-10]
	Max velocity magnitude: 4.472370
	Temperature: 0.9975

Stats at timestep 201 (simulation time 0.000201):
	One timestep takes 0.01 ms	Number of particles (total, min/proc, max/proc): 4096,  4096,  4096
	Average momentum: [2.648449e-09 -3.296009e-09 -6.286427e-09]
	Max velocity magnitude: 4.364168
	Temperature: 0.9996

Stats at timestep 401 (simulation time 0.000401):
	One timestep takes 0.01 ms	Number of particles (total, min/proc, max/proc): 4096,  4096,  4096
	Average momentum: [-2.328306e-10 1.380977e-08 -1.065200e-08]
	Max velocity magnitude: 4.326430
	Temperature: 0.9998

Stats at timestep 601 (simulation time 0.000601):
	One timestep takes 0.01 ms	Number of particles (total, min/proc, max/proc): 4096,  4096,  4096
	Average momentum: [-8.629286e-09 1.481385e-08 -1.277658e-08]
	Max velocity magnitude: 4.405587
	Temperature: 1.0000

Stats at timestep 801 (simulation time 0.000801):
	One timestep takes 0.01 ms	Number of particles (total, min/proc, max/proc): 4096,  4096,  4096
	Average momentum: [-2.110028e-09 2.868182e-08 -1.586159e-08]
	Max velocity magnitude: 4.445247
	Temperature: 1.0012

Stats at timestep 1001 (simulation time 0.001001):
	One timestep takes 0.01 ms	Number of particles (total, min/proc, max/proc): 4096,  4096,  4096
	Average momentum: [2.488378e-09 2.974411e-08 -1.267472e-08]
	Max velocity magnitude: 4.365495
	Temperature: 0.9988

Stats at timestep 1201 (simulation time 0.001201):
	One timestep takes 0.01 ms	Number of particles (total, min/proc, max/proc): 4096,  4096,  4096
	Average momentum: [1.372246e-08 2.626621e-08 1.266017e-09]
	Max velocity magnitude: 4.501649
	Temperature: 1.0021

Stats at timestep 1401 (simulation time 0.001401):
	One timestep takes 0.01 ms	Number of particles (total, min/proc, max/proc): 4096,  4096,  4096
	Average momentum: [8.411007e-09 2.904562e-08 8.731149e-11]
	Max velocity magnitude: 4.359775
	Temperature: 1.0039

Stats at timestep 1601 (simulation time 0.001601):
	One timestep takes 0.02 ms	Number of particles (total, min/proc, max/proc): 4096,  4096,  4096
	Average momentum: [2.779416e-09 2.673187e-08 -1.105946e-09]
	Max velocity magnitude: 4.300177
	Temperature: 1.0076

Stats at timestep 1801 (simulation time 0.001801):
	One timestep takes 0.01 ms	Number of particles (total, min/proc, max/proc): 4096,  4096,  4096
	Average momentum: [1.271837e-08 2.338493e-08 3.419700e-09]
	Max velocity magnitude: 4.416707
	Temperature: 1.0065

Stats at timestep 2001 (simulation time 0.002001):
	One timestep takes 0.01 ms	Number of particles (total, min/proc, max/proc): 4096,  4096,  4096
	Average momentum: [7.523340e-09 3.419700e-08 5.456968e-09]
	Max velocity magnitude: 4.572529
	Temperature: 1.0033

Stats at timestep 2201 (simulation time 0.002201):
	One timestep takes 0.01 ms	Number of particles (total, min/proc, max/proc): 4096,  4096,  4096
	Average momentum: [1.280569e-09 2.954039e-08 -2.255547e-09]
	Max velocity magnitude: 4.402788
	Temperature: 1.0076

Stats at timestep 2401 (simulation time 0.002401):
	One timestep takes 0.01 ms	Number of particles (total, min/proc, max/proc): 4096,  4096,  4096
	Average momentum: [-2.488378e-09 2.791057e-08 -1.746230e-10]
	Max velocity magnitude: 4.347315
	Temperature: 1.0068

Stats at timestep 2601 (simulation time 0.002601):
	One timestep takes 0.01 ms	Number of particles (total, min/proc, max/proc): 4096,  4096,  4096
	Average momentum: [1.906301e-09 1.915032e-08 -8.833013e-09]
	Max velocity magnitude: 4.485356
	Temperature: 1.0086

Stats at timestep 2801 (simulation time 0.002801):
	One timestep takes 0.01 ms	Number of particles (total, min/proc, max/proc): 4096,  4096,  4096
	Average momentum: [5.733455e-09 2.353045e-08 -8.934876e-09]
	Max velocity magnitude: 4.484114
	Temperature: 1.0040

Stats at timestep 3001 (simulation time 0.003001):
	One timestep takes 0.01 ms	Number of particles (total, min/proc, max/proc): 4096,  4096,  4096
	Average momentum: [5.820766e-10 2.431625e-08 -8.207280e-09]
	Max velocity magnitude: 4.693172
	Temperature: 1.0051

Stats at timestep 3201 (simulation time 0.003201):
	One timestep takes 0.01 ms	Number of particles (total, min/proc, max/proc): 4096,  4096,  4096
	Average momentum: [-1.225271e-08 2.211891e-08 -6.926712e-09]
	Max velocity magnitude: 4.675340
	Temperature: 1.0028

Stats at timestep 3401 (simulation time 0.003401):
	One timestep takes 0.02 ms	Number of particles (total, min/proc, max/proc): 4096,  4096,  4096
	Average momentum: [-1.586886e-08 2.354500e-08 -1.014268e-08]
	Max velocity magnitude: 4.573748
	Temperature: 1.0055

Stats at timestep 3601 (simulation time 0.003601):
	One timestep takes 0.01 ms	Number of particles (total, min/proc, max/proc): 4096,  4096,  4096
	Average momentum: [-1.040462e-08 6.795744e-09 -7.494236e-10]
	Max velocity magnitude: 4.467214
	Temperature: 1.0050

Stats at timestep 3801 (simulation time 0.003801):
	One timestep takes 0.01 ms	Number of particles (total, min/proc, max/proc): 4096,  4096,  4096
	Average momentum: [-5.267793e-09 3.798050e-09 -6.446498e-09]
	Max velocity magnitude: 4.539435
	Temperature: 1.0040

