18:06:02:318  Rank 0001    INFO at /home/lzy/projects/mirheo_starter/vendor/Mirheo/src/mirheo/core/logger.cpp:100 Compiled with maximum debug level 10
18:06:02:318  Rank 0001    INFO at /home/lzy/projects/mirheo_starter/vendor/Mirheo/src/mirheo/core/logger.cpp:102 Debug level requested 3, set to 3
18:06:02:318  Rank 0001    INFO at /home/lzy/projects/mirheo_starter/vendor/Mirheo/src/mirheo/core/mirheo.cpp:110 Program started, splitting communicator
18:06:02:318  Rank 0001    INFO at /home/lzy/projects/mirheo_starter/vendor/Mirheo/src/mirheo/core/postproc.cpp:24 Postprocessing initialized
18:06:02:319  Rank 0001    INFO at /home/lzy/projects/mirheo_starter/vendor/Mirheo/src/mirheo/core/postproc.cpp:31 New plugin registered: stats
18:06:02:319  Rank 0001    INFO at /home/lzy/projects/mirheo_starter/vendor/Mirheo/src/mirheo/core/postproc.cpp:31 New plugin registered: pressure
18:06:02:695  Rank 0001    INFO at /home/lzy/projects/mirheo_starter/vendor/Mirheo/src/mirheo/core/postproc.cpp:111 Postprocess is listening to messages now
18:06:02:871  Rank 0001    INFO at /home/lzy/projects/mirheo_starter/vendor/Mirheo/src/mirheo/core/postproc.cpp:122 Postprocess got a stopping message and will stop now
18:06:02:878  Rank 0001    INFO at /home/lzy/projects/mirheo_starter/vendor/Mirheo/src/mirheo/core/postproc.cpp:111 Postprocess is listening to messages now
18:06:03:065  Rank 0001    INFO at /home/lzy/projects/mirheo_starter/vendor/Mirheo/src/mirheo/core/postproc.cpp:122 Postprocess got a stopping message and will stop now
18:06:03:070  Rank 0001    INFO at /home/lzy/projects/mirheo_starter/vendor/Mirheo/src/mirheo/core/postproc.cpp:111 Postprocess is listening to messages now
18:06:03:233  Rank 0001    INFO at /home/lzy/projects/mirheo_starter/vendor/Mirheo/src/mirheo/core/postproc.cpp:122 Postprocess got a stopping message and will stop now
18:06:03:240  Rank 0001    INFO at /home/lzy/projects/mirheo_starter/vendor/Mirheo/src/mirheo/core/postproc.cpp:111 Postprocess is listening to messages now
18:06:03:401  Rank 0001    INFO at /home/lzy/projects/mirheo_starter/vendor/Mirheo/src/mirheo/core/postproc.cpp:122 Postprocess got a stopping message and will stop now
18:06:03:409  Rank 0001    INFO at /home/lzy/projects/mirheo_starter/vendor/Mirheo/src/mirheo/core/postproc.cpp:111 Postprocess is listening to messages now
18:06:03:568  Rank 0001    INFO at /home/lzy/projects/mirheo_starter/vendor/Mirheo/src/mirheo/core/postproc.cpp:122 Postprocess got a stopping message and will stop now
18:06:03:574  Rank 0001    INFO at /home/lzy/projects/mirheo_starter/vendor/Mirheo/src/mirheo/core/postproc.cpp:111 Postprocess is listening to messages now
18:06:03:747  Rank 0001    INFO at /home/lzy/projects/mirheo_starter/vendor/Mirheo/src/mirheo/core/postproc.cpp:122 Postprocess got a stopping message and will stop now
18:06:03:752  Rank 0001    INFO at /home/lzy/projects/mirheo_starter/vendor/Mirheo/src/mirheo/core/postproc.cpp:111 Postprocess is listening to messages now
18:06:03:905  Rank 0001    INFO at /home/lzy/projects/mirheo_starter/vendor/Mirheo/src/mirheo/core/postproc.cpp:122 Postprocess got a stopping message and will stop now
18:06:03:910  Rank 0001    INFO at /home/lzy/projects/mirheo_starter/vendor/Mirheo/src/mirheo/core/postproc.cpp:111 Postprocess is listening to messages now
18:06:04:063  Rank 0001    INFO at /home/lzy/projects/mirheo_starter/vendor/Mirheo/src/mirheo/core/postproc.cpp:122 Postprocess got a stopping message and will stop now
18:06:04:070  Rank 0001    INFO at /home/lzy/projects/mirheo_starter/vendor/Mirheo/src/mirheo/core/postproc.cpp:111 Postprocess is listening to messages now
18:06:04:221  Rank 0001    INFO at /home/lzy/projects/mirheo_starter/vendor/Mirheo/src/mirheo/core/postproc.cpp:122 Postprocess got a stopping message and will stop now
18:06:04:228  Rank 0001    INFO at /home/lzy/projects/mirheo_starter/vendor/Mirheo/src/mirheo/core/postproc.cpp:111 Postprocess is listening to messages now
18:06:04:377  Rank 0001    INFO at /home/lzy/projects/mirheo_starter/vendor/Mirheo/src/mirheo/core/postproc.cpp:122 Postprocess got a stopping message and will stop now
