18:06:02:317  Rank 0000    INFO at /home/lzy/projects/mirheo_starter/vendor/Mirheo/src/mirheo/core/logger.cpp:100 Compiled with maximum debug level 10
18:06:02:317  Rank 0000    INFO at /home/lzy/projects/mirheo_starter/vendor/Mirheo/src/mirheo/core/logger.cpp:102 Debug level requested 3, set to 3
18:06:02:317  Rank 0000    INFO at /home/lzy/projects/mirheo_starter/vendor/Mirheo/src/mirheo/core/mirheo.cpp:110 Program started, splitting communicator
18:06:02:318  Rank 0000    INFO at /home/lzy/projects/mirheo_starter/vendor/Mirheo/src/mirheo/core/mirheo.cpp:56 Detected 1 ranks per node, my intra-node ID will be 0
18:06:02:490  Rank 0000    INFO at /home/lzy/projects/mirheo_starter/vendor/Mirheo/src/mirheo/core/mirheo.cpp:63 Found 1 GPUs per node, will use GPU 0
18:06:02:675  Rank 0000    INFO at /home/lzy/projects/mirheo_starter/vendor/Mirheo/src/mirheo/core/simulation.cpp:161 Simulation initialized, subdomain size is [8.000000 8.000000 8.000000], subdomain starts at [0.000000 0.000000 0.000000]
18:06:02:676  Rank 0000    INFO at /home/lzy/projects/mirheo_starter/vendor/Mirheo/src/mirheo/core/pvs/data_manager.h:125 Creating new channel 'positions' of type '6float4'
18:06:02:676  Rank 0000    INFO at /home/lzy/projects/mirheo_starter/vendor/Mirheo/src/mirheo/core/pvs/data_manager.h:125 Creating new channel 'velocities' of type '6float4'
18:06:02:676  Rank 0000    INFO at /home/lzy/projects/mirheo_starter/vendor/Mirheo/src/mirheo/core/pvs/data_manager.h:125 Creating new channel '__forces' of type 'N6mirheo5ForceE'
18:06:02:676  Rank 0000    INFO at /home/lzy/projects/mirheo_starter/vendor/Mirheo/src/mirheo/core/pvs/data_manager.h:125 Creating new channel 'positions' of type '6float4'
18:06:02:676  Rank 0000    INFO at /home/lzy/projects/mirheo_starter/vendor/Mirheo/src/mirheo/core/pvs/data_manager.h:125 Creating new channel 'velocities' of type '6float4'
18:06:02:676  Rank 0000    INFO at /home/lzy/projects/mirheo_starter/vendor/Mirheo/src/mirheo/core/pvs/data_manager.h:125 Creating new channel '__forces' of type 'N6mirheo5ForceE'
18:06:02:676  Rank 0000    INFO at /home/lzy/projects/mirheo_starter/vendor/Mirheo/src/mirheo/core/pvs/data_manager.h:125 Creating new channel 'old_positions' of type '6float4'
18:06:02:676  Rank 0000    INFO at /home/lzy/projects/mirheo_starter/vendor/Mirheo/src/mirheo/core/pvs/data_manager.h:125 Creating new channel 'old_positions' of type '6float4'
18:06:02:682  Rank 0000    INFO at /home/lzy/projects/mirheo_starter/vendor/Mirheo/src/mirheo/core/simulation.cpp:313 Registered particle vector 'pv', 4096 particles
18:06:02:689  Rank 0000    INFO at /home/lzy/projects/mirheo_starter/vendor/Mirheo/src/mirheo/core/simulation.cpp:1311 Simulation initiated
18:06:02:689  Rank 0000    INFO at /home/lzy/projects/mirheo_starter/vendor/Mirheo/src/mirheo/core/simulation.cpp:579 Preparing cell-lists
18:06:02:689  Rank 0000    INFO at /home/lzy/projects/mirheo_starter/vendor/Mirheo/src/mirheo/core/pvs/data_manager.h:125 Creating new channel 'positions' of type '6float4'
18:06:02:689  Rank 0000    INFO at /home/lzy/projects/mirheo_starter/vendor/Mirheo/src/mirheo/core/pvs/data_manager.h:125 Creating new channel 'velocities' of type '6float4'
18:06:02:689  Rank 0000    INFO at /home/lzy/projects/mirheo_starter/vendor/Mirheo/src/mirheo/core/pvs/data_manager.h:125 Creating new channel '__forces' of type 'N6mirheo5ForceE'
18:06:02:690  Rank 0000    INFO at /home/lzy/projects/mirheo_starter/vendor/Mirheo/src/mirheo/core/simulation.cpp:653 Preparing interactions
18:06:02:690  Rank 0000    INFO at /home/lzy/projects/mirheo_starter/vendor/Mirheo/src/mirheo/core/pvs/data_manager.h:125 Creating new channel 'stresses' of type 'N6mirheo6StressE'
18:06:02:690  Rank 0000    INFO at /home/lzy/projects/mirheo_starter/vendor/Mirheo/src/mirheo/core/pvs/data_manager.h:125 Creating new channel 'stresses' of type 'N6mirheo6StressE'
18:06:02:690  Rank 0000    INFO at /home/lzy/projects/mirheo_starter/vendor/Mirheo/src/mirheo/core/pvs/data_manager.h:125 Creating new channel 'stresses' of type 'N6mirheo6StressE'
18:06:02:690  Rank 0000    INFO at /home/lzy/projects/mirheo_starter/vendor/Mirheo/src/mirheo/core/simulation.cpp:687 Preparing object bouncers
18:06:02:690  Rank 0000    INFO at /home/lzy/projects/mirheo_starter/vendor/Mirheo/src/mirheo/core/simulation.cpp:716 Preparing walls
18:06:02:690  Rank 0000    INFO at /home/lzy/projects/mirheo_starter/vendor/Mirheo/src/mirheo/core/simulation.cpp:746 Preparing plugins
18:06:02:690  Rank 0000    INFO at /home/lzy/projects/mirheo_starter/vendor/Mirheo/src/mirheo/core/field/from_function.cpp:35 Setting up field 'field_pressure'
18:06:02:694  Rank 0000    INFO at /home/lzy/projects/mirheo_starter/vendor/Mirheo/src/mirheo/plugins/virial_pressure.cu:64 Plugin pressure initialized for the following particle vector: pv
18:06:02:694  Rank 0000    INFO at /home/lzy/projects/mirheo_starter/vendor/Mirheo/src/mirheo/core/simulation.cpp:752 done Preparing plugins
18:06:02:694  Rank 0000    INFO at /home/lzy/projects/mirheo_starter/vendor/Mirheo/src/mirheo/core/exchangers/particle_redistributor.cu:159 Particle redistributor takes pv 'pv'
18:06:02:694  Rank 0000    INFO at /home/lzy/projects/mirheo_starter/vendor/Mirheo/src/mirheo/core/exchangers/particle_halo_exchanger.cu:170 Particle halo exchanger takes pv 'pv' with celllist of rc = 1, with channels: 'positions' 'velocities' 
18:06:02:694  Rank 0000    INFO at /home/lzy/projects/mirheo_starter/vendor/Mirheo/src/mirheo/core/simulation.cpp:1326 Time-step is set to 0.002000
18:06:02:695  Rank 0000    INFO at /home/lzy/projects/mirheo_starter/vendor/Mirheo/src/mirheo/core/simulation.cpp:909 Splitting particle vectors with respect to object belonging
18:06:02:695  Rank 0000    INFO at /home/lzy/projects/mirheo_starter/vendor/Mirheo/src/mirheo/core/simulation.cpp:1344 Will run 200 iterations now
18:06:02:871  Rank 0000    INFO at /home/lzy/projects/mirheo_starter/vendor/Mirheo/src/mirheo/core/simulation.cpp:1360 Finished with 200 iterations
18:06:02:875  Rank 0000    INFO at /home/lzy/projects/mirheo_starter/vendor/Mirheo/src/mirheo/core/simulation.cpp:1311 Simulation initiated
18:06:02:875  Rank 0000    INFO at /home/lzy/projects/mirheo_starter/vendor/Mirheo/src/mirheo/core/simulation.cpp:579 Preparing cell-lists
18:06:02:875  Rank 0000    INFO at /home/lzy/projects/mirheo_starter/vendor/Mirheo/src/mirheo/core/pvs/data_manager.h:125 Creating new channel 'positions' of type '6float4'
18:06:02:875  Rank 0000    INFO at /home/lzy/projects/mirheo_starter/vendor/Mirheo/src/mirheo/core/pvs/data_manager.h:125 Creating new channel 'velocities' of type '6float4'
18:06:02:875  Rank 0000    INFO at /home/lzy/projects/mirheo_starter/vendor/Mirheo/src/mirheo/core/pvs/data_manager.h:125 Creating new channel '__forces' of type 'N6mirheo5ForceE'
18:06:02:875  Rank 0000    INFO at /home/lzy/projects/mirheo_starter/vendor/Mirheo/src/mirheo/core/simulation.cpp:653 Preparing interactions
18:06:02:875  Rank 0000    INFO at /home/lzy/projects/mirheo_starter/vendor/Mirheo/src/mirheo/core/pvs/data_manager.h:125 Creating new channel 'stresses' of type 'N6mirheo6StressE'
18:06:02:875  Rank 0000    INFO at /home/lzy/projects/mirheo_starter/vendor/Mirheo/src/mirheo/core/simulation.cpp:687 Preparing object bouncers
18:06:02:875  Rank 0000    INFO at /home/lzy/projects/mirheo_starter/vendor/Mirheo/src/mirheo/core/simulation.cpp:716 Preparing walls
18:06:02:875  Rank 0000    INFO at /home/lzy/projects/mirheo_starter/vendor/Mirheo/src/mirheo/core/simulation.cpp:746 Preparing plugins
18:06:02:875  Rank 0000    INFO at /home/lzy/projects/mirheo_starter/vendor/Mirheo/src/mirheo/core/field/from_function.cpp:35 Setting up field 'field_pressure'
18:06:02:875  Rank 0000    INFO at /home/lzy/projects/mirheo_starter/vendor/Mirheo/src/mirheo/plugins/virial_pressure.cu:64 Plugin pressure initialized for the following particle vector: pv
18:06:02:875  Rank 0000    INFO at /home/lzy/projects/mirheo_starter/vendor/Mirheo/src/mirheo/core/simulation.cpp:752 done Preparing plugins
18:06:02:875  Rank 0000    INFO at /home/lzy/projects/mirheo_starter/vendor/Mirheo/src/mirheo/core/exchangers/particle_redistributor.cu:159 Particle redistributor takes pv 'pv'
18:06:02:875  Rank 0000    INFO at /home/lzy/projects/mirheo_starter/vendor/Mirheo/src/mirheo/core/exchangers/particle_halo_exchanger.cu:170 Particle halo exchanger takes pv 'pv' with celllist of rc = 1, with channels: 'positions' 'velocities' 
18:06:02:875  Rank 0000    INFO at /home/lzy/projects/mirheo_starter/vendor/Mirheo/src/mirheo/core/simulation.cpp:1326 Time-step is set to 0.002000
18:06:02:876  Rank 0000    INFO at /home/lzy/projects/mirheo_starter/vendor/Mirheo/src/mirheo/core/simulation.cpp:909 Splitting particle vectors with respect to object belonging
18:06:02:876  Rank 0000    INFO at /home/lzy/projects/mirheo_starter/vendor/Mirheo/src/mirheo/core/simulation.cpp:1344 Will run 200 iterations now
18:06:03:064  Rank 0000    INFO at /home/lzy/projects/mirheo_starter/vendor/Mirheo/src/mirheo/core/simulation.cpp:1360 Finished with 200 iterations
18:06:03:068  Rank 0000    INFO at /home/lzy/projects/mirheo_starter/vendor/Mirheo/src/mirheo/core/simulation.cpp:1311 Simulation initiated
18:06:03:068  Rank 0000    INFO at /home/lzy/projects/mirheo_starter/vendor/Mirheo/src/mirheo/core/simulation.cpp:579 Preparing cell-lists
18:06:03:068  Rank 0000    INFO at /home/lzy/projects/mirheo_starter/vendor/Mirheo/src/mirheo/core/pvs/data_manager.h:125 Creating new channel 'positions' of type '6float4'
18:06:03:068  Rank 0000    INFO at /home/lzy/projects/mirheo_starter/vendor/Mirheo/src/mirheo/core/pvs/data_manager.h:125 Creating new channel 'velocities' of type '6float4'
18:06:03:068  Rank 0000    INFO at /home/lzy/projects/mirheo_starter/vendor/Mirheo/src/mirheo/core/pvs/data_manager.h:125 Creating new channel '__forces' of type 'N6mirheo5ForceE'
18:06:03:068  Rank 0000    INFO at /home/lzy/projects/mirheo_starter/vendor/Mirheo/src/mirheo/core/simulation.cpp:653 Preparing interactions
18:06:03:068  Rank 0000    INFO at /home/lzy/projects/mirheo_starter/vendor/Mirheo/src/mirheo/core/pvs/data_manager.h:125 Creating new channel 'stresses' of type 'N6mirheo6StressE'
18:06:03:068  Rank 0000    INFO at /home/lzy/projects/mirheo_starter/vendor/Mirheo/src/mirheo/core/simulation.cpp:687 Preparing object bouncers
18:06:03:068  Rank 0000    INFO at /home/lzy/projects/mirheo_starter/vendor/Mirheo/src/mirheo/core/simulation.cpp:716 Preparing walls
18:06:03:068  Rank 0000    INFO at /home/lzy/projects/mirheo_starter/vendor/Mirheo/src/mirheo/core/simulation.cpp:746 Preparing plugins
18:06:03:068  Rank 0000    INFO at /home/lzy/projects/mirheo_starter/vendor/Mirheo/src/mirheo/core/field/from_function.cpp:35 Setting up field 'field_pressure'
18:06:03:069  Rank 0000    INFO at /home/lzy/projects/mirheo_starter/vendor/Mirheo/src/mirheo/plugins/virial_pressure.cu:64 Plugin pressure initialized for the following particle vector: pv
18:06:03:069  Rank 0000    INFO at /home/lzy/projects/mirheo_starter/vendor/Mirheo/src/mirheo/core/simulation.cpp:752 done Preparing plugins
18:06:03:069  Rank 0000    INFO at /home/lzy/projects/mirheo_starter/vendor/Mirheo/src/mirheo/core/exchangers/particle_redistributor.cu:159 Particle redistributor takes pv 'pv'
18:06:03:069  Rank 0000    INFO at /home/lzy/projects/mirheo_starter/vendor/Mirheo/src/mirheo/core/exchangers/particle_halo_exchanger.cu:170 Particle halo exchanger takes pv 'pv' with celllist of rc = 1, with channels: 'positions' 'velocities' 
18:06:03:069  Rank 0000    INFO at /home/lzy/projects/mirheo_starter/vendor/Mirheo/src/mirheo/core/simulation.cpp:1326 Time-step is set to 0.002000
18:06:03:069  Rank 0000    INFO at /home/lzy/projects/mirheo_starter/vendor/Mirheo/src/mirheo/core/simulation.cpp:909 Splitting particle vectors with respect to object belonging
18:06:03:069  Rank 0000    INFO at /home/lzy/projects/mirheo_starter/vendor/Mirheo/src/mirheo/core/simulation.cpp:1344 Will run 200 iterations now
18:06:03:233  Rank 0000    INFO at /home/lzy/projects/mirheo_starter/vendor/Mirheo/src/mirheo/core/simulation.cpp:1360 Finished with 200 iterations
18:06:03:236  Rank 0000    INFO at /home/lzy/projects/mirheo_starter/vendor/Mirheo/src/mirheo/core/simulation.cpp:1311 Simulation initiated
18:06:03:236  Rank 0000    INFO at /home/lzy/projects/mirheo_starter/vendor/Mirheo/src/mirheo/core/simulation.cpp:579 Preparing cell-lists
18:06:03:236  Rank 0000    INFO at /home/lzy/projects/mirheo_starter/vendor/Mirheo/src/mirheo/core/pvs/data_manager.h:125 Creating new channel 'positions' of type '6float4'
18:06:03:236  Rank 0000    INFO at /home/lzy/projects/mirheo_starter/vendor/Mirheo/src/mirheo/core/pvs/data_manager.h:125 Creating new channel 'velocities' of type '6float4'
18:06:03:236  Rank 0000    INFO at /home/lzy/projects/mirheo_starter/vendor/Mirheo/src/mirheo/core/pvs/data_manager.h:125 Creating new channel '__forces' of type 'N6mirheo5ForceE'
18:06:03:237  Rank 0000    INFO at /home/lzy/projects/mirheo_starter/vendor/Mirheo/src/mirheo/core/simulation.cpp:653 Preparing interactions
18:06:03:237  Rank 0000    INFO at /home/lzy/projects/mirheo_starter/vendor/Mirheo/src/mirheo/core/pvs/data_manager.h:125 Creating new channel 'stresses' of type 'N6mirheo6StressE'
18:06:03:237  Rank 0000    INFO at /home/lzy/projects/mirheo_starter/vendor/Mirheo/src/mirheo/core/simulation.cpp:687 Preparing object bouncers
18:06:03:237  Rank 0000    INFO at /home/lzy/projects/mirheo_starter/vendor/Mirheo/src/mirheo/core/simulation.cpp:716 Preparing walls
18:06:03:237  Rank 0000    INFO at /home/lzy/projects/mirheo_starter/vendor/Mirheo/src/mirheo/core/simulation.cpp:746 Preparing plugins
18:06:03:237  Rank 0000    INFO at /home/lzy/projects/mirheo_starter/vendor/Mirheo/src/mirheo/core/field/from_function.cpp:35 Setting up field 'field_pressure'
18:06:03:237  Rank 0000    INFO at /home/lzy/projects/mirheo_starter/vendor/Mirheo/src/mirheo/plugins/virial_pressure.cu:64 Plugin pressure initialized for the following particle vector: pv
18:06:03:237  Rank 0000    INFO at /home/lzy/projects/mirheo_starter/vendor/Mirheo/src/mirheo/core/simulation.cpp:752 done Preparing plugins
18:06:03:237  Rank 0000    INFO at /home/lzy/projects/mirheo_starter/vendor/Mirheo/src/mirheo/core/exchangers/particle_redistributor.cu:159 Particle redistributor takes pv 'pv'
18:06:03:237  Rank 0000    INFO at /home/lzy/projects/mirheo_starter/vendor/Mirheo/src/mirheo/core/exchangers/particle_halo_exchanger.cu:170 Particle halo exchanger takes pv 'pv' with celllist of rc = 1, with channels: 'positions' 'velocities' 
18:06:03:237  Rank 0000    INFO at /home/lzy/projects/mirheo_starter/vendor/Mirheo/src/mirheo/core/simulation.cpp:1326 Time-step is set to 0.002000
18:06:03:237  Rank 0000    INFO at /home/lzy/projects/mirheo_starter/vendor/Mirheo/src/mirheo/core/simulation.cpp:909 Splitting particle vectors with respect to object belonging
18:06:03:237  Rank 0000    INFO at /home/lzy/projects/mirheo_starter/vendor/Mirheo/src/mirheo/core/simulation.cpp:1344 Will run 200 iterations now
18:06:03:401  Rank 0000    INFO at /home/lzy/projects/mirheo_starter/vendor/Mirheo/src/mirheo/core/simulation.cpp:1360 Finished with 200 iterations
18:06:03:405  Rank 0000    INFO at /home/lzy/projects/mirheo_starter/vendor/Mirheo/src/mirheo/core/simulation.cpp:1311 Simulation initiated
18:06:03:405  Rank 0000    INFO at /home/lzy/projects/mirheo_starter/vendor/Mirheo/src/mirheo/core/simulation.cpp:579 Preparing cell-lists
18:06:03:405  Rank 0000    INFO at /home/lzy/projects/mirheo_starter/vendor/Mirheo/src/mirheo/core/pvs/data_manager.h:125 Creating new channel 'positions' of type '6float4'
18:06:03:405  Rank 0000    INFO at /home/lzy/projects/mirheo_starter/vendor/Mirheo/src/mirheo/core/pvs/data_manager.h:125 Creating new channel 'velocities' of type '6float4'
18:06:03:405  Rank 0000    INFO at /home/lzy/projects/mirheo_starter/vendor/Mirheo/src/mirheo/core/pvs/data_manager.h:125 Creating new channel '__forces' of type 'N6mirheo5ForceE'
18:06:03:405  Rank 0000    INFO at /home/lzy/projects/mirheo_starter/vendor/Mirheo/src/mirheo/core/simulation.cpp:653 Preparing interactions
18:06:03:405  Rank 0000    INFO at /home/lzy/projects/mirheo_starter/vendor/Mirheo/src/mirheo/core/pvs/data_manager.h:125 Creating new channel 'stresses' of type 'N6mirheo6StressE'
18:06:03:405  Rank 0000    INFO at /home/lzy/projects/mirheo_starter/vendor/Mirheo/src/mirheo/core/simulation.cpp:687 Preparing object bouncers
18:06:03:405  Rank 0000    INFO at /home/lzy/projects/mirheo_starter/vendor/Mirheo/src/mirheo/core/simulation.cpp:716 Preparing walls
18:06:03:405  Rank 0000    INFO at /home/lzy/projects/mirheo_starter/vendor/Mirheo/src/mirheo/core/simulation.cpp:746 Preparing plugins
18:06:03:405  Rank 0000    INFO at /home/lzy/projects/mirheo_starter/vendor/Mirheo/src/mirheo/core/field/from_function.cpp:35 Setting up field 'field_pressure'
18:06:03:405  Rank 0000    INFO at /home/lzy/projects/mirheo_starter/vendor/Mirheo/src/mirheo/plugins/virial_pressure.cu:64 Plugin pressure initialized for the following particle vector: pv
18:06:03:406  Rank 0000    INFO at /home/lzy/projects/mirheo_starter/vendor/Mirheo/src/mirheo/core/simulation.cpp:752 done Preparing plugins
18:06:03:406  Rank 0000    INFO at /home/lzy/projects/mirheo_starter/vendor/Mirheo/src/mirheo/core/exchangers/particle_redistributor.cu:159 Particle redistributor takes pv 'pv'
18:06:03:406  Rank 0000    INFO at /home/lzy/projects/mirheo_starter/vendor/Mirheo/src/mirheo/core/exchangers/particle_halo_exchanger.cu:170 Particle halo exchanger takes pv 'pv' with celllist of rc = 1, with channels: 'positions' 'velocities' 
18:06:03:406  Rank 0000    INFO at /home/lzy/projects/mirheo_starter/vendor/Mirheo/src/mirheo/core/simulation.cpp:1326 Time-step is set to 0.002000
18:06:03:406  Rank 0000    INFO at /home/lzy/projects/mirheo_starter/vendor/Mirheo/src/mirheo/core/simulation.cpp:909 Splitting particle vectors with respect to object belonging
18:06:03:406  Rank 0000    INFO at /home/lzy/projects/mirheo_starter/vendor/Mirheo/src/mirheo/core/simulation.cpp:1344 Will run 200 iterations now
18:06:03:568  Rank 0000    INFO at /home/lzy/projects/mirheo_starter/vendor/Mirheo/src/mirheo/core/simulation.cpp:1360 Finished with 200 iterations
18:06:03:571  Rank 0000    INFO at /home/lzy/projects/mirheo_starter/vendor/Mirheo/src/mirheo/core/simulation.cpp:1311 Simulation initiated
18:06:03:571  Rank 0000    INFO at /home/lzy/projects/mirheo_starter/vendor/Mirheo/src/mirheo/core/simulation.cpp:579 Preparing cell-lists
18:06:03:571  Rank 0000    INFO at /home/lzy/projects/mirheo_starter/vendor/Mirheo/src/mirheo/core/pvs/data_manager.h:125 Creating new channel 'positions' of type '6float4'
18:06:03:571  Rank 0000    INFO at /home/lzy/projects/mirheo_starter/vendor/Mirheo/src/mirheo/core/pvs/data_manager.h:125 Creating new channel 'velocities' of type '6float4'
18:06:03:571  Rank 0000    INFO at /home/lzy/projects/mirheo_starter/vendor/Mirheo/src/mirheo/core/pvs/data_manager.h:125 Creating new channel '__forces' of type 'N6mirheo5ForceE'
18:06:03:571  Rank 0000    INFO at /home/lzy/projects/mirheo_starter/vendor/Mirheo/src/mirheo/core/simulation.cpp:653 Preparing interactions
18:06:03:571  Rank 0000    INFO at /home/lzy/projects/mirheo_starter/vendor/Mirheo/src/mirheo/core/pvs/data_manager.h:125 Creating new channel 'stresses' of type 'N6mirheo6StressE'
18:06:03:571  Rank 0000    INFO at /home/lzy/projects/mirheo_starter/vendor/Mirheo/src/mirheo/core/simulation.cpp:687 Preparing object bouncers
18:06:03:571  Rank 0000    INFO at /home/lzy/projects/mirheo_starter/vendor/Mirheo/src/mirheo/core/simulation.cpp:716 Preparing walls
18:06:03:572  Rank 0000    INFO at /home/lzy/projects/mirheo_starter/vendor/Mirheo/src/mirheo/core/simulation.cpp:746 Preparing plugins
18:06:03:572  Rank 0000    INFO at /home/lzy/projects/mirheo_starter/vendor/Mirheo/src/mirheo/core/field/from_function.cpp:35 Setting up field 'field_pressure'
18:06:03:572  Rank 0000    INFO at /home/lzy/projects/mirheo_starter/vendor/Mirheo/src/mirheo/plugins/virial_pressure.cu:64 Plugin pressure initialized for the following particle vector: pv
18:06:03:572  Rank 0000    INFO at /home/lzy/projects/mirheo_starter/vendor/Mirheo/src/mirheo/core/simulation.cpp:752 done Preparing plugins
18:06:03:572  Rank 0000    INFO at /home/lzy/projects/mirheo_starter/vendor/Mirheo/src/mirheo/core/exchangers/particle_redistributor.cu:159 Particle redistributor takes pv 'pv'
18:06:03:572  Rank 0000    INFO at /home/lzy/projects/mirheo_starter/vendor/Mirheo/src/mirheo/core/exchangers/particle_halo_exchanger.cu:170 Particle halo exchanger takes pv 'pv' with celllist of rc = 1, with channels: 'positions' 'velocities' 
18:06:03:572  Rank 0000    INFO at /home/lzy/projects/mirheo_starter/vendor/Mirheo/src/mirheo/core/simulation.cpp:1326 Time-step is set to 0.002000
18:06:03:572  Rank 0000    INFO at /home/lzy/projects/mirheo_starter/vendor/Mirheo/src/mirheo/core/simulation.cpp:909 Splitting particle vectors with respect to object belonging
18:06:03:572  Rank 0000    INFO at /home/lzy/projects/mirheo_starter/vendor/Mirheo/src/mirheo/core/simulation.cpp:1344 Will run 200 iterations now
18:06:03:747  Rank 0000    INFO at /home/lzy/projects/mirheo_starter/vendor/Mirheo/src/mirheo/core/simulation.cpp:1360 Finished with 200 iterations
18:06:03:750  Rank 0000    INFO at /home/lzy/projects/mirheo_starter/vendor/Mirheo/src/mirheo/core/simulation.cpp:1311 Simulation initiated
18:06:03:750  Rank 0000    INFO at /home/lzy/projects/mirheo_starter/vendor/Mirheo/src/mirheo/core/simulation.cpp:579 Preparing cell-lists
18:06:03:750  Rank 0000    INFO at /home/lzy/projects/mirheo_starter/vendor/Mirheo/src/mirheo/core/pvs/data_manager.h:125 Creating new channel 'positions' of type '6float4'
18:06:03:750  Rank 0000    INFO at /home/lzy/projects/mirheo_starter/vendor/Mirheo/src/mirheo/core/pvs/data_manager.h:125 Creating new channel 'velocities' of type '6float4'
18:06:03:750  Rank 0000    INFO at /home/lzy/projects/mirheo_starter/vendor/Mirheo/src/mirheo/core/pvs/data_manager.h:125 Creating new channel '__forces' of type 'N6mirheo5ForceE'
18:06:03:750  Rank 0000    INFO at /home/lzy/projects/mirheo_starter/vendor/Mirheo/src/mirheo/core/simulation.cpp:653 Preparing interactions
18:06:03:750  Rank 0000    INFO at /home/lzy/projects/mirheo_starter/vendor/Mirheo/src/mirheo/core/pvs/data_manager.h:125 Creating new channel 'stresses' of type 'N6mirheo6StressE'
18:06:03:750  Rank 0000    INFO at /home/lzy/projects/mirheo_starter/vendor/Mirheo/src/mirheo/core/simulation.cpp:687 Preparing object bouncers
18:06:03:750  Rank 0000    INFO at /home/lzy/projects/mirheo_starter/vendor/Mirheo/src/mirheo/core/simulation.cpp:716 Preparing walls
18:06:03:750  Rank 0000    INFO at /home/lzy/projects/mirheo_starter/vendor/Mirheo/src/mirheo/core/simulation.cpp:746 Preparing plugins
18:06:03:750  Rank 0000    INFO at /home/lzy/projects/mirheo_starter/vendor/Mirheo/src/mirheo/core/field/from_function.cpp:35 Setting up field 'field_pressure'
18:06:03:751  Rank 0000    INFO at /home/lzy/projects/mirheo_starter/vendor/Mirheo/src/mirheo/plugins/virial_pressure.cu:64 Plugin pressure initialized for the following particle vector: pv
18:06:03:751  Rank 0000    INFO at /home/lzy/projects/mirheo_starter/vendor/Mirheo/src/mirheo/core/simulation.cpp:752 done Preparing plugins
18:06:03:751  Rank 0000    INFO at /home/lzy/projects/mirheo_starter/vendor/Mirheo/src/mirheo/core/exchangers/particle_redistributor.cu:159 Particle redistributor takes pv 'pv'
18:06:03:751  Rank 0000    INFO at /home/lzy/projects/mirheo_starter/vendor/Mirheo/src/mirheo/core/exchangers/particle_halo_exchanger.cu:170 Particle halo exchanger takes pv 'pv' with celllist of rc = 1, with channels: 'positions' 'velocities' 
18:06:03:751  Rank 0000    INFO at /home/lzy/projects/mirheo_starter/vendor/Mirheo/src/mirheo/core/simulation.cpp:1326 Time-step is set to 0.002000
18:06:03:751  Rank 0000    INFO at /home/lzy/projects/mirheo_starter/vendor/Mirheo/src/mirheo/core/simulation.cpp:909 Splitting particle vectors with respect to object belonging
18:06:03:751  Rank 0000    INFO at /home/lzy/projects/mirheo_starter/vendor/Mirheo/src/mirheo/core/simulation.cpp:1344 Will run 200 iterations now
18:06:03:905  Rank 0000    INFO at /home/lzy/projects/mirheo_starter/vendor/Mirheo/src/mirheo/core/simulation.cpp:1360 Finished with 200 iterations
18:06:03:908  Rank 0000    INFO at /home/lzy/projects/mirheo_starter/vendor/Mirheo/src/mirheo/core/simulation.cpp:1311 Simulation initiated
18:06:03:908  Rank 0000    INFO at /home/lzy/projects/mirheo_starter/vendor/Mirheo/src/mirheo/core/simulation.cpp:579 Preparing cell-lists
18:06:03:908  Rank 0000    INFO at /home/lzy/projects/mirheo_starter/vendor/Mirheo/src/mirheo/core/pvs/data_manager.h:125 Creating new channel 'positions' of type '6float4'
18:06:03:908  Rank 0000    INFO at /home/lzy/projects/mirheo_starter/vendor/Mirheo/src/mirheo/core/pvs/data_manager.h:125 Creating new channel 'velocities' of type '6float4'
18:06:03:908  Rank 0000    INFO at /home/lzy/projects/mirheo_starter/vendor/Mirheo/src/mirheo/core/pvs/data_manager.h:125 Creating new channel '__forces' of type 'N6mirheo5ForceE'
18:06:03:908  Rank 0000    INFO at /home/lzy/projects/mirheo_starter/vendor/Mirheo/src/mirheo/core/simulation.cpp:653 Preparing interactions
18:06:03:908  Rank 0000    INFO at /home/lzy/projects/mirheo_starter/vendor/Mirheo/src/mirheo/core/pvs/data_manager.h:125 Creating new channel 'stresses' of type 'N6mirheo6StressE'
18:06:03:908  Rank 0000    INFO at /home/lzy/projects/mirheo_starter/vendor/Mirheo/src/mirheo/core/simulation.cpp:687 Preparing object bouncers
18:06:03:908  Rank 0000    INFO at /home/lzy/projects/mirheo_starter/vendor/Mirheo/src/mirheo/core/simulation.cpp:716 Preparing walls
18:06:03:908  Rank 0000    INFO at /home/lzy/projects/mirheo_starter/vendor/Mirheo/src/mirheo/core/simulation.cpp:746 Preparing plugins
18:06:03:908  Rank 0000    INFO at /home/lzy/projects/mirheo_starter/vendor/Mirheo/src/mirheo/core/field/from_function.cpp:35 Setting up field 'field_pressure'
18:06:03:908  Rank 0000    INFO at /home/lzy/projects/mirheo_starter/vendor/Mirheo/src/mirheo/plugins/virial_pressure.cu:64 Plugin pressure initialized for the following particle vector: pv
18:06:03:908  Rank 0000    INFO at /home/lzy/projects/mirheo_starter/vendor/Mirheo/src/mirheo/core/simulation.cpp:752 done Preparing plugins
18:06:03:908  Rank 0000    INFO at /home/lzy/projects/mirheo_starter/vendor/Mirheo/src/mirheo/core/exchangers/particle_redistributor.cu:159 Particle redistributor takes pv 'pv'
18:06:03:908  Rank 0000    INFO at /home/lzy/projects/mirheo_starter/vendor/Mirheo/src/mirheo/core/exchangers/particle_halo_exchanger.cu:170 Particle halo exchanger takes pv 'pv' with celllist of rc = 1, with channels: 'positions' 'velocities' 
18:06:03:908  Rank 0000    INFO at /home/lzy/projects/mirheo_starter/vendor/Mirheo/src/mirheo/core/simulation.cpp:1326 Time-step is set to 0.002000
18:06:03:908  Rank 0000    INFO at /home/lzy/projects/mirheo_starter/vendor/Mirheo/src/mirheo/core/simulation.cpp:909 Splitting particle vectors with respect to object belonging
18:06:03:908  Rank 0000    INFO at /home/lzy/projects/mirheo_starter/vendor/Mirheo/src/mirheo/core/simulation.cpp:1344 Will run 200 iterations now
18:06:04:063  Rank 0000    INFO at /home/lzy/projects/mirheo_starter/vendor/Mirheo/src/mirheo/core/simulation.cpp:1360 Finished with 200 iterations
18:06:04:068  Rank 0000    INFO at /home/lzy/projects/mirheo_starter/vendor/Mirheo/src/mirheo/core/simulation.cpp:1311 Simulation initiated
18:06:04:068  Rank 0000    INFO at /home/lzy/projects/mirheo_starter/vendor/Mirheo/src/mirheo/core/simulation.cpp:579 Preparing cell-lists
18:06:04:068  Rank 0000    INFO at /home/lzy/projects/mirheo_starter/vendor/Mirheo/src/mirheo/core/pvs/data_manager.h:125 Creating new channel 'positions' of type '6float4'
18:06:04:068  Rank 0000    INFO at /home/lzy/projects/mirheo_starter/vendor/Mirheo/src/mirheo/core/pvs/data_manager.h:125 Creating new channel 'velocities' of type '6float4'
18:06:04:068  Rank 0000    INFO at /home/lzy/projects/mirheo_starter/vendor/Mirheo/src/mirheo/core/pvs/data_manager.h:125 Creating new channel '__forces' of type 'N6mirheo5ForceE'
18:06:04:068  Rank 0000    INFO at /home/lzy/projects/mirheo_starter/vendor/Mirheo/src/mirheo/core/simulation.cpp:653 Preparing interactions
18:06:04:068  Rank 0000    INFO at /home/lzy/projects/mirheo_starter/vendor/Mirheo/src/mirheo/core/pvs/data_manager.h:125 Creating new channel 'stresses' of type 'N6mirheo6StressE'
18:06:04:068  Rank 0000    INFO at /home/lzy/projects/mirheo_starter/vendor/Mirheo/src/mirheo/core/simulation.cpp:687 Preparing object bouncers
18:06:04:068  Rank 0000    INFO at /home/lzy/projects/mirheo_starter/vendor/Mirheo/src/mirheo/core/simulation.cpp:716 Preparing walls
18:06:04:068  Rank 0000    INFO at /home/lzy/projects/mirheo_starter/vendor/Mirheo/src/mirheo/core/simulation.cpp:746 Preparing plugins
18:06:04:068  Rank 0000    INFO at /home/lzy/projects/mirheo_starter/vendor/Mirheo/src/mirheo/core/field/from_function.cpp:35 Setting up field 'field_pressure'
18:06:04:069  Rank 0000    INFO at /home/lzy/projects/mirheo_starter/vendor/Mirheo/src/mirheo/plugins/virial_pressure.cu:64 Plugin pressure initialized for the following particle vector: pv
18:06:04:069  Rank 0000    INFO at /home/lzy/projects/mirheo_starter/vendor/Mirheo/src/mirheo/core/simulation.cpp:752 done Preparing plugins
18:06:04:069  Rank 0000    INFO at /home/lzy/projects/mirheo_starter/vendor/Mirheo/src/mirheo/core/exchangers/particle_redistributor.cu:159 Particle redistributor takes pv 'pv'
18:06:04:069  Rank 0000    INFO at /home/lzy/projects/mirheo_starter/vendor/Mirheo/src/mirheo/core/exchangers/particle_halo_exchanger.cu:170 Particle halo exchanger takes pv 'pv' with celllist of rc = 1, with channels: 'positions' 'velocities' 
18:06:04:069  Rank 0000    INFO at /home/lzy/projects/mirheo_starter/vendor/Mirheo/src/mirheo/core/simulation.cpp:1326 Time-step is set to 0.002000
18:06:04:069  Rank 0000    INFO at /home/lzy/projects/mirheo_starter/vendor/Mirheo/src/mirheo/core/simulation.cpp:909 Splitting particle vectors with respect to object belonging
18:06:04:069  Rank 0000    INFO at /home/lzy/projects/mirheo_starter/vendor/Mirheo/src/mirheo/core/simulation.cpp:1344 Will run 200 iterations now
18:06:04:221  Rank 0000    INFO at /home/lzy/projects/mirheo_starter/vendor/Mirheo/src/mirheo/core/simulation.cpp:1360 Finished with 200 iterations
18:06:04:224  Rank 0000    INFO at /home/lzy/projects/mirheo_starter/vendor/Mirheo/src/mirheo/core/simulation.cpp:1311 Simulation initiated
18:06:04:224  Rank 0000    INFO at /home/lzy/projects/mirheo_starter/vendor/Mirheo/src/mirheo/core/simulation.cpp:579 Preparing cell-lists
18:06:04:224  Rank 0000    INFO at /home/lzy/projects/mirheo_starter/vendor/Mirheo/src/mirheo/core/pvs/data_manager.h:125 Creating new channel 'positions' of type '6float4'
18:06:04:224  Rank 0000    INFO at /home/lzy/projects/mirheo_starter/vendor/Mirheo/src/mirheo/core/pvs/data_manager.h:125 Creating new channel 'velocities' of type '6float4'
18:06:04:224  Rank 0000    INFO at /home/lzy/projects/mirheo_starter/vendor/Mirheo/src/mirheo/core/pvs/data_manager.h:125 Creating new channel '__forces' of type 'N6mirheo5ForceE'
18:06:04:225  Rank 0000    INFO at /home/lzy/projects/mirheo_starter/vendor/Mirheo/src/mirheo/core/simulation.cpp:653 Preparing interactions
18:06:04:225  Rank 0000    INFO at /home/lzy/projects/mirheo_starter/vendor/Mirheo/src/mirheo/core/pvs/data_manager.h:125 Creating new channel 'stresses' of type 'N6mirheo6StressE'
18:06:04:225  Rank 0000    INFO at /home/lzy/projects/mirheo_starter/vendor/Mirheo/src/mirheo/core/simulation.cpp:687 Preparing object bouncers
18:06:04:225  Rank 0000    INFO at /home/lzy/projects/mirheo_starter/vendor/Mirheo/src/mirheo/core/simulation.cpp:716 Preparing walls
18:06:04:225  Rank 0000    INFO at /home/lzy/projects/mirheo_starter/vendor/Mirheo/src/mirheo/core/simulation.cpp:746 Preparing plugins
18:06:04:225  Rank 0000    INFO at /home/lzy/projects/mirheo_starter/vendor/Mirheo/src/mirheo/core/field/from_function.cpp:35 Setting up field 'field_pressure'
18:06:04:225  Rank 0000    INFO at /home/lzy/projects/mirheo_starter/vendor/Mirheo/src/mirheo/plugins/virial_pressure.cu:64 Plugin pressure initialized for the following particle vector: pv
18:06:04:225  Rank 0000    INFO at /home/lzy/projects/mirheo_starter/vendor/Mirheo/src/mirheo/core/simulation.cpp:752 done Preparing plugins
18:06:04:225  Rank 0000    INFO at /home/lzy/projects/mirheo_starter/vendor/Mirheo/src/mirheo/core/exchangers/particle_redistributor.cu:159 Particle redistributor takes pv 'pv'
18:06:04:225  Rank 0000    INFO at /home/lzy/projects/mirheo_starter/vendor/Mirheo/src/mirheo/core/exchangers/particle_halo_exchanger.cu:170 Particle halo exchanger takes pv 'pv' with celllist of rc = 1, with channels: 'positions' 'velocities' 
18:06:04:225  Rank 0000    INFO at /home/lzy/projects/mirheo_starter/vendor/Mirheo/src/mirheo/core/simulation.cpp:1326 Time-step is set to 0.002000
18:06:04:225  Rank 0000    INFO at /home/lzy/projects/mirheo_starter/vendor/Mirheo/src/mirheo/core/simulation.cpp:909 Splitting particle vectors with respect to object belonging
18:06:04:225  Rank 0000    INFO at /home/lzy/projects/mirheo_starter/vendor/Mirheo/src/mirheo/core/simulation.cpp:1344 Will run 200 iterations now
18:06:04:377  Rank 0000    INFO at /home/lzy/projects/mirheo_starter/vendor/Mirheo/src/mirheo/core/simulation.cpp:1360 Finished with 200 iterations
