NATIVE_CAP_TAGS_PASS triangles=191 profile_integral_error=0
STAGE 0 safe=1 rho=[1,1] Ma=0 Qin=-0 inlet_error=1 closure=0
STAGE 1 safe=1 rho=[1,1] Ma=0 Qin=-0 inlet_error=1 closure=0
STAGE 10 safe=1 rho=[0.99999707053198339,1.0000266064828791] Ma=2.5908284906485082e-05 Qin=9.6693143807192789e-18 inlet_error=0.99646707310899918 closure=2.3758506986431525
STAGE 100 safe=1 rho=[0.99999578825597302,1.0000405142522149] Ma=2.7164624615513499e-05 Qin=-4.5694693082158435e-18 inlet_error=1.0016695703915461 closure=3.243506732350339
STAGE 1000 safe=1 rho=[0.99999589665461286,1.0000395474670289] Ma=1.0624666536689791e-05 Qin=-1.9529357532507476e-18 inlet_error=1.0007135541329397 closure=3.2643693985358095
PURE_FLUID_COMPLETE timesteps=1000 CELL_COUNT=0
	Command being timed: "/usr/bin/mpirun -n 1 /home/lzy/projects/compre_output/step3/20260913_002844/build/vascular_pure_fluid /home/lzy/projects/compre_output/step3/20260913_002844"
	User time (seconds): 274.68
	System time (seconds): 3.04
	Percent of CPU this job got: 99%
	Elapsed (wall clock) time (h:mm:ss or m:ss): 4:38.32
	Average shared text size (kbytes): 0
	Average unshared data size (kbytes): 0
	Average stack size (kbytes): 0
	Average total size (kbytes): 0
	Maximum resident set size (kbytes): 1970748
	Average resident set size (kbytes): 0
	Major (requiring I/O) page faults: 278
	Minor (reclaiming a frame) page faults: 1136245
	Voluntary context switches: 1649
	Involuntary context switches: 660
	Swaps: 0
	File system inputs: 563872
	File system outputs: 57744
	Socket messages sent: 0
	Socket messages received: 0
	Signals delivered: 0
	Page size (bytes): 4096
	Exit status: 0
