ALL DERIVED SWC QC PASS {"original_length_mm": 1549.8439412954087, "semantic_length_mm": 1513.2304306685298, "diameter_length_mm": 336.293313010225, "semantic_nodes": 672, "diameter_nodes": 158, "diameter_removed_nodes": 514, "diameter_removed_length_mm": 1176.937117658305, "removed_original_terminals": 25, "fully_removed_branches": 26, "partly_removed_branches": 10, "sustained_cuts": 10, "rebound_vetoes": 0}
VASCULARMD START roi_part03_semantic_refined.swc
/home/lzy/projects/ulm_3D_vascular/tools/refine_bg001_rmca.py:63: PyVistaFutureWarning: The default value of `algorithm` for the filter
`PolyData.extract_surface` will change in the future. It currently defaults to
`'dataset_surface'`, but will change to `None`. Explicitly set the `algorithm` keyword to
silence this warning.
  mesh = pv.read(vtk).extract_surface().triangulate()
VASCULARMD END roi_part03_semantic_refined.swc success []
VASCULARMD START roi_part03_d075.swc
/home/lzy/projects/ulm_3D_vascular/tools/refine_bg001_rmca.py:63: PyVistaFutureWarning: The default value of `algorithm` for the filter
`PolyData.extract_surface` will change in the future. It currently defaults to
`'dataset_surface'`, but will change to `None`. Explicitly set the `algorithm` keyword to
silence this warning.
  mesh = pv.read(vtk).extract_surface().triangulate()
VASCULARMD END roi_part03_d075.swc success []
VASCULARMD START roi_part01_semantic_refined.swc
/home/lzy/projects/ulm_3D_vascular/tools/refine_bg001_rmca.py:63: PyVistaFutureWarning: The default value of `algorithm` for the filter
`PolyData.extract_surface` will change in the future. It currently defaults to
`'dataset_surface'`, but will change to `None`. Explicitly set the `algorithm` keyword to
silence this warning.
  mesh = pv.read(vtk).extract_surface().triangulate()
VASCULARMD END roi_part01_semantic_refined.swc success []
VASCULARMD START roi_part01_d075.swc
/home/lzy/projects/ulm_3D_vascular/tools/refine_bg001_rmca.py:63: PyVistaFutureWarning: The default value of `algorithm` for the filter
`PolyData.extract_surface` will change in the future. It currently defaults to
`'dataset_surface'`, but will change to `None`. Explicitly set the `algorithm` keyword to
silence this warning.
  mesh = pv.read(vtk).extract_surface().triangulate()
VASCULARMD END roi_part01_d075.swc success []
VASCULARMD START roi_part02_semantic_refined.swc
/home/lzy/projects/ulm_3D_vascular/tools/refine_bg001_rmca.py:63: PyVistaFutureWarning: The default value of `algorithm` for the filter
`PolyData.extract_surface` will change in the future. It currently defaults to
`'dataset_surface'`, but will change to `None`. Explicitly set the `algorithm` keyword to
silence this warning.
  mesh = pv.read(vtk).extract_surface().triangulate()
VASCULARMD END roi_part02_semantic_refined.swc success []
VASCULARMD START roi_part04_01_semantic_refined.swc
/home/lzy/projects/ulm_3D_vascular/tools/refine_bg001_rmca.py:63: PyVistaFutureWarning: The default value of `algorithm` for the filter
`PolyData.extract_surface` will change in the future. It currently defaults to
`'dataset_surface'`, but will change to `None`. Explicitly set the `algorithm` keyword to
silence this warning.
  mesh = pv.read(vtk).extract_surface().triangulate()
VASCULARMD END roi_part04_01_semantic_refined.swc success []
VASCULARMD START roi_part04_02_semantic_refined.swc
/home/lzy/projects/ulm_3D_vascular/tools/refine_bg001_rmca.py:63: PyVistaFutureWarning: The default value of `algorithm` for the filter
`PolyData.extract_surface` will change in the future. It currently defaults to
`'dataset_surface'`, but will change to `None`. Explicitly set the `algorithm` keyword to
silence this warning.
  mesh = pv.read(vtk).extract_surface().triangulate()
VASCULARMD END roi_part04_02_semantic_refined.swc success []
VASCULARMD START roi_part04_01_d075.swc
/home/lzy/projects/ulm_3D_vascular/tools/refine_bg001_rmca.py:63: PyVistaFutureWarning: The default value of `algorithm` for the filter
`PolyData.extract_surface` will change in the future. It currently defaults to
`'dataset_surface'`, but will change to `None`. Explicitly set the `algorithm` keyword to
silence this warning.
  mesh = pv.read(vtk).extract_surface().triangulate()
VASCULARMD END roi_part04_01_d075.swc success []
VASCULARMD START roi_part05_semantic_refined.swc
VASCULARMD END roi_part05_semantic_refined.swc failed [{'stage': 'native_load_and_preprocessing', 'error_type': 'ValueError', 'message': 'SWC root 1: VascularMD would treat a branching inlet as a sink; manual review required'}]
VASCULARMD START roi_part05_semantic_refined_with_context.swc
/home/lzy/projects/ulm_3D_vascular/tools/refine_bg001_rmca.py:63: PyVistaFutureWarning: The default value of `algorithm` for the filter
`PolyData.extract_surface` will change in the future. It currently defaults to
`'dataset_surface'`, but will change to `None`. Explicitly set the `algorithm` keyword to
silence this warning.
  mesh = pv.read(vtk).extract_surface().triangulate()
VASCULARMD END roi_part05_semantic_refined_with_context.swc success []
COMPLETE /home/lzy/projects/ulm_3D_vascular/outputs/topbrain_brava_transfer/nn_production/BG001/RMCA/refined_roi
