{'diameter_um': 6.575157045117655, 'volume_fL': 43.20087977386719, 'mesh_volume_fL': 43.18195496080059, 'mesh_relative_volume_error': 0.00043806545527923647, 'center_thickness_um': np.float64(0.5260537980026733), 'maximum_thickness_um': np.float64(1.666275820773404), 'double_concavity': True, 'closed_manifold': True, 'coefficient_source': 'https://www.mit.edu/~mingdao/papers/JMPS_2003_Red_Blood_Cell.pdf', 'coefficients': [0.207161, 2.002558, -1.122762], 'original_diameter_and_volume_preserved': True}
{
  "label": "coarse",
  "dt_s": 2e-05,
  "physical_duration_s": 0.03,
  "accepted_intervals": 1500,
  "first_contact_time_s": 0.001752026998927344,
  "last_contact_time_s": 0.011925139313030804,
  "contact_intervals": 510,
  "minimum_pair_gap_m": -2.371692252312041e-20,
  "minimum_wall_bound_m": 7.746243547789775e-07,
  "final_gap_m": 8.200092734838196e-06,
  "final_relative_x_m": 1.1436869558077348e-05,
  "rbc_diameter_m": 6.5751570451176555e-06,
  "rbc_volume_m3": 4.320087977386719e-17,
  "mb_radius_m": 5.88015722765549e-07,
  "tube_radius_m": 7e-06,
  "mean_flow_m_s": 0.002,
  "field": "IDEALIZED_ANALYTICAL_POISEUILLE_NOT_ORIGINAL_FEM",
  "shape": "NORMAL_BICONCAVE_RBC_FIXED_REST_GEOMETRY",
  "contact_model": "P4_KINEMATIC_FRICTIONLESS_EQUATORIAL_RIM",
  "deformation": false,
  "membrane_solver": false,
  "lubrication": false,
  "CFD_feedback": false,
  "position_projection": false,
  "shape_source": "https://www.mit.edu/~mingdao/papers/JMPS_2003_Red_Blood_Cell.pdf",
  "shape_initial_z_scale": 0.7724066908425836,
  "volume_scale_role": "INITIAL_REST_SHAPE_VOLUME_CALIBRATION_NOT_DYNAMIC_DEFORMATION"
}
