NORMAL_RBC_RENDER 0 / 432
NORMAL_RBC_RENDER 72 / 432
NORMAL_RBC_RENDER 144 / 432
NORMAL_RBC_RENDER 216 / 432
NORMAL_RBC_RENDER 288 / 432
NORMAL_RBC_RENDER 360 / 432
{
  "all_pass": true,
  "frames": 432,
  "distinct_frames": 432,
  "fps": 24,
  "size": [
    1920,
    1080
  ],
  "video_duration_s": 18.0,
  "physical_duration_s": 0.030000000000000002,
  "source_trajectory_sha256": "24820458a8468ab2623cdbbbebe4e73ed93ee3745d6297755fe8dd49d4bac8ff",
  "source_intervals_sha256": "8a180fcd52b597ebb7b262ca3a60b1c104d68a3eac966a9a6b867728854db269",
  "video_sha256": "64c1460c99a583424fdc492ac2b823aa6b47a7ddf0cfab1dd261b6f8059834fa",
  "geometry_sha256": "2c00414c71c9fbe400d80a507b20d073baa4ce42603cc0818db9c181be2eac9e",
  "normal_shape_retained_in_all_frames": true,
  "scene_type": "EXPLICITLY_LABELLED_IDEALIZED_VESSEL",
  "camera": "TRANSLATES_WITH_PAIR_WITH_FIXED_VIEW_DIRECTION",
  "field": "ANALYTICAL_POISEUILLE_NOT_ORIGINAL_FEM",
  "render_seconds": 45.17315626144409,
  "replay": "EXACT_PARTIAL_CONTACT_SOLUTION_NO_LINEAR_CHORD_THROUGH_RBC",
  "speed_range_mm_s": [
    0,
    4
  ],
  "background": "black"
}
