Info    : Meshing 1D...
Info    : Done meshing 1D (Wall 9.84798e-06s, CPU 9e-06s)
Info    : Meshing 2D...
Info    : Done meshing 2D (Wall 4.7869e-05s, CPU 3.8e-05s)
Info    : Meshing 3D...
Info    : 3D Meshing 1 volume with 1 connected component
Info    : Tetrahedrizing 33633 nodes...
Info    : Done tetrahedrizing 33641 nodes (Wall 0.384095s, CPU 0.376162s)
Info    : Reconstructing mesh...
Info    :  - Creating surface mesh
Info    :  - Identifying boundary edges
Info    :  - Recovering boundary
Info    : Done reconstructing mesh (Wall 0.760302s, CPU 0.708081s)
Info    : Found volume 1
Info    : It. 0 - 0 nodes created - worst tet radius 8.96275 (nodes removed 0 0)
Info    : It. 500 - 306 nodes created - worst tet radius 3.04234 (nodes removed 0 194)
Info    : It. 1000 - 686 nodes created - worst tet radius 2.38101 (nodes removed 0 314)
Info    : It. 1500 - 1150 nodes created - worst tet radius 2.05899 (nodes removed 1 349)
Info    : It. 2000 - 1621 nodes created - worst tet radius 1.83127 (nodes removed 1 378)
Info    : It. 2500 - 2105 nodes created - worst tet radius 1.65249 (nodes removed 1 394)
Info    : It. 3000 - 2587 nodes created - worst tet radius 1.53385 (nodes removed 1 412)
Info    : It. 3500 - 3065 nodes created - worst tet radius 1.44694 (nodes removed 1 434)
Info    : It. 4000 - 3554 nodes created - worst tet radius 1.37428 (nodes removed 2 444)
Info    : It. 4500 - 4035 nodes created - worst tet radius 1.31489 (nodes removed 4 461)
Info    : It. 5000 - 4515 nodes created - worst tet radius 1.26443 (nodes removed 7 478)
Info    : It. 5500 - 4997 nodes created - worst tet radius 1.22534 (nodes removed 11 492)
Info    : It. 6000 - 5475 nodes created - worst tet radius 1.18733 (nodes removed 15 510)
Info    : It. 6500 - 5955 nodes created - worst tet radius 1.15695 (nodes removed 23 522)
Info    : It. 7000 - 6436 nodes created - worst tet radius 1.12877 (nodes removed 24 540)
Info    : It. 7500 - 6923 nodes created - worst tet radius 1.10278 (nodes removed 27 550)
Info    : It. 8000 - 7415 nodes created - worst tet radius 1.07885 (nodes removed 27 558)
Info    : It. 8500 - 7905 nodes created - worst tet radius 1.05689 (nodes removed 32 563)
Info    : It. 9000 - 8396 nodes created - worst tet radius 1.03609 (nodes removed 34 570)
Info    : It. 9500 - 8772 nodes created - worst tet radius 1.02047 (nodes removed 38 690)
Info    : It. 10000 - 9256 nodes created - worst tet radius 1.00298 (nodes removed 41 703)
Info    : 3D refinement terminated (42968 nodes total):
Info    :  - 1 Delaunay cavities modified for star shapeness
Info    :  - 745 nodes could not be inserted
Info    :  - 151492 tetrahedra created in 0.549313 sec. (275784 tets/s)
Info    : 182 node relocations
Info    : Done meshing 3D (Wall 1.92341s, CPU 1.87097s)
Info    : Optimizing mesh...
Info    : Optimizing volume 1
Info    : Optimization starts (volume = 1.46068e-15) with worst = 6.20468e-05 / average = 0.663081:
Info    : 0.00 < quality < 0.10 :      1104 elements
Info    : 0.10 < quality < 0.20 :      1553 elements
Info    : 0.20 < quality < 0.30 :      2350 elements
Info    : 0.30 < quality < 0.40 :      3870 elements
Info    : 0.40 < quality < 0.50 :     10031 elements
Info    : 0.50 < quality < 0.60 :     30998 elements
Info    : 0.60 < quality < 0.70 :     38573 elements
Info    : 0.70 < quality < 0.80 :     29687 elements
Info    : 0.80 < quality < 0.90 :     23210 elements
Info    : 0.90 < quality < 1.00 :     10116 elements
Info    : 4326 edge swaps, 406 node relocations (volume = 1.46068e-15): worst = 0.000145602 / average = 0.67811 (Wall 0.0457792s, CPU 0.045751s)
Info    : 4523 edge swaps, 626 node relocations (volume = 1.46068e-15): worst = 0.000195735 / average = 0.678245 (Wall 0.0641202s, CPU 0.064092s)
Info    : 4613 edge swaps, 858 node relocations (volume = 1.46068e-15): worst = 0.00136154 / average = 0.678198 (Wall 0.0817621s, CPU 0.081734s)
Info    : 4676 edge swaps, 986 node relocations (volume = 1.46068e-15): worst = 0.00161894 / average = 0.678188 (Wall 0.0987281s, CPU 0.0987s)
Info    : 4723 edge swaps, 1047 node relocations (volume = 1.46068e-15): worst = 0.00187333 / average = 0.678211 (Wall 0.115399s, CPU 0.115372s)
Info    : 4758 edge swaps, 1221 node relocations (volume = 1.46068e-15): worst = 0.00198947 / average = 0.678239 (Wall 0.131652s, CPU 0.131625s)
Info    : 4786 edge swaps, 1311 node relocations (volume = 1.46068e-15): worst = 0.00201584 / average = 0.678245 (Wall 0.147485s, CPU 0.147458s)
Info    : 4807 edge swaps, 1385 node relocations (volume = 1.46068e-15): worst = 0.00209167 / average = 0.67824 (Wall 0.163188s, CPU 0.163161s)
Info    : 4811 edge swaps, 1415 node relocations (volume = 1.46068e-15): worst = 0.0020928 / average = 0.678254 (Wall 0.178922s, CPU 0.178895s)
Info    : 4813 edge swaps, 1435 node relocations (volume = 1.46068e-15): worst = 0.0020944 / average = 0.678258 (Wall 0.194538s, CPU 0.194511s)
Info    : 4815 edge swaps, 1463 node relocations (volume = 1.46068e-15): worst = 0.0020944 / average = 0.678267 (Wall 0.210159s, CPU 0.210132s)
Info    : No ill-shaped tets in the mesh :-)
Info    : 0.00 < quality < 0.10 :       293 elements
Info    : 0.10 < quality < 0.20 :       168 elements
Info    : 0.20 < quality < 0.30 :       239 elements
Info    : 0.30 < quality < 0.40 :      3909 elements
Info    : 0.40 < quality < 0.50 :     10052 elements
Info    : 0.50 < quality < 0.60 :     30599 elements
Info    : 0.60 < quality < 0.70 :     38236 elements
Info    : 0.70 < quality < 0.80 :     30411 elements
Info    : 0.80 < quality < 0.90 :     23476 elements
Info    : 0.90 < quality < 1.00 :     10183 elements
Info    : Done optimizing mesh (Wall 0.291458s, CPU 0.291432s)
Info    : 42968 nodes 214831 elements
Info    : Writing '/workspace/formal_3D_flow_solver_FEM_lzy/outputs/stage01/medium/mesh/fluid.msh'...
Info    : Done writing '/workspace/formal_3D_flow_solver_FEM_lzy/outputs/stage01/medium/mesh/fluid.msh'
{
  "run_id": "20260917T192831_486484705_medium_meshing",
  "timestamp": "2026-09-17T19:28:37.087113+00:00",
  "hostname": "f7c62a262077",
  "environment": {
    "timestamp": "2026-09-17T19:28:36.752616+00:00",
    "hostname": "f7c62a262077",
    "python_executable": "/workspace/formal_3D_flow_solver_FEM_lzy/remote/.env/bin/python",
    "python_version": "3.12.13 | packaged by conda-forge | (main, Mar  5 2026, 16:50:00) [GCC 14.3.0]",
    "commands": [
      {
        "command": [
          "uname",
          "-a"
        ],
        "returncode": 0,
        "stdout": "Linux f7c62a262077 5.15.0-190-generic #200-Ubuntu SMP Fri Aug 7 15:06:04 UTC 2026 x86_64 x86_64 x86_64 GNU/Linux\n",
        "stderr": ""
      },
      {
        "command": [
          "cat",
          "/etc/os-release"
        ],
        "returncode": 0,
        "stdout": "PRETTY_NAME=\"Ubuntu 24.04.4 LTS\"\nNAME=\"Ubuntu\"\nVERSION_ID=\"24.04\"\nVERSION=\"24.04.4 LTS (Noble Numbat)\"\nVERSION_CODENAME=noble\nID=ubuntu\nID_LIKE=debian\nHOME_URL=\"https://www.ubuntu.com/\"\nSUPPORT_URL=\"https://help.ubuntu.com/\"\nBUG_REPORT_URL=\"https://bugs.launchpad.net/ubuntu/\"\nPRIVACY_POLICY_URL=\"https://www.ubuntu.com/legal/terms-and-policies/privacy-policy\"\nUBUNTU_CODENAME=noble\nLOGO=ubuntu-logo\n",
        "stderr": ""
      },
      {
        "command": [
          "lscpu"
        ],
        "returncode": 0,
        "stdout": "Architecture:                            x86_64\nCPU op-mode(s):                          32-bit, 64-bit\nAddress sizes:                           48 bits physical, 48 bits virtual\nByte Order:                              Little Endian\nCPU(s):                                  16\nOn-line CPU(s) list:                     0-15\nVendor ID:                               AuthenticAMD\nModel name:                              AMD Ryzen 7 7800X3D 8-Core Processor\nCPU family:                              25\nModel:                                   97\nThread(s) per core:                      2\nCore(s) per socket:                      8\nSocket(s):                               1\nStepping:                                2\nFrequency boost:                         enabled\nCPU(s) scaling MHz:                      73%\nCPU max MHz:                             5050.2251\nCPU min MHz:                             3000.0000\nBogoMIPS:                                8383.85\nFlags:                                   fpu vme de pse tsc msr pae mce cx8 apic sep mtrr pge mca cmov pat pse36 clflush mmx fxsr sse sse2 ht syscall nx mmxext fxsr_opt pdpe1gb rdtscp lm constant_tsc rep_good nopl nonstop_tsc cpuid extd_apicid aperfmperf rapl pni pclmulqdq monitor ssse3 fma cx16 sse4_1 sse4_2 movbe popcnt aes xsave avx f16c rdrand lahf_lm cmp_legacy svm extapic cr8_legacy abm sse4a misalignsse 3dnowprefetch osvw ibs skinit wdt tce topoext perfctr_core perfctr_nb bpext perfctr_llc mwaitx cpb cat_l3 cdp_l3 hw_pstate ssbd mba ibrs ibpb stibp ibrs_enhanced vmmcall fsgsbase bmi1 avx2 smep bmi2 erms invpcid cqm rdt_a avx512f avx512dq rdseed adx smap avx512ifma clflushopt clwb avx512cd sha_ni avx512bw avx512vl xsaveopt xsavec xgetbv1 xsaves cqm_llc cqm_occup_llc cqm_mbm_total cqm_mbm_local avx512_bf16 clzero irperf xsaveerptr rdpru wbnoinvd cppc arat npt lbrv svm_lock nrip_save tsc_scale vmcb_clean flushbyasid decodeassists pausefilter pfthreshold avic vgif v_spec_ctrl avx512vbmi umip pku ospke avx512_vbmi2 gfni vaes vpclmulqdq avx512_vnni avx512_bitalg avx512_vpopcntdq rdpid overflow_recov succor smca fsrm flush_l1d ibpb_exit_to_user\nVirtualization:                          AMD-V\nL1d cache:                               256 KiB (8 instances)\nL1i cache:                               256 KiB (8 instances)\nL2 cache:                                8 MiB (8 instances)\nL3 cache:                                96 MiB (1 instance)\nNUMA node(s):                            1\nNUMA node0 CPU(s):                       0-15\nVulnerability Gather data sampling:      Not affected\nVulnerability Indirect target selection: Not affected\nVulnerability Itlb multihit:             Not affected\nVulnerability L1tf:                      Not affected\nVulnerability Mds:                       Not affected\nVulnerability Meltdown:                  Not affected\nVulnerability Mmio stale data:           Not affected\nVulnerability Reg file data sampling:    Not affected\nVulnerability Retbleed:                  Not affected\nVulnerability Spec rstack overflow:      Mitigation; safe RET\nVulnerability Spec store bypass:         Mitigation; Speculative Store Bypass disabled via prctl and seccomp\nVulnerability Spectre v1:                Mitigation; usercopy/swapgs barriers and __user pointer sanitization\nVulnerability Spectre v2:                Mitigation; Enhanced / Automatic IBRS; IBPB conditional; STIBP always-on; PBRSB-eIBRS Not affected; BHI Not affected\nVulnerability Srbds:                     Not affected\nVulnerability Tsa:                       Mitigation; Clear CPU buffers\nVulnerability Tsx async abort:           Not affected\nVulnerability Vmscape:                   Mitigation; IBPB before exit to userspace\n",
        "stderr": ""
      },
      {
        "command": [
          "free",
          "-h"
        ],
        "returncode": 0,
        "stdout": "               total        used        free      shared  buff/cache   available\nMem:            61Gi       6.5Gi        21Gi        10Mi        34Gi        55Gi\nSwap:          8.0Gi       174Mi       7.8Gi\n",
        "stderr": ""
      },
      {
        "command": [
          "df",
          "-h"
        ],
        "returncode": 0,
        "stdout": "Filesystem      Size  Used Avail Use% Mounted on\noverlay         300G   58G  243G  20% /\ntmpfs            64M     0   64M   0% /dev\nshm              15G  4.0K   15G   1% /dev/shm\n/dev/nvme0n1p3  1.8T  402G  1.4T  23% /etc/hosts\ntmpfs           6.2G  2.5M  6.2G   1% /run/nvidia-persistenced/socket\n/dev/nvme0n1p2   98G   28G   65G  31% /usr/bin/nvidia-smi\ntmpfs            31G     0   31G   0% /proc/asound\ntmpfs            31G     0   31G   0% /proc/acpi\ntmpfs            31G     0   31G   0% /proc/scsi\ntmpfs            31G     0   31G   0% /sys/firmware\ntmpfs            31G     0   31G   0% /sys/devices/virtual/powercap\n",
        "stderr": ""
      },
      {
        "command": [
          "nvidia-smi"
        ],
        "returncode": 0,
        "stdout": "Thu Sep 17 19:28:36 2026       \n+-----------------------------------------------------------------------------------------+\n| NVIDIA-SMI 595.84                 Driver Version: 595.84         CUDA Version: 13.2     |\n+-----------------------------------------+------------------------+----------------------+\n| GPU  Name                 Persistence-M | Bus-Id          Disp.A | Volatile Uncorr. ECC |\n| Fan  Temp   Perf          Pwr:Usage/Cap |           Memory-Usage | GPU-Util  Compute M. |\n|                                         |                        |               MIG M. |\n|=========================================+========================+======================|\n|   0  NVIDIA GeForce RTX 4090        On  |   00000000:03:00.0 Off |                  Off |\n|  0%   29C    P8             12W /  350W |       1MiB /  24564MiB |      0%      Default |\n|                                         |                        |                  N/A |\n+-----------------------------------------+------------------------+----------------------+\n\n+-----------------------------------------------------------------------------------------+\n| Processes:                                                                              |\n|  GPU   GI   CI              PID   Type   Process name                        GPU Memory |\n|        ID   ID                                                               Usage      |\n|=========================================================================================|\n|  No running processes found                                                             |\n+-----------------------------------------------------------------------------------------+\n",
        "stderr": ""
      },
      {
        "command": [
          "nvcc",
          "--version"
        ],
        "returncode": 0,
        "stdout": "nvcc: NVIDIA (R) Cuda compiler driver\nCopyright (c) 2005-2026 NVIDIA Corporation\nBuilt on Fri_May_08_10:53:34_AM_PDT_2026\nCuda compilation tools, release 13.2, V13.2.86\nBuild cuda_13.2.r13.2/compiler.37953736_0\n",
        "stderr": ""
      },
      {
        "command": [
          "mpirun",
          "--version"
        ],
        "returncode": 0,
        "stdout": "mpirun (Open MPI) 4.1.6\n\nReport bugs to http://www.open-mpi.org/community/help/\n",
        "stderr": ""
      },
      {
        "command": [
          "python",
          "--version"
        ],
        "returncode": null,
        "error": "[Errno 2] No such file or directory: 'python'"
      },
      {
        "command": [
          "/workspace/formal_3D_flow_solver_FEM_lzy/remote/.env/bin/python",
          "--version"
        ],
        "returncode": 0,
        "stdout": "Python 3.12.13\n",
        "stderr": ""
      }
    ],
    "packages": {
      "dolfinx": {
        "command": [
          "/workspace/formal_3D_flow_solver_FEM_lzy/remote/.env/bin/python",
          "-B",
          "-c",
          "import importlib; m=importlib.import_module('dolfinx'); print(getattr(m, '__version__', 'version attribute unavailable'))"
        ],
        "returncode": 0,
        "stdout": "0.11.0\n",
        "stderr": ""
      },
      "petsc4py": {
        "command": [
          "/workspace/formal_3D_flow_solver_FEM_lzy/remote/.env/bin/python",
          "-B",
          "-c",
          "import importlib; m=importlib.import_module('petsc4py'); print(getattr(m, '__version__', 'version attribute unavailable'))"
        ],
        "returncode": 0,
        "stdout": "3.25.5\n",
        "stderr": ""
      },
      "mpi4py": {
        "command": [
          "/workspace/formal_3D_flow_solver_FEM_lzy/remote/.env/bin/python",
          "-B",
          "-c",
          "import importlib; m=importlib.import_module('mpi4py'); print(getattr(m, '__version__', 'version attribute unavailable'))"
        ],
        "returncode": 0,
        "stdout": "4.1.2\n",
        "stderr": ""
      },
      "basix": {
        "command": [
          "/workspace/formal_3D_flow_solver_FEM_lzy/remote/.env/bin/python",
          "-B",
          "-c",
          "import importlib; m=importlib.import_module('basix'); print(getattr(m, '__version__', 'version attribute unavailable'))"
        ],
        "returncode": 0,
        "stdout": "0.11.0\n",
        "stderr": ""
      },
      "ufl": {
        "command": [
          "/workspace/formal_3D_flow_solver_FEM_lzy/remote/.env/bin/python",
          "-B",
          "-c",
          "import importlib; m=importlib.import_module('ufl'); print(getattr(m, '__version__', 'version attribute unavailable'))"
        ],
        "returncode": 0,
        "stdout": "2026.1.0\n",
        "stderr": ""
      },
      "ffcx": {
        "command": [
          "/workspace/formal_3D_flow_solver_FEM_lzy/remote/.env/bin/python",
          "-B",
          "-c",
          "import importlib; m=importlib.import_module('ffcx'); print(getattr(m, '__version__', 'version attribute unavailable'))"
        ],
        "returncode": 0,
        "stdout": "0.11.0\n",
        "stderr": ""
      },
      "gmsh": {
        "command": [
          "/workspace/formal_3D_flow_solver_FEM_lzy/remote/.env/bin/python",
          "-B",
          "-c",
          "import importlib; m=importlib.import_module('gmsh'); print(getattr(m, '__version__', 'version attribute unavailable'))"
        ],
        "returncode": 0,
        "stdout": "4.15.2\n",
        "stderr": ""
      },
      "numpy": {
        "command": [
          "/workspace/formal_3D_flow_solver_FEM_lzy/remote/.env/bin/python",
          "-B",
          "-c",
          "import importlib; m=importlib.import_module('numpy'); print(getattr(m, '__version__', 'version attribute unavailable'))"
        ],
        "returncode": 0,
        "stdout": "2.5.3\n",
        "stderr": ""
      },
      "scipy": {
        "command": [
          "/workspace/formal_3D_flow_solver_FEM_lzy/remote/.env/bin/python",
          "-B",
          "-c",
          "import importlib; m=importlib.import_module('scipy'); print(getattr(m, '__version__', 'version attribute unavailable'))"
        ],
        "returncode": 0,
        "stdout": "1.18.1\n",
        "stderr": ""
      },
      "pyvista": {
        "command": [
          "/workspace/formal_3D_flow_solver_FEM_lzy/remote/.env/bin/python",
          "-B",
          "-c",
          "import importlib; m=importlib.import_module('pyvista'); print(getattr(m, '__version__', 'version attribute unavailable'))"
        ],
        "returncode": 1,
        "stdout": "",
        "stderr": "Traceback (most recent call last):\n  File \"<string>\", line 1, in <module>\n  File \"/workspace/formal_3D_flow_solver_FEM_lzy/remote/.env/lib/python3.12/importlib/__init__.py\", line 90, in import_module\n    return _bootstrap._gcd_import(name[level:], package, level)\n           ^^^^^^^^^^^^^^^^^^^^^^^^^^^^^^^^^^^^^^^^^^^^^^^^^^^^\n  File \"<frozen importlib._bootstrap>\", line 1387, in _gcd_import\n  File \"<frozen importlib._bootstrap>\", line 1360, in _find_and_load\n  File \"<frozen importlib._bootstrap>\", line 1324, in _find_and_load_unlocked\nModuleNotFoundError: No module named 'pyvista'\n"
      },
      "vtk": {
        "command": [
          "/workspace/formal_3D_flow_solver_FEM_lzy/remote/.env/bin/python",
          "-B",
          "-c",
          "import importlib; m=importlib.import_module('vtk'); print(getattr(m, '__version__', 'version attribute unavailable'))"
        ],
        "returncode": 1,
        "stdout": "",
        "stderr": "Traceback (most recent call last):\n  File \"<string>\", line 1, in <module>\n  File \"/workspace/formal_3D_flow_solver_FEM_lzy/remote/.env/lib/python3.12/importlib/__init__.py\", line 90, in import_module\n    return _bootstrap._gcd_import(name[level:], package, level)\n           ^^^^^^^^^^^^^^^^^^^^^^^^^^^^^^^^^^^^^^^^^^^^^^^^^^^^\n  File \"<frozen importlib._bootstrap>\", line 1387, in _gcd_import\n  File \"<frozen importlib._bootstrap>\", line 1360, in _find_and_load\n  File \"<frozen importlib._bootstrap>\", line 1324, in _find_and_load_unlocked\nModuleNotFoundError: No module named 'vtk'\n"
      },
      "pytest": {
        "command": [
          "/workspace/formal_3D_flow_solver_FEM_lzy/remote/.env/bin/python",
          "-B",
          "-c",
          "import importlib; m=importlib.import_module('pytest'); print(getattr(m, '__version__', 'version attribute unavailable'))"
        ],
        "returncode": 0,
        "stdout": "9.1.1\n",
        "stderr": ""
      },
      "yaml": {
        "command": [
          "/workspace/formal_3D_flow_solver_FEM_lzy/remote/.env/bin/python",
          "-B",
          "-c",
          "import importlib; m=importlib.import_module('yaml'); print(getattr(m, '__version__', 'version attribute unavailable'))"
        ],
        "returncode": 1,
        "stdout": "",
        "stderr": "Traceback (most recent call last):\n  File \"<string>\", line 1, in <module>\n  File \"/workspace/formal_3D_flow_solver_FEM_lzy/remote/.env/lib/python3.12/importlib/__init__.py\", line 90, in import_module\n    return _bootstrap._gcd_import(name[level:], package, level)\n           ^^^^^^^^^^^^^^^^^^^^^^^^^^^^^^^^^^^^^^^^^^^^^^^^^^^^\n  File \"<frozen importlib._bootstrap>\", line 1387, in _gcd_import\n  File \"<frozen importlib._bootstrap>\", line 1360, in _find_and_load\n  File \"<frozen importlib._bootstrap>\", line 1324, in _find_and_load_unlocked\nModuleNotFoundError: No module named 'yaml'\n"
      },
      "matplotlib": {
        "command": [
          "/workspace/formal_3D_flow_solver_FEM_lzy/remote/.env/bin/python",
          "-B",
          "-c",
          "import importlib; m=importlib.import_module('matplotlib'); print(getattr(m, '__version__', 'version attribute unavailable'))"
        ],
        "returncode": 1,
        "stdout": "",
        "stderr": "Traceback (most recent call last):\n  File \"<string>\", line 1, in <module>\n  File \"/workspace/formal_3D_flow_solver_FEM_lzy/remote/.env/lib/python3.12/importlib/__init__.py\", line 90, in import_module\n    return _bootstrap._gcd_import(name[level:], package, level)\n           ^^^^^^^^^^^^^^^^^^^^^^^^^^^^^^^^^^^^^^^^^^^^^^^^^^^^\n  File \"<frozen importlib._bootstrap>\", line 1387, in _gcd_import\n  File \"<frozen importlib._bootstrap>\", line 1360, in _find_and_load\n  File \"<frozen importlib._bootstrap>\", line 1324, in _find_and_load_unlocked\nModuleNotFoundError: No module named 'matplotlib'\n"
      }
    },
    "petsc": {
      "command": [
        "/workspace/formal_3D_flow_solver_FEM_lzy/remote/.env/bin/python",
        "-B",
        "-c",
        "from petsc4py import PETSc; print('PETSc',PETSc.Sys.getVersion()); print('CUDA',PETSc.Sys.hasExternalPackage('cuda')); print('scalar',PETSc.ScalarType); print('MUMPS',PETSc.Sys.hasExternalPackage('mumps'))"
      ],
      "returncode": 0,
      "stdout": "PETSc (3, 25, 5)\nCUDA False\nscalar <class 'numpy.float64'>\nMUMPS True\n",
      "stderr": ""
    },
    "mpi_library": {
      "command": [
        "/workspace/formal_3D_flow_solver_FEM_lzy/remote/.env/bin/python",
        "-B",
        "-c",
        "from mpi4py import MPI; print(MPI.Get_library_version())"
      ],
      "returncode": 0,
      "stdout": "MPICH Version:      5.0.1\nMPICH Release date: Fri Apr 10 09:45:31 AM CDT 2026\nMPICH ABI:          18:1:6\nMPICH Device:       ch4:ucx ofi\nMPICH configure:    --prefix=/workspace/formal_3D_flow_solver_FEM_lzy/remote/.env --disable-doc --disable-dependency-tracking --enable-cxx --enable-fortran --enable-f08 --enable-mpi-abi --with-wrapper-dl-type=none --disable-static --with-device=ch4:ucx,ofi --with-ucx=/workspace/formal_3D_flow_solver_FEM_lzy/remote/.env --with-libfabric=/workspace/formal_3D_flow_solver_FEM_lzy/remote/.env --with-hwloc=/workspace/formal_3D_flow_solver_FEM_lzy/remote/.env --with-yaksa=embedded --with-pm=hydra:gforker\nMPICH CC:           x86_64-conda-linux-gnu-cc -I/workspace/formal_3D_flow_solver_FEM_lzy/remote/.env/include -march=nocona -mtune=haswell -ftree-vectorize -fPIC -fstack-protector-strong -fno-plt -O2 -ffunction-sections -pipe -fno-merge-constants -isystem /workspace/formal_3D_flow_solver_FEM_lzy/remote/.env/include -fdebug-prefix-map=/home/conda/feedstock_root/build_artifacts/bld/rattler-build_mpich_1784230131/work=/usr/local/src/conda/mpich-5.0.1 -fdebug-prefix-map=/workspace/formal_3D_flow_solver_FEM_lzy/remote/.env=/usr/local/src/conda-prefix   -O2\nMPICH CXX:          x86_64-conda-linux-gnu-c++ -I/workspace/formal_3D_flow_solver_FEM_lzy/remote/.env/include -fvisibility-inlines-hidden -fmessage-length=0 -march=nocona -mtune=haswell -ftree-vectorize -fPIC -fstack-protector-strong -fno-plt -O2 -ffunction-sections -pipe -fno-merge-constants -isystem /workspace/formal_3D_flow_solver_FEM_lzy/remote/.env/include -fdebug-prefix-map=/home/conda/feedstock_root/build_artifacts/bld/rattler-build_mpich_1784230131/work=/usr/local/src/conda/mpich-5.0.1 -fdebug-prefix-map=/workspace/formal_3D_flow_solver_FEM_lzy/remote/.env=/usr/local/src/conda-prefix -O2\nMPICH F77:          x86_64-conda-linux-gnu-gfortran -I/workspace/formal_3D_flow_solver_FEM_lzy/remote/.env/include -march=nocona -mtune=haswell -ftree-vectorize -fPIC -fstack-protector-strong -fno-plt -O2 -ffunction-sections -pipe -fno-merge-constants -isystem /workspace/formal_3D_flow_solver_FEM_lzy/remote/.env/include -I/home/conda/feedstock_root/build_artifacts/bld/rattler-build_mpich_1784230131/build_env/include -fdebug-prefix-map=/home/conda/feedstock_root/build_artifacts/bld/rattler-build_mpich_1784230131/work=/usr/local/src/conda/mpich-5.0.1 -fdebug-prefix-map=/workspace/formal_3D_flow_solver_FEM_lzy/remote/.env=/usr/local/src/conda-prefix -O2\nMPICH FC:           x86_64-conda-linux-gnu-gfortran -I/workspace/formal_3D_flow_solver_FEM_lzy/remote/.env/include -march=nocona -mtune=haswell -ftree-vectorize -fPIC -fstack-protector-strong -fno-plt -O2 -ffunction-sections -pipe -fno-merge-constants -isystem /workspace/formal_3D_flow_solver_FEM_lzy/remote/.env/include -I/home/conda/feedstock_root/build_artifacts/bld/rattler-build_mpich_1784230131/build_env/include -fdebug-prefix-map=/home/conda/feedstock_root/build_artifacts/bld/rattler-build_mpich_1784230131/work=/usr/local/src/conda/mpich-5.0.1 -fdebug-prefix-map=/workspace/formal_3D_flow_solver_FEM_lzy/remote/.env=/usr/local/src/conda-prefix -O2\nMPICH features:     threadcomm\n\n",
      "stderr": ""
    }
  },
  "gpu_used": false,
  "source_surface_sha256": "8820376703e1c51a5b27bca56f754d7125a524b95c8ad58205e2a185fcc1dc83",
  "source_contract_sha256": "0635c4929d83269a3af6b3758d2a7dbac9ebd6f7d2068c5e21f401c317675721",
  "configuration_sha256": "a607ca3390477b3766bc5b1ed6cad194f08688d8880cc66922da2cd2076c7f49",
  "configuration": {
    "schema_version": 1,
    "input_units": "um",
    "solver_units": "m",
    "profiles": {
      "development_coarse": {
        "bulk_target_size_m": 1e-06,
        "optional_interior_size_control": null
      },
      "development_medium": {
        "bulk_target_size_m": 5e-07,
        "optional_interior_size_control": null
      }
    },
    "gmsh": {
      "algorithm_3d": 1,
      "threads": 1,
      "optimize_interior": true,
      "optimize_netgen": false,
      "mesh_only_empty": true
    },
    "limits": {
      "maximum_tetrahedra": 1500000,
      "maximum_wall_time_s": 300,
      "maximum_rss_gib": 8
    },
    "quality": {
      "advisory_min_sicn_below": 0.1,
      "advisory_threshold_role": "engineering display trigger only, not a convergence or scientific acceptance criterion"
    },
    "fidelity": {
      "roundoff_factor": 512,
      "port_relative_area_tolerance": 1e-11,
      "normal_dot_minimum": 0.999
    },
    "facet_tags": {
      "1": "WALL",
      "2": "OUTLET_03",
      "3": "OUTLET_01",
      "4": "INLET",
      "5": "OUTLET_02"
    },
    "cell_tags": {
      "100": "FLUID"
    }
  },
  "requested_mesh_controls": {
    "bulk_target_size_m": 5e-07,
    "optional_interior_size_control": null
  },
  "gmsh_version": "4.15.2",
  "python_version": "3.12.13 | packaged by conda-forge | (main, Mar  5 2026, 16:50:00) [GCC 14.3.0]",
  "units": {
    "coordinates": "m",
    "length": "m",
    "volume": "m^3"
  },
  "mesh_profile": "development_medium",
  "facet_tag_meanings": {
    "1": "WALL",
    "2": "OUTLET_03",
    "3": "OUTLET_01",
    "4": "INLET",
    "5": "OUTLET_02"
  },
  "cell_tag_meanings": {
    "100": "FLUID"
  },
  "threads": 1,
  "mpi_ranks": 1,
  "stdout_path": "/workspace/formal_3D_flow_solver_FEM_lzy/logs/stage01/20260917T192831_486484705_medium_meshing/stdout.log",
  "stderr_path": "/workspace/formal_3D_flow_solver_FEM_lzy/logs/stage01/20260917T192831_486484705_medium_meshing/stderr.log",
  "run_metadata_path": "/workspace/formal_3D_flow_solver_FEM_lzy/logs/stage01/20260917T192831_486484705_medium_meshing/metadata.json",
  "input_topology": {
    "boundary_edges": 0,
    "nonmanifold_edges": 0,
    "inconsistent_oriented_edges": 0,
    "connected_surface_components": 1
  },
  "exit_status": 0,
  "effective_gmsh_options": {
    "General.NumThreads": 1,
    "Mesh.MaxNumThreads1D": 1,
    "Mesh.MaxNumThreads2D": 1,
    "Mesh.MaxNumThreads3D": 1,
    "Mesh.Algorithm3D": 1,
    "Mesh.MeshOnlyEmpty": 1,
    "Mesh.MeshSizeFromPoints": 0,
    "Mesh.MeshSizeFromCurvature": 0,
    "Mesh.MeshSizeExtendFromBoundary": 0,
    "Mesh.MeshSizeMin": 5e-07,
    "Mesh.MeshSizeMax": 5e-07,
    "Mesh.Optimize": 1,
    "Mesh.OptimizeNetgen": 0,
    "Mesh.ElementOrder": 1,
    "Mesh.MshFileVersion": 4.1,
    "Mesh.Binary": 1
  },
  "discrete_topology": {
    "surface_entities": [
      [
        2,
        1
      ],
      [
        2,
        2
      ],
      [
        2,
        3
      ],
      [
        2,
        4
      ],
      [
        2,
        5
      ]
    ],
    "volume_entities": [
      [
        3,
        1
      ]
    ],
    "volume_boundary": [
      [
        2,
        1
      ],
      [
        2,
        2
      ],
      [
        2,
        3
      ],
      [
        2,
        4
      ],
      [
        2,
        5
      ]
    ],
    "method": "5 premeshed discrete surfaces; one built-in surface loop and volume; MeshOnlyEmpty=1; no surface parametrization/remeshing"
  },
  "actual_tetra_count": 147569,
  "actual_vertex_count": 42968,
  "boundary_facet_count": 67262,
  "boundary_counts": {
    "WALL": 67071,
    "OUTLET_03": 49,
    "OUTLET_01": 44,
    "INLET": 56,
    "OUTLET_02": 42
  },
  "physical_groups": [
    {
      "dim": 2,
      "tag": 1,
      "name": "WALL"
    },
    {
      "dim": 2,
      "tag": 2,
      "name": "OUTLET_03"
    },
    {
      "dim": 2,
      "tag": 3,
      "name": "OUTLET_01"
    },
    {
      "dim": 2,
      "tag": 4,
      "name": "INLET"
    },
    {
      "dim": 2,
      "tag": 5,
      "name": "OUTLET_02"
    },
    {
      "dim": 3,
      "tag": 100,
      "name": "FLUID"
    }
  ],
  "wall_time_s": 2.742868806992192,
  "peak_rss_kib": 280948,
  "memory_limit_scope": "8 GiB virtual address-space upper bound (stricter than RSS)"
}
