{
  "source_node_id": 2410,
  "terminals": 122,
  "nodes": 7422,
  "edges": 7421,
  "unit_source_pressure_Pa": 1.0,
  "unit_roi_Q_m3_s": 2.9684572242588213e-18,
  "pressure_scale": 5226.146254566908,
  "actual_source_pressure_Pa": 5226.146254566908,
  "pressure_reproduction_max_error_Pa": 0.0,
  "flow_reproduction_max_error_m3_s": 0.0,
  "network_solve_audit": {
    "matrix_size": 7422,
    "nnz": 22264,
    "free_nodes": 7299,
    "solver": "scipy.sparse.linalg.splu; scaled sparse system",
    "free_matrix_condition_1_estimate": 73998071.55858164,
    "max_internal_relative_residual": 1.3856135619003177e-13,
    "boundary_mass_relative_residual": 3.554354885451564e-14
  },
  "cap_raw_Pa": [
    289.7141148843299,
    2636.4429527026996,
    -295.57231837550194
  ],
  "cap_shifted_Pa": [
    585.2864332598318,
    2932.0152710782013,
    0.0
  ],
  "pressure_transfer_max_error_Pa": 0.0,
  "pressure_pairwise_shift_error_Pa": 4.547473508864641e-13,
  "note": "Network solve and pressure transfer actually rerun; no 3D solver run."
}
[{'label': 'global_min_WSS', 'facet_zero_based': 20365, 'tetra_zero_based': 19674, 'xyz_um': array([131.51855092,  82.22919375,  86.92281457]), 'wss_Pa': np.float64(0.4147671292368573), 'minSICN': np.float64(0.9708044286420838), 'altitude_um': np.float64(0.350290626858416)}, {'label': 'global_max_WSS', 'facet_zero_based': 29659, 'tetra_zero_based': 110006, 'xyz_um': array([ 91.3005036 ,  47.61557405, 111.98666956]), 'wss_Pa': np.float64(46.52023918543966), 'minSICN': np.float64(0.7839358913869948), 'altitude_um': np.float64(0.20432870225568583)}, {'label': 'minimum_mesh_SICN', 'tetra_zero_based': 189107, 'xyz_um': array([ 98.65807806,  42.07591701, 131.95372594]), 'minSICN': np.float64(0.1501977279435097), 'distance_to_first_junction_um': np.float64(23.050630349471955), 'nearest_low_WSS_center_distance_um': 67.14411133621695, 'is_wall_owner': False}]
