ADMISSION 10 / 1563 seconds 43.45
ADMISSION 20 / 1563 seconds 66.45
ADMISSION 30 / 1563 seconds 92.34
ADMISSION 40 / 1563 seconds 124.93
ADMISSION 50 / 1563 seconds 151.23
ADMISSION 60 / 1563 seconds 173.41
ADMISSION 70 / 1563 seconds 208.32
ADMISSION 80 / 1563 seconds 236.88
ADMISSION 90 / 1563 seconds 261.16
ADMISSION 100 / 1563 seconds 286.05
ADMISSION 110 / 1563 seconds 315.32
ADMISSION 120 / 1563 seconds 343.71
ADMISSION 130 / 1563 seconds 374.27
ADMISSION 140 / 1563 seconds 398.09
ADMISSION 150 / 1563 seconds 429.6
ADMISSION 160 / 1563 seconds 453.8
ADMISSION 170 / 1563 seconds 478.04
ADMISSION 180 / 1563 seconds 509.75
ADMISSION 190 / 1563 seconds 536.11
ADMISSION 200 / 1563 seconds 564.73
ADMISSION 210 / 1563 seconds 589.45
ADMISSION 220 / 1563 seconds 615.57
ADMISSION 230 / 1563 seconds 648.16
ADMISSION 240 / 1563 seconds 677.96
ADMISSION 250 / 1563 seconds 704.45
ADMISSION 260 / 1563 seconds 731.74
ADMISSION 270 / 1563 seconds 759.79
ADMISSION 280 / 1563 seconds 786.4
ADMISSION 290 / 1563 seconds 813.69
ADMISSION 300 / 1563 seconds 844.26
ADMISSION 310 / 1563 seconds 870.23
ADMISSION 320 / 1563 seconds 892.91
ADMISSION 330 / 1563 seconds 917.88
ADMISSION 340 / 1563 seconds 956.82
ADMISSION 350 / 1563 seconds 981.46
ADMISSION 360 / 1563 seconds 1008.8
ADMISSION 370 / 1563 seconds 1036.92
ADMISSION 380 / 1563 seconds 1061.14
ADMISSION 390 / 1563 seconds 1091.89
ADMISSION 400 / 1563 seconds 1123.5
ADMISSION 410 / 1563 seconds 1147.24
ADMISSION 420 / 1563 seconds 1176.06
ADMISSION 430 / 1563 seconds 1200.74
ADMISSION 440 / 1563 seconds 1234.91
ADMISSION 450 / 1563 seconds 1260.82
ADMISSION 460 / 1563 seconds 1289.08
ADMISSION 470 / 1563 seconds 1317.08
ADMISSION 480 / 1563 seconds 1344.19
ADMISSION 490 / 1563 seconds 1369.98
ADMISSION 500 / 1563 seconds 1399.62
ADMISSION 510 / 1563 seconds 1427.12
ADMISSION 520 / 1563 seconds 1453.56
ADMISSION 530 / 1563 seconds 1477.73
ADMISSION 540 / 1563 seconds 1514.81
ADMISSION 550 / 1563 seconds 1540.72
ADMISSION 560 / 1563 seconds 1565.62
ADMISSION 570 / 1563 seconds 1593.91
ADMISSION 580 / 1563 seconds 1619.98
ADMISSION 590 / 1563 seconds 1652.61
ADMISSION 600 / 1563 seconds 1682.19
ADMISSION 610 / 1563 seconds 1713.4
ADMISSION 620 / 1563 seconds 1747.76
ADMISSION 630 / 1563 seconds 1773.13
ADMISSION 640 / 1563 seconds 1807.44
ADMISSION 650 / 1563 seconds 1829.81
ADMISSION 660 / 1563 seconds 1857.14
ADMISSION 670 / 1563 seconds 1886.92
ADMISSION 680 / 1563 seconds 1911.14
ADMISSION 690 / 1563 seconds 1938.1
ADMISSION 700 / 1563 seconds 1973.66
ADMISSION 710 / 1563 seconds 1999.62
ADMISSION 720 / 1563 seconds 2024.48
ADMISSION 730 / 1563 seconds 2051.92
ADMISSION 740 / 1563 seconds 2079.08
ADMISSION 750 / 1563 seconds 2102.9
ADMISSION 760 / 1563 seconds 2131.78
ADMISSION 770 / 1563 seconds 2163.48
ADMISSION 780 / 1563 seconds 2191.08
ADMISSION 790 / 1563 seconds 2213.84
ADMISSION 800 / 1563 seconds 2239.78
ADMISSION 810 / 1563 seconds 2271.27
ADMISSION 820 / 1563 seconds 2295.24
ADMISSION 830 / 1563 seconds 2325.35
ADMISSION 840 / 1563 seconds 2354.34
ADMISSION 850 / 1563 seconds 2378.21
ADMISSION 860 / 1563 seconds 2408.12
ADMISSION 870 / 1563 seconds 2435.3
ADMISSION 880 / 1563 seconds 2464.07
ADMISSION 890 / 1563 seconds 2493.41
ADMISSION 900 / 1563 seconds 2523.09
ADMISSION 910 / 1563 seconds 2552.14
ADMISSION 920 / 1563 seconds 2577.43
ADMISSION 930 / 1563 seconds 2606.09
ADMISSION 940 / 1563 seconds 2635.06
ADMISSION 950 / 1563 seconds 2664.53
ADMISSION 960 / 1563 seconds 2690.39
ADMISSION 970 / 1563 seconds 2719.22
ADMISSION 980 / 1563 seconds 2747.17
ADMISSION 990 / 1563 seconds 2775.65
ADMISSION 1000 / 1563 seconds 2800.47
ADMISSION 1010 / 1563 seconds 2836.12
ADMISSION 1020 / 1563 seconds 2862.52
ADMISSION 1030 / 1563 seconds 2886.26
ADMISSION 1040 / 1563 seconds 2913.71
ADMISSION 1050 / 1563 seconds 2945.79
ADMISSION 1060 / 1563 seconds 2969.16
ADMISSION 1070 / 1563 seconds 3001.28
ADMISSION 1080 / 1563 seconds 3027.75
ADMISSION 1090 / 1563 seconds 3056.3
ADMISSION 1100 / 1563 seconds 3082.67
ADMISSION 1110 / 1563 seconds 3106.75
ADMISSION 1120 / 1563 seconds 3128.63
ADMISSION 1130 / 1563 seconds 3166.27
ADMISSION 1140 / 1563 seconds 3191.46
ADMISSION 1150 / 1563 seconds 3214.86
ADMISSION 1160 / 1563 seconds 3241.25
ADMISSION 1170 / 1563 seconds 3273.72
ADMISSION 1180 / 1563 seconds 3299.28
ADMISSION 1190 / 1563 seconds 3326.44
ADMISSION 1200 / 1563 seconds 3355.3
ADMISSION 1210 / 1563 seconds 3380.91
ADMISSION 1220 / 1563 seconds 3410.84
ADMISSION 1230 / 1563 seconds 3440.81
ADMISSION 1240 / 1563 seconds 3466.98
ADMISSION 1250 / 1563 seconds 3493.67
ADMISSION 1260 / 1563 seconds 3523.54
ADMISSION 1270 / 1563 seconds 3552.1
ADMISSION 1280 / 1563 seconds 3582.19
ADMISSION 1290 / 1563 seconds 3611.65
ADMISSION 1300 / 1563 seconds 3637.95
ADMISSION 1310 / 1563 seconds 3662.57
ADMISSION 1320 / 1563 seconds 3693.44
ADMISSION 1330 / 1563 seconds 3721.2
ADMISSION 1340 / 1563 seconds 3751.15
ADMISSION 1350 / 1563 seconds 3775.18
ADMISSION 1360 / 1563 seconds 3801.27
ADMISSION 1370 / 1563 seconds 3831.07
ADMISSION 1380 / 1563 seconds 3861.77
ADMISSION 1390 / 1563 seconds 3889.08
ADMISSION 1400 / 1563 seconds 3915.6
ADMISSION 1410 / 1563 seconds 3938.86
ADMISSION 1420 / 1563 seconds 3971.75
ADMISSION 1430 / 1563 seconds 3998.0
ADMISSION 1440 / 1563 seconds 4024.21
ADMISSION 1450 / 1563 seconds 4050.32
ADMISSION 1460 / 1563 seconds 4080.15
ADMISSION 1470 / 1563 seconds 4110.7
ADMISSION 1480 / 1563 seconds 4133.55
ADMISSION 1490 / 1563 seconds 4165.2
ADMISSION 1500 / 1563 seconds 4192.11
ADMISSION 1510 / 1563 seconds 4225.51
ADMISSION 1520 / 1563 seconds 4251.21
ADMISSION 1530 / 1563 seconds 4277.1
ADMISSION 1540 / 1563 seconds 4302.05
ADMISSION 1550 / 1563 seconds 4336.34
ADMISSION 1560 / 1563 seconds 4360.06
ADMISSION 1563 / 1563 seconds 4366.88
