BENCHMARK 10 / 32 seconds 2.14
BENCHMARK 20 / 32 seconds 3.89
BENCHMARK 30 / 32 seconds 6.99
BENCHMARK 32 / 32 seconds 7.83
BENCHMARK 10 / 32 seconds 0.75
BENCHMARK 20 / 32 seconds 2.0
BENCHMARK 30 / 32 seconds 3.6
BENCHMARK 32 / 32 seconds 4.19
BENCHMARK 10 / 32 seconds 0.4
BENCHMARK 20 / 32 seconds 1.05
BENCHMARK 30 / 32 seconds 1.91
BENCHMARK 32 / 32 seconds 2.28
BENCHMARK 10 / 32 seconds 0.3
BENCHMARK 20 / 32 seconds 0.7
BENCHMARK 30 / 32 seconds 1.19
BENCHMARK 32 / 32 seconds 1.46
BENCHMARK 10 / 32 seconds 0.63
BENCHMARK 20 / 32 seconds 1.07
BENCHMARK 30 / 32 seconds 1.91
BENCHMARK 32 / 32 seconds 1.92
map_n12 10 / 101 seconds 1.11
map_n12 20 / 101 seconds 1.75
map_n12 30 / 101 seconds 2.84
map_n12 40 / 101 seconds 4.06
map_n12 50 / 101 seconds 5.06
map_n12 60 / 101 seconds 5.94
map_n12 70 / 101 seconds 6.67
map_n12 80 / 101 seconds 7.34
map_n12 90 / 101 seconds 7.99
map_n12 100 / 101 seconds 8.57
map_n12 101 / 101 seconds 8.59
map_n24 10 / 403 seconds 1.06
map_n24 20 / 403 seconds 2.1
map_n24 30 / 403 seconds 2.58
map_n24 40 / 403 seconds 3.31
map_n24 50 / 403 seconds 3.87
map_n24 60 / 403 seconds 4.63
map_n24 70 / 403 seconds 5.39
map_n24 80 / 403 seconds 5.94
map_n24 90 / 403 seconds 7.27
map_n24 100 / 403 seconds 8.36
map_n24 110 / 403 seconds 9.62
map_n24 120 / 403 seconds 10.54
map_n24 130 / 403 seconds 11.4
map_n24 140 / 403 seconds 12.41
map_n24 150 / 403 seconds 13.14
map_n24 160 / 403 seconds 14.23
map_n24 170 / 403 seconds 15.2
map_n24 180 / 403 seconds 16.24
map_n24 190 / 403 seconds 17.84
map_n24 200 / 403 seconds 18.74
map_n24 210 / 403 seconds 19.78
map_n24 220 / 403 seconds 20.86
map_n24 230 / 403 seconds 21.34
map_n24 240 / 403 seconds 22.07
map_n24 250 / 403 seconds 23.17
map_n24 260 / 403 seconds 23.96
map_n24 270 / 403 seconds 25.15
map_n24 280 / 403 seconds 25.63
map_n24 290 / 403 seconds 26.17
map_n24 300 / 403 seconds 26.91
map_n24 310 / 403 seconds 27.55
map_n24 320 / 403 seconds 28.15
map_n24 330 / 403 seconds 28.86
map_n24 340 / 403 seconds 29.73
map_n24 350 / 403 seconds 30.55
map_n24 360 / 403 seconds 31.09
map_n24 370 / 403 seconds 31.75
map_n24 380 / 403 seconds 32.44
map_n24 390 / 403 seconds 32.98
map_n24 400 / 403 seconds 33.54
map_n24 403 / 403 seconds 33.62
