 Starting up Musubi with nprocs:            8

 .___  ___.  __    __       _______. __    __  .______    __  
 |   \/   | |  |  |  |     /       ||  |  |  | |   _  \  |  | 
 |  \  /  | |  |  |  |    |   (----`|  |  |  | |  |_)  | |  | 
 |  |\/|  | |  |  |  |     \   \    |  |  |  | |   _  <  |  | 
 |  |  |  | |  `--'  | .----)   |   |  `--'  | |  |_)  | |  | 
 |__|  |__|  \______/  |_______/     \______/  |______/  |_v2.0.0-4-g4e8b27

 (C) 2012 German Research School for Simulation Sciences
 (C) 2013-2020 University Siegen
 (C) 2021 German Aerospace Center (DLR) -
          Institute of Software Methods for Product Virtualization
 
--------------------------------------------------------------------------------
 | INFORMATION ON THE EXECUTABLE
 | Revision of the code in this executable: 81f8c4f13772
 |
 | Compiled with GFORTRAN in version 13.4.0
 | Using the command mpif90
 | And the following flags:
 | -O3 -march=native -Wall -Wno-maybe-uninitialized -Werror -Wno-unused-dum
 | my-argument -fmax-stack-var-size=131072 -std=f2008 -pedantic-errors -O3
 | -march=native -Wall -Wno-maybe-uninitialized -Werror
 |
 | Build date: 2026-08-28
--------------------------------------------------------------------------------
--------------------------------------------------------------------------------
 | PRE-PROCESSING SETTINGS:
 | Using AOS (array of structures data layout)
 | Using PULL for streaming
--------------------------------------------------------------------------------

Run at: 2026-08-28 22:53 UTC+02:00

 Loading configuration file: /mnt/e/ULM/hatimb-particle_flow_simulator/ulm_3D_vascular/outputs/cfd_flow/musubi_project_steady_confirmation_anchor003274_20260828_225334/diagnostic_musubi.lua
--------------------------------------------------------------------------------
--------------------------------------------------------------------------------
--------------------------------------------------------------------------------
Loading general parameters:
Using /dev/null as null device.
Will print run time info in the end
(/proc/self/status).
Size of the IO Buffer (MB): 8
Simulation Name: roi003274_steady_lbm
 Loading convergence for steady state...
 Convergence is a single table
 +-------------------------------------------+
Iterations between trigger checks: 1
  - Min:
  iterations:       173464
 
  - Max:
  iterations:       203464
 
  - Interval:
  iterations:          100
 +-------------------------------------------+
  Loading shape kind: all
  Inverted shape:  F
  Number of reductions loaded: 2
  their reduceTypes are:
    average
    average
 loaded convergence with nConditions=2
     Norm : average
     absolute error
    nVal : 100
--------------------------------------------------------------------------------
 +-------------------------------------------+
  - Now:
  iterations:            0
  simTime   :    0.0000000000000000     
  wallClock :    1.8511072000000000E-002
 
  - Time Control:
 +-------------------------------------------+
Iterations between trigger checks: 1
  - Min:
  iterations:            0
  simTime   :    0.0000000000000000     
 
  - Max:
  iterations:       203464
 
  - Interval:
  iterations:          100
 +-------------------------------------------+
 
  - Abort Criteria:
  stop_file: stop
  steady_state:  T
 
  - Status:
 +-------------------------------------------+
 Using global alltoall
 Loading communication pattern:
 isend_irecv
Write timings to: /tmp/u3d/timing.res
--------------------------------------------------------------------------------
 Loading general solver params: 
 Choosing Control Routine: standard
 Setting SCALING to:diffusive
Solid elements will be removed from BC list
Block size (elements): 576
--------------------------------------------------------------------------------
--------------------------------------------------------------------------------
 Loading restart ...
 *****************************
 Restart read parameters: 
   filename : /mnt/e/ULM/hatimb-particle_flow_simulator/ulm_3D_vascular/outputs/cfd_flow/musubi_official_equivalent_probe_anchor003274_20260828_223213/restart/roi003274_steady_lbm_lastHeader.lua
 Opening Restart Header /mnt/e/ULM/hatimb-particle_flow_simulator/ulm_3D_vascular/outputs/cfd_flow/musubi_official_equivalent_probe_anchor003274_20260828_223213/restart/roi003274_steady_lbm_lastHeader.lua
 Solver: Musubi_v2.0.0-4-g4e8b27
--------------------------------------------------------------------------------
 Load mesh header from file: ../../musubi_recovery_anchor003274_20260828_162530/seeder/mesh/header.lua
 The real bounding cube is...
   min:    7.9044779968261700E-005   4.1095733261108400E-005   7.9823280334472647E-005
   max:    1.7684477996826169E-004   1.3389573326110839E-004   1.5982328033447264E-004
 Load mesh from file: ../../musubi_recovery_anchor003274_20260828_162530/seeder/mesh/elemlist.lsb
 using one process to read and broadcast
 Done, reading the mesh!
 NO BALANCING!
 Done loading weights.
 Got a mesh with following properties:
                 Mesh name: fluidTree
  Total number of elements: 221109
  Local number of elements: 27639
      Number of properties: 2
      Number of partitions: 8
             Minimum level: 9
             Maximum level: 9
       Bounding Box Origin:     0.0001    0.0000    0.0001
       Bounding Box Length:     0.0001
     Coarsest element size:     0.0000
       Finest element size:     0.0000
  Number of boundary elements: 11060
      Number of qVal elements: 10949
--------------------------------------------------------------------------------
 Restarting from point in time:
  iterations:       173464
  simTime   :    4.2349609374996572E-003
  wallClock :    133.86478426100001     
 Loading varsys table 
 Syshandle            1
 *****************************
 
 *****************************
 Restart write parameters: 
   prefix   : /mnt/e/ULM/hatimb-particle_flow_simulator/ulm_3D_vascular/outputs/cfd_flow/musubi_project_steady_confirmation_anchor003274_20260828_225334/restart/
 +-------------------------------------------+
Iterations between trigger checks: 1
  - Min:
 
  - Max:
 
  - Interval:
 +-------------------------------------------+
 *****************************
 
--------------------------------------------------------------------------------
 Load boundary ID from file: ../../musubi_recovery_anchor003274_20260828_162530/seeder/mesh/bnd.lsb
 read with MPI
Loading qVal data from directory: ../../musubi_recovery_anchor003274_20260828_162530/seeder/mesh/
 Load hasQVal from file: ../../musubi_recovery_anchor003274_20260828_162530/seeder/mesh/qval.lsb
 Done, reading the qVal!
 No IBM found!
--------------------------------------------------------------------------------
Lattice dx and dt on each level
level=9, dxL=   1.00000, dtL=   1.00000
--------------------------------------------------------------------------------
--------------------------------------------------------------------------------
  Loading physics table ...
  Physics table is defined.
  All values are expressed in physical units.
 Speed of sound (cs) is not defined.
 Attempting to load time step dt on coarsest level:
   cs =    4.730E+00
   dt =   24.414E-09
 WARNING: No value given for coulomb0
 WARNING: Reference coulomb0 is not found. 
 Setting reference coulomb0 to fundamental electrical charge.
Reference physical quantities:
  rho0       =    1.056E+03
  mass0      =    8.448E-18
  mole0      =    1.661E-24
  moleDens0  =  207.567E-06
  molWeight0 =    5.088E+06
  Temp0      =    1.000E+00
  coulomb0   =  160.218E-21
Conversion factors on level: 9
  dx            =  200.000E-09
  dt            =   24.414E-09
  pressure      =   70.867E+03
  velocity      =    8.192E+00
  kine. visc.   =    1.638E-06
  dyn. visc.    =    1.730E-03
  acceleration  =  335.544E+06
  force         =    2.835E-09
  body force    =  354.335E+09
  strain rate   =   40.960E+06
  energy        =  566.936E-18
  moleFlux      =    1.700E-03
  chargeDens    =   20.027E+00
  currentDens   =  164.063E+00
  massflux      =    8.651E+03
  diffusivity   =    1.638E-06
  faraday       =   96.485E+03
  gasConst      =  341.417E+06
  potential     =    3.539E+03

Over level scale factor: 
    pressure:    1.000E+00
    velocity:    1.000E+00
 strain rate:    1.000E+00
--------------------------------------------------------------------------------
--------------------------------------------------------------------------------
Loading Scheme identify table: 
kind: fluid
Layout: d3q19
relaxation: bgk
  variant: standard
--------------------------------------------------------------------------------
 Creating stencil kind: d3q19
--------------------------------------------------------------------------------
 Loading the field base info ...
 No field table defined.
 Assuming single field and label = "".
--------------------------------------------------------------------------------
 Initializing global variable system for scheme kind: fluid
 Appending state variables 
--------------------------------------------------------------------------------
Interpolation:
  method: quadratic
   order:  2
  weights_method: linear_distance
  inverse distance powefac:  6
--------------------------------------------------------------------------------
 No possible transport variable defined for scheme kind: fluid
--------------------------------------------------------------------------------
 Loading the fields ...
 Number of fields to load:            1
 No field table and scheme table are defined.Loading field data from config
 Loading field: 
 Loading the fluid properties.
 Loading fluid informations
 loading space time function from key: kinematic_viscosity
 Spacetime function is a const value:    3.2700000000000000E-006
 St-fun is not a table, thus setting global shape.
 No nonNewtonian table defined
 No turbulence table defined
--------------------------------------------------------------------------------
--------------------------------------------------------------------------------
  Loading initial conditions
Loading spatial for pressure
 Load spatial as single constant
   Spatial for pressure is a defined as const
value =   23.622E+03
Loading spatial for velocityX
 Load spatial as single constant
   Spatial for velocityX is a defined as const
value =    0.000E+00
Loading spatial for velocityY
 Load spatial as single constant
   Spatial for velocityY is a defined as const
value =    0.000E+00
Loading spatial for velocityZ
 Load spatial as single constant
   Spatial for velocityZ is a defined as const
value =    0.000E+00
Loading spatial for Sxx
 Load spatial as single constant
 ERROR: Fatal error occured in loading scalar constants
 WARNING: variable is non-existent!
 Setting kind to be "none" and value =    0.000E+00 for all 1 components
   Spatial for Sxx is a defined as none
Loading spatial for Syy
 Load spatial as single constant
 ERROR: Fatal error occured in loading scalar constants
 WARNING: variable is non-existent!
 Setting kind to be "none" and value =    0.000E+00 for all 1 components
   Spatial for Syy is a defined as none
Loading spatial for Szz
 Load spatial as single constant
 ERROR: Fatal error occured in loading scalar constants
 WARNING: variable is non-existent!
 Setting kind to be "none" and value =    0.000E+00 for all 1 components
   Spatial for Szz is a defined as none
Loading spatial for Sxy
 Load spatial as single constant
 ERROR: Fatal error occured in loading scalar constants
 WARNING: variable is non-existent!
 Setting kind to be "none" and value =    0.000E+00 for all 1 components
   Spatial for Sxy is a defined as none
Loading spatial for Syz
 Load spatial as single constant
 ERROR: Fatal error occured in loading scalar constants
 WARNING: variable is non-existent!
 Setting kind to be "none" and value =    0.000E+00 for all 1 components
   Spatial for Syz is a defined as none
Loading spatial for Sxz
 Load spatial as single constant
 ERROR: Fatal error occured in loading scalar constants
 WARNING: variable is non-existent!
 Setting kind to be "none" and value =    0.000E+00 for all 1 components
   Spatial for Sxz is a defined as none
--------------------------------------------------------------------------------
  Loading BC header
   Found BC wall of kind wall_libb
   Found BC inlet of kind mfr_eq
   Found BC outlet_01 of kind pressure_eq
   Found BC outlet_02 of kind pressure_eq
   Found BC outlet_03 of kind pressure_eq
 matching boundary defination in lua to mesh
 Number of Boundaries: 5
--------------------------------------------------------------------------------
 Loading boundary definition for nBCs: 5
   Boundary: 1
    Curved:  F
     Wall LIBB treatment: wall
    Default qVal:   0.50000000000000000     
   required neighbors: 0
   Boundary: 2
    Curved:  F
    mfr_eq treatment for inlet
  Loading bc state for mass_flowrate
 Expected variable mass_flowrate is defined
 Did not find a variable name for mass_flowrate
 Trying to load it as an anonymous space time function
 loading space time function from key: mass_flowrate
 Spacetime function is a const value:    8.1243449501691230E-013
 St-fun is not a table, thus setting global shape.
 Found a spacetime function for mass_flowrate
    Default qVal:   0.50000000000000000     
   required neighbors: 1
   Boundary: 3
    Curved:  F
     Outlet pressure equilibrium type for outlet_01
  Loading bc state for pressure
 Expected variable pressure is defined
 Did not find a variable name for pressure
 Trying to load it as an anonymous space time function
 loading space time function from key: pressure
 St-fun is not a table, thus setting global shape.
 Found a spacetime function for pressure
    Default qVal:   0.50000000000000000     
   required neighbors: 2
   Boundary: 4
    Curved:  F
     Outlet pressure equilibrium type for outlet_02
  Loading bc state for pressure
 Expected variable pressure is defined
 Did not find a variable name for pressure
 Trying to load it as an anonymous space time function
 loading space time function from key: pressure
 St-fun is not a table, thus setting global shape.
 Found a spacetime function for pressure
    Default qVal:   0.50000000000000000     
   required neighbors: 2
   Boundary: 5
    Curved:  F
     Outlet pressure equilibrium type for outlet_03
  Loading bc state for pressure
 Expected variable pressure is defined
 Did not find a variable name for pressure
 Trying to load it as an anonymous space time function
 loading space time function from key: pressure
 St-fun is not a table, thus setting global shape.
 Found a spacetime function for pressure
    Default qVal:   0.50000000000000000     
   required neighbors: 2
--------------------------------------------------------------------------------
 Loading the mappings from table: source
 Table source could not be opened for reading variable mappings!
--------------------------------------------------------------------------------
 Loading the mappings from table: glob_source
 Table glob_source could not be opened for reading variable mappings!
 Loading transport variables
--------------------------------------------------------------------------------
 Variable table not defined with key: variable
--------------------------------------------------------------------------------
 Loading tracking ...
Number of Tracking entities: 2
Loading tracker: 1
 Tracking label: p
 +-------------------------------------------+
Iterations between trigger checks: 1
  - Min:
  iterations:       173464
 
  - Max:
  iterations:       203464
 
  - Interval:
  iterations:          100
 +-------------------------------------------+
  Number of reductions loaded: 1
  their reduceTypes are:
    average
   Loading output table ...
   Output format: ascii
  Loading shape kind: all
  Inverted shape:  F
Done tracker 1
Loading tracker: 2
 Tracking label: u
 +-------------------------------------------+
Iterations between trigger checks: 1
  - Min:
  iterations:       173464
 
  - Max:
  iterations:       203464
 
  - Interval:
  iterations:          100
 +-------------------------------------------+
  Number of reductions loaded: 1
  their reduceTypes are:
    average
   Loading output table ...
   Output format: ascii
  Loading shape kind: all
  Inverted shape:  F
Done tracker 2
--------------------------------------------------------------------------------
--------------------------------------------------------------------------------
 NO particle modelling
--------------------------------------------------------------------------------
--------------------------------------------------------------------------------
 Initializing musubi ...
 Initializing the scheme ...
 Map stencil to treelm definition and vice versa ...
Initializing the moment matrix by stencil: d3q19
 Building variable system for scheme kind: fluid
 Appending auxiliary variables 
 Current append variable wave loop:            1
 Append derive variables to varSys
 Variable pressure_deviation cant be added due to missing input variable pressure_reference
 Error: variable pressure_deviation is not added to variable system
 Appending boundary variables 
 Append derive physical variables to varSys
 Append meshInfo variables to varSys
 Current append variable wave loop:            2
 Append derive variables to varSys
 Appending boundary variables 
 Append derive physical variables to varSys
 Append meshInfo variables to varSys
 Current append variable wave loop:            3
 Append derive variables to varSys
 Appending boundary variables 
 Append derive physical variables to varSys
 Append meshInfo variables to varSys
 Done appending variables to varSys
 Storing state variable position 
 Storing derive variable position 
--------------------------------------------------------------------------------
 Starting to initialize the geometry
--------------------------------------------------------------------------------
 Creating boundary lists ...
BC: wall, iBnd: 1, normal:   0 -1 -1, Ind: 7
BC: outlet_02, iBnd: 2, normal:   1  1  0, Ind: 18
BC: outlet_01, iBnd: 3, normal:   0 -1  0, Ind: 2
BC: outlet_03, iBnd: 4, normal:  -1  0  0, Ind: 1
BC: inlet, iBnd: 5, normal:   0 -1 -1, Ind: 7
 Set BC stencil: outlet_02
 Set BC stencil: outlet_01
 Set BC stencil: outlet_03
 Set BC stencil: inlet
 Finalizing stencils...
 Total Number of stencils: 5
 iStencil:  1, label: d3q19
 nElems: 221109
 iStencil:  2, label: outlet_02_NE2NE3_QQN2
 nElems: 179
 iStencil:  3, label: outlet_01_SS2_QQN2
 nElems: 169
 iStencil:  4, label: outlet_03_WW2_QQN2
 nElems: 201
 iStencil:  5, label: inlet_BS2_QQN1
 nElems: 311
 Allocating level Descriptor ...
 Searching the neighbors for each element ...
 Finished searching the neighbors ID for each fluid.
 Creating level descriptor ...
 Building up the element and total list.
 Building level-wise fluid list ...
--------------------------------------------------------------------------------
 Communicating elements ...
Halo count exchange iteration: 1
 Starting all-to-all exchange of halo counts
Finished all-to-all exchanging number of elements
All to all cost: 0.297175E-01
  Finished counting valid procs and nElemsProcs.
   Done communicating nElems to Transfer
  Requesting remote halos on level 9
   Received requested halo elements successfully.
 Finished requesting remote halos
   Done requesting remote halos.
   Identifying lists
 Done exchanging number of elements to communicate.
Return halo counts and Redefine halos ...
  Returning halo counts on level 9
   Redefining halos ... 
   Done communicating stencil buffer
   Done communicating stencil buffer
   Done communicating stencil buffer
 Done with communication of elements. 
--------------------------------------------------------------------------------

--------------------------------------------------------------------------------
 Communicating elements ...
Halo count exchange iteration: 1
 Starting all-to-all exchange of halo counts
Finished all-to-all exchanging number of elements
All to all cost: 0.661230E-04
  Finished counting valid procs and nElemsProcs.
   Done communicating nElems to Transfer
  Requesting remote halos on level 9
   Received requested halo elements successfully.
 Finished requesting remote halos
   Done requesting remote halos.
   Identifying lists
 Done exchanging number of elements to communicate.
Return halo counts and Redefine halos ...
  Returning halo counts on level 9
   Redefining halos ... 
   Done communicating stencil buffer
   Done communicating stencil buffer
   Done communicating stencil buffer
 Done with communication of elements. 
--------------------------------------------------------------------------------

 Assembling total list ...
     Level: 9
    nElems: 29938
       fluid: 27639
gFromCoarser: 0
  gFromFiner: 0
        halo: 2299
 Updating dependencies ...
 Updating the stencil entries
  Updating entries in the element stencils...
 Finished building up element and total list. 
Build neighbor array for stencil: 1
 level:  9, nElems to treat: 29938
Build neighbor array for stencil: 2
 level:  9, nElems to treat: 179
--------------------------------------------------------------------------------

Try to remove solid from BC: outlet_02
 Removed 6 elements on level 9
Try to remove solid from BC: outlet_01
Try to remove solid from BC: outlet_03
Try to remove solid from BC: inlet
 Build vertical dep ...
 Total number of elements on Level: 9
   Fluid:   221109
 Global Elements information:
   nElems overall: 236883
   nElems ghost from finer: 0
   nElems ghost from coarser: 0
 
Start filling field BC neighbor list 
 Allocating PDF state, neighbor and bcBuffer array
 nSize of state array: 29940
 Building state array connectivity ...
 Done with state array connectivity.
Set halo elements comm links
Amount of message per proc: 21206
Communication amount compressed to [%]: 56.61

--------------------------------------------------------------------------------
Done initializing geometry. Took [s]      0.28
--------------------------------------------------------------------------------

 Simulation time homogenize:
  iterations:       173464
  simTime   :    4.2349609374999981E-003
  wallClock :   0.20227450100000000     
 Time control homogenize:
 +-------------------------------------------+
Iterations between trigger checks: 1
  - Min:
  iterations:       173464
 
  - Max:
  iterations:       203464
 
  - Interval:
  iterations:          100
 +-------------------------------------------+
Initialize fluid
  Set relaxation parameter from kinematic viscosity
Fluid properties:
  Reference density rho0:  1.0000000
  Kinematic viscosity STfun kind: const
Kinematic viscosity, (min, max) on level: 9
  Physical: ( 0.0000033, 0.0000033)
  Lattice: ( 1.9958496, 1.9958496)
  Kinematic omega (min,max):( 0.1541414, 0.1541414)
 viscBulk lattice and omega: 
  viscBulk:   1.3305664
  omegaBulk:  0.1541414
Magic lambda for TRT:  0.2500000
HRR sigma:  0.9800000
DRT tauN:  0.7000000
No nonNewtonian table defined.
--------------------------------------------------------------------------------
 Allocate gradient data ...
 Filling gradient data ...
--------------------------------------------------------------------------------
 Create subtree for all space time functions stored 
 in linked list of spacetime function
 Done creating subtree for   0 spacetime functions
--------------------------------------------------------------------------------
--------------------------------------------------------------------------------
 Initializing Source terms ...
 No active source terms
--------------------------------------------------------------------------------
 Initializing transport variables ...
 No active transport variables
  Pulling pdfs from neighbor elements before collision
 Initializing restart...
 Time control homogenize:
 +-------------------------------------------+
Iterations between trigger checks: 1
  - Min:
 
  - Max:
 
  - Interval:
 +-------------------------------------------+
 Initializing tracker...
--------------------------------------------------------------------------------
 Initialize tracking subTree to remove empty objects
--------------------------------------------------------------------------------
 Creating subTree for tracking object p
 Subtree encompasses all fluid elements
Found corresponding nElems: 221109
--------------------------------------------------------------------------------
 Creating subTree for tracking object u
 Subtree encompasses all fluid elements
Found corresponding nElems: 221109
--------------------------------------------------------------------------------
 Time control homogenize:
 +-------------------------------------------+
Iterations between trigger checks: 1
  - Min:
  iterations:       173464
 
  - Max:
  iterations:       203464
 
  - Interval:
  iterations:          100
 +-------------------------------------------+
 Time control homogenize:
 +-------------------------------------------+
Iterations between trigger checks: 1
  - Min:
  iterations:       173464
 
  - Max:
  iterations:       203464
 
  - Interval:
  iterations:          100
 +-------------------------------------------+
--------------------------------------------------------------------------------
 Initialize tracking objects
--------------------------------------------------------------------------------
Track object: 1, label: p
 Initializing reduction ...
Track object: 2, label: u
 Initializing reduction ...
 Auxiliary field halo communication DEACTIVATED.
 Initializing convergence...
 Time control homogenize:
 +-------------------------------------------+
Iterations between trigger checks: 1
  - Min:
  iterations:       173464
 
  - Max:
  iterations:       203464
 
  - Interval:
  iterations:          100
 +-------------------------------------------+
--------------------------------------------------------------------------------
 Setting up the convergence infrastructure
 Subtree encompasses all fluid elements
Found corresponding nElems: 221109
--------------------------------------------------------------------------------
 Initializing reduction ...
--------------------------------------------------------------------------------
Initialize BndForce
 Initializing IBM surface data
--------------------------------------------------------------------------------

 Reading restart...
  Open read... 
  Closed Read.
 Done reading restart.
 Initialize compute kernel for scheme kind: fluid
 Choosing fluid relaxation model: bgk for layout d3q19
 mus_load_particles: no particle table found
Initialize 5 boundary conditions
 Initializing BC: wall
 Initializing BC: outlet_02
 Initializing BC: outlet_01
 Initializing BC: outlet_03
 Initializing BC: inlet
--------------------------------------------------------------------------------
 Starting Musubi MAIN loop with time control:
 +-------------------------------------------+
Iterations between trigger checks: 1
  - Min:
  iterations:       173464
 
  - Max:
  iterations:       203464
 
  - Interval:
  iterations:          100
 +-------------------------------------------+
Select fast single level control routine.
Particulate flow simulations disabled!
--------------------------------------------------------------------------------
  iterations:       173464
  simTime   :    4.2349609374999981E-003
  wallClock :   0.20227450100000000     
      field |       total density
          1 |  221.6709503036E+03

  iterations:       173564
  simTime   :    4.2374023437499924E-003
  wallClock :    3.3192397730000001     
      field |       total density
          1 |  221.6709769274E+03

  iterations:       173664
  simTime   :    4.2398437499999867E-003
  wallClock :    5.3712589949999998     
      field |       total density
          1 |  221.6710034916E+03

  iterations:       173764
  simTime   :    4.2422851562499810E-003
  wallClock :    7.3628595649999999     
      field |       total density
          1 |  221.6710299963E+03

  iterations:       173864
  simTime   :    4.2447265624999753E-003
  wallClock :    9.3793814900000001     
      field |       total density
          1 |  221.6710564417E+03

  iterations:       173964
  simTime   :    4.2471679687499696E-003
  wallClock :    11.463395604000000     
      field |       total density
          1 |  221.6710828279E+03

  iterations:       174064
  simTime   :    4.2496093749999639E-003
  wallClock :    13.483366808000000     
      field |       total density
          1 |  221.6711091550E+03

  iterations:       174164
  simTime   :    4.2520507812499582E-003
  wallClock :    15.477126016000000     
      field |       total density
          1 |  221.6711354231E+03

  iterations:       174264
  simTime   :    4.2544921874999525E-003
  wallClock :    17.447155473999999     
      field |       total density
          1 |  221.6711616325E+03

  iterations:       174364
  simTime   :    4.2569335937499468E-003
  wallClock :    19.513349443999999     
      field |       total density
          1 |  221.6711877832E+03

  iterations:       174464
  simTime   :    4.2593749999999412E-003
  wallClock :    21.445894776999999     
      field |       total density
          1 |  221.6712138753E+03

  iterations:       174564
  simTime   :    4.2618164062499355E-003
  wallClock :    23.553406061000000     
      field |       total density
          1 |  221.6712399090E+03

  iterations:       174664
  simTime   :    4.2642578124999298E-003
  wallClock :    25.477104228999998     
      field |       total density
          1 |  221.6712658845E+03

  iterations:       174764
  simTime   :    4.2666992187499241E-003
  wallClock :    27.384824941000002     
      field |       total density
          1 |  221.6712918017E+03

  iterations:       174864
  simTime   :    4.2691406249999184E-003
  wallClock :    29.445192588000001     
      field |       total density
          1 |  221.6713176610E+03

  iterations:       174964
  simTime   :    4.2715820312499127E-003
  wallClock :    31.437782156000001     
      field |       total density
          1 |  221.6713434623E+03

  iterations:       175064
  simTime   :    4.2740234374999070E-003
  wallClock :    33.454387922000002     
      field |       total density
          1 |  221.6713692059E+03

  iterations:       175164
  simTime   :    4.2764648437499013E-003
  wallClock :    35.573025071000004     
      field |       total density
          1 |  221.6713948919E+03

  iterations:       175264
  simTime   :    4.2789062499998956E-003
  wallClock :    37.768042080999997     
      field |       total density
          1 |  221.6714205203E+03

  iterations:       175364
  simTime   :    4.2813476562498900E-003
  wallClock :    39.727115775000001     
      field |       total density
          1 |  221.6714460913E+03

  iterations:       175464
  simTime   :    4.2837890624998843E-003
  wallClock :    41.737139221000000     
      field |       total density
          1 |  221.6714716051E+03

  iterations:       175564
  simTime   :    4.2862304687498786E-003
  wallClock :    43.771711889999999     
      field |       total density
          1 |  221.6714970618E+03

  iterations:       175664
  simTime   :    4.2886718749998729E-003
  wallClock :    45.706066614999997     
      field |       total density
          1 |  221.6715224614E+03

  iterations:       175764
  simTime   :    4.2911132812498672E-003
  wallClock :    47.848491213999999     
      field |       total density
          1 |  221.6715478042E+03

  iterations:       175864
  simTime   :    4.2935546874998615E-003
  wallClock :    49.767626632999999     
      field |       total density
          1 |  221.6715730902E+03

  iterations:       175964
  simTime   :    4.2959960937498558E-003
  wallClock :    51.779372887000001     
      field |       total density
          1 |  221.6715983196E+03

  iterations:       176064
  simTime   :    4.2984374999998501E-003
  wallClock :    53.945313386000002     
      field |       total density
          1 |  221.6716234926E+03

  iterations:       176164
  simTime   :    4.3008789062498444E-003
  wallClock :    56.128471924000003     
      field |       total density
          1 |  221.6716486091E+03

  iterations:       176264
  simTime   :    4.3033203124998387E-003
  wallClock :    58.583339635999998     
      field |       total density
          1 |  221.6716736694E+03

  iterations:       176364
  simTime   :    4.3057617187498331E-003
  wallClock :    60.874439262000003     
      field |       total density
          1 |  221.6716986736E+03

  iterations:       176464
  simTime   :    4.3082031249998274E-003
  wallClock :    63.333937890999998     
      field |       total density
          1 |  221.6717236218E+03

  iterations:       176564
  simTime   :    4.3106445312498217E-003
  wallClock :    65.777411732000004     
      field |       total density
          1 |  221.6717485141E+03

  iterations:       176664
  simTime   :    4.3130859374998160E-003
  wallClock :    68.295264243000005     
      field |       total density
          1 |  221.6717733506E+03

  iterations:       176764
  simTime   :    4.3155273437498103E-003
  wallClock :    70.844169692999998     
      field |       total density
          1 |  221.6717981316E+03

  iterations:       176864
  simTime   :    4.3179687499998046E-003
  wallClock :    73.354752677999997     
      field |       total density
          1 |  221.6718228570E+03

  iterations:       176964
  simTime   :    4.3204101562497989E-003
  wallClock :    75.738586837000000     
      field |       total density
          1 |  221.6718475271E+03

  iterations:       177064
  simTime   :    4.3228515624997932E-003
  wallClock :    78.251188107000004     
      field |       total density
          1 |  221.6718721419E+03

  iterations:       177164
  simTime   :    4.3252929687497875E-003
  wallClock :    80.711697220000005     
      field |       total density
          1 |  221.6718967016E+03

  iterations:       177264
  simTime   :    4.3277343749997818E-003
  wallClock :    83.179873673000003     
      field |       total density
          1 |  221.6719212063E+03

  iterations:       177364
  simTime   :    4.3301757812497762E-003
  wallClock :    85.647418537999997     
      field |       total density
          1 |  221.6719456561E+03

  iterations:       177464
  simTime   :    4.3326171874997705E-003
  wallClock :    88.120267284999997     
      field |       total density
          1 |  221.6719700512E+03

  iterations:       177564
  simTime   :    4.3350585937497648E-003
  wallClock :    90.561534721000001     
      field |       total density
          1 |  221.6719943916E+03

  iterations:       177664
  simTime   :    4.3374999999997591E-003
  wallClock :    93.024981873000002     
      field |       total density
          1 |  221.6720186775E+03

  iterations:       177764
  simTime   :    4.3399414062497534E-003
  wallClock :    95.632245357000002     
      field |       total density
          1 |  221.6720429090E+03

  iterations:       177864
  simTime   :    4.3423828124997477E-003
  wallClock :    98.223386634999997     
      field |       total density
          1 |  221.6720670862E+03

  iterations:       177964
  simTime   :    4.3448242187497420E-003
  wallClock :    100.81134102199999     
      field |       total density
          1 |  221.6720912093E+03

  iterations:       178064
  simTime   :    4.3472656249997363E-003
  wallClock :    103.17602475200000     
      field |       total density
          1 |  221.6721152784E+03

  iterations:       178164
  simTime   :    4.3497070312497306E-003
  wallClock :    105.66180816500000     
      field |       total density
          1 |  221.6721392935E+03

  iterations:       178264
  simTime   :    4.3521484374997249E-003
  wallClock :    108.03596477100000     
      field |       total density
          1 |  221.6721632548E+03

  iterations:       178364
  simTime   :    4.3545898437497193E-003
  wallClock :    110.60904619599999     
      field |       total density
          1 |  221.6721871625E+03

  iterations:       178464
  simTime   :    4.3570312499997136E-003
  wallClock :    113.21707762200001     
      field |       total density
          1 |  221.6722110166E+03

  iterations:       178564
  simTime   :    4.3594726562497079E-003
  wallClock :    115.84600879700000     
      field |       total density
          1 |  221.6722348173E+03

  iterations:       178664
  simTime   :    4.3619140624997022E-003
  wallClock :    118.24860505400000     
      field |       total density
          1 |  221.6722585647E+03

  iterations:       178764
  simTime   :    4.3643554687496965E-003
  wallClock :    120.78614806200000     
      field |       total density
          1 |  221.6722822589E+03

  iterations:       178864
  simTime   :    4.3667968749996908E-003
  wallClock :    123.16848715300000     
      field |       total density
          1 |  221.6723059000E+03

  iterations:       178964
  simTime   :    4.3692382812496851E-003
  wallClock :    125.75861922800000     
      field |       total density
          1 |  221.6723294881E+03

  iterations:       179064
  simTime   :    4.3716796874996794E-003
  wallClock :    128.16773267799999     
      field |       total density
          1 |  221.6723530234E+03

  iterations:       179164
  simTime   :    4.3741210937496737E-003
  wallClock :    130.69107533900001     
      field |       total density
          1 |  221.6723765060E+03

  iterations:       179264
  simTime   :    4.3765624999996680E-003
  wallClock :    133.14724962599999     
      field |       total density
          1 |  221.6723999360E+03

  iterations:       179364
  simTime   :    4.3790039062496624E-003
  wallClock :    135.70716120599999     
      field |       total density
          1 |  221.6724233135E+03

  iterations:       179464
  simTime   :    4.3814453124996567E-003
  wallClock :    138.10326035500000     
      field |       total density
          1 |  221.6724466386E+03

  iterations:       179564
  simTime   :    4.3838867187496510E-003
  wallClock :    140.63780377600000     
      field |       total density
          1 |  221.6724699114E+03

  iterations:       179664
  simTime   :    4.3863281249996453E-003
  wallClock :    143.07165668100001     
      field |       total density
          1 |  221.6724931322E+03

  iterations:       179764
  simTime   :    4.3887695312496396E-003
  wallClock :    145.59939597200000     
      field |       total density
          1 |  221.6725163009E+03

  iterations:       179864
  simTime   :    4.3912109374996339E-003
  wallClock :    148.05312250399999     
      field |       total density
          1 |  221.6725394177E+03

  iterations:       179964
  simTime   :    4.3936523437496282E-003
  wallClock :    150.58317288699999     
      field |       total density
          1 |  221.6725624827E+03

  iterations:       180064
  simTime   :    4.3960937499996225E-003
  wallClock :    152.92857238700000     
      field |       total density
          1 |  221.6725854960E+03

  iterations:       180164
  simTime   :    4.3985351562496168E-003
  wallClock :    155.46194424500001     
      field |       total density
          1 |  221.6726084578E+03

  iterations:       180264
  simTime   :    4.4009765624996111E-003
  wallClock :    157.98383952300000     
      field |       total density
          1 |  221.6726313681E+03

  iterations:       180364
  simTime   :    4.4034179687496055E-003
  wallClock :    160.51779383400000     
      field |       total density
          1 |  221.6726542271E+03

  iterations:       180464
  simTime   :    4.4058593749995998E-003
  wallClock :    162.95120065500001     
      field |       total density
          1 |  221.6726770349E+03

  iterations:       180564
  simTime   :    4.4083007812495941E-003
  wallClock :    165.43786590799999     
      field |       total density
          1 |  221.6726997916E+03

  iterations:       180664
  simTime   :    4.4107421874995884E-003
  wallClock :    167.80768497899999     
      field |       total density
          1 |  221.6727224973E+03

  iterations:       180764
  simTime   :    4.4131835937495827E-003
  wallClock :    170.34168156499999     
      field |       total density
          1 |  221.6727451521E+03

  iterations:       180864
  simTime   :    4.4156249999995770E-003
  wallClock :    172.74602787699999     
      field |       total density
          1 |  221.6727677562E+03

  iterations:       180964
  simTime   :    4.4180664062495713E-003
  wallClock :    175.32316648599999     
      field |       total density
          1 |  221.6727903096E+03

  iterations:       181064
  simTime   :    4.4205078124995656E-003
  wallClock :    177.69420903500000     
      field |       total density
          1 |  221.6728128125E+03

  iterations:       181164
  simTime   :    4.4229492187495599E-003
  wallClock :    180.20010612100000     
      field |       total density
          1 |  221.6728352650E+03

  iterations:       181264
  simTime   :    4.4253906249995542E-003
  wallClock :    182.57520688899999     
      field |       total density
          1 |  221.6728576671E+03

  iterations:       181364
  simTime   :    4.4278320312495486E-003
  wallClock :    185.05046241500000     
      field |       total density
          1 |  221.6728800191E+03

  iterations:       181464
  simTime   :    4.4302734374995429E-003
  wallClock :    187.44960980900001     
      field |       total density
          1 |  221.6729023209E+03

  iterations:       181564
  simTime   :    4.4327148437495372E-003
  wallClock :    190.12990037899999     
      field |       total density
          1 |  221.6729245728E+03

  iterations:       181664
  simTime   :    4.4351562499995315E-003
  wallClock :    192.67413252800000     
      field |       total density
          1 |  221.6729467749E+03

  iterations:       181764
  simTime   :    4.4375976562495258E-003
  wallClock :    195.17421711200001     
      field |       total density
          1 |  221.6729689272E+03

  iterations:       181864
  simTime   :    4.4400390624995201E-003
  wallClock :    197.63789233000000     
      field |       total density
          1 |  221.6729910298E+03

  iterations:       181964
  simTime   :    4.4424804687495144E-003
  wallClock :    200.16820563900001     
      field |       total density
          1 |  221.6730130829E+03

  iterations:       182064
  simTime   :    4.4449218749995087E-003
  wallClock :    202.58365057099999     
      field |       total density
          1 |  221.6730350866E+03

  iterations:       182164
  simTime   :    4.4473632812495030E-003
  wallClock :    205.06034853099999     
      field |       total density
          1 |  221.6730570410E+03

  iterations:       182264
  simTime   :    4.4498046874994973E-003
  wallClock :    207.56212066300000     
      field |       total density
          1 |  221.6730789462E+03

  iterations:       182364
  simTime   :    4.4522460937494917E-003
  wallClock :    210.01622993500001     
      field |       total density
          1 |  221.6731008023E+03

  iterations:       182464
  simTime   :    4.4546874999994860E-003
  wallClock :    212.44976354700000     
      field |       total density
          1 |  221.6731226094E+03

  iterations:       182564
  simTime   :    4.4571289062494803E-003
  wallClock :    214.88420461600001     
      field |       total density
          1 |  221.6731443677E+03

  iterations:       182664
  simTime   :    4.4595703124994746E-003
  wallClock :    217.38194038200001     
      field |       total density
          1 |  221.6731660772E+03

  iterations:       182764
  simTime   :    4.4620117187494689E-003
  wallClock :    219.81679226800000     
      field |       total density
          1 |  221.6731877380E+03

  iterations:       182864
  simTime   :    4.4644531249994632E-003
  wallClock :    222.38441126800001     
      field |       total density
          1 |  221.6732093503E+03

  iterations:       182964
  simTime   :    4.4668945312494575E-003
  wallClock :    224.78605310500001     
      field |       total density
          1 |  221.6732309142E+03

  iterations:       183064
  simTime   :    4.4693359374994518E-003
  wallClock :    227.23247872400000     
      field |       total density
          1 |  221.6732524297E+03

  iterations:       183164
  simTime   :    4.4717773437494461E-003
  wallClock :    229.67799011899999     
      field |       total density
          1 |  221.6732738970E+03

  iterations:       183264
  simTime   :    4.4742187499994404E-003
  wallClock :    232.28898201100000     
      field |       total density
          1 |  221.6732953162E+03

  iterations:       183364
  simTime   :    4.4766601562494348E-003
  wallClock :    234.70680955300000     
      field |       total density
          1 |  221.6733166874E+03

  iterations:       183464
  simTime   :    4.4791015624994291E-003
  wallClock :    237.17172932700001     
      field |       total density
          1 |  221.6733380107E+03

  iterations:       183564
  simTime   :    4.4815429687494234E-003
  wallClock :    239.62756381500000     
      field |       total density
          1 |  221.6733592862E+03

  iterations:       183664
  simTime   :    4.4839843749994177E-003
  wallClock :    242.17340360500000     
      field |       total density
          1 |  221.6733805141E+03

  iterations:       183764
  simTime   :    4.4864257812494120E-003
  wallClock :    244.54448981100001     
      field |       total density
          1 |  221.6734016943E+03

  iterations:       183864
  simTime   :    4.4888671874994063E-003
  wallClock :    247.00163741800000     
      field |       total density
          1 |  221.6734228271E+03

  iterations:       183964
  simTime   :    4.4913085937494006E-003
  wallClock :    249.44985559300000     
      field |       total density
          1 |  221.6734439125E+03

  iterations:       184064
  simTime   :    4.4937499999993949E-003
  wallClock :    251.98841518099999     
      field |       total density
          1 |  221.6734649506E+03

  iterations:       184164
  simTime   :    4.4961914062493892E-003
  wallClock :    254.37696288600000     
      field |       total density
          1 |  221.6734859416E+03

  iterations:       184264
  simTime   :    4.4986328124993836E-003
  wallClock :    256.94310033500000     
      field |       total density
          1 |  221.6735068856E+03

  iterations:       184364
  simTime   :    4.5010742187493779E-003
  wallClock :    259.31794566600001     
      field |       total density
          1 |  221.6735277825E+03

  iterations:       184464
  simTime   :    4.5035156249993722E-003
  wallClock :    261.84340510499999     
      field |       total density
          1 |  221.6735486327E+03

  iterations:       184564
  simTime   :    4.5059570312493665E-003
  wallClock :    264.27932359900001     
      field |       total density
          1 |  221.6735694361E+03

  iterations:       184664
  simTime   :    4.5083984374993608E-003
  wallClock :    266.90821999799999     
      field |       total density
          1 |  221.6735901929E+03

  iterations:       184764
  simTime   :    4.5108398437493551E-003
  wallClock :    269.29119733499999     
      field |       total density
          1 |  221.6736109032E+03

  iterations:       184864
  simTime   :    4.5132812499993494E-003
  wallClock :    271.76571095499997     
      field |       total density
          1 |  221.6736315670E+03

  iterations:       184964
  simTime   :    4.5157226562493437E-003
  wallClock :    274.10806755499999     
      field |       total density
          1 |  221.6736521845E+03

  iterations:       185064
  simTime   :    4.5181640624993380E-003
  wallClock :    276.63296915000001     
      field |       total density
          1 |  221.6736727558E+03

  iterations:       185164
  simTime   :    4.5206054687493323E-003
  wallClock :    279.00554524099999     
      field |       total density
          1 |  221.6736932810E+03

  iterations:       185264
  simTime   :    4.5230468749993267E-003
  wallClock :    281.54519140999997     
      field |       total density
          1 |  221.6737137602E+03

  iterations:       185364
  simTime   :    4.5254882812493210E-003
  wallClock :    283.90517567299997     
      field |       total density
          1 |  221.6737341934E+03

  iterations:       185464
  simTime   :    4.5279296874993153E-003
  wallClock :    286.43143888899999     
      field |       total density
          1 |  221.6737545809E+03

  iterations:       185564
  simTime   :    4.5303710937493096E-003
  wallClock :    288.85695863299998     
      field |       total density
          1 |  221.6737749226E+03

  iterations:       185664
  simTime   :    4.5328124999993039E-003
  wallClock :    291.44643846999998     
      field |       total density
          1 |  221.6737952188E+03

  iterations:       185764
  simTime   :    4.5352539062492982E-003
  wallClock :    293.83178728299998     
      field |       total density
          1 |  221.6738154694E+03

  iterations:       185864
  simTime   :    4.5376953124992925E-003
  wallClock :    296.33649187499998     
      field |       total density
          1 |  221.6738356747E+03

  iterations:       185964
  simTime   :    4.5401367187492868E-003
  wallClock :    298.81805492000001     
      field |       total density
          1 |  221.6738558347E+03

  iterations:       186064
  simTime   :    4.5425781249992811E-003
  wallClock :    301.35950204800002     
      field |       total density
          1 |  221.6738759494E+03

  iterations:       186164
  simTime   :    4.5450195312492754E-003
  wallClock :    303.71155462799999     
      field |       total density
          1 |  221.6738960191E+03

  iterations:       186264
  simTime   :    4.5474609374992698E-003
  wallClock :    306.14043576699999     
      field |       total density
          1 |  221.6739160437E+03

  iterations:       186364
  simTime   :    4.5499023437492641E-003
  wallClock :    308.57232580099998     
      field |       total density
          1 |  221.6739360235E+03

  iterations:       186464
  simTime   :    4.5523437499992584E-003
  wallClock :    311.04063528000000     
      field |       total density
          1 |  221.6739559585E+03

  iterations:       186564
  simTime   :    4.5547851562492527E-003
  wallClock :    313.47830902499999     
      field |       total density
          1 |  221.6739758488E+03

  iterations:       186664
  simTime   :    4.5572265624992470E-003
  wallClock :    315.99296460699998     
      field |       total density
          1 |  221.6739956945E+03

  iterations:       186764
  simTime   :    4.5596679687492413E-003
  wallClock :    318.35274372900000     
      field |       total density
          1 |  221.6740154957E+03

  iterations:       186864
  simTime   :    4.5621093749992356E-003
  wallClock :    321.02722625700000     
      field |       total density
          1 |  221.6740352525E+03

  iterations:       186964
  simTime   :    4.5645507812492299E-003
  wallClock :    323.49174757999998     
      field |       total density
          1 |  221.6740549650E+03

  iterations:       187064
  simTime   :    4.5669921874992242E-003
  wallClock :    325.99674678899999     
      field |       total density
          1 |  221.6740746333E+03

  iterations:       187164
  simTime   :    4.5694335937492185E-003
  wallClock :    328.39051745299997     
      field |       total density
          1 |  221.6740942575E+03

  iterations:       187264
  simTime   :    4.5718749999992129E-003
  wallClock :    331.05676802200003     
      field |       total density
          1 |  221.6741138377E+03

  iterations:       187364
  simTime   :    4.5743164062492072E-003
  wallClock :    333.62767346400000     
      field |       total density
          1 |  221.6741333740E+03

  iterations:       187464
  simTime   :    4.5767578124992015E-003
  wallClock :    336.31910363399999     
      field |       total density
          1 |  221.6741528665E+03

  iterations:       187564
  simTime   :    4.5791992187491958E-003
  wallClock :    339.12343462000001     
      field |       total density
          1 |  221.6741723153E+03

  iterations:       187664
  simTime   :    4.5816406249991901E-003
  wallClock :    342.26252785999998     
      field |       total density
          1 |  221.6741917205E+03

  iterations:       187764
  simTime   :    4.5840820312491844E-003
  wallClock :    344.84099887700000     
      field |       total density
          1 |  221.6742110822E+03

  iterations:       187864
  simTime   :    4.5865234374991787E-003
  wallClock :    347.50416225800001     
      field |       total density
          1 |  221.6742304005E+03

  iterations:       187964
  simTime   :    4.5889648437491730E-003
  wallClock :    350.16341101199998     
      field |       total density
          1 |  221.6742496754E+03

  iterations:       188064
  simTime   :    4.5914062499991673E-003
  wallClock :    352.63554886499998     
      field |       total density
          1 |  221.6742689071E+03

  iterations:       188164
  simTime   :    4.5938476562491616E-003
  wallClock :    355.25737916700001     
      field |       total density
          1 |  221.6742880957E+03

  iterations:       188264
  simTime   :    4.5962890624991560E-003
  wallClock :    357.79561842499999     
      field |       total density
          1 |  221.6743072413E+03

  iterations:       188364
  simTime   :    4.5987304687491503E-003
  wallClock :    360.41016164899997     
      field |       total density
          1 |  221.6743263439E+03

  iterations:       188464
  simTime   :    4.6011718749991446E-003
  wallClock :    362.78995096199998     
      field |       total density
          1 |  221.6743454037E+03

  iterations:       188564
  simTime   :    4.6036132812491389E-003
  wallClock :    365.27181405099998     
      field |       total density
          1 |  221.6743644208E+03

  iterations:       188664
  simTime   :    4.6060546874991332E-003
  wallClock :    367.88489340699999     
      field |       total density
          1 |  221.6743833952E+03

  iterations:       188764
  simTime   :    4.6084960937491275E-003
  wallClock :    370.64817219800000     
      field |       total density
          1 |  221.6744023271E+03

  iterations:       188864
  simTime   :    4.6109374999991218E-003
  wallClock :    373.32537450000001     
      field |       total density
          1 |  221.6744212165E+03

  iterations:       188964
  simTime   :    4.6133789062491161E-003
  wallClock :    376.03105460199998     
      field |       total density
          1 |  221.6744400635E+03

  iterations:       189064
  simTime   :    4.6158203124991104E-003
  wallClock :    378.79980056099998     
      field |       total density
          1 |  221.6744588683E+03

  iterations:       189164
  simTime   :    4.6182617187491047E-003
  wallClock :    381.56627733800002     
      field |       total density
          1 |  221.6744776309E+03

  iterations:       189264
  simTime   :    4.6207031249990991E-003
  wallClock :    384.87997748100003     
      field |       total density
          1 |  221.6744963514E+03

  iterations:       189364
  simTime   :    4.6231445312490934E-003
  wallClock :    387.68584932200002     
      field |       total density
          1 |  221.6745150300E+03

  iterations:       189464
  simTime   :    4.6255859374990877E-003
  wallClock :    390.50550517800002     
      field |       total density
          1 |  221.6745336667E+03

  iterations:       189564
  simTime   :    4.6280273437490820E-003
  wallClock :    393.26488970299999     
      field |       total density
          1 |  221.6745522615E+03

  iterations:       189664
  simTime   :    4.6304687499990763E-003
  wallClock :    396.03921747200002     
      field |       total density
          1 |  221.6745708147E+03

  iterations:       189764
  simTime   :    4.6329101562490706E-003
  wallClock :    399.67603999200003     
      field |       total density
          1 |  221.6745893262E+03

  iterations:       189864
  simTime   :    4.6353515624990649E-003
  wallClock :    402.81311859700003     
      field |       total density
          1 |  221.6746077963E+03

  iterations:       189964
  simTime   :    4.6377929687490592E-003
  wallClock :    405.83099254799998     
      field |       total density
          1 |  221.6746262249E+03

  iterations:       190064
  simTime   :    4.6402343749990535E-003
  wallClock :    408.76369743200001     
      field |       total density
          1 |  221.6746446121E+03

  iterations:       190164
  simTime   :    4.6426757812490478E-003
  wallClock :    411.68941489800000     
      field |       total density
          1 |  221.6746629582E+03

  iterations:       190264
  simTime   :    4.6451171874990422E-003
  wallClock :    414.47203795299998     
      field |       total density
          1 |  221.6746812631E+03

  iterations:       190364
  simTime   :    4.6475585937490365E-003
  wallClock :    417.10315224300001     
      field |       total density
          1 |  221.6746995269E+03

  iterations:       190464
  simTime   :    4.6499999999990308E-003
  wallClock :    419.90107736499999     
      field |       total density
          1 |  221.6747177498E+03

  iterations:       190564
  simTime   :    4.6524414062490251E-003
  wallClock :    422.47163797000002     
      field |       total density
          1 |  221.6747359318E+03

  iterations:       190664
  simTime   :    4.6548828124990194E-003
  wallClock :    425.03474466599999     
      field |       total density
          1 |  221.6747540730E+03

  iterations:       190764
  simTime   :    4.6573242187490137E-003
  wallClock :    427.57947982899998     
      field |       total density
          1 |  221.6747721735E+03

  iterations:       190864
  simTime   :    4.6597656249990080E-003
  wallClock :    430.11041019200002     
      field |       total density
          1 |  221.6747902335E+03

  iterations:       190964
  simTime   :    4.6622070312490023E-003
  wallClock :    432.65958738400002     
      field |       total density
          1 |  221.6748082529E+03

  iterations:       191064
  simTime   :    4.6646484374989966E-003
  wallClock :    435.26342617799997     
      field |       total density
          1 |  221.6748262319E+03

  iterations:       191164
  simTime   :    4.6670898437489909E-003
  wallClock :    437.93802053399997     
      field |       total density
          1 |  221.6748441706E+03

  iterations:       191264
  simTime   :    4.6695312499989853E-003
  wallClock :    440.45094229000000     
      field |       total density
          1 |  221.6748620690E+03

  iterations:       191364
  simTime   :    4.6719726562489796E-003
  wallClock :    443.09272956000001     
      field |       total density
          1 |  221.6748799273E+03

  iterations:       191464
  simTime   :    4.6744140624989739E-003
  wallClock :    445.68675000899998     
      field |       total density
          1 |  221.6748977455E+03

  iterations:       191564
  simTime   :    4.6768554687489682E-003
  wallClock :    448.19841869599998     
      field |       total density
          1 |  221.6749155238E+03

  iterations:       191664
  simTime   :    4.6792968749989625E-003
  wallClock :    450.71902590200000     
      field |       total density
          1 |  221.6749332622E+03

  iterations:       191764
  simTime   :    4.6817382812489568E-003
  wallClock :    453.29089653699998     
      field |       total density
          1 |  221.6749509608E+03

  iterations:       191864
  simTime   :    4.6841796874989511E-003
  wallClock :    455.75672839499998     
      field |       total density
          1 |  221.6749686197E+03

  iterations:       191964
  simTime   :    4.6866210937489454E-003
  wallClock :    458.33662361600000     
      field |       total density
          1 |  221.6749862389E+03

  iterations:       192064
  simTime   :    4.6890624999989397E-003
  wallClock :    460.77086929400002     
      field |       total density
          1 |  221.6750038187E+03

  iterations:       192164
  simTime   :    4.6915039062489340E-003
  wallClock :    463.33404100299998     
      field |       total density
          1 |  221.6750213590E+03

  iterations:       192264
  simTime   :    4.6939453124989284E-003
  wallClock :    465.77128134999998     
      field |       total density
          1 |  221.6750388600E+03

  iterations:       192364
  simTime   :    4.6963867187489227E-003
  wallClock :    468.22173435500002     
      field |       total density
          1 |  221.6750563217E+03

  iterations:       192464
  simTime   :    4.6988281249989170E-003
  wallClock :    470.66335050300000     
      field |       total density
          1 |  221.6750737442E+03

  iterations:       192564
  simTime   :    4.7012695312489113E-003
  wallClock :    473.10938739900001     
      field |       total density
          1 |  221.6750911277E+03

  iterations:       192664
  simTime   :    4.7037109374989056E-003
  wallClock :    475.54392175499999     
      field |       total density
          1 |  221.6751084721E+03

  iterations:       192764
  simTime   :    4.7061523437488999E-003
  wallClock :    478.07358911300003     
      field |       total density
          1 |  221.6751257777E+03

  iterations:       192864
  simTime   :    4.7085937499988942E-003
  wallClock :    480.53508317900003     
      field |       total density
          1 |  221.6751430444E+03

  iterations:       192964
  simTime   :    4.7110351562488885E-003
  wallClock :    483.03181233599997     
      field |       total density
          1 |  221.6751602724E+03

  iterations:       193064
  simTime   :    4.7134765624988828E-003
  wallClock :    485.45333957600002     
      field |       total density
          1 |  221.6751774617E+03

  iterations:       193164
  simTime   :    4.7159179687488771E-003
  wallClock :    487.95184033900000     
      field |       total density
          1 |  221.6751946125E+03

  iterations:       193264
  simTime   :    4.7183593749988715E-003
  wallClock :    490.33425690399997     
      field |       total density
          1 |  221.6752117248E+03

  iterations:       193364
  simTime   :    4.7208007812488658E-003
  wallClock :    492.93332304000000     
      field |       total density
          1 |  221.6752287987E+03

  iterations:       193464
  simTime   :    4.7232421874988601E-003
  wallClock :    495.46697602900002     
      field |       total density
          1 |  221.6752458343E+03

  iterations:       193564
  simTime   :    4.7256835937488544E-003
  wallClock :    497.98376732800000     
      field |       total density
          1 |  221.6752628317E+03

  iterations:       193664
  simTime   :    4.7281249999988487E-003
  wallClock :    500.45039966299998     
      field |       total density
          1 |  221.6752797909E+03

  iterations:       193764
  simTime   :    4.7305664062488430E-003
  wallClock :    503.03925613899997     
      field |       total density
          1 |  221.6752967121E+03

  iterations:       193864
  simTime   :    4.7330078124988373E-003
  wallClock :    505.47262877499998     
      field |       total density
          1 |  221.6753135953E+03

  iterations:       193964
  simTime   :    4.7354492187488316E-003
  wallClock :    507.92295227400001     
      field |       total density
          1 |  221.6753304407E+03

  iterations:       194064
  simTime   :    4.7378906249988259E-003
  wallClock :    510.38556146399998     
      field |       total density
          1 |  221.6753472482E+03

  iterations:       194164
  simTime   :    4.7403320312488203E-003
  wallClock :    512.97256384100001     
      field |       total density
          1 |  221.6753640181E+03

  iterations:       194264
  simTime   :    4.7427734374988146E-003
  wallClock :    515.40266624399999     
      field |       total density
          1 |  221.6753807503E+03

  iterations:       194364
  simTime   :    4.7452148437488089E-003
  wallClock :    518.00122332599994     
      field |       total density
          1 |  221.6753974450E+03

  iterations:       194464
  simTime   :    4.7476562499988032E-003
  wallClock :    520.40170889299998     
      field |       total density
          1 |  221.6754141022E+03

  iterations:       194564
  simTime   :    4.7500976562487975E-003
  wallClock :    522.93923237599995     
      field |       total density
          1 |  221.6754307220E+03

  iterations:       194664
  simTime   :    4.7525390624987918E-003
  wallClock :    525.40729991499995     
      field |       total density
          1 |  221.6754473046E+03

  iterations:       194764
  simTime   :    4.7549804687487861E-003
  wallClock :    527.95628627500002     
      field |       total density
          1 |  221.6754638499E+03

  iterations:       194864
  simTime   :    4.7574218749987804E-003
  wallClock :    530.40688877900004     
      field |       total density
          1 |  221.6754803581E+03

  iterations:       194964
  simTime   :    4.7598632812487747E-003
  wallClock :    532.90102186599995     
      field |       total density
          1 |  221.6754968293E+03

  iterations:       195064
  simTime   :    4.7623046874987690E-003
  wallClock :    535.28968645900000     
      field |       total density
          1 |  221.6755132635E+03

  iterations:       195164
  simTime   :    4.7647460937487634E-003
  wallClock :    537.85489089900000     
      field |       total density
          1 |  221.6755296608E+03

  iterations:       195264
  simTime   :    4.7671874999987577E-003
  wallClock :    540.31697911499998     
      field |       total density
          1 |  221.6755460214E+03

  iterations:       195364
  simTime   :    4.7696289062487520E-003
  wallClock :    542.79475940400005     
      field |       total density
          1 |  221.6755623452E+03

  iterations:       195464
  simTime   :    4.7720703124987463E-003
  wallClock :    545.21861742099998     
      field |       total density
          1 |  221.6755786324E+03

  iterations:       195564
  simTime   :    4.7745117187487406E-003
  wallClock :    547.72219870900005     
      field |       total density
          1 |  221.6755948830E+03

  iterations:       195664
  simTime   :    4.7769531249987349E-003
  wallClock :    550.14583672699996     
      field |       total density
          1 |  221.6756110972E+03

  iterations:       195764
  simTime   :    4.7793945312487292E-003
  wallClock :    552.83419409900000     
      field |       total density
          1 |  221.6756272750E+03

  iterations:       195864
  simTime   :    4.7818359374987235E-003
  wallClock :    555.31376819299999     
      field |       total density
          1 |  221.6756434165E+03

  iterations:       195964
  simTime   :    4.7842773437487178E-003
  wallClock :    557.72262442800002     
      field |       total density
          1 |  221.6756595218E+03

  iterations:       196064
  simTime   :    4.7867187499987121E-003
  wallClock :    560.17112589299995     
      field |       total density
          1 |  221.6756755909E+03

  iterations:       196164
  simTime   :    4.7891601562487065E-003
  wallClock :    562.64003607600000     
      field |       total density
          1 |  221.6756916240E+03

  iterations:       196264
  simTime   :    4.7916015624987008E-003
  wallClock :    565.08745600199995     
      field |       total density
          1 |  221.6757076211E+03

  iterations:       196364
  simTime   :    4.7940429687486951E-003
  wallClock :    567.52185405900002     
      field |       total density
          1 |  221.6757235823E+03

  iterations:       196464
  simTime   :    4.7964843749986894E-003
  wallClock :    570.05092824099995     
      field |       total density
          1 |  221.6757395076E+03

  iterations:       196564
  simTime   :    4.7989257812486837E-003
  wallClock :    572.77559177900002     
      field |       total density
          1 |  221.6757553973E+03

  iterations:       196664
  simTime   :    4.8013671874986780E-003
  wallClock :    575.26695898900005     
      field |       total density
          1 |  221.6757712513E+03

  iterations:       196764
  simTime   :    4.8038085937486723E-003
  wallClock :    577.68419862700000     
      field |       total density
          1 |  221.6757870696E+03

  iterations:       196864
  simTime   :    4.8062499999986666E-003
  wallClock :    580.15892809100001     
      field |       total density
          1 |  221.6758028525E+03

  iterations:       196964
  simTime   :    4.8086914062486609E-003
  wallClock :    582.60446224500004     
      field |       total density
          1 |  221.6758186000E+03

  iterations:       197064
  simTime   :    4.8111328124986552E-003
  wallClock :    585.15499169199995     
      field |       total density
          1 |  221.6758343121E+03

  iterations:       197164
  simTime   :    4.8135742187486496E-003
  wallClock :    587.57084333199998     
      field |       total density
          1 |  221.6758499890E+03

  iterations:       197264
  simTime   :    4.8160156249986439E-003
  wallClock :    590.04401766599995     
      field |       total density
          1 |  221.6758656307E+03

  iterations:       197364
  simTime   :    4.8184570312486382E-003
  wallClock :    592.44760866000001     
      field |       total density
          1 |  221.6758812373E+03

  iterations:       197464
  simTime   :    4.8208984374986325E-003
  wallClock :    594.90823424700000     
      field |       total density
          1 |  221.6758968088E+03

  iterations:       197564
  simTime   :    4.8233398437486268E-003
  wallClock :    597.32000041000003     
      field |       total density
          1 |  221.6759123454E+03

  iterations:       197664
  simTime   :    4.8257812499986211E-003
  wallClock :    599.82028061999995     
      field |       total density
          1 |  221.6759278471E+03

  iterations:       197764
  simTime   :    4.8282226562486154E-003
  wallClock :    602.18994519099999     
      field |       total density
          1 |  221.6759433141E+03

  iterations:       197864
  simTime   :    4.8306640624986097E-003
  wallClock :    604.75291070599997     
      field |       total density
          1 |  221.6759587463E+03

  iterations:       197964
  simTime   :    4.8331054687486040E-003
  wallClock :    607.17770041200004     
      field |       total density
          1 |  221.6759741439E+03

  iterations:       198064
  simTime   :    4.8355468749985983E-003
  wallClock :    609.79151182600003     
      field |       total density
          1 |  221.6759895069E+03

 Reached steady state       198064 T

SUCCESSFUL run!
 Status of the simulation now:
 +--------------------------------------------+
 STATUS:
  * Status Interval is reached
  * Simulation reached a steady state
 +--------------------------------------------+

  iterations:       198064
  simTime   :    4.8355468749985983E-003
  wallClock :    609.79151182600003     
      field |       total density
          1 |  221.6759895069E+03

 Writing restart at final time:
  iterations:       198064
  simTime   :    4.8355468749985983E-003
  wallClock :    609.79151182600003     
 Done writing
--------------------------------------------------------------------------------
 Load balance evaluation:
  max CPU cost:    569.41 (s)
  ave CPU cost:    544.57 (s)
 imbalance (i.e. max/ave):    104.56%
--------------------------------------------------------------------------------
--------------------------------------------------------------------------------
Boundary timing information:
        wall, min time:    80.26, max time:   139.93
   outlet_02, min time:     0.60, max time:     6.73
   outlet_01, min time:     0.13, max time:     6.65
   outlet_03, min time:     0.12, max time:     5.29
       inlet, min time:     0.13, max time:     3.00
--------------------------------------------------------------------------------
Name:	musubi
Umask:	0022
State:	R (running)
Tgid:	508
Ngid:	0
Pid:	508
PPid:	499
TracerPid:	0
Uid:	1000	1000	1000	1000
Gid:	1000	1000	1000	1000
FDSize:	64
Groups:	4 24 27 30 46 100 1000 1001
NStgid:	508
NSpid:	508
NSpgid:	508
NSsid:	499
Kthread:	0
VmPeak:	  435660 kB
VmSize:	  402876 kB
VmLck:	       0 kB
VmPin:	       0 kB
VmHWM:	  107416 kB
VmRSS:	   74676 kB
RssAnon:	   58932 kB
RssFile:	   14784 kB
RssShmem:	     960 kB
VmData:	   76736 kB
VmStk:	     168 kB
VmExe:	    6044 kB
VmLib:	   10156 kB
VmPTE:	     308 kB
VmSwap:	       0 kB
HugetlbPages:	       0 kB
CoreDumping:	0
THP_enabled:	1
untag_mask:	0xffffffffffffffff
Threads:	4
SigQ:	1/31177
SigPnd:	0000000000000000
ShdPnd:	0000000000000000
SigBlk:	0000000000000000
SigIgn:	0000000000000000
SigCgt:	00000001418004fc
CapInh:	0000000000000000
CapPrm:	0000000000000000
CapEff:	0000000000000000
CapBnd:	000001ffffffffff
CapAmb:	0000000000000000
NoNewPrivs:	0
Seccomp:	2
Seccomp_filters:	1
Speculation_Store_Bypass:	thread vulnerable
SpeculationIndirectBranch:	conditional enabled
Cpus_allowed:	ffffff
Cpus_allowed_list:	0-23
Mems_allowed:	00000000,00000000,00000000,00000000,00000000,00000000,00000000,00000000,00000000,00000000,00000000,00000000,000000
Mems_allowed_list:	0
voluntary_ctxt_switches:	51719
nonvoluntary_ctxt_switches:	161

 Done with Musubi in     610.24 s
