Traceback (most recent call last):
  File "/home/lzy/projects/mirheo_starter/runs/sdpd_diagnostics/thermal_cause_20260909/equilibrium_half_dt_trend/gpu_worker.py", line 155, in <module>
    if __name__=='__main__':main()
                            ^^^^^^
  File "/home/lzy/projects/mirheo_starter/runs/sdpd_diagnostics/thermal_cause_20260909/equilibrium_half_dt_trend/gpu_worker.py", line 101, in main
    start=time.monotonic();u.run(n,dt=dt);sync();chunk_s=time.monotonic()-start;compute_s+=chunk_s;done+=n
                           ^^^^^^^^^^^^^^
  File "/home/lzy/projects/mirheo_starter/.venv/lib/python3.12/site-packages/mirheo/__init__.py", line 100, in wrapper
    return o(*args, **kwargs)
           ^^^^^^^^^^^^^^^^^^
RuntimeError: Mirheo has encountered a fatal error and will quit now.
The error message follows, and more details can be found in the log
***************************************
	No such channel: 'forces'
***************************************
--------------------------------------------------------------------------
MPI_ABORT was invoked on rank 0 in communicator MPI_COMM_WORLD
with errorcode -1.

NOTE: invoking MPI_ABORT causes Open MPI to kill all MPI processes.
You may or may not see output from other processes, depending on
exactly when Open MPI kills them.
--------------------------------------------------------------------------
