ASSEMBLED PLANAR_HEX_L1_R4_S1.01 55 15.682983463048004
EPS_DONE /PLANAR_HEX_L1_R4_S1.01 0.001
EPS_DONE /PLANAR_HEX_L1_R4_S1.01 0.002
EPS_DONE /PLANAR_HEX_L1_R4_S1.01 0.005
EPS_DONE /PLANAR_HEX_L1_R4_S1.01 0.01
EPS_DONE /PLANAR_HEX_L1_R4_S1.01 0.02
EPS_DONE /PLANAR_HEX_L1_R4_S1.01 0.05
EPS_DONE /PLANAR_HEX_L1_R4_S1.01 0.1
EPS_DONE /PLANAR_HEX_L1_R4_S1.01 0.2
EPS_DONE /PLANAR_HEX_L1_R4_S1.01 0.5
EPS_DONE /PLANAR_HEX_L1_R4_S1.01 1.0
EPS_DONE /PLANAR_HEX_L1_R4_S1.01 2.0
EPS_DONE /PLANAR_HEX_L1_R4_S1.01 5.0
ASSEMBLED PLANAR_HEX_L2_R4_S1.01 109 0.2028287110151723
EPS_DONE /PLANAR_HEX_L2_R4_S1.01 0.001
EPS_DONE /PLANAR_HEX_L2_R4_S1.01 0.002
EPS_DONE /PLANAR_HEX_L2_R4_S1.01 0.005
EPS_DONE /PLANAR_HEX_L2_R4_S1.01 0.01
EPS_DONE /PLANAR_HEX_L2_R4_S1.01 0.02
EPS_DONE /PLANAR_HEX_L2_R4_S1.01 0.05
EPS_DONE /PLANAR_HEX_L2_R4_S1.01 0.1
EPS_DONE /PLANAR_HEX_L2_R4_S1.01 0.2
EPS_DONE /PLANAR_HEX_L2_R4_S1.01 0.5
EPS_DONE /PLANAR_HEX_L2_R4_S1.01 1.0
EPS_DONE /PLANAR_HEX_L2_R4_S1.01 2.0
EPS_DONE /PLANAR_HEX_L2_R4_S1.01 5.0
ASSEMBLED PLANAR_HEX_L3_R4_S1.01 164 0.3702550739981234
EPS_DONE /PLANAR_HEX_L3_R4_S1.01 0.001
EPS_DONE /PLANAR_HEX_L3_R4_S1.01 0.002
EPS_DONE /PLANAR_HEX_L3_R4_S1.01 0.005
EPS_DONE /PLANAR_HEX_L3_R4_S1.01 0.01
EPS_DONE /PLANAR_HEX_L3_R4_S1.01 0.02
EPS_DONE /PLANAR_HEX_L3_R4_S1.01 0.05
EPS_DONE /PLANAR_HEX_L3_R4_S1.01 0.1
EPS_DONE /PLANAR_HEX_L3_R4_S1.01 0.2
EPS_DONE /PLANAR_HEX_L3_R4_S1.01 0.5
EPS_DONE /PLANAR_HEX_L3_R4_S1.01 1.0
EPS_DONE /PLANAR_HEX_L3_R4_S1.01 2.0
EPS_DONE /PLANAR_HEX_L3_R4_S1.01 5.0
ASSEMBLED PLANAR_SQUARE_L1_R4_S1.01 45 0.024811826006043702
EPS_DONE /PLANAR_SQUARE_L1_R4_S1.01 0.001
EPS_DONE /PLANAR_SQUARE_L1_R4_S1.01 0.002
EPS_DONE /PLANAR_SQUARE_L1_R4_S1.01 0.005
EPS_DONE /PLANAR_SQUARE_L1_R4_S1.01 0.01
EPS_DONE /PLANAR_SQUARE_L1_R4_S1.01 0.02
EPS_DONE /PLANAR_SQUARE_L1_R4_S1.01 0.05
EPS_DONE /PLANAR_SQUARE_L1_R4_S1.01 0.1
EPS_DONE /PLANAR_SQUARE_L1_R4_S1.01 0.2
EPS_DONE /PLANAR_SQUARE_L1_R4_S1.01 0.5
EPS_DONE /PLANAR_SQUARE_L1_R4_S1.01 1.0
EPS_DONE /PLANAR_SQUARE_L1_R4_S1.01 2.0
EPS_DONE /PLANAR_SQUARE_L1_R4_S1.01 5.0
ASSEMBLED PLANAR_SQUARE_L2_R4_S1.01 97 0.13030515500577167
EPS_DONE /PLANAR_SQUARE_L2_R4_S1.01 0.001
EPS_DONE /PLANAR_SQUARE_L2_R4_S1.01 0.002
EPS_DONE /PLANAR_SQUARE_L2_R4_S1.01 0.005
EPS_DONE /PLANAR_SQUARE_L2_R4_S1.01 0.01
EPS_DONE /PLANAR_SQUARE_L2_R4_S1.01 0.02
EPS_DONE /PLANAR_SQUARE_L2_R4_S1.01 0.05
EPS_DONE /PLANAR_SQUARE_L2_R4_S1.01 0.1
EPS_DONE /PLANAR_SQUARE_L2_R4_S1.01 0.2
EPS_DONE /PLANAR_SQUARE_L2_R4_S1.01 0.5
EPS_DONE /PLANAR_SQUARE_L2_R4_S1.01 1.0
EPS_DONE /PLANAR_SQUARE_L2_R4_S1.01 2.0
EPS_DONE /PLANAR_SQUARE_L2_R4_S1.01 5.0
ASSEMBLED PLANAR_SQUARE_L3_R4_S1.01 142 0.2607993919518776
EPS_DONE /PLANAR_SQUARE_L3_R4_S1.01 0.001
EPS_DONE /PLANAR_SQUARE_L3_R4_S1.01 0.002
EPS_DONE /PLANAR_SQUARE_L3_R4_S1.01 0.005
EPS_DONE /PLANAR_SQUARE_L3_R4_S1.01 0.01
EPS_DONE /PLANAR_SQUARE_L3_R4_S1.01 0.02
EPS_DONE /PLANAR_SQUARE_L3_R4_S1.01 0.05
EPS_DONE /PLANAR_SQUARE_L3_R4_S1.01 0.1
EPS_DONE /PLANAR_SQUARE_L3_R4_S1.01 0.2
EPS_DONE /PLANAR_SQUARE_L3_R4_S1.01 0.5
EPS_DONE /PLANAR_SQUARE_L3_R4_S1.01 1.0
EPS_DONE /PLANAR_SQUARE_L3_R4_S1.01 2.0
EPS_DONE /PLANAR_SQUARE_L3_R4_S1.01 5.0
TERMINAL /workspace/microbubble_lammps/results/fixed_multiblob_wall_audit_20260916_143602/RAW_planar_beta0.5.h5
