NATIVE_IDENTITY_PASS 2.118989193913974e-16
ASSEMBLED PLANAR_HEX_L1_R4_S1.01 223 0.7742791370255873
EPS_DONE /PLANAR_HEX_L1_R4_S1.01 0.001
EPS_DONE /PLANAR_HEX_L1_R4_S1.01 0.002
EPS_DONE /PLANAR_HEX_L1_R4_S1.01 0.005
EPS_DONE /PLANAR_HEX_L1_R4_S1.01 0.01
EPS_DONE /PLANAR_HEX_L1_R4_S1.01 0.02
EPS_DONE /PLANAR_HEX_L1_R4_S1.01 0.05
EPS_DONE /PLANAR_HEX_L1_R4_S1.01 0.1
EPS_DONE /PLANAR_HEX_L1_R4_S1.01 0.2
EPS_DONE /PLANAR_HEX_L1_R4_S1.01 0.5
EPS_DONE /PLANAR_HEX_L1_R4_S1.01 1.0
EPS_DONE /PLANAR_HEX_L1_R4_S1.01 2.0
EPS_DONE /PLANAR_HEX_L1_R4_S1.01 5.0
ASSEMBLED PLANAR_HEX_L2_R4_S1.01 448 3.2445179439964704
EPS_DONE /PLANAR_HEX_L2_R4_S1.01 0.001
EPS_DONE /PLANAR_HEX_L2_R4_S1.01 0.002
EPS_DONE /PLANAR_HEX_L2_R4_S1.01 0.005
EPS_DONE /PLANAR_HEX_L2_R4_S1.01 0.01
EPS_DONE /PLANAR_HEX_L2_R4_S1.01 0.02
EPS_DONE /PLANAR_HEX_L2_R4_S1.01 0.05
EPS_DONE /PLANAR_HEX_L2_R4_S1.01 0.1
EPS_DONE /PLANAR_HEX_L2_R4_S1.01 0.2
EPS_DONE /PLANAR_HEX_L2_R4_S1.01 0.5
EPS_DONE /PLANAR_HEX_L2_R4_S1.01 1.0
EPS_DONE /PLANAR_HEX_L2_R4_S1.01 2.0
EPS_DONE /PLANAR_HEX_L2_R4_S1.01 5.0
ASSEMBLED PLANAR_HEX_L3_R4_S1.01 671 7.481558662955649
EPS_DONE /PLANAR_HEX_L3_R4_S1.01 0.001
EPS_DONE /PLANAR_HEX_L3_R4_S1.01 0.002
EPS_DONE /PLANAR_HEX_L3_R4_S1.01 0.005
EPS_DONE /PLANAR_HEX_L3_R4_S1.01 0.01
EPS_DONE /PLANAR_HEX_L3_R4_S1.01 0.02
EPS_DONE /PLANAR_HEX_L3_R4_S1.01 0.05
EPS_DONE /PLANAR_HEX_L3_R4_S1.01 0.1
EPS_DONE /PLANAR_HEX_L3_R4_S1.01 0.2
EPS_DONE /PLANAR_HEX_L3_R4_S1.01 0.5
EPS_DONE /PLANAR_HEX_L3_R4_S1.01 1.0
EPS_DONE /PLANAR_HEX_L3_R4_S1.01 2.0
EPS_DONE /PLANAR_HEX_L3_R4_S1.01 5.0
ASSEMBLED PLANAR_SQUARE_L1_R4_S1.01 193 0.5652236210298724
EPS_DONE /PLANAR_SQUARE_L1_R4_S1.01 0.001
EPS_DONE /PLANAR_SQUARE_L1_R4_S1.01 0.002
EPS_DONE /PLANAR_SQUARE_L1_R4_S1.01 0.005
EPS_DONE /PLANAR_SQUARE_L1_R4_S1.01 0.01
EPS_DONE /PLANAR_SQUARE_L1_R4_S1.01 0.02
EPS_DONE /PLANAR_SQUARE_L1_R4_S1.01 0.05
EPS_DONE /PLANAR_SQUARE_L1_R4_S1.01 0.1
EPS_DONE /PLANAR_SQUARE_L1_R4_S1.01 0.2
EPS_DONE /PLANAR_SQUARE_L1_R4_S1.01 0.5
EPS_DONE /PLANAR_SQUARE_L1_R4_S1.01 1.0
EPS_DONE /PLANAR_SQUARE_L1_R4_S1.01 2.0
EPS_DONE /PLANAR_SQUARE_L1_R4_S1.01 5.0
ASSEMBLED PLANAR_SQUARE_L2_R4_S1.01 401 2.6106830349890515
EPS_DONE /PLANAR_SQUARE_L2_R4_S1.01 0.001
EPS_DONE /PLANAR_SQUARE_L2_R4_S1.01 0.002
EPS_DONE /PLANAR_SQUARE_L2_R4_S1.01 0.005
EPS_DONE /PLANAR_SQUARE_L2_R4_S1.01 0.01
EPS_DONE /PLANAR_SQUARE_L2_R4_S1.01 0.02
EPS_DONE /PLANAR_SQUARE_L2_R4_S1.01 0.05
EPS_DONE /PLANAR_SQUARE_L2_R4_S1.01 0.1
EPS_DONE /PLANAR_SQUARE_L2_R4_S1.01 0.2
EPS_DONE /PLANAR_SQUARE_L2_R4_S1.01 0.5
EPS_DONE /PLANAR_SQUARE_L2_R4_S1.01 1.0
EPS_DONE /PLANAR_SQUARE_L2_R4_S1.01 2.0
EPS_DONE /PLANAR_SQUARE_L2_R4_S1.01 5.0
ASSEMBLED PLANAR_SQUARE_L3_R4_S1.01 594 5.73499173601158
EPS_DONE /PLANAR_SQUARE_L3_R4_S1.01 0.001
EPS_DONE /PLANAR_SQUARE_L3_R4_S1.01 0.002
EPS_DONE /PLANAR_SQUARE_L3_R4_S1.01 0.005
EPS_DONE /PLANAR_SQUARE_L3_R4_S1.01 0.01
EPS_DONE /PLANAR_SQUARE_L3_R4_S1.01 0.02
EPS_DONE /PLANAR_SQUARE_L3_R4_S1.01 0.05
EPS_DONE /PLANAR_SQUARE_L3_R4_S1.01 0.1
EPS_DONE /PLANAR_SQUARE_L3_R4_S1.01 0.2
EPS_DONE /PLANAR_SQUARE_L3_R4_S1.01 0.5
EPS_DONE /PLANAR_SQUARE_L3_R4_S1.01 1.0
EPS_DONE /PLANAR_SQUARE_L3_R4_S1.01 2.0
EPS_DONE /PLANAR_SQUARE_L3_R4_S1.01 5.0
TERMINAL /workspace/microbubble_lammps/results/fixed_multiblob_wall_audit_20260916_143602/RAW_planar_beta0.25.h5
