START B_tangential
PASS B_tangential {'status': 'TERMINAL', 'reason': 'MAX_PHYSICAL_TIME', 'accepted_steps': 200, 'time_s': 0.002, 'max_residual': 1.9430771248819773e-14, 'min_swept_gap_m': 2.006170020781213e-08, 'accepted_overlap_count': 0, 'constraint_steps': 0, 'gap_limited_decisions': 0, 'cross_rank_active_pair_observations': 0, 'mpi_ranks': 1, 'kokkos_compatibility': False, 'neighbor_source': 'LAMMPS pair_zero full list', 'O_N2_particle_search': False, 'physical_integrator': 'project RK2 with LAMMPS storage/migration'}
START C1_equal_transverse
PASS C1_equal_transverse {'status': 'TERMINAL', 'reason': 'MAX_PHYSICAL_TIME', 'accepted_steps': 100, 'time_s': 0.001, 'max_residual': 8.766887616101886e-16, 'min_swept_gap_m': 2.4996187994510712e-08, 'accepted_overlap_count': 0, 'constraint_steps': 0, 'gap_limited_decisions': 0, 'cross_rank_active_pair_observations': 0, 'mpi_ranks': 1, 'kokkos_compatibility': False, 'neighbor_source': 'LAMMPS pair_zero full list', 'O_N2_particle_search': False, 'physical_integrator': 'project RK2 with LAMMPS storage/migration'}
START C2_opposite_transverse
PASS C2_opposite_transverse {'status': 'TERMINAL', 'reason': 'MAX_PHYSICAL_TIME', 'accepted_steps': 100, 'time_s': 0.001, 'max_residual': 0, 'min_swept_gap_m': 2.5000000000000184e-08, 'accepted_overlap_count': 0, 'constraint_steps': 0, 'gap_limited_decisions': 0, 'cross_rank_active_pair_observations': 0, 'mpi_ranks': 1, 'kokkos_compatibility': False, 'neighbor_source': 'LAMMPS pair_zero full list', 'O_N2_particle_search': False, 'physical_integrator': 'project RK2 with LAMMPS storage/migration'}
START D_pass_by
PASS D_pass_by {'status': 'TERMINAL', 'reason': 'MAX_PHYSICAL_TIME', 'accepted_steps': 500, 'time_s': 0.0049999999999999645, 'max_residual': 1.9430771248819773e-14, 'min_swept_gap_m': 2.006170020781213e-08, 'accepted_overlap_count': 0, 'constraint_steps': 0, 'gap_limited_decisions': 0, 'cross_rank_active_pair_observations': 0, 'mpi_ranks': 1, 'kokkos_compatibility': False, 'neighbor_source': 'LAMMPS pair_zero full list', 'O_N2_particle_search': False, 'physical_integrator': 'project RK2 with LAMMPS storage/migration'}
START E_arbitrary_pair
PASS E_arbitrary_pair {'status': 'TERMINAL', 'reason': 'MAX_PHYSICAL_TIME', 'accepted_steps': 100, 'time_s': 0.001, 'max_residual': 2.0131744200526552e-14, 'min_swept_gap_m': 1.1641653394354007e-08, 'accepted_overlap_count': 0, 'constraint_steps': 0, 'gap_limited_decisions': 0, 'cross_rank_active_pair_observations': 0, 'mpi_ranks': 1, 'kokkos_compatibility': False, 'neighbor_source': 'LAMMPS pair_zero full list', 'O_N2_particle_search': False, 'physical_integrator': 'project RK2 with LAMMPS storage/migration'}
START G_three_particle
PASS G_three_particle {'status': 'TERMINAL', 'reason': 'MAX_PHYSICAL_TIME', 'accepted_steps': 200, 'time_s': 0.002, 'max_residual': 3.641883230883088e-14, 'min_swept_gap_m': 6.478171150566855e-10, 'accepted_overlap_count': 0, 'constraint_steps': 0, 'gap_limited_decisions': 0, 'cross_rank_active_pair_observations': 0, 'mpi_ranks': 1, 'kokkos_compatibility': False, 'neighbor_source': 'LAMMPS pair_zero full list', 'O_N2_particle_search': False, 'physical_integrator': 'project RK2 with LAMMPS storage/migration'}
START H_permuted
PASS H_permuted {'status': 'TERMINAL', 'reason': 'MAX_PHYSICAL_TIME', 'accepted_steps': 200, 'time_s': 0.002, 'max_residual': 3.6443405741885235e-14, 'min_swept_gap_m': 6.478171150572149e-10, 'accepted_overlap_count': 0, 'constraint_steps': 0, 'gap_limited_decisions': 0, 'cross_rank_active_pair_observations': 0, 'mpi_ranks': 1, 'kokkos_compatibility': False, 'neighbor_source': 'LAMMPS pair_zero full list', 'O_N2_particle_search': False, 'physical_integrator': 'project RK2 with LAMMPS storage/migration'}
START I_mpi1
PASS I_mpi1 {'status': 'TERMINAL', 'reason': 'MAX_PHYSICAL_TIME', 'accepted_steps': 200, 'time_s': 0.002, 'max_residual': 1.9430771248819773e-14, 'min_swept_gap_m': 2.006170020781213e-08, 'accepted_overlap_count': 0, 'constraint_steps': 0, 'gap_limited_decisions': 0, 'cross_rank_active_pair_observations': 0, 'mpi_ranks': 1, 'kokkos_compatibility': False, 'neighbor_source': 'LAMMPS pair_zero full list', 'O_N2_particle_search': False, 'physical_integrator': 'project RK2 with LAMMPS storage/migration'}
START I_mpi4
PASS I_mpi4 {'status': 'TERMINAL', 'reason': 'MAX_PHYSICAL_TIME', 'accepted_steps': 200, 'time_s': 0.002, 'max_residual': 1.9430771248819773e-14, 'min_swept_gap_m': 2.006170020781213e-08, 'accepted_overlap_count': 0, 'constraint_steps': 0, 'gap_limited_decisions': 0, 'cross_rank_active_pair_observations': 100, 'mpi_ranks': 4, 'kokkos_compatibility': False, 'neighbor_source': 'LAMMPS pair_zero full list', 'O_N2_particle_search': False, 'physical_integrator': 'project RK2 with LAMMPS storage/migration'}
START J_passive
PASS J_passive {'status': 'TERMINAL', 'reason': 'MAX_PHYSICAL_TIME', 'accepted_steps': 3011, 'time_s': 0.17433165755941799, 'max_residual': 2.4784946083788336e-16, 'min_swept_gap_m': 1e+100, 'accepted_overlap_count': 0, 'constraint_steps': 0, 'gap_limited_decisions': 0, 'cross_rank_active_pair_observations': 0, 'mpi_ranks': 1, 'kokkos_compatibility': False, 'neighbor_source': 'LAMMPS pair_zero full list', 'O_N2_particle_search': False, 'physical_integrator': 'project RK2 with LAMMPS storage/migration'}
START K_real_8
PASS K_real_8 {'status': 'TERMINAL', 'reason': 'MAX_PHYSICAL_TIME', 'accepted_steps': 346, 'time_s': 0.02, 'max_residual': 1.9936894875592008e-14, 'min_swept_gap_m': 2.2782224788624537e-08, 'accepted_overlap_count': 0, 'constraint_steps': 0, 'gap_limited_decisions': 0, 'cross_rank_active_pair_observations': 0, 'mpi_ranks': 1, 'kokkos_compatibility': False, 'neighbor_source': 'LAMMPS pair_zero full list', 'O_N2_particle_search': False, 'physical_integrator': 'project RK2 with LAMMPS storage/migration'}
START kokkos_smoke
PASS kokkos_smoke {'status': 'TERMINAL', 'reason': 'MAX_PHYSICAL_TIME', 'accepted_steps': 50, 'time_s': 0.0005, 'max_residual': 1.67215140538582e-14, 'min_swept_gap_m': 2.006170020781213e-08, 'accepted_overlap_count': 0, 'constraint_steps': 0, 'gap_limited_decisions': 0, 'cross_rank_active_pair_observations': 0, 'mpi_ranks': 1, 'kokkos_compatibility': True, 'neighbor_source': 'LAMMPS pair_zero full list', 'O_N2_particle_search': False, 'physical_integrator': 'project RK2 with LAMMPS storage/migration'}
PHASE PASS remaining
