src/stable_source_probe.cpp: In function ‘void upoly(double, double, double, double*)’:
src/stable_source_probe.cpp:91:9: error: ‘vr1’ was not declared in this scope
   91 |         vr1 = vi[0] - vj[0];
      |         ^~~
src/stable_source_probe.cpp:91:15: error: ‘vi’ was not declared in this scope
   91 |         vr1 = vi[0] - vj[0];
      |               ^~
src/stable_source_probe.cpp:91:23: error: ‘vj’ was not declared in this scope
   91 |         vr1 = vi[0] - vj[0];
      |                       ^~
src/stable_source_probe.cpp:92:9: error: ‘vr2’ was not declared in this scope
   92 |         vr2 = vi[1] - vj[1];
      |         ^~~
src/stable_source_probe.cpp:93:9: error: ‘vr3’ was not declared in this scope
   93 |         vr3 = vi[2] - vj[2];
      |         ^~~
src/stable_source_probe.cpp:97:9: error: ‘vnnr’ was not declared in this scope
   97 |         vnnr = (vr1*delx + vr2*dely + vr3*delz)/r;
      |         ^~~~
src/stable_source_probe.cpp:97:21: error: ‘delx’ was not declared in this scope
   97 |         vnnr = (vr1*delx + vr2*dely + vr3*delz)/r;
      |                     ^~~~
src/stable_source_probe.cpp:97:32: error: ‘dely’ was not declared in this scope
   97 |         vnnr = (vr1*delx + vr2*dely + vr3*delz)/r;
      |                                ^~~~
src/stable_source_probe.cpp:97:43: error: ‘delz’ was not declared in this scope
   97 |         vnnr = (vr1*delx + vr2*dely + vr3*delz)/r;
      |                                           ^~~~
src/stable_source_probe.cpp:97:49: error: ‘r’ was not declared in this scope
   97 |         vnnr = (vr1*delx + vr2*dely + vr3*delz)/r;
      |                                                 ^
src/stable_source_probe.cpp:98:9: error: ‘vn1’ was not declared in this scope
   98 |         vn1 = vnnr*delx/r;
      |         ^~~
src/stable_source_probe.cpp:99:9: error: ‘vn2’ was not declared in this scope
   99 |         vn2 = vnnr*dely/r;
      |         ^~~
src/stable_source_probe.cpp:100:9: error: ‘vn3’ was not declared in this scope
  100 |         vn3 = vnnr*delz/r;
      |         ^~~
src/stable_source_probe.cpp:104:9: error: ‘vt1’ was not declared in this scope
  104 |         vt1 = vr1 - vn1;
      |         ^~~
src/stable_source_probe.cpp:105:9: error: ‘vt2’ was not declared in this scope
  105 |         vt2 = vr2 - vn2;
      |         ^~~
src/stable_source_probe.cpp:106:9: error: ‘vt3’ was not declared in this scope
  106 |         vt3 = vr3 - vn3;
      |         ^~~
src/stable_source_probe.cpp:110:9: error: ‘fx’ was not declared in this scope
  110 |         fx  = a_sq*vn1;
      |         ^~
src/stable_source_probe.cpp:111:9: error: ‘fy’ was not declared in this scope
  111 |         fy  = a_sq*vn2;
      |         ^~
src/stable_source_probe.cpp:112:9: error: ‘fz’ was not declared in this scope
  112 |         fz  = a_sq*vn3;
      |         ^~
