Welcome to vast.ai. If authentication fails, try again after a few seconds, and double check your ssh key.
Have fun!
AI agents: READ /etc/vast-agents-guide.md (also linked as ./AGENTS.md) before acting on or describing this instance: it is the operating guide. ('vast-capabilities' shows live state only, not the guide.)
-- The C compiler identification is GNU 13.3.0
-- The CXX compiler identification is GNU 13.3.0
-- Detecting C compiler ABI info
-- Detecting C compiler ABI info - done
-- Check for working C compiler: /usr/bin/cc - skipped
-- Detecting C compile features
-- Detecting C compile features - done
-- Detecting CXX compiler ABI info
-- Detecting CXX compiler ABI info - done
-- Check for working CXX compiler: /usr/bin/c++ - skipped
-- Detecting CXX compile features
-- Detecting CXX compile features - done
-- Found MPI_C: /usr/lib/x86_64-linux-gnu/openmpi/lib/libmpi.so (found version "3.1") 
-- Found MPI_CXX: /usr/lib/x86_64-linux-gnu/openmpi/lib/libmpi_cxx.so (found version "3.1") 
-- Found MPI: TRUE (found version "3.1")  
-- Found PkgConfig: /usr/bin/pkg-config (found version "1.8.1") 
-- Checking for module 'hdf5'
--   Found hdf5, version 1.10.10
-- Found ZLIB: /usr/lib/x86_64-linux-gnu/libz.so (found version "1.3")  
-- Found PNG: /usr/lib/x86_64-linux-gnu/libpng.so (found version "1.6.43") 
-- Found JPEG: /usr/lib/x86_64-linux-gnu/libjpeg.so (found version "80") 
-- Configuring done (1.1s)
-- Generating done (0.0s)
-- Build files have been written to: /workspace/microbubble_lammps/work/microbubble_vascular_workflow_v0_bcflux_20260916_224835/build
[ 25%] Building CXX object CMakeFiles/test_injection.dir/src/test_injection.cpp.o
[ 25%] Building CXX object CMakeFiles/rigid_math.dir/src/rigid_math.cpp.o
[ 37%] Building CXX object CMakeFiles/rigid_math.dir/src/wall_distance.cpp.o
[ 50%] Building CXX object CMakeFiles/rigid_math.dir/src/frozen_flow.cpp.o
[ 62%] Linking CXX executable test_injection
[ 62%] Built target test_injection
[ 75%] Linking CXX shared library librigid_math.so
[ 75%] Built target rigid_math
[ 87%] Building CXX object CMakeFiles/workflow_lmp.dir/src/workflow_main.cpp.o
[100%] Linking CXX executable workflow_lmp
[100%] Built target workflow_lmp
