{
  "status": "FAIL",
  "final_status_if_stopped": "CFD_FLOW_PHYSICAL_PORT_FLUX_CONTRACT_FAILED",
  "analysis_mode": "ZERO_HARVESTER_ZERO_MUSUBI_EXISTING_BASE_RESTARTS",
  "flux_definition": "PHYSICAL_CROSS_SECTION_FLUX",
  "flux_algorithm_revision": "CELL_CUBE_PLANE_APERTURE_CLIPPING_V1",
  "physical_plane_contract_sha256": "c7b087346ab30a271b685b6c4a0c74481a3f42ed4fa51103676958e29d590f7a",
  "base_mesh": "E:\\ULM\\hatimb-particle_flow_simulator\\ulm_3D_vascular\\outputs\\cfd_flow\\healthy_mouse_capillary_dimensionless_qvalue_base_preflight_anchor003274_20260830\\seeder\\mesh",
  "base_mesh_cells": 182320,
  "base_mesh_sha256": {
    "elemlist.lsb": "f7d7b1d55273c78c336ac04e39bc018dd9ebb470a9f29ce833ff01711de8c386",
    "bnd.lsb": "520d7dd1e4a46a45f9b1218a5807cfd89d6f054e0a247872362b130ff6bcfe69",
    "qval.lsb": "35884406b5f0111cd4ab471f7b08ac3df00e478d3458a57636d1bd8921cb0fe6"
  },
  "base_restart_checks": {
    "2878425": true,
    "2998176": true,
    "3117927": true
  },
  "area_quadrature": {
    "inlet": {
      "aperture_physical_area_m2": 7.819752981311576e-12,
      "sum_clipped_cell_plane_area_m2": 5.166186054192641e-13,
      "area_coverage_relative_error": 0.9339341528237618,
      "candidate_cell_count": 17,
      "contributing_cell_count": 17,
      "pass": false
    },
    "outlet_01": {
      "aperture_physical_area_m2": 4.416140907322367e-12,
      "sum_clipped_cell_plane_area_m2": 8.509125759725339e-13,
      "area_coverage_relative_error": 0.80731761195354,
      "candidate_cell_count": 29,
      "contributing_cell_count": 29,
      "pass": false
    },
    "outlet_02": {
      "aperture_physical_area_m2": 4.315070746899013e-12,
      "sum_clipped_cell_plane_area_m2": 8.057788005223505e-13,
      "area_coverage_relative_error": 0.8132640580455335,
      "candidate_cell_count": 33,
      "contributing_cell_count": 32,
      "pass": false
    },
    "outlet_03": {
      "aperture_physical_area_m2": 5.110621069620382e-12,
      "sum_clipped_cell_plane_area_m2": 1.0111328228594118e-12,
      "area_coverage_relative_error": 0.8021506957598562,
      "candidate_cell_count": 35,
      "contributing_cell_count": 35,
      "pass": false
    }
  },
  "physical_flux_observables_accepted": false,
  "Q_values_classification": "NON_ACCEPTED_PARTIAL_APERTURE_DIAGNOSTIC",
  "samples": [
    {
      "iteration": 2878425,
      "physical_time_s": 0.005868348623853211,
      "restart_binary": "\\\\wsl.localhost\\Ubuntu\\home\\lzy\\u3da\\tau1_base_20260830\\restart\\tau1_base_5.868E-03.lsb",
      "restart_sha256": "75815fded691784ae942285e6ccf32514a1936ef9b1c228a03631991462646ee",
      "ports": {
        "inlet": {
          "flux_definition": "PHYSICAL_CROSS_SECTION_FLUX",
          "algorithm_revision": "CELL_CUBE_PLANE_APERTURE_CLIPPING_V1",
          "port": "inlet",
          "aperture_physical_area_m2": 7.819752981311576e-12,
          "sum_clipped_cell_plane_area_m2": 5.166186054192641e-13,
          "area_coverage_relative_error": 0.9339341528237618,
          "area_coverage_gate": 0.001,
          "area_coverage_pass": false,
          "candidate_cell_count": 17,
          "contributing_cell_count": 17,
          "outward_normal_velocity_mean_m_s": -0.0034767400561375554,
          "outward_normal_velocity_min_m_s": -0.0058354228318910975,
          "outward_normal_velocity_max_m_s": -0.0010467622303461698,
          "signed_outward_q_m3_s": -1.7961485992070777e-15,
          "sign_convention": "Qin=-integral(u.n)dA",
          "physical_q_m3_s": 1.7961485992070777e-15,
          "all_finite": true
        },
        "outlet_01": {
          "flux_definition": "PHYSICAL_CROSS_SECTION_FLUX",
          "algorithm_revision": "CELL_CUBE_PLANE_APERTURE_CLIPPING_V1",
          "port": "outlet_01",
          "aperture_physical_area_m2": 4.416140907322367e-12,
          "sum_clipped_cell_plane_area_m2": 8.509125759725339e-13,
          "area_coverage_relative_error": 0.80731761195354,
          "area_coverage_gate": 0.001,
          "area_coverage_pass": false,
          "candidate_cell_count": 29,
          "contributing_cell_count": 29,
          "outward_normal_velocity_mean_m_s": 0.000304219126407676,
          "outward_normal_velocity_min_m_s": 0.0,
          "outward_normal_velocity_max_m_s": 0.0010649265959365491,
          "signed_outward_q_m3_s": 2.588638805116695e-16,
          "sign_convention": "Qout=+integral(u.n)dA",
          "physical_q_m3_s": 2.588638805116695e-16,
          "all_finite": true
        },
        "outlet_02": {
          "flux_definition": "PHYSICAL_CROSS_SECTION_FLUX",
          "algorithm_revision": "CELL_CUBE_PLANE_APERTURE_CLIPPING_V1",
          "port": "outlet_02",
          "aperture_physical_area_m2": 4.315070746899013e-12,
          "sum_clipped_cell_plane_area_m2": 8.057788005223505e-13,
          "area_coverage_relative_error": 0.8132640580455335,
          "area_coverage_gate": 0.001,
          "area_coverage_pass": false,
          "candidate_cell_count": 33,
          "contributing_cell_count": 32,
          "outward_normal_velocity_mean_m_s": 0.001540219100967586,
          "outward_normal_velocity_min_m_s": -0.0001791340829519792,
          "outward_normal_velocity_max_m_s": 0.017216796747898153,
          "signed_outward_q_m3_s": 1.2410758997192746e-15,
          "sign_convention": "Qout=+integral(u.n)dA",
          "physical_q_m3_s": 1.2410758997192746e-15,
          "all_finite": true
        },
        "outlet_03": {
          "flux_definition": "PHYSICAL_CROSS_SECTION_FLUX",
          "algorithm_revision": "CELL_CUBE_PLANE_APERTURE_CLIPPING_V1",
          "port": "outlet_03",
          "aperture_physical_area_m2": 5.110621069620382e-12,
          "sum_clipped_cell_plane_area_m2": 1.0111328228594118e-12,
          "area_coverage_relative_error": 0.8021506957598562,
          "area_coverage_gate": 0.001,
          "area_coverage_pass": false,
          "candidate_cell_count": 35,
          "contributing_cell_count": 35,
          "outward_normal_velocity_mean_m_s": 0.0006686568847428035,
          "outward_normal_velocity_min_m_s": 0.0,
          "outward_normal_velocity_max_m_s": 0.0019550961742912927,
          "signed_outward_q_m3_s": 6.761009233943714e-16,
          "sign_convention": "Qout=+integral(u.n)dA",
          "physical_q_m3_s": 6.761009233943714e-16,
          "all_finite": true
        }
      },
      "Qin_phys_m3_s": 1.7961485992070777e-15,
      "Q1_phys_m3_s": 2.588638805116695e-16,
      "Q2_phys_m3_s": 1.2410758997192746e-15,
      "Q3_phys_m3_s": 6.761009233943714e-16,
      "physical_volume_closure": {
        "qin_m3_s": 1.7961485992070777e-15,
        "outlet_sum_m3_s": 2.1760407036253156e-15,
        "absolute_mismatch_m3_s": 3.798921044182379e-16,
        "relative_error": 0.21150371666684145,
        "gate": 0.01,
        "pass": false
      },
      "fraction_of_outlet_sum": {
        "outlet_01": 0.11896095513305358,
        "outlet_02": 0.5703367118324689,
        "outlet_03": 0.3107023330344774
      },
      "fraction_of_inlet": {
        "outlet_01": 0.14412163928193178,
        "outlet_02": 0.6909650461365814,
        "outlet_03": 0.37641703124832815
      }
    },
    {
      "iteration": 2998176,
      "physical_time_s": 0.006112489296636085,
      "restart_binary": "\\\\wsl.localhost\\Ubuntu\\home\\lzy\\u3da\\tau1_base_20260830\\restart\\tau1_base_6.112E-03.lsb",
      "restart_sha256": "e3bb103963299e2384ce636dd117d194ee21b86adeac63a9965a095840f39a6c",
      "ports": {
        "inlet": {
          "flux_definition": "PHYSICAL_CROSS_SECTION_FLUX",
          "algorithm_revision": "CELL_CUBE_PLANE_APERTURE_CLIPPING_V1",
          "port": "inlet",
          "aperture_physical_area_m2": 7.819752981311576e-12,
          "sum_clipped_cell_plane_area_m2": 5.166186054192641e-13,
          "area_coverage_relative_error": 0.9339341528237618,
          "area_coverage_gate": 0.001,
          "area_coverage_pass": false,
          "candidate_cell_count": 17,
          "contributing_cell_count": 17,
          "outward_normal_velocity_mean_m_s": -0.0034767400561368936,
          "outward_normal_velocity_min_m_s": -0.0058354228318910975,
          "outward_normal_velocity_max_m_s": -0.0010467622303428129,
          "signed_outward_q_m3_s": -1.7961485992067357e-15,
          "sign_convention": "Qin=-integral(u.n)dA",
          "physical_q_m3_s": 1.7961485992067357e-15,
          "all_finite": true
        },
        "outlet_01": {
          "flux_definition": "PHYSICAL_CROSS_SECTION_FLUX",
          "algorithm_revision": "CELL_CUBE_PLANE_APERTURE_CLIPPING_V1",
          "port": "outlet_01",
          "aperture_physical_area_m2": 4.416140907322367e-12,
          "sum_clipped_cell_plane_area_m2": 8.509125759725339e-13,
          "area_coverage_relative_error": 0.80731761195354,
          "area_coverage_gate": 0.001,
          "area_coverage_pass": false,
          "candidate_cell_count": 29,
          "contributing_cell_count": 29,
          "outward_normal_velocity_mean_m_s": 0.00030421912640742326,
          "outward_normal_velocity_min_m_s": 0.0,
          "outward_normal_velocity_max_m_s": 0.001064926595935462,
          "signed_outward_q_m3_s": 2.5886388051145444e-16,
          "sign_convention": "Qout=+integral(u.n)dA",
          "physical_q_m3_s": 2.5886388051145444e-16,
          "all_finite": true
        },
        "outlet_02": {
          "flux_definition": "PHYSICAL_CROSS_SECTION_FLUX",
          "algorithm_revision": "CELL_CUBE_PLANE_APERTURE_CLIPPING_V1",
          "port": "outlet_02",
          "aperture_physical_area_m2": 4.315070746899013e-12,
          "sum_clipped_cell_plane_area_m2": 8.057788005223505e-13,
          "area_coverage_relative_error": 0.8132640580455335,
          "area_coverage_gate": 0.001,
          "area_coverage_pass": false,
          "candidate_cell_count": 33,
          "contributing_cell_count": 32,
          "outward_normal_velocity_mean_m_s": 0.0015402191009676557,
          "outward_normal_velocity_min_m_s": -0.00017913408295203606,
          "outward_normal_velocity_max_m_s": 0.017216796747895897,
          "signed_outward_q_m3_s": 1.2410758997193306e-15,
          "sign_convention": "Qout=+integral(u.n)dA",
          "physical_q_m3_s": 1.2410758997193306e-15,
          "all_finite": true
        },
        "outlet_03": {
          "flux_definition": "PHYSICAL_CROSS_SECTION_FLUX",
          "algorithm_revision": "CELL_CUBE_PLANE_APERTURE_CLIPPING_V1",
          "port": "outlet_03",
          "aperture_physical_area_m2": 5.110621069620382e-12,
          "sum_clipped_cell_plane_area_m2": 1.0111328228594118e-12,
          "area_coverage_relative_error": 0.8021506957598562,
          "area_coverage_gate": 0.001,
          "area_coverage_pass": false,
          "candidate_cell_count": 35,
          "contributing_cell_count": 35,
          "outward_normal_velocity_mean_m_s": 0.0006686568847428952,
          "outward_normal_velocity_min_m_s": 0.0,
          "outward_normal_velocity_max_m_s": 0.0019550961742910112,
          "signed_outward_q_m3_s": 6.76100923394464e-16,
          "sign_convention": "Qout=+integral(u.n)dA",
          "physical_q_m3_s": 6.76100923394464e-16,
          "all_finite": true
        }
      },
      "Qin_phys_m3_s": 1.7961485992067357e-15,
      "Q1_phys_m3_s": 2.5886388051145444e-16,
      "Q2_phys_m3_s": 1.2410758997193306e-15,
      "Q3_phys_m3_s": 6.76100923394464e-16,
      "physical_volume_closure": {
        "qin_m3_s": 1.7961485992067357e-15,
        "outlet_sum_m3_s": 2.176040703625249e-15,
        "absolute_mismatch_m3_s": 3.7989210441851323e-16,
        "relative_error": 0.211503716667035,
        "gate": 0.01,
        "pass": false
      },
      "fraction_of_outlet_sum": {
        "outlet_01": 0.11896095513295839,
        "outlet_02": 0.5703367118325121,
        "outlet_03": 0.3107023330345295
      },
      "fraction_of_inlet": {
        "outlet_01": 0.1441216392818395,
        "outlet_02": 0.6909650461367441,
        "outlet_03": 0.37641703124845133
      }
    },
    {
      "iteration": 3117927,
      "physical_time_s": 0.00635662996941896,
      "restart_binary": "\\\\wsl.localhost\\Ubuntu\\home\\lzy\\u3da\\tau1_base_20260830\\restart\\tau1_base_6.357E-03.lsb",
      "restart_sha256": "3d54f3970b4120896c214155811d7cd1b594e3efd172f80b5dc5e7d0fef279e2",
      "ports": {
        "inlet": {
          "flux_definition": "PHYSICAL_CROSS_SECTION_FLUX",
          "algorithm_revision": "CELL_CUBE_PLANE_APERTURE_CLIPPING_V1",
          "port": "inlet",
          "aperture_physical_area_m2": 7.819752981311576e-12,
          "sum_clipped_cell_plane_area_m2": 5.166186054192641e-13,
          "area_coverage_relative_error": 0.9339341528237618,
          "area_coverage_gate": 0.001,
          "area_coverage_pass": false,
          "candidate_cell_count": 17,
          "contributing_cell_count": 17,
          "outward_normal_velocity_mean_m_s": -0.003476740056136662,
          "outward_normal_velocity_min_m_s": -0.0058354228318907245,
          "outward_normal_velocity_max_m_s": -0.0010467622303416938,
          "signed_outward_q_m3_s": -1.7961485992066162e-15,
          "sign_convention": "Qin=-integral(u.n)dA",
          "physical_q_m3_s": 1.7961485992066162e-15,
          "all_finite": true
        },
        "outlet_01": {
          "flux_definition": "PHYSICAL_CROSS_SECTION_FLUX",
          "algorithm_revision": "CELL_CUBE_PLANE_APERTURE_CLIPPING_V1",
          "port": "outlet_01",
          "aperture_physical_area_m2": 4.416140907322367e-12,
          "sum_clipped_cell_plane_area_m2": 8.509125759725339e-13,
          "area_coverage_relative_error": 0.80731761195354,
          "area_coverage_gate": 0.001,
          "area_coverage_pass": false,
          "candidate_cell_count": 29,
          "contributing_cell_count": 29,
          "outward_normal_velocity_mean_m_s": 0.00030421912640803963,
          "outward_normal_velocity_min_m_s": 0.0,
          "outward_normal_velocity_max_m_s": 0.0010649265959365491,
          "signed_outward_q_m3_s": 2.5886388051197893e-16,
          "sign_convention": "Qout=+integral(u.n)dA",
          "physical_q_m3_s": 2.5886388051197893e-16,
          "all_finite": true
        },
        "outlet_02": {
          "flux_definition": "PHYSICAL_CROSS_SECTION_FLUX",
          "algorithm_revision": "CELL_CUBE_PLANE_APERTURE_CLIPPING_V1",
          "port": "outlet_02",
          "aperture_physical_area_m2": 4.315070746899013e-12,
          "sum_clipped_cell_plane_area_m2": 8.057788005223505e-13,
          "area_coverage_relative_error": 0.8132640580455335,
          "area_coverage_gate": 0.001,
          "area_coverage_pass": false,
          "candidate_cell_count": 33,
          "contributing_cell_count": 32,
          "outward_normal_velocity_mean_m_s": 0.0015402191009674278,
          "outward_normal_velocity_min_m_s": -0.00017913408295150388,
          "outward_normal_velocity_max_m_s": 0.017216796747897643,
          "signed_outward_q_m3_s": 1.241075899719147e-15,
          "sign_convention": "Qout=+integral(u.n)dA",
          "physical_q_m3_s": 1.241075899719147e-15,
          "all_finite": true
        },
        "outlet_03": {
          "flux_definition": "PHYSICAL_CROSS_SECTION_FLUX",
          "algorithm_revision": "CELL_CUBE_PLANE_APERTURE_CLIPPING_V1",
          "port": "outlet_03",
          "aperture_physical_area_m2": 5.110621069620382e-12,
          "sum_clipped_cell_plane_area_m2": 1.0111328228594118e-12,
          "area_coverage_relative_error": 0.8021506957598562,
          "area_coverage_gate": 0.001,
          "area_coverage_pass": false,
          "candidate_cell_count": 35,
          "contributing_cell_count": 35,
          "outward_normal_velocity_mean_m_s": 0.0006686568847427556,
          "outward_normal_velocity_min_m_s": 0.0,
          "outward_normal_velocity_max_m_s": 0.0019550961742932894,
          "signed_outward_q_m3_s": 6.761009233943228e-16,
          "sign_convention": "Qout=+integral(u.n)dA",
          "physical_q_m3_s": 6.761009233943228e-16,
          "all_finite": true
        }
      },
      "Qin_phys_m3_s": 1.7961485992066162e-15,
      "Q1_phys_m3_s": 2.5886388051197893e-16,
      "Q2_phys_m3_s": 1.241075899719147e-15,
      "Q3_phys_m3_s": 6.761009233943228e-16,
      "physical_volume_closure": {
        "qin_m3_s": 1.7961485992066162e-15,
        "outlet_sum_m3_s": 2.176040703625449e-15,
        "absolute_mismatch_m3_s": 3.798921044188327e-16,
        "relative_error": 0.21150371666722695,
        "gate": 0.01,
        "pass": false
      },
      "fraction_of_outlet_sum": {
        "outlet_01": 0.11896095513318848,
        "outlet_02": 0.5703367118323753,
        "outlet_03": 0.31070233303443606
      },
      "fraction_of_inlet": {
        "outlet_01": 0.14412163928214108,
        "outlet_02": 0.690965046136688,
        "outlet_03": 0.3764170312483978
      }
    }
  ],
  "steady_window_observables": {
    "Qin_phys_m3_s": {
      "mean": 1.79614859920681e-15,
      "std": 1.9556035268136418e-28,
      "endpoint": 1.7961485992066162e-15
    },
    "Q1_phys_m3_s": {
      "mean": 2.5886388051170096e-16,
      "std": 2.152758899171035e-28,
      "endpoint": 2.5886388051197893e-16
    },
    "Q2_phys_m3_s": {
      "mean": 1.2410758997192507e-15,
      "std": 7.683315558527679e-29,
      "endpoint": 1.241075899719147e-15
    },
    "Q3_phys_m3_s": {
      "mean": 6.761009233943861e-16,
      "std": 5.853622337155055e-29,
      "endpoint": 6.761009233943228e-16
    }
  },
  "steady_window_mean_physical_volume_closure": {
    "qin_m3_s": 1.79614859920681e-15,
    "outlet_sum_m3_s": 2.1760407036253377e-15,
    "absolute_mismatch_m3_s": 3.7989210441852783e-16,
    "relative_error": 0.21150371666703438,
    "gate": 0.01,
    "pass": false
  },
  "Qin_target_m3_s": 2.7369132390905703e-15,
  "Qin_target_relative_error": 0.3437319921023001,
  "significant_time_averaged_outlet_backflow": false,
  "gates": {
    "grid_design": true,
    "physical_port_plane_contract": true,
    "base_mesh_hashes": true,
    "base_restarts_unchanged": true,
    "all_aperture_area_coverage_le_0p001": false,
    "Qin_target_relative_error_le_0p01": false,
    "physical_volume_closure_le_0p01": false,
    "no_significant_time_averaged_outlet_backflow": true,
    "all_flux_values_finite": true
  },
  "true_first_scientific_failure": "all_aperture_area_coverage_le_0p001",
  "base_seeder_calls": 0,
  "base_long_musubi_calls": 0,
  "coarse_seeder_calls": 0,
  "fine_seeder_calls": 0,
  "coarse_long_logical_musubi_calls": 0,
  "fine_long_logical_musubi_calls": 0,
  "harvester_calls": 0,
  "production_pipeline_modified": false,
  "runtime_seconds": 6.500376700001652,
  "next": "FIX PHYSICAL CROSS-SECTION FLUX EXTRACTION; DO NOT RUN COARSE/FINE"
}
