{
  "RMBW_SPHERE": {
    "formal_rows": 126,
    "finite_rows": 126,
    "exception_rows": 0,
    "negative_mobility_rows": 45,
    "reciprocity_max_relative": 0.0,
    "reciprocity_max_absolute_SI": 0.0,
    "min_scaled_eigenvalue": -0.017614477446107356,
    "max_scaled_condition_number": 832.3950893246006,
    "max_planar_rotation_symmetry_error": 0.18321709392004637,
    "all_physical_matrix_valid": false,
    "max_normal_error_vs_Brenner": 0.006997085365894717,
    "normal_error_at_smallest_gap": 0.0008528154404436883,
    "normal_monotonic_with_gap": true,
    "normal_R_epsilon_at_smallest_gap": 1.0014985044866385,
    "far_field_diagonal_distance_to_bulk": [
      {
        "epsilon": 5.0,
        "max_abs_diagonal_minus1": 0.18781725888324874
      },
      {
        "epsilon": 10.0,
        "max_abs_diagonal_minus1": 0.10404624277456642
      },
      {
        "epsilon": 20.0,
        "max_abs_diagonal_minus1": 0.2343936078206501
      }
    ],
    "radius_status": "FAIL",
    "viscosity_status": "PASS"
  },
  "RMBW_LUBRICATION": {
    "formal_rows": 126,
    "finite_rows": 126,
    "exception_rows": 0,
    "negative_mobility_rows": 0,
    "reciprocity_max_relative": 2.4550671474608675e-16,
    "reciprocity_max_absolute_SI": 0.001953125,
    "min_scaled_eigenvalue": 0.0009976526917638007,
    "max_scaled_condition_number": 835.2090448911997,
    "max_planar_rotation_symmetry_error": 0.0,
    "all_physical_matrix_valid": true,
    "max_normal_error_vs_Brenner": 0.008294807922940017,
    "normal_error_at_smallest_gap": 4.946605774991397e-07,
    "normal_monotonic_with_gap": true,
    "normal_R_epsilon_at_smallest_gap": 1.002352831055907,
    "far_field_diagonal_distance_to_bulk": [
      {
        "epsilon": 5.0,
        "max_abs_diagonal_minus1": 0.185201453622849
      },
      {
        "epsilon": 10.0,
        "max_abs_diagonal_minus1": 0.10227272727272729
      },
      {
        "epsilon": 20.0,
        "max_abs_diagonal_minus1": 0.0535714285714286
      }
    ],
    "radius_status": "PASS",
    "viscosity_status": "PASS"
  },
  "PYSTOKES": {
    "formal_rows": 126,
    "finite_rows": 126,
    "exception_rows": 0,
    "negative_mobility_rows": 0,
    "reciprocity_max_relative": 2.0,
    "reciprocity_max_absolute_SI": 46414029575548.17,
    "min_scaled_eigenvalue": 0.25025000049761476,
    "max_scaled_condition_number": 3.4979989990306244,
    "max_planar_rotation_symmetry_error": 0.0,
    "all_physical_matrix_valid": false,
    "max_normal_error_vs_Brenner": 0.9960133778370408,
    "normal_error_at_smallest_gap": 0.9960133778370408,
    "normal_monotonic_with_gap": true,
    "normal_R_epsilon_at_smallest_gap": 0.0039960039880580596,
    "far_field_diagonal_distance_to_bulk": [
      {
        "epsilon": 5.0,
        "max_abs_diagonal_minus1": 0.18520126028811945
      },
      {
        "epsilon": 10.0,
        "max_abs_diagonal_minus1": 0.10189784602398944
      },
      {
        "epsilon": 20.0,
        "max_abs_diagonal_minus1": 0.05351746932807355
      }
    ],
    "radius_status": "PASS",
    "viscosity_status": "PASS"
  }
}
FIRST_FORMAL_OUTPUTS_PRESERVED 378
