In file included from /home/lzy/projects/wall_hydrodynamics_reference_audit_20260916_115322/envs/wallref_rmbw/include/boost/python/detail/is_xxx.hpp:8,
                 from /home/lzy/projects/wall_hydrodynamics_reference_audit_20260916_115322/envs/wallref_rmbw/include/boost/python/detail/is_auto_ptr.hpp:9,
                 from /home/lzy/projects/wall_hydrodynamics_reference_audit_20260916_115322/envs/wallref_rmbw/include/boost/python/detail/copy_ctor_mutates_rhs.hpp:8,
                 from /home/lzy/projects/wall_hydrodynamics_reference_audit_20260916_115322/envs/wallref_rmbw/include/boost/python/detail/value_arg.hpp:7,
                 from /home/lzy/projects/wall_hydrodynamics_reference_audit_20260916_115322/envs/wallref_rmbw/include/boost/python/object/forward.hpp:10,
                 from /home/lzy/projects/wall_hydrodynamics_reference_audit_20260916_115322/envs/wallref_rmbw/include/boost/python/object/pointer_holder.hpp:16,
                 from /home/lzy/projects/wall_hydrodynamics_reference_audit_20260916_115322/envs/wallref_rmbw/include/boost/python/to_python_indirect.hpp:10,
                 from /home/lzy/projects/wall_hydrodynamics_reference_audit_20260916_115322/envs/wallref_rmbw/include/boost/python/converter/arg_to_python.hpp:10,
                 from /home/lzy/projects/wall_hydrodynamics_reference_audit_20260916_115322/envs/wallref_rmbw/include/boost/python/call.hpp:15,
                 from /home/lzy/projects/wall_hydrodynamics_reference_audit_20260916_115322/envs/wallref_rmbw/include/boost/python/object_core.hpp:14,
                 from /home/lzy/projects/wall_hydrodynamics_reference_audit_20260916_115322/envs/wallref_rmbw/include/boost/python/args.hpp:22,
                 from /home/lzy/projects/wall_hydrodynamics_reference_audit_20260916_115322/envs/wallref_rmbw/include/boost/python.hpp:11,
                 from /home/lzy/projects/wall_hydrodynamics_reference_audit_20260916_115322/upstream/RigidMultiblobsWall/Lubrication/Lubrication_Class.cc:9:
/home/lzy/projects/wall_hydrodynamics_reference_audit_20260916_115322/envs/wallref_rmbw/include/boost/python/detail/is_auto_ptr.hpp:17:40: warning: ‘template<class> class std::auto_ptr’ is deprecated: use 'std::unique_ptr' instead [-Wdeprecated-declarations]
   17 | BOOST_PYTHON_IS_XXX_DEF(auto_ptr, std::auto_ptr, 1)
      |                                        ^~~~~~~~
/home/lzy/projects/wall_hydrodynamics_reference_audit_20260916_115322/envs/wallref_rmbw/include/boost/detail/is_xxx.hpp:20:4: note: in definition of macro ‘BOOST_DETAIL_IS_XXX_DEF’
   20 |    qualified_name< BOOST_PP_ENUM_PARAMS_Z(1, nargs, T) >        \
      |    ^~~~~~~~~~~~~~
/home/lzy/projects/wall_hydrodynamics_reference_audit_20260916_115322/envs/wallref_rmbw/include/boost/python/detail/is_auto_ptr.hpp:17:1: note: in expansion of macro ‘BOOST_PYTHON_IS_XXX_DEF’
   17 | BOOST_PYTHON_IS_XXX_DEF(auto_ptr, std::auto_ptr, 1)
      | ^~~~~~~~~~~~~~~~~~~~~~~
In file included from /usr/include/c++/13/memory:78,
                 from /home/lzy/projects/wall_hydrodynamics_reference_audit_20260916_115322/envs/wallref_rmbw/include/boost/function/function_base.hpp:33,
                 from /home/lzy/projects/wall_hydrodynamics_reference_audit_20260916_115322/envs/wallref_rmbw/include/boost/function/detail/prologue.hpp:18,
                 from /home/lzy/projects/wall_hydrodynamics_reference_audit_20260916_115322/envs/wallref_rmbw/include/boost/function/function_template.hpp:13,
                 from /home/lzy/projects/wall_hydrodynamics_reference_audit_20260916_115322/envs/wallref_rmbw/include/boost/function/detail/maybe_include.hpp:15,
                 from /home/lzy/projects/wall_hydrodynamics_reference_audit_20260916_115322/envs/wallref_rmbw/include/boost/function/function0.hpp:11,
                 from /home/lzy/projects/wall_hydrodynamics_reference_audit_20260916_115322/envs/wallref_rmbw/include/boost/python/errors.hpp:13,
                 from /home/lzy/projects/wall_hydrodynamics_reference_audit_20260916_115322/envs/wallref_rmbw/include/boost/python/handle.hpp:11,
                 from /home/lzy/projects/wall_hydrodynamics_reference_audit_20260916_115322/envs/wallref_rmbw/include/boost/python/args_fwd.hpp:10,
                 from /home/lzy/projects/wall_hydrodynamics_reference_audit_20260916_115322/envs/wallref_rmbw/include/boost/python/args.hpp:10:
/usr/include/c++/13/bits/unique_ptr.h:65:28: note: declared here
   65 |   template<typename> class auto_ptr;
      |                            ^~~~~~~~
