warning  libmamba 'repo.anaconda.com', a commercial channel hosted by Anaconda.com, is used.
    
warning  libmamba Please make sure you understand Anaconda Terms of Services.
    
warning  libmamba See: https://legal.anaconda.com/policies/en/
⚠ Shard Index for pkgs/main/linux-64 not available, falling back to flat repodata
Using Flat Repodata for pkgs/main/linux-64                                                      ✔ Starting
Using Flat Repodata for pkgs/main/linux-64                                                ✔ Done (0.2 sec)
⚠ Shard Index for pkgs/main/noarch not available, falling back to flat repodata
Using Flat Repodata for pkgs/main/noarch                                                        ✔ Starting
Using Flat Repodata for pkgs/main/noarch                                                  ✔ Done (0.0 sec)
⚠ Shard Index for pkgs/r/linux-64 not available, falling back to flat repodata
Using Flat Repodata for pkgs/r/linux-64                                                         ✔ Starting
Using Flat Repodata for pkgs/r/linux-64                                                   ✔ Done (0.0 sec)
⚠ Shard Index for pkgs/r/noarch not available, falling back to flat repodata
Using Flat Repodata for pkgs/r/noarch                                                           ✔ Starting
Using Flat Repodata for pkgs/r/noarch                                                     ✔ Done (0.0 sec)
Using Cached Shard Index for conda-forge/linux-64                                                   ✔ Done
Using Cached Shard Index for conda-forge/noarch                                                     ✔ Done
Fetching and Parsing Packages' Shards                                                           ⧖ Starting
Fetching and Parsing Packages' Shards                                                     ✔ Done (1.7 sec)
Parsing Packages' Records                                                                 ✔ Done (3.4 sec)

Pinned packages:

  - python=3.8

Resolving Environment                                                                           ⧖ Starting
Resolving Environment                                                                     ✔ Done (2.7 sec)

Transaction

  Prefix: /home/lzy/projects/wall_hydrodynamics_reference_audit_20260916_115322/envs/wallref_rmbw

  Updating specs:

   - boost=1.82
   - eigen


  Package                  Version  Build           Channel          Size
───────────────────────────────────────────────────────────────────────────
  Install:
───────────────────────────────────────────────────────────────────────────

  + boost                   1.82.0  hb563948_3      conda-forge      13kB
  + eigen                    5.0.1  h19c2612_3      conda-forge       1MB
  + libboost-headers        1.82.0  ha770c72_3      conda-forge      14MB
  + libboost-python         1.82.0  py38hae673b5_3  conda-forge     118kB
  + libboost-python-devel   1.82.0  py38hb563948_3  conda-forge      16kB

  Summary:

  Install: 5 packages

  Total download: 15MB

───────────────────────────────────────────────────────────────────────────


warning  libmamba Security Warning: This transaction includes executing package scripts (pre/post-link/unlink) if present. These scripts can contain arbitrary code. Please ensure you trust the package sources.

Transaction starting
Linking libboost-headers-1.82.0-ha770c72_3
Linking libboost-python-1.82.0-py38hae673b5_3
Linking eigen-5.0.1-h19c2612_3
Linking libboost-python-devel-1.82.0-py38hb563948_3
Linking boost-1.82.0-hb563948_3

Transaction finished

