warning  libmamba 'repo.anaconda.com', a commercial channel hosted by Anaconda.com, is used.
    
warning  libmamba Please make sure you understand Anaconda Terms of Services.
    
warning  libmamba See: https://legal.anaconda.com/policies/en/
⚠ Shard Index for pkgs/main/linux-64 not available, falling back to flat repodata
Using Flat Repodata for pkgs/main/linux-64                                                      ✔ Starting
Using Flat Repodata for pkgs/main/linux-64                                                ✔ Done (0.7 sec)
⚠ Shard Index for pkgs/main/noarch not available, falling back to flat repodata
Using Flat Repodata for pkgs/main/noarch                                                        ✔ Starting
Using Flat Repodata for pkgs/main/noarch                                                  ✔ Done (0.0 sec)
⚠ Shard Index for pkgs/r/linux-64 not available, falling back to flat repodata
Using Flat Repodata for pkgs/r/linux-64                                                         ✔ Starting
Using Flat Repodata for pkgs/r/linux-64                                                   ✔ Done (0.1 sec)
⚠ Shard Index for pkgs/r/noarch not available, falling back to flat repodata
Using Flat Repodata for pkgs/r/noarch                                                           ✔ Starting
Using Flat Repodata for pkgs/r/noarch                                                     ✔ Done (0.1 sec)
Fetch Shard Index for conda-forge/linux-64                                                      ⧖ Starting
Fetch Shard Index for conda-forge/linux-64                                                ✔ Done (0.2 sec)
Fetch Shard Index for conda-forge/noarch                                                        ⧖ Starting
Fetch Shard Index for conda-forge/noarch                                                  ✔ Done (0.2 sec)
Fetching and Parsing Packages' Shards                                                           ⧖ Starting
Fetching and Parsing Packages' Shards                                                    ✔ Done (12.4 sec)
Parsing Packages' Records                                                                ✔ Done (14.8 sec)

Resolving Environment                                                                           ⧖ Starting
Resolving Environment                                                                     ✔ Done (1.5 sec)

Transaction

  Prefix: /home/lzy/projects/wall_hydrodynamics_reference_audit_20260916_115322/envs/wallref_rmbw

  Updating specs:

   - python=3.8
   - numpy=1.24
   - scipy=1.10
   - pip
   - matplotlib
   - numba


  Package                           Version  Build                 Channel          Size
──────────────────────────────────────────────────────────────────────────────────────────
  Install:
──────────────────────────────────────────────────────────────────────────────────────────

  + _openmp_mutex                       4.5  20_gnu                conda-forge      29kB
  + alsa-lib                       1.2.16.1  h7cc23a3_1            conda-forge     595kB
  + brotli                            1.2.0  h505cf86_4            conda-forge      21kB
  + brotli-bin                        1.2.0  h9908984_4            conda-forge      22kB
  + brotli-python                     1.0.9  py38hfa26641_8        conda-forge     361kB
  + bzip2                             1.0.8  hda65f42_10           conda-forge     258kB
  + ca-certificates               2026.7.22  hbd8a1cb_0            conda-forge     132kB
  + cairo                            1.18.4  h3c89d7e_3            conda-forge     991kB
  + certifi                       2024.8.30  pyhd8ed1ab_0          conda-forge     164kB
  + cffi                             1.17.0  py38heb5c249_0        conda-forge     240kB
  + charset-normalizer                3.4.0  pyhd8ed1ab_0          conda-forge      47kB
  + contourpy                         1.1.1  py38h7f3f72f_1        conda-forge     222kB
  + cycler                           0.12.1  pyhd8ed1ab_0          conda-forge      13kB
  + cyrus-sasl                       2.1.28  hac629b4_1            conda-forge     210kB
  + dbus                             1.16.2  he8c428d_2            conda-forge     450kB
  + font-ttf-dejavu-sans-mono          2.37  hab24e00_0            conda-forge     397kB
  + font-ttf-inconsolata              3.000  h77eed37_0            conda-forge      97kB
  + font-ttf-source-code-pro          2.038  h77eed37_0            conda-forge     701kB
  + font-ttf-ubuntu                    0.83  h77eed37_3            conda-forge       2MB
  + fontconfig                       2.18.3  h4db4eae_1            conda-forge     296kB
  + fonts-conda-ecosystem                 1  0                     conda-forge       4kB
  + fonts-conda-forge                     1  hc364b38_1            conda-forge       4kB
  + fonttools                        4.53.1  py38h2019614_0        conda-forge       2MB
  + freetype                         2.14.3  ha770c72_2            conda-forge     175kB
  + fribidi                          1.0.16  h7cc23a3_2            conda-forge      62kB
  + glib                             2.90.0  h5e3c387_0            conda-forge      86kB
  + glib-tools                       2.90.0  h3d503d9_0            conda-forge     237kB
  + graphite2                        1.3.15  h54a6638_1            conda-forge     103kB
  + gst-plugins-base                1.26.11  h6d08254_0            conda-forge       3MB
  + gstreamer                       1.26.11  h29cf534_0            conda-forge       2MB
  + h2                                4.1.0  pyhd8ed1ab_0          conda-forge      47kB
  + harfbuzz                         14.4.0  ha770c72_1            conda-forge      11kB
  + hpack                             4.0.0  pyh9f0ad1d_0          conda-forge      25kB
  + hyperframe                        6.0.1  pyhd8ed1ab_0          conda-forge      15kB
  + icu                                78.3  py310h44b86e0_2       conda-forge      14MB
  + idna                               3.10  pyhd8ed1ab_0          conda-forge      50kB
  + importlib-metadata                8.5.0  pyha770c72_0          conda-forge      29kB
  + importlib-resources               6.4.5  pyhd8ed1ab_0          conda-forge      10kB
  + importlib_resources               6.4.5  pyhd8ed1ab_0          conda-forge      33kB
  + keyutils                          1.6.3  h7cc23a3_1            conda-forge     135kB
  + kiwisolver                        1.4.5  py38h7f3f72f_1        conda-forge      73kB
  + krb5                             1.22.2  hbc21106_2            conda-forge       1MB
  + lame                                4.0  h770b6ad_1            conda-forge     304kB
  + lcms2                            2.19.1  h9073bf1_3            conda-forge     254kB
  + ld_impl_linux-64                 2.46.1  default_hbd61a6d_102  conda-forge     745kB
  + lerc                              4.2.0  hdb68285_0            conda-forge     271kB
  + libblas                           3.9.0  20_linux64_openblas   conda-forge      14kB
  + libbrotlicommon                   1.2.0  h39a168f_4            conda-forge      81kB
  + libbrotlidec                      1.2.0  ha411449_4            conda-forge      35kB
  + libbrotlienc                      1.2.0  h018ffa1_4            conda-forge     298kB
  + libcap                             2.78  h084b8d7_1            conda-forge     124kB
  + libcblas                          3.9.0  20_linux64_openblas   conda-forge      14kB
  + libclang-cpp22.1                 22.1.8  default_h0acdd01_10   conda-forge      25MB
  + libclang-cpp23.1                 23.1.1  default_h0acdd01_0    conda-forge      25MB
  + libclang13                       23.1.1  default_h7037f76_0    conda-forge      15MB
  + libcups                           2.3.3  h7a8fb5f_6            conda-forge       5MB
  + libdeflate                         1.25  hd45a770_1            conda-forge      74kB
  + libdrm                          2.4.129  h7cc23a3_0            conda-forge     313kB
  + libedit                    3.1.20250104  pl5321h373387f_1      conda-forge     135kB
  + libegl                            1.7.0  ha4b6fd6_5            conda-forge      47kB
  + libevent                         2.1.12  h5348a74_2            conda-forge     431kB
  + libexpat                          2.8.1  hecca717_1            conda-forge      78kB
  + libffi                            3.7.0  h81df57d_1            conda-forge      68kB
  + libflac                           1.5.0  he200343_1            conda-forge     425kB
  + libfreetype                      2.14.3  ha770c72_2            conda-forge       8kB
  + libfreetype6                     2.14.3  h5e6c136_2            conda-forge     388kB
  + libgcc                           16.2.0  ha9f2e26_5            conda-forge       1MB
  + libgcc-ng                        16.2.0  h69a702a_5            conda-forge      29kB
  + libgfortran                      16.2.0  h69a702a_5            conda-forge      29kB
  + libgfortran-ng                   16.2.0  h69a702a_5            conda-forge      29kB
  + libgfortran5                     16.2.0  h6b99dfc_5            conda-forge       3MB
  + libgl                             1.7.0  ha4b6fd6_5            conda-forge     132kB
  + libglib                          2.90.0  h569388d_0            conda-forge       5MB
  + libglvnd                          1.7.0  ha4b6fd6_5            conda-forge     134kB
  + libglx                            1.7.0  ha4b6fd6_5            conda-forge      80kB
  + libgomp                          16.2.0  he0feb66_5            conda-forge     642kB
  + libharfbuzz                      14.4.0  h23af247_1            conda-forge       1MB
  + libharfbuzz-devel                14.4.0  h23af247_1            conda-forge       2MB
  + libiconv                           1.18  h0cb94f2_3            conda-forge     789kB
  + libjpeg-turbo                     3.2.0  hb03c661_1            conda-forge     650kB
  + liblapack                         3.9.0  20_linux64_openblas   conda-forge      14kB
  + libllvm14                        14.0.6  hcd5def8_4            conda-forge      31MB
  + libllvm22                        22.1.8  h474f4eb_2            conda-forge      45MB
  + libllvm23                        23.1.1  h474f4eb_0            conda-forge      45MB
  + liblzma                           5.8.3  hb03c661_1            conda-forge     113kB
  + liblzma-devel                     5.8.3  hb03c661_1            conda-forge     492kB
  + libnsl                            2.0.1  hb9d3cd8_1            conda-forge      34kB
  + libntlm                             1.8  hb9d3cd8_0            conda-forge      33kB
  + libogg                            1.3.5  hd0c01bc_1            conda-forge     218kB
  + libopenblas                      0.3.25  pthreads_h413a1c8_0   conda-forge       6MB
  + libopus                           1.6.1  hebe6cf0_1            conda-forge     330kB
  + libpciaccess                       0.19  hb03c661_1            conda-forge      30kB
  + libpng                           1.6.58  h922cc85_1            conda-forge     317kB
  + libpq                              18.6  h9d76c99_1            conda-forge       3MB
  + libsndfile                        1.2.2  hbc6d301_3            conda-forge     388kB
  + libsqlite                        3.53.4  h13e7031_1            conda-forge     974kB
  + libstdcxx                        16.2.0  h934c35e_5            conda-forge       7MB
  + libstdcxx-ng                     16.2.0  hdf11a46_5            conda-forge      29kB
  + libsystemd0                       261.3  h26e0ef7_0            conda-forge     588kB
  + libtiff                           4.7.2  hcc2c06a_1            conda-forge     460kB
  + libuuid                          2.42.3  hcfc3c73_0            conda-forge      40kB
  + libvorbis                         1.3.7  h54a6638_2            conda-forge     286kB
  + libwebp-base                      1.6.0  hd42ef1d_1            conda-forge     428kB
  + libxcb                           1.17.0  hb83e432_2            conda-forge     395kB
  + libxcrypt                        4.4.38  h280c20c_0            conda-forge     102kB
  + libxkbcommon                     1.13.2  h51789e4_1            conda-forge     943kB
  + libxml2                          2.15.4  h7df9aa5_0            conda-forge      47kB
  + libxml2-16                       2.15.4  hf3af7cc_0            conda-forge     569kB
  + libzlib                           1.3.2  h25fd6f3_3            conda-forge      64kB
  + llvmlite                         0.41.1  py38h94a1851_0        conda-forge       3MB
  + matplotlib                        3.7.3  py38h578d9bd_0        conda-forge       8kB
  + matplotlib-base                   3.7.3  py38h58ed7fa_0        conda-forge       7MB
  + mpg123                           1.33.7  h877a99e_1            conda-forge     491kB
  + munkres                           1.1.4  pyh9f0ad1d_0          conda-forge      12kB
  + ncurses                             6.6  hdb14827_1            conda-forge     911kB
  + nspr                               4.40  h29cc59b_0            conda-forge     231kB
  + nss                               3.118  h445c969_0            conda-forge       2MB
  + numba                            0.58.1  py38h4144172_0        conda-forge       4MB
  + numpy                            1.24.4  py38h59b608b_0        conda-forge       7MB
  + openjpeg                          2.5.4  heb1ab33_2            conda-forge     391kB
  + openldap                         2.6.13  hbde042b_0            conda-forge     786kB
  + openssl                           3.6.4  h781a0a9_0            conda-forge       3MB
  + packaging                          26.2  pyhc364b38_0          conda-forge      92kB
  + pango                            1.58.2  h7bb47b9_1            conda-forge     472kB
  + pcre2                             10.47  h8b3dc9c_1            conda-forge       1MB
  + pillow                           10.4.0  py38h2bc05a7_0        conda-forge      42MB
  + pip                              24.3.1  pyh8b19718_0          conda-forge       1MB
  + pixman                           0.46.4  h54a6638_3            conda-forge     377kB
  + platformdirs                      4.3.6  pyhd8ed1ab_0          conda-forge      21kB
  + ply                                3.11  pyhd8ed1ab_2          conda-forge      49kB
  + pooch                             1.8.2  pyhd8ed1ab_0          conda-forge      54kB
  + pthread-stubs                       0.4  h7cc23a3_1004         conda-forge      10kB
  + pulseaudio-client                  17.0  h9a6aba3_3            conda-forge     751kB
  + pycparser                          2.22  pyhd8ed1ab_0          conda-forge     105kB
  + pyparsing                         3.1.4  pyhd8ed1ab_0          conda-forge      90kB
  + pyqt                             5.15.9  py38hffdaa6c_5        conda-forge       5MB
  + pyqt5-sip                       12.12.2  py38h17151c0_5        conda-forge      85kB
  + pysocks                           1.7.1  pyha2e5f31_6          conda-forge      19kB
  + python                           3.8.20  h4a871b0_2_cpython    conda-forge      22MB
  + python-dateutil                   2.9.0  pyhd8ed1ab_0          conda-forge     223kB
  + python_abi                          3.8  9_cp38                conda-forge       7kB
  + qt-main                         5.15.15  h0c412b5_8            conda-forge      53MB
  + readline                            8.3  hd6e31c0_1            conda-forge     349kB
  + requests                         2.32.3  pyhd8ed1ab_0          conda-forge      59kB
  + scipy                            1.10.1  py38h59b608b_3        conda-forge      15MB
  + setuptools                       75.3.0  pyhd8ed1ab_0          conda-forge     780kB
  + sip                              6.7.12  py38h17151c0_0        conda-forge     488kB
  + six                              1.16.0  pyh6c4a22f_0          conda-forge      14kB
  + tk                               8.6.13  noxft_h1df4ec4_4      conda-forge       4MB
  + toml                             0.10.2  pyhd8ed1ab_0          conda-forge      18kB
  + tomli                             2.0.2  pyhd8ed1ab_0          conda-forge      18kB
  + tornado                           6.4.1  py38hfb59056_0        conda-forge     642kB
  + unicodedata2                     15.1.0  py38h01eb140_0        conda-forge     374kB
  + urllib3                           2.2.3  pyhd8ed1ab_0          conda-forge      98kB
  + wheel                            0.45.1  pyhd8ed1ab_0          conda-forge      63kB
  + xcb-util                          0.4.1  h4f16b4b_2            conda-forge      21kB
  + xcb-util-image                    0.4.0  hb711507_2            conda-forge      25kB
  + xcb-util-keysyms                  0.4.1  hb711507_0            conda-forge      14kB
  + xcb-util-renderutil              0.3.10  hb711507_0            conda-forge      17kB
  + xcb-util-wm                       0.4.2  hb711507_0            conda-forge      52kB
  + xkeyboard-config                   2.48  h280c20c_0            conda-forge     442kB
  + xorg-libice                       1.1.2  h280c20c_0            conda-forge      63kB
  + xorg-libsm                        1.2.6  h0d788c3_1            conda-forge      31kB
  + xorg-libx11                      1.8.13  he1eb515_1            conda-forge     840kB
  + xorg-libxau                      1.0.12  h7cc23a3_2            conda-forge      19kB
  + xorg-libxdamage                   1.1.6  hb9d3cd8_0            conda-forge      13kB
  + xorg-libxdmcp                     1.1.5  hb03c661_2            conda-forge      21kB
  + xorg-libxext                      1.3.7  h7cc23a3_1            conda-forge      53kB
  + xorg-libxfixes                    6.0.2  h7cc23a3_1            conda-forge      21kB
  + xorg-libxrender                  0.9.12  hb03c661_1            conda-forge      35kB
  + xorg-libxshmfence                 1.3.3  hb9d3cd8_0            conda-forge      12kB
  + xorg-libxxf86vm                   1.1.7  hb03c661_0            conda-forge      19kB
  + xz                                5.8.3  ha02ee65_1            conda-forge      24kB
  + xz-gpl-tools                      5.8.3  ha02ee65_1            conda-forge      40kB
  + xz-tools                          5.8.3  hb03c661_1            conda-forge      96kB
  + zipp                             3.21.0  pyhd8ed1ab_0          conda-forge      22kB
  + zstandard                        0.19.0  py38h0a891b7_0        conda-forge     688kB
  + zstd                              1.5.7  hb78ec9c_7            conda-forge     601kB

  Summary:

  Install: 178 packages

  Total download: 444MB

──────────────────────────────────────────────────────────────────────────────────────────


warning  libmamba Security Warning: This transaction includes executing package scripts (pre/post-link/unlink) if present. These scripts can contain arbitrary code. Please ensure you trust the package sources.

Transaction starting
Linking libzlib-1.3.2-h25fd6f3_3
Linking libgomp-16.2.0-he0feb66_5
Linking libglvnd-1.7.0-ha4b6fd6_5
Linking zstd-1.5.7-hb78ec9c_7
Linking _openmp_mutex-4.5-20_gnu
Linking libegl-1.7.0-ha4b6fd6_5
Linking ld_impl_linux-64-2.46.1-default_hbd61a6d_102
Linking libgcc-16.2.0-ha9f2e26_5
Linking xorg-libxau-1.0.12-h7cc23a3_2
Linking xorg-libice-1.1.2-h280c20c_0
Linking libdeflate-1.25-hd45a770_1
Linking libntlm-1.8-hb9d3cd8_0
Linking libpciaccess-0.19-hb03c661_1
Linking fribidi-1.0.16-h7cc23a3_2
Linking xorg-libxshmfence-1.3.3-hb9d3cd8_0
Linking keyutils-1.6.3-h7cc23a3_1
Linking xorg-libxdmcp-1.1.5-hb03c661_2
Linking pthread-stubs-0.4-h7cc23a3_1004
Linking libopus-1.6.1-hebe6cf0_1
Linking libogg-1.3.5-hd0c01bc_1
Linking libcap-2.78-h084b8d7_1
Linking libiconv-1.18-h0cb94f2_3
Linking libwebp-base-1.6.0-hd42ef1d_1
Linking libpng-1.6.58-h922cc85_1
Linking libjpeg-turbo-3.2.0-hb03c661_1
Linking libexpat-2.8.1-hecca717_1
Linking alsa-lib-1.2.16.1-h7cc23a3_1
Linking libbrotlicommon-1.2.0-h39a168f_4
Linking libnsl-2.0.1-hb9d3cd8_1
Linking libuuid-2.42.3-hcfc3c73_0
Linking liblzma-5.8.3-hb03c661_1
Linking ncurses-6.6-hdb14827_1
Linking libxcrypt-4.4.38-h280c20c_0
Linking libffi-3.7.0-h81df57d_1
Linking bzip2-1.0.8-hda65f42_10
Linking tk-8.6.13-noxft_h1df4ec4_4
Linking libgfortran5-16.2.0-h6b99dfc_5
Linking libstdcxx-16.2.0-h934c35e_5
Linking libgcc-ng-16.2.0-h69a702a_5
Linking libdrm-2.4.129-h7cc23a3_0
Linking libxcb-1.17.0-hb83e432_2
Linking libsystemd0-261.3-h26e0ef7_0
Linking libfreetype6-2.14.3-h5e6c136_2
Linking libbrotlienc-1.2.0-h018ffa1_4
Linking libbrotlidec-1.2.0-ha411449_4
Linking xorg-libsm-1.2.6-h0d788c3_1
Linking xz-gpl-tools-5.8.3-ha02ee65_1
Linking liblzma-devel-5.8.3-hb03c661_1
Linking xz-tools-5.8.3-hb03c661_1
Linking libedit-3.1.20250104-pl5321h373387f_1
Linking readline-8.3-hd6e31c0_1
Linking pcre2-10.47-h8b3dc9c_1
Linking libgfortran-16.2.0-h69a702a_5
Linking graphite2-1.3.15-h54a6638_1
Linking icu-78.3-py310h44b86e0_2
Linking pixman-0.46.4-h54a6638_3
Linking mpg123-1.33.7-h877a99e_1
Linking libvorbis-1.3.7-h54a6638_2
Linking libflac-1.5.0-he200343_1
Linking lerc-4.2.0-hdb68285_0
Linking nspr-4.40-h29cc59b_0
Linking libstdcxx-ng-16.2.0-hdf11a46_5
Linking xcb-util-0.4.1-h4f16b4b_2
Linking xorg-libx11-1.8.13-he1eb515_1
Linking xcb-util-wm-0.4.2-hb711507_0
Linking xcb-util-renderutil-0.3.10-hb711507_0
Linking xcb-util-keysyms-0.4.1-hb711507_0
Linking libfreetype-2.14.3-ha770c72_2
Linking brotli-bin-1.2.0-h9908984_4
Linking xz-5.8.3-ha02ee65_1
Linking libglib-2.90.0-h569388d_0
Linking libgfortran-ng-16.2.0-h69a702a_5
Linking libxml2-16-2.15.4-hf3af7cc_0
Linking libsqlite-3.53.4-h13e7031_1
Linking lame-4.0-h770b6ad_1
Linking libtiff-4.7.2-hcc2c06a_1
Linking libllvm14-14.0.6-hcd5def8_4
Linking xcb-util-image-0.4.0-hb711507_2
Linking xorg-libxrender-0.9.12-hb03c661_1
Linking xkeyboard-config-2.48-h280c20c_0
Linking xorg-libxfixes-6.0.2-h7cc23a3_1
Linking xorg-libxext-1.3.7-h7cc23a3_1
Linking libglx-1.7.0-ha4b6fd6_5
Linking fontconfig-2.18.3-h4db4eae_1
Linking freetype-2.14.3-ha770c72_2
Linking brotli-1.2.0-h505cf86_4
Linking glib-tools-2.90.0-h3d503d9_0
Linking dbus-1.16.2-he8c428d_2
Linking libopenblas-0.3.25-pthreads_h413a1c8_0
Linking libxml2-2.15.4-h7df9aa5_0
Linking nss-3.118-h445c969_0
Linking libsndfile-1.2.2-hbc6d301_3
Linking openjpeg-2.5.4-heb1ab33_2
Linking lcms2-2.19.1-h9073bf1_3
Linking xorg-libxxf86vm-1.1.7-hb03c661_0
Linking xorg-libxdamage-1.1.6-hb9d3cd8_0
Linking libgl-1.7.0-ha4b6fd6_5
Linking libblas-3.9.0-20_linux64_openblas
Linking libxkbcommon-1.13.2-h51789e4_1
Linking libllvm22-22.1.8-h474f4eb_2
Linking libllvm23-23.1.1-h474f4eb_0
Linking pulseaudio-client-17.0-h9a6aba3_3
Linking libcblas-3.9.0-20_linux64_openblas
Linking liblapack-3.9.0-20_linux64_openblas
Linking libclang-cpp22.1-22.1.8-default_h0acdd01_10
Linking libclang-cpp23.1-23.1.1-default_h0acdd01_0
Linking libclang13-23.1.1-default_h7037f76_0
Linking python_abi-3.8-9_cp38
Linking font-ttf-dejavu-sans-mono-2.37-hab24e00_0
Linking font-ttf-inconsolata-3.000-h77eed37_0
Linking font-ttf-source-code-pro-2.038-h77eed37_0
Linking font-ttf-ubuntu-0.83-h77eed37_3
Linking ca-certificates-2026.7.22-hbd8a1cb_0
Linking fonts-conda-forge-1-hc364b38_1
Linking fonts-conda-ecosystem-1-0
Linking openssl-3.6.4-h781a0a9_0
Linking cairo-1.18.4-h3c89d7e_3
Linking libevent-2.1.12-h5348a74_2
Linking krb5-1.22.2-hbc21106_2
Linking python-3.8.20-h4a871b0_2_cpython
Linking libharfbuzz-14.4.0-h23af247_1
Linking cyrus-sasl-2.1.28-hac629b4_1
Linking libcups-2.3.3-h7a8fb5f_6
Linking pango-1.58.2-h7bb47b9_1
Linking libharfbuzz-devel-14.4.0-h23af247_1
Linking openldap-2.6.13-hbde042b_0
Linking harfbuzz-14.4.0-ha770c72_1
Linking libpq-18.6-h9d76c99_1
Linking wheel-0.45.1-pyhd8ed1ab_0
Linking setuptools-75.3.0-pyhd8ed1ab_0
Linking pip-24.3.1-pyh8b19718_0
Linking hyperframe-6.0.1-pyhd8ed1ab_0
Linking hpack-4.0.0-pyh9f0ad1d_0
Linking pycparser-2.22-pyhd8ed1ab_0
Linking pysocks-1.7.1-pyha2e5f31_6
Linking zipp-3.21.0-pyhd8ed1ab_0
Linking idna-3.10-pyhd8ed1ab_0
Linking charset-normalizer-3.4.0-pyhd8ed1ab_0
Linking six-1.16.0-pyh6c4a22f_0
Linking platformdirs-4.3.6-pyhd8ed1ab_0
Linking toml-0.10.2-pyhd8ed1ab_0
Linking tomli-2.0.2-pyhd8ed1ab_0
Linking ply-3.11-pyhd8ed1ab_2
Linking munkres-1.1.4-pyh9f0ad1d_0
Linking pyparsing-3.1.4-pyhd8ed1ab_0
Linking packaging-26.2-pyhc364b38_0
Linking cycler-0.12.1-pyhd8ed1ab_0
Linking certifi-2024.8.30-pyhd8ed1ab_0
Linking h2-4.1.0-pyhd8ed1ab_0
Linking importlib_resources-6.4.5-pyhd8ed1ab_0
Linking importlib-metadata-8.5.0-pyha770c72_0
Linking python-dateutil-2.9.0-pyhd8ed1ab_0
Linking importlib-resources-6.4.5-pyhd8ed1ab_0
Linking brotli-python-1.0.9-py38hfa26641_8
Linking unicodedata2-15.1.0-py38h01eb140_0
Linking tornado-6.4.1-py38hfb59056_0
Linking pillow-10.4.0-py38h2bc05a7_0
Linking kiwisolver-1.4.5-py38h7f3f72f_1
Linking numpy-1.24.4-py38h59b608b_0
Linking llvmlite-0.41.1-py38h94a1851_0
Linking cffi-1.17.0-py38heb5c249_0
Linking glib-2.90.0-h5e3c387_0
Linking sip-6.7.12-py38h17151c0_0
Linking fonttools-4.53.1-py38h2019614_0
Linking contourpy-1.1.1-py38h7f3f72f_1
Linking numba-0.58.1-py38h4144172_0
Linking zstandard-0.19.0-py38h0a891b7_0
Linking gstreamer-1.26.11-h29cf534_0
Linking pyqt5-sip-12.12.2-py38h17151c0_5
Linking matplotlib-base-3.7.3-py38h58ed7fa_0
Linking gst-plugins-base-1.26.11-h6d08254_0
Linking qt-main-5.15.15-h0c412b5_8
Linking pyqt-5.15.9-py38hffdaa6c_5
Linking matplotlib-3.7.3-py38h578d9bd_0
Linking urllib3-2.2.3-pyhd8ed1ab_0
Linking requests-2.32.3-pyhd8ed1ab_0
Linking pooch-1.8.2-pyhd8ed1ab_0
Linking scipy-1.10.1-py38h59b608b_3

Transaction finished


To activate this environment, use:

    micromamba activate /home/lzy/projects/wall_hydrodynamics_reference_audit_20260916_115322/envs/wallref_rmbw

Or to execute a single command in this environment, use:

    micromamba run -p /home/lzy/projects/wall_hydrodynamics_reference_audit_20260916_115322/envs/wallref_rmbw mycommand

