Info    : Reading '/workspace/formal_3D_flow_solver_FEM_lzy/outputs/stage01_8/repair_01/mesh/fluid.msh'...
Info    : 6 entities
Info    : 43183 nodes
Info    : 215724 elements
Info    : Done reading '/workspace/formal_3D_flow_solver_FEM_lzy/outputs/stage01_8/repair_01/mesh/fluid.msh'
Info    : Optimizing mesh...
Info    : Optimizing volume 1
Info    : Optimization starts (volume = 1.46068e-15) with worst = 0.00966524 / average = 0.681381:
Info    : 0.00 < quality < 0.10 :         3 elements
Info    : 0.10 < quality < 0.20 :         5 elements
Info    : 0.20 < quality < 0.30 :        47 elements
Info    : 0.30 < quality < 0.40 :      3788 elements
Info    : 0.40 < quality < 0.50 :     10020 elements
Info    : 0.50 < quality < 0.60 :     30732 elements
Info    : 0.60 < quality < 0.70 :     38662 elements
Info    : 0.70 < quality < 0.80 :     30789 elements
Info    : 0.80 < quality < 0.90 :     23649 elements
Info    : 0.90 < quality < 1.00 :     10283 elements
Info    : No ill-shaped tets in the mesh :-)
Info    : 0.00 < quality < 0.10 :         3 elements
Info    : 0.10 < quality < 0.20 :         5 elements
Info    : 0.20 < quality < 0.30 :        47 elements
Info    : 0.30 < quality < 0.40 :      3788 elements
Info    : 0.40 < quality < 0.50 :     10020 elements
Info    : 0.50 < quality < 0.60 :     30732 elements
Info    : 0.60 < quality < 0.70 :     38662 elements
Info    : 0.70 < quality < 0.80 :     30789 elements
Info    : 0.80 < quality < 0.90 :     23649 elements
Info    : 0.90 < quality < 1.00 :     10283 elements
Info    : Done optimizing mesh (Wall 0.0845222s, CPU 0.06836s)
Info    : Writing '/workspace/formal_3D_flow_solver_FEM_lzy/outputs/stage01_8/repair_02/mesh/fluid.msh'...
Info    : Done writing '/workspace/formal_3D_flow_solver_FEM_lzy/outputs/stage01_8/repair_02/mesh/fluid.msh'
Info    : Reading '/workspace/formal_3D_flow_solver_FEM_lzy/outputs/stage01_8/repair_02/mesh/fluid.msh'...
Info    : 6 entities
Info    : 43183 nodes
Info    : 215724 elements
Info    : Done reading '/workspace/formal_3D_flow_solver_FEM_lzy/outputs/stage01_8/repair_02/mesh/fluid.msh'
{
  "name": "repair_02",
  "attempt": {
    "timestamp": "2026-09-18T10:14:31.248146+00:00",
    "name": "repair_02",
    "policy_sha256": "c98998d458c42195f69160496a02522d2dc3c725e37554948faedba1e37d24da",
    "diagnostic_summary_sha256": "f99008a3dd00e344164be53cbcf7201a093d8c9646c794442ef7c98523680e99",
    "diagnosis_completed_utc": "2026-09-18T10:02:18.801824+00:00",
    "input_mesh": "outputs/stage01_8/repair_01/mesh/fluid.msh",
    "surface_sha256": "31746b2c2ef95a0b9044d96ef4b470a83592a91ae9132c5d6810736880734ac6"
  },
  "acceptance": {
    "status": "PASS",
    "hard_checks": {
      "boundary_locked": true,
      "loadable": true,
      "valid_tetra": true,
      "connected": true,
      "tags_complete": true,
      "P1": true,
      "P5": true,
      "median": true,
      "C_P2": true,
      "C_tetra": true
    },
    "C_P2": 1.0001491557782949,
    "C_tetra": 1.0002027739476032,
    "PASS_A": false,
    "significant_q_min_improvement": false,
    "low_cells_eliminated": false,
    "quantiles_no_drop": false
  },
  "cap_surface_sha256": "31746b2c2ef95a0b9044d96ef4b470a83592a91ae9132c5d6810736880734ac6",
  "finished_utc": "2026-09-18T10:14:35.250589+00:00"
}
{
  "proxy": {
    "N_vertex": 43183,
    "N_edge": 225033,
    "N_tetra": 147978,
    "N_P2_scalar_proxy": 268216,
    "N_P2_velocity_proxy": 804648,
    "N_P1_pressure_proxy": 43183
  },
  "quality": {
    "minimum": 0.06238017030953989,
    "P1": 0.35148362982217096,
    "P5": 0.48566700939484236,
    "median": 0.7218714971292219,
    "P95": 0.9293411407415542,
    "maximum": 0.9995865387339077
  },
  "low_count": 2
}
