WSL source hashes verified
{"log_dir": "/workspace/formal_3D_flow_solver_FEM_lzy/logs/stage02/20260917T202536_012144595_pipe_coarse_reference", "returncode": 0, "wall_time_s": 2.2985478010377847}
{
  "case": "pipe_coarse_reference",
  "solver": {
    "status": "PASS",
    "converged_reason": 4,
    "ksp_type": "preonly",
    "pc_type": "lu",
    "factor_solver": "mumps",
    "relative_algebraic_residual": 3.354889914700639e-14,
    "residual_norm_scaled": 1.1005651784193701e-13,
    "assembly_and_factor_solve_s": 1.1451640909654088,
    "wall_time_s": 1.438664074987173,
    "max_rank_peak_rss_kib": 522292,
    "mpi_ranks": 1,
    "gpu_used": false,
    "dolfinx_version": "0.11.0",
    "basix_version": "0.11.0",
    "petsc_version": [
      3,
      25,
      5
    ],
    "velocity_dofs": 30336,
    "pressure_dofs": 1537,
    "real_global_dofs": 1,
    "real_owned_dofs_per_rank": [
      1
    ],
    "boundary_conditions": {
      "essential_boundary": "WALL only (includes the wall/cap intersection rim)",
      "velocity_dirichlet_dofs": 11262,
      "pressure_dirichlet_dofs": 0,
      "inlet_velocity_profile": null,
      "outlet_velocity_profile": null,
      "pressure_nullspace_registered": false
    },
    "physical_fields_finite": true,
    "lambda_pa": 6.111866044467184,
    "algebraic_scaling": {
      "velocity_m_s": 0.00012732395447351627,
      "pressure_pa": 0.07639437268410976,
      "power_w": 2.4317084074161066e-16,
      "description": "Symmetric algebraic congruence scaling; physical SI fields restored after solve"
    },
    "dynamic_viscosity_pa_s": 0.003,
    "boundary_model": "poiseuille_traction_reference",
    "pressure_gauge": "outlet traction; no essential pressure condition or registered nullspace"
  },
  "flux": {
    "target_Q_m3_s": 1e-14,
    "Q_in_signed_m3_s": -1.0000000000000145e-14,
    "Q_out_signed_m3_s": 1.0000000000000155e-14,
    "actual_Q_in_m3_s": 1.0000000000000145e-14,
    "actual_Q_out_m3_s": 1.0000000000000155e-14,
    "wall_flux_m3_s": 0.0,
    "constraint_residual_m3_s": -1.4515040656066617e-28,
    "mass_closure_residual_m3_s": 9.466330862652142e-30,
    "relative_inlet_constraint_error": 1.4515040656066617e-14,
    "relative_mass_closure": 9.466330862652142e-16,
    "gate": 1e-10,
    "status": "PASS",
    "method": "FEM solution boundary integral using FacetNormal, tagged ds and one MPI SUM reduction"
  },
  "analytic": {
    "lambda_pa": 6.111866044467184,
    "analytic_delta_p_pa": 6.11154981472878,
    "lambda_relative_error": 5.174296994879278e-05,
    "velocity_L2_relative_error": 0.003626200758501488,
    "velocity_global_L2_relative_error": 0.00037865190980748725,
    "pressure_global_L2_relative_error": 9.61010449629273e-05,
    "pressure_profile_error": 5.492152804573244e-05,
    "pressure_drop_from_internal_section_fit_pa": 6.111867119773863,
    "pressure_fit_outlet_extrapolation_pa": 2.498438211873122e-07,
    "centerline_velocity_m_s": 0.00025464933496400886,
    "analytic_centerline_velocity_m_s": 0.00025464790894703254,
    "reynolds_number": 0.00044563384065730697,
    "mean_velocity_m_s": 0.00012732395447351627,
    "velocity_integral_norm_m2_s": 9.213509824683221e-12,
    "pressure_integral_pa_m3": 1.2000528108026659e-14,
    "divergence_L2": 9.852729091593079e-09,
    "section_quadrature": {
      "radial_gauss_points": 12,
      "azimuthal_points": 64,
      "disk_radius_m": 5e-06,
      "description": "Area-weighted Gauss quadrature on nominal analytic disks; every quadrature point located in actual FEM mesh. Mean over many points, never a single pressure node."
    },
    "exact_solution_for_this_boundary_model": true
  }
}


