Info    : Reading '/workspace/formal_3D_flow_solver_FEM_lzy/inputs/stage01_8/stage017_selected/mesh/fluid.msh'...
Info    : 6 entities
Info    : 43178 nodes
Info    : 215694 elements
Info    : Done reading '/workspace/formal_3D_flow_solver_FEM_lzy/inputs/stage01_8/stage017_selected/mesh/fluid.msh'
Info    : Optimizing mesh...
Info    : Optimizing volume 1
Info    : Optimization starts (volume = 1.46068e-15) with worst = 0.00966524 / average = 0.68135:
Info    : 0.00 < quality < 0.10 :         4 elements
Info    : 0.10 < quality < 0.20 :         7 elements
Info    : 0.20 < quality < 0.30 :        46 elements
Info    : 0.30 < quality < 0.40 :      3784 elements
Info    : 0.40 < quality < 0.50 :     10018 elements
Info    : 0.50 < quality < 0.60 :     30733 elements
Info    : 0.60 < quality < 0.70 :     38666 elements
Info    : 0.70 < quality < 0.80 :     30777 elements
Info    : 0.80 < quality < 0.90 :     23636 elements
Info    : 0.90 < quality < 1.00 :     10277 elements
Info    : No ill-shaped tets in the mesh :-)
Info    : 0.00 < quality < 0.10 :         4 elements
Info    : 0.10 < quality < 0.20 :         7 elements
Info    : 0.20 < quality < 0.30 :        46 elements
Info    : 0.30 < quality < 0.40 :      3784 elements
Info    : 0.40 < quality < 0.50 :     10018 elements
Info    : 0.50 < quality < 0.60 :     30733 elements
Info    : 0.60 < quality < 0.70 :     38666 elements
Info    : 0.70 < quality < 0.80 :     30777 elements
Info    : 0.80 < quality < 0.90 :     23636 elements
Info    : 0.90 < quality < 1.00 :     10277 elements
Info    : Done optimizing mesh (Wall 0.085131s, CPU 0.068819s)
{
  "name": "repair_00",
  "attempt": {
    "timestamp": "2026-09-18T10:03:10.727959+00:00",
    "name": "repair_00",
    "policy_sha256": "c98998d458c42195f69160496a02522d2dc3c725e37554948faedba1e37d24da",
    "diagnostic_summary_sha256": "f99008a3dd00e344164be53cbcf7201a093d8c9646c794442ef7c98523680e99",
    "diagnosis_completed_utc": "2026-09-18T10:02:18.801824+00:00",
    "input_mesh": "inputs/stage01_8/stage017_selected/mesh/fluid.msh",
    "surface_sha256": "31746b2c2ef95a0b9044d96ef4b470a83592a91ae9132c5d6810736880734ac6"
  },
  "acceptance": {
    "status": "FAIL",
    "PASS_A": false,
    "error": "ValueError('Frozen boundary vertices changed: maximum displacement=0.0')"
  },
  "error": "ValueError('Frozen boundary vertices changed: maximum displacement=0.0')",
  "finished_utc": "2026-09-18T10:03:11.058233+00:00"
}
