{
  "status": "PASS",
  "exit_code": 0,
  "wall_time_s": 1644.023508310318,
  "final_step": 71,
  "final": {
    "Q_target_m3_s": 1.551359160885543e-14,
    "Q_in_m3_s": 1.551359160440232e-14,
    "outlet_flows_m3_s": {
      "OUTLET_01": 2.4069255290344207e-15,
      "OUTLET_02": 5.105783675399739e-15,
      "OUTLET_03": 8.000882399968158e-15
    },
    "Q_out_total_m3_s": 1.5513591604402316e-14,
    "signed_outward_boundary_flows_m3_s": {
      "OUTLET_03": 8.000882399968158e-15,
      "OUTLET_01": 2.4069255290344207e-15,
      "INLET": -1.551359160440232e-14,
      "OUTLET_02": 5.105783675399739e-15
    },
    "epsilon_Q": 2.8704573743580023e-10,
    "epsilon_mass": 2.0339865199770148e-16,
    "outlet_fractions": {
      "OUTLET_01": 0.15514947089050635,
      "OUTLET_02": 0.3291168032263311,
      "OUTLET_03": 0.5157337258831627
    },
    "area_average_pressure_pa": {
      "OUTLET_03": 9.478022864899993,
      "OUTLET_01": 241.22806695982177,
      "INLET": 5550.276229224072,
      "OUTLET_02": 3655.1780850602668
    },
    "velocity_L2": 7.170523418171971e-11,
    "velocity_max_m_s": 0.0070652145722577275,
    "pressure_range_pa": [
      -1.9701796326175063,
      5579.380779850303
    ],
    "velocity_finite": true,
    "pressure_finite": true,
    "wall_velocity_max_m_s": 0.0,
    "wall_velocity_P95_m_s": 0.0,
    "wall_noslip_tolerance_m_s": 2e-13,
    "wall_noslip_pass": true
  },
  "health_failures": []
}
