Iteration 1/10
Iteration 2/10
Iteration 3/10
Iteration 4/10
Iteration 5/10
Iteration 6/10
Iteration 7/10
Iteration 8/10
Iteration 9/10
Iteration 10/10
Final mesh improvement
{
  "status": "PASS",
  "python": "3.10.20 | packaged by Anaconda, Inc. | (main, Jun 11 2026, 15:13:20) [MSC v.1942 64 bit (AMD64)]",
  "python_executable": "D:\\anaconda3\\envs\\pmp\\python.exe",
  "vmtk_package_version": "1.5.0",
  "vtk_version": "9.2.6",
  "custom_tps_implementation": false,
  "operation": "entity_remesh",
  "official_remesher": "vmtkscripts.vmtkSurfaceRemeshing",
  "cell_entity_ids_array": "RemeshEntityId",
  "excluded_entity_ids": [
    1
  ],
  "active_entity_ids": [
    2
  ],
  "input_entity_ids": [
    1,
    2
  ],
  "output_entity_ids": [
    1,
    2
  ],
  "target_edge_length_um": 0.25913916380971913,
  "element_size_mode": "edgelength",
  "preserve_boundary_edges": true,
  "raw_points": 120,
  "raw_cells": 192,
  "remeshed_open_points": 1837,
  "remeshed_open_cells": 984,
  "surface_remesher_called": true,
  "global_surface_remeshing_performed": false,
  "entity_aware_extension_remeshing_performed": true,
  "official_default_parameters_retained": {
    "number_of_iterations": 10,
    "connectivity_optimization_iterations": 20,
    "relaxation": 0.5,
    "aspect_ratio_threshold": 1.2
  }
}
