Remote working directory: /workspace/formal_3D_flow_solver_FEM_lzy
$ ssh -p 4159 -o BatchMode=yes -o ConnectTimeout=15 -o ServerAliveInterval=30 -o ServerAliveCountMax=6 -o IdentitiesOnly=yes -i /home/lzy/.ssh/vast_step3b_ed25519 root@50.115.148.16 'python3 -B -'
Directory ownership check passed

$ rsync -az --itemize-changes --include=/logs/ '--include=/logs/stage02/***' --include=/outputs/ '--include=/outputs/stage02/***' --include=/reports/ '--include=/reports/stage02/***' '--exclude=*' -e 'ssh -p 4159 -o BatchMode=yes -o ConnectTimeout=15 -o ServerAliveInterval=30 -o ServerAliveCountMax=6 -o IdentitiesOnly=yes -i /home/lzy/.ssh/vast_step3b_ed25519' root@50.115.148.16:/workspace/formal_3D_flow_solver_FEM_lzy/ /home/lzy/projects/formal_3D_flow_solver/FEM/outputs/stage02/remote_return/
.d..tp..... ./
cd+++++++++ logs/
cd+++++++++ logs/stage02/
cd+++++++++ logs/stage02/20260917T201246_041228827_real_api_r1/
>f+++++++++ logs/stage02/20260917T201246_041228827_real_api_r1/metadata.json
>f+++++++++ logs/stage02/20260917T201246_041228827_real_api_r1/stderr.log
>f+++++++++ logs/stage02/20260917T201246_041228827_real_api_r1/stdout.log
cd+++++++++ logs/stage02/20260917T201254_518653058_real_api_r2/
>f+++++++++ logs/stage02/20260917T201254_518653058_real_api_r2/metadata.json
>f+++++++++ logs/stage02/20260917T201254_518653058_real_api_r2/stderr.log
>f+++++++++ logs/stage02/20260917T201254_518653058_real_api_r2/stdout.log
cd+++++++++ outputs/
cd+++++++++ outputs/stage02/
cd+++++++++ outputs/stage02/api/
>f+++++++++ outputs/stage02/api/real_r1.json
>f+++++++++ outputs/stage02/api/real_r2.json
cd+++++++++ outputs/stage02/jit_cache/
>f+++++++++ outputs/stage02/jit_cache/libffcx_forms_17d95271f70be1b805043bee60b9837aae4fe30c.c
>f+++++++++ outputs/stage02/jit_cache/libffcx_forms_17d95271f70be1b805043bee60b9837aae4fe30c.c.cached
>f+++++++++ outputs/stage02/jit_cache/libffcx_forms_17d95271f70be1b805043bee60b9837aae4fe30c.cpython-312-x86_64-linux-gnu.so
>f+++++++++ outputs/stage02/jit_cache/libffcx_forms_17d95271f70be1b805043bee60b9837aae4fe30c.o
>f+++++++++ outputs/stage02/jit_cache/libffcx_forms_2032862dac8ca0ff21968db6d1addfac3d9a93a3.c
>f+++++++++ outputs/stage02/jit_cache/libffcx_forms_2032862dac8ca0ff21968db6d1addfac3d9a93a3.c.cached
>f+++++++++ outputs/stage02/jit_cache/libffcx_forms_2032862dac8ca0ff21968db6d1addfac3d9a93a3.cpython-312-x86_64-linux-gnu.so
>f+++++++++ outputs/stage02/jit_cache/libffcx_forms_2032862dac8ca0ff21968db6d1addfac3d9a93a3.o
>f+++++++++ outputs/stage02/jit_cache/libffcx_forms_3325ffecddc9e6c9afd52c8fb8930ebc2a6573d6.c
>f+++++++++ outputs/stage02/jit_cache/libffcx_forms_3325ffecddc9e6c9afd52c8fb8930ebc2a6573d6.c.cached
>f+++++++++ outputs/stage02/jit_cache/libffcx_forms_3325ffecddc9e6c9afd52c8fb8930ebc2a6573d6.cpython-312-x86_64-linux-gnu.so
>f+++++++++ outputs/stage02/jit_cache/libffcx_forms_3325ffecddc9e6c9afd52c8fb8930ebc2a6573d6.o
>f+++++++++ outputs/stage02/jit_cache/libffcx_forms_34e4dd77ce3ec48c05a93ebc1a8c8f0138fac381.c
>f+++++++++ outputs/stage02/jit_cache/libffcx_forms_34e4dd77ce3ec48c05a93ebc1a8c8f0138fac381.c.cached
>f+++++++++ outputs/stage02/jit_cache/libffcx_forms_34e4dd77ce3ec48c05a93ebc1a8c8f0138fac381.cpython-312-x86_64-linux-gnu.so
>f+++++++++ outputs/stage02/jit_cache/libffcx_forms_34e4dd77ce3ec48c05a93ebc1a8c8f0138fac381.o
>f+++++++++ outputs/stage02/jit_cache/libffcx_forms_414cc2e89bfcb9a6e984dbf5f45da4e3682e5a05.c
>f+++++++++ outputs/stage02/jit_cache/libffcx_forms_414cc2e89bfcb9a6e984dbf5f45da4e3682e5a05.c.cached
>f+++++++++ outputs/stage02/jit_cache/libffcx_forms_414cc2e89bfcb9a6e984dbf5f45da4e3682e5a05.cpython-312-x86_64-linux-gnu.so
>f+++++++++ outputs/stage02/jit_cache/libffcx_forms_414cc2e89bfcb9a6e984dbf5f45da4e3682e5a05.o
>f+++++++++ outputs/stage02/jit_cache/libffcx_forms_927744f74396e7b0dd8c77fde7ed090c0831377b.c
>f+++++++++ outputs/stage02/jit_cache/libffcx_forms_927744f74396e7b0dd8c77fde7ed090c0831377b.c.cached
>f+++++++++ outputs/stage02/jit_cache/libffcx_forms_927744f74396e7b0dd8c77fde7ed090c0831377b.cpython-312-x86_64-linux-gnu.so
>f+++++++++ outputs/stage02/jit_cache/libffcx_forms_927744f74396e7b0dd8c77fde7ed090c0831377b.o
>f+++++++++ outputs/stage02/jit_cache/libffcx_forms_cb9a625b3562a28da4724cf4a0f5acb88b5ccadc.c
>f+++++++++ outputs/stage02/jit_cache/libffcx_forms_cb9a625b3562a28da4724cf4a0f5acb88b5ccadc.c.cached
>f+++++++++ outputs/stage02/jit_cache/libffcx_forms_cb9a625b3562a28da4724cf4a0f5acb88b5ccadc.cpython-312-x86_64-linux-gnu.so
>f+++++++++ outputs/stage02/jit_cache/libffcx_forms_cb9a625b3562a28da4724cf4a0f5acb88b5ccadc.o
cd+++++++++ reports/

