{
  "status": "PASS",
  "timestamp": "2026-09-17T20:36:20.924618+00:00",
  "case_names": [
    "pipe_coarse_natural",
    "pipe_coarse_reference",
    "pipe_medium_natural",
    "pipe_medium_reference",
    "pipe_fine_natural",
    "pipe_fine_reference",
    "q_half",
    "q_double",
    "reverse",
    "mu_double",
    "rho_double"
  ],
  "case_count": 11,
  "scaling_relative_errors": {
    "q_half": {
      "velocity": 1.2881555880901396e-15,
      "pressure": 1.5422998122256122e-15,
      "lambda_pa": 1.0313353731401071e-15
    },
    "q_double": {
      "velocity": 1.8075596197823696e-15,
      "pressure": 1.5997676837053416e-15,
      "lambda_pa": 1.3260026226087091e-15
    },
    "reverse": {
      "velocity": 0.0,
      "pressure": 0.0,
      "lambda_pa": 0.0
    },
    "mu_double": {
      "velocity": 0.0,
      "pressure": 0.0,
      "lambda_pa": 0.0
    },
    "rho_double": {
      "velocity": 0.0,
      "pressure": 0.0,
      "lambda_pa": 0.0
    }
  },
  "formal_boundary_preserved": true,
  "analytic_reference": "Additional traction-compatible case explicitly authorized by user",
  "authorization_for_derived_export": "All one-rank core mathematical tests passed before postprocessing implementation",
  "stage3_started": false
}
