Remote working directory: /workspace/formal_3D_flow_solver_FEM_lzy
$ ssh -p 4159 -o BatchMode=yes -o ConnectTimeout=15 -o ServerAliveInterval=30 -o ServerAliveCountMax=6 -o IdentitiesOnly=yes -i /home/lzy/.ssh/vast_step3b_ed25519 root@50.115.148.16 'python3 -B -'
Directory ownership check passed

$ rsync -az --itemize-changes --include=/logs/ '--include=/logs/stage02/***' --include=/outputs/ '--include=/outputs/stage02/***' --include=/reports/ '--include=/reports/stage02/***' '--exclude=*' -e 'ssh -p 4159 -o BatchMode=yes -o ConnectTimeout=15 -o ServerAliveInterval=30 -o ServerAliveCountMax=6 -o IdentitiesOnly=yes -i /home/lzy/.ssh/vast_step3b_ed25519' root@50.115.148.16:/workspace/formal_3D_flow_solver_FEM_lzy/ /home/lzy/projects/formal_3D_flow_solver/FEM/outputs/stage02/remote_return/
.d..t...... logs/stage02/
cd+++++++++ logs/stage02/20260917T203824_439693228_io_capabilities/
>f+++++++++ logs/stage02/20260917T203824_439693228_io_capabilities/metadata.json
>f+++++++++ logs/stage02/20260917T203824_439693228_io_capabilities/stderr.log
>f+++++++++ logs/stage02/20260917T203824_439693228_io_capabilities/stdout.log
cd+++++++++ logs/stage02/20260917T203829_968185819_primary_derived_export/
>f+++++++++ logs/stage02/20260917T203829_968185819_primary_derived_export/metadata.json
>f+++++++++ logs/stage02/20260917T203829_968185819_primary_derived_export/stderr.log
>f+++++++++ logs/stage02/20260917T203829_968185819_primary_derived_export/stdout.log
cd+++++++++ logs/stage02/20260917T203842_374478560_new_process_result_reload/
>f+++++++++ logs/stage02/20260917T203842_374478560_new_process_result_reload/metadata.json
>f+++++++++ logs/stage02/20260917T203842_374478560_new_process_result_reload/stderr.log
>f+++++++++ logs/stage02/20260917T203842_374478560_new_process_result_reload/stdout.log
cd+++++++++ logs/stage02/20260917T204403_344099223_diagnostic_units_audit/
>f+++++++++ logs/stage02/20260917T204403_344099223_diagnostic_units_audit/metadata.json
>f+++++++++ logs/stage02/20260917T204403_344099223_diagnostic_units_audit/stderr.log
>f+++++++++ logs/stage02/20260917T204403_344099223_diagnostic_units_audit/stdout.log
cd+++++++++ logs/stage02/20260917T204428_852691326_mpi2_medium/
>f+++++++++ logs/stage02/20260917T204428_852691326_mpi2_medium/metadata.json
>f+++++++++ logs/stage02/20260917T204428_852691326_mpi2_medium/stderr.log
>f+++++++++ logs/stage02/20260917T204428_852691326_mpi2_medium/stdout.log
cd+++++++++ logs/stage02/20260917T204443_286108649_mpi_checkpoint_export/
>f+++++++++ logs/stage02/20260917T204443_286108649_mpi_checkpoint_export/metadata.json
>f+++++++++ logs/stage02/20260917T204443_286108649_mpi_checkpoint_export/stderr.log
>f+++++++++ logs/stage02/20260917T204443_286108649_mpi_checkpoint_export/stdout.log
cd+++++++++ logs/stage02/20260917T204451_473582747_mpi_checkpoint_reload/
>f+++++++++ logs/stage02/20260917T204451_473582747_mpi_checkpoint_reload/metadata.json
>f+++++++++ logs/stage02/20260917T204451_473582747_mpi_checkpoint_reload/stderr.log
>f+++++++++ logs/stage02/20260917T204451_473582747_mpi_checkpoint_reload/stdout.log
.d..t...... outputs/stage02/cases/
cd+++++++++ outputs/stage02/cases/mpi2_medium/
cd+++++++++ outputs/stage02/cases/mpi2_medium/metadata/
>f+++++++++ outputs/stage02/cases/mpi2_medium/metadata/config_snapshot.json
>f+++++++++ outputs/stage02/cases/mpi2_medium/metadata/run.json
cd+++++++++ outputs/stage02/cases/mpi2_medium/qc/
>f+++++++++ outputs/stage02/cases/mpi2_medium/qc/analytic_comparison.json
>f+++++++++ outputs/stage02/cases/mpi2_medium/qc/flux.json
>f+++++++++ outputs/stage02/cases/mpi2_medium/qc/result_reload.json
>f+++++++++ outputs/stage02/cases/mpi2_medium/qc/solver.json
cd+++++++++ outputs/stage02/cases/mpi2_medium/solution/
>f+++++++++ outputs/stage02/cases/mpi2_medium/solution/derived_checkpoint.npz
>f+++++++++ outputs/stage02/cases/mpi2_medium/solution/export_manifest.json
>f+++++++++ outputs/stage02/cases/mpi2_medium/solution/fields.h5
>f+++++++++ outputs/stage02/cases/mpi2_medium/solution/fields.xdmf
>f+++++++++ outputs/stage02/cases/mpi2_medium/solution/primary_checkpoint.npz
>f+++++++++ outputs/stage02/cases/mpi2_medium/solution/visualization_mesh.npz
.d..t...... outputs/stage02/cases/mu_double/qc/
>f.st...... outputs/stage02/cases/mu_double/qc/analytic_comparison.json
>f+++++++++ outputs/stage02/cases/mu_double/qc/analytic_initial_convex_hull_sampling.json
>f+++++++++ outputs/stage02/cases/mu_double/qc/result_reload.json
.d..t...... outputs/stage02/cases/mu_double/solution/
>f+++++++++ outputs/stage02/cases/mu_double/solution/derived_checkpoint.npz
>f+++++++++ outputs/stage02/cases/mu_double/solution/export_manifest.json
>f+++++++++ outputs/stage02/cases/mu_double/solution/fields.h5
>f+++++++++ outputs/stage02/cases/mu_double/solution/fields.xdmf
>f+++++++++ outputs/stage02/cases/mu_double/solution/visualization_mesh.npz
.d..t...... outputs/stage02/cases/pipe_coarse_natural/qc/
>f.st...... outputs/stage02/cases/pipe_coarse_natural/qc/analytic_comparison.json
>f+++++++++ outputs/stage02/cases/pipe_coarse_natural/qc/result_reload.json
.d..t...... outputs/stage02/cases/pipe_coarse_natural/solution/
>f+++++++++ outputs/stage02/cases/pipe_coarse_natural/solution/derived_checkpoint.npz
>f+++++++++ outputs/stage02/cases/pipe_coarse_natural/solution/export_manifest.json
>f+++++++++ outputs/stage02/cases/pipe_coarse_natural/solution/fields.h5
>f+++++++++ outputs/stage02/cases/pipe_coarse_natural/solution/fields.xdmf
>f+++++++++ outputs/stage02/cases/pipe_coarse_natural/solution/visualization_mesh.npz
.d..t...... outputs/stage02/cases/pipe_coarse_reference/qc/
>f.st...... outputs/stage02/cases/pipe_coarse_reference/qc/analytic_comparison.json
>f+++++++++ outputs/stage02/cases/pipe_coarse_reference/qc/result_reload.json
.d..t...... outputs/stage02/cases/pipe_coarse_reference/solution/
>f+++++++++ outputs/stage02/cases/pipe_coarse_reference/solution/derived_checkpoint.npz
>f+++++++++ outputs/stage02/cases/pipe_coarse_reference/solution/export_manifest.json
>f+++++++++ outputs/stage02/cases/pipe_coarse_reference/solution/fields.h5
>f+++++++++ outputs/stage02/cases/pipe_coarse_reference/solution/fields.xdmf
>f+++++++++ outputs/stage02/cases/pipe_coarse_reference/solution/visualization_mesh.npz
.d..t...... outputs/stage02/cases/pipe_fine_natural/qc/
>f.st...... outputs/stage02/cases/pipe_fine_natural/qc/analytic_comparison.json
>f+++++++++ outputs/stage02/cases/pipe_fine_natural/qc/result_reload.json
.d..t...... outputs/stage02/cases/pipe_fine_natural/solution/
>f+++++++++ outputs/stage02/cases/pipe_fine_natural/solution/derived_checkpoint.npz
>f+++++++++ outputs/stage02/cases/pipe_fine_natural/solution/export_manifest.json
>f+++++++++ outputs/stage02/cases/pipe_fine_natural/solution/fields.h5
>f+++++++++ outputs/stage02/cases/pipe_fine_natural/solution/fields.xdmf
>f+++++++++ outputs/stage02/cases/pipe_fine_natural/solution/visualization_mesh.npz
.d..t...... outputs/stage02/cases/pipe_fine_reference/qc/
>f.st...... outputs/stage02/cases/pipe_fine_reference/qc/analytic_comparison.json
>f+++++++++ outputs/stage02/cases/pipe_fine_reference/qc/result_reload.json
.d..t...... outputs/stage02/cases/pipe_fine_reference/solution/
>f+++++++++ outputs/stage02/cases/pipe_fine_reference/solution/derived_checkpoint.npz
>f+++++++++ outputs/stage02/cases/pipe_fine_reference/solution/export_manifest.json
>f+++++++++ outputs/stage02/cases/pipe_fine_reference/solution/fields.h5
>f+++++++++ outputs/stage02/cases/pipe_fine_reference/solution/fields.xdmf
>f+++++++++ outputs/stage02/cases/pipe_fine_reference/solution/visualization_mesh.npz
.d..t...... outputs/stage02/cases/pipe_medium_natural/qc/
>f.st...... outputs/stage02/cases/pipe_medium_natural/qc/analytic_comparison.json
>f+++++++++ outputs/stage02/cases/pipe_medium_natural/qc/result_reload.json
.d..t...... outputs/stage02/cases/pipe_medium_natural/solution/
>f+++++++++ outputs/stage02/cases/pipe_medium_natural/solution/derived_checkpoint.npz
>f+++++++++ outputs/stage02/cases/pipe_medium_natural/solution/export_manifest.json
>f+++++++++ outputs/stage02/cases/pipe_medium_natural/solution/fields.h5
>f+++++++++ outputs/stage02/cases/pipe_medium_natural/solution/fields.xdmf
>f+++++++++ outputs/stage02/cases/pipe_medium_natural/solution/visualization_mesh.npz
.d..t...... outputs/stage02/cases/pipe_medium_reference/qc/
>f.st...... outputs/stage02/cases/pipe_medium_reference/qc/analytic_comparison.json
>f+++++++++ outputs/stage02/cases/pipe_medium_reference/qc/result_reload.json
.d..t...... outputs/stage02/cases/pipe_medium_reference/solution/
>f+++++++++ outputs/stage02/cases/pipe_medium_reference/solution/derived_checkpoint.npz
>f+++++++++ outputs/stage02/cases/pipe_medium_reference/solution/export_manifest.json
>f+++++++++ outputs/stage02/cases/pipe_medium_reference/solution/fields.h5
>f+++++++++ outputs/stage02/cases/pipe_medium_reference/solution/fields.xdmf
>f+++++++++ outputs/stage02/cases/pipe_medium_reference/solution/visualization_mesh.npz
.d..t...... outputs/stage02/cases/q_double/qc/
>f.st...... outputs/stage02/cases/q_double/qc/analytic_comparison.json
>f+++++++++ outputs/stage02/cases/q_double/qc/analytic_initial_convex_hull_sampling.json
>f+++++++++ outputs/stage02/cases/q_double/qc/result_reload.json
.d..t...... outputs/stage02/cases/q_double/solution/
>f+++++++++ outputs/stage02/cases/q_double/solution/derived_checkpoint.npz
>f+++++++++ outputs/stage02/cases/q_double/solution/export_manifest.json
>f+++++++++ outputs/stage02/cases/q_double/solution/fields.h5
>f+++++++++ outputs/stage02/cases/q_double/solution/fields.xdmf
>f+++++++++ outputs/stage02/cases/q_double/solution/visualization_mesh.npz
.d..t...... outputs/stage02/cases/q_half/qc/
>f.st...... outputs/stage02/cases/q_half/qc/analytic_comparison.json
>f+++++++++ outputs/stage02/cases/q_half/qc/analytic_initial_convex_hull_sampling.json
>f+++++++++ outputs/stage02/cases/q_half/qc/result_reload.json
.d..t...... outputs/stage02/cases/q_half/solution/
>f+++++++++ outputs/stage02/cases/q_half/solution/derived_checkpoint.npz
>f+++++++++ outputs/stage02/cases/q_half/solution/export_manifest.json
>f+++++++++ outputs/stage02/cases/q_half/solution/fields.h5
>f+++++++++ outputs/stage02/cases/q_half/solution/fields.xdmf
>f+++++++++ outputs/stage02/cases/q_half/solution/visualization_mesh.npz
.d..t...... outputs/stage02/cases/reverse/qc/
>f.st...... outputs/stage02/cases/reverse/qc/analytic_comparison.json
>f+++++++++ outputs/stage02/cases/reverse/qc/analytic_initial_convex_hull_sampling.json
>f+++++++++ outputs/stage02/cases/reverse/qc/result_reload.json
.d..t...... outputs/stage02/cases/reverse/solution/
>f+++++++++ outputs/stage02/cases/reverse/solution/derived_checkpoint.npz
>f+++++++++ outputs/stage02/cases/reverse/solution/export_manifest.json
>f+++++++++ outputs/stage02/cases/reverse/solution/fields.h5
>f+++++++++ outputs/stage02/cases/reverse/solution/fields.xdmf
>f+++++++++ outputs/stage02/cases/reverse/solution/visualization_mesh.npz
.d..t...... outputs/stage02/cases/rho_double/qc/
>f.st...... outputs/stage02/cases/rho_double/qc/analytic_comparison.json
>f+++++++++ outputs/stage02/cases/rho_double/qc/analytic_initial_convex_hull_sampling.json
>f+++++++++ outputs/stage02/cases/rho_double/qc/result_reload.json
.d..t...... outputs/stage02/cases/rho_double/solution/
>f+++++++++ outputs/stage02/cases/rho_double/solution/derived_checkpoint.npz
>f+++++++++ outputs/stage02/cases/rho_double/solution/export_manifest.json
>f+++++++++ outputs/stage02/cases/rho_double/solution/fields.h5
>f+++++++++ outputs/stage02/cases/rho_double/solution/fields.xdmf
>f+++++++++ outputs/stage02/cases/rho_double/solution/visualization_mesh.npz
.d..t...... outputs/stage02/jit_cache/
>f+++++++++ outputs/stage02/jit_cache/libffcx_expressions_30201b8cd4c9dd766a37e6b69eb3b88f137b5aca.c
>f+++++++++ outputs/stage02/jit_cache/libffcx_expressions_30201b8cd4c9dd766a37e6b69eb3b88f137b5aca.c.cached
>f+++++++++ outputs/stage02/jit_cache/libffcx_expressions_30201b8cd4c9dd766a37e6b69eb3b88f137b5aca.cpython-312-x86_64-linux-gnu.so
>f+++++++++ outputs/stage02/jit_cache/libffcx_expressions_30201b8cd4c9dd766a37e6b69eb3b88f137b5aca.o
>f+++++++++ outputs/stage02/jit_cache/libffcx_expressions_c3041d0a49c8d6611c8e3f56f6419da19ccc244a.c
>f+++++++++ outputs/stage02/jit_cache/libffcx_expressions_c3041d0a49c8d6611c8e3f56f6419da19ccc244a.c.cached
>f+++++++++ outputs/stage02/jit_cache/libffcx_expressions_c3041d0a49c8d6611c8e3f56f6419da19ccc244a.cpython-312-x86_64-linux-gnu.so
>f+++++++++ outputs/stage02/jit_cache/libffcx_expressions_c3041d0a49c8d6611c8e3f56f6419da19ccc244a.o
>f+++++++++ outputs/stage02/jit_cache/libffcx_expressions_cb3ec312ff0f467d3468c7e961465da8fd85d380.c
>f+++++++++ outputs/stage02/jit_cache/libffcx_expressions_cb3ec312ff0f467d3468c7e961465da8fd85d380.c.cached
>f+++++++++ outputs/stage02/jit_cache/libffcx_expressions_cb3ec312ff0f467d3468c7e961465da8fd85d380.cpython-312-x86_64-linux-gnu.so
>f+++++++++ outputs/stage02/jit_cache/libffcx_expressions_cb3ec312ff0f467d3468c7e961465da8fd85d380.o
>f+++++++++ outputs/stage02/jit_cache/libffcx_forms_539cac80023d6a6bb7a0cb10599a83dbe9244d1b.c
>f+++++++++ outputs/stage02/jit_cache/libffcx_forms_539cac80023d6a6bb7a0cb10599a83dbe9244d1b.c.cached
>f+++++++++ outputs/stage02/jit_cache/libffcx_forms_539cac80023d6a6bb7a0cb10599a83dbe9244d1b.cpython-312-x86_64-linux-gnu.so
>f+++++++++ outputs/stage02/jit_cache/libffcx_forms_539cac80023d6a6bb7a0cb10599a83dbe9244d1b.o

