{"log_dir": "/home/lzy/projects/formal_3D_flow_solver/FEM/logs/stage02/20260917T204923_891486526_final_integrity", "returncode": 0, "wall_time_s": 41.68611825699918}
{
  "references": {
    "status": "PASS",
    "timestamp": "2026-09-17T20:50:09.919199+00:00",
    "entries": 43038,
    "per_root": {
      "/home/lzy/projects/ulm_microbubble_traj_gen_2D": {
        "modified": 0,
        "deleted": 0,
        "added": 0
      },
      "/home/lzy/projects/ulm_3D_vascular": {
        "modified": 0,
        "deleted": 0,
        "added": 0
      }
    },
    "modified": [],
    "deleted": [],
    "added": [],
    "baseline_sha256": "18fb0f7dfa614b3a10e737fd89a116bc654543f2dda3bda8943513382d197f0a",
    "final_sha256": "1cc2afb5ef3aa48fbdde6d6004e837ff4a872b85148644ac6795efa00a787b2d",
    "method": "Stage 0 full SHA256/size/mode/mtime inventory, including .git, caches and symlinks; atime excluded"
  },
  "frozen_history": {
    "status": "PASS",
    "timestamp": "2026-09-17T20:50:10.196907+00:00",
    "entries": 409,
    "changes": [],
    "method": "Exact contents/size/file-set comparison to Stage 2 start; preserves the user formatting edit already present in reports/stage01/REPORT.md"
  }
}


