Remote working directory: /workspace/formal_3D_flow_solver_FEM_lzy
$ ssh -p 4159 -o BatchMode=yes -o ConnectTimeout=15 -o ServerAliveInterval=30 -o ServerAliveCountMax=6 -o IdentitiesOnly=yes -i /home/lzy/.ssh/vast_step3b_ed25519 root@50.115.148.16 'python3 -B -'
WSL source hashes verified

$ ssh -p 4159 -o BatchMode=yes -o ConnectTimeout=15 -o ServerAliveInterval=30 -o ServerAliveCountMax=6 -o IdentitiesOnly=yes -i /home/lzy/.ssh/vast_step3b_ed25519 root@50.115.148.16 'cd /workspace/formal_3D_flow_solver_FEM_lzy && remote/.env/bin/python -B scripts/record_run.py --label pipe_medium_reference --stage 2 --ranks 1 --remote-dir /workspace/formal_3D_flow_solver_FEM_lzy -- env OMP_NUM_THREADS=1 OPENBLAS_NUM_THREADS=1 remote/.env/bin/mpiexec -n 1 remote/.env/bin/python -B scripts/run_stage02_case.py --profile pipe_medium --case pipe_medium_reference --mode reference'
{"log_dir": "/workspace/formal_3D_flow_solver_FEM_lzy/logs/stage02/20260917T202609_608252274_pipe_medium_reference", "returncode": 0, "wall_time_s": 7.465183650027029}
{
  "case": "pipe_medium_reference",
  "solver": {
    "status": "PASS",
    "converged_reason": 4,
    "ksp_type": "preonly",
    "pc_type": "lu",
    "factor_solver": "mumps",
    "relative_algebraic_residual": 3.507612075207725e-14,
    "residual_norm_scaled": 1.1258705400306684e-13,
    "assembly_and_factor_solve_s": 5.838578038034029,
    "wall_time_s": 6.222248403006233,
    "max_rank_peak_rss_kib": 1682376,
    "mpi_ranks": 1,
    "gpu_used": false,
    "dolfinx_version": "0.11.0",
    "basix_version": "0.11.0",
    "petsc_version": [
      3,
      25,
      5
    ],
    "velocity_dofs": 91800,
    "pressure_dofs": 4372,
    "real_global_dofs": 1,
    "real_owned_dofs_per_rank": [
      1
    ],
    "boundary_conditions": {
      "essential_boundary": "WALL only (includes the wall/cap intersection rim)",
      "velocity_dirichlet_dofs": 25440,
      "pressure_dirichlet_dofs": 0,
      "inlet_velocity_profile": null,
      "outlet_velocity_profile": null,
      "pressure_nullspace_registered": false
    },
    "physical_fields_finite": true,
    "lambda_pa": 6.111596635489363,
    "algebraic_scaling": {
      "velocity_m_s": 0.00012732395447351627,
      "pressure_pa": 0.07639437268410976,
      "power_w": 2.4317084074161066e-16,
      "description": "Symmetric algebraic congruence scaling; physical SI fields restored after solve"
    },
    "dynamic_viscosity_pa_s": 0.003,
    "boundary_model": "poiseuille_traction_reference",
    "pressure_gauge": "outlet traction; no essential pressure condition or registered nullspace"
  },
  "flux": {
    "target_Q_m3_s": 1e-14,
    "Q_in_signed_m3_s": -1.0000000000000486e-14,
    "Q_out_signed_m3_s": 1.000000000000045e-14,
    "actual_Q_in_m3_s": 1.0000000000000486e-14,
    "actual_Q_out_m3_s": 1.000000000000045e-14,
    "wall_flux_m3_s": 0.0,
    "constraint_residual_m3_s": -4.859383176161433e-28,
    "mass_closure_residual_m3_s": -3.6287601640166543e-29,
    "relative_inlet_constraint_error": 4.859383176161433e-14,
    "relative_mass_closure": 3.628760164016654e-15,
    "gate": 1e-10,
    "status": "PASS",
    "method": "FEM solution boundary integral using FacetNormal, tagged ds and one MPI SUM reduction"
  },
  "analytic": {
    "lambda_pa": 6.111596635489363,
    "analytic_delta_p_pa": 6.11154981472878,
    "lambda_relative_error": 7.661029035618494e-06,
    "velocity_L2_relative_error": 0.0008700735951506186,
    "velocity_global_L2_relative_error": 8.969111370210885e-05,
    "pressure_global_L2_relative_error": 2.912162548348778e-05,
    "pressure_profile_error": 9.222770323412872e-06,
    "pressure_drop_from_internal_section_fit_pa": 6.111609577543308,
    "pressure_fit_outlet_extrapolation_pa": -4.85929356486281e-06,
    "centerline_velocity_m_s": 0.00025464835473740493,
    "analytic_centerline_velocity_m_s": 0.00025464790894703254,
    "reynolds_number": 0.00044563384065730697,
    "mean_velocity_m_s": 0.00012732395447351627,
    "velocity_integral_norm_m2_s": 9.213227819294786e-12,
    "pressure_integral_pa_m3": 1.2000072318600153e-14,
    "divergence_L2": 3.5929429882483525e-09,
    "section_quadrature": {
      "radial_gauss_points": 12,
      "azimuthal_points": 64,
      "disk_radius_m": 5e-06,
      "description": "Area-weighted Gauss quadrature on nominal analytic disks; every quadrature point located in actual FEM mesh. Mean over many points, never a single pressure node."
    },
    "exact_solution_for_this_boundary_model": true
  }
}



