Remote working directory: /workspace/formal_3D_flow_solver_FEM_lzy
$ ssh -p 4159 -o BatchMode=yes -o ConnectTimeout=15 -o ServerAliveInterval=30 -o ServerAliveCountMax=6 -o IdentitiesOnly=yes -i /home/lzy/.ssh/vast_step3b_ed25519 root@50.115.148.16 'python3 -B -'
WSL source hashes verified

$ ssh -p 4159 -o BatchMode=yes -o ConnectTimeout=15 -o ServerAliveInterval=30 -o ServerAliveCountMax=6 -o IdentitiesOnly=yes -i /home/lzy/.ssh/vast_step3b_ed25519 root@50.115.148.16 'cd /workspace/formal_3D_flow_solver_FEM_lzy && remote/.env/bin/python -B scripts/record_run.py --label pipe_fine_natural --stage 2 --ranks 1 --remote-dir /workspace/formal_3D_flow_solver_FEM_lzy -- env OMP_NUM_THREADS=1 OPENBLAS_NUM_THREADS=1 remote/.env/bin/mpiexec -n 1 remote/.env/bin/python -B scripts/run_stage02_case.py --profile pipe_fine --case pipe_fine_natural'
{"log_dir": "/workspace/formal_3D_flow_solver_FEM_lzy/logs/stage02/20260917T202731_822257225_pipe_fine_natural", "returncode": 0, "wall_time_s": 36.15511172101833}
{
  "case": "pipe_fine_natural",
  "solver": {
    "status": "PASS",
    "converged_reason": 4,
    "ksp_type": "preonly",
    "pc_type": "lu",
    "factor_solver": "mumps",
    "relative_algebraic_residual": 4.555467355902644e-14,
    "residual_norm_scaled": 1.4311422778973333e-13,
    "assembly_and_factor_solve_s": 32.82154861197341,
    "wall_time_s": 33.99090012797387,
    "max_rank_peak_rss_kib": 6025480,
    "mpi_ranks": 1,
    "gpu_used": false,
    "dolfinx_version": "0.11.0",
    "basix_version": "0.11.0",
    "petsc_version": [
      3,
      25,
      5
    ],
    "velocity_dofs": 248448,
    "pressure_dofs": 11323,
    "real_global_dofs": 1,
    "real_owned_dofs_per_rank": [
      1
    ],
    "boundary_conditions": {
      "essential_boundary": "WALL only (includes the wall/cap intersection rim)",
      "velocity_dirichlet_dofs": 51498,
      "pressure_dirichlet_dofs": 0,
      "inlet_velocity_profile": null,
      "outlet_velocity_profile": null,
      "pressure_nullspace_registered": false
    },
    "physical_fields_finite": true,
    "lambda_pa": 6.0231074334917505,
    "algebraic_scaling": {
      "velocity_m_s": 0.00012732395447351627,
      "pressure_pa": 0.07639437268410976,
      "power_w": 2.4317084074161066e-16,
      "description": "Symmetric algebraic congruence scaling; physical SI fields restored after solve"
    },
    "dynamic_viscosity_pa_s": 0.003,
    "boundary_model": "natural_traction",
    "pressure_gauge": "outlet traction; no essential pressure condition or registered nullspace"
  },
  "flux": {
    "target_Q_m3_s": 1e-14,
    "Q_in_signed_m3_s": -1.0000000000001019e-14,
    "Q_out_signed_m3_s": 1.0000000000001013e-14,
    "actual_Q_in_m3_s": 1.0000000000001019e-14,
    "actual_Q_out_m3_s": 1.0000000000001013e-14,
    "wall_flux_m3_s": 0.0,
    "constraint_residual_m3_s": -1.0192082895455473e-27,
    "mass_closure_residual_m3_s": -6.310887241768095e-30,
    "relative_inlet_constraint_error": 1.0192082895455473e-13,
    "relative_mass_closure": 6.310887241768094e-16,
    "gate": 1e-10,
    "status": "PASS",
    "method": "FEM solution boundary integral using FacetNormal, tagged ds and one MPI SUM reduction"
  },
  "analytic": {
    "lambda_pa": 6.0231074334917505,
    "analytic_delta_p_pa": 6.11154981472878,
    "lambda_relative_error": 0.014471350789595766,
    "velocity_L2_relative_error": 0.000295716448406765,
    "velocity_global_L2_relative_error": 0.024952228868069068,
    "pressure_global_L2_relative_error": 0.015814329692019995,
    "pressure_profile_error": 0.012842370770707675,
    "pressure_drop_from_internal_section_fit_pa": 6.1104509511530205,
    "pressure_fit_outlet_extrapolation_pa": -0.04361579071277433,
    "centerline_velocity_m_s": 0.0002546480683932191,
    "analytic_centerline_velocity_m_s": 0.00025464790894703254,
    "reynolds_number": 0.00044563384065730697,
    "mean_velocity_m_s": 0.00012732395447351627,
    "velocity_integral_norm_m2_s": 9.231022769401293e-12,
    "pressure_integral_pa_m3": 1.1826557453036756e-14,
    "divergence_L2": 6.399639967373582e-08,
    "section_quadrature": {
      "radial_gauss_points": 12,
      "azimuthal_points": 64,
      "disk_radius_m": 5e-06,
      "description": "Area-weighted Gauss quadrature on nominal analytic disks; every quadrature point located in actual FEM mesh. Mean over many points, never a single pressure node."
    },
    "exact_solution_for_this_boundary_model": false
  }
}



