Remote working directory: /workspace/formal_3D_flow_solver_FEM_lzy
$ ssh -p 4159 -o BatchMode=yes -o ConnectTimeout=15 -o ServerAliveInterval=30 -o ServerAliveCountMax=6 -o IdentitiesOnly=yes -i /home/lzy/.ssh/vast_step3b_ed25519 root@50.115.148.16 'python3 -B -'
WSL source hashes verified

$ ssh -p 4159 -o BatchMode=yes -o ConnectTimeout=15 -o ServerAliveInterval=30 -o ServerAliveCountMax=6 -o IdentitiesOnly=yes -i /home/lzy/.ssh/vast_step3b_ed25519 root@50.115.148.16 'cd /workspace/formal_3D_flow_solver_FEM_lzy && remote/.env/bin/python -B scripts/record_run.py --label pipe_medium_mesh --stage 2 --ranks 1 --remote-dir /workspace/formal_3D_flow_solver_FEM_lzy -- env OMP_NUM_THREADS=1 OPENBLAS_NUM_THREADS=1 remote/.env/bin/python -B scripts/mesh_stage02_pipe.py --profile pipe_medium'
{"log_dir": "/workspace/formal_3D_flow_solver_FEM_lzy/logs/stage02/20260917T202546_697979461_pipe_medium_mesh", "returncode": 0, "wall_time_s": 1.097206102043856}
Info    : Meshing 1D...
Info    : [  0%] Meshing curve 1 (Circle)
Info    : [ 40%] Meshing curve 2 (Line)
Info    : [ 70%] Meshing curve 3 (Circle)
Info    : Done meshing 1D (Wall 0.000183643s, CPU 9.3e-05s)
Info    : Meshing 2D...
Info    : [  0%] Meshing surface 1 (Cylinder, Frontal-Delaunay)
Info    : [  0%] Meshing surface 1 (Cylinder, MeshAdapt)
Info    : [ 40%] Meshing surface 2 (Plane, Frontal-Delaunay)
Info    : [ 70%] Meshing surface 3 (Plane, Frontal-Delaunay)
Info    : Done meshing 2D (Wall 0.291711s, CPU 0.291685s)
Info    : Meshing 3D...
Info    : 3D Meshing 1 volume with 1 connected component
Info    : Tetrahedrizing 2318 nodes...
Info    : Done tetrahedrizing 2326 nodes (Wall 0.0182731s, CPU 0.018273s)
Info    : Reconstructing mesh...
Info    :  - Creating surface mesh
Info    :  - Identifying boundary edges
Info    :  - Recovering boundary
Info    : Done reconstructing mesh (Wall 0.0454173s, CPU 0.045417s)
Info    : Found volume 1
Info    : It. 0 - 0 nodes created - worst tet radius 5.50315 (nodes removed 0 0)
Info    : It. 500 - 500 nodes created - worst tet radius 1.50678 (nodes removed 0 0)
Info    : It. 1000 - 1000 nodes created - worst tet radius 1.22397 (nodes removed 0 0)
Info    : It. 1500 - 1499 nodes created - worst tet radius 1.09391 (nodes removed 0 1)
Info    : It. 2000 - 1999 nodes created - worst tet radius 1.0084 (nodes removed 0 1)
Info    : 3D refinement terminated (4372 nodes total):
Info    :  - 1 Delaunay cavities modified for star shapeness
Info    :  - 1 nodes could not be inserted
Info    :  - 19945 tetrahedra created in 0.0586484 sec. (340077 tets/s)
Info    : 0 node relocations
Info    : Done meshing 3D (Wall 0.148738s, CPU 0.148735s)
Info    : Optimizing mesh...
Info    : Optimizing volume 1
Info    : Optimization starts (volume = 3.90876e-15) with worst = 0.0131362 / average = 0.758694:
Info    : 0.00 < quality < 0.10 :        43 elements
Info    : 0.10 < quality < 0.20 :       141 elements
Info    : 0.20 < quality < 0.30 :       268 elements
Info    : 0.30 < quality < 0.40 :       403 elements
Info    : 0.40 < quality < 0.50 :       589 elements
Info    : 0.50 < quality < 0.60 :      1081 elements
Info    : 0.60 < quality < 0.70 :      2644 elements
Info    : 0.70 < quality < 0.80 :      5164 elements
Info    : 0.80 < quality < 0.90 :      6766 elements
Info    : 0.90 < quality < 1.00 :      2846 elements
Info    : 448 edge swaps, 10 node relocations (volume = 3.90876e-15): worst = 0.238723 / average = 0.772342 (Wall 0.0034865s, CPU 0.003487s)
Info    : 452 edge swaps, 10 node relocations (volume = 3.90876e-15): worst = 0.279611 / average = 0.772443 (Wall 0.00415607s, CPU 0.004156s)
Info    : No ill-shaped tets in the mesh :-)
Info    : 0.00 < quality < 0.10 :         0 elements
Info    : 0.10 < quality < 0.20 :         0 elements
Info    : 0.20 < quality < 0.30 :         1 elements
Info    : 0.30 < quality < 0.40 :       397 elements
Info    : 0.40 < quality < 0.50 :       573 elements
Info    : 0.50 < quality < 0.60 :      1077 elements
Info    : 0.60 < quality < 0.70 :      2629 elements
Info    : 0.70 < quality < 0.80 :      5167 elements
Info    : 0.80 < quality < 0.90 :      6835 elements
Info    : 0.90 < quality < 1.00 :      2862 elements
Info    : Done optimizing mesh (Wall 0.0137952s, CPU 0.013795s)
Info    : 4372 nodes 24289 elements
Info    : Meshing order 2 (curvilinear on)...
Info    : [  0%] Meshing curve 1 order 2
Info    : [ 20%] Meshing curve 2 order 2
Info    : [ 30%] Meshing curve 3 order 2
Info    : [ 50%] Meshing surface 1 order 2
Info    : [ 60%] Meshing surface 2 order 2
Info    : [ 80%] Meshing surface 3 order 2
Info    : [ 90%] Meshing volume 1 order 2
Info    : Surface mesh: worst distortion = 0.994532 (0 elements in ]0, 0.2]); worst gamma = 0.556019
Info    : Volume mesh: worst distortion = 0.877556 (0 elements in ]0, 0.2])
Info    : Done meshing order 2 (Wall 0.063891s, CPU 0.063891s)
Info    : Writing '/workspace/formal_3D_flow_solver_FEM_lzy/outputs/stage02/meshes/pipe_medium/pipe.msh'...
Info    : Done writing '/workspace/formal_3D_flow_solver_FEM_lzy/outputs/stage02/meshes/pipe_medium/pipe.msh'
{
  "status": "PASS",
  "purpose": "SYNTHETIC NUMERICAL BENCHMARK",
  "experimental_condition": false,
  "profile": "pipe_medium",
  "timestamp": "2026-09-17T20:25:50.883745+00:00",
  "hostname": "f7c62a262077",
  "run_id": "20260917T202546_697979461_pipe_medium_mesh",
  "geometry": {
    "kind": "analytic_circular_pipe",
    "origin_m": [
      0.0,
      0.0,
      0.0
    ],
    "axis": [
      0.0,
      0.0,
      1.0
    ],
    "radius_m": 5e-06,
    "length_m": 5e-05,
    "coordinate_degree": 2
  },
  "target_size_m": 1e-06,
  "units": "SI",
  "mesh_coordinate_degree": 2,
  "tetrahedron_count": 19541,
  "geometry_node_count": 30600,
  "boundary_tags": {
    "WALL": 1,
    "OUTLET": 2,
    "INLET": 4
  },
  "cell_tags": {
    "FLUID": 100
  },
  "tag_contract": "synthetic pipe only; NOT Stage 1 vascular tag contract",
  "areas_m2": {
    "WALL": 1.5707949625091908e-09,
    "OUTLET": 7.853957341604732e-11,
    "INLET": 7.853957341604768e-11
  },
  "area_relative_errors": {
    "WALL": 8.685312555640607e-07,
    "OUTLET": 3.093000580323956e-06,
    "INLET": 3.09300057571621e-06
  },
  "volume_m3": 3.92698398376689e-15,
  "volume_relative_error": 1.7400652738695738e-06,
  "axial_bounds_m": [
    0.0,
    5e-05
  ],
  "maximum_nodal_radius_m": 5.000000000000001e-06,
  "normal_dot_axis": {
    "INLET": -1.0,
    "OUTLET": 1.0
  },
  "minimum_jacobian_determinant_m3": 2.2544149135288215e-19,
  "wall_time_s": 0.6942126069916412,
  "peak_rss_kib": 210280,
  "gmsh_version": "4.15.2",
  "dolfinx_version": "0.11.0",
  "mpi_ranks": 1,
  "threads": 1,
  "gpu_used": false,
  "config_sha256": "b931fb0aac798445811541794b409856377228be8b2cb51621f613077dee0a0a",
  "msh_sha256": "eaa91f8ce85ee94d85200a375c443e74d270b55151dc7fe4bf6fbd64cbfd5bac",
  "xdmf_sha256": "99861694f584eaa58ac758a5357511f7ea505fd43261c5641e45edda38942e0a",
  "hdf5_sha256": "8d4ec5bd83cfd8022fb64459a89abb5c22dd83175700db3efb577c8107cffd0e",
  "pde_solved": false
}



