Remote working directory: /workspace/formal_3D_flow_solver_FEM_lzy
$ ssh -p 4159 -o BatchMode=yes -o ConnectTimeout=15 -o ServerAliveInterval=30 -o ServerAliveCountMax=6 -o IdentitiesOnly=yes -i /home/lzy/.ssh/vast_step3b_ed25519 root@50.115.148.16 'python3 -B -'
Directory ownership check passed

$ rsync -az --itemize-changes --include=/logs/ '--include=/logs/stage02/***' --include=/outputs/ '--include=/outputs/stage02/***' --include=/reports/ '--include=/reports/stage02/***' '--exclude=*' -e 'ssh -p 4159 -o BatchMode=yes -o ConnectTimeout=15 -o ServerAliveInterval=30 -o ServerAliveCountMax=6 -o IdentitiesOnly=yes -i /home/lzy/.ssh/vast_step3b_ed25519' root@50.115.148.16:/workspace/formal_3D_flow_solver_FEM_lzy/ /home/lzy/projects/formal_3D_flow_solver/FEM/outputs/stage02/remote_return/
.d..t...... logs/stage02/
cd+++++++++ logs/stage02/20260917T202950_017261594_curved_cell_point_validation/
>f+++++++++ logs/stage02/20260917T202950_017261594_curved_cell_point_validation/metadata.json
>f+++++++++ logs/stage02/20260917T202950_017261594_curved_cell_point_validation/stderr.log
>f+++++++++ logs/stage02/20260917T202950_017261594_curved_cell_point_validation/stdout.log
.d..t...... outputs/stage02/cases/pipe_coarse_natural/qc/
>f.st...... outputs/stage02/cases/pipe_coarse_natural/qc/analytic_comparison.json
>f+++++++++ outputs/stage02/cases/pipe_coarse_natural/qc/analytic_initial_convex_hull_sampling.json
.d..t...... outputs/stage02/cases/pipe_coarse_reference/qc/
>f.st...... outputs/stage02/cases/pipe_coarse_reference/qc/analytic_comparison.json
>f+++++++++ outputs/stage02/cases/pipe_coarse_reference/qc/analytic_initial_convex_hull_sampling.json
.d..t...... outputs/stage02/cases/pipe_fine_natural/qc/
>f.st...... outputs/stage02/cases/pipe_fine_natural/qc/analytic_comparison.json
>f+++++++++ outputs/stage02/cases/pipe_fine_natural/qc/analytic_initial_convex_hull_sampling.json
.d..t...... outputs/stage02/cases/pipe_fine_reference/qc/
>f.st...... outputs/stage02/cases/pipe_fine_reference/qc/analytic_comparison.json
>f+++++++++ outputs/stage02/cases/pipe_fine_reference/qc/analytic_initial_convex_hull_sampling.json
.d..t...... outputs/stage02/cases/pipe_medium_natural/qc/
>f.st...... outputs/stage02/cases/pipe_medium_natural/qc/analytic_comparison.json
>f+++++++++ outputs/stage02/cases/pipe_medium_natural/qc/analytic_initial_convex_hull_sampling.json
.d..t...... outputs/stage02/cases/pipe_medium_reference/qc/
>f.st...... outputs/stage02/cases/pipe_medium_reference/qc/analytic_comparison.json
>f+++++++++ outputs/stage02/cases/pipe_medium_reference/qc/analytic_initial_convex_hull_sampling.json

