Remote working directory: /workspace/formal_3D_flow_solver_FEM_lzy
$ ssh -p 4159 -o BatchMode=yes -o ConnectTimeout=15 -o ServerAliveInterval=30 -o ServerAliveCountMax=6 -o IdentitiesOnly=yes -i /home/lzy/.ssh/vast_step3b_ed25519 root@50.115.148.16 'python3 -B -'
WSL source hashes verified

$ ssh -p 4159 -o BatchMode=yes -o ConnectTimeout=15 -o ServerAliveInterval=30 -o ServerAliveCountMax=6 -o IdentitiesOnly=yes -i /home/lzy/.ssh/vast_step3b_ed25519 root@50.115.148.16 'cd /workspace/formal_3D_flow_solver_FEM_lzy && remote/.env/bin/python -B scripts/record_run.py --label real_api_r2 --stage 2 --ranks 2 --remote-dir /workspace/formal_3D_flow_solver_FEM_lzy -- env OMP_NUM_THREADS=1 OPENBLAS_NUM_THREADS=1 remote/.env/bin/mpiexec -n 2 remote/.env/bin/python -B tests/test_stage02_real_space_api.py'
{"log_dir": "/workspace/formal_3D_flow_solver_FEM_lzy/logs/stage02/20260917T201254_518653058_real_api_r2", "returncode": 0, "wall_time_s": 0.47637447400484234}
{
  "status": "PASS",
  "timestamp": "2026-09-17T20:12:58.398206+00:00",
  "mpi_ranks": 2,
  "dolfinx_version": "0.11.0",
  "basix_version": "0.11.0",
  "petsc_version": [
    3,
    25,
    5
  ],
  "gpu_used": false,
  "spaces": {
    "velocity_degree": 2,
    "velocity_components": 3,
    "pressure_degree": 1,
    "velocity_global_dofs": 375,
    "pressure_global_dofs": 27,
    "real_global_dofs": 1
  },
  "real_owned_dofs_per_rank": [
    1,
    0
  ],
  "real_ghost_dofs_per_rank": [
    0,
    1
  ],
  "block_dimensions": [
    [
      [
        375,
        375
      ],
      [
        375,
        27
      ],
      [
        375,
        1
      ]
    ],
    [
      [
        27,
        375
      ],
      [
        27,
        27
      ],
      null
    ],
    [
      [
        1,
        375
      ],
      null,
      [
        1,
        1
      ]
    ]
  ],
  "monolithic_dimensions": [
    403,
    403
  ],
  "C_nonzero": false,
  "C_transpose_defect": 0.0,
  "unit_velocity_inlet_flux": -1.0000000000000004,
  "real_mass_integral": 0.9999999999999997,
  "shared_real_value": 7.25,
  "pde_solved": false,
  "api": "basix.ufl.real_element + dolfinx.fem.functionspace; ufl.MixedFunctionSpace; dolfinx.fem.petsc.assemble_matrix(kind=nest/mpi)",
  "ownership": "Native DOLFINx index map owns the scalar once globally; other ranks carry ghost copies only"
}



