Remote working directory: /workspace/formal_3D_flow_solver_FEM_lzy
$ ssh -p 4159 -o BatchMode=yes -o ConnectTimeout=15 -o ServerAliveInterval=30 -o ServerAliveCountMax=6 -o IdentitiesOnly=yes -i /home/lzy/.ssh/vast_step3b_ed25519 root@50.115.148.16 'python3 -B -'
WSL source hashes verified

$ ssh -p 4159 -o BatchMode=yes -o ConnectTimeout=15 -o ServerAliveInterval=30 -o ServerAliveCountMax=6 -o IdentitiesOnly=yes -i /home/lzy/.ssh/vast_step3b_ed25519 root@50.115.148.16 'cd /workspace/formal_3D_flow_solver_FEM_lzy && remote/.env/bin/python -B scripts/record_run.py --label rho_double --stage 2 --ranks 1 --remote-dir /workspace/formal_3D_flow_solver_FEM_lzy -- env OMP_NUM_THREADS=1 OPENBLAS_NUM_THREADS=1 remote/.env/bin/mpiexec -n 1 remote/.env/bin/python -B scripts/run_stage02_case.py --profile pipe_medium --case rho_double --rho-factor 2'
{"log_dir": "/workspace/formal_3D_flow_solver_FEM_lzy/logs/stage02/20260917T203446_585238444_rho_double", "returncode": 0, "wall_time_s": 8.10381021304056}
{
  "case": "rho_double",
  "solver": {
    "status": "PASS",
    "converged_reason": 4,
    "ksp_type": "preonly",
    "pc_type": "lu",
    "factor_solver": "mumps",
    "relative_algebraic_residual": 3.434382212212387e-14,
    "residual_norm_scaled": 1.0789429927506415e-13,
    "assembly_and_factor_solve_s": 5.7969940199982375,
    "wall_time_s": 6.177839256997686,
    "max_rank_peak_rss_kib": 1681924,
    "mpi_ranks": 1,
    "gpu_used": false,
    "dolfinx_version": "0.11.0",
    "basix_version": "0.11.0",
    "petsc_version": [
      3,
      25,
      5
    ],
    "velocity_dofs": 91800,
    "pressure_dofs": 4372,
    "real_global_dofs": 1,
    "real_owned_dofs_per_rank": [
      1
    ],
    "boundary_conditions": {
      "essential_boundary": "WALL only (includes the wall/cap intersection rim)",
      "velocity_dirichlet_dofs": 25440,
      "pressure_dirichlet_dofs": 0,
      "inlet_velocity_profile": null,
      "outlet_velocity_profile": null,
      "pressure_nullspace_registered": false
    },
    "physical_fields_finite": true,
    "lambda_pa": 6.028348391630568,
    "algebraic_scaling": {
      "velocity_m_s": 0.00012732395447351627,
      "pressure_pa": 0.07639437268410976,
      "power_w": 2.4317084074161066e-16,
      "description": "Symmetric algebraic congruence scaling; physical SI fields restored after solve"
    },
    "dynamic_viscosity_pa_s": 0.003,
    "boundary_model": "natural_traction",
    "pressure_gauge": "outlet traction; no essential pressure condition or registered nullspace"
  },
  "flux": {
    "target_Q_m3_s": 1e-14,
    "Q_in_signed_m3_s": -1.0000000000000481e-14,
    "Q_out_signed_m3_s": 1.0000000000000459e-14,
    "actual_Q_in_m3_s": 1.0000000000000481e-14,
    "actual_Q_out_m3_s": 1.0000000000000459e-14,
    "wall_flux_m3_s": 0.0,
    "constraint_residual_m3_s": -4.812051521848172e-28,
    "mass_closure_residual_m3_s": -2.208810534618833e-29,
    "relative_inlet_constraint_error": 4.812051521848172e-14,
    "relative_mass_closure": 2.208810534618833e-15,
    "gate": 1e-10,
    "status": "PASS",
    "method": "FEM solution boundary integral using FacetNormal, tagged ds and one MPI SUM reduction"
  },
  "analytic": {
    "lambda_pa": 6.028348391630568,
    "analytic_delta_p_pa": 6.11154981472878,
    "lambda_relative_error": 0.013613801019456105,
    "velocity_L2_relative_error": 9.810444641103568e-05,
    "velocity_global_L2_relative_error": 0.02466584261080004,
    "pressure_global_L2_relative_error": 0.015515477516513745,
    "pressure_profile_error": 0.01206032094202935,
    "pressure_drop_from_internal_section_fit_pa": 6.110433171011804,
    "pressure_fit_outlet_extrapolation_pa": -0.040917095533139936,
    "centerline_velocity_m_s": 0.0002546483550540683,
    "analytic_centerline_velocity_m_s": 0.00025464790894703254,
    "reynolds_number": 0.0008912676813146139,
    "mean_velocity_m_s": 0.00012732395447351627,
    "velocity_integral_norm_m2_s": 9.231304847363923e-12,
    "pressure_integral_pa_m3": 1.1837072043337028e-14,
    "divergence_L2": 8.071744419361911e-08,
    "point_location_method": "Native nonlinear pull-back verifies reference-tetra membership; eval tol=1e-12",
    "section_quadrature": {
      "radial_gauss_points": 12,
      "azimuthal_points": 64,
      "disk_radius_m": 5e-06,
      "description": "Area-weighted Gauss quadrature on nominal analytic disks; every quadrature point located in actual FEM mesh. Mean over many points, never a single pressure node."
    },
    "exact_solution_for_this_boundary_model": false
  }
}



