Remote working directory: /workspace/formal_3D_flow_solver_FEM_lzy
$ ssh -p 4159 -o BatchMode=yes -o ConnectTimeout=15 -o ServerAliveInterval=30 -o ServerAliveCountMax=6 -o IdentitiesOnly=yes -i /home/lzy/.ssh/vast_step3b_ed25519 root@50.115.148.16 'python3 -B -'
Directory ownership check passed

$ rsync -az --relative --itemize-changes --exclude=__pycache__/ '--exclude=.*' --exclude=connection.local.json -e 'ssh -p 4159 -o BatchMode=yes -o ConnectTimeout=15 -o ServerAliveInterval=30 -o ServerAliveCountMax=6 -o IdentitiesOnly=yes -i /home/lzy/.ssh/vast_step3b_ed25519' /home/lzy/projects/formal_3D_flow_solver/FEM/./pyproject.toml /home/lzy/projects/formal_3D_flow_solver/FEM/./README.md /home/lzy/projects/formal_3D_flow_solver/FEM/./src /home/lzy/projects/formal_3D_flow_solver/FEM/./scripts /home/lzy/projects/formal_3D_flow_solver/FEM/./tests /home/lzy/projects/formal_3D_flow_solver/FEM/./configs /home/lzy/projects/formal_3D_flow_solver/FEM/./remote /home/lzy/projects/formal_3D_flow_solver/FEM/./inputs root@50.115.148.16:/workspace/formal_3D_flow_solver_FEM_lzy/
.d..t...... inputs/stage02/
<f+++++++++ inputs/stage02/acceptance_policy.json
<f+++++++++ inputs/stage02/mesh_gate.json
<f.st...... remote/source_manifest.json
.d..t...... scripts/
<f+++++++++ scripts/collect_stage02.py
<f.st...... src/fem3d/diagnostics.py
.d..t...... tests/
<f+++++++++ tests/stage02_helpers.py
<f+++++++++ tests/test_stage02_density_independence.py
<f+++++++++ tests/test_stage02_flow_reversal.py
<f+++++++++ tests/test_stage02_flux_constraint.py
<f+++++++++ tests/test_stage02_lambda_sign.py
<f+++++++++ tests/test_stage02_mass_conservation.py
<f+++++++++ tests/test_stage02_mesh_refinement.py
<f+++++++++ tests/test_stage02_mpi_reproducibility.py
<f+++++++++ tests/test_stage02_poiseuille_pressure.py
<f+++++++++ tests/test_stage02_poiseuille_velocity.py
<f+++++++++ tests/test_stage02_q_linearity.py
<f+++++++++ tests/test_stage02_result_roundtrip.py
<f+++++++++ tests/test_stage02_viscosity_scaling.py
<f+++++++++ tests/test_stage02_visual_artifacts.py

