 Starting up Seeder with nprocs:            1
                                              
                               _              
             ___  ___  ___  __| | ___ _ __    
            / __|/ _ \/ _ \/ _` |/ _ \ '__|   
            \__ \  __/  __/ (_| |  __/ |      
            |___/\___|\___|\__,_|\___|_v1.6.2-1-g667109
                                              
  (C) 2012 German Research School for Simulation Sciences
  (C) 2013 University of Siegen               
                                              
--------------------------------------------------------------------------------
 | INFORMATION ON THE EXECUTABLE
 | Revision of the code in this executable: 3b3e344aec0a
 |
 | Compiled with GFORTRAN in version 13.4.0
 | Using the command /home/lzy/.local/bin/mpif90
 | And the following flags:
 | -O3 -march=native -Wall -Wno-maybe-uninitialized -Werror -Wno-unused-dum
 | my-argument -std=f2008 -pedantic-errors -O3 -march=native -Wall -Wno-may
 | be-uninitialized -Werror
 |
 | Build date: 2026-08-30
--------------------------------------------------------------------------------
                                              
                                              
--------------------------------------------------------------------------------
--------------------------------------------------------------------------------
Loading general parameters:
Using /dev/null as null device.
Will print run time info in the end
(/proc/self/status).
Size of the IO Buffer (MB): 8
Simulation Name: simulation
 +-------------------------------------------+
  - Now:
  iterations:            0
  simTime   :    0.0000000000000000     
  wallClock :    3.7470690000000000E-003
 
  - Time Control:
 +-------------------------------------------+
Iterations between trigger checks: 1
  - Min:
  iterations:            0
  simTime   :    0.0000000000000000     
 
  - Max:
 
  - Interval:
 +-------------------------------------------+
 
  - Abort Criteria:
  stop_file: 
  steady_state:  F
 
  - Status:
 +-------------------------------------------+
 Loading communication pattern:
 isend_irecv
Write timings to: timing.res
--------------------------------------------------------------------------------
 Mesh folder: mesh/
 Loading bounding cube:
  Cube origin:    7.8082771579034594E-005   5.4076359424537688E-005   8.8206398940868488E-005
  Cube length:    1.0240000000000000E-004
 Smoothed refinement towards boundaries.
 Smoothed levels with level jump = 1.
--------------------------------------------------------------------------------
 Loading attribute
 Loading distance_refine
 This is a new attribute and was added at            1
           kind: boundary
          label: wall
          color: none
          level: 9
   subresolution:  F
   calc distance:  T
   store normal :  F
  flood diagonal:  T
 Added a new unique label to the the list of kind "boundary":
 wall
 Unique identifier position of this attribute:           1
 Loading geometry 
       STL file: ../geometry/geometry_solver_m/wall.stl
         format: binary
  Reading in STL Headers ...
  Reading in STL Files ...
  Done.
--------------------------------------------------------------------------------
 Loading attribute
 Loading distance_refine
 This is a new attribute and was added at            2
           kind: boundary
          label: inlet
          color: none
          level: 9
   subresolution:  F
   calc distance:  F
   store normal :  F
 Added a new unique label to the the list of kind "boundary":
 inlet
 Unique identifier position of this attribute:           2
 Loading geometry 
--------------------------------------------------------------------------------
 Loading attribute
 Loading distance_refine
 This is a new attribute and was added at            3
           kind: boundary
          label: outlet_01
          color: none
          level: 9
   subresolution:  F
   calc distance:  F
   store normal :  F
 Added a new unique label to the the list of kind "boundary":
 outlet_01
 Unique identifier position of this attribute:           3
 Loading geometry 
       STL file: ../geometry/geometry_solver_m/outlet_01.stl
         format: binary
  Reading in STL Headers ...
  Reading in STL Files ...
  Done.
--------------------------------------------------------------------------------
 Loading attribute
 Loading distance_refine
 This is a new attribute and was added at            4
           kind: boundary
          label: outlet_02
          color: none
          level: 9
   subresolution:  F
   calc distance:  F
   store normal :  F
 Added a new unique label to the the list of kind "boundary":
 outlet_02
 Unique identifier position of this attribute:           4
 Loading geometry 
       STL file: ../geometry/geometry_solver_m/outlet_02.stl
         format: binary
  Reading in STL Headers ...
  Reading in STL Files ...
  Done.
--------------------------------------------------------------------------------
 Loading attribute
 Loading distance_refine
 This is a new attribute and was added at            5
           kind: boundary
          label: outlet_03
          color: none
          level: 9
   subresolution:  F
   calc distance:  F
   store normal :  F
 Added a new unique label to the the list of kind "boundary":
 outlet_03
 Unique identifier position of this attribute:           5
 Loading geometry 
       STL file: ../geometry/geometry_solver_m/outlet_03.stl
         format: binary
  Reading in STL Headers ...
  Reading in STL Files ...
  Done.
--------------------------------------------------------------------------------
 Loading attribute
 This is a new attribute and was added at            6
           kind: seed
          label: sdr_nolabel
          color: none
          level: 0
 Unique identifier position of this attribute:           1
 Loading geometry 
 
Total number of spatial objs created:67209
Total number of boundaries defined:5
There are 5 unique boundaries defined:
 * wall
 * inlet
 * outlet_01
 * outlet_02
 * outlet_03
 
 This is a single color mesh.
 
--------------------------------------------------------------------------------
 Building preliminary tree ...
                           ... done with level:            9
 Number of leaves:            178081
 Total number of nodes:       203521
 Memory unused in parent intersected_object:        64107
 
Flooding tree ... 
               ... done with nWaves = 90
Flooding periphery (calc_dist active) ... 
 ... Done flooding the periphery!
Final number of Flooded leaves: 75668
--------------------------------------------------------------------------------
 Refining preliminary tree ...
--------------------------------------------------------------------------------
 Smooth levels ...
 done in nWaves 1
 Creating treelmesh ...
                       done
 dumping treelmesh to dir: mesh/
 Seeder created mesh successfully!
Name:	seeder
Umask:	0022
State:	R (running)
Tgid:	3916
Ngid:	0
Pid:	3916
PPid:	3872
TracerPid:	0
Uid:	1000	1000	1000	1000
Gid:	1000	1000	1000	1000
FDSize:	256
Groups:	4 24 27 30 46 100 1000 1001
NStgid:	3916
NSpid:	3916
NSpgid:	3872
NSsid:	495
Kthread:	0
VmPeak:	  271736 kB
VmSize:	  271736 kB
VmLck:	       0 kB
VmPin:	       0 kB
VmHWM:	   89504 kB
VmRSS:	   89504 kB
RssAnon:	   78176 kB
RssFile:	   11328 kB
RssShmem:	       0 kB
VmData:	  112188 kB
VmStk:	     136 kB
VmExe:	    4256 kB
VmLib:	    9796 kB
VmPTE:	     292 kB
VmSwap:	       0 kB
HugetlbPages:	       0 kB
CoreDumping:	0
THP_enabled:	1
untag_mask:	0xffffffffffffffff
Threads:	3
SigQ:	1/31177
SigPnd:	0000000000000000
ShdPnd:	0000000000000000
SigBlk:	0000000000000000
SigIgn:	0000000000000000
SigCgt:	00000001418004fc
CapInh:	0000000000000000
CapPrm:	0000000000000000
CapEff:	0000000000000000
CapBnd:	000001ffffffffff
CapAmb:	0000000000000000
NoNewPrivs:	0
Seccomp:	2
Seccomp_filters:	1
Speculation_Store_Bypass:	thread vulnerable
SpeculationIndirectBranch:	conditional enabled
Cpus_allowed:	ffffff
Cpus_allowed_list:	0-23
Mems_allowed:	00000000,00000000,00000000,00000000,00000000,00000000,00000000,00000000,00000000,00000000,00000000,00000000,000000
Mems_allowed_list:	0
voluntary_ctxt_switches:	1488
nonvoluntary_ctxt_switches:	3

 Done with Seeder in       3.32 s
