FAILURE_SMALL_SCALE_DIAGNOSTIC.log: OK
PAIR_ACTIVE_BASELINE_BENCHMARK.json: OK
PAIR_ACTIVE_BENCHMARK_BUILD.log: OK
PAIR_BASELINE_BENCHMARK.json: OK
PAIR_BENCHMARK_BUILD.log: OK
RAW_diagnostic_beta0.125.h5: OK
RAW_diagnostic_beta0.25.h5: OK
RAW_diagnostic_beta0.5.h5: OK
RAW_patch_beta0.125.h5: OK
RAW_patch_beta0.25.h5: OK
RAW_patch_beta0.5.h5: OK
RAW_performance2000_beta0.5.h5: OK
RAW_performance_beta0.5.h5: OK
RAW_planar_beta0.125.h5: OK
RAW_planar_beta0.25.h5: OK
RAW_planar_beta0.5.h5: OK
REMOTE_NATIVE_CAPABILITY_beta0.125.npz: OK
REMOTE_NATIVE_CAPABILITY_beta0.25.npz: OK
SETUP.err: OK
SETUP.log: OK
diagnostic_0p125.err: OK
diagnostic_0p125.log: OK
diagnostic_0p125_RECEIPT.json: OK
diagnostic_0p25.err: OK
diagnostic_0p25.log: OK
diagnostic_0p25_RECEIPT.json: OK
diagnostic_0p5.err: OK
diagnostic_0p5.log: OK
diagnostic_0p5_RECEIPT.json: OK
patch_0p125.err: OK
patch_0p125.log: OK
patch_0p125_RECEIPT.json: OK
patch_0p25.err: OK
patch_0p25.log: OK
patch_0p25_RECEIPT.json: OK
patch_0p5.err: OK
patch_0p5.log: OK
patch_0p5_RECEIPT.json: OK
performance2000_0p5.err: OK
performance2000_0p5.log: OK
performance2000_0p5_RECEIPT.json: OK
performance_0p5.err: OK
performance_0p5.log: OK
performance_0p5_RECEIPT.json: OK
planar_0p125.err: OK
planar_0p125.log: OK
planar_0p125_RECEIPT.json: OK
planar_0p25.err: OK
planar_0p25.log: OK
planar_0p25_RECEIPT.json: OK
planar_0p5.err: OK
planar_0p5.log: OK
planar_0p5_RECEIPT.json: OK
provenance/BETA0125_INPUT_SHA256_VERIFY.json: OK
provenance/BETA025_INPUT_SHA256_VERIFY.json: OK
provenance/FINAL_NATIVE_RUNTIME_SHA256.json: OK
provenance/PRE_SOLVER_LAUNCH_SYNTAX_FAILURE.err: OK
provenance/PRE_SOLVER_LAUNCH_SYNTAX_FAILURE.py.txt: OK
provenance/REMOTE_EXECUTION_CLOSURE.json: OK
provenance/RESOURCE_PREFLIGHT.json: OK
provenance/UPLOAD_SHA256_VERIFY.log: OK
provenance/VAST_AGENTS_GUIDE.md: OK
