2026-09-16 14:56:31,764 CRIT Supervisor is running as root.  Privileges were not dropped because no user is specified in the config file.  If you intend to run as root, you can set user=root in the config file to avoid this message.
2026-09-16 14:56:31,766 INFO RPC interface 'supervisor' initialized
2026-09-16 14:56:31,766 CRIT Server 'unix_http_server' running without any HTTP authentication checking
2026-09-16 14:56:31,767 INFO daemonizing the supervisord process
2026-09-16 14:56:31,767 INFO supervisord started with pid 108524
2026-09-16 14:56:31,818 INFO spawned: 'setup' with pid 108526
2026-09-16 14:56:31,818 INFO success: setup entered RUNNING state, process has stayed up for > than 0 seconds (startsecs)
2026-09-16 14:56:44,142 INFO exited: setup (exit status 0; expected)
2026-09-16 14:57:30,333 INFO spawned: 'planar_0p5' with pid 108574
2026-09-16 14:57:30,333 INFO success: planar_0p5 entered RUNNING state, process has stayed up for > than 0 seconds (startsecs)
2026-09-16 14:57:30,341 WARN exited: planar_0p5 (exit status 1; not expected)
2026-09-16 14:58:15,981 INFO spawned: 'planar_0p5' with pid 108581
2026-09-16 14:58:15,981 INFO success: planar_0p5 entered RUNNING state, process has stayed up for > than 0 seconds (startsecs)
2026-09-16 14:59:12,041 INFO exited: planar_0p5 (exit status 0; expected)
2026-09-16 14:59:34,194 INFO spawned: 'patch_0p5' with pid 108606
2026-09-16 14:59:34,194 INFO success: patch_0p5 entered RUNNING state, process has stayed up for > than 0 seconds (startsecs)
2026-09-16 15:02:32,500 INFO exited: patch_0p5 (exit status 0; expected)
2026-09-16 15:04:28,402 INFO spawned: 'diagnostic_0p5' with pid 108636
2026-09-16 15:04:28,402 INFO success: diagnostic_0p5 entered RUNNING state, process has stayed up for > than 0 seconds (startsecs)
2026-09-16 15:04:34,145 INFO exited: diagnostic_0p5 (exit status 0; expected)
2026-09-16 15:06:04,226 INFO spawned: 'performance_0p5' with pid 108660
2026-09-16 15:06:04,226 INFO success: performance_0p5 entered RUNNING state, process has stayed up for > than 0 seconds (startsecs)
2026-09-16 15:06:28,701 INFO exited: performance_0p5 (exit status 0; expected)
2026-09-16 15:09:22,729 INFO spawned: 'planar_0p25' with pid 108711
2026-09-16 15:09:22,729 INFO success: planar_0p25 entered RUNNING state, process has stayed up for > than 0 seconds (startsecs)
2026-09-16 15:11:32,541 INFO exited: planar_0p25 (exit status 0; expected)
2026-09-16 15:12:00,740 INFO spawned: 'diagnostic_0p25' with pid 108738
2026-09-16 15:12:00,741 INFO success: diagnostic_0p25 entered RUNNING state, process has stayed up for > than 0 seconds (startsecs)
2026-09-16 15:13:03,375 INFO exited: diagnostic_0p25 (exit status 0; expected)
2026-09-16 15:14:19,612 INFO spawned: 'performance2000_0p5' with pid 108798
2026-09-16 15:14:19,612 INFO success: performance2000_0p5 entered RUNNING state, process has stayed up for > than 0 seconds (startsecs)
2026-09-16 15:15:37,073 INFO exited: performance2000_0p5 (exit status 0; expected)
2026-09-16 15:38:21,911 INFO spawned: 'patch_0p25' with pid 108850
2026-09-16 15:38:21,912 INFO success: patch_0p25 entered RUNNING state, process has stayed up for > than 0 seconds (startsecs)
2026-09-16 15:44:25,057 INFO exited: patch_0p25 (exit status 0; expected)
2026-09-16 15:45:09,808 INFO spawned: 'planar_0p125' with pid 108892
2026-09-16 15:45:09,808 INFO success: planar_0p125 entered RUNNING state, process has stayed up for > than 0 seconds (startsecs)
2026-09-16 15:51:12,704 INFO exited: planar_0p125 (exit status 0; expected)
2026-09-16 15:52:03,041 INFO spawned: 'diagnostic_0p125' with pid 108921
2026-09-16 15:52:03,041 INFO success: diagnostic_0p125 entered RUNNING state, process has stayed up for > than 0 seconds (startsecs)
2026-09-16 15:57:57,858 INFO exited: diagnostic_0p125 (exit status 0; expected)
2026-09-16 15:59:23,881 INFO spawned: 'patch_0p125' with pid 108960
2026-09-16 15:59:23,881 INFO success: patch_0p125 entered RUNNING state, process has stayed up for > than 0 seconds (startsecs)
2026-09-16 16:00:33,971 INFO exited: patch_0p125 (exit status 0; expected)
