 Starting up Musubi with nprocs:            8

 .___  ___.  __    __       _______. __    __  .______    __  
 |   \/   | |  |  |  |     /       ||  |  |  | |   _  \  |  | 
 |  \  /  | |  |  |  |    |   (----`|  |  |  | |  |_)  | |  | 
 |  |\/|  | |  |  |  |     \   \    |  |  |  | |   _  <  |  | 
 |  |  |  | |  `--'  | .----)   |   |  `--'  | |  |_)  | |  | 
 |__|  |__|  \______/  |_______/     \______/  |______/  |_v2.0.0-4-g4e8b27

 (C) 2012 German Research School for Simulation Sciences
 (C) 2013-2020 University Siegen
 (C) 2021 German Aerospace Center (DLR) -
          Institute of Software Methods for Product Virtualization
 
--------------------------------------------------------------------------------
 | INFORMATION ON THE EXECUTABLE
 | Revision of the code in this executable: 81f8c4f13772
 |
 | Compiled with GFORTRAN in version 13.4.0
 | Using the command mpif90
 | And the following flags:
 | -O3 -march=native -Wall -Wno-maybe-uninitialized -Werror -Wno-unused-dum
 | my-argument -fmax-stack-var-size=131072 -std=f2008 -pedantic-errors -O3
 | -march=native -Wall -Wno-maybe-uninitialized -Werror
 |
 | Build date: 2026-08-28
--------------------------------------------------------------------------------
--------------------------------------------------------------------------------
 | PRE-PROCESSING SETTINGS:
 | Using AOS (array of structures data layout)
 | Using PULL for streaming
--------------------------------------------------------------------------------

Run at: 2026-08-28 16:25 UTC+02:00

 Loading configuration file: musubi.lua
--------------------------------------------------------------------------------
--------------------------------------------------------------------------------
--------------------------------------------------------------------------------
Loading general parameters:
Using /dev/null as null device.
Will print run time info in the end
(/proc/self/status).
Size of the IO Buffer (MB): 8
Simulation Name: roi003274_steady_lbm
 Loading convergence for steady state...
 Convergence is a single table
 +-------------------------------------------+
Iterations between trigger checks: 1
  - Min:
  iterations:            0
 
  - Max:
  iterations:      1000000
 
  - Interval:
  iterations:          100
 +-------------------------------------------+
  Loading shape kind: all
  Inverted shape:  F
  Number of reductions loaded: 2
  their reduceTypes are:
    average
    average
 loaded convergence with nConditions=2
     Norm : average
     absolute error
    nVal : 100
--------------------------------------------------------------------------------
 +-------------------------------------------+
  - Now:
  iterations:            0
  simTime   :    0.0000000000000000     
  wallClock :    1.7088264999999998E-002
 
  - Time Control:
 +-------------------------------------------+
Iterations between trigger checks: 1
  - Min:
  iterations:            0
  simTime   :    0.0000000000000000     
 
  - Max:
  iterations:      1000000
  wallClock :    3600.0000000000000     
 
  - Interval:
  iterations:          100
 +-------------------------------------------+
 
  - Abort Criteria:
  stop_file: stop
  steady_state:  T
 
  - Status:
 +-------------------------------------------+
 Using global alltoall
 Loading communication pattern:
 isend_irecv
Write timings to: mus_timing.res
--------------------------------------------------------------------------------
 Loading general solver params: 
 Choosing Control Routine: standard
 Setting SCALING to:diffusive
Solid elements will be removed from BC list
Block size (elements): 576
--------------------------------------------------------------------------------
--------------------------------------------------------------------------------
 Loading restart ...
 *****************************
 Restart write parameters: 
   prefix   : restart/
 +-------------------------------------------+
Iterations between trigger checks: 1
  - Min:
 
  - Max:
 
  - Interval:
 +-------------------------------------------+
 *****************************
 
--------------------------------------------------------------------------------
 No read restart given. Loading mesh file
 Obtaining HEADER of the configured mesh
 Load mesh header from file: ../seeder/mesh/header.lua
 The real bounding cube is...
   min:    7.9044779968261700E-005   4.1095733261108400E-005   7.9823280334472647E-005
   max:    1.7684477996826169E-004   1.3389573326110839E-004   1.5982328033447264E-004
--------------------------------------------------------------------------------
 Load mesh header from file: ../seeder/mesh/header.lua
 The real bounding cube is...
   min:    7.9044779968261700E-005   4.1095733261108400E-005   7.9823280334472647E-005
   max:    1.7684477996826169E-004   1.3389573326110839E-004   1.5982328033447264E-004
 Load mesh from file: ../seeder/mesh/elemlist.lsb
 using one process to read and broadcast
 Done, reading the mesh!
 NO BALANCING!
 Done loading weights.
 Got a mesh with following properties:
                 Mesh name: fluidTree
  Total number of elements: 221109
  Local number of elements: 27639
      Number of properties: 2
      Number of partitions: 8
             Minimum level: 9
             Maximum level: 9
       Bounding Box Origin:     0.0001    0.0000    0.0001
       Bounding Box Length:     0.0001
     Coarsest element size:     0.0000
       Finest element size:     0.0000
  Number of boundary elements: 11060
      Number of qVal elements: 10949
--------------------------------------------------------------------------------
 Load boundary ID from file: ../seeder/mesh/bnd.lsb
 read with MPI
Loading qVal data from directory: ../seeder/mesh/
 Load hasQVal from file: ../seeder/mesh/qval.lsb
 Done, reading the qVal!
 No IBM found!
--------------------------------------------------------------------------------
Lattice dx and dt on each level
level=9, dxL=   1.00000, dtL=   1.00000
--------------------------------------------------------------------------------
--------------------------------------------------------------------------------
  Loading physics table ...
  Physics table is defined.
  All values are expressed in physical units.
 Speed of sound (cs) is not defined.
 Attempting to load time step dt on coarsest level:
   cs =    4.730E+00
   dt =   24.414E-09
 WARNING: No value given for coulomb0
 WARNING: Reference coulomb0 is not found. 
 Setting reference coulomb0 to fundamental electrical charge.
Reference physical quantities:
  rho0       =    1.056E+03
  mass0      =    8.448E-18
  mole0      =    1.661E-24
  moleDens0  =  207.567E-06
  molWeight0 =    5.088E+06
  Temp0      =    1.000E+00
  coulomb0   =  160.218E-21
Conversion factors on level: 9
  dx            =  200.000E-09
  dt            =   24.414E-09
  pressure      =   70.867E+03
  velocity      =    8.192E+00
  kine. visc.   =    1.638E-06
  dyn. visc.    =    1.730E-03
  acceleration  =  335.544E+06
  force         =    2.835E-09
  body force    =  354.335E+09
  strain rate   =   40.960E+06
  energy        =  566.936E-18
  moleFlux      =    1.700E-03
  chargeDens    =   20.027E+00
  currentDens   =  164.063E+00
  massflux      =    8.651E+03
  diffusivity   =    1.638E-06
  faraday       =   96.485E+03
  gasConst      =  341.417E+06
  potential     =    3.539E+03

Over level scale factor: 
    pressure:    1.000E+00
    velocity:    1.000E+00
 strain rate:    1.000E+00
--------------------------------------------------------------------------------
--------------------------------------------------------------------------------
Loading Scheme identify table: 
kind: fluid
Layout: d3q19
relaxation: bgk
  variant: standard
--------------------------------------------------------------------------------
 Creating stencil kind: d3q19
--------------------------------------------------------------------------------
 Loading the field base info ...
 No field table defined.
 Assuming single field and label = "".
--------------------------------------------------------------------------------
 Initializing global variable system for scheme kind: fluid
 Appending state variables 
--------------------------------------------------------------------------------
Interpolation:
  method: quadratic
   order:  2
  weights_method: linear_distance
  inverse distance powefac:  6
--------------------------------------------------------------------------------
 No possible transport variable defined for scheme kind: fluid
--------------------------------------------------------------------------------
 Loading the fields ...
 Number of fields to load:            1
 No field table and scheme table are defined.Loading field data from config
 Loading field: 
 Loading the fluid properties.
 Loading fluid informations
 loading space time function from key: kinematic_viscosity
 Spacetime function is a const value:    3.2700000000000000E-006
 St-fun is not a table, thus setting global shape.
 ERROR: "bulk_viscosity" is not provided in fluid table

  !!!!!!!!!!!!!!!!!!!!!!!!!!!!!!!!!!!!!!
                Aborting. 
  !!!!!!!!!!!!!!!!!!!!!!!!!!!!!!!!!!!!!!

