{
  "validity": {
    "tetra": 371402,
    "vertices": 70363,
    "edges": 464616,
    "connected_volumes": 1,
    "inverted": 0,
    "degenerate": 0,
    "nonfinite": 0,
    "exterior_closed": true,
    "volume_m3": 1.4507951091853811e-15
  },
  "quality": {
    "q_min": 0.1501977279435097,
    "P1": 0.2790350814881104,
    "P5": 0.4787171786527202,
    "median": 0.8525118060958318,
    "P95": 0.9628560105659411,
    "N_low": 0,
    "low_fraction": 0.0
  },
  "wall": {
    "max_m": 6.691851375412593e-08,
    "P95_m": 1.3988457040607598e-08,
    "RMS_m": 7.095672638693024e-09,
    "max_over_h_wall": 0.2821532098583617,
    "forward_sample_count": 100704,
    "backward_sample_count": 67876,
    "method": "Every vertex and triangle centroid to the other triangle surface; sampled bidirectional distance"
  },
  "volume_relative_error": 0.006769110239892187,
  "ports": {
    "OUTLET_03": {
      "area_relative_error": 0.012046232234814033,
      "normal_dot": 0.9999999999995003
    },
    "OUTLET_01": {
      "area_relative_error": 0.013647764846864785,
      "normal_dot": 0.99999999999956
    },
    "INLET": {
      "area_relative_error": 0.008050933265431779,
      "normal_dot": 0.9999999999993496
    },
    "OUTLET_02": {
      "area_relative_error": 0.017676739169480406,
      "normal_dot": 0.9999999999989693
    }
  }
}
{
  "all_pass": true,
  "arrays_identical": [
    "points_m",
    "tetra",
    "boundary_triangles",
    "facet_tags",
    "adjacent_tetra",
    "min_sicn"
  ],
  "vertices": 70363,
  "tetrahedra": 371402,
  "audit_output": "/home/lzy/projects/temp_storage/mesh_code_migration_20260927/isolated_mesh_check",
  "production_mesh_overwritten": false
}
