source/compute/mus_compute_MSLiquid_module.fpp:1256:      ! cs2 to get unit for body_force N/m^3
source/derived/mus_auxFieldVar_module.fpp:1053:    real(kind=rk) :: forceField(fun%elemLvl(iLevel)%nElems*3), inv_rho
source/derived/mus_auxFieldVar_module.fpp:1068:      & res     = forceField                                )
source/derived/mus_auxFieldVar_module.fpp:1071:    forceField = forceField / phyConvFac%body_force
source/derived/mus_auxFieldVar_module.fpp:1082:      forceTerm = forceField((iElem-1)*3+1 : iElem*3)*0.5_rk*inv_rho
source/derived/mus_auxFieldVar_module.fpp:1116:    real(kind=rk) :: forceField(fun%elemLvl(iLevel)%nElems*3), inv_rho, eps_f
source/derived/mus_auxFieldVar_module.fpp:1133:      & res     = forceField                                )
source/derived/mus_auxFieldVar_module.fpp:1136:    forceField = forceField / phyConvFac%body_force
source/derived/mus_auxFieldVar_module.fpp:1148:      forceTerm = forceField((iElem-1)*3+1 : iElem*3)*0.5_rk*inv_rho*eps_f
source/derived/mus_auxFieldVar_module.fpp:1181:    real(kind=rk) :: forceField(fun%elemLvl(iLevel)%nElems*3)
source/derived/mus_auxFieldVar_module.fpp:1195:      & res     = forceField                                )
source/derived/mus_auxFieldVar_module.fpp:1198:    forceField = forceField / phyConvFac%body_force
source/derived/mus_auxFieldVar_module.fpp:1207:      forceTerm = forceField((iElem-1)*3+1 : iElem*3)*0.5_rk*rho0Inv
source/derived/mus_auxFieldVar_module.fpp:1245:    real(kind=rk) :: forceField(fun%elemLvl(iLevel)%nElems*3)
source/derived/mus_auxFieldVar_module.fpp:1263:      & res     = forceField                                )
source/derived/mus_auxFieldVar_module.fpp:1266:    forceField = forceField / phyConvFac%body_force
source/derived/mus_auxFieldVar_module.fpp:1279:        forceTerm = forceField((iElem-1)*3+1 : iElem*3)*0.5_rk
source/derived/mus_auxFieldVar_module.fpp:1478:    real(kind=rk) :: forceField(fun%elemLvl(iLevel)%nElems*3)
source/derived/mus_auxFieldVar_module.fpp:1499:      & res     = forceField                                )
source/derived/mus_auxFieldVar_module.fpp:1502:    forceField = forceField / phyConvFac%body_force
source/derived/mus_auxFieldVar_module.fpp:1545:        forceTerm = forceField((iElem-1)*3+1 : iElem*3)*0.5_rk
source/derived/mus_derQuanMSLiquid_module.fpp:150:  public :: applySrc_forceMSLiquid_2ndOrd
source/derived/mus_derQuanMSLiquid_module.fpp:151:  public :: applySrc_forceMSLiquid_2ndOrd_WTDF
source/derived/mus_derQuanMSLiquid_module.fpp:152:  public :: applySrc_forceMSLiquid_1stOrd
source/derived/mus_derQuanMSLiquid_module.fpp:153:  public :: applySrc_forceMSLiquid_1stOrd_WTDF
source/derived/mus_derQuanMSLiquid_module.fpp:3477:  subroutine applySrc_forceMSLiquid_2ndOrd( fun, inState, outState, neigh, &
source/derived/mus_derQuanMSLiquid_module.fpp:3516:    real(kind=rk) :: forceField(fun%elemLvl(iLevel)%nElems*3)
source/derived/mus_derQuanMSLiquid_module.fpp:3549:        & res     = forceField                                )
source/derived/mus_derQuanMSLiquid_module.fpp:3552:      forceField = forceField / physics%fac(iLevel)%body_force
source/derived/mus_derQuanMSLiquid_module.fpp:3603:        force_elem = forceField((iElem-1)*3+1 : iElem*3)
source/derived/mus_derQuanMSLiquid_module.fpp:3642:  end subroutine applySrc_forceMSLiquid_2ndOrd
source/derived/mus_derQuanMSLiquid_module.fpp:3657:  subroutine applySrc_forceMSLiquid_1stOrd( fun, inState, outState, neigh, &
source/derived/mus_derQuanMSLiquid_module.fpp:3696:    real(kind=rk) :: forceField(fun%elemLvl(iLevel)%nElems*3)
source/derived/mus_derQuanMSLiquid_module.fpp:3728:        & res     = forceField                                )
source/derived/mus_derQuanMSLiquid_module.fpp:3731:      forceField = forceField / physics%fac(iLevel)%body_force
source/derived/mus_derQuanMSLiquid_module.fpp:3764:        force_elem = forceField((iElem-1)*3+1 : iElem*3)
source/derived/mus_derQuanMSLiquid_module.fpp:3800:  end subroutine applySrc_forceMSLiquid_1stOrd
source/derived/mus_derQuanMSLiquid_module.fpp:3816:  subroutine applySrc_forceMSLiquid_2ndOrd_WTDF( fun, inState, outState,    &
source/derived/mus_derQuanMSLiquid_module.fpp:3855:    real(kind=rk) :: forceField(fun%elemLvl(iLevel)%nElems*3)
source/derived/mus_derQuanMSLiquid_module.fpp:3893:        & res     = forceField                                )
source/derived/mus_derQuanMSLiquid_module.fpp:3896:      forceField = forceField / physics%fac(iLevel)%body_force
source/derived/mus_derQuanMSLiquid_module.fpp:3949:        force_elem = forceField((iElem-1)*3+1 : iElem*3)
source/derived/mus_derQuanMSLiquid_module.fpp:4013:  end subroutine applySrc_forceMSLiquid_2ndOrd_WTDF
source/derived/mus_derQuanMSLiquid_module.fpp:4027:  subroutine applySrc_forceMSLiquid_1stOrd_WTDF( fun, inState, outState,    &
source/derived/mus_derQuanMSLiquid_module.fpp:4066:    real(kind=rk) :: forceField(fun%elemLvl(iLevel)%nElems*3)
source/derived/mus_derQuanMSLiquid_module.fpp:4102:        & res     = forceField                                )
source/derived/mus_derQuanMSLiquid_module.fpp:4105:      forceField = forceField / physics%fac(iLevel)%body_force
source/derived/mus_derQuanMSLiquid_module.fpp:4153:        force_elem = forceField((iElem-1)*3+1 : iElem*3)
source/derived/mus_derQuanMSLiquid_module.fpp:4197:  end subroutine applySrc_forceMSLiquid_1stOrd_WTDF
source/derived/mus_derQuan_module.fpp:172:  public :: derive_force_MRT
source/derived/mus_derQuan_module.fpp:173:  public :: derive_force1stOrd
source/derived/mus_derQuan_module.fpp:185:  public :: applySrc_force
source/derived/mus_derQuan_module.fpp:186:  public :: applySrc_force_GNS
source/derived/mus_derQuan_module.fpp:187:  public :: applySrc_force_MRT
source/derived/mus_derQuan_module.fpp:188:  public :: applySrc_force_MRT_d2q9
source/derived/mus_derQuan_module.fpp:189:  public :: applySrc_force_MRT_d3q19
source/derived/mus_derQuan_module.fpp:190:  public :: applySrc_force_MRT_d3q27
source/derived/mus_derQuan_module.fpp:196:  public :: applySrc_force1stOrd
source/derived/mus_derQuan_module.fpp:1729:  recursive subroutine derive_force_MRT(fun, varsys, elempos, time, tree,     &
source/derived/mus_derQuan_module.fpp:1767:    real(kind=rk) :: forceField(nElems*3)
source/derived/mus_derQuan_module.fpp:1790:      & res     = forceField                                 )
source/derived/mus_derQuan_module.fpp:1814:      ! For incompressible model: this forceField should be divided by rho0.
source/derived/mus_derQuan_module.fpp:1816:      G = forceField((iElem-1)*3+1 : iElem*3) &
source/derived/mus_derQuan_module.fpp:1817:        & / fPtr%solverData%physics%fac(iLevel)%body_force
source/derived/mus_derQuan_module.fpp:1865:  end subroutine derive_force_MRT
source/derived/mus_derQuan_module.fpp:1874:  recursive subroutine derive_force1stOrd(fun, varsys, elempos, time, tree, &
source/derived/mus_derQuan_module.fpp:1913:  end subroutine derive_force1stOrd
source/derived/mus_derQuan_module.fpp:2266:   !! with the negative velocity field to obtain the force term.
source/derived/mus_derQuan_module.fpp:2382:   !! variable and multiplies it with negative velocity to obtain the force term.
source/derived/mus_derQuan_module.fpp:3129:  subroutine applySrc_force( fun, inState, outState, neigh, auxField,    &
source/derived/mus_derQuan_module.fpp:3168:    real(kind=rk) :: forceField(fun%elemLvl(iLevel)%nElems*3)
source/derived/mus_derQuan_module.fpp:3169:    real(kind=rk) :: G(3), velocity(3), ucx, uMinusCX(3), forceTerm
source/derived/mus_derQuan_module.fpp:3190:      & res     = forceField                                )
source/derived/mus_derQuan_module.fpp:3193:    forceField = forceField / fPtr%solverData%physics%fac(iLevel)%body_force
source/derived/mus_derQuan_module.fpp:3212:      ! For incompressible model: this forceField should be divided by rho0.
source/derived/mus_derQuan_module.fpp:3214:      G = forceField((iElem-1)*3+1 : iElem*3)
source/derived/mus_derQuan_module.fpp:3243:  end subroutine applySrc_force
source/derived/mus_derQuan_module.fpp:3253:  subroutine applySrc_force_GNS( fun, inState, outState, neigh, auxField,    &
source/derived/mus_derQuan_module.fpp:3292:    real(kind=rk) :: forceField(fun%elemLvl(iLevel)%nElems*3)
source/derived/mus_derQuan_module.fpp:3293:    real(kind=rk) :: G(3), velocity(3), ucx, uMinusCX(3), forceTerm
source/derived/mus_derQuan_module.fpp:3315:      & res     = forceField                                )
source/derived/mus_derQuan_module.fpp:3318:    forceField = forceField / fPtr%solverData%physics%fac(iLevel)%body_force
source/derived/mus_derQuan_module.fpp:3340:      ! For incompressible model: this forceField should be divided by rho0.
source/derived/mus_derQuan_module.fpp:3342:      G = forceField((iElem-1)*3+1 : iElem*3)
source/derived/mus_derQuan_module.fpp:3371:  end subroutine applySrc_force_GNS
source/derived/mus_derQuan_module.fpp:3393:  subroutine applySrc_force_MRT( fun, inState, outState, neigh, auxField,    &
source/derived/mus_derQuan_module.fpp:3432:    real(kind=rk) :: forceField(fun%elemLvl(iLevel)%nElems*3)
source/derived/mus_derQuan_module.fpp:3456:      & res     = forceField                                )
source/derived/mus_derQuan_module.fpp:3459:    forceField = forceField / fPtr%solverData%physics%fac(iLevel)%body_force
source/derived/mus_derQuan_module.fpp:3481:      ! For incompressible model: this forceField should be divided by rho0.
source/derived/mus_derQuan_module.fpp:3483:      G = forceField((iElem-1)*3+1 : iElem*3)
source/derived/mus_derQuan_module.fpp:3534:  end subroutine applySrc_force_MRT
source/derived/mus_derQuan_module.fpp:3555:  subroutine applySrc_force_MRT_d3q27( fun, inState, outState, neigh,      &
source/derived/mus_derQuan_module.fpp:3594:    real(kind=rk) :: forceField(fun%elemLvl(iLevel)%nElems*3)
source/derived/mus_derQuan_module.fpp:3618:      & res     = forceField                                )
source/derived/mus_derQuan_module.fpp:3621:    forceField = forceField / fPtr%solverData%physics%fac(iLevel)%body_force
source/derived/mus_derQuan_module.fpp:3649:      ! For incompressible model: this forceField should be divided by rho0.
source/derived/mus_derQuan_module.fpp:3651:      F = forceField((iElem-1)*3+1 : iElem*3)
source/derived/mus_derQuan_module.fpp:3693:  end subroutine applySrc_force_MRT_d3q27
source/derived/mus_derQuan_module.fpp:3716:  subroutine applySrc_force_MRT_d3q19( fun, inState, outState, neigh,      &
source/derived/mus_derQuan_module.fpp:3755:    real(kind=rk) :: forceField(fun%elemLvl(iLevel)%nElems*3)
source/derived/mus_derQuan_module.fpp:3779:      & res     = forceField                                )
source/derived/mus_derQuan_module.fpp:3782:    forceField = forceField / fPtr%solverData%physics%fac(iLevel)%body_force
source/derived/mus_derQuan_module.fpp:3813:      ! For incompressible model: this forceField should be divided by rho0.
source/derived/mus_derQuan_module.fpp:3815:      F = forceField((iElem-1)*3+1 : iElem*3)
source/derived/mus_derQuan_module.fpp:3862:  end subroutine applySrc_force_MRT_d3q19
source/derived/mus_derQuan_module.fpp:3885:  subroutine applySrc_force_MRT_d2q9( fun, inState, outState, neigh,      &
source/derived/mus_derQuan_module.fpp:3924:    real(kind=rk) :: forceField(fun%elemLvl(iLevel)%nElems*3)
source/derived/mus_derQuan_module.fpp:3948:      & res     = forceField                                )
source/derived/mus_derQuan_module.fpp:3951:    forceField = forceField / fPtr%solverData%physics%fac(iLevel)%body_force
source/derived/mus_derQuan_module.fpp:3981:      ! For incompressible model: this forceField should be divided by rho0.
source/derived/mus_derQuan_module.fpp:3983:      F = forceField((iElem-1)*3+1 : iElem*3)
source/derived/mus_derQuan_module.fpp:4023:  end subroutine applySrc_force_MRT_d2q9
source/derived/mus_derQuan_module.fpp:4043:  subroutine applySrc_force1stOrd( fun, inState, outState, neigh, auxField,    &
source/derived/mus_derQuan_module.fpp:4082:    real(kind=rk) :: forceField(fun%elemLvl(iLevel)%nElems*3)
source/derived/mus_derQuan_module.fpp:4104:      & res     = forceField                                )
source/derived/mus_derQuan_module.fpp:4109:!      FF_elem = forceField((iElem-1)*3+1 : iElem*3)
source/derived/mus_derQuan_module.fpp:4115:    forceField = forceField / fPtr%solverData%physics%fac(iLevel)%body_force
source/derived/mus_derQuan_module.fpp:4126:      FF_elem = forceField((iElem-1)*3+1 : iElem*3)
source/derived/mus_derQuan_module.fpp:4143:  end subroutine applySrc_force1stOrd
source/derived/mus_derQuan_module.fpp:4192:    real(kind=rk) :: velocity(3), ucx, uMinusCX(3), forceTerm, dens
source/derived/mus_source_var_module.f90:175:  !! key is glob_source or source
source/derived/mus_variable_module.f90:114:    &                                   derive_force_MRT,                 &
source/derived/mus_variable_module.f90:115:    &                                   derive_force1stOrd,               &
source/derived/mus_variable_module.f90:125:    &                                   applySrc_force,                   &
source/derived/mus_variable_module.f90:126:    &                                   applySrc_force_GNS,               &
source/derived/mus_variable_module.f90:127:    &                                   applySrc_force_MRT,               &
source/derived/mus_variable_module.f90:128:    &                                   applySrc_force_MRT_d2q9,          &
source/derived/mus_variable_module.f90:129:    &                                   applySrc_force_MRT_d3q19,         &
source/derived/mus_variable_module.f90:130:    &                                   applySrc_force_MRT_d3q27,         &
source/derived/mus_variable_module.f90:136:    &                                   applySrc_force1stOrd,             &       
source/derived/mus_variable_module.f90:174:    &                                   applySrc_forceMSLiquid_1stOrd,         &
source/derived/mus_variable_module.f90:176:    &                                   applySrc_forceMSLiquid_1stOrd_WTDF,    &
source/derived/mus_variable_module.f90:178:    &                                   applySrc_forceMSLiquid_2ndOrd,         &
source/derived/mus_variable_module.f90:180:    &                                   applySrc_forceMSLiquid_2ndOrd_WTDF
source/derived/mus_variable_module.f90:1054:              get_element => derive_force_MRT
source/derived/mus_variable_module.f90:1057:                me%method(iSrc)%applySrc => applySrc_force_MRT_d2q9
source/derived/mus_variable_module.f90:1059:                me%method(iSrc)%applySrc => applySrc_force_MRT_d3q19
source/derived/mus_variable_module.f90:1061:                me%method(iSrc)%applySrc => applySrc_force_MRT_d3q27
source/derived/mus_variable_module.f90:1063:                me%method(iSrc)%applySrc => applySrc_force_MRT
source/derived/mus_variable_module.f90:1066:              me%method(iSrc)%applySrc => applySrc_force
source/derived/mus_variable_module.f90:1079:            get_element => derive_force1stOrd
source/derived/mus_variable_module.f90:1080:            me%method(iSrc)%applySrc => applySrc_force1stOrd
source/derived/mus_variable_module.f90:1213:                me%method(iSrc)%applySrc => applySrc_force_GNS
source/derived/mus_variable_module.f90:1248:              me%method(iSrc)%applySrc => applySrc_forceMSLiquid_2ndOrd_WTDF
source/derived/mus_variable_module.f90:1251:              me%method(iSrc)%applySrc => applySrc_forceMSLiquid_2ndOrd
source/derived/mus_variable_module.f90:1256:              me%method(iSrc)%applySrc => applySrc_forceMSLiquid_1stOrd_WTDF
source/derived/mus_variable_module.f90:1258:              me%method(iSrc)%applySrc => applySrc_forceMSLiquid_1stOrd
source/intp/mus_interpolate_average_module.fpp:66:  use mus_relaxationParam_module,    only: mus_calcOmegaFromVisc
source/intp/mus_interpolate_average_module.fpp:333:      fOmegaKine = mus_calcOmegaFromVisc(2_rk*cVisc)
source/intp/mus_interpolate_average_module.fpp:334:      cOmegaKine = mus_calcOmegaFromVisc(cVisc)
source/intp/mus_interpolate_average_module.fpp:534:      fOmegaKine = mus_calcOmegaFromVisc(2_rk*cVisc + tTurbVisc)
source/intp/mus_interpolate_average_module.fpp:535:      cOmegaKine = mus_calcOmegaFromVisc(cVisc + fluid%turbulence%fac_f2c*tTurbVisc)
source/intp/mus_interpolate_average_module.fpp:723:      fOmegaKine = mus_calcOmegaFromVisc(2_rk*cVisc)
source/intp/mus_interpolate_average_module.fpp:724:      cOmegaKine = mus_calcOmegaFromVisc(cVisc)
source/intp/mus_interpolate_average_module.fpp:1009:      fOmegaKine = mus_calcOmegaFromVisc(fVisc)
source/intp/mus_interpolate_average_module.fpp:1010:      cOmegaKine = mus_calcOmegaFromVisc(0.5_rk*fVisc)
source/intp/mus_interpolate_average_module.fpp:1214:      fOmegaKine = mus_calcOmegaFromVisc(fVisc + fluid%turbulence%fac_c2f*tTurbVisc)
source/intp/mus_interpolate_average_module.fpp:1215:      cOmegaKine = mus_calcOmegaFromVisc(0.5_rk*fVisc + tTurbVisc)
source/intp/mus_interpolate_average_module.fpp:1409:      fOmegaKine = mus_calcOmegaFromVisc(fVisc)
source/intp/mus_interpolate_average_module.fpp:1410:      cOmegaKine = mus_calcOmegaFromVisc(0.5_rk*fVisc)
source/intp/mus_interpolate_linear_module.fpp:101:  use mus_relaxationParam_module,    only: mus_calcOmegaFromVisc
source/intp/mus_interpolate_linear_module.fpp:476:      fOmegaKine = mus_calcOmegaFromVisc(fVisc)
source/intp/mus_interpolate_linear_module.fpp:477:      cOmegaKine = mus_calcOmegaFromVisc(0.5_rk*fVisc)
source/intp/mus_interpolate_linear_module.fpp:700:      fOmegaKine = mus_calcOmegaFromVisc(fVisc + fluid%turbulence%fac_c2f*tTurbVisc(1))
source/intp/mus_interpolate_linear_module.fpp:701:      cOmegaKine = mus_calcOmegaFromVisc(0.5_rk*fVisc + tTurbVisc(1))
source/intp/mus_interpolate_linear_module.fpp:905:      fOmegaKine = mus_calcOmegaFromVisc(fVisc)
source/intp/mus_interpolate_linear_module.fpp:906:      cOmegaKine = mus_calcOmegaFromVisc(0.5_rk*fVisc)
source/intp/mus_interpolate_quadratic_module.fpp:78:  use mus_relaxationParam_module,    only: mus_calcOmegaFromVisc
source/intp/mus_interpolate_quadratic_module.fpp:453:      fOmegaKine = mus_calcOmegaFromVisc(fVisc)
source/intp/mus_interpolate_quadratic_module.fpp:454:      cOmegaKine = mus_calcOmegaFromVisc(0.5_rk*fVisc)
source/intp/mus_interpolate_quadratic_module.fpp:677:      fOmegaKine = mus_calcOmegaFromVisc(fVisc + fluid%turbulence%fac_c2f*tTurbVisc(1))
source/intp/mus_interpolate_quadratic_module.fpp:678:      cOmegaKine = mus_calcOmegaFromVisc(0.5_rk*fVisc + tTurbVisc(1))
source/intp/mus_interpolate_quadratic_module.fpp:881:      fOmegaKine = mus_calcOmegaFromVisc(fVisc)
source/intp/mus_interpolate_quadratic_module.fpp:882:      cOmegaKine = mus_calcOmegaFromVisc(0.5_rk*fVisc)
source/mus_IBM_module.fpp:2222:  !> This subroutine corrects the velocity values according to the force on X
source/mus_IBM_module.fpp:3931:    ! surface points Xk (e.g. velocity, force, coordinates, ...)
source/mus_fluid_module.f90:81:    &                                   mus_calcOmegaFromVisc,           &
source/mus_fluid_module.f90:562:      om_min = mus_calcOmegaFromVisc(glob_visc_min)
source/mus_fluid_module.f90:563:      om_max = mus_calcOmegaFromVisc(glob_visc_max)
source/mus_physics_module.f90:124:    real(kind=rk) :: body_force
source/mus_physics_module.f90:536:      ! body_force
source/mus_physics_module.f90:537:      me%fac( iLevel )%body_force = me%rho0*me%dxLvl( iLevel )                 &
source/mus_physics_module.f90:684:      call aot_out_val( put_conf = conf, vname = 'body_force',                 &
source/mus_physics_module.f90:685:        &               val = me%fac(iLevel)%body_force )
source/mus_physics_module.f90:780:        &                  // trim(tem_toStr(me%fac( iLevel )%body_force))
source/mus_relaxationParam_module.f90:67:  public :: mus_calcOmegaFromVisc
source/mus_relaxationParam_module.f90:270:        viscKine%omLvl(iLevel)%val(iElem) = 1.0_rk / ( cs2inv * tot_visc &
source/mus_relaxationParam_module.f90:278:          & = 1.0_rk / ( cs2inv * viscKine%dataOnLvl(iLevel)%val(iElem) &
source/mus_relaxationParam_module.f90:342:      !  omega(elemOff+iElem) = mus_calcOmegaFromVisc(visc(iElem))
source/mus_relaxationParam_module.f90:344:      omega(minBuf:maxBuf) = mus_calcOmegaFromVisc(visc(minBuf:maxBuf))
source/mus_relaxationParam_module.f90:354:  elemental function mus_calcOmegaFromVisc(visc) result(omega)
source/mus_relaxationParam_module.f90:363:    !omega = 1.0_rk / ( cs2inv * visc / dtL + 0.5_rk )
source/mus_relaxationParam_module.f90:364:    omega = 1.0_rk / ( cs2inv * visc + 0.5_rk )
source/mus_relaxationParam_module.f90:365:  end function mus_calcOmegaFromVisc
source/mus_source_type_module.f90:88:  !> Contains information to compute average bulk velocity for dynamic_force.
source/mus_source_type_module.f90:205:    !> Contains information to compute average bulk velocity for dynamic_force
source/mus_source_type_module.f90:443:  !! key is glob_source or source
source/mus_source_type_module.f90:550:  !> Load shape, bulk velocity and height for turbulent channel force
source/mus_source_type_module.f90:572:    ! Load Shape, bulk velocity and height for turbulent channel force
source/particles/mus_particle_DEM_module.f90:441:      ! Increment the fluid velocity using the forces by particles on fluid
source/particles/mus_particle_DEM_module.f90:668:  !> Update particle velocity according to current forces on particle
source/particles/mus_particle_DEM_module.f90:690:  !> Update particle velocity according to current forces on particle
source/particles/mus_particle_DPS_module.fpp:461:        G_lat = G_lat / params%physics%fac(lev)%body_force
source/particles/mus_particle_DPS_module.fpp:533:        G_lat = G_lat / params%physics%fac(lev)%body_force
source/particles/mus_particle_DPS_module.fpp:544:  !> Routine to modify the auxField (velocity) with the forces exerted 
source/particles/mus_particle_DPS_module.fpp:605:        G_lat = G_lat / params%physics%fac(lev)%body_force
source/particles/mus_particle_DPS_module.fpp:2435:    real(kind=rk) :: velocity(3), ucx, uMinusCX(3), forceTerm
source/particles/mus_particle_DPS_module.fpp:2499:    real(kind=rk) :: velocity(3), inv_vol_frac, ucx, uMinusCX(3), forceTerm
source/particles/mus_particle_creator_module.f90:786:    ! Set velocity, force, radius and mass of particles
source/particles/mus_particle_creator_module.f90:906:    ! Set velocity, force, radius and mass of particles
source/particles/particleArrayMacros.inc:725:    if( key == 'position' .OR. key == 'velocity' .OR. key == 'force' ) then
source/scheme/mus_scheme_module.f90:293:        &                       key      = 'glob_source',      &
