    do iLevel = minLevel, maxLevel
      ! length
      me%fac( iLevel )%length = me%dxLvl( iLevel )
      ! time
      me%fac( iLevel )%time = me%dtLvl( iLevel )
      ! velocity
      me%fac( iLevel )%vel = me%dxLvl( iLevel )/me%dtLvl( iLevel )
      ! kinematic viscosity
      me%fac( iLevel )%visc = me%dxLvl( iLevel )**2/me%dtLvl( iLevel )
      ! dynamic viscosity
      me%fac( iLevel )%viscDyna = me%rho0 * me%fac( iLevel )%visc
      ! acceleration
      me%fac( iLevel )%accel = me%dxLvl( iLevel )/me%dtLvl( iLevel )**2
      ! force
      me%fac( iLevel )%force = me%rho0*me%dxLvl( iLevel )**4                   &
        &                    / me%dtLvl( iLevel )**2
      ! body_force
      me%fac( iLevel )%body_force = me%rho0*me%dxLvl( iLevel )                 &
        &                         / me%dtLvl( iLevel )**2
      ! pressure or shear stress
      me%fac( iLevel )%press = me%rho0 * me%dxLvl( iLevel )**2                 &
        &                    / me%dtLvl( iLevel )**2
      ! strain rate
      me%fac( iLevel )%strainRate = 1._rk / me%dtLvl( iLevel )
      ! Energy
      me%fac( iLevel )%energy = me%rho0*me%dxLvl( iLevel )**5                  &
  end subroutine applySrc_absorbLayerDyn_MRT
! **************************************************************************** !

! ****************************************************************************** !
  !> Update state with source variable "force".
  !! Force term used here is from:
  !! "Discrete lattice effects on the forcing term in the lattice Boltzmann
  !!  method", Zhaoli Guo, Chugung Zheng and Baochang Shi.
  !! In the paper, use force term is referred as Method 2 as:
  !! \[ F_i = w_i( (\vec{e}_i-\vec{u}*)/cs2 +
  !!       (\vec{e}_i \cdot \vec{u}*)\vec{e}_i/cs4) \cdot \vec{F} \]
  !! Force must be defined as body force per unit volume
  !! KM: If this force formula is used then velocity needs to be
  !! computed as u = \sum c_i f_i + \vec{F}/2
  !!
  !! Simuilar to derive routine but it updates the state whereas derive
  !! is used for tracking.
  !!
  !! This subroutine's interface must match the abstract interface definition
  !! [[proc_apply_source]] in derived/[[mus_source_var_module]].f90 in order to
  !! be callable via [[mus_source_op_type:applySrc]] function pointer.
  subroutine applySrc_force( fun, inState, outState, neigh, auxField,    &
    &                        nPdfSize, iLevel, varSys, time, phyConvFac, &
    &                        derVarPos                                   )
    ! -------------------------------------------------------------------- !
    !> Description of method to apply source terms
    class(mus_source_op_type), intent(in) :: fun

    !> input  pdf vector
    real(kind=rk), intent(in) :: inState(:)

    !> output pdf vector
    real(kind=rk), intent(inout) :: outState(:)

    !> connectivity Array corresponding to state vector
    integer,intent(in) :: neigh(:)

    !> auxField array
    real(kind=rk), intent(in) :: auxField(:)

    !> number of elements in state Array
    integer, intent(in) :: nPdfSize

    !> current level
    integer, intent(in) :: iLevel

    !> variable system
    type(tem_varSys_type), intent(in) :: varSys

    !> Point in time at which to evaluate the variable.
    type(tem_time_type), intent(in)  :: time

    !> Physics conversion factor for current level
    type(mus_convertFac_type), intent(in) :: phyConvFac

    !> position of derived quantities in varsys
    type(mus_derVarPos_type), intent(in) :: derVarPos(:)
    ! -------------------------------------------------------------------- !
    type(mus_varSys_data_type), pointer :: fPtr
    type(mus_scheme_type), pointer :: scheme
    real(kind=rk) :: forceField(fun%elemLvl(iLevel)%nElems*3)
    real(kind=rk) :: G(3), velocity(3), ucx, uMinusCX(3), forceTerm
    integer :: nElems, iElem, iDir, QQ, nScalars, posInTotal, statePos, elemOff
    integer :: vel_pos(3)
    real(kind=rk) :: omega, omega_fac
    ! ---------------------------------------------------------------------------
    ! convert c pointer to solver type fortran pointer
    call c_f_pointer( varSys%method%val( fun%srcTerm_varPos )%method_data, &
      &               fPtr )
    scheme => fPtr%solverData%scheme

    ! Number of elements to apply source terms
    nElems = fun%elemLvl(iLevel)%nElems

    ! Get force which is refered in config file either its
    ! spacetime variable or operation variable
    call varSys%method%val(fun%data_varPos)%get_valOfIndex( &
      & varSys  = varSys,                                   &
      & time    = time,                                     &
      & iLevel  = iLevel,                                   &
      & idx     = fun%elemLvl(iLevel)%idx(1:nElems),        &
      & nVals   = nElems,                                   &
      & res     = forceField                                )

    ! convert physical to lattice
    forceField = forceField / fPtr%solverData%physics%fac(iLevel)%body_force

    ! constant parameter
    QQ = scheme%layout%fStencil%QQ
    nScalars = varSys%nScalars
    ! Position of velocity variable in auxField
    vel_pos = varSys%method%val(derVarPos(1)%velocity)%auxField_varPos(1:3)

    do iElem = 1, nElems
      posInTotal = fun%elemLvl(iLevel)%posInTotal(iElem)

      ! element offset
      elemoff = (posInTotal-1)*varSys%nAuxScalars
      ! obtain velocity from auxField
      velocity(1) = auxField(elemOff + vel_pos(1))
      velocity(2) = auxField(elemOff + vel_pos(2))
      velocity(3) = auxField(elemOff + vel_pos(3))

      ! force field on current element
      ! For incompressible model: this forceField should be divided by rho0.
      ! Since rho0 =1, this term is also valid for incompressible model
      G = forceField((iElem-1)*3+1 : iElem*3)

      ! get the correct omega value
      omega = scheme%field(1)%fieldProp%fluid%viscKine              &
        &                              %omLvl(iLevel)%val(posInTotal)
      omega_fac = 1.0_rk - omega * 0.5_rk

      ! force term:
      ! F_i = w_i( (\vec{e}_i-\vec{u}*)/cs2 +
      !       (\vec{e}_i \cdot \vec{u}*)\vec{e}_i/cs4) \cdot \vec{F}
      do iDir = 1, QQ
        ucx = dot_product( scheme%layout%fStencil%cxDirRK(:, iDir), &
          &                velocity )
        uMinusCx = scheme%layout%fStencil%cxDirRK(:, iDir) - velocity

        forceTerm = dot_product( uMinusCx * cs2inv               &
          &       + ucx * scheme%layout%fStencil%cxDirRK(:,iDir) &
          &       * cs4inv, G )

        ! position in state array
        statePos = ?SAVE?(iDir, 1, posInTotal, QQ, nScalars, nPdfSize, neigh)
        ! update outstate
        outState(statePos) = outState(statePos)                         &
          & + omega_fac * scheme%layout%weight( iDir ) * forceTerm

      end do

    end do !iElem

  end subroutine applySrc_force
! ****************************************************************************** !
  ! ****************************************************************************** !
      auxField(elemOff+vel_pos(1)) = auxField(elemOff+vel_pos(1)) + forceTerm(1)
      auxField(elemOff+vel_pos(2)) = auxField(elemOff+vel_pos(2)) + forceTerm(2)
      auxField(elemOff+vel_pos(3)) = auxField(elemOff+vel_pos(3)) + forceTerm(3)
    end do

  end subroutine mus_addForceToAuxField_fluid_GNS
  ! ************************************************************************** !

  ! ************************************************************************** !
  !> This routine add force to velocity in auxField for incompressible model
  subroutine mus_addForceToAuxField_fluidIncomp(fun, auxField, iLevel, time, &
    & varSys, phyConvFac, derVarPos)
    ! ------------------------------------------------------------------------ !
    !> Description of method to update source
    class(mus_source_op_type), intent(inout) :: fun
    !> output auxField array
    real(kind=rk), intent(inout)         :: auxField(:)
    !> current level
    integer, intent(in)                :: iLevel
    !> current timing information
    type(tem_time_type), intent(in)    :: time
    !> variable system definition
    type(tem_varSys_type), intent(in) :: varSys
    !> Physics conversion factor for current level
    type(mus_convertFac_type), intent(in) :: phyConvFac
    !> position of derived quantities in varsys
    type(mus_derVarPos_type), intent(in) :: derVarPos(:)
    ! ------------------------------------------------------------------------ !
    integer :: vel_pos(3), elemOff
    real(kind=rk) :: forceTerm(3)
    integer :: iElem, nElems, posInTotal
    real(kind=rk) :: forceField(fun%elemLvl(iLevel)%nElems*3)
    ! ------------------------------------------------------------------------ !
    ! position of velocity field in auxField
    vel_pos = varSys%method%val(derVarPos(1)%velocity)%auxField_varPos(1:3)
    ! Number of elements to apply source terms
    nElems = fun%elemLvl(iLevel)%nElems
    ! Get force which is refered in config file either its
    ! spacetime variable or operation variable
    call varSys%method%val(fun%data_varPos)%get_valOfIndex( &
      & varSys  = varSys,                                   &
      & time    = time,                                     &
      & iLevel  = iLevel,                                   &
      & idx     = fun%elemLvl(iLevel)%idx(1:nElems),        &
      & nVals   = nElems,                                   &
      & res     = forceField                                )

    ! convert physical to lattice
    forceField = forceField / phyConvFac%body_force

!$omp parallel do schedule(static), private( posInTotal, forceTerm, elemOff )
    !NEC$ ivdep
    do iElem = 1, nElems
      posInTotal = fun%elemLvl(iLevel)%posInTotal(iElem)
      ! element offset
      elemoff = (posInTotal-1)*varSys%nAuxScalars
      ! forceterm to add to velocity: F/(2*rho)
      forceTerm = forceField((iElem-1)*3+1 : iElem*3)*0.5_rk*rho0Inv
      ! add force to velocity
      auxField(elemOff+vel_pos(1)) = auxField(elemOff+vel_pos(1)) + forceTerm(1)
      auxField(elemOff+vel_pos(2)) = auxField(elemOff+vel_pos(2)) + forceTerm(2)
      auxField(elemOff+vel_pos(3)) = auxField(elemOff+vel_pos(3)) + forceTerm(3)
    end do

  end subroutine mus_addForceToAuxField_fluidIncomp
  ! ************************************************************************** !

  ! ************************************************************************** !
  !> This routine add body force to momentum in auxField for multispecies
  !! liquid model
  !! Refer to Appendix in PhD Thesis of K. Masilamani


  ! ------------------------------------------------------------------------ !
  !> This function compute relaxation paramter omega from viscosity
  elemental function mus_calcOmegaFromVisc(visc) result(omega)
    ! -------------------------------------------------------------------- !
    !> scaled lattice viscosity i.e vL_c/dtL
    real(kind=rk), intent(in) :: visc
    !> lattice time step size in current level
    !!real(kind=rk), intent(in) :: dtL
    !> output: relaxation parameter omega
    real(kind=rk) :: omega
    ! -------------------------------------------------------------------- !
    !omega = 1.0_rk / ( cs2inv * visc / dtL + 0.5_rk )
    omega = 1.0_rk / ( cs2inv * visc + 0.5_rk )
  end function mus_calcOmegaFromVisc
  ! ------------------------------------------------------------------------ !


