Directory ownership check passed
.d..t...... logs/stage01_7/
.d..t...... logs/stage01_7/20260917T230531_105138258_adaptive_determinism/
>f+++++++++ logs/stage01_7/20260917T230531_105138258_adaptive_determinism/metadata.json
>f+++++++++ logs/stage01_7/20260917T230531_105138258_adaptive_determinism/stderr.log
>f+++++++++ logs/stage01_7/20260917T230531_105138258_adaptive_determinism/stdout.log
cd+++++++++ logs/stage01_7/20260917T230554_089025599_selected_save/
>f+++++++++ logs/stage01_7/20260917T230554_089025599_selected_save/metadata.json
>f+++++++++ logs/stage01_7/20260917T230554_089025599_selected_save/stderr.log
>f+++++++++ logs/stage01_7/20260917T230554_089025599_selected_save/stdout.log
cd+++++++++ logs/stage01_7/20260917T230623_811953803_selected_reload_r1/
>f+++++++++ logs/stage01_7/20260917T230623_811953803_selected_reload_r1/metadata.json
>f+++++++++ logs/stage01_7/20260917T230623_811953803_selected_reload_r1/stderr.log
>f+++++++++ logs/stage01_7/20260917T230623_811953803_selected_reload_r1/stdout.log
cd+++++++++ logs/stage01_7/20260917T230624_791076282_determinism_compare/
>f+++++++++ logs/stage01_7/20260917T230624_791076282_determinism_compare/metadata.json
>f+++++++++ logs/stage01_7/20260917T230624_791076282_determinism_compare/stderr.log
>f+++++++++ logs/stage01_7/20260917T230624_791076282_determinism_compare/stdout.log
cd+++++++++ logs/stage01_7/20260917T230657_458817363_selected_reload_r2/
>f+++++++++ logs/stage01_7/20260917T230657_458817363_selected_reload_r2/metadata.json
>f+++++++++ logs/stage01_7/20260917T230657_458817363_selected_reload_r2/stderr.log
>f+++++++++ logs/stage01_7/20260917T230657_458817363_selected_reload_r2/stdout.log
.d..t...... outputs/stage01_7/
>f+++++++++ outputs/stage01_7/determinism_comparison.json
>f.st...... outputs/stage01_7/volume_mesh_ledger.json
cd+++++++++ outputs/stage01_7/determinism/
>f+++++++++ outputs/stage01_7/determinism/adaptive_decision_log.json
>f+++++++++ outputs/stage01_7/determinism/optimizer_result.json
>f+++++++++ outputs/stage01_7/determinism/surface_search.json
cd+++++++++ outputs/stage01_7/determinism/iteration_00/
cd+++++++++ outputs/stage01_7/determinism/iteration_00/mesh/
>f+++++++++ outputs/stage01_7/determinism/iteration_00/mesh/fluid.msh
>f+++++++++ outputs/stage01_7/determinism/iteration_00/mesh/volume_mesh.npz
cd+++++++++ outputs/stage01_7/determinism/iteration_00/metadata/
>f+++++++++ outputs/stage01_7/determinism/iteration_00/metadata/iteration_inputs.json
>f+++++++++ outputs/stage01_7/determinism/iteration_00/metadata/meshing.json
cd+++++++++ outputs/stage01_7/determinism/iteration_00/qc/
>f+++++++++ outputs/stage01_7/determinism/iteration_00/qc/acceptance.json
>f+++++++++ outputs/stage01_7/determinism/iteration_00/qc/dolfinx_loadable.json
>f+++++++++ outputs/stage01_7/determinism/iteration_00/qc/iteration_result.json
>f+++++++++ outputs/stage01_7/determinism/iteration_00/qc/surface_invariants.json
>f+++++++++ outputs/stage01_7/determinism/iteration_00/qc/volume_quality.json
cd+++++++++ outputs/stage01_7/determinism/iteration_00/surface/
>f+++++++++ outputs/stage01_7/determinism/iteration_00/surface/tagged_surface_si.npz
cd+++++++++ outputs/stage01_7/determinism/surface_trials/
cd+++++++++ outputs/stage01_7/determinism/surface_trials/inlet/
cd+++++++++ outputs/stage01_7/determinism/surface_trials/inlet/trial_00/
>f+++++++++ outputs/stage01_7/determinism/surface_trials/inlet/trial_00/cap_mesh.npz
>f+++++++++ outputs/stage01_7/determinism/surface_trials/inlet/trial_00/trial.json
cd+++++++++ outputs/stage01_7/determinism/surface_trials/inlet/trial_01/
>f+++++++++ outputs/stage01_7/determinism/surface_trials/inlet/trial_01/cap_mesh.npz
>f+++++++++ outputs/stage01_7/determinism/surface_trials/inlet/trial_01/trial.json
cd+++++++++ outputs/stage01_7/determinism/surface_trials/inlet/trial_02/
>f+++++++++ outputs/stage01_7/determinism/surface_trials/inlet/trial_02/cap_mesh.npz
>f+++++++++ outputs/stage01_7/determinism/surface_trials/inlet/trial_02/trial.json
cd+++++++++ outputs/stage01_7/determinism/surface_trials/inlet/trial_03/
>f+++++++++ outputs/stage01_7/determinism/surface_trials/inlet/trial_03/cap_mesh.npz
>f+++++++++ outputs/stage01_7/determinism/surface_trials/inlet/trial_03/trial.json
cd+++++++++ outputs/stage01_7/determinism/surface_trials/inlet/trial_04/
>f+++++++++ outputs/stage01_7/determinism/surface_trials/inlet/trial_04/cap_mesh.npz
>f+++++++++ outputs/stage01_7/determinism/surface_trials/inlet/trial_04/trial.json
cd+++++++++ outputs/stage01_7/determinism/surface_trials/inlet/trial_05/
>f+++++++++ outputs/stage01_7/determinism/surface_trials/inlet/trial_05/cap_mesh.npz
>f+++++++++ outputs/stage01_7/determinism/surface_trials/inlet/trial_05/trial.json
cd+++++++++ outputs/stage01_7/determinism/surface_trials/inlet/trial_06/
>f+++++++++ outputs/stage01_7/determinism/surface_trials/inlet/trial_06/cap_mesh.npz
>f+++++++++ outputs/stage01_7/determinism/surface_trials/inlet/trial_06/trial.json
cd+++++++++ outputs/stage01_7/determinism/surface_trials/inlet/trial_07/
>f+++++++++ outputs/stage01_7/determinism/surface_trials/inlet/trial_07/cap_mesh.npz
>f+++++++++ outputs/stage01_7/determinism/surface_trials/inlet/trial_07/trial.json
cd+++++++++ outputs/stage01_7/determinism/surface_trials/outlet_01/
cd+++++++++ outputs/stage01_7/determinism/surface_trials/outlet_01/trial_00/
>f+++++++++ outputs/stage01_7/determinism/surface_trials/outlet_01/trial_00/cap_mesh.npz
>f+++++++++ outputs/stage01_7/determinism/surface_trials/outlet_01/trial_00/trial.json
cd+++++++++ outputs/stage01_7/determinism/surface_trials/outlet_01/trial_01/
>f+++++++++ outputs/stage01_7/determinism/surface_trials/outlet_01/trial_01/cap_mesh.npz
>f+++++++++ outputs/stage01_7/determinism/surface_trials/outlet_01/trial_01/trial.json
cd+++++++++ outputs/stage01_7/determinism/surface_trials/outlet_01/trial_02/
>f+++++++++ outputs/stage01_7/determinism/surface_trials/outlet_01/trial_02/cap_mesh.npz
>f+++++++++ outputs/stage01_7/determinism/surface_trials/outlet_01/trial_02/trial.json
cd+++++++++ outputs/stage01_7/determinism/surface_trials/outlet_01/trial_03/
>f+++++++++ outputs/stage01_7/determinism/surface_trials/outlet_01/trial_03/cap_mesh.npz
>f+++++++++ outputs/stage01_7/determinism/surface_trials/outlet_01/trial_03/trial.json
cd+++++++++ outputs/stage01_7/determinism/surface_trials/outlet_01/trial_04/
>f+++++++++ outputs/stage01_7/determinism/surface_trials/outlet_01/trial_04/cap_mesh.npz
>f+++++++++ outputs/stage01_7/determinism/surface_trials/outlet_01/trial_04/trial.json
cd+++++++++ outputs/stage01_7/determinism/surface_trials/outlet_01/trial_05/
>f+++++++++ outputs/stage01_7/determinism/surface_trials/outlet_01/trial_05/cap_mesh.npz
>f+++++++++ outputs/stage01_7/determinism/surface_trials/outlet_01/trial_05/trial.json
cd+++++++++ outputs/stage01_7/determinism/surface_trials/outlet_01/trial_06/
>f+++++++++ outputs/stage01_7/determinism/surface_trials/outlet_01/trial_06/cap_mesh.npz
>f+++++++++ outputs/stage01_7/determinism/surface_trials/outlet_01/trial_06/trial.json
cd+++++++++ outputs/stage01_7/determinism/surface_trials/outlet_01/trial_07/
>f+++++++++ outputs/stage01_7/determinism/surface_trials/outlet_01/trial_07/cap_mesh.npz
>f+++++++++ outputs/stage01_7/determinism/surface_trials/outlet_01/trial_07/trial.json
cd+++++++++ outputs/stage01_7/determinism/surface_trials/outlet_02/
cd+++++++++ outputs/stage01_7/determinism/surface_trials/outlet_02/trial_00/
>f+++++++++ outputs/stage01_7/determinism/surface_trials/outlet_02/trial_00/cap_mesh.npz
>f+++++++++ outputs/stage01_7/determinism/surface_trials/outlet_02/trial_00/trial.json
cd+++++++++ outputs/stage01_7/determinism/surface_trials/outlet_02/trial_01/
>f+++++++++ outputs/stage01_7/determinism/surface_trials/outlet_02/trial_01/cap_mesh.npz
>f+++++++++ outputs/stage01_7/determinism/surface_trials/outlet_02/trial_01/trial.json
cd+++++++++ outputs/stage01_7/determinism/surface_trials/outlet_02/trial_02/
>f+++++++++ outputs/stage01_7/determinism/surface_trials/outlet_02/trial_02/cap_mesh.npz
>f+++++++++ outputs/stage01_7/determinism/surface_trials/outlet_02/trial_02/trial.json
cd+++++++++ outputs/stage01_7/determinism/surface_trials/outlet_02/trial_03/
>f+++++++++ outputs/stage01_7/determinism/surface_trials/outlet_02/trial_03/cap_mesh.npz
>f+++++++++ outputs/stage01_7/determinism/surface_trials/outlet_02/trial_03/trial.json
cd+++++++++ outputs/stage01_7/determinism/surface_trials/outlet_02/trial_04/
>f+++++++++ outputs/stage01_7/determinism/surface_trials/outlet_02/trial_04/cap_mesh.npz
>f+++++++++ outputs/stage01_7/determinism/surface_trials/outlet_02/trial_04/trial.json
cd+++++++++ outputs/stage01_7/determinism/surface_trials/outlet_02/trial_05/
>f+++++++++ outputs/stage01_7/determinism/surface_trials/outlet_02/trial_05/cap_mesh.npz
>f+++++++++ outputs/stage01_7/determinism/surface_trials/outlet_02/trial_05/trial.json
cd+++++++++ outputs/stage01_7/determinism/surface_trials/outlet_02/trial_06/
>f+++++++++ outputs/stage01_7/determinism/surface_trials/outlet_02/trial_06/cap_mesh.npz
>f+++++++++ outputs/stage01_7/determinism/surface_trials/outlet_02/trial_06/trial.json
cd+++++++++ outputs/stage01_7/determinism/surface_trials/outlet_02/trial_07/
>f+++++++++ outputs/stage01_7/determinism/surface_trials/outlet_02/trial_07/cap_mesh.npz
>f+++++++++ outputs/stage01_7/determinism/surface_trials/outlet_02/trial_07/trial.json
cd+++++++++ outputs/stage01_7/determinism/surface_trials/outlet_03/
cd+++++++++ outputs/stage01_7/determinism/surface_trials/outlet_03/trial_00/
>f+++++++++ outputs/stage01_7/determinism/surface_trials/outlet_03/trial_00/cap_mesh.npz
>f+++++++++ outputs/stage01_7/determinism/surface_trials/outlet_03/trial_00/trial.json
cd+++++++++ outputs/stage01_7/determinism/surface_trials/outlet_03/trial_01/
>f+++++++++ outputs/stage01_7/determinism/surface_trials/outlet_03/trial_01/cap_mesh.npz
>f+++++++++ outputs/stage01_7/determinism/surface_trials/outlet_03/trial_01/trial.json
cd+++++++++ outputs/stage01_7/determinism/surface_trials/outlet_03/trial_02/
>f+++++++++ outputs/stage01_7/determinism/surface_trials/outlet_03/trial_02/cap_mesh.npz
>f+++++++++ outputs/stage01_7/determinism/surface_trials/outlet_03/trial_02/trial.json
cd+++++++++ outputs/stage01_7/determinism/surface_trials/outlet_03/trial_03/
>f+++++++++ outputs/stage01_7/determinism/surface_trials/outlet_03/trial_03/cap_mesh.npz
>f+++++++++ outputs/stage01_7/determinism/surface_trials/outlet_03/trial_03/trial.json
cd+++++++++ outputs/stage01_7/determinism/surface_trials/outlet_03/trial_04/
>f+++++++++ outputs/stage01_7/determinism/surface_trials/outlet_03/trial_04/cap_mesh.npz
>f+++++++++ outputs/stage01_7/determinism/surface_trials/outlet_03/trial_04/trial.json
cd+++++++++ outputs/stage01_7/determinism/surface_trials/outlet_03/trial_05/
>f+++++++++ outputs/stage01_7/determinism/surface_trials/outlet_03/trial_05/cap_mesh.npz
>f+++++++++ outputs/stage01_7/determinism/surface_trials/outlet_03/trial_05/trial.json
cd+++++++++ outputs/stage01_7/determinism/surface_trials/outlet_03/trial_06/
>f+++++++++ outputs/stage01_7/determinism/surface_trials/outlet_03/trial_06/cap_mesh.npz
>f+++++++++ outputs/stage01_7/determinism/surface_trials/outlet_03/trial_06/trial.json
cd+++++++++ outputs/stage01_7/determinism/surface_trials/outlet_03/trial_07/
>f+++++++++ outputs/stage01_7/determinism/surface_trials/outlet_03/trial_07/cap_mesh.npz
>f+++++++++ outputs/stage01_7/determinism/surface_trials/outlet_03/trial_07/trial.json
.d..t...... outputs/stage01_7/selected/mesh/
>f+++++++++ outputs/stage01_7/selected/mesh/fluid.h5
>f+++++++++ outputs/stage01_7/selected/mesh/fluid.xdmf
.d..t...... outputs/stage01_7/selected/metadata/
>f+++++++++ outputs/stage01_7/selected/metadata/dolfinx_save.json
.d..t...... outputs/stage01_7/selected/qc/
>f+++++++++ outputs/stage01_7/selected/qc/reload_r1.json
>f+++++++++ outputs/stage01_7/selected/qc/reload_r2.json
