	linux-vdso.so.1 (0x00007ffcb839d000)
	liblapack.so.3 => /usr/lib/x86_64-linux-gnu/liblapack.so.3 (0x00007f1a63f87000)
	libblas.so.3 => /usr/lib/x86_64-linux-gnu/libblas.so.3 (0x00007f1a63ee0000)
	libm.so.6 => /usr/lib/x86_64-linux-gnu/libm.so.6 (0x00007f1a63df7000)
	libcudart.so.12 => /workspace/formal_3D_flow_solver_FEM_SimVascular_lzy/sv1_3j/external/compat_cuda/cuda-12.3.2/lib64/libcudart.so.12 (0x00007f1a63a00000)
	libcublas.so.12 => /workspace/formal_3D_flow_solver_FEM_SimVascular_lzy/sv1_3j/external/compat_cuda/cuda-12.3.2/lib64/libcublas.so.12 (0x00007f1a5d200000)
	libcusparse.so.12 => /workspace/formal_3D_flow_solver_FEM_SimVascular_lzy/sv1_3j/external/compat_cuda/cuda-12.3.2/lib64/libcusparse.so.12 (0x00007f1a4d000000)
	libcusolver.so.11 => /workspace/formal_3D_flow_solver_FEM_SimVascular_lzy/sv1_3j/external/compat_cuda/cuda-12.3.2/lib64/libcusolver.so.11 (0x00007f1a45e00000)
	libcurand.so.10 => /workspace/formal_3D_flow_solver_FEM_SimVascular_lzy/sv1_3j/external/compat_cuda/cuda-12.3.2/lib64/libcurand.so.10 (0x00007f1a3f800000)
	libnvToolsExt.so.1 => /workspace/formal_3D_flow_solver_FEM_SimVascular_lzy/sv1_3j/external/compat_cuda/cuda-12.3.2/lib64/libnvToolsExt.so.1 (0x00007f1a3f400000)
	libstdc++.so.6 => /usr/lib/x86_64-linux-gnu/libstdc++.so.6 (0x00007f1a3f182000)
	libmpi.so.40 => /workspace/formal_3D_flow_solver_FEM_SimVascular_lzy/sv1_3g/external/gpu_mpi/lib/libmpi.so.40 (0x00007f1a63cbb000)
	libgcc_s.so.1 => /usr/lib/x86_64-linux-gnu/libgcc_s.so.1 (0x00007f1a639d2000)
	libc.so.6 => /usr/lib/x86_64-linux-gnu/libc.so.6 (0x00007f1a3ef6f000)
	/lib64/ld-linux-x86-64.so.2 (0x00007f1a663ef000)
	libgfortran.so.5 => /usr/lib/x86_64-linux-gnu/libgfortran.so.5 (0x00007f1a3ec51000)
	libdl.so.2 => /usr/lib/x86_64-linux-gnu/libdl.so.2 (0x00007f1a63cb4000)
	libpthread.so.0 => /usr/lib/x86_64-linux-gnu/libpthread.so.0 (0x00007f1a63caf000)
	librt.so.1 => /usr/lib/x86_64-linux-gnu/librt.so.1 (0x00007f1a639cd000)
	libcublasLt.so.12 => /workspace/formal_3D_flow_solver_FEM_SimVascular_lzy/sv1_3j/external/compat_cuda/cuda-12.3.2/lib64/libcublasLt.so.12 (0x00007f1a1c400000)
	libnvJitLink.so.12 => /workspace/formal_3D_flow_solver_FEM_SimVascular_lzy/sv1_3j/external/compat_cuda/cuda-12.3.2/lib64/libnvJitLink.so.12 (0x00007f1a18e00000)
	libopen-rte.so.40 => /workspace/formal_3D_flow_solver_FEM_SimVascular_lzy/sv1_3g/external/gpu_mpi/lib/libopen-rte.so.40 (0x00007f1a5d142000)
	libopen-pal.so.40 => /workspace/formal_3D_flow_solver_FEM_SimVascular_lzy/sv1_3g/external/gpu_mpi/lib/libopen-pal.so.40 (0x00007f1a4cee8000)
	libz.so.1 => /usr/lib/x86_64-linux-gnu/libz.so.1 (0x00007f1a5d126000)
