Mat Object: 1 MPI process
  type: seqaijcusparse
  rows=128, cols=128
  total: nonzeros=382, allocated nonzeros=382
  total number of mallocs used during MatSetValues calls=0
    not using I-node routines
  0 KSP preconditioned resid norm 5.711829829398e+00 true resid norm 2.284731931759e+01 ||r(i)||/||b|| 1.000000000000e+00
  1 KSP preconditioned resid norm 7.017074025813e-01 true resid norm 2.806829610325e+00 ||r(i)||/||b|| 1.228515945923e-01
  2 KSP preconditioned resid norm 1.437705069415e-01 true resid norm 5.750820277659e-01 ||r(i)||/||b|| 2.517065655589e-02
  3 KSP preconditioned resid norm 3.640364008289e-02 true resid norm 1.456145603316e-01 ||r(i)||/||b|| 6.373376163191e-03
  4 KSP preconditioned resid norm 9.657699339392e-03 true resid norm 3.863079735757e-02 ||r(i)||/||b|| 1.690824066516e-03
  5 KSP preconditioned resid norm 2.583532194878e-03 true resid norm 1.033412877951e-02 ||r(i)||/||b|| 4.523125289170e-04
  6 KSP preconditioned resid norm 6.919655326888e-04 true resid norm 2.767862130755e-03 ||r(i)||/||b|| 1.211460343457e-04
  7 KSP preconditioned resid norm 1.853617784814e-04 true resid norm 7.414471139255e-04 ||r(i)||/||b|| 3.245225856123e-05
  8 KSP preconditioned resid norm 4.965468177788e-05 true resid norm 1.986187271113e-04 ||r(i)||/||b|| 8.693305518706e-06
  9 KSP preconditioned resid norm 1.330139390754e-05 true resid norm 5.320557563066e-05 ||r(i)||/||b|| 2.328744781437e-06
 10 KSP preconditioned resid norm 3.563116688344e-06 true resid norm 1.425246675392e-05 ||r(i)||/||b|| 6.238135229697e-07
 11 KSP preconditioned resid norm 9.544618281120e-07 true resid norm 3.817847312214e-06 ||r(i)||/||b|| 1.671026372566e-07
 12 KSP preconditioned resid norm 2.556715818731e-07 true resid norm 1.022686326737e-06 ||r(i)||/||b|| 4.476176449942e-08
 13 KSP preconditioned resid norm 6.848594664081e-08 true resid norm 2.739437856556e-07 ||r(i)||/||b|| 1.199019376617e-08
 14 KSP preconditioned resid norm 1.834489767928e-08 true resid norm 7.337959079485e-08 ||r(i)||/||b|| 3.211737437326e-09
 15 KSP preconditioned resid norm 4.913869782581e-09 true resid norm 1.965547901077e-08 ||r(i)||/||b|| 8.602969450177e-10
 16 KSP preconditioned resid norm 1.316213014382e-09 true resid norm 5.264852261176e-09 ||r(i)||/||b|| 2.304363233162e-10
 17 KSP preconditioned resid norm 3.525514833847e-10 true resid norm 1.410205869515e-09 ||r(i)||/||b|| 6.172303410795e-11
 18 KSP preconditioned resid norm 9.443051351840e-11 true resid norm 3.777226912567e-10 ||r(i)||/||b|| 1.653247306637e-11
 19 KSP preconditioned resid norm 2.529269891668e-11 true resid norm 1.011705805960e-10 ||r(i)||/||b|| 4.428116016137e-12
 20 KSP preconditioned resid norm 6.774395810581e-12 true resid norm 2.709727906102e-11 ||r(i)||/||b|| 1.186015684569e-12
 21 KSP preconditioned resid norm 1.814421599165e-12 true resid norm 7.258023668981e-12 ||r(i)||/||b|| 3.176750658618e-13
Linear solve converged due to CONVERGED_RTOL iterations 21
KSP Object: 1 MPI process
  type: gmres
    restart=30, using Classical (unmodified) Gram-Schmidt Orthogonalization with no iterative refinement
    happy breakdown tolerance 1e-30
  maximum iterations=1000, initial guess is zero
  tolerances:  relative=1e-12, absolute=1e-14, divergence=10000.
  left preconditioning
  using PRECONDITIONED norm type for convergence test
PC Object: 1 MPI process
  type: jacobi
    type DIAGONAL
  linear system matrix = precond matrix:
  Mat Object: 1 MPI process
    type: seqaijcusparse
    rows=128, cols=128
    total: nonzeros=382, allocated nonzeros=382
    total number of mallocs used during MatSetValues calls=0
      not using I-node routines
#PETSc Option Table entries:
-ksp_converged_reason # (source: command line)
-ksp_monitor_true_residual # (source: command line)
-ksp_type gmres # (source: command line)
-log_view # (source: command line)
-log_view_gpu_time # (source: command line)
-mat_type aijcusparse # (source: command line)
-mat_view ::ascii_info # (source: command line)
-skip_petscrc # (source: environment)
-use_gpu_aware_mpi 0 # (source: environment)
-vec_type cuda # (source: command line)
-vec_view ::ascii_info # (source: command line)
#End of PETSc Option Table entries
SMOKE Mat=seqaijcusparse Vec=seqcuda KSP=gmres PC=jacobi reason=2 iterations=21 relative_residual=3.1767506586176323e-13 error_inf=1.2652101588628284e-12
****************************************************************************************************************************************************************
***                                WIDEN YOUR WINDOW TO 160 CHARACTERS.  Use 'enscript -r -fCourier9' to print this document                                 ***
****************************************************************************************************************************************************************

------------------------------------------------------------------ PETSc Performance Summary: ------------------------------------------------------------------



      ##########################################################
      #                                                        #
      #                       WARNING!!!                       #
      #                                                        #
      #   This code was run with -log_view_gpu_time            #
      #   This provides accurate timing within the GPU kernels #
      #   but can slow down the entire computation by a        #
      #   measurable amount. For fastest runs we recommend     #
      #   not using this option.                               #
      #                                                        #
      ##########################################################


/workspace/formal_3D_flow_solver_FEM_SimVascular_lzy/sv1_3j/benchmarks/petsc_cuda_smoke on a  named f7c62a262077 with 1 processor, by root Sat Sep 19 14:28:13 2026
Using Petsc Release Version 3.19.6, Sep 28, 2023 

                         Max       Max/Min     Avg       Total
Time (sec):           1.897e-01     1.000   1.897e-01
Objects:              1.910e+02     1.000   1.910e+02
Flops:                2.696e+05     1.000   2.696e+05  2.696e+05
Flops/sec:            1.421e+06     1.000   1.421e+06  1.421e+06
MPI Msg Count:        0.000e+00     0.000   0.000e+00  0.000e+00
MPI Msg Len (bytes):  0.000e+00     0.000   0.000e+00  0.000e+00
MPI Reductions:       0.000e+00     0.000

Flop counting convention: 1 flop = 1 real number operation of type (multiply/divide/add/subtract)
                            e.g., VecAXPY() for real vectors of length N --> 2N flops
                            and VecAXPY() for complex vectors of length N --> 8N flops

Summary of Stages:   ----- Time ------  ----- Flop ------  --- Messages ---  -- Message Lengths --  -- Reductions --
                        Avg     %Total     Avg     %Total    Count   %Total     Avg         %Total    Count   %Total
 0:      Main Stage: 1.8972e-01 100.0%  2.6962e+05 100.0%  0.000e+00   0.0%  0.000e+00        0.0%  0.000e+00   0.0%

------------------------------------------------------------------------------------------------------------------------
See the 'Profiling' chapter of the users' manual for details on interpreting output.
Phase summary info:
   Count: number of times phase was executed
   Time and Flop: Max - maximum over all processors
                  Ratio - ratio of maximum to minimum over all processors
   Mess: number of messages sent
   AvgLen: average message length (bytes)
   Reduct: number of global reductions
   Global: entire computation
   Stage: stages of a computation. Set stages with PetscLogStagePush() and PetscLogStagePop().
      %T - percent time in this phase         %F - percent flop in this phase
      %M - percent messages in this phase     %L - percent message lengths in this phase
      %R - percent reductions in this phase
   Total Mflop/s: 10e-6 * (sum of flop over all processors)/(max time over all processors)
   GPU Mflop/s: 10e-6 * (sum of flop on GPU over all processors)/(max GPU time over all processors)
   CpuToGpu Count: total number of CPU to GPU copies per processor
   CpuToGpu Size (Mbytes): 10e-6 * (total size of CPU to GPU copies per processor)
   GpuToCpu Count: total number of GPU to CPU copies per processor
   GpuToCpu Size (Mbytes): 10e-6 * (total size of GPU to CPU copies per processor)
   GPU %F: percent flops on GPU in this event
------------------------------------------------------------------------------------------------------------------------
Event                Count      Time (sec)     Flop                              --- Global ---  --- Stage ----  Total   GPU    - CpuToGpu -   - GpuToCpu - GPU
                   Max Ratio  Max     Ratio   Max  Ratio  Mess   AvgLen  Reduct  %T %F %M %L %R  %T %F %M %L %R Mflop/s Mflop/s Count   Size   Count   Size  %F
---------------------------------------------------------------------------------------------------------------------------------------------------------------

--- Event Stage 0: Main Stage

MatMult               45 1.0 5.8449e-03 1.0 2.86e+04 1.0 0.0e+00 0.0e+00 0.0e+00  3 11  0  0  0   3 11  0  0  0     5       0      1 5.12e-03    0 0.00e+00  100
MatAssemblyBegin       1 1.0 1.4130e-06 1.0 0.00e+00 0.0 0.0e+00 0.0e+00 0.0e+00  0  0  0  0  0   0  0  0  0  0     0       0      0 0.00e+00    0 0.00e+00  0
MatAssemblyEnd         1 1.0 3.4093e-05 1.0 0.00e+00 0.0 0.0e+00 0.0e+00 0.0e+00  0  0  0  0  0   0  0  0  0  0     0       0      0 0.00e+00    0 0.00e+00  0
MatView                2 1.0 8.2885e-05 1.0 0.00e+00 0.0 0.0e+00 0.0e+00 0.0e+00  0  0  0  0  0   0  0  0  0  0     0       0      0 0.00e+00    0 0.00e+00  0
MatCUSPARSCopyTo       1 1.0 1.3149e-03 1.0 0.00e+00 0.0 0.0e+00 0.0e+00 0.0e+00  1  0  0  0  0   1  0  0  0  0     0       0      1 5.12e-03    0 0.00e+00  0
cuBLAS Init            1 1.0 1.1328e-02 1.0 0.00e+00 0.0 0.0e+00 0.0e+00 0.0e+00  6  0  0  0  0   6  0  0  0  0     0       0      0 0.00e+00    0 0.00e+00  0
DCtxCreate            34 1.0 5.9613e-05 1.0 0.00e+00 0.0 0.0e+00 0.0e+00 0.0e+00  0  0  0  0  0   0  0  0  0  0     0       0      0 0.00e+00    0 0.00e+00  0
DCtxDestroy           32 1.0 2.2721e-05 1.0 0.00e+00 0.0 0.0e+00 0.0e+00 0.0e+00  0  0  0  0  0   0  0  0  0  0     0       0      0 0.00e+00    0 0.00e+00  0
DCtxSetUp             34 1.0 5.2611e-05 1.0 0.00e+00 0.0 0.0e+00 0.0e+00 0.0e+00  0  0  0  0  0   0  0  0  0  0     0       0      0 0.00e+00    0 0.00e+00  0
DCtxSetDevice          5 1.0 7.2475e-05 1.0 0.00e+00 0.0 0.0e+00 0.0e+00 0.0e+00  0  0  0  0  0   0  0  0  0  0     0       0      0 0.00e+00    0 0.00e+00  0
DCtxDuplicate         32 1.0 5.7538e-05 1.0 0.00e+00 0.0 0.0e+00 0.0e+00 0.0e+00  0  0  0  0  0   0  0  0  0  0     0       0      0 0.00e+00    0 0.00e+00  0
DCtxWaitForCtx        64 1.0 5.2746e-05 1.0 0.00e+00 0.0 0.0e+00 0.0e+00 0.0e+00  0  0  0  0  0   0  0  0  0  0     0       0      0 0.00e+00    0 0.00e+00  0
DCtxFork              20 1.0 9.4694e-05 1.0 0.00e+00 0.0 0.0e+00 0.0e+00 0.0e+00  0  0  0  0  0   0  0  0  0  0     0       0      0 0.00e+00    0 0.00e+00  0
DCtxJoin              20 1.0 5.2831e-05 1.0 0.00e+00 0.0 0.0e+00 0.0e+00 0.0e+00  0  0  0  0  0   0  0  0  0  0     0       0      0 0.00e+00    0 0.00e+00  0
DCtxSync             203 1.0 1.5764e-04 1.0 0.00e+00 0.0 0.0e+00 0.0e+00 0.0e+00  0  0  0  0  0   0  0  0  0  0     0       0      0 0.00e+00    0 0.00e+00  0
DCtxMark             126 1.0 8.8254e-05 1.0 0.00e+00 0.0 0.0e+00 0.0e+00 0.0e+00  0  0  0  0  0   0  0  0  0  0     0       0      0 0.00e+00    0 0.00e+00  0
VecMDot               21 1.0 1.3902e-03 1.0 8.81e+04 1.0 0.0e+00 0.0e+00 0.0e+00  1 33  0  0  0   1 33  0  0  0    63       0      0 0.00e+00   20 1.82e-03  67
VecNorm               47 1.0 4.2997e-03 1.0 1.17e+04 1.0 0.0e+00 0.0e+00 0.0e+00  2  4  0  0  0   2  4  0  0  0     3       0      0 0.00e+00    1 8.00e-06  100
VecScale              22 1.0 4.6744e-04 1.0 2.82e+03 1.0 0.0e+00 0.0e+00 0.0e+00  0  1  0  0  0   0  1  0  0  0     6       0      0 0.00e+00    0 0.00e+00  100
VecCopy               23 1.0 3.0643e-04 1.0 0.00e+00 0.0 0.0e+00 0.0e+00 0.0e+00  0  0  0  0  0   0  0  0  0  0     0       0      0 0.00e+00    0 0.00e+00  0
VecSet                25 1.0 1.7180e-03 1.0 0.00e+00 0.0 0.0e+00 0.0e+00 0.0e+00  1  0  0  0  0   1  0  0  0  0     0       0      0 0.00e+00    0 0.00e+00  0
VecAXPY               24 1.0 1.9547e-04 1.0 6.14e+03 1.0 0.0e+00 0.0e+00 0.0e+00  0  2  0  0  0   0  2  0  0  0    31       0      0 0.00e+00    0 0.00e+00  100
VecAYPX               22 1.0 4.5003e-04 1.0 5.63e+03 1.0 0.0e+00 0.0e+00 0.0e+00  0  2  0  0  0   0  2  0  0  0    13       0      0 0.00e+00    0 0.00e+00  100
VecMAXPY              43 1.0 1.8951e-03 1.0 1.24e+05 1.0 0.0e+00 0.0e+00 0.0e+00  1 46  0  0  0   1 46  0  0  0    65       0     43 3.86e-03    0 0.00e+00  100
VecPointwiseMult      22 1.0 2.7115e-04 1.0 2.82e+03 1.0 0.0e+00 0.0e+00 0.0e+00  0  1  0  0  0   0  1  0  0  0    10       0      1 1.02e-03    0 0.00e+00  0
VecNormalize          22 1.0 1.4610e-02 1.0 8.43e+03 1.0 0.0e+00 0.0e+00 0.0e+00  8  3  0  0  0   8  3  0  0  0     1       0      0 0.00e+00    0 0.00e+00  100
VecCUDACopyTo          2 1.0 6.7920e-06 1.0 0.00e+00 0.0 0.0e+00 0.0e+00 0.0e+00  0  0  0  0  0   0  0  0  0  0     0       0      2 2.05e-03    0 0.00e+00  0
VecCUDACopyFrom        1 1.0 9.7280e-06 1.0 0.00e+00 0.0 0.0e+00 0.0e+00 0.0e+00  0  0  0  0  0   0  0  0  0  0     0       0      0 0.00e+00    1 1.02e-03  0
KSPSetUp               1 1.0 1.5098e-05 1.0 0.00e+00 0.0 0.0e+00 0.0e+00 0.0e+00  0  0  0  0  0   0  0  0  0  0     0       0      0 0.00e+00    0 0.00e+00  0
KSPSolve               1 1.0 2.8727e-02 1.0 2.68e+05 1.0 0.0e+00 0.0e+00 0.0e+00 15 99  0  0  0  15 99  0  0  0     9       0     45 5.91e-03   21 2.85e-03  88
KSPGMRESOrthog        21 1.0 2.9988e-03 1.0 1.47e+05 1.0 0.0e+00 0.0e+00 0.0e+00  2 55  0  0  0   2 55  0  0  0    49       0     21 1.85e-03   20 1.82e-03  80
PCSetUp                1 1.0 4.1480e-06 1.0 0.00e+00 0.0 0.0e+00 0.0e+00 0.0e+00  0  0  0  0  0   0  0  0  0  0     0       0      0 0.00e+00    0 0.00e+00  0
PCApply               22 1.0 1.2630e-03 1.0 2.94e+03 1.0 0.0e+00 0.0e+00 0.0e+00  1  1  0  0  0   1  1  0  0  0     2       0      2 2.05e-03    1 1.02e-03  0

--- Event Stage 1: Unknown

---------------------------------------------------------------------------------------------------------------------------------------------------------------

Object Type          Creations   Destructions. Reports information only for process 0.

--- Event Stage 0: Main Stage

           Container    10             10
              Matrix     1              1
  PetscDeviceContext     5             32
              Viewer     2              1
              Vector    74             74
       Krylov Solver     1              1
      Preconditioner     1              1
    Distributed Mesh     1              1
   Star Forest Graph     2              2
     Discrete System     1              1
           Weak Form     1              1

--- Event Stage 1: Unknown

========================================================================================================================
Average time to get PetscTime(): 2.2e-08
#PETSc Option Table entries:
-ksp_converged_reason # (source: command line)
-ksp_monitor_true_residual # (source: command line)
-ksp_type gmres # (source: command line)
-log_view # (source: command line)
-log_view_gpu_time # (source: command line)
-mat_type aijcusparse # (source: command line)
-mat_view ::ascii_info # (source: command line)
-skip_petscrc # (source: environment)
-use_gpu_aware_mpi 0 # (source: environment)
-vec_type cuda # (source: command line)
-vec_view ::ascii_info # (source: command line)
#End of PETSc Option Table entries
Compiled without FORTRAN kernels
Compiled with full precision matrices (default)
sizeof(short) 2 sizeof(int) 4 sizeof(long) 8 sizeof(void*) 8 sizeof(PetscScalar) 8 sizeof(PetscInt) 4
Configure options: --prefix=/workspace/formal_3D_flow_solver_FEM_SimVascular_lzy/sv1_3j/external/compat_cuda/petsc-cuda123 PETSC_ARCH=arch-sv13j-cuda123 --with-cc=/workspace/formal_3D_flow_solver_FEM_SimVascular_lzy/sv1_3g/external/gpu_mpi/bin/mpicc --with-cxx=/workspace/formal_3D_flow_solver_FEM_SimVascular_lzy/sv1_3g/external/gpu_mpi/bin/mpicxx --with-mpiexec=/workspace/formal_3D_flow_solver_FEM_SimVascular_lzy/sv1_3g/scripts/run_gpu_mpi.sh --with-fc=0 --with-fortran-bindings=0 --with-debugging=0 --with-shared-libraries=1 --with-scalar-type=real --with-precision=double --with-64-bit-indices=0 --with-blaslapack-lib="[/workspace/formal_3D_flow_solver_FEM_SimVascular_lzy/sv1_3j/external/compat_cuda/system-lib/liblapack.so,/workspace/formal_3D_flow_solver_FEM_SimVascular_lzy/sv1_3j/external/compat_cuda/system-lib/libblas.so]" --with-x=0 --with-cuda=1 --with-cudac=/workspace/formal_3D_flow_solver_FEM_SimVascular_lzy/sv1_3j/external/compat_cuda/cuda-12.3.2/bin/nvcc --with-cuda-include=/workspace/formal_3D_flow_solver_FEM_SimVascular_lzy/sv1_3j/external/compat_cuda/cuda-12.3.2/include --with-cuda-lib="[/workspace/formal_3D_flow_solver_FEM_SimVascular_lzy/sv1_3j/external/compat_cuda/cuda-12.3.2/lib64/libcudart.so,/workspace/formal_3D_flow_solver_FEM_SimVascular_lzy/sv1_3j/external/compat_cuda/cuda-12.3.2/lib64/libcufft.so,/workspace/formal_3D_flow_solver_FEM_SimVascular_lzy/sv1_3j/external/compat_cuda/cuda-12.3.2/lib64/libcublas.so,/workspace/formal_3D_flow_solver_FEM_SimVascular_lzy/sv1_3j/external/compat_cuda/cuda-12.3.2/lib64/libcusparse.so,/workspace/formal_3D_flow_solver_FEM_SimVascular_lzy/sv1_3j/external/compat_cuda/cuda-12.3.2/lib64/libcusolver.so,/workspace/formal_3D_flow_solver_FEM_SimVascular_lzy/sv1_3j/external/compat_cuda/cuda-12.3.2/lib64/libcurand.so,/workspace/formal_3D_flow_solver_FEM_SimVascular_lzy/sv1_3j/external/compat_cuda/cuda-12.3.2/lib64/libnvToolsExt.so]" --with-cuda-arch=89 --with-cxx-dialect=C++17 --with-cuda-dialect=C++17 --with-hip=0 --with-opencl=0
-----------------------------------------
Libraries compiled on 2026-09-19 14:26:34 on f7c62a262077 
Machine characteristics: Linux-5.15.0-190-generic-x86_64-with-glibc2.39
Using PETSc directory: /workspace/formal_3D_flow_solver_FEM_SimVascular_lzy/sv1_3j/external/compat_cuda/petsc-cuda123
Using PETSc arch: 
-----------------------------------------

Using C compiler: /workspace/formal_3D_flow_solver_FEM_SimVascular_lzy/sv1_3g/external/gpu_mpi/bin/mpicc  -fPIC -Wall -Wwrite-strings -Wno-unknown-pragmas -Wno-lto-type-mismatch -Wno-stringop-overflow -fstack-protector -fvisibility=hidden -g -O  
-----------------------------------------

Using include paths: -I/workspace/formal_3D_flow_solver_FEM_SimVascular_lzy/sv1_3j/external/compat_cuda/petsc-cuda123/include -I/workspace/formal_3D_flow_solver_FEM_SimVascular_lzy/sv1_3j/external/compat_cuda/cuda-12.3.2/include
-----------------------------------------

Using C linker: /workspace/formal_3D_flow_solver_FEM_SimVascular_lzy/sv1_3g/external/gpu_mpi/bin/mpicc
Using libraries: -Wl,-rpath,/workspace/formal_3D_flow_solver_FEM_SimVascular_lzy/sv1_3j/external/compat_cuda/petsc-cuda123/lib -L/workspace/formal_3D_flow_solver_FEM_SimVascular_lzy/sv1_3j/external/compat_cuda/petsc-cuda123/lib -lpetsc -Wl,-rpath,/workspace/formal_3D_flow_solver_FEM_SimVascular_lzy/sv1_3j/external/compat_cuda/system-lib -L/workspace/formal_3D_flow_solver_FEM_SimVascular_lzy/sv1_3j/external/compat_cuda/system-lib -Wl,-rpath,/workspace/formal_3D_flow_solver_FEM_SimVascular_lzy/sv1_3j/external/compat_cuda/cuda-12.3.2/lib64 -L/workspace/formal_3D_flow_solver_FEM_SimVascular_lzy/sv1_3j/external/compat_cuda/cuda-12.3.2/lib64 -llapack -lblas -lm -lcudart -lcufft -lcublas -lcusparse -lcusolver -lcurand -lnvToolsExt -lstdc++
-----------------------------------------

