	linux-vdso.so.1 (0x00007ffc8cdf2000)
	liblapack.so.3 => /usr/lib/x86_64-linux-gnu/liblapack.so.3 (0x00007fcf68162000)
	libvtkIOXML-9.3.so.1 => /workspace/formal_3D_flow_solver_FEM_SimVascular_lzy/sv1_3j/external/solver-inputs/vtk/lib/libvtkIOXML-9.3.so.1 (0x00007fcf6803b000)
	libpetsc.so.3.19 => /workspace/formal_3D_flow_solver_FEM_SimVascular_lzy/sv1_3j/external/compat_cuda/petsc-cuda123/lib/libpetsc.so.3.19 (0x00007fcf662d1000)
	libmpi.so.40 => /workspace/formal_3D_flow_solver_FEM_SimVascular_lzy/sv1_3g/external/gpu_mpi/lib/libmpi.so.40 (0x00007fcf66199000)
	libvtkCommonDataModel-9.3.so.1 => /workspace/formal_3D_flow_solver_FEM_SimVascular_lzy/sv1_3j/external/solver-inputs/vtk/lib/libvtkCommonDataModel-9.3.so.1 (0x00007fcf65bec000)
	libvtkCommonMisc-9.3.so.1 => /workspace/formal_3D_flow_solver_FEM_SimVascular_lzy/sv1_3j/external/solver-inputs/vtk/lib/libvtkCommonMisc-9.3.so.1 (0x00007fcf657cd000)
	libvtkCommonCore-9.3.so.1 => /workspace/formal_3D_flow_solver_FEM_SimVascular_lzy/sv1_3j/external/solver-inputs/vtk/lib/libvtkCommonCore-9.3.so.1 (0x00007fcf641e5000)
	libvtksys-9.3.so.1 => /workspace/formal_3D_flow_solver_FEM_SimVascular_lzy/sv1_3j/external/solver-inputs/vtk/lib/libvtksys-9.3.so.1 (0x00007fcf6418d000)
	libstdc++.so.6 => /usr/lib/x86_64-linux-gnu/libstdc++.so.6 (0x00007fcf63f0f000)
	libm.so.6 => /usr/lib/x86_64-linux-gnu/libm.so.6 (0x00007fcf63e24000)
	libgcc_s.so.1 => /usr/lib/x86_64-linux-gnu/libgcc_s.so.1 (0x00007fcf63df6000)
	libc.so.6 => /usr/lib/x86_64-linux-gnu/libc.so.6 (0x00007fcf63be3000)
	libblas.so.3 => /usr/lib/x86_64-linux-gnu/libblas.so.3 (0x00007fcf63b3c000)
	libgfortran.so.5 => /usr/lib/x86_64-linux-gnu/libgfortran.so.5 (0x00007fcf6381e000)
	libvtkIOXMLParser-9.3.so.1 => /workspace/formal_3D_flow_solver_FEM_SimVascular_lzy/sv1_3j/external/solver-inputs/vtk/lib/libvtkIOXMLParser-9.3.so.1 (0x00007fcf63802000)
	libvtkIOCore-9.3.so.1 => /workspace/formal_3D_flow_solver_FEM_SimVascular_lzy/sv1_3j/external/solver-inputs/vtk/lib/libvtkIOCore-9.3.so.1 (0x00007fcf63776000)
	libvtkCommonExecutionModel-9.3.so.1 => /workspace/formal_3D_flow_solver_FEM_SimVascular_lzy/sv1_3j/external/solver-inputs/vtk/lib/libvtkCommonExecutionModel-9.3.so.1 (0x00007fcf63673000)
	libvtkCommonSystem-9.3.so.1 => /workspace/formal_3D_flow_solver_FEM_SimVascular_lzy/sv1_3j/external/solver-inputs/vtk/lib/libvtkCommonSystem-9.3.so.1 (0x00007fcf63655000)
	libcudart.so.12 => /workspace/formal_3D_flow_solver_FEM_SimVascular_lzy/sv1_3j/external/compat_cuda/cuda-12.3.2/lib64/libcudart.so.12 (0x00007fcf63200000)
	libcublas.so.12 => /workspace/formal_3D_flow_solver_FEM_SimVascular_lzy/sv1_3j/external/compat_cuda/cuda-12.3.2/lib64/libcublas.so.12 (0x00007fcf5ca00000)
	libcusparse.so.12 => /workspace/formal_3D_flow_solver_FEM_SimVascular_lzy/sv1_3j/external/compat_cuda/cuda-12.3.2/lib64/libcusparse.so.12 (0x00007fcf4c800000)
	libcusolver.so.11 => /workspace/formal_3D_flow_solver_FEM_SimVascular_lzy/sv1_3j/external/compat_cuda/cuda-12.3.2/lib64/libcusolver.so.11 (0x00007fcf45600000)
	libcurand.so.10 => /workspace/formal_3D_flow_solver_FEM_SimVascular_lzy/sv1_3j/external/compat_cuda/cuda-12.3.2/lib64/libcurand.so.10 (0x00007fcf3f000000)
	libnvToolsExt.so.1 => /workspace/formal_3D_flow_solver_FEM_SimVascular_lzy/sv1_3j/external/compat_cuda/cuda-12.3.2/lib64/libnvToolsExt.so.1 (0x00007fcf3ec00000)
	/lib64/ld-linux-x86-64.so.2 (0x00007fcf68d89000)
	libopen-rte.so.40 => /workspace/formal_3D_flow_solver_FEM_SimVascular_lzy/sv1_3g/external/gpu_mpi/lib/libopen-rte.so.40 (0x00007fcf63593000)
	libopen-pal.so.40 => /workspace/formal_3D_flow_solver_FEM_SimVascular_lzy/sv1_3g/external/gpu_mpi/lib/libopen-pal.so.40 (0x00007fcf5c8e8000)
	libvtkCommonTransforms-9.3.so.1 => /workspace/formal_3D_flow_solver_FEM_SimVascular_lzy/sv1_3j/external/solver-inputs/vtk/lib/libvtkCommonTransforms-9.3.so.1 (0x00007fcf63554000)
	libvtkpugixml-9.3.so.1 => /workspace/formal_3D_flow_solver_FEM_SimVascular_lzy/sv1_3j/external/solver-inputs/vtk/lib/libvtkpugixml-9.3.so.1 (0x00007fcf63517000)
	libvtkCommonMath-9.3.so.1 => /workspace/formal_3D_flow_solver_FEM_SimVascular_lzy/sv1_3j/external/solver-inputs/vtk/lib/libvtkCommonMath-9.3.so.1 (0x00007fcf634ed000)
	libvtkloguru-9.3.so.1 => /workspace/formal_3D_flow_solver_FEM_SimVascular_lzy/sv1_3j/external/solver-inputs/vtk/lib/libvtkloguru-9.3.so.1 (0x00007fcf634d7000)
	libvtkexpat-9.3.so.1 => /workspace/formal_3D_flow_solver_FEM_SimVascular_lzy/sv1_3j/external/solver-inputs/vtk/lib/libvtkexpat-9.3.so.1 (0x00007fcf631d2000)
	libvtkdoubleconversion-9.3.so.1 => /workspace/formal_3D_flow_solver_FEM_SimVascular_lzy/sv1_3j/external/solver-inputs/vtk/lib/libvtkdoubleconversion-9.3.so.1 (0x00007fcf634c5000)
	libvtklz4-9.3.so.1 => /workspace/formal_3D_flow_solver_FEM_SimVascular_lzy/sv1_3j/external/solver-inputs/vtk/lib/libvtklz4-9.3.so.1 (0x00007fcf4c7c9000)
	libvtklzma-9.3.so.1 => /workspace/formal_3D_flow_solver_FEM_SimVascular_lzy/sv1_3j/external/solver-inputs/vtk/lib/libvtklzma-9.3.so.1 (0x00007fcf4c79c000)
	libvtkzlib-9.3.so.1 => /workspace/formal_3D_flow_solver_FEM_SimVascular_lzy/sv1_3j/external/solver-inputs/vtk/lib/libvtkzlib-9.3.so.1 (0x00007fcf4c77e000)
	libdl.so.2 => /usr/lib/x86_64-linux-gnu/libdl.so.2 (0x00007fcf634be000)
	libpthread.so.0 => /usr/lib/x86_64-linux-gnu/libpthread.so.0 (0x00007fcf634b9000)
	librt.so.1 => /usr/lib/x86_64-linux-gnu/librt.so.1 (0x00007fcf634b4000)
	libcublasLt.so.12 => /workspace/formal_3D_flow_solver_FEM_SimVascular_lzy/sv1_3j/external/compat_cuda/cuda-12.3.2/lib64/libcublasLt.so.12 (0x00007fcf1c200000)
	libnvJitLink.so.12 => /workspace/formal_3D_flow_solver_FEM_SimVascular_lzy/sv1_3j/external/compat_cuda/cuda-12.3.2/lib64/libnvJitLink.so.12 (0x00007fcf18c00000)
	libz.so.1 => /usr/lib/x86_64-linux-gnu/libz.so.1 (0x00007fcf4c762000)
	libvtkkissfft-9.3.so.1 => /workspace/formal_3D_flow_solver_FEM_SimVascular_lzy/sv1_3j/external/solver-inputs/vtk/lib/libvtkkissfft-9.3.so.1 (0x00007fcf631cb000)
