p65 1 / 500
p65 2 / 500
p65 3 / 500
p65 4 / 500
p65 5 / 500
p65 6 / 500
p65 7 / 500
p65 8 / 500
p65 9 / 500
p65 10 / 500
p65 11 / 500
p65 12 / 500
p65 13 / 500
p65 14 / 500
p65 15 / 500
p65 16 / 500
p65 17 / 500
p65 18 / 500
p65 19 / 500
p65 20 / 500
p65 21 / 500
p65 22 / 500
p65 23 / 500
p65 24 / 500
p65 25 / 500
p65 26 / 500
p65 27 / 500
p65 28 / 500
p65 29 / 500
p65 30 / 500
p65 31 / 500
p65 32 / 500
p65 33 / 500
p65 34 / 500
p65 35 / 500
p65 36 / 500
p65 37 / 500
p65 38 / 500
p65 39 / 500
p65 40 / 500
p65 41 / 500
p65 42 / 500
p65 43 / 500
p65 44 / 500
p65 45 / 500
p65 46 / 500
p65 47 / 500
p65 48 / 500
p65 49 / 500
p65 50 / 500
p65 51 / 500
p65 52 / 500
p65 53 / 500
p65 54 / 500
p65 55 / 500
p65 56 / 500
p65 57 / 500
p65 58 / 500
p65 59 / 500
p65 60 / 500
p65 61 / 500
p65 62 / 500
p65 63 / 500
p65 64 / 500
p65 65 / 500
p65 66 / 500
p65 67 / 500
p65 68 / 500
p65 69 / 500
p65 70 / 500
p65 71 / 500
p65 72 / 500
p65 73 / 500
p65 74 / 500
p65 75 / 500
p65 76 / 500
p65 77 / 500
p65 78 / 500
p65 79 / 500
p65 80 / 500
p65 81 / 500
p65 82 / 500
p65 83 / 500
p65 84 / 500
p65 85 / 500
p65 86 / 500
p65 87 / 500
p65 88 / 500
p65 89 / 500
p65 90 / 500
p65 91 / 500
p65 92 / 500
p65 93 / 500
p65 94 / 500
p65 95 / 500
p65 96 / 500
p65 97 / 500
p65 98 / 500
p65 99 / 500
p65 100 / 500
p65 101 / 500
p65 102 / 500
p65 103 / 500
p65 104 / 500
p65 105 / 500
p65 106 / 500
p65 107 / 500
p65 108 / 500
p65 109 / 500
p65 110 / 500
p65 111 / 500
p65 112 / 500
p65 113 / 500
p65 114 / 500
p65 115 / 500
p65 116 / 500
p65 117 / 500
p65 118 / 500
p65 119 / 500
p65 120 / 500
p65 121 / 500
p65 122 / 500
p65 123 / 500
p65 124 / 500
p65 125 / 500
p65 126 / 500
p65 127 / 500
p65 128 / 500
p65 129 / 500
p65 130 / 500
p65 131 / 500
p65 132 / 500
p65 133 / 500
p65 134 / 500
p65 135 / 500
p65 136 / 500
p65 137 / 500
p65 138 / 500
p65 139 / 500
p65 140 / 500
p65 141 / 500
p65 142 / 500
p65 143 / 500
p65 144 / 500
p65 145 / 500
p65 146 / 500
p65 147 / 500
p65 148 / 500
p65 149 / 500
p65 150 / 500
p65 151 / 500
p65 152 / 500
p65 153 / 500
p65 154 / 500
p65 155 / 500
p65 156 / 500
p65 157 / 500
p65 158 / 500
p65 159 / 500
p65 160 / 500
p65 161 / 500
p65 162 / 500
p65 163 / 500
p65 164 / 500
p65 165 / 500
p65 166 / 500
p65 167 / 500
p65 168 / 500
p65 169 / 500
p65 170 / 500
p65 171 / 500
p65 172 / 500
p65 173 / 500
p65 174 / 500
p65 175 / 500
p65 176 / 500
p65 177 / 500
p65 178 / 500
p65 179 / 500
p65 180 / 500
p65 181 / 500
p65 182 / 500
p65 183 / 500
p65 184 / 500
p65 185 / 500
p65 186 / 500
p65 187 / 500
p65 188 / 500
p65 189 / 500
p65 190 / 500
p65 191 / 500
p65 192 / 500
p65 193 / 500
p65 194 / 500
p65 195 / 500
p65 196 / 500
p65 197 / 500
p65 198 / 500
p65 199 / 500
p65 200 / 500
p65 201 / 500
p65 202 / 500
p65 203 / 500
p65 204 / 500
p65 205 / 500
p65 206 / 500
p65 207 / 500
p65 208 / 500
p65 209 / 500
p65 210 / 500
p65 211 / 500
p65 212 / 500
p65 213 / 500
p65 214 / 500
p65 215 / 500
p65 216 / 500
p65 217 / 500
p65 218 / 500
p65 219 / 500
p65 220 / 500
p65 221 / 500
p65 222 / 500
p65 223 / 500
p65 224 / 500
p65 225 / 500
p65 226 / 500
p65 227 / 500
p65 228 / 500
p65 229 / 500
p65 230 / 500
p65 231 / 500
p65 232 / 500
p65 233 / 500
p65 234 / 500
p65 235 / 500
p65 236 / 500
p65 237 / 500
p65 238 / 500
p65 239 / 500
p65 240 / 500
p65 241 / 500
p65 242 / 500
p65 243 / 500
p65 244 / 500
p65 245 / 500
p65 246 / 500
p65 247 / 500
p65 248 / 500
p65 249 / 500
p65 250 / 500
p65 251 / 500
p65 252 / 500
p65 253 / 500
p65 254 / 500
p65 255 / 500
p65 256 / 500
p65 257 / 500
p65 258 / 500
p65 259 / 500
p65 260 / 500
p65 261 / 500
p65 262 / 500
p65 263 / 500
p65 264 / 500
p65 265 / 500
p65 266 / 500
p65 267 / 500
p65 268 / 500
p65 269 / 500
p65 270 / 500
p65 271 / 500
p65 272 / 500
p65 273 / 500
p65 274 / 500
p65 275 / 500
p65 276 / 500
p65 277 / 500
p65 278 / 500
p65 279 / 500
p65 280 / 500
p65 281 / 500
p65 282 / 500
p65 283 / 500
p65 284 / 500
p65 285 / 500
p65 286 / 500
p65 287 / 500
p65 288 / 500
p65 289 / 500
p65 290 / 500
p65 291 / 500
p65 292 / 500
p65 293 / 500
p65 294 / 500
p65 295 / 500
p65 296 / 500
p65 297 / 500
p65 298 / 500
p65 299 / 500
p65 300 / 500
p65 301 / 500
p65 302 / 500
p65 303 / 500
p65 304 / 500
p65 305 / 500
p65 306 / 500
p65 307 / 500
p65 308 / 500
p65 309 / 500
p65 310 / 500
p65 311 / 500
p65 312 / 500
p65 313 / 500
p65 314 / 500
p65 315 / 500
p65 316 / 500
p65 317 / 500
p65 318 / 500
p65 319 / 500
p65 320 / 500
p65 321 / 500
p65 322 / 500
p65 323 / 500
p65 324 / 500
p65 325 / 500
p65 326 / 500
p65 327 / 500
p65 328 / 500
p65 329 / 500
p65 330 / 500
p65 331 / 500
p65 332 / 500
p65 333 / 500
p65 334 / 500
p65 335 / 500
p65 336 / 500
p65 337 / 500
p65 338 / 500
p65 339 / 500
p65 340 / 500
p65 341 / 500
p65 342 / 500
p65 343 / 500
p65 344 / 500
p65 345 / 500
p65 346 / 500
p65 347 / 500
p65 348 / 500
p65 349 / 500
p65 350 / 500
p65 351 / 500
p65 352 / 500
p65 353 / 500
p65 354 / 500
p65 355 / 500
p65 356 / 500
p65 357 / 500
p65 358 / 500
p65 359 / 500
p65 360 / 500
p65 361 / 500
p65 362 / 500
p65 363 / 500
p65 364 / 500
p65 365 / 500
p65 366 / 500
p65 367 / 500
p65 368 / 500
p65 369 / 500
p65 370 / 500
p65 371 / 500
p65 372 / 500
p65 373 / 500
p65 374 / 500
p65 375 / 500
p65 376 / 500
p65 377 / 500
p65 378 / 500
p65 379 / 500
p65 380 / 500
p65 381 / 500
p65 382 / 500
p65 383 / 500
p65 384 / 500
p65 385 / 500
p65 386 / 500
p65 387 / 500
p65 388 / 500
p65 389 / 500
p65 390 / 500
p65 391 / 500
p65 392 / 500
p65 393 / 500
p65 394 / 500
p65 395 / 500
p65 396 / 500
p65 397 / 500
p65 398 / 500
p65 399 / 500
p65 400 / 500
p65 401 / 500
p65 402 / 500
p65 403 / 500
p65 404 / 500
p65 405 / 500
p65 406 / 500
p65 407 / 500
p65 408 / 500
p65 409 / 500
p65 410 / 500
p65 411 / 500
p65 412 / 500
p65 413 / 500
p65 414 / 500
p65 415 / 500
p65 416 / 500
p65 417 / 500
p65 418 / 500
p65 419 / 500
p65 420 / 500
p65 421 / 500
p65 422 / 500
p65 423 / 500
p65 424 / 500
p65 425 / 500
p65 426 / 500
p65 427 / 500
p65 428 / 500
p65 429 / 500
p65 430 / 500
p65 431 / 500
p65 432 / 500
p65 433 / 500
p65 434 / 500
p65 435 / 500
p65 436 / 500
p65 437 / 500
p65 438 / 500
p65 439 / 500
p65 440 / 500
p65 441 / 500
p65 442 / 500
p65 443 / 500
p65 444 / 500
p65 445 / 500
p65 446 / 500
p65 447 / 500
p65 448 / 500
p65 449 / 500
p65 450 / 500
p65 451 / 500
p65 452 / 500
p65 453 / 500
p65 454 / 500
p65 455 / 500
p65 456 / 500
p65 457 / 500
p65 458 / 500
p65 459 / 500
p65 460 / 500
p65 461 / 500
p65 462 / 500
p65 463 / 500
p65 464 / 500
p65 465 / 500
p65 466 / 500
p65 467 / 500
p65 468 / 500
p65 469 / 500
p65 470 / 500
p65 471 / 500
p65 472 / 500
p65 473 / 500
p65 474 / 500
p65 475 / 500
p65 476 / 500
p65 477 / 500
p65 478 / 500
p65 479 / 500
p65 480 / 500
p65 481 / 500
p65 482 / 500
p65 483 / 500
p65 484 / 500
p65 485 / 500
p65 486 / 500
p65 487 / 500
p65 488 / 500
p65 489 / 500
p65 490 / 500
p65 491 / 500
p65 492 / 500
p65 493 / 500
p65 494 / 500
p65 495 / 500
p65 496 / 500
p65 497 / 500
p65 498 / 500
p65 499 / 500
p65 500 / 500
